{'timestamp': 1702276322338, 'level': 'ALL', 'message': '12-11 08:22:23.511  8904  9396 I appium  : channel read: GET /sessions'}
{'timestamp': 1702276322338, 'level': 'ALL', 'message': '12-11 08:22:23.511  8904  9396 I appium  : GetSessions command'}
{'timestamp': 1702276322338, 'level': 'ALL', 'message': '12-11 08:22:23.516  8904  9396 I appium  : AppiumResponse: {"sessionId":"None","value":[{"id":"240f507f-0563-496c-b44f-463dea591b28","capabilities":{"appPackage":"com.ajaxsystems","networkConnectionEnabled":true,"ensureWebviewsHavePages":true,"warnings":{},"connectHardwareKeyboard":true,"databaseEnabled":false,"deviceName":"emulator-5554","platform":"LINUX"…'}
{'timestamp': 1702276322338, 'level': 'ALL', 'message': '12-11 08:22:23.531  8904  9397 I appium  : channel read: DELETE /session/240f507f-0563-496c-b44f-463dea591b28'}
{'timestamp': 1702276322338, 'level': 'ALL', 'message': '12-11 08:22:23.531  8904  9397 I appium  : DeleteSession command'}
{'timestamp': 1702276322338, 'level': 'ALL', 'message': '12-11 08:22:23.534  8904  9397 I appium  : Stopping uiautomator2 io.appium.uiautomator2.http io.appium.uiautomator2.server'}
{'timestamp': 1702276322338, 'level': 'ALL', 'message': '12-11 08:22:23.537  8904  9397 I appium  : AppiumResponse: {"sessionId":"240f507f-0563-496c-b44f-463dea591b28","value":null}'}
{'timestamp': 1702276322338, 'level': 'ALL', 'message': '12-11 08:22:24.175  8904  8926 I TestRunner: finished: startServer(io.appium.uiautomator2.server.test.AppiumUiAutomator2Server)'}
{'timestamp': 1702276322338, 'level': 'ALL', 'message': '12-11 08:22:24.180  8904  8926 I TestRunner: run finished: 1 tests, 0 failed, 0 ignored'}
{'timestamp': 1702276322338, 'level': 'ALL', 'message': '12-11 08:22:24.187 31652  1224 W WindowManager: removeWindowToken: Attempted to remove non-existing token: android.os.Binder@d4ab727'}
{'timestamp': 1702276322338, 'level': 'ALL', 'message': '12-11 08:22:24.202   517   929 I fvbt    : (REDACTED) #onAccessibilityStateChanged enabled: %s'}
{'timestamp': 1702276322338, 'level': 'ALL', 'message': '12-11 08:22:24.203   517  1099 I fvbt    : #onChange'}
{'timestamp': 1702276322338, 'level': 'ALL', 'message': '12-11 08:22:24.203   517  1099 I cmrs    : #FCF: onChange'}
{'timestamp': 1702276322338, 'level': 'ALL', 'message': '12-11 08:22:24.203   517  1099 I cmrw    : (REDACTED) FCF System FeatureName to check: %s'}
{'timestamp': 1702276322338, 'level': 'ALL', 'message': '12-11 08:22:24.204   517   979 I cmrt    : FCF A11y Checker - readyForTngMa'}
{'timestamp': 1702276322338, 'level': 'ALL', 'message': '12-11 08:22:24.205 31652  1224 I ActivityManager: Force stopping io.appium.uiautomator2.server appid=10157 user=0: finished inst'}
{'timestamp': 1702276322338, 'level': 'ALL', 'message': '12-11 08:22:24.208 31652  1224 I ActivityManager: Killing 8904:io.appium.uiautomator2.server/u0a157 (adj 0): stop io.appium.uiautomator2.server due to finished inst'}
{'timestamp': 1702276322338, 'level': 'ALL', 'message': '12-11 08:22:24.212   517   979 I cmrc    : (REDACTED) #FCF: Assistant primary locale : %s'}
{'timestamp': 1702276322338, 'level': 'ALL', 'message': '12-11 08:22:24.212   517   979 I cmrc    : (REDACTED) #FCF: Assistant Primary locale check status : %s'}
{'timestamp': 1702276322338, 'level': 'ALL', 'message': '12-11 08:22:24.214   517  1099 I cmrw    : (REDACTED) FCF: Device model check status : %s'}
{'timestamp': 1702276322338, 'level': 'ALL', 'message': '12-11 08:22:24.217  8886  8886 D AndroidRuntime: Shutting down VM'}
{'timestamp': 1702276322338, 'level': 'ALL', 'message': '12-11 08:22:24.217   517  1099 I cmuh    : (REDACTED) #FCF: Managed profile check status : %s'}
{'timestamp': 1702276322338, 'level': 'ALL', 'message': '12-11 08:22:24.219   517  1099 I cmug    : (REDACTED) #FCF: Demo mode check status : %s'}
{'timestamp': 1702276322338, 'level': 'ALL', 'message': '12-11 08:22:24.220   517  1099 I cmuj    : (REDACTED) [%d] productivity accounts setup for current account.'}
{'timestamp': 1702276322338, 'level': 'ALL', 'message': '12-11 08:22:24.239   653   830 I bfxf    : NGA enabled in interactor.'}
{'timestamp': 1702276322338, 'level': 'ALL', 'message': '12-11 08:22:24.240   653   830 I bfxf    : (REDACTED) Nga state changed to %s'}
{'timestamp': 1702276322338, 'level': 'ALL', 'message': '12-11 08:22:24.242   653   830 I bfxf    : (REDACTED) isTngActive=%s'}
{'timestamp': 1702276322338, 'level': 'ALL', 'message': '12-11 08:22:24.249   653  8458 I aoso    : (REDACTED) Successfully received auth token for scope: %s in time %d ms'}
{'timestamp': 1702276322338, 'level': 'ALL', 'message': '12-11 08:22:24.260 31506 31506 I Zygote  : Process 8904 exited due to signal 9 (Killed)'}
{'timestamp': 1702276322338, 'level': 'ALL', 'message': '12-11 08:22:24.264 31652 31748 I libprocessgroup: Successfully killed process cgroup uid 10157 pid 8904 in 47ms'}
{'timestamp': 1702276322338, 'level': 'ALL', 'message': '12-11 08:22:24.268   517  5165 I yvl     : Initializing all components'}
{'timestamp': 1702276322338, 'level': 'ALL', 'message': '12-11 08:22:24.271   517  1099 I afzp    : (REDACTED) onIsEnabledChanged, isEnabled: %s'}
{'timestamp': 1702276322338, 'level': 'ALL', 'message': '12-11 08:22:24.271   517  1099 W akjq    : Disposing empty manager. Did you forgot to subscribe observables?'}
{'timestamp': 1702276322338, 'level': 'ALL', 'message': '12-11 08:22:24.272   517  1099 I chatty  : uid=10109(com.google.android.googlequicksearchbox) Lite Thread #1 identical 9 lines'}
{'timestamp': 1702276322338, 'level': 'ALL', 'message': '12-11 08:22:24.273   517  1099 W akjq    : Disposing empty manager. Did you forgot to subscribe observables?'}
{'timestamp': 1702276322338, 'level': 'ALL', 'message': '12-11 08:22:24.273   517  1099 I agvp    : (REDACTED) Setting session to type: %s'}
{'timestamp': 1702276322338, 'level': 'ALL', 'message': '12-11 08:22:24.273   517  1099 W akjq    : Disposing empty manager. Did you forgot to subscribe observables?'}
{'timestamp': 1702276322338, 'level': 'ALL', 'message': '12-11 08:22:24.274   517  1099 I chatty  : uid=10109(com.google.android.googlequicksearchbox) Lite Thread #1 identical 10 lines'}
{'timestamp': 1702276322338, 'level': 'ALL', 'message': '12-11 08:22:24.274   517  1099 W akjq    : Disposing empty manager. Did you forgot to subscribe observables?'}
{'timestamp': 1702276322338, 'level': 'ALL', 'message': '12-11 08:22:24.275   517  1099 I zvn     : (REDACTED) Nga on-device enabled based on TNG:MA active state: %b'}
{'timestamp': 1702276322338, 'level': 'ALL', 'message': '12-11 08:22:24.276   517  1099 I adnn    : (REDACTED) State changed: %s => %s by %s and %s with %s'}
{'timestamp': 1702276322338, 'level': 'ALL', 'message': '12-11 08:22:24.292   517  1099 I adwu    : (REDACTED) Recognizer choice: (recognizer_type: %s, recognizer_mode: %s, choice_reason: %s)'}
{'timestamp': 1702276322338, 'level': 'ALL', 'message': '12-11 08:22:24.294   517  1099 I agqa    : (REDACTED) onActiveStateChangeEvent: %s => %s'}
{'timestamp': 1702276322338, 'level': 'ALL', 'message': '12-11 08:22:24.294   517  1099 I adgh    : (REDACTED) #onActiveStateChangeEvent, newState: %s, previousState: %s.'}
{'timestamp': 1702276322338, 'level': 'ALL', 'message': '12-11 08:22:24.296   517  1099 I bltl    : setupConnection'}
{'timestamp': 1702276322338, 'level': 'ALL', 'message': '12-11 08:22:24.318   517  1099 I bltl    : (REDACTED) State changed: %s => %s'}
{'timestamp': 1702276322338, 'level': 'ALL', 'message': '12-11 08:22:24.318   517  1099 I bltl    : onServiceConnected'}
{'timestamp': 1702276322338, 'level': 'ALL', 'message': '12-11 08:22:24.319   653   687 I A       : Calling beginBinderSession().'}
{'timestamp': 1702276322338, 'level': 'ALL', 'message': '12-11 08:22:24.321   517   979 I zvn     : (REDACTED) Nga on-device enabled based on TNG:MA active state: %b'}
{'timestamp': 1702276322338, 'level': 'ALL', 'message': '12-11 08:22:24.325   653   687 I A       : beginBinderSession(): calling binder'}
{'timestamp': 1702276322338, 'level': 'ALL', 'message': '12-11 08:22:24.325   517  1099 I bltl    : (REDACTED) State changed: %s => %s'}
{'timestamp': 1702276322338, 'level': 'ALL', 'message': '12-11 08:22:24.326   517  1099 I afnp    : (REDACTED) stopListening(%s, %s)'}
{'timestamp': 1702276322338, 'level': 'ALL', 'message': '12-11 08:22:24.329   517   979 I zps     : Initialize'}
{'timestamp': 1702276322338, 'level': 'ALL', 'message': '12-11 08:22:24.335   517   979 I cmya    : (REDACTED) #FCF evaluate: %s'}
{'timestamp': 1702276322338, 'level': 'ALL', 'message': '12-11 08:22:24.335   517   979 I cmya    : (REDACTED) TngMaStatusChecker#evaluateInternal completed in %s millis'}
{'timestamp': 1702276322338, 'level': 'ALL', 'message': '12-11 08:22:24.335   517   979 I cmcg    : (REDACTED) TNG:MA status updated: %s'}
{'timestamp': 1702276322338, 'level': 'ALL', 'message': '12-11 08:22:24.336   517   979 I cmcg    : TNG:MA became eligible, Calling connect'}
{'timestamp': 1702276322338, 'level': 'ALL', 'message': '12-11 08:22:24.336   517   979 I cmcg    : (REDACTED) Connecting: %s'}
{'timestamp': 1702276322338, 'level': 'ALL', 'message': '12-11 08:22:24.342   517   979 I cmhx    : #unregisterBluetoothDevicesAvailabilityListener'}
{'timestamp': 1702276322338, 'level': 'ALL', 'message': '12-11 08:22:24.344   517   979 I cmya    : #invalidationSource: adding saa update checker'}
{'timestamp': 1702276322338, 'level': 'ALL', 'message': '12-11 08:22:24.349   517   979 I aajs    : (REDACTED) on opa visibility changed %s'}
{'timestamp': 1702276322338, 'level': 'ALL', 'message': '12-11 08:22:24.350   517   979 I cmhx    : #unregisterBistoDevicesAvailabilityListener'}
{'timestamp': 1702276322338, 'level': 'ALL', 'message': '12-11 08:22:24.351   517   979 I cmhx    : enableBistoRouteIntegration disabled'}
{'timestamp': 1702276322338, 'level': 'ALL', 'message': '12-11 08:22:24.351   517   979 I cmhx    : #unregisterActivityTransitions'}
{'timestamp': 1702276322338, 'level': 'ALL', 'message': '12-11 08:22:24.351   517   979 I cmhx    : #unsubscribeFromHeadsetEventsForEarcons'}
{'timestamp': 1702276322338, 'level': 'ALL', 'message': '12-11 08:22:24.351   517   979 I cmhx    : #enableGmmTravelModeLogging flag disabled.'}
{'timestamp': 1702276322338, 'level': 'ALL', 'message': '12-11 08:22:24.351   517   979 I cqpb    : #unregisterShellAppInstallationReceiver'}
{'timestamp': 1702276322338, 'level': 'ALL', 'message': '12-11 08:22:24.351   517   979 I cmhx    : (REDACTED) Disconnect Reasons: %s'}
{'timestamp': 1702276322338, 'level': 'ALL', 'message': '12-11 08:22:24.351   517   979 I cmhx    : Client Already disconnected'}
{'timestamp': 1702276322338, 'level': 'ALL', 'message': '12-11 08:22:24.351   517   979 I cmib    : (REDACTED) Updated TngActivationStateResult %s'}
{'timestamp': 1702276322338, 'level': 'ALL', 'message': '12-11 08:22:24.351   517   979 I cmib    : (REDACTED) Emit result=%s'}
{'timestamp': 1702276322338, 'level': 'ALL', 'message': '12-11 08:22:24.351   517   979 I cmgb    : Scheduling removing Phenotype experience experiments id'}
{'timestamp': 1702276322338, 'level': 'ALL', 'message': '12-11 08:22:24.352   517   979 I cmhx    : #registerBluetoothDevicesAvailabilityListener'}
{'timestamp': 1702276322338, 'level': 'ALL', 'message': '12-11 08:22:24.354   517   979 I cmhx    : Listening for setting changes changes'}
{'timestamp': 1702276322338, 'level': 'ALL', 'message': '12-11 08:22:24.354   517   979 I cmhx    : #registerBistoDevicesAvailabilityListener'}
{'timestamp': 1702276322338, 'level': 'ALL', 'message': '12-11 08:22:24.354   517   979 I cmhx    : enableBistoRouteIntegration disabled'}
{'timestamp': 1702276322338, 'level': 'ALL', 'message': '12-11 08:22:24.354   517   979 I cmhx    : #subscribeToHeadsetEventsForEarcons subscribing for headset events'}
{'timestamp': 1702276322338, 'level': 'ALL', 'message': '12-11 08:22:24.355   517   979 I cmhx    : #registerActivityTransitions'}
{'timestamp': 1702276322338, 'level': 'ALL', 'message': '12-11 08:22:24.355   517   979 I cmhx    : #enableGmmTravelModeLogging flag disabled.'}
{'timestamp': 1702276322338, 'level': 'ALL', 'message': '12-11 08:22:24.355   517   929 I cntb    : (REDACTED) #onAudioDevicesAdded count: %s'}
{'timestamp': 1702276322338, 'level': 'ALL', 'message': '12-11 08:22:24.355   517   979 I cqpb    : #registerShellAppInstallationReceiver'}
{'timestamp': 1702276322338, 'level': 'ALL', 'message': '12-11 08:22:24.360   517  1099 I cmhx    : #onBluetoothAudioInputDevicesChanged'}
{'timestamp': 1702276322338, 'level': 'ALL', 'message': '12-11 08:22:24.361   517  1099 I cmhx    : (REDACTED) starting updateConfig, reason: %s'}
{'timestamp': 1702276322338, 'level': 'ALL', 'message': '12-11 08:22:24.362   517  1099 I aajs    : (REDACTED) on opa visibility changed %s'}
{'timestamp': 1702276322338, 'level': 'ALL', 'message': '12-11 08:22:24.362   653   959 W atdn    : Invalid input from icing corpus JSON flag.'}
{'timestamp': 1702276322338, 'level': 'ALL', 'message': '12-11 08:22:24.362   653   959 W atdn    : android.util.MalformedJsonException: Use JsonReader.setLenient(true) to accept malformed JSON at line 123 column 2'}
{'timestamp': 1702276322338, 'level': 'ALL', 'message': '12-11 08:22:24.362   653   959 W atdn    : \tat android.util.JsonReader.syntaxError(JsonReader.java:1162)'}
{'timestamp': 1702276322338, 'level': 'ALL', 'message': '12-11 08:22:24.362   653   959 W atdn    : \tat android.util.JsonReader.checkLenient(JsonReader.java:840)'}
{'timestamp': 1702276322338, 'level': 'ALL', 'message': '12-11 08:22:24.362   653   959 W atdn    : \tat android.util.JsonReader.nextInArray(JsonReader.java:615)'}
{'timestamp': 1702276322338, 'level': 'ALL', 'message': '12-11 08:22:24.362   653   959 W atdn    : \tat android.util.JsonReader.peek(JsonReader.java:345)'}
{'timestamp': 1702276322338, 'level': 'ALL', 'message': '12-11 08:22:24.362   653   959 W atdn    : \tat android.util.JsonReader.hasNext(JsonReader.java:321)'}
{'timestamp': 1702276322338, 'level': 'ALL', 'message': '12-11 08:22:24.362   653   959 W atdn    : \tat atdn.c(PG:7)'}
{'timestamp': 1702276322338, 'level': 'ALL', 'message': '12-11 08:22:24.362   653   959 W atdn    : \tat atdn.<init>(PG:5)'}
{'timestamp': 1702276322338, 'level': 'ALL', 'message': '12-11 08:22:24.362   653   959 W atdn    : \tat bxey.<init>(PG:16)'}
{'timestamp': 1702276322338, 'level': 'ALL', 'message': '12-11 08:22:24.362   653   959 W atdn    : \tat bwzu.a(PG:14)'}
{'timestamp': 1702276322338, 'level': 'ALL', 'message': '12-11 08:22:24.362   653   959 W atdn    : \tat bxap.<init>(PG:7)'}
{'timestamp': 1702276322338, 'level': 'ALL', 'message': '12-11 08:22:24.362   653   959 W atdn    : \tat wju.b(PG:11)'}
{'timestamp': 1702276322338, 'level': 'ALL', 'message': '12-11 08:22:24.362   653   959 W atdn    : \tat iofm.b(PG:1)'}
{'timestamp': 1702276322338, 'level': 'ALL', 'message': '12-11 08:22:24.362   653   959 W atdn    : \tat bxfn.a(PG:3)'}
{'timestamp': 1702276322338, 'level': 'ALL', 'message': '12-11 08:22:24.362   653   959 W atdn    : \tat vwj.a(Unknown Source:3021)'}
{'timestamp': 1702276322338, 'level': 'ALL', 'message': '12-11 08:22:24.362   653   959 W atdn    : \tat vwj.b(PG:4)'}
{'timestamp': 1702276322338, 'level': 'ALL', 'message': '12-11 08:22:24.362   653   959 W atdn    : \tat appc.a(PG:2)'}
{'timestamp': 1702276322338, 'level': 'ALL', 'message': '12-11 08:22:24.362   653   959 W atdn    : \tat fcvo.a(PG:2)'}
{'timestamp': 1702276322338, 'level': 'ALL', 'message': '12-11 08:22:24.362   653   959 W atdn    : \tat htad.a(PG:1)'}
{'timestamp': 1702276322338, 'level': 'ALL', 'message': '12-11 08:22:24.362   653   959 W atdn    : \tat hsza.run(PG:4)'}
{'timestamp': 1702276322338, 'level': 'ALL', 'message': '12-11 08:22:24.362   653   959 W atdn    : \tat htaf.run(PG:1)'}
{'timestamp': 1702276322338, 'level': 'ALL', 'message': '12-11 08:22:24.362   653   959 W atdn    : \tat exhk.run(PG:1)'}
{'timestamp': 1702276322338, 'level': 'ALL', 'message': '12-11 08:22:24.362   653   959 W atdn    : \tat java.util.concurrent.ThreadPoolExecutor.runWorker(ThreadPoolExecutor.java:1167)'}
{'timestamp': 1702276322338, 'level': 'ALL', 'message': '12-11 08:22:24.362   653   959 W atdn    : \tat java.util.concurrent.ThreadPoolExecutor$Worker.run(ThreadPoolExecutor.java:641)'}
{'timestamp': 1702276322338, 'level': 'ALL', 'message': '12-11 08:22:24.362   653   959 W atdn    : \tat exgp.run(PG:2)'}
{'timestamp': 1702276322338, 'level': 'ALL', 'message': '12-11 08:22:24.362   653   959 W atdn    : \tat java.lang.Thread.run(Thread.java:923)'}
{'timestamp': 1702276322338, 'level': 'ALL', 'message': '12-11 08:22:24.362   653   959 W atdn    : \tat exhp.run(PG:5)'}
{'timestamp': 1702276322338, 'level': 'ALL', 'message': '12-11 08:22:24.362   653   959 W avsu    : (REDACTED) Queue length for executor %s is now %d. Perhaps some tasks are too long, or the pool is too small.'}
{'timestamp': 1702276322338, 'level': 'ALL', 'message': '12-11 08:22:24.363   517  1099 I yvl     : Successfully initialized all components'}
{'timestamp': 1702276322338, 'level': 'ALL', 'message': '12-11 08:22:24.366   517   979 I cmhx    : (REDACTED) Connect Reason: %s'}
{'timestamp': 1702276322338, 'level': 'ALL', 'message': '12-11 08:22:24.366   517   979 I cmhx    : Connecting to Triggering Service.'}
{'timestamp': 1702276322338, 'level': 'ALL', 'message': '12-11 08:22:24.367   517   979 I cmqy    : #getEarcons'}
{'timestamp': 1702276322338, 'level': 'ALL', 'message': '12-11 08:22:24.367   517   979 I cnsv    : (REDACTED) #isBluetoothOrWiredHeadsetConnected Number of connected audio devices: %s'}
{'timestamp': 1702276322338, 'level': 'ALL', 'message': '12-11 08:22:24.369   517  1099 I cmqy    : #getEarcons'}
{'timestamp': 1702276322338, 'level': 'ALL', 'message': '12-11 08:22:24.370   517  1099 I cnsv    : (REDACTED) #isBluetoothOrWiredHeadsetConnected Number of connected audio devices: %s'}
{'timestamp': 1702276322338, 'level': 'ALL', 'message': '12-11 08:22:24.371   517   979 I zvn     : (REDACTED) Nga on-device enabled based on TNG:MA active state: %b'}
{'timestamp': 1702276322338, 'level': 'ALL', 'message': '12-11 08:22:24.372   517  1099 I gcss    : (REDACTED) New connection(%s) added, total(%d).'}
{'timestamp': 1702276322338, 'level': 'ALL', 'message': '12-11 08:22:24.373   517   979 I gckv    : (REDACTED) Client connections changed: %s.'}
{'timestamp': 1702276322338, 'level': 'ALL', 'message': '12-11 08:22:24.373   517   979 I gcur    : (REDACTED) Initialize triggering managed lifecycle(%s)'}
{'timestamp': 1702276322338, 'level': 'ALL', 'message': '12-11 08:22:24.374   517   979 I gcur    : (REDACTED) Initialize triggering managed lifecycle(%s)'}
{'timestamp': 1702276322338, 'level': 'ALL', 'message': '12-11 08:22:24.376   653  1036 I axcj    : (REDACTED) isOpaHotwordEnabled: %b'}
{'timestamp': 1702276322338, 'level': 'ALL', 'message': '12-11 08:22:24.377   517  1099 I gcur    : (REDACTED) Initialize triggering managed lifecycle(%s)'}
{'timestamp': 1702276322338, 'level': 'ALL', 'message': '12-11 08:22:24.377   517   979 I gcur    : (REDACTED) Initialize triggering managed lifecycle(%s)'}
{'timestamp': 1702276322338, 'level': 'ALL', 'message': '12-11 08:22:24.378   653  1036 I axcj    : Disabling the hotword detector.'}
{'timestamp': 1702276322338, 'level': 'ALL', 'message': '12-11 08:22:24.378   517   979 I gcur    : (REDACTED) Initialize triggering managed lifecycle(%s)'}
{'timestamp': 1702276322338, 'level': 'ALL', 'message': '12-11 08:22:24.378   517   979 I chatty  : uid=10109(com.google.android.googlequicksearchbox) Lite Thread #0 identical 1 line'}
{'timestamp': 1702276322338, 'level': 'ALL', 'message': '12-11 08:22:24.378   517   979 I gcur    : (REDACTED) Initialize triggering managed lifecycle(%s)'}
{'timestamp': 1702276322338, 'level': 'ALL', 'message': "12-11 08:22:24.379   517   979 I gcrs    : (REDACTED) Using '%s' policy for same client allowance check."}
{'timestamp': 1702276322338, 'level': 'ALL', 'message': '12-11 08:22:24.379   517   979 I gcur    : (REDACTED) Initialize triggering managed lifecycle(%s)'}
{'timestamp': 1702276322338, 'level': 'ALL', 'message': '12-11 08:22:24.379   517   979 I gcur    : (REDACTED) Initialize triggering managed lifecycle(%s)'}
{'timestamp': 1702276322338, 'level': 'ALL', 'message': '12-11 08:22:24.380   517   979 I gckv    : (REDACTED) Connection state changed: %s.'}
{'timestamp': 1702276322338, 'level': 'ALL', 'message': '12-11 08:22:24.380   517   979 I cmzy    : (REDACTED) Robin eligibility : forceEnableRobinForSuwOptin %b'}
{'timestamp': 1702276322338, 'level': 'ALL', 'message': '12-11 08:22:24.380   517   979 I cmzy    : Robin eligibility: Robin experiment flag is disabled.'}
{'timestamp': 1702276322338, 'level': 'ALL', 'message': '12-11 08:22:24.381   517   979 I cmzy    : (REDACTED) Robin eligibility #evaluate: isEnabled = %s failure reasons: %s'}
{'timestamp': 1702276322338, 'level': 'ALL', 'message': '12-11 08:22:24.383   517   979 I cmzy    : (REDACTED) Robin eligibility : forceEnableRobinForSuwOptin %b'}
{'timestamp': 1702276322338, 'level': 'ALL', 'message': '12-11 08:22:24.384   517   979 I cmzy    : Robin eligibility: Robin experiment flag is disabled.'}
{'timestamp': 1702276322338, 'level': 'ALL', 'message': '12-11 08:22:24.384   517   979 I cmzy    : (REDACTED) Robin eligibility #evaluate: isEnabled = %s failure reasons: %s'}
{'timestamp': 1702276322338, 'level': 'ALL', 'message': '12-11 08:22:24.384   517   979 I cmzy    : (REDACTED) Robin eligibility : forceEnableRobinForSuwOptin %b'}
{'timestamp': 1702276322338, 'level': 'ALL', 'message': '12-11 08:22:24.384   517   979 I cmzy    : Robin eligibility: Robin experiment flag is disabled.'}
{'timestamp': 1702276322338, 'level': 'ALL', 'message': '12-11 08:22:24.385   517   979 I cmzy    : (REDACTED) Robin eligibility #evaluate: isEnabled = %s failure reasons: %s'}
{'timestamp': 1702276322338, 'level': 'ALL', 'message': '12-11 08:22:24.385   517   979 I cmzy    : (REDACTED) Robin eligibility : forceEnableRobinForSuwOptin %b'}
{'timestamp': 1702276322338, 'level': 'ALL', 'message': '12-11 08:22:24.385   517   979 I cmzy    : Robin eligibility: Robin experiment flag is disabled.'}
{'timestamp': 1702276322338, 'level': 'ALL', 'message': '12-11 08:22:24.390   517   979 I cmzy    : (REDACTED) Robin eligibility #evaluate: isEnabled = %s failure reasons: %s'}
{'timestamp': 1702276322338, 'level': 'ALL', 'message': '12-11 08:22:24.390   517  1099 I cmzy    : (REDACTED) Robin eligibility : forceEnableRobinForSuwOptin %b'}
{'timestamp': 1702276322338, 'level': 'ALL', 'message': '12-11 08:22:24.390   517  1099 I cmzy    : Robin eligibility: Robin experiment flag is disabled.'}
{'timestamp': 1702276322338, 'level': 'ALL', 'message': '12-11 08:22:24.391   517  1099 I cmzy    : (REDACTED) Robin eligibility #evaluate: isEnabled = %s failure reasons: %s'}
{'timestamp': 1702276322338, 'level': 'ALL', 'message': '12-11 08:22:24.391   517  1099 I cmrc    : (REDACTED) #FCF: Preferred assistant locale set %s'}
{'timestamp': 1702276322338, 'level': 'ALL', 'message': '12-11 08:22:24.391   517  1067 I ugl     : no assistant invocation found, returning 0.'}
{'timestamp': 1702276322338, 'level': 'ALL', 'message': '12-11 08:22:24.391   517   938 I ugl     : no assistant invocation found, returning 0.'}
{'timestamp': 1702276322338, 'level': 'ALL', 'message': '12-11 08:22:24.391   517  1099 I cmrc    : (REDACTED) #FCF: Preferred assistant locale set %s'}
{'timestamp': 1702276322338, 'level': 'ALL', 'message': '12-11 08:22:24.392   517  1099 I cqpb    : (REDACTED) isRobinEligible:%s, isRobinOptIn:%s, isRobinIconEnabled:%s, isImageComponentEnabled:%s'}
{'timestamp': 1702276322338, 'level': 'ALL', 'message': '12-11 08:22:24.393   653  1036 I aqdh    : (REDACTED) Updating hotword opa ineligibility to %b'}
{'timestamp': 1702276322338, 'level': 'ALL', 'message': '12-11 08:22:24.393   517   979 I cmrc    : (REDACTED) #FCF: Assistant primary locale : %s'}
{'timestamp': 1702276322338, 'level': 'ALL', 'message': '12-11 08:22:24.393   517   979 I cmrc    : (REDACTED) #FCF: Assistant Primary locale check status : %s'}
{'timestamp': 1702276322338, 'level': 'ALL', 'message': '12-11 08:22:24.393   517   979 I cmrw    : (REDACTED) FCF System FeatureName to check: %s'}
{'timestamp': 1702276322338, 'level': 'ALL', 'message': '12-11 08:22:24.394   517   979 I cmrw    : (REDACTED) FCF: Device model check status : %s'}
{'timestamp': 1702276322338, 'level': 'ALL', 'message': '12-11 08:22:24.394   517   979 I cmrc    : (REDACTED) #FCF: Assistant primary locale : %s'}
{'timestamp': 1702276322338, 'level': 'ALL', 'message': '12-11 08:22:24.394   517   979 I cmrc    : (REDACTED) #FCF: Assistant Primary locale check status : %s'}
{'timestamp': 1702276322338, 'level': 'ALL', 'message': '12-11 08:22:24.394   517   979 I cmrw    : (REDACTED) FCF System FeatureName to check: %s'}
{'timestamp': 1702276322338, 'level': 'ALL', 'message': '12-11 08:22:24.394   517   979 I cmrw    : (REDACTED) FCF: Device model check status : %s'}
{'timestamp': 1702276322338, 'level': 'ALL', 'message': '12-11 08:22:24.394   517   979 I cmrw    : (REDACTED) FCF System FeatureName to check: %s'}
{'timestamp': 1702276322338, 'level': 'ALL', 'message': '12-11 08:22:24.394   517   979 I cmrw    : (REDACTED) FCF: Device model check status : %s'}
{'timestamp': 1702276322338, 'level': 'ALL', 'message': '12-11 08:22:24.394   653  1036 I awzr    : getLocaleToModelSpecsMap'}
{'timestamp': 1702276322338, 'level': 'ALL', 'message': '12-11 08:22:24.394   517   979 I cmyg    : (REDACTED) #evaluate: isEnabled = %s failure reasons: %s'}
{'timestamp': 1702276322338, 'level': 'ALL', 'message': '12-11 08:22:24.394   653  1036 I awzr    : Fetching latest config from MDD...'}
{'timestamp': 1702276322338, 'level': 'ALL', 'message': '12-11 08:22:24.394   517   979 I cmfn    : (REDACTED) #initialConfig Current Locale set to: %s'}
{'timestamp': 1702276322338, 'level': 'ALL', 'message': '12-11 08:22:24.394   653  1036 I awzr    : (REDACTED) Found map of size: %d'}
{'timestamp': 1702276322338, 'level': 'ALL', 'message': '12-11 08:22:24.394   517   979 I cmfn    : (REDACTED) #initialConfig Assistant is currently enabled: %s'}
{'timestamp': 1702276322338, 'level': 'ALL', 'message': '12-11 08:22:24.395   517   979 I cmfn    : (REDACTED) #initialConfig InputModality is currently: %s'}
{'timestamp': 1702276322338, 'level': 'ALL', 'message': '12-11 08:22:24.395   517   979 I cmfn    : (REDACTED) #initialConfig Speed Bump entry points: %s'}
{'timestamp': 1702276322338, 'level': 'ALL', 'message': '12-11 08:22:24.395   517   979 I cmfn    : (REDACTED) #initialConfig Blocking oobe entrypoints: %s'}
{'timestamp': 1702276322338, 'level': 'ALL', 'message': '12-11 08:22:24.395   517  1099 I cqpb    : (REDACTED) %s was not found: %s'}
{'timestamp': 1702276322338, 'level': 'ALL', 'message': '12-11 08:22:24.395   517   979 I cmfn    : (REDACTED) #initialConfig Long Press Power Education entrypoints: %s'}
{'timestamp': 1702276322338, 'level': 'ALL', 'message': '12-11 08:22:24.395   517   979 I cmfn    : (REDACTED) #initialConfig Robin entrypoints: %s'}
{'timestamp': 1702276322338, 'level': 'ALL', 'message': '12-11 08:22:24.395   517   979 I cmfn    : (REDACTED) #initialConfig Preferred audio route type: %s'}
{'timestamp': 1702276322338, 'level': 'ALL', 'message': '12-11 08:22:24.395   517   979 I cmfn    : (REDACTED) #initialConfig Earcons to be added: %s'}
{'timestamp': 1702276322338, 'level': 'ALL', 'message': '12-11 08:22:24.395   517  1099 I gckv    : (REDACTED) Invocations routing has changed'}
{'timestamp': 1702276322338, 'level': 'ALL', 'message': '12-11 08:22:24.395   517  1099 I gckv    : %s'}
{'timestamp': 1702276322338, 'level': 'ALL', 'message': '12-11 08:22:24.395   517  1099 I cmrw    : (REDACTED) FCF System FeatureName to check: %s'}
{'timestamp': 1702276322338, 'level': 'ALL', 'message': '12-11 08:22:24.395   517  1099 I cmrw    : (REDACTED) FCF: Device model check status : %s'}
{'timestamp': 1702276322338, 'level': 'ALL', 'message': '12-11 08:22:24.396   517  1099 I cmyg    : (REDACTED) #evaluate: isEnabled = %s failure reasons: %s'}
{'timestamp': 1702276322338, 'level': 'ALL', 'message': '12-11 08:22:24.396   517  1099 I cmfn    : (REDACTED) #initialConfig Current Locale set to: %s'}
{'timestamp': 1702276322338, 'level': 'ALL', 'message': '12-11 08:22:24.396   517  1099 I cmfn    : (REDACTED) #initialConfig Assistant is currently enabled: %s'}
{'timestamp': 1702276322338, 'level': 'ALL', 'message': '12-11 08:22:24.396   517  1099 I cmfn    : (REDACTED) #initialConfig InputModality is currently: %s'}
{'timestamp': 1702276322338, 'level': 'ALL', 'message': '12-11 08:22:24.396   517  1099 I cmfn    : (REDACTED) #initialConfig Speed Bump entry points: %s'}
{'timestamp': 1702276322338, 'level': 'ALL', 'message': '12-11 08:22:24.396   517  1099 I cmfn    : (REDACTED) #initialConfig Blocking oobe entrypoints: %s'}
{'timestamp': 1702276322338, 'level': 'ALL', 'message': '12-11 08:22:24.397   517  1099 I cmfn    : (REDACTED) #initialConfig Long Press Power Education entrypoints: %s'}
{'timestamp': 1702276322338, 'level': 'ALL', 'message': '12-11 08:22:24.397   517  1099 I cmfn    : (REDACTED) #initialConfig Robin entrypoints: %s'}
{'timestamp': 1702276322338, 'level': 'ALL', 'message': '12-11 08:22:24.397   517  1099 I cmfn    : (REDACTED) #initialConfig Preferred audio route type: %s'}
{'timestamp': 1702276322338, 'level': 'ALL', 'message': '12-11 08:22:24.397   517  1099 I cmfn    : (REDACTED) #initialConfig Earcons to be added: %s'}
{'timestamp': 1702276322338, 'level': 'ALL', 'message': '12-11 08:22:24.397   517  1099 I cmfn    : (REDACTED) #initialConfig Mic occupied behavior: %s'}
{'timestamp': 1702276322339, 'level': 'ALL', 'message': '12-11 08:22:24.397   517  1099 I cmfn    : (REDACTED) #initialConfig Headphone voice queries and spoken notifications status: %s'}
{'timestamp': 1702276322339, 'level': 'ALL', 'message': '12-11 08:22:24.398   517   979 I cmfn    : (REDACTED) #initialConfig Mic occupied behavior: %s'}
{'timestamp': 1702276322339, 'level': 'ALL', 'message': '12-11 08:22:24.398   517   979 I cmfn    : (REDACTED) #initialConfig Headphone voice queries and spoken notifications status: %s'}
{'timestamp': 1702276322339, 'level': 'ALL', 'message': '12-11 08:22:24.398   517   979 I cmhx    : (REDACTED) starting updateConfig, reason: %s'}
{'timestamp': 1702276322339, 'level': 'ALL', 'message': '12-11 08:22:24.399   517   979 I gcsi    : (REDACTED) New message(%s, @%s) received at connection(%s).'}
{'timestamp': 1702276322339, 'level': 'ALL', 'message': '12-11 08:22:24.399   517   979 I gcsi    : (REDACTED) Setting client id(%s) at connection(%s).'}
{'timestamp': 1702276322339, 'level': 'ALL', 'message': '12-11 08:22:24.399   517   979 I gcsi    : (REDACTED) Message(%s, @%s) has been successfully processed at connection(%s).'}
{'timestamp': 1702276322339, 'level': 'ALL', 'message': '12-11 08:22:24.400   517   979 I gcvj    : (REDACTED) Platform configuration for connection(%s) has changed(@%s):%s'}
{'timestamp': 1702276322339, 'level': 'ALL', 'message': '12-11 08:22:24.400   517   979 I gcsi    : (REDACTED) On platform configuration update(@%s) in connection(%s).'}
{'timestamp': 1702276322339, 'level': 'ALL', 'message': '12-11 08:22:24.401   517   979 I cmrw    : (REDACTED) FCF System FeatureName to check: %s'}
{'timestamp': 1702276322339, 'level': 'ALL', 'message': '12-11 08:22:24.401   517   979 I cmrw    : (REDACTED) FCF: Device model check status : %s'}
{'timestamp': 1702276322339, 'level': 'ALL', 'message': '12-11 08:22:24.402   517   979 I cmyg    : (REDACTED) #evaluate: isEnabled = %s failure reasons: %s'}
{'timestamp': 1702276322339, 'level': 'ALL', 'message': '12-11 08:22:24.402   517   979 I cmrw    : (REDACTED) FCF System FeatureName to check: %s'}
{'timestamp': 1702276322339, 'level': 'ALL', 'message': '12-11 08:22:24.402   517   979 I cmrw    : (REDACTED) FCF: Device model check status : %s'}
{'timestamp': 1702276322339, 'level': 'ALL', 'message': '12-11 08:22:24.403   517   979 I cmyg    : (REDACTED) #evaluate: isEnabled = %s failure reasons: %s'}
{'timestamp': 1702276322339, 'level': 'ALL', 'message': '12-11 08:22:24.403   517   979 I gckv    : (REDACTED) Connection state changed: %s.'}
{'timestamp': 1702276322339, 'level': 'ALL', 'message': '12-11 08:22:24.405   517  1099 I bltl    : (REDACTED) State changed: %s => %s (%s)'}
{'timestamp': 1702276322339, 'level': 'ALL', 'message': '12-11 08:22:24.405   517   979 I cmqy    : #getEarcons'}
{'timestamp': 1702276322339, 'level': 'ALL', 'message': '12-11 08:22:24.406   517  1099 I cmhx    : (REDACTED) On platform configuration update(%s).'}
{'timestamp': 1702276322339, 'level': 'ALL', 'message': '12-11 08:22:24.406   517   979 I cnsv    : (REDACTED) #isBluetoothOrWiredHeadsetConnected Number of connected audio devices: %s'}
{'timestamp': 1702276322339, 'level': 'ALL', 'message': '12-11 08:22:24.406   517  1099 I cmhx    : Received ConfigurationUpdate from Triggering API'}
{'timestamp': 1702276322339, 'level': 'ALL', 'message': '12-11 08:22:24.406   517  1099 I cmib    : (REDACTED) Updated TngActivationStateResult %s'}
{'timestamp': 1702276322339, 'level': 'ALL', 'message': '12-11 08:22:24.406   517  1099 I cmib    : (REDACTED) Emit result=%s'}
{'timestamp': 1702276322339, 'level': 'ALL', 'message': '12-11 08:22:24.406   517   979 I cmrc    : (REDACTED) #FCF: Preferred assistant locale set %s'}
{'timestamp': 1702276322339, 'level': 'ALL', 'message': '12-11 08:22:24.407   517  1099 I cmgb    : Scheduling setting Phenotype experience experiments id'}
{'timestamp': 1702276322339, 'level': 'ALL', 'message': '12-11 08:22:24.407   517   979 I cmrw    : (REDACTED) FCF System FeatureName to check: %s'}
{'timestamp': 1702276322339, 'level': 'ALL', 'message': '12-11 08:22:24.407   517   979 I cmrw    : (REDACTED) FCF: Device model check status : %s'}
{'timestamp': 1702276322339, 'level': 'ALL', 'message': '12-11 08:22:24.407   517  1099 I cmhx    : Client successfully connected!'}
{'timestamp': 1702276322339, 'level': 'ALL', 'message': '12-11 08:22:24.407   517   979 I cmrw    : (REDACTED) FCF System FeatureName to check: %s'}
{'timestamp': 1702276322339, 'level': 'ALL', 'message': '12-11 08:22:24.408   517  1099 I cmcg    : Calling speech biasing context session'}
{'timestamp': 1702276322339, 'level': 'ALL', 'message': '12-11 08:22:24.408   517   979 I cmrw    : (REDACTED) FCF: Device model check status : %s'}
{'timestamp': 1702276322339, 'level': 'ALL', 'message': '12-11 08:22:24.408   517   979 I cmyg    : (REDACTED) #evaluate: isEnabled = %s failure reasons: %s'}
{'timestamp': 1702276322339, 'level': 'ALL', 'message': '12-11 08:22:24.409   517   979 I cmyi    : (REDACTED) #evaluate: isEnabled = %s failure reasons: %s'}
{'timestamp': 1702276322339, 'level': 'ALL', 'message': '12-11 08:22:24.409   517   979 I cmyn    : (REDACTED) #evaluate: isEnabled = %s failure reasons: %s'}
{'timestamp': 1702276322339, 'level': 'ALL', 'message': '12-11 08:22:24.409   517   979 I cmrc    : (REDACTED) #FCF: Preferred assistant locale set %s'}
{'timestamp': 1702276322339, 'level': 'ALL', 'message': '12-11 08:22:24.409   517   979 I cmrw    : (REDACTED) FCF System FeatureName to check: %s'}
{'timestamp': 1702276322339, 'level': 'ALL', 'message': '12-11 08:22:24.409   517   979 I cmrw    : (REDACTED) FCF: Device model check status : %s'}
{'timestamp': 1702276322339, 'level': 'ALL', 'message': '12-11 08:22:24.409   517   979 I cmyt    : (REDACTED) #evaluate: isEnabled[ = %s failure reasons: %s'}
{'timestamp': 1702276322339, 'level': 'ALL', 'message': '12-11 08:22:24.410   517   979 I cmys    : (REDACTED) #evaluate: isEnabled = %s failure reasons: %s'}
{'timestamp': 1702276322339, 'level': 'ALL', 'message': '12-11 08:22:24.410   517  1099 I cmrw    : (REDACTED) FCF System FeatureName to check: %s'}
{'timestamp': 1702276322339, 'level': 'ALL', 'message': '12-11 08:22:24.410   517   979 I cmrc    : (REDACTED) #FCF: Assistant primary locale : %s'}
{'timestamp': 1702276322339, 'level': 'ALL', 'message': '12-11 08:22:24.410   517  1099 I cmrw    : (REDACTED) FCF: Device model check status : %s'}
{'timestamp': 1702276322339, 'level': 'ALL', 'message': '12-11 08:22:24.410   517   979 I cmrc    : (REDACTED) #FCF: Assistant Primary locale check status : %s'}
{'timestamp': 1702276322339, 'level': 'ALL', 'message': '12-11 08:22:24.410   517  1099 I cmfn    : (REDACTED) Needs to download files: %s'}
{'timestamp': 1702276322339, 'level': 'ALL', 'message': '12-11 08:22:24.411   517   517 I hvbt    : (REDACTED) Created gRPC endpoint for service %s'}
{'timestamp': 1702276322339, 'level': 'ALL', 'message': '12-11 08:22:24.411   517   979 I cmwf    : (REDACTED) #evaluate: isEnabled = %s failure reasons: %s'}
{'timestamp': 1702276322339, 'level': 'ALL', 'message': '12-11 08:22:24.412   517  1099 I cmhx    : No changes in config detected'}
{'timestamp': 1702276322339, 'level': 'ALL', 'message': '12-11 08:22:24.412   517   979 I gckv    : (REDACTED) Invocations routing has changed'}
{'timestamp': 1702276322339, 'level': 'ALL', 'message': '12-11 08:22:24.412   517   979 I gckv    : %s'}
{'timestamp': 1702276322339, 'level': 'ALL', 'message': '12-11 08:22:24.413   517  1099 I cmrw    : (REDACTED) FCF System FeatureName to check: %s'}
{'timestamp': 1702276322339, 'level': 'ALL', 'message': '12-11 08:22:24.414   517  1099 I cmrw    : (REDACTED) FCF: Device model check status : %s'}
{'timestamp': 1702276322339, 'level': 'ALL', 'message': '12-11 08:22:24.414   517   979 I gcvj    : (REDACTED) Platform configuration for connection(%s) has changed(@%s):%s'}
{'timestamp': 1702276322339, 'level': 'ALL', 'message': '12-11 08:22:24.414   517  1099 I cmrw    : (REDACTED) FCF System FeatureName to check: %s'}
{'timestamp': 1702276322339, 'level': 'ALL', 'message': '12-11 08:22:24.414   517   979 I gcsi    : (REDACTED) On platform configuration update(@%s) in connection(%s).'}
{'timestamp': 1702276322339, 'level': 'ALL', 'message': '12-11 08:22:24.414   517   979 I cmhx    : (REDACTED) On platform configuration update(%s).'}
{'timestamp': 1702276322339, 'level': 'ALL', 'message': '12-11 08:22:24.414   517   979 I cmhx    : Received ConfigurationUpdate from Triggering API'}
{'timestamp': 1702276322339, 'level': 'ALL', 'message': '12-11 08:22:24.414   517  1099 I cmrw    : (REDACTED) FCF: Device model check status : %s'}
{'timestamp': 1702276322339, 'level': 'ALL', 'message': '12-11 08:22:24.414   517  1099 I cmrw    : (REDACTED) FCF System FeatureName to check: %s'}
{'timestamp': 1702276322339, 'level': 'ALL', 'message': '12-11 08:22:24.416   517  1099 I cmrw    : (REDACTED) FCF: Device model check status : %s'}
{'timestamp': 1702276322339, 'level': 'ALL', 'message': '12-11 08:22:24.417   517  1066 I ugl     : no assistant invocation found, returning 0.'}
{'timestamp': 1702276322339, 'level': 'ALL', 'message': '12-11 08:22:24.418   653  1036 W aryj    : (REDACTED) %s task was not run. Callback from Service received after client was disposed.'}
{'timestamp': 1702276322339, 'level': 'ALL', 'message': '12-11 08:22:24.418   517  1099 I cmzy    : (REDACTED) Robin eligibility : forceEnableRobinForSuwOptin %b'}
{'timestamp': 1702276322339, 'level': 'ALL', 'message': '12-11 08:22:24.418   517  1099 I cmzy    : Robin eligibility: Robin experiment flag is disabled.'}
{'timestamp': 1702276322339, 'level': 'ALL', 'message': '12-11 08:22:24.418   517  1099 I cmzy    : (REDACTED) Robin eligibility #evaluate: isEnabled = %s failure reasons: %s'}
{'timestamp': 1702276322339, 'level': 'ALL', 'message': '12-11 08:22:24.418   517  1099 I cmzy    : (REDACTED) Robin eligibility : forceEnableRobinForSuwOptin %b'}
{'timestamp': 1702276322339, 'level': 'ALL', 'message': '12-11 08:22:24.418   517  1099 I cmzy    : Robin eligibility: Robin experiment flag is disabled.'}
{'timestamp': 1702276322339, 'level': 'ALL', 'message': '12-11 08:22:24.418   517  1099 I cmzy    : (REDACTED) Robin eligibility #evaluate: isEnabled = %s failure reasons: %s'}
{'timestamp': 1702276322339, 'level': 'ALL', 'message': '12-11 08:22:24.419   517  1099 I cmrc    : (REDACTED) #FCF: Preferred assistant locale set %s'}
{'timestamp': 1702276322339, 'level': 'ALL', 'message': '12-11 08:22:24.421   517  1099 I gdbo    : (REDACTED) On hotword consumer changed: %s.'}
{'timestamp': 1702276322339, 'level': 'ALL', 'message': '12-11 08:22:24.421   517  1099 I cmrc    : (REDACTED) #FCF: Assistant primary locale : %s'}
{'timestamp': 1702276322339, 'level': 'ALL', 'message': '12-11 08:22:24.421   517  1099 I cmrc    : (REDACTED) #FCF: Assistant Primary locale check status : %s'}
{'timestamp': 1702276322339, 'level': 'ALL', 'message': '12-11 08:22:24.422   517  1099 I cmrw    : (REDACTED) FCF System FeatureName to check: %s'}
{'timestamp': 1702276322339, 'level': 'ALL', 'message': '12-11 08:22:24.422   517  1099 I cmrw    : (REDACTED) FCF: Device model check status : %s'}
{'timestamp': 1702276322339, 'level': 'ALL', 'message': '12-11 08:22:24.422   517  1099 I cmzy    : (REDACTED) Robin eligibility : forceEnableRobinForSuwOptin %b'}
{'timestamp': 1702276322339, 'level': 'ALL', 'message': '12-11 08:22:24.422   517  1099 I cmzy    : Robin eligibility: Robin experiment flag is disabled.'}
{'timestamp': 1702276322339, 'level': 'ALL', 'message': '12-11 08:22:24.422   517   938 I gcyb    : (REDACTED) Hotword consumer configuration has changed: %s.'}
{'timestamp': 1702276322339, 'level': 'ALL', 'message': '12-11 08:22:24.424   517   938 I cmrw    : (REDACTED) FCF System FeatureName to check: %s'}
{'timestamp': 1702276322339, 'level': 'ALL', 'message': '12-11 08:22:24.424   517  1099 I cmzy    : (REDACTED) Robin eligibility #evaluate: isEnabled = %s failure reasons: %s'}
{'timestamp': 1702276322339, 'level': 'ALL', 'message': '12-11 08:22:24.424   517   979 I cmrw    : (REDACTED) FCF System FeatureName to check: %s'}
{'timestamp': 1702276322339, 'level': 'ALL', 'message': '12-11 08:22:24.424   517   938 I cmrw    : (REDACTED) FCF: Device model check status : %s'}
{'timestamp': 1702276322339, 'level': 'ALL', 'message': '12-11 08:22:24.424   517   979 I cmrw    : (REDACTED) FCF: Device model check status : %s'}
{'timestamp': 1702276322339, 'level': 'ALL', 'message': '12-11 08:22:24.424   517   979 I cmyg    : (REDACTED) #evaluate: isEnabled = %s failure reasons: %s'}
{'timestamp': 1702276322339, 'level': 'ALL', 'message': '12-11 08:22:24.424   517   979 I cmfn    : (REDACTED) #initialConfig Current Locale set to: %s'}
{'timestamp': 1702276322339, 'level': 'ALL', 'message': '12-11 08:22:24.424   517   979 I cmfn    : (REDACTED) #initialConfig Assistant is currently enabled: %s'}
{'timestamp': 1702276322339, 'level': 'ALL', 'message': '12-11 08:22:24.425   517   979 I cmfn    : (REDACTED) #initialConfig InputModality is currently: %s'}
{'timestamp': 1702276322339, 'level': 'ALL', 'message': '12-11 08:22:24.425   517   979 I cmfn    : (REDACTED) #initialConfig Speed Bump entry points: %s'}
{'timestamp': 1702276322339, 'level': 'ALL', 'message': '12-11 08:22:24.425   517   979 I cmfn    : (REDACTED) #initialConfig Blocking oobe entrypoints: %s'}
{'timestamp': 1702276322339, 'level': 'ALL', 'message': '12-11 08:22:24.425   517   979 I cmfn    : (REDACTED) #initialConfig Long Press Power Education entrypoints: %s'}
{'timestamp': 1702276322339, 'level': 'ALL', 'message': '12-11 08:22:24.425   517   979 I cmfn    : (REDACTED) #initialConfig Robin entrypoints: %s'}
{'timestamp': 1702276322339, 'level': 'ALL', 'message': '12-11 08:22:24.425   517   979 I cmfn    : (REDACTED) #initialConfig Preferred audio route type: %s'}
{'timestamp': 1702276322339, 'level': 'ALL', 'message': '12-11 08:22:24.425   517   979 I cmfn    : (REDACTED) #initialConfig Earcons to be added: %s'}
{'timestamp': 1702276322339, 'level': 'ALL', 'message': '12-11 08:22:24.425   517   979 I cmfn    : (REDACTED) #initialConfig Mic occupied behavior: %s'}
{'timestamp': 1702276322339, 'level': 'ALL', 'message': '12-11 08:22:24.425   517   979 I cmfn    : (REDACTED) #initialConfig Headphone voice queries and spoken notifications status: %s'}
{'timestamp': 1702276322339, 'level': 'ALL', 'message': '12-11 08:22:24.425   517  1066 I gczx    : (REDACTED) Updating HDM frontend with configuration=@%s.'}
{'timestamp': 1702276322339, 'level': 'ALL', 'message': '12-11 08:22:24.426   517  1099 I cmrw    : (REDACTED) FCF System FeatureName to check: %s'}
{'timestamp': 1702276322339, 'level': 'ALL', 'message': '12-11 08:22:24.426   517   979 I cmrw    : (REDACTED) FCF System FeatureName to check: %s'}
{'timestamp': 1702276322339, 'level': 'ALL', 'message': '12-11 08:22:24.426   517  1099 I cmrw    : (REDACTED) FCF: Device model check status : %s'}
{'timestamp': 1702276322339, 'level': 'ALL', 'message': '12-11 08:22:24.426   517  1099 I cmyg    : (REDACTED) #evaluate: isEnabled = %s failure reasons: %s'}
{'timestamp': 1702276322339, 'level': 'ALL', 'message': '12-11 08:22:24.426   517  1099 I cmrc    : (REDACTED) #FCF: Preferred assistant locale set %s'}
{'timestamp': 1702276322339, 'level': 'ALL', 'message': '12-11 08:22:24.426   517  1099 I cmrw    : (REDACTED) FCF System FeatureName to check: %s'}
{'timestamp': 1702276322339, 'level': 'ALL', 'message': '12-11 08:22:24.426   517  1099 I cmrw    : (REDACTED) FCF: Device model check status : %s'}
{'timestamp': 1702276322339, 'level': 'ALL', 'message': '12-11 08:22:24.426   517   979 I cmrw    : (REDACTED) FCF: Device model check status : %s'}
{'timestamp': 1702276322339, 'level': 'ALL', 'message': '12-11 08:22:24.427   517   979 I cmyg    : (REDACTED) #evaluate: isEnabled = %s failure reasons: %s'}
{'timestamp': 1702276322339, 'level': 'ALL', 'message': '12-11 08:22:24.427   517  1099 I cmrw    : (REDACTED) FCF System FeatureName to check: %s'}
{'timestamp': 1702276322339, 'level': 'ALL', 'message': '12-11 08:22:24.427   517  1099 I cmrw    : (REDACTED) FCF: Device model check status : %s'}
{'timestamp': 1702276322339, 'level': 'ALL', 'message': '12-11 08:22:24.427   517   979 I cmrc    : (REDACTED) #FCF: Preferred assistant locale set %s'}
{'timestamp': 1702276322339, 'level': 'ALL', 'message': '12-11 08:22:24.427   517  1099 I cmyg    : (REDACTED) #evaluate: isEnabled = %s failure reasons: %s'}
{'timestamp': 1702276322339, 'level': 'ALL', 'message': '12-11 08:22:24.427   517  1099 I cmyi    : (REDACTED) #evaluate: isEnabled = %s failure reasons: %s'}
{'timestamp': 1702276322339, 'level': 'ALL', 'message': '12-11 08:22:24.427   517  1099 I cmyn    : (REDACTED) #evaluate: isEnabled = %s failure reasons: %s'}
{'timestamp': 1702276322339, 'level': 'ALL', 'message': '12-11 08:22:24.428   517   979 I cmrw    : (REDACTED) FCF System FeatureName to check: %s'}
{'timestamp': 1702276322339, 'level': 'ALL', 'message': '12-11 08:22:24.429   517   979 I cmrw    : (REDACTED) FCF: Device model check status : %s'}
{'timestamp': 1702276322339, 'level': 'ALL', 'message': '12-11 08:22:24.429   517   979 I cmyt    : (REDACTED) #evaluate: isEnabled[ = %s failure reasons: %s'}
{'timestamp': 1702276322339, 'level': 'ALL', 'message': '12-11 08:22:24.429   517   979 I cmys    : (REDACTED) #evaluate: isEnabled = %s failure reasons: %s'}
{'timestamp': 1702276322339, 'level': 'ALL', 'message': '12-11 08:22:24.430   517   979 I gqel    : (REDACTED) #onConfigUpdate. requester: %s'}
{'timestamp': 1702276322339, 'level': 'ALL', 'message': '12-11 08:22:24.431   517  1065 I gqel    : (REDACTED) #update. Operational mode passed in HotwordConfig is %s'}
{'timestamp': 1702276322339, 'level': 'ALL', 'message': '12-11 08:22:24.432   517  1099 I gqel    : #onConfigUpdate inside sequencer'}
{'timestamp': 1702276322339, 'level': 'ALL', 'message': '12-11 08:22:24.432   517   979 I gqel    : (REDACTED) Receive Accountid: %s'}
{'timestamp': 1702276322339, 'level': 'ALL', 'message': '12-11 08:22:24.432   517  1099 I gqel    : (REDACTED) getAllConfigAndTakeAction called because of %s'}
{'timestamp': 1702276322339, 'level': 'ALL', 'message': '12-11 08:22:24.433   517   979 I cmfn    : (REDACTED) Needs to download files: %s'}
{'timestamp': 1702276322339, 'level': 'ALL', 'message': '12-11 08:22:24.433   517  1099 I gqhi    : #getHotwordInformation'}
{'timestamp': 1702276322339, 'level': 'ALL', 'message': '12-11 08:22:24.433   653  1036 W aryj    : (REDACTED) %s task was not run. Callback from Service received after client was disposed.'}
{'timestamp': 1702276322339, 'level': 'ALL', 'message': '12-11 08:22:24.434   517   979 I cmhx    : No changes in config detected'}
{'timestamp': 1702276322339, 'level': 'ALL', 'message': '12-11 08:22:24.434   653  1036 W aryj    : (REDACTED) %s task was not run. Callback from Service received after client was disposed.'}
{'timestamp': 1702276322339, 'level': 'ALL', 'message': '12-11 08:22:24.435   517   938 I cmrw    : (REDACTED) FCF System FeatureName to check: %s'}
{'timestamp': 1702276322339, 'level': 'ALL', 'message': '12-11 08:22:24.435   653  1036 W aryj    : (REDACTED) %s task was not run. Callback from Service received after client was disposed.'}
{'timestamp': 1702276322339, 'level': 'ALL', 'message': '12-11 08:22:24.435   517   938 I cmrw    : (REDACTED) FCF: Device model check status : %s'}
{'timestamp': 1702276322339, 'level': 'ALL', 'message': '12-11 08:22:24.435   517   938 I cmyg    : (REDACTED) #evaluate: isEnabled = %s failure reasons: %s'}
{'timestamp': 1702276322339, 'level': 'ALL', 'message': '12-11 08:22:24.435   517   938 I cmyi    : (REDACTED) #evaluate: isEnabled = %s failure reasons: %s'}
{'timestamp': 1702276322339, 'level': 'ALL', 'message': '12-11 08:22:24.435   517   938 I cmrw    : (REDACTED) FCF System FeatureName to check: %s'}
{'timestamp': 1702276322339, 'level': 'ALL', 'message': '12-11 08:22:24.435   517   938 I cmrw    : (REDACTED) FCF: Device model check status : %s'}
{'timestamp': 1702276322339, 'level': 'ALL', 'message': '12-11 08:22:24.435   517   938 I cmyt    : (REDACTED) #evaluate: isEnabled[ = %s failure reasons: %s'}
{'timestamp': 1702276322339, 'level': 'ALL', 'message': '12-11 08:22:24.435   517   938 I ckxv    : Not connecting: not eligible for ondevice ASR and fulfillment'}
{'timestamp': 1702276322339, 'level': 'ALL', 'message': '12-11 08:22:24.438   653  1036 W aryj    : (REDACTED) %s task was not run. Callback from Service received after client was disposed.'}
{'timestamp': 1702276322339, 'level': 'ALL', 'message': '12-11 08:22:24.439   653  1036 I chatty  : uid=10109(com.google.android.googlequicksearchbox) EventBus0 identical 1 line'}
{'timestamp': 1702276322339, 'level': 'ALL', 'message': '12-11 08:22:24.439   653  1036 W aryj    : (REDACTED) %s task was not run. Callback from Service received after client was disposed.'}
{'timestamp': 1702276322339, 'level': 'ALL', 'message': '12-11 08:22:24.450   517  1099 I gqhi    : #getHotwordInformation bindService'}
{'timestamp': 1702276322339, 'level': 'ALL', 'message': '12-11 08:22:24.452   517   517 I gqhi    : (REDACTED) Connected to HotwordService. ComponentName %s, service %s'}
{'timestamp': 1702276322339, 'level': 'ALL', 'message': '12-11 08:22:24.453   517  9402 I gqhi    : Handing HotwordService connection in executor.'}
{'timestamp': 1702276322339, 'level': 'ALL', 'message': '12-11 08:22:24.462   653  3591 I awzr    : getLocaleToModelSpecsMap'}
{'timestamp': 1702276322339, 'level': 'ALL', 'message': '12-11 08:22:24.462   653  3591 I awzr    : Fetching latest config from MDD...'}
{'timestamp': 1702276322339, 'level': 'ALL', 'message': '12-11 08:22:24.462   653  3591 I awzr    : (REDACTED) Found map of size: %d'}
{'timestamp': 1702276322339, 'level': 'ALL', 'message': '12-11 08:22:24.468   653  3591 I awzr    : getLocaleToModelSpecsMap'}
{'timestamp': 1702276322339, 'level': 'ALL', 'message': '12-11 08:22:24.468   653  3591 I awzr    : Fetching latest config from MDD...'}
{'timestamp': 1702276322339, 'level': 'ALL', 'message': '12-11 08:22:24.468   653  3591 I awzr    : (REDACTED) Found map of size: %d'}
{'timestamp': 1702276322339, 'level': 'ALL', 'message': '12-11 08:22:24.468   653  3591 I axcj    : (REDACTED) hasHotwordEverywhere-%b'}
{'timestamp': 1702276322339, 'level': 'ALL', 'message': '12-11 08:22:24.474   653  3591 I axed    : (REDACTED) #getHotwordModelFromMobstore [mobstoreUri: %s]'}
{'timestamp': 1702276322339, 'level': 'ALL', 'message': '12-11 08:22:24.484   653  3591 I HotwordService: (REDACTED) Model ID: %s'}
{'timestamp': 1702276322339, 'level': 'ALL', 'message': '12-11 08:22:24.485   653  3591 I HotwordService: (REDACTED) hotwordModelLocation is null %b, locale is %s, re-mapped Chinese locale %s'}
{'timestamp': 1702276322339, 'level': 'ALL', 'message': '12-11 08:22:24.486   653  3591 I HotwordService: (REDACTED) isOpaEligibleAndUserEnabled: %b'}
{'timestamp': 1702276322339, 'level': 'ALL', 'message': '12-11 08:22:24.489   517  9402 I gqhi    : HotwordInformation fetch will try to save hotword model.'}
{'timestamp': 1702276322339, 'level': 'ALL', 'message': '12-11 08:22:24.499   517  9402 I gqhi    : onSuccess getHotwordInformation'}
{'timestamp': 1702276322339, 'level': 'ALL', 'message': '12-11 08:22:24.504   517  1099 I gqhi    : Save the hotword model in the HotwordInformation.'}
{'timestamp': 1702276322339, 'level': 'ALL', 'message': '12-11 08:22:24.504   517  1099 I gqel    : getHotwordInformationWithRetry returned.'}
{'timestamp': 1702276322339, 'level': 'ALL', 'message': '12-11 08:22:24.510   653   653 I hvbt    : (REDACTED) Created gRPC endpoint for service %s'}
{'timestamp': 1702276322339, 'level': 'ALL', 'message': '12-11 08:22:24.517   517  1099 I gqel    : getHotwordConfig and getHotwordSettingState returned.'}
{'timestamp': 1702276322339, 'level': 'ALL', 'message': "12-11 08:22:24.517   517   979 W KeyphraseEnrollmentInfo: No enrollment application supports the given keyphrase/locale: 'X Google'/ru_RU"}
{'timestamp': 1702276322339, 'level': 'ALL', 'message': "12-11 08:22:24.517   517   979 W KeyphraseEnrollmentInfo: No enrollment application supports the given keyphrase/locale: 'X Google'/ru_RU"}
{'timestamp': 1702276322339, 'level': 'ALL', 'message': "12-11 08:22:24.517   517   979 W KeyphraseEnrollmentInfo: No enrollment application supports the given keyphrase/locale: 'X Google'/ar_EG"}
{'timestamp': 1702276322339, 'level': 'ALL', 'message': "12-11 08:22:24.517   517   979 W KeyphraseEnrollmentInfo: No enrollment application supports the given keyphrase/locale: 'X Google'/en_US"}
{'timestamp': 1702276322339, 'level': 'ALL', 'message': '12-11 08:22:24.517   517   979 W gqat    : (REDACTED) #getDspEnrollmentFallbackLocale cannot find a fallback locale for %s.'}
{'timestamp': 1702276322339, 'level': 'ALL', 'message': "12-11 08:22:24.517   517   979 W KeyphraseEnrollmentInfo: No enrollment application supports the given keyphrase/locale: 'Ok Google'/ru_RU"}
{'timestamp': 1702276322339, 'level': 'ALL', 'message': "12-11 08:22:24.517   517   979 W KeyphraseEnrollmentInfo: No enrollment application supports the given keyphrase/locale: 'Ok Google'/ar_EG"}
{'timestamp': 1702276322339, 'level': 'ALL', 'message': "12-11 08:22:24.517   517   979 W KeyphraseEnrollmentInfo: No enrollment application supports the given keyphrase/locale: 'Ok Google'/en_US"}
{'timestamp': 1702276322339, 'level': 'ALL', 'message': '12-11 08:22:24.517   517   979 W gqat    : (REDACTED) #getDspEnrollmentFallbackLocale cannot find a fallback locale for %s.'}
{'timestamp': 1702276322339, 'level': 'ALL', 'message': '12-11 08:22:24.517   517   979 I gqel    : (REDACTED) #getAllConfigAndTakeAction KeyphraseAndLocaleSupportResult. locale : %s, dsp locale : %s, keyphrase : %s, DSP keyphrase : %s, isKeyphraseAndLocaleSupported : %b.'}
{'timestamp': 1702276322339, 'level': 'ALL', 'message': '12-11 08:22:24.518   517   979 I gqat    : #canUseDownloadDspModel: no DspModelInformationAvailable'}
{'timestamp': 1702276322339, 'level': 'ALL', 'message': '12-11 08:22:24.518   517   979 I gqel    : (REDACTED) isDspHotwordSupportedByPlatform = %b, isDspHotwordModelAvailable = %b'}
{'timestamp': 1702276322339, 'level': 'ALL', 'message': '12-11 08:22:24.518   517   979 I gqay    : (REDACTED) Voice Match (Speaker-id) supported : %b'}
{'timestamp': 1702276322339, 'level': 'ALL', 'message': '12-11 08:22:24.518   517   979 I gqay    : (REDACTED) hotword enrollment state is enrolled:  %b, speakerId model exist: %b. Voice Match supported : %b'}
{'timestamp': 1702276322339, 'level': 'ALL', 'message': '12-11 08:22:24.518   517   979 I gqay    : (REDACTED) isHotwordAvailable():  %b, isHotwordEnabled() %b'}
{'timestamp': 1702276322339, 'level': 'ALL', 'message': '12-11 08:22:24.518   517   979 I gqay    : (REDACTED) Hotword enrollment state : %s.'}
{'timestamp': 1702276322339, 'level': 'ALL', 'message': '12-11 08:22:24.518   517   979 I gqay    : (REDACTED) Voice Match (Speaker-id) supported : %b'}
{'timestamp': 1702276322339, 'level': 'ALL', 'message': '12-11 08:22:24.518   517   979 I gqay    : (REDACTED) Hotword enrollment state : %s.'}
{'timestamp': 1702276322339, 'level': 'ALL', 'message': '12-11 08:22:24.521   517   979 I gqfh    : (REDACTED) Operational mode passed in HotwordConfig is %s'}
{'timestamp': 1702276322339, 'level': 'ALL', 'message': '12-11 08:22:24.522   517   979 I gqay    : (REDACTED) Voice Match (Speaker-id) supported : %b'}
{'timestamp': 1702276322339, 'level': 'ALL', 'message': '12-11 08:22:24.522   517   979 I gqay    : (REDACTED) Voice Match (Speaker-id) supported : %b'}
{'timestamp': 1702276322339, 'level': 'ALL', 'message': '12-11 08:22:24.522   517   979 I gqay    : (REDACTED) hotword enrollment state is enrolled:  %b, speakerId model exist: %b, voice match supported : %b'}
{'timestamp': 1702276322339, 'level': 'ALL', 'message': '12-11 08:22:24.522   517   979 I gqay    : (REDACTED) Hotword enrollment state : %s.'}
{'timestamp': 1702276322339, 'level': 'ALL', 'message': '12-11 08:22:24.522   517   979 I gqay    : (REDACTED) Hotword isNonVoiceMatchHotwordEnabled: %b, isHotwordAvailable: %b, isHotwordEnabled: %b, isVoiceMatchSupported: %b, isHotwordEnrolled: %b,'}
{'timestamp': 1702276322339, 'level': 'ALL', 'message': '12-11 08:22:24.522   517   979 I gqay    : (REDACTED) Hotword enrollment state : %s.'}
{'timestamp': 1702276322339, 'level': 'ALL', 'message': '12-11 08:22:24.522   517   979 I gqez    : (REDACTED) #getNextAction. Voice match enabled: %b. Hotword (non-Voice Match) enabled: %b, incomplete enrollment state: %b, screen on: %b, screen locked: %b dsp available: %b'}
{'timestamp': 1702276322339, 'level': 'ALL', 'message': '12-11 08:22:24.522   517   979 I gqez    : (REDACTED) No operation needed since hotword detection is not running. Voice match enabled : %b. Hotword (non-Voice Match) enabled : %b, Is screen on : %b.'}
{'timestamp': 1702276322339, 'level': 'ALL', 'message': '12-11 08:22:24.522   517   979 I gqel    : No detectors created before, no need to reconfig.'}
{'timestamp': 1702276322339, 'level': 'ALL', 'message': '12-11 08:22:24.522   517   979 I gqel    : (REDACTED) Get the next action %s for requester %s.'}
{'timestamp': 1702276322339, 'level': 'ALL', 'message': '12-11 08:22:24.522   517   979 I gqel    : (REDACTED) Hotword detection is running : %b, no further operation required.'}
{'timestamp': 1702276322339, 'level': 'ALL', 'message': '12-11 08:22:24.523   517   979 I gqay    : (REDACTED) isHotwordAvailable():  %b, isHotwordEnabled() %b'}
{'timestamp': 1702276322339, 'level': 'ALL', 'message': '12-11 08:22:24.523   653   959 I gqii    : (REDACTED) Calling setIsModelTypeDspSupported %s'}
{'timestamp': 1702276322339, 'level': 'ALL', 'message': '12-11 08:22:24.523   517   979 I gqel    : #logRequestHandlingNonErrorEndEvent. Reset requestIdOfFirstError, firstStartErrorCausesRetry and numOfRetriesDoneForDspStartErrors!'}
{'timestamp': 1702276322339, 'level': 'ALL', 'message': '12-11 08:22:24.523   517   979 I gqel    : #update inside sequencer'}
{'timestamp': 1702276322339, 'level': 'ALL', 'message': '12-11 08:22:24.523   517   979 I gqel    : #update inside sequencer after logAppFlowAfterAccountHandled finished.'}
{'timestamp': 1702276322339, 'level': 'ALL', 'message': '12-11 08:22:24.523   517   979 I gqel    : (REDACTED) needRefetchHotwordConfig: %b, accountChanged: %b, currentLocale: %s, newLocale: %s'}
{'timestamp': 1702276322339, 'level': 'ALL', 'message': '12-11 08:22:24.523   517   979 I gqel    : (REDACTED) getAllConfigAndTakeAction called because of %s'}
{'timestamp': 1702276322339, 'level': 'ALL', 'message': "12-11 08:22:24.523   517   979 W KeyphraseEnrollmentInfo: No enrollment application supports the given keyphrase/locale: 'X Google'/ru_RU"}
{'timestamp': 1702276322339, 'level': 'ALL', 'message': "12-11 08:22:24.523   517   979 W KeyphraseEnrollmentInfo: No enrollment application supports the given keyphrase/locale: 'X Google'/ru_RU"}
{'timestamp': 1702276322339, 'level': 'ALL', 'message': "12-11 08:22:24.523   517   979 W KeyphraseEnrollmentInfo: No enrollment application supports the given keyphrase/locale: 'X Google'/ar_EG"}
{'timestamp': 1702276322339, 'level': 'ALL', 'message': "12-11 08:22:24.523   517   979 W KeyphraseEnrollmentInfo: No enrollment application supports the given keyphrase/locale: 'X Google'/en_US"}
{'timestamp': 1702276322339, 'level': 'ALL', 'message': '12-11 08:22:24.523   517   979 W gqat    : (REDACTED) #getDspEnrollmentFallbackLocale cannot find a fallback locale for %s.'}
{'timestamp': 1702276322339, 'level': 'ALL', 'message': "12-11 08:22:24.524   517   979 W KeyphraseEnrollmentInfo: No enrollment application supports the given keyphrase/locale: 'Ok Google'/ru_RU"}
{'timestamp': 1702276322339, 'level': 'ALL', 'message': "12-11 08:22:24.524   517   979 W KeyphraseEnrollmentInfo: No enrollment application supports the given keyphrase/locale: 'Ok Google'/ar_EG"}
{'timestamp': 1702276322339, 'level': 'ALL', 'message': "12-11 08:22:24.524   517   979 W KeyphraseEnrollmentInfo: No enrollment application supports the given keyphrase/locale: 'Ok Google'/en_US"}
{'timestamp': 1702276322339, 'level': 'ALL', 'message': '12-11 08:22:24.524   517   979 W gqat    : (REDACTED) #getDspEnrollmentFallbackLocale cannot find a fallback locale for %s.'}
{'timestamp': 1702276322339, 'level': 'ALL', 'message': '12-11 08:22:24.524   517   979 I gqel    : (REDACTED) #getAllConfigAndTakeAction KeyphraseAndLocaleSupportResult. locale : %s, dsp locale : %s, keyphrase : %s, DSP keyphrase : %s, isKeyphraseAndLocaleSupported : %b.'}
{'timestamp': 1702276322339, 'level': 'ALL', 'message': '12-11 08:22:24.524   517   979 I gqat    : #canUseDownloadDspModel: no DspModelInformationAvailable'}
{'timestamp': 1702276322339, 'level': 'ALL', 'message': '12-11 08:22:24.524   517   979 I gqel    : (REDACTED) isDspHotwordSupportedByPlatform = %b, isDspHotwordModelAvailable = %b'}
{'timestamp': 1702276322339, 'level': 'ALL', 'message': '12-11 08:22:24.524   517   979 I gqay    : (REDACTED) Voice Match (Speaker-id) supported : %b'}
{'timestamp': 1702276322339, 'level': 'ALL', 'message': '12-11 08:22:24.524   517   979 I gqay    : (REDACTED) hotword enrollment state is enrolled:  %b, speakerId model exist: %b. Voice Match supported : %b'}
{'timestamp': 1702276322339, 'level': 'ALL', 'message': '12-11 08:22:24.524   517   979 I gqay    : (REDACTED) isHotwordAvailable():  %b, isHotwordEnabled() %b'}
{'timestamp': 1702276322339, 'level': 'ALL', 'message': '12-11 08:22:24.524   517   979 I gqay    : (REDACTED) Hotword enrollment state : %s.'}
{'timestamp': 1702276322339, 'level': 'ALL', 'message': '12-11 08:22:24.524   517   979 I gqay    : (REDACTED) Voice Match (Speaker-id) supported : %b'}
{'timestamp': 1702276322339, 'level': 'ALL', 'message': '12-11 08:22:24.525   517   979 I gqay    : (REDACTED) Hotword enrollment state : %s.'}
{'timestamp': 1702276322339, 'level': 'ALL', 'message': '12-11 08:22:24.530   653  1036 W aryj    : (REDACTED) %s task was not run. Callback from Service received after client was disposed.'}
{'timestamp': 1702276322339, 'level': 'ALL', 'message': '12-11 08:22:24.531   653  1036 I bfqg    : (REDACTED) Initializing MicroDataManager InitializeType-%d, isForced-%b, isActivePhoneEnrollment-%b isActiveGoogleHomeEnrollment-%b'}
{'timestamp': 1702276322339, 'level': 'ALL', 'message': '12-11 08:22:24.531   653  1036 I awzr    : getLocaleToModelSpecsMap'}
{'timestamp': 1702276322339, 'level': 'ALL', 'message': '12-11 08:22:24.531   653  1036 I awzr    : Fetching latest config from MDD...'}
{'timestamp': 1702276322339, 'level': 'ALL', 'message': '12-11 08:22:24.531   653  1036 I awzr    : (REDACTED) Found map of size: %d'}
{'timestamp': 1702276322339, 'level': 'ALL', 'message': '12-11 08:22:24.531   653  1036 I axdu    : (REDACTED) Location for model with model type: %s and locale: %s, is : %s'}
{'timestamp': 1702276322339, 'level': 'ALL', 'message': '12-11 08:22:24.531   517   979 I gqfh    : (REDACTED) Operational mode passed in HotwordConfig is %s'}
{'timestamp': 1702276322339, 'level': 'ALL', 'message': '12-11 08:22:24.531   517   979 I gqay    : (REDACTED) Voice Match (Speaker-id) supported : %b'}
{'timestamp': 1702276322339, 'level': 'ALL', 'message': '12-11 08:22:24.532   517   979 I gqay    : (REDACTED) Voice Match (Speaker-id) supported : %b'}
{'timestamp': 1702276322339, 'level': 'ALL', 'message': '12-11 08:22:24.532   517   979 I gqay    : (REDACTED) hotword enrollment state is enrolled:  %b, speakerId model exist: %b, voice match supported : %b'}
{'timestamp': 1702276322339, 'level': 'ALL', 'message': '12-11 08:22:24.532   653  1036 I axcj    : (REDACTED) isOpaHotwordEnabled: %b'}
{'timestamp': 1702276322339, 'level': 'ALL', 'message': '12-11 08:22:24.532   517   979 I gqay    : (REDACTED) Hotword enrollment state : %s.'}
{'timestamp': 1702276322339, 'level': 'ALL', 'message': '12-11 08:22:24.532   653  1036 I axcj    : Disabling the hotword detector.'}
{'timestamp': 1702276322339, 'level': 'ALL', 'message': '12-11 08:22:24.532   517   979 I gqay    : (REDACTED) Hotword isNonVoiceMatchHotwordEnabled: %b, isHotwordAvailable: %b, isHotwordEnabled: %b, isVoiceMatchSupported: %b, isHotwordEnrolled: %b,'}
{'timestamp': 1702276322339, 'level': 'ALL', 'message': '12-11 08:22:24.532   517   979 I gqay    : (REDACTED) Hotword enrollment state : %s.'}
{'timestamp': 1702276322339, 'level': 'ALL', 'message': '12-11 08:22:24.532   517   979 I gqez    : (REDACTED) #getNextAction. Voice match enabled: %b. Hotword (non-Voice Match) enabled: %b, incomplete enrollment state: %b, screen on: %b, screen locked: %b dsp available: %b'}
{'timestamp': 1702276322339, 'level': 'ALL', 'message': '12-11 08:22:24.532   517   979 I gqez    : (REDACTED) No operation needed since hotword detection is not running. Voice match enabled : %b. Hotword (non-Voice Match) enabled : %b, Is screen on : %b.'}
{'timestamp': 1702276322339, 'level': 'ALL', 'message': '12-11 08:22:24.532   517   979 I gqel    : No detectors created before, no need to reconfig.'}
{'timestamp': 1702276322339, 'level': 'ALL', 'message': '12-11 08:22:24.532   517   979 I gqel    : (REDACTED) Get the next action %s for requester %s.'}
{'timestamp': 1702276322339, 'level': 'ALL', 'message': '12-11 08:22:24.532   517   979 I gqel    : (REDACTED) Hotword detection is running : %b, no further operation required.'}
{'timestamp': 1702276322339, 'level': 'ALL', 'message': '12-11 08:22:24.532   517   979 I gqay    : (REDACTED) isHotwordAvailable():  %b, isHotwordEnabled() %b'}
{'timestamp': 1702276322339, 'level': 'ALL', 'message': '12-11 08:22:24.532   517   979 I gqel    : #logRequestHandlingNonErrorEndEvent. Reset requestIdOfFirstError, firstStartErrorCausesRetry and numOfRetriesDoneForDspStartErrors!'}
{'timestamp': 1702276322339, 'level': 'ALL', 'message': '12-11 08:22:24.533   653  1036 I aqdh    : (REDACTED) #takeChangeMicroDetectorMode [mIsBargeInEnabled: %b, mCurrentDetectionMode: %s]'}
{'timestamp': 1702276322339, 'level': 'ALL', 'message': '12-11 08:22:24.533   653  1036 I aqdh    : (REDACTED) Should stop hotword detection immediately - %b'}
{'timestamp': 1702276322339, 'level': 'ALL', 'message': '12-11 08:22:24.534   653  1036 I axcj    : (REDACTED) isOpaHotwordEnabled: %b'}
{'timestamp': 1702276322339, 'level': 'ALL', 'message': '12-11 08:22:24.534   653  1036 I axcj    : Disabling the hotword detector.'}
{'timestamp': 1702276322339, 'level': 'ALL', 'message': '12-11 08:22:24.535   653  1036 I aqdh    : (REDACTED) #takeChangeMicroDetectorMode [mIsBargeInEnabled: %b, mCurrentDetectionMode: %s]'}
{'timestamp': 1702276322339, 'level': 'ALL', 'message': '12-11 08:22:24.535   517   979 I gqel    : (REDACTED) #onConfigUpdate. requester: %s'}
{'timestamp': 1702276322339, 'level': 'ALL', 'message': '12-11 08:22:24.535   653  1036 I aqdh    : (REDACTED) Should stop hotword detection immediately - %b'}
{'timestamp': 1702276322339, 'level': 'ALL', 'message': '12-11 08:22:24.535   517  1099 I gqel    : #onConfigUpdate inside sequencer'}
{'timestamp': 1702276322339, 'level': 'ALL', 'message': '12-11 08:22:24.535   517  1099 I gqel    : (REDACTED) getAllConfigAndTakeAction called because of %s'}
{'timestamp': 1702276322339, 'level': 'ALL', 'message': '12-11 08:22:24.535   653  1036 W aryj    : (REDACTED) %s task was not run. Callback from Service received after client was disposed.'}
{'timestamp': 1702276322339, 'level': 'ALL', 'message': '12-11 08:22:24.535   653  1036 W aryj    : (REDACTED) %s task was not run. Callback from Service received after client was disposed.'}
{'timestamp': 1702276322339, 'level': 'ALL', 'message': '12-11 08:22:24.535   517  1099 I gqhi    : #getHotwordInformation'}
{'timestamp': 1702276322339, 'level': 'ALL', 'message': '12-11 08:22:24.537   517   938 I gczx    : (REDACTED) Frontend=%s has been updated to configuration=%s.'}
{'timestamp': 1702276322339, 'level': 'ALL', 'message': '12-11 08:22:24.538   653  1036 W aryj    : (REDACTED) %s task was not run. Callback from Service received after client was disposed.'}
{'timestamp': 1702276322339, 'level': 'ALL', 'message': '12-11 08:22:24.539   517  1099 I gqhi    : #getHotwordInformation bindService'}
{'timestamp': 1702276322339, 'level': 'ALL', 'message': '12-11 08:22:24.540   653   959 I gqii    : (REDACTED) Calling setIsModelTypeDspSupported %s'}
{'timestamp': 1702276322339, 'level': 'ALL', 'message': '12-11 08:22:24.542   517  1099 I gqel    : (REDACTED) #onConfigUpdate. requester: %s'}
{'timestamp': 1702276322339, 'level': 'ALL', 'message': '12-11 08:22:24.542   517   517 I gqhi    : (REDACTED) Connected to HotwordService. ComponentName %s, service %s'}
{'timestamp': 1702276322339, 'level': 'ALL', 'message': '12-11 08:22:24.543   517  9402 I gqhi    : Handing HotwordService connection in executor.'}
{'timestamp': 1702276322339, 'level': 'ALL', 'message': '12-11 08:22:24.544   653   959 I bxhq    : (REDACTED) Deleted sessionId[%d] from persistence.'}
{'timestamp': 1702276322339, 'level': 'ALL', 'message': '12-11 08:22:24.545   653  9217 I awzr    : getLocaleToModelSpecsMap'}
{'timestamp': 1702276322339, 'level': 'ALL', 'message': '12-11 08:22:24.545   653  9217 I awzr    : Fetching latest config from MDD...'}
{'timestamp': 1702276322339, 'level': 'ALL', 'message': '12-11 08:22:24.545   653  9217 I awzr    : (REDACTED) Found map of size: %d'}
{'timestamp': 1702276322339, 'level': 'ALL', 'message': '12-11 08:22:24.545   653  9217 I axcj    : (REDACTED) hasHotwordEverywhere-%b'}
{'timestamp': 1702276322339, 'level': 'ALL', 'message': '12-11 08:22:24.547   653  9217 I axed    : (REDACTED) #getHotwordModelFromMobstore [mobstoreUri: %s]'}
{'timestamp': 1702276322339, 'level': 'ALL', 'message': '12-11 08:22:24.553   653  9217 I HotwordService: (REDACTED) Model ID: %s'}
{'timestamp': 1702276322339, 'level': 'ALL', 'message': '12-11 08:22:24.553   653  9217 I HotwordService: (REDACTED) hotwordModelLocation is null %b, locale is %s, re-mapped Chinese locale %s'}
{'timestamp': 1702276322339, 'level': 'ALL', 'message': '12-11 08:22:24.554   653  9217 I HotwordService: (REDACTED) isOpaEligibleAndUserEnabled: %b'}
{'timestamp': 1702276322339, 'level': 'ALL', 'message': '12-11 08:22:24.566   517  9402 I gqhi    : HotwordInformation fetch will try to save hotword model.'}
{'timestamp': 1702276322339, 'level': 'ALL', 'message': '12-11 08:22:24.570   517  9402 I gqhi    : onSuccess getHotwordInformation'}
{'timestamp': 1702276322339, 'level': 'ALL', 'message': '12-11 08:22:24.578   517  1099 I gqhi    : Save the hotword model in the HotwordInformation.'}
{'timestamp': 1702276322339, 'level': 'ALL', 'message': '12-11 08:22:24.578   517   979 I gqel    : getHotwordInformationWithRetry returned.'}
{'timestamp': 1702276322339, 'level': 'ALL', 'message': '12-11 08:22:24.582   653  1036 W apkf    : Abort, client detached.'}
{'timestamp': 1702276322339, 'level': 'ALL', 'message': '12-11 08:22:24.583   653  1036 I bnpw    : (REDACTED) taskGraphFactory: %s#%d'}
{'timestamp': 1702276322339, 'level': 'ALL', 'message': '12-11 08:22:24.583   517   979 I gqel    : getHotwordConfig and getHotwordSettingState returned.'}
{'timestamp': 1702276322339, 'level': 'ALL', 'message': "12-11 08:22:24.584   517   979 W KeyphraseEnrollmentInfo: No enrollment application supports the given keyphrase/locale: 'X Google'/ru_RU"}
{'timestamp': 1702276322339, 'level': 'ALL', 'message': "12-11 08:22:24.584   517   979 W KeyphraseEnrollmentInfo: No enrollment application supports the given keyphrase/locale: 'X Google'/ru_RU"}
{'timestamp': 1702276322339, 'level': 'ALL', 'message': "12-11 08:22:24.584   517   979 W KeyphraseEnrollmentInfo: No enrollment application supports the given keyphrase/locale: 'X Google'/ar_EG"}
{'timestamp': 1702276322339, 'level': 'ALL', 'message': "12-11 08:22:24.584   517   979 W KeyphraseEnrollmentInfo: No enrollment application supports the given keyphrase/locale: 'X Google'/en_US"}
{'timestamp': 1702276322339, 'level': 'ALL', 'message': '12-11 08:22:24.584   517   979 W gqat    : (REDACTED) #getDspEnrollmentFallbackLocale cannot find a fallback locale for %s.'}
{'timestamp': 1702276322339, 'level': 'ALL', 'message': "12-11 08:22:24.584   517   979 W KeyphraseEnrollmentInfo: No enrollment application supports the given keyphrase/locale: 'Ok Google'/ru_RU"}
{'timestamp': 1702276322339, 'level': 'ALL', 'message': "12-11 08:22:24.584   517   979 W KeyphraseEnrollmentInfo: No enrollment application supports the given keyphrase/locale: 'Ok Google'/ar_EG"}
{'timestamp': 1702276322339, 'level': 'ALL', 'message': "12-11 08:22:24.584   517   979 W KeyphraseEnrollmentInfo: No enrollment application supports the given keyphrase/locale: 'Ok Google'/en_US"}
{'timestamp': 1702276322339, 'level': 'ALL', 'message': '12-11 08:22:24.584   517   979 W gqat    : (REDACTED) #getDspEnrollmentFallbackLocale cannot find a fallback locale for %s.'}
{'timestamp': 1702276322339, 'level': 'ALL', 'message': '12-11 08:22:24.584   517   979 I gqel    : (REDACTED) #getAllConfigAndTakeAction KeyphraseAndLocaleSupportResult. locale : %s, dsp locale : %s, keyphrase : %s, DSP keyphrase : %s, isKeyphraseAndLocaleSupported : %b.'}
{'timestamp': 1702276322339, 'level': 'ALL', 'message': '12-11 08:22:24.584   517   979 I gqat    : #canUseDownloadDspModel: no DspModelInformationAvailable'}
{'timestamp': 1702276322339, 'level': 'ALL', 'message': '12-11 08:22:24.584   517   979 I gqel    : (REDACTED) isDspHotwordSupportedByPlatform = %b, isDspHotwordModelAvailable = %b'}
{'timestamp': 1702276322339, 'level': 'ALL', 'message': '12-11 08:22:24.584   517   979 I gqay    : (REDACTED) Voice Match (Speaker-id) supported : %b'}
{'timestamp': 1702276322339, 'level': 'ALL', 'message': '12-11 08:22:24.584   517   979 I gqay    : (REDACTED) hotword enrollment state is enrolled:  %b, speakerId model exist: %b. Voice Match supported : %b'}
{'timestamp': 1702276322339, 'level': 'ALL', 'message': '12-11 08:22:24.584   517   979 I gqay    : (REDACTED) isHotwordAvailable():  %b, isHotwordEnabled() %b'}
{'timestamp': 1702276322339, 'level': 'ALL', 'message': '12-11 08:22:24.584   517   979 I gqay    : (REDACTED) Hotword enrollment state : %s.'}
{'timestamp': 1702276322339, 'level': 'ALL', 'message': '12-11 08:22:24.584   517   979 I gqay    : (REDACTED) Voice Match (Speaker-id) supported : %b'}
{'timestamp': 1702276322339, 'level': 'ALL', 'message': '12-11 08:22:24.584   517   979 I gqay    : (REDACTED) Hotword enrollment state : %s.'}
{'timestamp': 1702276322339, 'level': 'ALL', 'message': '12-11 08:22:24.584   653  1036 I axcj    : (REDACTED) isOpaHotwordEnabled: %b'}
{'timestamp': 1702276322339, 'level': 'ALL', 'message': '12-11 08:22:24.584   653  1036 I axcj    : Disabling the hotword detector.'}
{'timestamp': 1702276322339, 'level': 'ALL', 'message': '12-11 08:22:24.586   517   979 I gqfh    : (REDACTED) Operational mode passed in HotwordConfig is %s'}
{'timestamp': 1702276322339, 'level': 'ALL', 'message': '12-11 08:22:24.595   653  1036 I aqdh    : (REDACTED) #takeChangeMicroDetectorMode [mIsBargeInEnabled: %b, mCurrentDetectionMode: %s]'}
{'timestamp': 1702276322339, 'level': 'ALL', 'message': '12-11 08:22:24.598   653  1036 I aqdh    : (REDACTED) Should stop hotword detection immediately - %b'}
{'timestamp': 1702276322339, 'level': 'ALL', 'message': '12-11 08:22:24.600   653  1036 W apln    : (REDACTED) Client : %s has no associated SessionController'}
{'timestamp': 1702276322339, 'level': 'ALL', 'message': '12-11 08:22:24.600   653  1036 I awzr    : getLocaleToModelSpecsMap'}
{'timestamp': 1702276322339, 'level': 'ALL', 'message': '12-11 08:22:24.601   653  1036 I awzr    : Fetching latest config from MDD...'}
{'timestamp': 1702276322339, 'level': 'ALL', 'message': '12-11 08:22:24.602   517   979 I gqay    : (REDACTED) Voice Match (Speaker-id) supported : %b'}
{'timestamp': 1702276322339, 'level': 'ALL', 'message': '12-11 08:22:24.603   517   979 I gqay    : (REDACTED) Voice Match (Speaker-id) supported : %b'}
{'timestamp': 1702276322339, 'level': 'ALL', 'message': '12-11 08:22:24.603   517   979 I gqay    : (REDACTED) hotword enrollment state is enrolled:  %b, speakerId model exist: %b, voice match supported : %b'}
{'timestamp': 1702276322339, 'level': 'ALL', 'message': '12-11 08:22:24.603   517   979 I gqay    : (REDACTED) Hotword enrollment state : %s.'}
{'timestamp': 1702276322339, 'level': 'ALL', 'message': '12-11 08:22:24.603   517   979 I gqay    : (REDACTED) Hotword isNonVoiceMatchHotwordEnabled: %b, isHotwordAvailable: %b, isHotwordEnabled: %b, isVoiceMatchSupported: %b, isHotwordEnrolled: %b,'}
{'timestamp': 1702276322339, 'level': 'ALL', 'message': '12-11 08:22:24.603   517   979 I gqay    : (REDACTED) Hotword enrollment state : %s.'}
{'timestamp': 1702276322339, 'level': 'ALL', 'message': '12-11 08:22:24.603   517   979 I gqez    : (REDACTED) #getNextAction. Voice match enabled: %b. Hotword (non-Voice Match) enabled: %b, incomplete enrollment state: %b, screen on: %b, screen locked: %b dsp available: %b'}
{'timestamp': 1702276322339, 'level': 'ALL', 'message': '12-11 08:22:24.603   517  1099 I gqel    : (REDACTED) #onConfigUpdate. requester: %s'}
{'timestamp': 1702276322339, 'level': 'ALL', 'message': '12-11 08:22:24.603   517   979 I gqez    : (REDACTED) No operation needed since hotword detection is not running. Voice match enabled : %b. Hotword (non-Voice Match) enabled : %b, Is screen on : %b.'}
{'timestamp': 1702276322339, 'level': 'ALL', 'message': '12-11 08:22:24.603   517   979 I gqel    : No detectors created before, no need to reconfig.'}
{'timestamp': 1702276322339, 'level': 'ALL', 'message': '12-11 08:22:24.603   517   979 I gqel    : (REDACTED) Get the next action %s for requester %s.'}
{'timestamp': 1702276322339, 'level': 'ALL', 'message': '12-11 08:22:24.603   653  1036 I awzr    : (REDACTED) Found map of size: %d'}
{'timestamp': 1702276322339, 'level': 'ALL', 'message': '12-11 08:22:24.603   517   979 I gqel    : (REDACTED) Hotword detection is running : %b, no further operation required.'}
{'timestamp': 1702276322339, 'level': 'ALL', 'message': '12-11 08:22:24.603   517   979 I gqay    : (REDACTED) isHotwordAvailable():  %b, isHotwordEnabled() %b'}
{'timestamp': 1702276322339, 'level': 'ALL', 'message': '12-11 08:22:24.603   653   959 I gqii    : (REDACTED) Calling setIsModelTypeDspSupported %s'}
{'timestamp': 1702276322339, 'level': 'ALL', 'message': '12-11 08:22:24.603   517   979 I gqel    : #logRequestHandlingNonErrorEndEvent. Reset requestIdOfFirstError, firstStartErrorCausesRetry and numOfRetriesDoneForDspStartErrors!'}
{'timestamp': 1702276322339, 'level': 'ALL', 'message': '12-11 08:22:24.604   517   979 I gqel    : #onConfigUpdate inside sequencer'}
{'timestamp': 1702276322339, 'level': 'ALL', 'message': '12-11 08:22:24.604   517   979 I gqel    : (REDACTED) getAllConfigAndTakeAction called because of %s'}
{'timestamp': 1702276322339, 'level': 'ALL', 'message': '12-11 08:22:24.604   517   979 I gqhi    : #getHotwordInformation'}
{'timestamp': 1702276322339, 'level': 'ALL', 'message': '12-11 08:22:24.606   653  1036 W apln    : (REDACTED) Client : %s has no associated SessionController'}
{'timestamp': 1702276322339, 'level': 'ALL', 'message': '12-11 08:22:24.617   517   979 I gqhi    : #getHotwordInformation bindService'}
{'timestamp': 1702276322339, 'level': 'ALL', 'message': '12-11 08:22:24.620   517   517 I gqhi    : (REDACTED) Connected to HotwordService. ComponentName %s, service %s'}
{'timestamp': 1702276322339, 'level': 'ALL', 'message': '12-11 08:22:24.620   517  9402 I gqhi    : Handing HotwordService connection in executor.'}
{'timestamp': 1702276322339, 'level': 'ALL', 'message': '12-11 08:22:24.623   653  9217 I awzr    : getLocaleToModelSpecsMap'}
{'timestamp': 1702276322339, 'level': 'ALL', 'message': '12-11 08:22:24.623   653  9217 I awzr    : Fetching latest config from MDD...'}
{'timestamp': 1702276322339, 'level': 'ALL', 'message': '12-11 08:22:24.623   653  9217 I awzr    : (REDACTED) Found map of size: %d'}
{'timestamp': 1702276322339, 'level': 'ALL', 'message': '12-11 08:22:24.624   653  9217 I axcj    : (REDACTED) hasHotwordEverywhere-%b'}
{'timestamp': 1702276322339, 'level': 'ALL', 'message': '12-11 08:22:24.627   653  9217 I axed    : (REDACTED) #getHotwordModelFromMobstore [mobstoreUri: %s]'}
{'timestamp': 1702276322339, 'level': 'ALL', 'message': '12-11 08:22:24.632 31652  1224 I ActivityManager: Force stopping io.appium.uiautomator2.server.test appid=10156 user=0: from pid 9412'}
{'timestamp': 1702276322339, 'level': 'ALL', 'message': '12-11 08:22:24.632   653  9217 I HotwordService: (REDACTED) Model ID: %s'}
{'timestamp': 1702276322339, 'level': 'ALL', 'message': '12-11 08:22:24.633   653  9217 I HotwordService: (REDACTED) hotwordModelLocation is null %b, locale is %s, re-mapped Chinese locale %s'}
{'timestamp': 1702276322339, 'level': 'ALL', 'message': '12-11 08:22:24.633   653  9217 I HotwordService: (REDACTED) isOpaEligibleAndUserEnabled: %b'}
{'timestamp': 1702276322339, 'level': 'ALL', 'message': '12-11 08:22:24.637   517  9402 I gqhi    : HotwordInformation fetch will try to save hotword model.'}
{'timestamp': 1702276322339, 'level': 'ALL', 'message': '12-11 08:22:24.637  9412  9414 I cmd     : oneway function results will be dropped but finished with status OK and parcel size 4'}
{'timestamp': 1702276322339, 'level': 'ALL', 'message': '12-11 08:22:24.647 32351 32351 D CarrierSvcBindHelper: No carrier app for: 0'}
{'timestamp': 1702276322339, 'level': 'ALL', 'message': '12-11 08:22:24.650   653  1036 W apln    : (REDACTED) Client : %s has no associated SessionController'}
{'timestamp': 1702276322339, 'level': 'ALL', 'message': '12-11 08:22:24.651   517  9402 I gqhi    : onSuccess getHotwordInformation'}
{'timestamp': 1702276322339, 'level': 'ALL', 'message': '12-11 08:22:24.653   517  1099 I gqhi    : Save the hotword model in the HotwordInformation.'}
{'timestamp': 1702276322339, 'level': 'ALL', 'message': '12-11 08:22:24.653   517   979 I gqel    : getHotwordInformationWithRetry returned.'}
{'timestamp': 1702276322339, 'level': 'ALL', 'message': '12-11 08:22:24.658   517   979 I gqel    : getHotwordConfig and getHotwordSettingState returned.'}
{'timestamp': 1702276322339, 'level': 'ALL', 'message': "12-11 08:22:24.658   517   979 W KeyphraseEnrollmentInfo: No enrollment application supports the given keyphrase/locale: 'X Google'/ru_RU"}
{'timestamp': 1702276322339, 'level': 'ALL', 'message': "12-11 08:22:24.658   517   979 W KeyphraseEnrollmentInfo: No enrollment application supports the given keyphrase/locale: 'X Google'/ru_RU"}
{'timestamp': 1702276322339, 'level': 'ALL', 'message': "12-11 08:22:24.658   517   979 W KeyphraseEnrollmentInfo: No enrollment application supports the given keyphrase/locale: 'X Google'/ar_EG"}
{'timestamp': 1702276322339, 'level': 'ALL', 'message': "12-11 08:22:24.658   517   979 W KeyphraseEnrollmentInfo: No enrollment application supports the given keyphrase/locale: 'X Google'/en_US"}
{'timestamp': 1702276322339, 'level': 'ALL', 'message': '12-11 08:22:24.658   517   979 W gqat    : (REDACTED) #getDspEnrollmentFallbackLocale cannot find a fallback locale for %s.'}
{'timestamp': 1702276322339, 'level': 'ALL', 'message': "12-11 08:22:24.658   517   979 W KeyphraseEnrollmentInfo: No enrollment application supports the given keyphrase/locale: 'Ok Google'/ru_RU"}
{'timestamp': 1702276322339, 'level': 'ALL', 'message': "12-11 08:22:24.658   517   979 W KeyphraseEnrollmentInfo: No enrollment application supports the given keyphrase/locale: 'Ok Google'/ar_EG"}
{'timestamp': 1702276322339, 'level': 'ALL', 'message': "12-11 08:22:24.658   517   979 W KeyphraseEnrollmentInfo: No enrollment application supports the given keyphrase/locale: 'Ok Google'/en_US"}
{'timestamp': 1702276322339, 'level': 'ALL', 'message': '12-11 08:22:24.659   517   979 W gqat    : (REDACTED) #getDspEnrollmentFallbackLocale cannot find a fallback locale for %s.'}
{'timestamp': 1702276322339, 'level': 'ALL', 'message': '12-11 08:22:24.659   517   979 I gqel    : (REDACTED) #getAllConfigAndTakeAction KeyphraseAndLocaleSupportResult. locale : %s, dsp locale : %s, keyphrase : %s, DSP keyphrase : %s, isKeyphraseAndLocaleSupported : %b.'}
{'timestamp': 1702276322339, 'level': 'ALL', 'message': '12-11 08:22:24.659   517   979 I gqat    : #canUseDownloadDspModel: no DspModelInformationAvailable'}
{'timestamp': 1702276322339, 'level': 'ALL', 'message': '12-11 08:22:24.659   517   979 I gqel    : (REDACTED) isDspHotwordSupportedByPlatform = %b, isDspHotwordModelAvailable = %b'}
{'timestamp': 1702276322339, 'level': 'ALL', 'message': '12-11 08:22:24.659   517   979 I gqay    : (REDACTED) Voice Match (Speaker-id) supported : %b'}
{'timestamp': 1702276322339, 'level': 'ALL', 'message': '12-11 08:22:24.659   517   979 I gqay    : (REDACTED) hotword enrollment state is enrolled:  %b, speakerId model exist: %b. Voice Match supported : %b'}
{'timestamp': 1702276322339, 'level': 'ALL', 'message': '12-11 08:22:24.659   517   979 I gqay    : (REDACTED) isHotwordAvailable():  %b, isHotwordEnabled() %b'}
{'timestamp': 1702276322339, 'level': 'ALL', 'message': '12-11 08:22:24.659   517   979 I gqay    : (REDACTED) Hotword enrollment state : %s.'}
{'timestamp': 1702276322339, 'level': 'ALL', 'message': '12-11 08:22:24.659   517   979 I gqay    : (REDACTED) Voice Match (Speaker-id) supported : %b'}
{'timestamp': 1702276322339, 'level': 'ALL', 'message': '12-11 08:22:24.659   517   979 I gqay    : (REDACTED) Hotword enrollment state : %s.'}
{'timestamp': 1702276322339, 'level': 'ALL', 'message': '12-11 08:22:24.662   517   979 I gqfh    : (REDACTED) Operational mode passed in HotwordConfig is %s'}
{'timestamp': 1702276322339, 'level': 'ALL', 'message': '12-11 08:22:24.662   517   979 I gqay    : (REDACTED) Voice Match (Speaker-id) supported : %b'}
{'timestamp': 1702276322339, 'level': 'ALL', 'message': '12-11 08:22:24.662   517   979 I gqay    : (REDACTED) Voice Match (Speaker-id) supported : %b'}
{'timestamp': 1702276322339, 'level': 'ALL', 'message': '12-11 08:22:24.662   517   979 I gqay    : (REDACTED) hotword enrollment state is enrolled:  %b, speakerId model exist: %b, voice match supported : %b'}
{'timestamp': 1702276322339, 'level': 'ALL', 'message': '12-11 08:22:24.662   517   979 I gqay    : (REDACTED) Hotword enrollment state : %s.'}
{'timestamp': 1702276322339, 'level': 'ALL', 'message': '12-11 08:22:24.662   517   979 I gqay    : (REDACTED) Hotword isNonVoiceMatchHotwordEnabled: %b, isHotwordAvailable: %b, isHotwordEnabled: %b, isVoiceMatchSupported: %b, isHotwordEnrolled: %b,'}
{'timestamp': 1702276322339, 'level': 'ALL', 'message': '12-11 08:22:24.662   517   979 I gqay    : (REDACTED) Hotword enrollment state : %s.'}
{'timestamp': 1702276322339, 'level': 'ALL', 'message': '12-11 08:22:24.662   517   979 I gqez    : (REDACTED) #getNextAction. Voice match enabled: %b. Hotword (non-Voice Match) enabled: %b, incomplete enrollment state: %b, screen on: %b, screen locked: %b dsp available: %b'}
{'timestamp': 1702276322339, 'level': 'ALL', 'message': '12-11 08:22:24.662   517   979 I gqez    : (REDACTED) No operation needed since hotword detection is not running. Voice match enabled : %b. Hotword (non-Voice Match) enabled : %b, Is screen on : %b.'}
{'timestamp': 1702276322339, 'level': 'ALL', 'message': '12-11 08:22:24.662   517   979 I gqel    : No detectors created before, no need to reconfig.'}
{'timestamp': 1702276322339, 'level': 'ALL', 'message': '12-11 08:22:24.662   517   979 I gqel    : (REDACTED) Get the next action %s for requester %s.'}
{'timestamp': 1702276322339, 'level': 'ALL', 'message': '12-11 08:22:24.662   517   979 I gqel    : (REDACTED) Hotword detection is running : %b, no further operation required.'}
{'timestamp': 1702276322339, 'level': 'ALL', 'message': '12-11 08:22:24.663   517   979 I gqay    : (REDACTED) isHotwordAvailable():  %b, isHotwordEnabled() %b'}
{'timestamp': 1702276322339, 'level': 'ALL', 'message': '12-11 08:22:24.663   517   979 I gqel    : #logRequestHandlingNonErrorEndEvent. Reset requestIdOfFirstError, firstStartErrorCausesRetry and numOfRetriesDoneForDspStartErrors!'}
{'timestamp': 1702276322339, 'level': 'ALL', 'message': '12-11 08:22:24.663   517   979 I gqel    : #onConfigUpdate inside sequencer'}
{'timestamp': 1702276322339, 'level': 'ALL', 'message': '12-11 08:22:24.663   653   944 I gqii    : (REDACTED) Calling setIsModelTypeDspSupported %s'}
{'timestamp': 1702276322339, 'level': 'ALL', 'message': '12-11 08:22:24.663   517   979 I gqel    : (REDACTED) getAllConfigAndTakeAction called because of %s'}
{'timestamp': 1702276322339, 'level': 'ALL', 'message': '12-11 08:22:24.663   517   979 I gqhi    : #getHotwordInformation'}
{'timestamp': 1702276322339, 'level': 'ALL', 'message': '12-11 08:22:24.667   517   979 I gqhi    : #getHotwordInformation bindService'}
{'timestamp': 1702276322339, 'level': 'ALL', 'message': "12-11 08:22:24.667  1912  1912 E adbd    : failed to connect to socket 'tcp:6790': Connection refused"}
{'timestamp': 1702276322339, 'level': 'ALL', 'message': '12-11 08:22:24.669   517   517 I gqhi    : (REDACTED) Connected to HotwordService. ComponentName %s, service %s'}
{'timestamp': 1702276322339, 'level': 'ALL', 'message': '12-11 08:22:24.669   517  9402 I gqhi    : Handing HotwordService connection in executor.'}
{'timestamp': 1702276322339, 'level': 'ALL', 'message': '12-11 08:22:24.675   653  3591 I awzr    : getLocaleToModelSpecsMap'}
{'timestamp': 1702276322339, 'level': 'ALL', 'message': '12-11 08:22:24.675   653  3591 I awzr    : Fetching latest config from MDD...'}
{'timestamp': 1702276322339, 'level': 'ALL', 'message': '12-11 08:22:24.676   653  3591 I awzr    : (REDACTED) Found map of size: %d'}
{'timestamp': 1702276322339, 'level': 'ALL', 'message': '12-11 08:22:24.678   653  3591 I axcj    : (REDACTED) hasHotwordEverywhere-%b'}
{'timestamp': 1702276322339, 'level': 'ALL', 'message': '12-11 08:22:24.682   653  3591 I axed    : (REDACTED) #getHotwordModelFromMobstore [mobstoreUri: %s]'}
{'timestamp': 1702276322339, 'level': 'ALL', 'message': "12-11 08:22:24.685  1912  1912 E adbd    : failed to connect to socket 'tcp:6790': Connection refused"}
{'timestamp': 1702276322339, 'level': 'ALL', 'message': '12-11 08:22:24.690   653  3591 I HotwordService: (REDACTED) Model ID: %s'}
{'timestamp': 1702276322339, 'level': 'ALL', 'message': '12-11 08:22:24.690   653  3591 I HotwordService: (REDACTED) hotwordModelLocation is null %b, locale is %s, re-mapped Chinese locale %s'}
{'timestamp': 1702276322339, 'level': 'ALL', 'message': '12-11 08:22:24.691   653  3591 I HotwordService: (REDACTED) isOpaEligibleAndUserEnabled: %b'}
{'timestamp': 1702276322339, 'level': 'ALL', 'message': '12-11 08:22:24.697   517  9402 I gqhi    : HotwordInformation fetch will try to save hotword model.'}
{'timestamp': 1702276322339, 'level': 'ALL', 'message': '12-11 08:22:24.700   517  9402 I gqhi    : onSuccess getHotwordInformation'}
{'timestamp': 1702276322339, 'level': 'ALL', 'message': '12-11 08:22:24.702   517  1099 I gqhi    : Save the hotword model in the HotwordInformation.'}
{'timestamp': 1702276322339, 'level': 'ALL', 'message': '12-11 08:22:24.702   517  1099 I gqel    : getHotwordInformationWithRetry returned.'}
{'timestamp': 1702276322339, 'level': 'ALL', 'message': '12-11 08:22:24.703   653  1036 W apln    : (REDACTED) Client : %s has no associated SessionController'}
{'timestamp': 1702276322339, 'level': 'ALL', 'message': '12-11 08:22:24.709   517  1099 I gqel    : getHotwordConfig and getHotwordSettingState returned.'}
{'timestamp': 1702276322339, 'level': 'ALL', 'message': "12-11 08:22:24.709   517  1099 W KeyphraseEnrollmentInfo: No enrollment application supports the given keyphrase/locale: 'X Google'/ru_RU"}
{'timestamp': 1702276322339, 'level': 'ALL', 'message': "12-11 08:22:24.709   517  1099 W KeyphraseEnrollmentInfo: No enrollment application supports the given keyphrase/locale: 'X Google'/ru_RU"}
{'timestamp': 1702276322339, 'level': 'ALL', 'message': "12-11 08:22:24.709   517  1099 W KeyphraseEnrollmentInfo: No enrollment application supports the given keyphrase/locale: 'X Google'/ar_EG"}
{'timestamp': 1702276322339, 'level': 'ALL', 'message': "12-11 08:22:24.709   517  1099 W KeyphraseEnrollmentInfo: No enrollment application supports the given keyphrase/locale: 'X Google'/en_US"}
{'timestamp': 1702276322339, 'level': 'ALL', 'message': '12-11 08:22:24.710   517  1099 W gqat    : (REDACTED) #getDspEnrollmentFallbackLocale cannot find a fallback locale for %s.'}
{'timestamp': 1702276322339, 'level': 'ALL', 'message': "12-11 08:22:24.710   517  1099 W KeyphraseEnrollmentInfo: No enrollment application supports the given keyphrase/locale: 'Ok Google'/ru_RU"}
{'timestamp': 1702276322339, 'level': 'ALL', 'message': "12-11 08:22:24.710   517  1099 W KeyphraseEnrollmentInfo: No enrollment application supports the given keyphrase/locale: 'Ok Google'/ar_EG"}
{'timestamp': 1702276322339, 'level': 'ALL', 'message': "12-11 08:22:24.710   517  1099 W KeyphraseEnrollmentInfo: No enrollment application supports the given keyphrase/locale: 'Ok Google'/en_US"}
{'timestamp': 1702276322339, 'level': 'ALL', 'message': '12-11 08:22:24.710   517  1099 W gqat    : (REDACTED) #getDspEnrollmentFallbackLocale cannot find a fallback locale for %s.'}
{'timestamp': 1702276322339, 'level': 'ALL', 'message': '12-11 08:22:24.710   517  1099 I gqel    : (REDACTED) #getAllConfigAndTakeAction KeyphraseAndLocaleSupportResult. locale : %s, dsp locale : %s, keyphrase : %s, DSP keyphrase : %s, isKeyphraseAndLocaleSupported : %b.'}
{'timestamp': 1702276322339, 'level': 'ALL', 'message': '12-11 08:22:24.710   517  1099 I gqat    : #canUseDownloadDspModel: no DspModelInformationAvailable'}
{'timestamp': 1702276322339, 'level': 'ALL', 'message': '12-11 08:22:24.710   517  1099 I gqel    : (REDACTED) isDspHotwordSupportedByPlatform = %b, isDspHotwordModelAvailable = %b'}
{'timestamp': 1702276322339, 'level': 'ALL', 'message': '12-11 08:22:24.710   517  1099 I gqay    : (REDACTED) Voice Match (Speaker-id) supported : %b'}
{'timestamp': 1702276322339, 'level': 'ALL', 'message': '12-11 08:22:24.710   517  1099 I gqay    : (REDACTED) hotword enrollment state is enrolled:  %b, speakerId model exist: %b. Voice Match supported : %b'}
{'timestamp': 1702276322339, 'level': 'ALL', 'message': '12-11 08:22:24.710   517  1099 I gqay    : (REDACTED) isHotwordAvailable():  %b, isHotwordEnabled() %b'}
{'timestamp': 1702276322339, 'level': 'ALL', 'message': '12-11 08:22:24.710   517  1099 I gqay    : (REDACTED) Hotword enrollment state : %s.'}
{'timestamp': 1702276322339, 'level': 'ALL', 'message': '12-11 08:22:24.710   517  1099 I gqay    : (REDACTED) Voice Match (Speaker-id) supported : %b'}
{'timestamp': 1702276322339, 'level': 'ALL', 'message': '12-11 08:22:24.710   517  1099 I gqay    : (REDACTED) Hotword enrollment state : %s.'}
{'timestamp': 1702276322339, 'level': 'ALL', 'message': '12-11 08:22:24.711   517  1099 I gqfh    : (REDACTED) Operational mode passed in HotwordConfig is %s'}
{'timestamp': 1702276322339, 'level': 'ALL', 'message': '12-11 08:22:24.711   517  1099 I gqay    : (REDACTED) Voice Match (Speaker-id) supported : %b'}
{'timestamp': 1702276322339, 'level': 'ALL', 'message': '12-11 08:22:24.711   517  1099 I gqay    : (REDACTED) Voice Match (Speaker-id) supported : %b'}
{'timestamp': 1702276322339, 'level': 'ALL', 'message': '12-11 08:22:24.712   517  1099 I gqay    : (REDACTED) hotword enrollment state is enrolled:  %b, speakerId model exist: %b, voice match supported : %b'}
{'timestamp': 1702276322339, 'level': 'ALL', 'message': '12-11 08:22:24.712   517  1099 I gqay    : (REDACTED) Hotword enrollment state : %s.'}
{'timestamp': 1702276322339, 'level': 'ALL', 'message': '12-11 08:22:24.712   517  1099 I gqay    : (REDACTED) Hotword isNonVoiceMatchHotwordEnabled: %b, isHotwordAvailable: %b, isHotwordEnabled: %b, isVoiceMatchSupported: %b, isHotwordEnrolled: %b,'}
{'timestamp': 1702276322339, 'level': 'ALL', 'message': '12-11 08:22:24.712   517  1099 I gqay    : (REDACTED) Hotword enrollment state : %s.'}
{'timestamp': 1702276322339, 'level': 'ALL', 'message': '12-11 08:22:24.712   517  1099 I gqez    : (REDACTED) #getNextAction. Voice match enabled: %b. Hotword (non-Voice Match) enabled: %b, incomplete enrollment state: %b, screen on: %b, screen locked: %b dsp available: %b'}
{'timestamp': 1702276322339, 'level': 'ALL', 'message': '12-11 08:22:24.712   517  1099 I gqez    : (REDACTED) No operation needed since hotword detection is not running. Voice match enabled : %b. Hotword (non-Voice Match) enabled : %b, Is screen on : %b.'}
{'timestamp': 1702276322339, 'level': 'ALL', 'message': '12-11 08:22:24.712   517  1099 I gqel    : No detectors created before, no need to reconfig.'}
{'timestamp': 1702276322339, 'level': 'ALL', 'message': '12-11 08:22:24.712   517  1099 I gqel    : (REDACTED) Get the next action %s for requester %s.'}
{'timestamp': 1702276322339, 'level': 'ALL', 'message': '12-11 08:22:24.712   517  1099 I gqel    : (REDACTED) Hotword detection is running : %b, no further operation required.'}
{'timestamp': 1702276322339, 'level': 'ALL', 'message': '12-11 08:22:24.712   517  1099 I gqay    : (REDACTED) isHotwordAvailable():  %b, isHotwordEnabled() %b'}
{'timestamp': 1702276322339, 'level': 'ALL', 'message': '12-11 08:22:24.712   517  1099 I gqel    : #logRequestHandlingNonErrorEndEvent. Reset requestIdOfFirstError, firstStartErrorCausesRetry and numOfRetriesDoneForDspStartErrors!'}
{'timestamp': 1702276322339, 'level': 'ALL', 'message': '12-11 08:22:24.713   653   959 I gqii    : (REDACTED) Calling setIsModelTypeDspSupported %s'}
{'timestamp': 1702276322339, 'level': 'ALL', 'message': '12-11 08:22:24.772  9415  9415 D AndroidRuntime: >>>>>> START com.android.internal.os.RuntimeInit uid 2000 <<<<<<'}
{'timestamp': 1702276322339, 'level': 'ALL', 'message': '12-11 08:22:24.774  9415  9415 E libc    : Access denied finding property "persist.device_config.runtime_native_boot.profilebootclasspath"'}
{'timestamp': 1702276322339, 'level': 'ALL', 'message': '12-11 08:22:24.774  9415  9415 E libc    : Access denied finding property "persist.device_config.runtime_native_boot.enable_apex_image"'}
{'timestamp': 1702276322339, 'level': 'ALL', 'message': '12-11 08:22:24.774  9415  9415 I AndroidRuntime: Using default boot image'}
{'timestamp': 1702276322339, 'level': 'ALL', 'message': '12-11 08:22:24.774  9415  9415 E libc    : Access denied finding property "persist.device_config.runtime_native_boot.disable_lock_profiling"'}
{'timestamp': 1702276322339, 'level': 'ALL', 'message': '12-11 08:22:24.774  9415  9415 I AndroidRuntime: Leaving lock profiling enabled'}
{'timestamp': 1702276322339, 'level': 'ALL', 'message': '12-11 08:22:24.774  9415  9415 E libc    : Access denied finding property "persist.device_config.runtime_native_boot.enable_generational_cc"'}
{'timestamp': 1702276322339, 'level': 'ALL', 'message': '12-11 08:22:24.770  9415  9415 W app_process: type=1400 audit(0.0:4402): avc: denied { read } for name="u:object_r:device_config_runtime_native_boot_prop:s0" dev="tmpfs" ino=10387 scontext=u:r:shell:s0 tcontext=u:object_r:device_config_runtime_native_boot_prop:s0 tclass=file permissive=0'}
{'timestamp': 1702276322339, 'level': 'ALL', 'message': '12-11 08:22:24.770  9415  9415 I chatty  : uid=2000(shell) app_process identical 2 lines'}
{'timestamp': 1702276322339, 'level': 'ALL', 'message': '12-11 08:22:24.770  9415  9415 W app_process: type=1400 audit(0.0:4405): avc: denied { read } for name="u:object_r:device_config_runtime_native_boot_prop:s0" dev="tmpfs" ino=10387 scontext=u:r:shell:s0 tcontext=u:object_r:device_config_runtime_native_boot_prop:s0 tclass=file permissive=0'}
{'timestamp': 1702276322339, 'level': 'ALL', 'message': '12-11 08:22:24.832  9415  9415 D app_process: Time zone APEX ICU file found: /apex/com.android.tzdata/etc/icu/icu_tzdata.dat'}
{'timestamp': 1702276322339, 'level': 'ALL', 'message': '12-11 08:22:24.832  9415  9415 D app_process: I18n APEX ICU file found: /apex/com.android.i18n/etc/icu/icudt66l.dat'}
{'timestamp': 1702276322339, 'level': 'ALL', 'message': '12-11 08:22:24.842  9415  9415 W app_process: Unexpected CPU variant for X86 using defaults: x86'}
{'timestamp': 1702276322339, 'level': 'ALL', 'message': '12-11 08:22:24.845  9415  9415 I app_process: The ClassLoaderContext is a special shared library.'}
{'timestamp': 1702276322339, 'level': 'ALL', 'message': '12-11 08:22:24.859  9415  9415 W app_process: JNI RegisterNativeMethods: attempt to register 0 native methods for android.media.AudioAttributes'}
{'timestamp': 1702276322339, 'level': 'ALL', 'message': '12-11 08:22:24.866  9415  9415 D AndroidRuntime: Calling main entry com.android.commands.am.Am'}
{'timestamp': 1702276322339, 'level': 'ALL', 'message': '12-11 08:22:24.874 31652  1224 I ActivityManager: Force stopping io.appium.uiautomator2.server appid=10157 user=0: start instr'}
{'timestamp': 1702276322339, 'level': 'ALL', 'message': '12-11 08:22:24.876 31652  1224 D CompatibilityChangeReporter: Compat change id reported: 135634846; UID 10157; state: DISABLED'}
{'timestamp': 1702276322339, 'level': 'ALL', 'message': '12-11 08:22:24.878 31652 31745 D CompatibilityChangeReporter: Compat change id reported: 143937733; UID 10157; state: ENABLED'}
{'timestamp': 1702276322339, 'level': 'ALL', 'message': '12-11 08:22:24.884 31506 31506 D Zygote  : Forked child process 9430'}
{'timestamp': 1702276322339, 'level': 'ALL', 'message': '12-11 08:22:24.897  9430  9430 I tomator2.serve: Late-enabling -Xcheck:jni'}
{'timestamp': 1702276322339, 'level': 'ALL', 'message': '12-11 08:22:24.902 31652 31745 I ActivityManager: Start proc 9430:io.appium.uiautomator2.server/u0a157 for added application io.appium.uiautomator2.server'}
{'timestamp': 1702276322339, 'level': 'ALL', 'message': '12-11 08:22:24.910  9430  9430 I tomator2.serve: Unquickening 12 vdex files!'}
{'timestamp': 1702276322339, 'level': 'ALL', 'message': '12-11 08:22:24.911  9430  9430 W tomator2.serve: Unexpected CPU variant for X86 using defaults: x86'}
{'timestamp': 1702276322339, 'level': 'ALL', 'message': '12-11 08:22:24.927  1912  1939 I adbd    : jdwp connection from 9430'}
{'timestamp': 1702276322339, 'level': 'ALL', 'message': '12-11 08:22:24.960  9430  9430 I tomator2.serve: The ClassLoaderContext is a special shared library.'}
{'timestamp': 1702276322339, 'level': 'ALL', 'message': '12-11 08:22:24.962  9430  9430 I chatty  : uid=10157(io.appium.uiautomator2.server) identical 1 line'}
{'timestamp': 1702276322339, 'level': 'ALL', 'message': '12-11 08:22:24.965  9430  9430 I tomator2.serve: The ClassLoaderContext is a special shared library.'}
{'timestamp': 1702276322339, 'level': 'ALL', 'message': '12-11 08:22:24.966  9430  9430 W tomator2.serve: ClassLoaderContext classpath size mismatch. expected=0, found=3 (PCL[]{PCL[/system/framework/android.test.base.jar*315452938]#PCL[/system/framework/android.test.mock.jar*239297726]{PCL[/system/framework/android.test.base.jar*315452938]}#PCL[/system/framework/android.test.runner.jar*2931394026]{PCL[/system/framework/android.test.base.jar*315452938]#PCL[/system/framework/android.test.mock.jar*239297726]{PCL[/system/framework/android.test.base.jar*315452938]}}} | PCL[/system/framework/android.test.runner.jar*2931394026:/system/framework/android.test.mock.jar*239297726:/system/framework/android.test.base.jar*315452938])'}
{'timestamp': 1702276322339, 'level': 'ALL', 'message': '12-11 08:22:24.969  9430  9430 W tomator2.serve: ClassLoaderContext classpath size mismatch. expected=0, found=7 (PCL[] | PCL[/system/framework/android.test.runner.jar*2931394026:/system/framework/android.test.mock.jar*239297726:/system/framework/android.test.base.jar*315452938:/data/app/~~H-ZZcCtrcyZ8YvQ8dbNL0w==/io.appium.uiautomator2.server.test-HtlBHOEB9spqg6V8nxbMvA==/base.apk*687247646:/data/app/~~H-ZZcCtrcyZ8YvQ8dbNL0w==/io.appium.uiautomator2.server.test-HtlBHOEB9spqg6V8nxbMvA==/base.apk!classes2.dex*4100630800:/data/app/~~H-ZZcCtrcyZ8YvQ8dbNL0w==/io.appium.uiautomator2.server.test-HtlBHOEB9spqg6V8nxbMvA==/base.apk!classes3.dex*453249084:/data/app/~~H-ZZcCtrcyZ8YvQ8dbNL0w==/io.appium.uiautomator2.server.test-HtlBHOEB9spqg6V8nxbMvA==/base.apk!classes4.dex*3854027553])'}
{'timestamp': 1702276322339, 'level': 'ALL', 'message': '12-11 08:22:24.970  9430  9430 W tomator2.serve: Found duplicate classes, falling back to extracting from APK : /data/app/~~hXRTy2FDcTfFwNIuEDVqvA==/io.appium.uiautomator2.server-0sYJHyDtLwZBVo4NIPDNQg==/base.apk'}
{'timestamp': 1702276322339, 'level': 'ALL', 'message': '12-11 08:22:24.970  9430  9430 W tomator2.serve: NOTE: This wastes RAM and hurts startup performance.'}
{'timestamp': 1702276322339, 'level': 'ALL', 'message': "12-11 08:22:24.970  9430  9430 W tomator2.serve: Found duplicated class when checking oat files: 'Ljunit/framework/Assert;' in /system/framework/android.test.base.jar and /data/app/~~hXRTy2FDcTfFwNIuEDVqvA==/io.appium.uiautomator2.server-0sYJHyDtLwZBVo4NIPDNQg==/base.apk"}
{'timestamp': 1702276322339, 'level': 'ALL', 'message': '12-11 08:22:25.107  9430  9430 D ApplicationLoaders: Returning zygote-cached class loader: /system/framework/android.test.base.jar'}
{'timestamp': 1702276322339, 'level': 'ALL', 'message': '12-11 08:22:25.108  9430  9430 D ApplicationLoaders: Returning zygote-cached class loader: /system/framework/android.test.base.jar'}
{'timestamp': 1702276322339, 'level': 'ALL', 'message': '12-11 08:22:25.110  9430  9430 I tomator2.serve: The ClassLoaderContext is a special shared library.'}
{'timestamp': 1702276322339, 'level': 'ALL', 'message': '12-11 08:22:25.113  9430  9430 D ApplicationLoaders: Returning zygote-cached class loader: /system/framework/android.test.base.jar'}
{'timestamp': 1702276322339, 'level': 'ALL', 'message': '12-11 08:22:25.113  9430  9430 D ApplicationLoaders: Returning zygote-cached class loader: /system/framework/android.test.base.jar'}
{'timestamp': 1702276322339, 'level': 'ALL', 'message': '12-11 08:22:25.114  9430  9430 I tomator2.serve: The ClassLoaderContext is a special shared library.'}
{'timestamp': 1702276322339, 'level': 'ALL', 'message': '12-11 08:22:25.118  9430  9430 I chatty  : uid=10157(io.appium.uiautomator2.server) identical 2 lines'}
{'timestamp': 1702276322339, 'level': 'ALL', 'message': '12-11 08:22:25.118  9430  9430 I tomator2.serve: The ClassLoaderContext is a special shared library.'}
{'timestamp': 1702276322339, 'level': 'ALL', 'message': '12-11 08:22:25.119  9430  9430 W tomator2.serve: ClassLoaderContext classpath size mismatch. expected=0, found=3 (PCL[]{PCL[/system/framework/android.test.base.jar*315452938]#PCL[/system/framework/android.test.mock.jar*239297726]{PCL[/system/framework/android.test.base.jar*315452938]}#PCL[/system/framework/android.test.runner.jar*2931394026]{PCL[/system/framework/android.test.base.jar*315452938]#PCL[/system/framework/android.test.mock.jar*239297726]{PCL[/system/framework/android.test.base.jar*315452938]}}} | PCL[/system/framework/android.test.runner.jar*2931394026:/system/framework/android.test.mock.jar*239297726:/system/framework/android.test.base.jar*315452938]{PCL[/system/framework/android.test.base.jar*315452938]#PCL[/system/framework/android.test.mock.jar*239297726]{PCL[/system/framework/android.test.base.jar*315452938]}#PCL[/system/framework/android.test.runner.jar*2931394026]{PCL[/system/framework/android.test.base.jar*315452938]#PCL[/system/framework/android.test.mock.jar*239297726]{PCL[/system/framework/android.test.base.jar*315452938]}}};PCL[/system/framework/android.test.runner.jar*2931394026:/system/framework/android.test.mock.jar*239297726:/system/framework/android.test.base.jar*315452938:/data/app/~~H-ZZcCtrcyZ8YvQ8dbNL0w==/io.appium.uiautomator2.server.test-HtlBHOEB9spqg6V8nxbMvA==/base.apk*687247646:/data/app/~~H-ZZcCtrcyZ8YvQ8dbNL0w==/io.appium.uiautomator2.server.test-HtlBHOEB9spqg6V8nxbMvA==/base.apk!classes2.dex*4100630800:/data/app/~~H-ZZcCtrcyZ8YvQ8dbNL0w==/io.appium.uiautomator2.server.test-HtlBHOEB9spqg6V8nxbMvA==/base.apk!classes3.dex*453249084:/data/app/~~H-ZZcCtrcyZ8YvQ8dbNL0w==/io.appium.uiautomator2.server.test-HtlBHOEB9spqg6V8nxbMvA==/base.apk!classes4.dex*3854027553:/data/app/~~hXRTy2FDcTfFwNIuEDVqvA==/io.appium.uiautomator2.server-0sYJHyDtLwZBVo4NIPDNQg==/base.apk*1922397569:/data/app/~~hXRTy2FDcTfFwNIuEDVqvA==/io.appium.uiautomator2.server-0sYJHyDtLwZBVo4NIPDNQg==/base.apk!classes2.dex*3876754:/data/app/~~hXRTy2FDcTfFwNIuEDVqvA==/io.appium.uiautomator2.server-0sYJHyDtLwZBVo4NIPDNQg==/base.apk!classes3.dex*2970867877:/data/app/~~hXRTy2FDcTfFwNIuEDVqvA==/io.appium.uiautomator2.server-0sYJHyDtLwZBVo4NIPDNQg==/base.apk!classes4.dex*2531160953:/data/app/~~hXRTy2FDcTfFwNIuEDVqvA==/io.appium.uiautomator2.server-0sYJHyDtLwZBVo4NIPDNQg==/base.apk!classes5.dex*2767942814:/data/app/~~hXRTy2FDcTfFwNIuEDVqvA==/io.appium.uiautomator2.server-0sYJHyDtLwZBVo4NIPDNQg==/base.apk!classes6.dex*186635361:/data/app/~~hXRTy2FDcTfFwNIuEDVqvA==/io.appium.uiautomator2.server-0sYJHyDtLwZBVo4NIPDNQg==/base.apk!classes7.dex*2618031622:/data/app/~~hXRTy2FDcTfFwNIuEDVqvA==/io.appium.uiautomator2.server-0sYJHyDtLwZBVo4NIPDNQg==/base.apk!classes8.dex*360180399:/data/app/~~hXRTy2FDcTfFwNIuEDVqvA==/io.appium.uiautomator2.server-0sYJHyDtLwZBVo4NIPDNQg==/base.apk!classes9.dex*2382545440:/data/app/~~hXRTy2FDcTfFwNIuEDVqvA==/io.appium.uiautomator2.server-0sYJHyDtLwZBVo4NIPDNQg==/base.apk!classes10.dex*3493382844:/data/app/~~hXRTy2FDcTfFwNIuEDVqvA==/io.appium.uiautomator2.server-0sYJHyDtLwZBVo4NIPDNQg==/base.apk!classes11.dex*2965076158:/data/app/~~hXRTy2FDcTfFwNIuEDVqvA==/io.appium.uiautomator2.server-0sYJHyDtLwZBVo4NIPDNQg==/base.apk!classes12.dex*1142898992:/data/app/~~hXRTy2FDcTfFwNIuEDVqvA==/io.appium.uiautomator2.server-0sYJHyDtLwZBVo4NIPDNQg==/base.apk!classes13.dex*2435156123:/data/app/~~hXRTy2FDcTfFwNIuEDVqvA==/io.appium.uiautomator2.server-0sYJHyDtLwZBVo4NIPDNQg==/base.apk!classes14.dex*4011978266:/data/app/~~hXRTy2FDcTfFwNIuEDVqvA==/io.appium.uiautomator2.server-0sYJHyDtLwZBVo4NIPDNQg==/base.apk!classes15.dex*4162793483:/data/app/~~hXRTy2FDcTfFwNIuEDVqvA==/io.appium.uiautomator2.server-0sYJHyDtLwZBVo4NIPDNQg==/base.apk!classes16.dex*2209479777])'}
{'timestamp': 1702276322339, 'level': 'ALL', 'message': '12-11 08:22:25.119  9430  9430 W tomator2.serve: Found duplicate classes, falling back to extracting from APK : /data/app/~~H-ZZcCtrcyZ8YvQ8dbNL0w==/io.appium.uiautomator2.server.test-HtlBHOEB9spqg6V8nxbMvA==/base.apk'}
{'timestamp': 1702276322339, 'level': 'ALL', 'message': '12-11 08:22:25.119  9430  9430 W tomator2.serve: NOTE: This wastes RAM and hurts startup performance.'}
{'timestamp': 1702276322339, 'level': 'ALL', 'message': "12-11 08:22:25.119  9430  9430 W tomator2.serve: Found duplicated class when checking oat files: 'Landroidx/test/ext/junit/R$style;' in /data/app/~~H-ZZcCtrcyZ8YvQ8dbNL0w==/io.appium.uiautomator2.server.test-HtlBHOEB9spqg6V8nxbMvA==/base.apk!classes2.dex and /data/app/~~H-ZZcCtrcyZ8YvQ8dbNL0w==/io.appium.uiautomator2.server.test-HtlBHOEB9spqg6V8nxbMvA==/base.apk!classes2.dex"}
{'timestamp': 1702276322339, 'level': 'ALL', 'message': '12-11 08:22:25.127  9430  9430 W tomator2.serve: ClassLoaderContext classpath size mismatch. expected=0, found=7 (PCL[] | PCL[/system/framework/android.test.runner.jar*2931394026:/system/framework/android.test.mock.jar*239297726:/system/framework/android.test.base.jar*315452938:/data/app/~~H-ZZcCtrcyZ8YvQ8dbNL0w==/io.appium.uiautomator2.server.test-HtlBHOEB9spqg6V8nxbMvA==/base.apk*687247646:/data/app/~~H-ZZcCtrcyZ8YvQ8dbNL0w==/io.appium.uiautomator2.server.test-HtlBHOEB9spqg6V8nxbMvA==/base.apk!classes2.dex*4100630800:/data/app/~~H-ZZcCtrcyZ8YvQ8dbNL0w==/io.appium.uiautomator2.server.test-HtlBHOEB9spqg6V8nxbMvA==/base.apk!classes3.dex*453249084:/data/app/~~H-ZZcCtrcyZ8YvQ8dbNL0w==/io.appium.uiautomator2.server.test-HtlBHOEB9spqg6V8nxbMvA==/base.apk!classes4.dex*3854027553]{PCL[/system/framework/android.test.base.jar*315452938]#PCL[/system/framework/android.test.mock.jar*239297726]{PCL[/system/framework/android.test.base.jar*315452938]}#PCL[/system/framework/android.test.runner.jar*2931394026]{PCL[/system/framework/android.test.base.jar*315452938]#PCL[/system/framework/android.test.mock.jar*239297726]{PCL[/system/framework/android.test.base.jar*315452938]}}};PCL[/system/framework/android.test.runner.jar*2931394026:/system/framework/android.test.mock.jar*239297726:/system/framework/android.test.base.jar*315452938:/data/app/~~H-ZZcCtrcyZ8YvQ8dbNL0w==/io.appium.uiautomator2.server.test-HtlBHOEB9spqg6V8nxbMvA==/base.apk*687247646:/data/app/~~H-ZZcCtrcyZ8YvQ8dbNL0w==/io.appium.uiautomator2.server.test-HtlBHOEB9spqg6V8nxbMvA==/base.apk!classes2.dex*4100630800:/data/app/~~H-ZZcCtrcyZ8YvQ8dbNL0w==/io.appium.uiautomator2.server.test-HtlBHOEB9spqg6V8nxbMvA==/base.apk!classes3.dex*453249084:/data/app/~~H-ZZcCtrcyZ8YvQ8dbNL0w==/io.appium.uiautomator2.server.test-HtlBHOEB9spqg6V8nxbMvA==/base.apk!classes4.dex*3854027553:/data/app/~~hXRTy2FDcTfFwNIuEDVqvA==/io.appium.uiautomator2.server-0sYJHyDtLwZBVo4NIPDNQg==/base.apk*1922397569:/data/app/~~hXRTy2FDcTfFwNIuEDVqvA==/io.appium.uiautomator2.server-0sYJHyDtLwZBVo4NIPDNQg==/base.apk!classes2.dex*3876754:/data/app/~~hXRTy2FDcTfFwNIuEDVqvA==/io.appium.uiautomator2.server-0sYJHyDtLwZBVo4NIPDNQg==/base.apk!classes3.dex*2970867877:/data/app/~~hXRTy2FDcTfFwNIuEDVqvA==/io.appium.uiautomator2.server-0sYJHyDtLwZBVo4NIPDNQg==/base.apk!classes4.dex*2531160953:/data/app/~~hXRTy2FDcTfFwNIuEDVqvA==/io.appium.uiautomator2.server-0sYJHyDtLwZBVo4NIPDNQg==/base.apk!classes5.dex*2767942814:/data/app/~~hXRTy2FDcTfFwNIuEDVqvA==/io.appium.uiautomator2.server-0sYJHyDtLwZBVo4NIPDNQg==/base.apk!classes6.dex*186635361:/data/app/~~hXRTy2FDcTfFwNIuEDVqvA==/io.appium.uiautomator2.server-0sYJHyDtLwZBVo4NIPDNQg==/base.apk!classes7.dex*2618031622:/data/app/~~hXRTy2FDcTfFwNIuEDVqvA==/io.appium.uiautomator2.server-0sYJHyDtLwZBVo4NIPDNQg==/base.apk!classes8.dex*360180399:/data/app/~~hXRTy2FDcTfFwNIuEDVqvA==/io.appium.uiautomator2.server-0sYJHyDtLwZBVo4NIPDNQg==/base.apk!classes9.dex*2382545440:/data/app/~~hXRTy2FDcTfFwNIuEDVqvA==/io.appium.uiautomator2.server-0sYJHyDtLwZBVo4NIPDNQg==/base.apk!classes10.dex*3493382844:/data/app/~~hXRTy2FDcTfFwNIuEDVqvA==/io.appium.uiautomator2.server-0sYJHyDtLwZBVo4NIPDNQg==/base.apk!classes11.dex*2965076158:/data/app/~~hXRTy2FDcTfFwNIuEDVqvA==/io.appium.uiautomator2.server-0sYJHyDtLwZBVo4NIPDNQg==/base.apk!classes12.dex*1142898992:/data/app/~~hXRTy2FDcTfFwNIuEDVqvA==/io.appium.uiautomator2.server-0sYJHyDtLwZBVo4NIPDNQg==/base.apk!classes13.dex*2435156123:/data/app/~~hXRTy2FDcTfFwNIuEDVqvA==/io.appium.uiautomator2.server-0sYJHyDtLwZBVo4NIPDNQg==/base.apk!classes14.dex*4011978266:/data/app/~~hXRTy2FDcTfFwNIuEDVqvA==/io.appium.uiautomator2.server-0sYJHyDtLwZBVo4NIPDNQg==/base.apk!classes15.dex*4162793483:/data/app/~~hXRTy2FDcTfFwNIuEDVqvA==/io.appium.uiautomator2.server-0sYJHyDtLwZBVo4NIPDNQg==/base.apk!classes16.dex*2209479777])'}
{'timestamp': 1702276322339, 'level': 'ALL', 'message': '12-11 08:22:25.128  9430  9430 W tomator2.serve: Found duplicate classes, falling back to extracting from APK : /data/app/~~hXRTy2FDcTfFwNIuEDVqvA==/io.appium.uiautomator2.server-0sYJHyDtLwZBVo4NIPDNQg==/base.apk'}
{'timestamp': 1702276322339, 'level': 'ALL', 'message': '12-11 08:22:25.128  9430  9430 W tomator2.serve: NOTE: This wastes RAM and hurts startup performance.'}
{'timestamp': 1702276322339, 'level': 'ALL', 'message': "12-11 08:22:25.128  9430  9430 W tomator2.serve: Found duplicated class when checking oat files: 'Landroid_libs/ub_uiautomator/R;' in /data/app/~~hXRTy2FDcTfFwNIuEDVqvA==/io.appium.uiautomator2.server-0sYJHyDtLwZBVo4NIPDNQg==/base.apk!classes2.dex and /data/app/~~hXRTy2FDcTfFwNIuEDVqvA==/io.appium.uiautomator2.server-0sYJHyDtLwZBVo4NIPDNQg==/base.apk!classes2.dex"}
{'timestamp': 1702276322339, 'level': 'ALL', 'message': '12-11 08:22:25.263  9430  9430 W tomator2.serve: Accessing hidden method Landroid/app/Instrumentation;->execStartActivity(Landroid/content/Context;Landroid/os/IBinder;Landroid/os/IBinder;Landroid/app/Activity;Landroid/content/Intent;ILandroid/os/Bundle;)Landroid/app/Instrumentation$ActivityResult; (greylist, linking, allowed)'}
{'timestamp': 1702276322339, 'level': 'ALL', 'message': '12-11 08:22:25.263  9430  9430 W tomator2.serve: Accessing hidden method Landroid/app/Instrumentation;->execStartActivity(Landroid/content/Context;Landroid/os/IBinder;Landroid/os/IBinder;Ljava/lang/String;Landroid/content/Intent;ILandroid/os/Bundle;)Landroid/app/Instrumentation$ActivityResult; (greylist, linking, allowed)'}
{'timestamp': 1702276322339, 'level': 'ALL', 'message': '12-11 08:22:25.278  9430  9430 D NetworkSecurityConfig: No Network Security Config specified, using platform default'}
{'timestamp': 1702276322339, 'level': 'ALL', 'message': '12-11 08:22:25.279  9430  9430 D NetworkSecurityConfig: No Network Security Config specified, using platform default'}
{'timestamp': 1702276322339, 'level': 'ALL', 'message': '12-11 08:22:25.279  9430  9430 I MonitoringInstr: newApplication called!'}
{'timestamp': 1702276322339, 'level': 'ALL', 'message': '12-11 08:22:25.283  9430  9430 I MonitoringInstr: Instrumentation started!'}
{'timestamp': 1702276322339, 'level': 'ALL', 'message': '12-11 08:22:25.298  9430  9430 I AndroidJUnitRunner: onCreate Bundle[{disableAnalytics=true}]'}
{'timestamp': 1702276322339, 'level': 'ALL', 'message': '12-11 08:22:25.303  9430  9430 V TestEventClient: No service name argument was given (testDiscoveryService, testRunEventService or orchestratorService)'}
{'timestamp': 1702276322339, 'level': 'ALL', 'message': '12-11 08:22:25.307  9430  9452 D AndroidJUnitRunner: onStart is called.'}
{'timestamp': 1702276322339, 'level': 'ALL', 'message': '12-11 08:22:25.310  9430  9430 I MonitoringInstr: No JSBridge.'}
{'timestamp': 1702276322339, 'level': 'ALL', 'message': '12-11 08:22:25.338  9430  9452 D TestRequestBuilder: Using class path scanning to discover tests'}
{'timestamp': 1702276322339, 'level': 'ALL', 'message': '12-11 08:22:25.338  9430  9452 I TestRequestBuilder: Scanning classpath to find tests in paths [/data/app/~~H-ZZcCtrcyZ8YvQ8dbNL0w==/io.appium.uiautomator2.server.test-HtlBHOEB9spqg6V8nxbMvA==/base.apk]'}
{'timestamp': 1702276322339, 'level': 'ALL', 'message': '12-11 08:22:25.341  9430  9452 W tomator2.serve: Opening an oat file without a class loader. Are you using the deprecated DexFile APIs?'}
{'timestamp': 1702276322339, 'level': 'ALL', 'message': '12-11 08:22:25.403  9430  9452 D AndroidJUnitRunner: Use the raw file system for managing file I/O.'}
{'timestamp': 1702276322339, 'level': 'ALL', 'message': '12-11 08:22:25.413  9430  9452 D TestExecutor: Adding listener androidx.test.internal.runner.listener.LogRunListener'}
{'timestamp': 1702276322339, 'level': 'ALL', 'message': '12-11 08:22:25.414  9430  9452 D TestExecutor: Adding listener androidx.test.internal.runner.listener.InstrumentationResultPrinter'}
{'timestamp': 1702276322339, 'level': 'ALL', 'message': '12-11 08:22:25.415  9430  9452 D TestExecutor: Adding listener androidx.test.internal.runner.listener.ActivityFinisherRunListener'}
{'timestamp': 1702276322339, 'level': 'ALL', 'message': '12-11 08:22:25.415  9430  9452 D TestExecutor: Adding listener androidx.test.internal.runner.listener.TraceRunListener'}
{'timestamp': 1702276322339, 'level': 'ALL', 'message': '12-11 08:22:25.421  9430  9452 I TestRunner: run started: 1 tests'}
{'timestamp': 1702276322339, 'level': 'ALL', 'message': '12-11 08:22:25.426  9430  9452 I TestRunner: started: startServer(io.appium.uiautomator2.server.test.AppiumUiAutomator2Server)'}
{'timestamp': 1702276322339, 'level': 'ALL', 'message': '12-11 08:22:25.435  9430  9452 I appium  : [AppiumUiAutomator2Server] Starting Server'}
{'timestamp': 1702276322339, 'level': 'ALL', 'message': "12-11 08:22:25.695  1912  1912 E adbd    : failed to connect to socket 'tcp:6790': Connection refused"}
{'timestamp': 1702276322339, 'level': 'ALL', 'message': '12-11 08:22:26.437  9430  9452 I appium  : Starting MJPEG Server'}
{'timestamp': 1702276322339, 'level': 'ALL', 'message': '12-11 08:22:26.441  9430  9452 I appium  : MJPEG Server started'}
{'timestamp': 1702276322339, 'level': 'ALL', 'message': '12-11 08:22:26.445  9430  9455 I appium  : ServerSocket created on port 7810'}
{'timestamp': 1702276322339, 'level': 'ALL', 'message': '12-11 08:22:26.476  9430  9452 I appium  : AndroidServer created on port 6790'}
{'timestamp': 1702276322339, 'level': 'ALL', 'message': '12-11 08:22:26.476  9430  9452 I appium  : io.appium.uiautomator2.server started:'}
{'timestamp': 1702276322339, 'level': 'ALL', 'message': '12-11 08:22:26.513   517   929 I fvbt    : (REDACTED) #onAccessibilityStateChanged enabled: %s'}
{'timestamp': 1702276322339, 'level': 'ALL', 'message': '12-11 08:22:26.514   517   979 I fvbt    : #onChange'}
{'timestamp': 1702276322340, 'level': 'ALL', 'message': '12-11 08:22:26.515   517   979 I cmrs    : #FCF: onChange'}
{'timestamp': 1702276322340, 'level': 'ALL', 'message': '12-11 08:22:26.515   517   979 I cmrw    : (REDACTED) FCF System FeatureName to check: %s'}
{'timestamp': 1702276322340, 'level': 'ALL', 'message': '12-11 08:22:26.515   517  1099 I cmrt    : FCF A11y Checker - readyForTngMa'}
{'timestamp': 1702276322340, 'level': 'ALL', 'message': '12-11 08:22:26.515   517   979 I cmrw    : (REDACTED) FCF: Device model check status : %s'}
{'timestamp': 1702276322340, 'level': 'ALL', 'message': '12-11 08:22:26.518   517   979 I cmrc    : (REDACTED) #FCF: Assistant primary locale : %s'}
{'timestamp': 1702276322340, 'level': 'ALL', 'message': '12-11 08:22:26.518   517   979 I cmrc    : (REDACTED) #FCF: Assistant Primary locale check status : %s'}
{'timestamp': 1702276322340, 'level': 'ALL', 'message': '12-11 08:22:26.539   517   979 I cmuh    : (REDACTED) #FCF: Managed profile check status : %s'}
{'timestamp': 1702276322340, 'level': 'ALL', 'message': '12-11 08:22:26.539   517   979 I cmug    : (REDACTED) #FCF: Demo mode check status : %s'}
{'timestamp': 1702276322340, 'level': 'ALL', 'message': '12-11 08:22:26.550  9430  9457 I appium  : Started UiAutomator2 io.appium.uiautomator2.http io.appium.uiautomator2.server on port 6790'}
{'timestamp': 1702276322340, 'level': 'ALL', 'message': '12-11 08:22:26.558   517  1099 I cmuj    : (REDACTED) [%d] productivity accounts setup for current account.'}
{'timestamp': 1702276322340, 'level': 'ALL', 'message': "12-11 08:22:26.559   653   830 I bfxf    : NGA disabled since it's running Panthera and at least one a11y feature is on."}
{'timestamp': 1702276322340, 'level': 'ALL', 'message': '12-11 08:22:26.559   653   830 I bfxf    : (REDACTED) Nga state changed to %s'}
{'timestamp': 1702276322340, 'level': 'ALL', 'message': '12-11 08:22:26.560   653   830 I bfxf    : (REDACTED) isTngActive=%s'}
{'timestamp': 1702276322340, 'level': 'ALL', 'message': '12-11 08:22:26.567   653  8458 I aoso    : (REDACTED) Successfully received auth token for scope: %s in time %d ms'}
{'timestamp': 1702276322340, 'level': 'ALL', 'message': '12-11 08:22:26.573   517  1099 I cmya    : (REDACTED) #FCF evaluate: %s'}
{'timestamp': 1702276322340, 'level': 'ALL', 'message': '12-11 08:22:26.573   517   979 I zvn     : (REDACTED) Nga on-device enabled based on TNG:MA active state: %b'}
{'timestamp': 1702276322340, 'level': 'ALL', 'message': '12-11 08:22:26.573   517   979 I zvn     : (REDACTED) Nga on-device enabled based on TNG:MA active state: %b'}
{'timestamp': 1702276322340, 'level': 'ALL', 'message': '12-11 08:22:26.574   517   979 I zvn     : Unsubscribed to apa or classic variant change.'}
{'timestamp': 1702276322340, 'level': 'ALL', 'message': '12-11 08:22:26.576   517  1099 I cmya    : (REDACTED) TngMaStatusChecker#evaluateInternal completed in %s millis'}
{'timestamp': 1702276322340, 'level': 'ALL', 'message': '12-11 08:22:26.577   517  1099 I cmcg    : (REDACTED) TNG:MA status updated: %s'}
{'timestamp': 1702276322340, 'level': 'ALL', 'message': '12-11 08:22:26.578   517  1099 I cmcg    : TNG:MA became ineligible, client should disconnect'}
{'timestamp': 1702276322340, 'level': 'ALL', 'message': '12-11 08:22:26.587   517  1099 I cmcg    : (REDACTED) Disconnecting: %s'}
{'timestamp': 1702276322340, 'level': 'ALL', 'message': '12-11 08:22:26.587   517  1099 I cmhx    : #unregisterBluetoothDevicesAvailabilityListener'}
{'timestamp': 1702276322340, 'level': 'ALL', 'message': '12-11 08:22:26.588   517  1099 I cmya    : #invalidationSource: adding saa update checker'}
{'timestamp': 1702276322340, 'level': 'ALL', 'message': '12-11 08:22:26.593   517   979 I cmhx    : #unregisterBistoDevicesAvailabilityListener'}
{'timestamp': 1702276322340, 'level': 'ALL', 'message': '12-11 08:22:26.593   517   979 I cmhx    : enableBistoRouteIntegration disabled'}
{'timestamp': 1702276322340, 'level': 'ALL', 'message': '12-11 08:22:26.593   517   979 I cmhx    : #unregisterActivityTransitions'}
{'timestamp': 1702276322340, 'level': 'ALL', 'message': '12-11 08:22:26.593   517   979 I cmhx    : #unsubscribeFromHeadsetEventsForEarcons'}
{'timestamp': 1702276322340, 'level': 'ALL', 'message': '12-11 08:22:26.594   517   979 I cmhx    : #enableGmmTravelModeLogging flag disabled.'}
{'timestamp': 1702276322340, 'level': 'ALL', 'message': '12-11 08:22:26.594   517   979 I cqpb    : #unregisterShellAppInstallationReceiver'}
{'timestamp': 1702276322340, 'level': 'ALL', 'message': '12-11 08:22:26.594   517   979 I cmhx    : (REDACTED) Disconnect Reasons: %s'}
{'timestamp': 1702276322340, 'level': 'ALL', 'message': '12-11 08:22:26.595   517   979 I cmhx    : Client successfully disconnected'}
{'timestamp': 1702276322340, 'level': 'ALL', 'message': '12-11 08:22:26.595   517   979 I cmib    : (REDACTED) Updated TngActivationStateResult %s'}
{'timestamp': 1702276322340, 'level': 'ALL', 'message': '12-11 08:22:26.596   517   979 I cmib    : (REDACTED) Emit result=%s'}
{'timestamp': 1702276322340, 'level': 'ALL', 'message': '12-11 08:22:26.597   517   979 I cmgb    : Scheduling removing Phenotype experience experiments id'}
{'timestamp': 1702276322340, 'level': 'ALL', 'message': '12-11 08:22:26.597   517   979 I cmcg    : Disconnected'}
{'timestamp': 1702276322340, 'level': 'ALL', 'message': '12-11 08:22:26.598   517   979 I cmhx    : Subscription was cancelled.'}
{'timestamp': 1702276322340, 'level': 'ALL', 'message': '12-11 08:22:26.599   517  1066 I ckxv    : Disconnecting'}
{'timestamp': 1702276322340, 'level': 'ALL', 'message': '12-11 08:22:26.600   517   979 I gcsr    : (REDACTED) Connection(%s) completed.'}
{'timestamp': 1702276322340, 'level': 'ALL', 'message': '12-11 08:22:26.607   517  1099 I gckv    : (REDACTED) Client connections changed: %s.'}
{'timestamp': 1702276322340, 'level': 'ALL', 'message': '12-11 08:22:26.613   517   979 I gcss    : (REDACTED) Connection(%s) removed, total(%d).'}
{'timestamp': 1702276322340, 'level': 'ALL', 'message': '12-11 08:22:26.615   517  1099 I gcur    : (REDACTED) Shutdown triggering managed lifecycle(%s)'}
{'timestamp': 1702276322340, 'level': 'ALL', 'message': '12-11 08:22:26.616   517  1099 I chatty  : uid=10109(com.google.android.googlequicksearchbox) Lite Thread #1 identical 6 lines'}
{'timestamp': 1702276322340, 'level': 'ALL', 'message': '12-11 08:22:26.616   517  1099 I gcur    : (REDACTED) Shutdown triggering managed lifecycle(%s)'}
{'timestamp': 1702276322340, 'level': 'ALL', 'message': '12-11 08:22:26.618   517  1099 I gckv    : (REDACTED) Invocations routing has changed'}
{'timestamp': 1702276322340, 'level': 'ALL', 'message': '12-11 08:22:26.618   517  1099 I gckv    : %s'}
{'timestamp': 1702276322340, 'level': 'ALL', 'message': '12-11 08:22:26.630   517   979 I gcur    : (REDACTED) Shutdown triggering managed lifecycle(%s)'}
{'timestamp': 1702276322340, 'level': 'ALL', 'message': '12-11 08:22:26.637   517  1099 I gdbo    : (REDACTED) On hotword consumer changed: %s.'}
{'timestamp': 1702276322340, 'level': 'ALL', 'message': '12-11 08:22:26.638   517   938 I gcyb    : (REDACTED) Hotword consumer configuration has changed: %s.'}
{'timestamp': 1702276322340, 'level': 'ALL', 'message': '12-11 08:22:26.642   517   938 I gczx    : (REDACTED) Updating HDM frontend with configuration=@%s.'}
{'timestamp': 1702276322340, 'level': 'ALL', 'message': '12-11 08:22:26.643   517   938 I gqel    : (REDACTED) #update. Operational mode passed in HotwordConfig is %s'}
{'timestamp': 1702276322340, 'level': 'ALL', 'message': '12-11 08:22:26.644   517  1099 I gqel    : (REDACTED) Receive Accountid: %s'}
{'timestamp': 1702276322340, 'level': 'ALL', 'message': '12-11 08:22:26.653   517   979 I gqel    : #update inside sequencer'}
{'timestamp': 1702276322340, 'level': 'ALL', 'message': '12-11 08:22:26.653   517   979 I gqel    : #update inside sequencer after logAppFlowAfterAccountHandled finished.'}
{'timestamp': 1702276322340, 'level': 'ALL', 'message': '12-11 08:22:26.653   517   979 I gqel    : (REDACTED) needRefetchHotwordConfig: %b, accountChanged: %b, currentLocale: %s, newLocale: %s'}
{'timestamp': 1702276322340, 'level': 'ALL', 'message': '12-11 08:22:26.654   517   979 I gqel    : (REDACTED) getAllConfigAndTakeAction called because of %s'}
{'timestamp': 1702276322340, 'level': 'ALL', 'message': "12-11 08:22:26.654   517   979 W KeyphraseEnrollmentInfo: No enrollment application supports the given keyphrase/locale: 'X Google'/ru_RU"}
{'timestamp': 1702276322340, 'level': 'ALL', 'message': "12-11 08:22:26.654   517   979 W KeyphraseEnrollmentInfo: No enrollment application supports the given keyphrase/locale: 'X Google'/ru_RU"}
{'timestamp': 1702276322340, 'level': 'ALL', 'message': "12-11 08:22:26.654   517   979 W KeyphraseEnrollmentInfo: No enrollment application supports the given keyphrase/locale: 'X Google'/ar_EG"}
{'timestamp': 1702276322340, 'level': 'ALL', 'message': "12-11 08:22:26.654   517   979 W KeyphraseEnrollmentInfo: No enrollment application supports the given keyphrase/locale: 'X Google'/en_US"}
{'timestamp': 1702276322340, 'level': 'ALL', 'message': '12-11 08:22:26.654   517   979 W gqat    : (REDACTED) #getDspEnrollmentFallbackLocale cannot find a fallback locale for %s.'}
{'timestamp': 1702276322340, 'level': 'ALL', 'message': "12-11 08:22:26.654   517   979 W KeyphraseEnrollmentInfo: No enrollment application supports the given keyphrase/locale: 'Ok Google'/ru_RU"}
{'timestamp': 1702276322340, 'level': 'ALL', 'message': "12-11 08:22:26.654   517   979 W KeyphraseEnrollmentInfo: No enrollment application supports the given keyphrase/locale: 'Ok Google'/ar_EG"}
{'timestamp': 1702276322340, 'level': 'ALL', 'message': "12-11 08:22:26.654   517   979 W KeyphraseEnrollmentInfo: No enrollment application supports the given keyphrase/locale: 'Ok Google'/en_US"}
{'timestamp': 1702276322340, 'level': 'ALL', 'message': '12-11 08:22:26.654   517   979 W gqat    : (REDACTED) #getDspEnrollmentFallbackLocale cannot find a fallback locale for %s.'}
{'timestamp': 1702276322340, 'level': 'ALL', 'message': '12-11 08:22:26.654   517   979 I gqel    : (REDACTED) #getAllConfigAndTakeAction KeyphraseAndLocaleSupportResult. locale : %s, dsp locale : %s, keyphrase : %s, DSP keyphrase : %s, isKeyphraseAndLocaleSupported : %b.'}
{'timestamp': 1702276322340, 'level': 'ALL', 'message': '12-11 08:22:26.654   517   979 I gqat    : #canUseDownloadDspModel: no DspModelInformationAvailable'}
{'timestamp': 1702276322340, 'level': 'ALL', 'message': '12-11 08:22:26.654   517   979 I gqel    : (REDACTED) isDspHotwordSupportedByPlatform = %b, isDspHotwordModelAvailable = %b'}
{'timestamp': 1702276322340, 'level': 'ALL', 'message': '12-11 08:22:26.654   517   979 I gqay    : (REDACTED) Voice Match (Speaker-id) supported : %b'}
{'timestamp': 1702276322340, 'level': 'ALL', 'message': '12-11 08:22:26.655   517   979 I gqay    : (REDACTED) hotword enrollment state is enrolled:  %b, speakerId model exist: %b. Voice Match supported : %b'}
{'timestamp': 1702276322340, 'level': 'ALL', 'message': '12-11 08:22:26.655   517   979 I gqay    : (REDACTED) isHotwordAvailable():  %b, isHotwordEnabled() %b'}
{'timestamp': 1702276322340, 'level': 'ALL', 'message': '12-11 08:22:26.655   517   979 I gqay    : (REDACTED) Hotword enrollment state : %s.'}
{'timestamp': 1702276322340, 'level': 'ALL', 'message': '12-11 08:22:26.655   517   979 I gqay    : (REDACTED) Voice Match (Speaker-id) supported : %b'}
{'timestamp': 1702276322340, 'level': 'ALL', 'message': '12-11 08:22:26.655   517   979 I gqay    : (REDACTED) Hotword enrollment state : %s.'}
{'timestamp': 1702276322340, 'level': 'ALL', 'message': '12-11 08:22:26.656   653   959 I gqii    : (REDACTED) Calling setIsModelTypeDspSupported %s'}
{'timestamp': 1702276322340, 'level': 'ALL', 'message': '12-11 08:22:26.661   517   979 I gqfh    : (REDACTED) Operational mode passed in HotwordConfig is %s'}
{'timestamp': 1702276322340, 'level': 'ALL', 'message': '12-11 08:22:26.665   517   979 I gqay    : (REDACTED) Voice Match (Speaker-id) supported : %b'}
{'timestamp': 1702276322340, 'level': 'ALL', 'message': '12-11 08:22:26.665   517   979 I gqay    : (REDACTED) Voice Match (Speaker-id) supported : %b'}
{'timestamp': 1702276322340, 'level': 'ALL', 'message': '12-11 08:22:26.665   517   979 I gqay    : (REDACTED) hotword enrollment state is enrolled:  %b, speakerId model exist: %b, voice match supported : %b'}
{'timestamp': 1702276322340, 'level': 'ALL', 'message': '12-11 08:22:26.666   517   979 I gqay    : (REDACTED) Hotword enrollment state : %s.'}
{'timestamp': 1702276322340, 'level': 'ALL', 'message': '12-11 08:22:26.666   517   979 I gqay    : (REDACTED) Hotword isNonVoiceMatchHotwordEnabled: %b, isHotwordAvailable: %b, isHotwordEnabled: %b, isVoiceMatchSupported: %b, isHotwordEnrolled: %b,'}
{'timestamp': 1702276322340, 'level': 'ALL', 'message': '12-11 08:22:26.666   517   979 I gqay    : (REDACTED) Hotword enrollment state : %s.'}
{'timestamp': 1702276322340, 'level': 'ALL', 'message': '12-11 08:22:26.666   517   979 I gqez    : (REDACTED) #getNextAction. Voice match enabled: %b. Hotword (non-Voice Match) enabled: %b, incomplete enrollment state: %b, screen on: %b, screen locked: %b dsp available: %b'}
{'timestamp': 1702276322340, 'level': 'ALL', 'message': '12-11 08:22:26.666   517   979 I gqez    : (REDACTED) No operation needed since hotword detection is not running. Voice match enabled : %b. Hotword (non-Voice Match) enabled : %b, Is screen on : %b.'}
{'timestamp': 1702276322340, 'level': 'ALL', 'message': '12-11 08:22:26.666   517   979 I gqel    : No detectors created before, no need to reconfig.'}
{'timestamp': 1702276322340, 'level': 'ALL', 'message': '12-11 08:22:26.670   517   979 I gqel    : (REDACTED) Get the next action %s for requester %s.'}
{'timestamp': 1702276322340, 'level': 'ALL', 'message': '12-11 08:22:26.671   517   979 I gqel    : (REDACTED) Hotword detection is running : %b, no further operation required.'}
{'timestamp': 1702276322340, 'level': 'ALL', 'message': '12-11 08:22:26.677   517   979 I gqay    : (REDACTED) isHotwordAvailable():  %b, isHotwordEnabled() %b'}
{'timestamp': 1702276322340, 'level': 'ALL', 'message': '12-11 08:22:26.678   517   979 I gqel    : #logRequestHandlingNonErrorEndEvent. Reset requestIdOfFirstError, firstStartErrorCausesRetry and numOfRetriesDoneForDspStartErrors!'}
{'timestamp': 1702276322340, 'level': 'ALL', 'message': '12-11 08:22:26.681   517  1066 I gczx    : (REDACTED) Frontend=%s has been updated to configuration=%s.'}
{'timestamp': 1702276322340, 'level': 'ALL', 'message': '12-11 08:22:26.702  9430  9459 W tomator2.serve: Accessing hidden method Lsun/misc/VM;->maxDirectMemory()J (greylist, reflection, allowed)'}
{'timestamp': 1702276322340, 'level': 'ALL', 'message': "12-11 08:22:26.710  1912  1912 E adbd    : failed to connect to socket 'tcp:6790': Connection refused"}
{'timestamp': 1702276322340, 'level': 'ALL', 'message': '12-11 08:22:26.774  9430  9459 W tomator2.serve: Accessing hidden field Lsun/nio/ch/SelectorImpl;->selectedKeys:Ljava/util/Set; (greylist, reflection, allowed)'}
{'timestamp': 1702276322340, 'level': 'ALL', 'message': '12-11 08:22:26.774  9430  9459 W tomator2.serve: Accessing hidden field Lsun/nio/ch/SelectorImpl;->publicSelectedKeys:Ljava/util/Set; (greylist, reflection, allowed)'}
{'timestamp': 1702276322340, 'level': 'ALL', 'message': '12-11 08:22:26.846  9430  9430 W Thread-5: type=1400 audit(0.0:4406): avc: denied { read } for name="somaxconn" dev="proc" ino=1601403 scontext=u:r:untrusted_app:s0:c157,c256,c512,c768 tcontext=u:object_r:proc_net:s0 tclass=file permissive=0 app=io.appium.uiautomator2.server'}
{'timestamp': 1702276322340, 'level': 'ALL', 'message': '12-11 08:22:27.846  9430  9461 I appium  : channel read: GET /status'}
{'timestamp': 1702276322340, 'level': 'ALL', 'message': '12-11 08:22:27.851  9430  9461 I appium  : Status command'}
{'timestamp': 1702276322340, 'level': 'ALL', 'message': '12-11 08:22:27.914  9430  9461 I appium  : AppiumResponse: {"sessionId":"None","value":{"message":"UiAutomator2 Server is ready to accept commands","ready":true}}'}
{'timestamp': 1702276322340, 'level': 'ALL', 'message': '12-11 08:22:27.935  9430  9461 I appium  : channel read: POST /session'}
{'timestamp': 1702276322340, 'level': 'ALL', 'message': '12-11 08:22:27.936  9430  9461 I appium  : NewSession command'}
{'timestamp': 1702276322340, 'level': 'ALL', 'message': '12-11 08:22:27.971  9430  9461 W tomator2.serve: Accessing hidden field Landroid/app/UiAutomation;->mOnAccessibilityEventListener:Landroid/app/UiAutomation$OnAccessibilityEventListener; (greylist-max-o, reflection, allowed)'}
{'timestamp': 1702276322340, 'level': 'ALL', 'message': '12-11 08:22:27.979  9430  9461 I appium  : Created the new session with id 861f37f2-5793-4e5b-88c1-3e5500a1e4fb and capabilities {appPackage=com.ajaxsystems, networkConnectionEnabled=true, noSign=true, warnings={}, databaseEnabled=false, deviceName=emulator-5554, platform=LINUX, deviceUDID=emulator-5554, appActivity=com.ajaxsystems.ui.activity.LauncherActivity, desired={platformName=Android, automationName=uiautomator2, autoGrantPermissions=true, newCommandTimeout=500.0, noSign=true, platformVersion=11, resetKeyboard=true, systemPort=8376.0, takesScreenshot=true, udid=emulator-5554, appPackage=com.ajaxsystems, appActivity=com.ajaxsystems.ui.activity.LauncherActivity}, newCommandTimeout=500.0, platformVersion=11, automationName=uiautomator2, webStorageEnabled=false, locationContextEnabled=false, autoGrantPermissions=true, takesScreenshot=true, javascriptEnabled=true, platformName=Android, udid=emulator-5554, resetKeyboard=true, systemPort=8376.0}'}
{'timestamp': 1702276322340, 'level': 'ALL', 'message': '12-11 08:22:27.999  9430  9461 I appium  : AppiumResponse: {"sessionId":"861f37f2-5793-4e5b-88c1-3e5500a1e4fb","value":{"capabilities":{"firstMatch":[{"platformName":"Android","automationName":"uiautomator2","autoGrantPermissions":true,"newCommandTimeout":500.0,"noSign":true,"platformVersion":"11","resetKeyboard":true,"systemPort":8376.0,"takesScreenshot":t…'}
{'timestamp': 1702276322340, 'level': 'ALL', 'message': '12-11 08:22:28.058  9430  9461 I appium  : channel read: GET /session/861f37f2-5793-4e5b-88c1-3e5500a1e4fb/appium/device/pixel_ratio'}
{'timestamp': 1702276322340, 'level': 'ALL', 'message': '12-11 08:22:28.059  9430  9461 I appium  : GetDevicePixelRatio command'}
{'timestamp': 1702276322340, 'level': 'ALL', 'message': '12-11 08:22:28.064  9430  9461 I appium  : AppiumResponse: {"sessionId":"861f37f2-5793-4e5b-88c1-3e5500a1e4fb","value":2.625}'}
{'timestamp': 1702276322340, 'level': 'ALL', 'message': '12-11 08:22:28.078  9430  9465 I appium  : channel read: GET /session/861f37f2-5793-4e5b-88c1-3e5500a1e4fb/window/current/size'}
{'timestamp': 1702276322340, 'level': 'ALL', 'message': '12-11 08:22:28.080  9430  9464 I appium  : channel read: GET /session/861f37f2-5793-4e5b-88c1-3e5500a1e4fb/appium/device/system_bars'}
{'timestamp': 1702276322340, 'level': 'ALL', 'message': '12-11 08:22:28.081  9430  9465 I appium  : GetDeviceSize command'}
{'timestamp': 1702276322340, 'level': 'ALL', 'message': '12-11 08:22:28.081  9430  9465 I appium  : Get window size of the device'}
{'timestamp': 1702276322340, 'level': 'ALL', 'message': '12-11 08:22:28.082  9430  9464 I appium  : GetSystemBars command'}
{'timestamp': 1702276322340, 'level': 'ALL', 'message': '12-11 08:22:28.087  9430  9465 I appium  : AppiumResponse: {"sessionId":"861f37f2-5793-4e5b-88c1-3e5500a1e4fb","value":{"height":2138,"width":1080}}'}
{'timestamp': 1702276322340, 'level': 'ALL', 'message': '12-11 08:22:28.087  9430  9464 I appium  : AppiumResponse: {"sessionId":"861f37f2-5793-4e5b-88c1-3e5500a1e4fb","value":{"statusBar":136}}'}
{'timestamp': 1702276322340, 'level': 'ALL', 'message': '12-11 08:22:28.091  9430  9466 I appium  : channel read: GET /session/861f37f2-5793-4e5b-88c1-3e5500a1e4fb/appium/device/info'}
{'timestamp': 1702276322340, 'level': 'ALL', 'message': '12-11 08:22:28.099  9430  9466 I appium  : GetDeviceInfo command'}
{'timestamp': 1702276322340, 'level': 'ALL', 'message': '12-11 08:22:28.113  9430  9466 I TetheringManager: registerTetheringEventCallback:io.appium.uiautomator2.server'}
{'timestamp': 1702276322340, 'level': 'ALL', 'message': '12-11 08:22:28.200 31652   991 W ActivityManager: Slow operation: 83ms so far, now at getContentProviderImpl: before checkContentProviderPermission'}
{'timestamp': 1702276322340, 'level': 'ALL', 'message': '12-11 08:22:28.201 31652   991 W ActivityManager: Slow operation: 83ms so far, now at getContentProviderImpl: after checkContentProviderPermission'}
{'timestamp': 1702276322340, 'level': 'ALL', 'message': '12-11 08:22:28.201 31652   991 W ActivityManager: Slow operation: 83ms so far, now at getContentProviderImpl: incProviderCountLocked'}
{'timestamp': 1702276322340, 'level': 'ALL', 'message': '12-11 08:22:28.201 31652   991 W ActivityManager: Slow operation: 83ms so far, now at getContentProviderImpl: before updateLruProcess'}
{'timestamp': 1702276322340, 'level': 'ALL', 'message': '12-11 08:22:28.236 31652   991 W ActivityManager: Slow operation: 119ms so far, now at getContentProviderImpl: after updateLruProcess'}
{'timestamp': 1702276322340, 'level': 'ALL', 'message': '12-11 08:22:28.237 31652   991 W ActivityManager: Slow operation: 119ms so far, now at getContentProviderImpl: before updateOomAdj'}
{'timestamp': 1702276322340, 'level': 'ALL', 'message': '12-11 08:22:28.237 31652   991 W ActivityManager: Slow operation: 120ms so far, now at getContentProviderImpl: after updateOomAdj'}
{'timestamp': 1702276322340, 'level': 'ALL', 'message': '12-11 08:22:28.237 31652   991 W ActivityManager: Slow operation: 120ms so far, now at getContentProviderImpl: done!'}
{'timestamp': 1702276322340, 'level': 'ALL', 'message': '12-11 08:22:28.251  9430  9466 W tomator2.serve: Accessing hidden field Landroid/net/NetworkCapabilities;->mSignalStrength:I (greylist-max-p, reflection, allowed)'}
{'timestamp': 1702276322340, 'level': 'ALL', 'message': '12-11 08:22:28.252  9430  9466 W tomator2.serve: Accessing hidden field Landroid/net/NetworkCapabilities;->mSSID:Ljava/lang/String; (greylist-max-o, reflection, allowed)'}
{'timestamp': 1702276322340, 'level': 'ALL', 'message': '12-11 08:22:28.274  9430  9466 I appium  : AppiumResponse: {"sessionId":"861f37f2-5793-4e5b-88c1-3e5500a1e4fb","value":{"androidId":"5d496a92f3e8c1c9","apiVersion":"30","bluetooth":{"state":"ON"},"brand":"google","carrierName":"Android","displayDensity":420,"locale":"en_US","manufacturer":"Google","model":"sdk_gphone_x86","networks":[{"capabilities":{"SSID"…'}
{'timestamp': 1702276322340, 'level': 'ALL', 'message': '12-11 08:22:28.300 31652 32485 I ActivityManager: Force stopping com.ajaxsystems appid=10158 user=0: from pid 9473'}
{'timestamp': 1702276322340, 'level': 'ALL', 'message': '12-11 08:22:28.315 32351 32351 D CarrierSvcBindHelper: No carrier app for: 0'}
{'timestamp': 1702276322340, 'level': 'ALL', 'message': '12-11 08:22:28.555 31652 32485 I ActivityTaskManager: START u0 {act=android.intent.action.MAIN cat=[android.intent.category.LAUNCHER] flg=0x10200000 cmp=com.ajaxsystems/.ui.activity.LauncherActivity} from uid 2000'}
{'timestamp': 1702276322340, 'level': 'ALL', 'message': '12-11 08:22:28.557 31652 31712 D EventSequenceValidator: Transition from ACTIVITY_FINISHED to INTENT_STARTED'}
{'timestamp': 1702276322340, 'level': 'ALL', 'message': '12-11 08:22:28.564   421   421 I perfetto: ing_service_impl.cc:758 Configured tracing session 480, #sources:1, duration:5000 ms, #buffers:1, total buffer size:4096 KB, total sessions:1, uid:1071 session name: ""'}
{'timestamp': 1702276322340, 'level': 'ALL', 'message': '12-11 08:22:28.566   410   410 I perfetto: probes_producer.cc:230  Ftrace setup (target_buf=480)'}
{'timestamp': 1702276322340, 'level': 'ALL', 'message': '12-11 08:22:28.597 31652 31712 D CompatibilityChangeReporter: Compat change id reported: 135634846; UID 10158; state: DISABLED'}
{'timestamp': 1702276322340, 'level': 'ALL', 'message': '12-11 08:22:28.598 31652 31745 D CompatibilityChangeReporter: Compat change id reported: 143937733; UID 10158; state: ENABLED'}
{'timestamp': 1702276322340, 'level': 'ALL', 'message': '12-11 08:22:28.599 31652 31712 D EventSequenceValidator: Transition from INTENT_STARTED to ACTIVITY_LAUNCHED'}
{'timestamp': 1702276322340, 'level': 'ALL', 'message': '12-11 08:22:28.614   410   410 I perfetto: ftrace_procfs.cc:176    enabled ftrace'}
{'timestamp': 1702276322340, 'level': 'ALL', 'message': '12-11 08:22:28.629 31506 31506 D Zygote  : Forked child process 9481'}
{'timestamp': 1702276322340, 'level': 'ALL', 'message': '12-11 08:22:28.634 31652 31745 I ActivityManager: Start proc 9481:com.ajaxsystems/u0a158 for pre-top-activity {com.ajaxsystems/com.ajaxsystems.ui.activity.LauncherActivity}'}
{'timestamp': 1702276322340, 'level': 'ALL', 'message': '12-11 08:22:28.635   320   354 D goldfish-address-space: claimShared: Ask to claim region [0x3f4000000 0x3f49e4000]'}
{'timestamp': 1702276322340, 'level': 'ALL', 'message': '12-11 08:22:28.643  9481  9481 W com.ajaxsystem: Unexpected CPU variant for X86 using defaults: x86'}
{'timestamp': 1702276322340, 'level': 'ALL', 'message': '12-11 08:22:28.663  9481  9481 E com.ajaxsystem: Not starting debugger since process cannot load the jdwp agent.'}
{'timestamp': 1702276322340, 'level': 'ALL', 'message': '12-11 08:22:28.692   653   653 I dnpg    : onPause'}
{'timestamp': 1702276322340, 'level': 'ALL', 'message': '12-11 08:22:28.705 31652  1224 W InputReader: Device virtio_input_multi_touch_10 is associated with display ADISPLAY_ID_NONE.'}
{'timestamp': 1702276322340, 'level': 'ALL', 'message': '12-11 08:22:28.705 31652  1224 W InputReader: Device virtio_input_multi_touch_4 is associated with display ADISPLAY_ID_NONE.'}
{'timestamp': 1702276322340, 'level': 'ALL', 'message': '12-11 08:22:28.706 31652  1224 W InputReader: Device virtio_input_multi_touch_11 is associated with display ADISPLAY_ID_NONE.'}
{'timestamp': 1702276322340, 'level': 'ALL', 'message': '12-11 08:22:28.706 31652  1224 W InputReader: Device virtio_input_multi_touch_5 is associated with display ADISPLAY_ID_NONE.'}
{'timestamp': 1702276322340, 'level': 'ALL', 'message': '12-11 08:22:28.706 31652  1224 W InputReader: Device virtio_input_multi_touch_2 is associated with display ADISPLAY_ID_NONE.'}
{'timestamp': 1702276322340, 'level': 'ALL', 'message': '12-11 08:22:28.706 31652  1224 W InputReader: Device virtio_input_multi_touch_9 is associated with display ADISPLAY_ID_NONE.'}
{'timestamp': 1702276322340, 'level': 'ALL', 'message': '12-11 08:22:28.706 31652  1224 W InputReader: Device virtio_input_multi_touch_6 is associated with display ADISPLAY_ID_NONE.'}
{'timestamp': 1702276322340, 'level': 'ALL', 'message': '12-11 08:22:28.706 31652  1224 W InputReader: Device virtio_input_multi_touch_7 is associated with display ADISPLAY_ID_NONE.'}
{'timestamp': 1702276322340, 'level': 'ALL', 'message': '12-11 08:22:28.706 31652  1224 W InputReader: Device virtio_input_multi_touch_3 is associated with display ADISPLAY_ID_NONE.'}
{'timestamp': 1702276322340, 'level': 'ALL', 'message': '12-11 08:22:28.706 31652  1224 W InputReader: Device virtio_input_multi_touch_8 is associated with display ADISPLAY_ID_NONE.'}
{'timestamp': 1702276322340, 'level': 'ALL', 'message': '12-11 08:22:28.706 31652  1224 W InputReader: Device virtio_input_multi_touch_10 is associated with display ADISPLAY_ID_NONE.'}
{'timestamp': 1702276322340, 'level': 'ALL', 'message': '12-11 08:22:28.706 31652  1224 W InputReader: Device virtio_input_multi_touch_4 is associated with display ADISPLAY_ID_NONE.'}
{'timestamp': 1702276322340, 'level': 'ALL', 'message': '12-11 08:22:28.706 31652  1224 W InputReader: Device virtio_input_multi_touch_11 is associated with display ADISPLAY_ID_NONE.'}
{'timestamp': 1702276322340, 'level': 'ALL', 'message': '12-11 08:22:28.706 31652  1224 W InputReader: Device virtio_input_multi_touch_5 is associated with display ADISPLAY_ID_NONE.'}
{'timestamp': 1702276322340, 'level': 'ALL', 'message': '12-11 08:22:28.706 31652  1224 W InputReader: Device virtio_input_multi_touch_2 is associated with display ADISPLAY_ID_NONE.'}
{'timestamp': 1702276322340, 'level': 'ALL', 'message': '12-11 08:22:28.706 31652  1224 W InputReader: Device virtio_input_multi_touch_9 is associated with display ADISPLAY_ID_NONE.'}
{'timestamp': 1702276322340, 'level': 'ALL', 'message': '12-11 08:22:28.706 31652  1224 W InputReader: Device virtio_input_multi_touch_6 is associated with display ADISPLAY_ID_NONE.'}
{'timestamp': 1702276322340, 'level': 'ALL', 'message': '12-11 08:22:28.706 31652  1224 W InputReader: Device virtio_input_multi_touch_7 is associated with display ADISPLAY_ID_NONE.'}
{'timestamp': 1702276322340, 'level': 'ALL', 'message': '12-11 08:22:28.706 31652  1224 W InputReader: Device virtio_input_multi_touch_3 is associated with display ADISPLAY_ID_NONE.'}
{'timestamp': 1702276322340, 'level': 'ALL', 'message': '12-11 08:22:28.706 31652  1224 W InputReader: Device virtio_input_multi_touch_8 is associated with display ADISPLAY_ID_NONE.'}
{'timestamp': 1702276322340, 'level': 'ALL', 'message': '12-11 08:22:28.734  9481  9481 I com.ajaxsystem: The ClassLoaderContext is a special shared library.'}
{'timestamp': 1702276322340, 'level': 'ALL', 'message': '12-11 08:22:28.738  9481  9481 I com.ajaxsystem: The ClassLoaderContext is a special shared library.'}
{'timestamp': 1702276322340, 'level': 'ALL', 'message': '12-11 08:22:28.763  9481  9481 W com.ajaxsystem: JIT profile information will not be recorded: profile file does not exist.'}
{'timestamp': 1702276322340, 'level': 'ALL', 'message': '12-11 08:22:28.763  9481  9481 W com.ajaxsystem: JIT profile information will not be recorded: profile file does not exist.'}
{'timestamp': 1702276322340, 'level': 'ALL', 'message': '12-11 08:22:28.785  9481  9481 D NetworkSecurityConfig: No Network Security Config specified, using platform default'}
{'timestamp': 1702276322340, 'level': 'ALL', 'message': '12-11 08:22:28.786  9481  9481 D NetworkSecurityConfig: No Network Security Config specified, using platform default'}
{'timestamp': 1702276322340, 'level': 'ALL', 'message': '12-11 08:22:28.831  9481  9481 I FirebaseApp: Device unlocked: initializing all Firebase APIs for app [DEFAULT]'}
{'timestamp': 1702276322340, 'level': 'ALL', 'message': '12-11 08:22:28.847 31652 31663 W System  : A resource failed to call close.'}
{'timestamp': 1702276322340, 'level': 'ALL', 'message': '12-11 08:22:28.851  9481  9481 I FirebaseCrashlytics: Initializing Firebase Crashlytics 18.3.6 for com.ajaxsystems'}
{'timestamp': 1702276322340, 'level': 'ALL', 'message': '12-11 08:22:28.920  9481  9505 I DynamiteModule: Considering local module com.google.android.gms.measurement.dynamite:89 and remote module com.google.android.gms.measurement.dynamite:97'}
{'timestamp': 1702276322340, 'level': 'ALL', 'message': '12-11 08:22:28.920  9481  9505 I DynamiteModule: Selected remote version of com.google.android.gms.measurement.dynamite, version >= 97'}
{'timestamp': 1702276322340, 'level': 'ALL', 'message': '12-11 08:22:28.920  9481  9505 V DynamiteModule: Dynamite loader version >= 2, using loadModule2NoCrashUtils'}
{'timestamp': 1702276322340, 'level': 'ALL', 'message': '12-11 08:22:28.950  9481  9481 I FirebaseInitProvider: FirebaseApp initialization successful'}
{'timestamp': 1702276322340, 'level': 'ALL', 'message': '12-11 08:22:29.014  9481  9506 D libcrashlytics: Initializing libcrashlytics version 3.2.0'}
{'timestamp': 1702276322340, 'level': 'ALL', 'message': '12-11 08:22:29.093 31652   991 D CompatibilityChangeReporter: Compat change id reported: 149924527; UID 10158; state: ENABLED'}
{'timestamp': 1702276322340, 'level': 'ALL', 'message': '12-11 08:22:29.097 31652   991 D CompatibilityChangeReporter: Compat change id reported: 132649864; UID 10158; state: DISABLED'}
{'timestamp': 1702276322340, 'level': 'ALL', 'message': '12-11 08:22:29.103  9481  9506 D libcrashlytics: Initializing native crash handling successful.'}
{'timestamp': 1702276322340, 'level': 'ALL', 'message': "12-11 08:22:29.154  9481  9481 V NativeCrypto: Registering org/conscrypt/NativeCrypto's 288 native methods..."}
{'timestamp': 1702276322340, 'level': 'ALL', 'message': '12-11 08:22:29.325  9481  9528 I FA      : App measurement initialized, version: 82020'}
{'timestamp': 1702276322340, 'level': 'ALL', 'message': '12-11 08:22:29.326  9481  9528 I FA      : To enable debug logging run: adb shell setprop log.tag.FA VERBOSE'}
{'timestamp': 1702276322340, 'level': 'ALL', 'message': '12-11 08:22:29.326  9481  9528 I FA      : To enable faster debug mode event logging run:'}
{'timestamp': 1702276322340, 'level': 'ALL', 'message': '12-11 08:22:29.326  9481  9528 I FA      :   adb shell setprop debug.firebase.analytics.app com.ajaxsystems'}
{'timestamp': 1702276322340, 'level': 'ALL', 'message': '12-11 08:22:29.402  9481  9481 I TetheringManager: registerTetheringEventCallback:com.ajaxsystems'}
{'timestamp': 1702276322340, 'level': 'ALL', 'message': '12-11 08:22:29.549 31652   991 D CompatibilityChangeReporter: Compat change id reported: 136274596; UID 10158; state: ENABLED'}
{'timestamp': 1702276322340, 'level': 'ALL', 'message': '12-11 08:22:29.552   178   178 I servicemanager: Notifying apexservice they have clients: 0'}
{'timestamp': 1702276322340, 'level': 'ALL', 'message': '12-11 08:22:29.554   396   396 D BoundBrokerSvc: onBind: Intent { act=com.google.android.gms.measurement.START pkg=com.google.android.gms }'}
{'timestamp': 1702276322340, 'level': 'ALL', 'message': '12-11 08:22:29.554   396   396 D BoundBrokerSvc: Loading bound service for intent: Intent { act=com.google.android.gms.measurement.START pkg=com.google.android.gms }'}
{'timestamp': 1702276322340, 'level': 'ALL', 'message': '12-11 08:22:29.565   178   178 I BpBinder: onLastStrongRef automatically unlinking death recipients: <uncached descriptor>'}
{'timestamp': 1702276322340, 'level': 'ALL', 'message': '12-11 08:22:29.634  9481  9528 I FA      : Tag Manager is not found and thus will not be used'}
{'timestamp': 1702276322340, 'level': 'ALL', 'message': '12-11 08:22:29.986  9481  9481 I org.webrtc.Logging: NativeLibrary: Loading native library: jingle_peerconnection_so'}
{'timestamp': 1702276322340, 'level': 'ALL', 'message': '12-11 08:22:29.986  9481  9481 I org.webrtc.Logging: NativeLibrary: Loading library: jingle_peerconnection_so'}
{'timestamp': 1702276322340, 'level': 'ALL', 'message': '12-11 08:22:29.990  9481  9481 I org.webrtc.Logging: PeerConnectionFactory: PeerConnectionFactory was initialized without an injected Loggable. Any existing Loggable will be deleted.'}
{'timestamp': 1702276322340, 'level': 'ALL', 'message': '12-11 08:22:29.991  9481  9481 I org.webrtc.Logging: EglBase14Impl: SDK version: 30. isEGL14Supported: true'}
{'timestamp': 1702276322340, 'level': 'ALL', 'message': '12-11 08:22:29.992  9481  9481 D libEGL  : loaded /vendor/lib/egl/libEGL_emulation.so'}
{'timestamp': 1702276322340, 'level': 'ALL', 'message': '12-11 08:22:29.994  9481  9481 D libEGL  : loaded /vendor/lib/egl/libGLESv1_CM_emulation.so'}
{'timestamp': 1702276322340, 'level': 'ALL', 'message': '12-11 08:22:29.996  9481  9481 D libEGL  : loaded /vendor/lib/egl/libGLESv2_emulation.so'}
{'timestamp': 1702276322340, 'level': 'ALL', 'message': '12-11 08:22:30.021  9481  9481 D HostConnection: HostConnection::get() New Host Connection established 0xed8ae370, tid 9481'}
{'timestamp': 1702276322340, 'level': 'ALL', 'message': '12-11 08:22:30.025  9481  9481 D HostConnection: HostComposition ext ANDROID_EMU_CHECKSUM_HELPER_v1 ANDROID_EMU_native_sync_v2 ANDROID_EMU_native_sync_v3 ANDROID_EMU_native_sync_v4 ANDROID_EMU_dma_v1 ANDROID_EMU_direct_mem ANDROID_EMU_vulkan ANDROID_EMU_deferred_vulkan_commands ANDROID_EMU_vulkan_null_optional_strings ANDROID_EMU_vulkan_create_resources_with_requirements ANDROID_EMU_YUV_Cache ANDROID_EMU_vulkan_ignored_handles ANDROID_EMU_has_shared_slots_host_memory_allocator ANDROID_EMU_vulkan_free_memory_sync ANDROID_EMU_vulkan_shader_float16_int8 ANDROID_EMU_vulkan_async_queue_submit ANDROID_EMU_sync_buffer_data ANDROID_EMU_vulkan_async_qsri ANDROID_EMU_read_color_buffer_dma GL_OES_vertex_array_object GL_KHR_texture_compression_astc_ldr ANDROID_EMU_host_side_tracing ANDROID_EMU_gles_max_version_2'}
{'timestamp': 1702276322340, 'level': 'ALL', 'message': '12-11 08:22:30.028   179   179 I hwservicemanager: getTransport: Cannot find entry android.hardware.configstore@1.0::ISurfaceFlingerConfigs/default in either framework or device manifest.'}
{'timestamp': 1702276322340, 'level': 'ALL', 'message': '12-11 08:22:30.029  9481  9481 I org.webrtc.Logging: EglBase14Impl: Using OpenGL ES version 2'}
{'timestamp': 1702276322340, 'level': 'ALL', 'message': '12-11 08:22:30.056  9481  9481 D EGL_emulation: eglCreateContext: 0xed8ae290: maj 2 min 0 rcv 2'}
{'timestamp': 1702276322340, 'level': 'ALL', 'message': '12-11 08:22:30.092  9481  9481 I VideoCapabilities: Unsupported profile 4 for video/mp4v-es'}
{'timestamp': 1702276322340, 'level': 'ALL', 'message': '12-11 08:22:30.100 31652   991 I system_server: oneway function results will be dropped but finished with status OK and parcel size 4'}
{'timestamp': 1702276322340, 'level': 'ALL', 'message': '12-11 08:22:30.102 31652   991 I chatty  : uid=1000(system) Binder:31652_11 identical 1 line'}
{'timestamp': 1702276322340, 'level': 'ALL', 'message': '12-11 08:22:30.103 31652   991 I system_server: oneway function results will be dropped but finished with status OK and parcel size 4'}
{'timestamp': 1702276322340, 'level': 'ALL', 'message': '12-11 08:22:30.103 31652 32599 I system_server: oneway function results will be dropped but finished with status OK and parcel size 4'}
{'timestamp': 1702276322340, 'level': 'ALL', 'message': '12-11 08:22:30.115  9481  9481 I org.webrtc.Logging: WebRtcAudioManagerExternal: Sample rate is set to 44100 Hz'}
{'timestamp': 1702276322340, 'level': 'ALL', 'message': '12-11 08:22:30.116  9481  9481 I org.webrtc.Logging: WebRtcAudioManagerExternal: Sample rate is set to 44100 Hz'}
{'timestamp': 1702276322340, 'level': 'ALL', 'message': '12-11 08:22:30.116  9481  9481 I org.webrtc.Logging: JavaAudioDeviceModule: createAudioDeviceModule'}
{'timestamp': 1702276322340, 'level': 'ALL', 'message': '12-11 08:22:30.116  9481  9481 I org.webrtc.Logging: JavaAudioDeviceModule: HW NS will not be used.'}
{'timestamp': 1702276322340, 'level': 'ALL', 'message': '12-11 08:22:30.116  9481  9481 I org.webrtc.Logging: JavaAudioDeviceModule: HW AEC will not be used.'}
{'timestamp': 1702276322340, 'level': 'ALL', 'message': '12-11 08:22:30.117  9481  9481 I org.webrtc.Logging: WebRtcAudioEffectsExternal: ctor@[name=main, id=2]'}
{'timestamp': 1702276322340, 'level': 'ALL', 'message': '12-11 08:22:30.117  9481  9481 I org.webrtc.Logging: WebRtcAudioRecordExternal: ctor@[name=main, id=2]'}
{'timestamp': 1702276322340, 'level': 'ALL', 'message': '12-11 08:22:30.118  9481  9481 I org.webrtc.Logging: WebRtcAudioTrackExternal: ctor@[name=main, id=2]'}
{'timestamp': 1702276322340, 'level': 'ALL', 'message': '12-11 08:22:30.141  9481  9561 I org.webrtc.Logging: PeerConnectionFactory: onWorkerThreadReady'}
{'timestamp': 1702276322340, 'level': 'ALL', 'message': '12-11 08:22:30.141  9481  9560 I org.webrtc.Logging: PeerConnectionFactory: onNetworkThreadReady'}
{'timestamp': 1702276322340, 'level': 'ALL', 'message': '12-11 08:22:30.142  9481  9562 I org.webrtc.Logging: PeerConnectionFactory: onSignalingThreadReady'}
{'timestamp': 1702276322340, 'level': 'ALL', 'message': '12-11 08:22:30.297  9481  9481 D AppCompatDelegate: Checking for metadata for AppLocalesMetadataHolderService : Service not found'}
{'timestamp': 1702276322340, 'level': 'ALL', 'message': '12-11 08:22:30.305  9481  9524 I ins     : ---- SNTP successful response from time.google.com'}
{'timestamp': 1702276322340, 'level': 'ALL', 'message': '12-11 08:22:30.305  9481  9524 D trb     : Caching true time info to disk sntp [1702275749561] device [27617581] boot [1702248131980]'}
{'timestamp': 1702276322340, 'level': 'ALL', 'message': '12-11 08:22:30.381  9481  9481 I Choreographer: Skipped 81 frames!  The application may be doing too much work on its main thread.'}
{'timestamp': 1702276322340, 'level': 'ALL', 'message': '12-11 08:22:30.409  9481  9581 D HostConnection: HostConnection::get() New Host Connection established 0xed8b2350, tid 9581'}
{'timestamp': 1702276322340, 'level': 'ALL', 'message': '12-11 08:22:30.425  9481  9581 D HostConnection: HostComposition ext ANDROID_EMU_CHECKSUM_HELPER_v1 ANDROID_EMU_native_sync_v2 ANDROID_EMU_native_sync_v3 ANDROID_EMU_native_sync_v4 ANDROID_EMU_dma_v1 ANDROID_EMU_direct_mem ANDROID_EMU_vulkan ANDROID_EMU_deferred_vulkan_commands ANDROID_EMU_vulkan_null_optional_strings ANDROID_EMU_vulkan_create_resources_with_requirements ANDROID_EMU_YUV_Cache ANDROID_EMU_vulkan_ignored_handles ANDROID_EMU_has_shared_slots_host_memory_allocator ANDROID_EMU_vulkan_free_memory_sync ANDROID_EMU_vulkan_shader_float16_int8 ANDROID_EMU_vulkan_async_queue_submit ANDROID_EMU_sync_buffer_data ANDROID_EMU_vulkan_async_qsri ANDROID_EMU_read_color_buffer_dma GL_OES_vertex_array_object GL_KHR_texture_compression_astc_ldr ANDROID_EMU_host_side_tracing ANDROID_EMU_gles_max_version_2'}
{'timestamp': 1702276322340, 'level': 'ALL', 'message': '12-11 08:22:30.427  9481  9581 W OpenGLRenderer: Failed to choose config with EGL_SWAP_BEHAVIOR_PRESERVED, retrying without...'}
{'timestamp': 1702276322340, 'level': 'ALL', 'message': '12-11 08:22:30.457  9481  9581 D EGL_emulation: eglCreateContext: 0xed8b1a20: maj 2 min 0 rcv 2'}
{'timestamp': 1702276322340, 'level': 'ALL', 'message': '12-11 08:22:30.464  9481  9581 D EGL_emulation: eglMakeCurrent: 0xed8b1a20: ver 2 0 (tinfo 0xb64f3e50) (first time)'}
{'timestamp': 1702276322340, 'level': 'ALL', 'message': '12-11 08:22:30.474   320   354 D goldfish-address-space: claimShared: Ask to claim region [0x3f49e4000 0x3f53c8000]'}
{'timestamp': 1702276322340, 'level': 'ALL', 'message': '12-11 08:22:30.485   179   179 I hwservicemanager: getTransport: Cannot find entry android.hardware.graphics.mapper@4.0::IMapper/default in either framework or device manifest.'}
{'timestamp': 1702276322340, 'level': 'ALL', 'message': '12-11 08:22:30.485  9481  9581 I Gralloc4: mapper 4.x is not supported'}
{'timestamp': 1702276322340, 'level': 'ALL', 'message': '12-11 08:22:30.487  9481  9581 D HostConnection: createUnique: call'}
{'timestamp': 1702276322340, 'level': 'ALL', 'message': '12-11 08:22:30.489  9481  9581 D HostConnection: HostConnection::get() New Host Connection established 0xed8b1d30, tid 9581'}
{'timestamp': 1702276322340, 'level': 'ALL', 'message': '12-11 08:22:30.489  9481  9581 D goldfish-address-space: allocate: Ask for block of size 0x100'}
{'timestamp': 1702276322340, 'level': 'ALL', 'message': '12-11 08:22:30.490  9481  9581 D goldfish-address-space: allocate: ioctl allocate returned offset 0x3efffe000 size 0x2000'}
{'timestamp': 1702276322340, 'level': 'ALL', 'message': '12-11 08:22:30.498  9481  9581 D HostConnection: HostComposition ext ANDROID_EMU_CHECKSUM_HELPER_v1 ANDROID_EMU_native_sync_v2 ANDROID_EMU_native_sync_v3 ANDROID_EMU_native_sync_v4 ANDROID_EMU_dma_v1 ANDROID_EMU_direct_mem ANDROID_EMU_vulkan ANDROID_EMU_deferred_vulkan_commands ANDROID_EMU_vulkan_null_optional_strings ANDROID_EMU_vulkan_create_resources_with_requirements ANDROID_EMU_YUV_Cache ANDROID_EMU_vulkan_ignored_handles ANDROID_EMU_has_shared_slots_host_memory_allocator ANDROID_EMU_vulkan_free_memory_sync ANDROID_EMU_vulkan_shader_float16_int8 ANDROID_EMU_vulkan_async_queue_submit ANDROID_EMU_sync_buffer_data ANDROID_EMU_vulkan_async_qsri ANDROID_EMU_read_color_buffer_dma GL_OES_vertex_array_object GL_KHR_texture_compression_astc_ldr ANDROID_EMU_host_side_tracing ANDROID_EMU_gles_max_version_2'}
{'timestamp': 1702276322340, 'level': 'ALL', 'message': '12-11 08:22:30.503   320   354 D goldfish-address-space: claimShared: Ask to claim region [0x3f53c8000 0x3f5dac000]'}
{'timestamp': 1702276322340, 'level': 'ALL', 'message': '12-11 08:22:30.507   320   354 D goldfish-address-space: claimShared: Ask to claim region [0x3f5dac000 0x3f6790000]'}
{'timestamp': 1702276322340, 'level': 'ALL', 'message': '12-11 08:22:30.563  9481  9581 I OpenGLRenderer: Davey! duration=1537ms; Flags=1, IntendedVsync=27616295058560, Vsync=27617645058506, OldestInputEvent=9223372036854775807, NewestInputEvent=0, HandleInputStart=27617657242460, AnimationStart=27617657291160, PerformTraversalsStart=27617657754960, DrawStart=27617779648560, SyncQueued=27617779992860, SyncStart=27617786863360, IssueDrawCommandsStart=27617786988060, SwapBuffers=27617803187560, FrameCompleted=27617839113360, DequeueBufferDuration=126200, QueueBufferDuration=948800, GpuCompleted=72904454231491230,'}
{'timestamp': 1702276322340, 'level': 'ALL', 'message': '12-11 08:22:30.575  9481  9481 E LOCK_APP: Cannot find account'}
{'timestamp': 1702276322340, 'level': 'ALL', 'message': '12-11 08:22:30.583 31652 31712 D EventSequenceValidator: Transition from ACTIVITY_LAUNCHED to ACTIVITY_FINISHED'}
{'timestamp': 1702276322340, 'level': 'ALL', 'message': '12-11 08:22:30.583  9473  9475 I cmd     : oneway function results will be dropped but finished with status OK and parcel size 4'}
{'timestamp': 1702276322340, 'level': 'ALL', 'message': "12-11 08:22:30.587 31652 31742 D ArtManagerInternalImpl: /data/misc/iorapd/com.ajaxsystems/2334272/com.ajaxsystems.ui.activity.LauncherActivity/compiled_traces/compiled_trace.pb doesn't exist"}
{'timestamp': 1702276322340, 'level': 'ALL', 'message': '12-11 08:22:30.597 31652 31742 I ActivityTaskManager: Displayed com.ajaxsystems/.ui.activity.LauncherActivity: +2s21ms'}
{'timestamp': 1702276322340, 'level': 'ALL', 'message': '12-11 08:22:30.626  9430  9466 I appium  : channel read: POST /session/861f37f2-5793-4e5b-88c1-3e5500a1e4fb/element'}
{'timestamp': 1702276322340, 'level': 'ALL', 'message': '12-11 08:22:30.626 31652  1224 I ActivityTaskManager: START u0 {flg=0x10000000 cmp=com.ajaxsystems/.bootstrap.presentation.splash.SplashActivity} from uid 10158'}
{'timestamp': 1702276322340, 'level': 'ALL', 'message': '12-11 08:22:30.627 31652 31712 D EventSequenceValidator: Transition from ACTIVITY_FINISHED to INTENT_STARTED'}
{'timestamp': 1702276322340, 'level': 'ALL', 'message': '12-11 08:22:30.627  9430  9466 I appium  : FindElement command'}
{'timestamp': 1702276322340, 'level': 'ALL', 'message': '12-11 08:22:30.628  9430  9466 I appium  : method: \'xpath\', selector: \'//android.widget.TextView[@resource-id="com.ajaxsystems:id/text" and @text="Log In"]\''}
{'timestamp': 1702276322340, 'level': 'ALL', 'message': '12-11 08:22:30.639   421   421 I perfetto: ing_service_impl.cc:758 Configured tracing session 481, #sources:1, duration:5000 ms, #buffers:1, total buffer size:4096 KB, total sessions:2, uid:1071 session name: ""'}
{'timestamp': 1702276322340, 'level': 'ALL', 'message': '12-11 08:22:30.641   410   410 I perfetto: probes_producer.cc:230  Ftrace setup (target_buf=481)'}
{'timestamp': 1702276322340, 'level': 'ALL', 'message': '12-11 08:22:30.643  9430  9466 I appium  : Waiting up to 10000ms for the device to idle'}
{'timestamp': 1702276322340, 'level': 'ALL', 'message': '12-11 08:22:30.658 31652 31712 D EventSequenceValidator: Transition from INTENT_STARTED to INTENT_FAILED'}
{'timestamp': 1702276322340, 'level': 'ALL', 'message': '12-11 08:22:30.683 31652 32599 W ActivityTaskManager: Tried to set launchTime (0) < mLastActivityLaunchTime (27615982)'}
{'timestamp': 1702276322340, 'level': 'ALL', 'message': '12-11 08:22:30.684 31652 32599 W InputReader: Device virtio_input_multi_touch_10 is associated with display ADISPLAY_ID_NONE.'}
{'timestamp': 1702276322340, 'level': 'ALL', 'message': '12-11 08:22:30.684 31652 32599 W InputReader: Device virtio_input_multi_touch_4 is associated with display ADISPLAY_ID_NONE.'}
{'timestamp': 1702276322340, 'level': 'ALL', 'message': '12-11 08:22:30.684 31652 32599 W InputReader: Device virtio_input_multi_touch_11 is associated with display ADISPLAY_ID_NONE.'}
{'timestamp': 1702276322340, 'level': 'ALL', 'message': '12-11 08:22:30.684 31652 32599 W InputReader: Device virtio_input_multi_touch_5 is associated with display ADISPLAY_ID_NONE.'}
{'timestamp': 1702276322340, 'level': 'ALL', 'message': '12-11 08:22:30.684 31652 32599 W InputReader: Device virtio_input_multi_touch_2 is associated with display ADISPLAY_ID_NONE.'}
{'timestamp': 1702276322340, 'level': 'ALL', 'message': '12-11 08:22:30.684 31652 32599 W InputReader: Device virtio_input_multi_touch_9 is associated with display ADISPLAY_ID_NONE.'}
{'timestamp': 1702276322340, 'level': 'ALL', 'message': '12-11 08:22:30.684 31652 32599 W InputReader: Device virtio_input_multi_touch_6 is associated with display ADISPLAY_ID_NONE.'}
{'timestamp': 1702276322340, 'level': 'ALL', 'message': '12-11 08:22:30.684 31652 32599 W InputReader: Device virtio_input_multi_touch_7 is associated with display ADISPLAY_ID_NONE.'}
{'timestamp': 1702276322340, 'level': 'ALL', 'message': '12-11 08:22:30.684 31652 32599 W InputReader: Device virtio_input_multi_touch_3 is associated with display ADISPLAY_ID_NONE.'}
{'timestamp': 1702276322340, 'level': 'ALL', 'message': '12-11 08:22:30.684 31652 32599 W InputReader: Device virtio_input_multi_touch_8 is associated with display ADISPLAY_ID_NONE.'}
{'timestamp': 1702276322340, 'level': 'ALL', 'message': '12-11 08:22:30.684 31652 32599 W InputReader: Device virtio_input_multi_touch_10 is associated with display ADISPLAY_ID_NONE.'}
{'timestamp': 1702276322340, 'level': 'ALL', 'message': '12-11 08:22:30.684 31652 32599 W InputReader: Device virtio_input_multi_touch_4 is associated with display ADISPLAY_ID_NONE.'}
{'timestamp': 1702276322340, 'level': 'ALL', 'message': '12-11 08:22:30.684 31652 32599 W InputReader: Device virtio_input_multi_touch_11 is associated with display ADISPLAY_ID_NONE.'}
{'timestamp': 1702276322340, 'level': 'ALL', 'message': '12-11 08:22:30.684 31652 32599 W InputReader: Device virtio_input_multi_touch_5 is associated with display ADISPLAY_ID_NONE.'}
{'timestamp': 1702276322340, 'level': 'ALL', 'message': '12-11 08:22:30.684 31652 32599 W InputReader: Device virtio_input_multi_touch_2 is associated with display ADISPLAY_ID_NONE.'}
{'timestamp': 1702276322340, 'level': 'ALL', 'message': '12-11 08:22:30.684 31652 32599 W InputReader: Device virtio_input_multi_touch_9 is associated with display ADISPLAY_ID_NONE.'}
{'timestamp': 1702276322340, 'level': 'ALL', 'message': '12-11 08:22:30.684 31652 32599 W InputReader: Device virtio_input_multi_touch_6 is associated with display ADISPLAY_ID_NONE.'}
{'timestamp': 1702276322340, 'level': 'ALL', 'message': '12-11 08:22:30.684 31652 32599 W InputReader: Device virtio_input_multi_touch_7 is associated with display ADISPLAY_ID_NONE.'}
{'timestamp': 1702276322340, 'level': 'ALL', 'message': '12-11 08:22:30.684 31652 32599 W InputReader: Device virtio_input_multi_touch_3 is associated with display ADISPLAY_ID_NONE.'}
{'timestamp': 1702276322340, 'level': 'ALL', 'message': '12-11 08:22:30.684 31652 32599 W InputReader: Device virtio_input_multi_touch_8 is associated with display ADISPLAY_ID_NONE.'}
{'timestamp': 1702276322340, 'level': 'ALL', 'message': '12-11 08:22:30.769  9481  9545 I WM-WorkerWrapper: Worker result SUCCESS for Work [ id=4d1a0271-5bb6-4925-a04b-9612b7ec8bf7, tags={ systems.ajax.logger.job.LoggerJob } ]'}
{'timestamp': 1702276322340, 'level': 'ALL', 'message': '12-11 08:22:30.895  9481  9493 I com.ajaxsystem: Background young concurrent copying GC freed 123225(7936KB) AllocSpace objects, 41(1588KB) LOS objects, 77% free, 7061KB/30MB, paused 3.360ms total 251.082ms'}
{'timestamp': 1702276322340, 'level': 'ALL', 'message': '12-11 08:22:30.921  9430  9466 I appium  : The following attributes will be included to the page source: [resource-id, text]'}
{'timestamp': 1702276322340, 'level': 'ALL', 'message': '12-11 08:22:31.069 32604  1538 I FontLog : (REDACTED) Received query %s, URI %s'}
{'timestamp': 1702276322340, 'level': 'ALL', 'message': '12-11 08:22:31.070 32604  1538 I FontLog : (REDACTED) Query [%s] resolved to %s'}
{'timestamp': 1702276322340, 'level': 'ALL', 'message': '12-11 08:22:31.073 32604  1538 I FontLog : (REDACTED) Fetch %s end status %s'}
{'timestamp': 1702276322340, 'level': 'ALL', 'message': '12-11 08:22:31.083 32604  1538 I FontLog : (REDACTED) Pulling font file for id = %d, cache size = %d'}
{'timestamp': 1702276322340, 'level': 'ALL', 'message': '12-11 08:22:31.091 32604  1538 I FontLog : (REDACTED) Pulling font file for id = %d, cache size = %d'}
{'timestamp': 1702276322340, 'level': 'ALL', 'message': '12-11 08:22:31.203  9481  9481 W com.ajaxsystem: Class androidx.compose.runtime.snapshots.SnapshotStateMap failed lock verification and will run slower.'}
{'timestamp': 1702276322340, 'level': 'ALL', 'message': '12-11 08:22:31.203  9481  9481 W com.ajaxsystem: Common causes for lock verification issues are non-optimized dex code'}
{'timestamp': 1702276322340, 'level': 'ALL', 'message': '12-11 08:22:31.203  9481  9481 W com.ajaxsystem: and incorrect proguard optimizations.'}
{'timestamp': 1702276322340, 'level': 'ALL', 'message': '12-11 08:22:31.280  9481  9481 W com.ajaxsystem: Class androidx.compose.runtime.snapshots.SnapshotStateList failed lock verification and will run slower.'}
{'timestamp': 1702276322340, 'level': 'ALL', 'message': '12-11 08:22:31.481   320   354 D goldfish-address-space: claimShared: Ask to claim region [0x3f4000000 0x3f49e4000]'}
{'timestamp': 1702276322340, 'level': 'ALL', 'message': '12-11 08:22:31.505   320   354 D goldfish-address-space: claimShared: Ask to claim region [0x3f6790000 0x3f7174000]'}
{'timestamp': 1702276322340, 'level': 'ALL', 'message': '12-11 08:22:31.518   320   354 D goldfish-address-space: claimShared: Ask to claim region [0x3f7174000 0x3f7b58000]'}
{'timestamp': 1702276322340, 'level': 'ALL', 'message': '12-11 08:22:31.581 31652 31742 I ActivityTaskManager: Displayed com.ajaxsystems/.bootstrap.presentation.splash.SplashActivity: +942ms'}
{'timestamp': 1702276322340, 'level': 'ALL', 'message': '12-11 08:22:31.714   653   653 I dnpg    : onStop'}
{'timestamp': 1702276322340, 'level': 'ALL', 'message': '12-11 08:22:31.947  9481  9542 E Volley  : [667] NetworkUtility.shouldRetryException: Unexpected response code 403 for https://in-app-message.prod.ajax.systems/v1/prod/main/en/plashka.json'}
{'timestamp': 1702276322340, 'level': 'ALL', 'message': '12-11 08:22:32.024  9430  9466 I appium  : Took 0ms to retrieve 1 matches for \'//android.widget.TextView[@resource-id="com.ajaxsystems:id/text" and @text="Log In"]\' XPath2 query'}
{'timestamp': 1702276322340, 'level': 'ALL', 'message': '12-11 08:22:32.046  9430  9466 W tomator2.serve: Accessing hidden field Landroid/view/accessibility/AccessibilityNodeInfo;->mSourceNodeId:J (greylist, reflection, allowed)'}
{'timestamp': 1702276322340, 'level': 'ALL', 'message': '12-11 08:22:32.053  9430  9466 I appium  : AppiumResponse: {"sessionId":"861f37f2-5793-4e5b-88c1-3e5500a1e4fb","value":{"ELEMENT":"00000000-0000-0036-0000-00060000001b","element-6066-11e4-a52e-4f735466cecf":"00000000-0000-0036-0000-00060000001b"}}'}
{'timestamp': 1702276322340, 'level': 'ALL', 'message': '12-11 08:22:32.077  9430  9466 I appium  : channel read: POST /session/861f37f2-5793-4e5b-88c1-3e5500a1e4fb/element/00000000-0000-0036-0000-00060000001b/click'}
{'timestamp': 1702276322340, 'level': 'ALL', 'message': '12-11 08:22:32.078  9430  9466 I appium  : Click command'}
{'timestamp': 1702276322340, 'level': 'ALL', 'message': '12-11 08:22:32.255  9481  9542 E Volley  : [667] NetworkUtility.shouldRetryException: Unexpected response code 403 for https://in-app-message.prod.ajax.systems/v1/prod/main/en/plashka.json'}
{'timestamp': 1702276322340, 'level': 'ALL', 'message': '12-11 08:22:32.257  9481  9481 E MaintenanceMessagesApi: Cannot get maintenance messages'}
{'timestamp': 1702276322340, 'level': 'ALL', 'message': '12-11 08:22:32.257  9481  9481 E MaintenanceMessagesApi: com.android.volley.AuthFailureError'}
{'timestamp': 1702276322340, 'level': 'ALL', 'message': '12-11 08:22:32.257  9481  9481 E MaintenanceMessagesApi: \tat com.android.volley.toolbox.NetworkUtility.shouldRetryException(Unknown Source:134)'}
{'timestamp': 1702276322340, 'level': 'ALL', 'message': '12-11 08:22:32.257  9481  9481 E MaintenanceMessagesApi: \tat com.android.volley.toolbox.BasicNetwork.performRequest(Unknown Source:119)'}
{'timestamp': 1702276322340, 'level': 'ALL', 'message': '12-11 08:22:32.257  9481  9481 E MaintenanceMessagesApi: \tat com.android.volley.NetworkDispatcher.processRequest(Unknown Source:39)'}
{'timestamp': 1702276322340, 'level': 'ALL', 'message': '12-11 08:22:32.257  9481  9481 E MaintenanceMessagesApi: \tat com.android.volley.NetworkDispatcher.processRequest(Unknown Source:8)'}
{'timestamp': 1702276322340, 'level': 'ALL', 'message': '12-11 08:22:32.257  9481  9481 E MaintenanceMessagesApi: \tat com.android.volley.NetworkDispatcher.run(Unknown Source:5)'}
{'timestamp': 1702276322340, 'level': 'ALL', 'message': '12-11 08:22:32.404 31652  1224 I ActivityTaskManager: START u0 {cmp=com.ajaxsystems/.bootstrap.presentation.auth.AuthFlowActivity (has extras)} from uid 10158'}
{'timestamp': 1702276322340, 'level': 'ALL', 'message': '12-11 08:22:32.405 31652 31712 D EventSequenceValidator: Transition from INTENT_FAILED to INTENT_STARTED'}
{'timestamp': 1702276322340, 'level': 'ALL', 'message': '12-11 08:22:32.413   421   421 I perfetto: ing_service_impl.cc:758 Configured tracing session 482, #sources:1, duration:5000 ms, #buffers:1, total buffer size:4096 KB, total sessions:3, uid:1071 session name: ""'}
{'timestamp': 1702276322340, 'level': 'ALL', 'message': '12-11 08:22:32.414   410   410 I perfetto: probes_producer.cc:230  Ftrace setup (target_buf=482)'}
{'timestamp': 1702276322340, 'level': 'ALL', 'message': '12-11 08:22:32.421 31652 31712 D EventSequenceValidator: Transition from INTENT_STARTED to INTENT_FAILED'}
{'timestamp': 1702276322340, 'level': 'ALL', 'message': '12-11 08:22:32.443  9430  9466 I appium  : Waiting up to 10000ms for the device to idle'}
{'timestamp': 1702276322340, 'level': 'ALL', 'message': '12-11 08:22:32.444 31652  1224 W ActivityTaskManager: Tried to set launchTime (0) < mLastActivityLaunchTime (27617961)'}
{'timestamp': 1702276322340, 'level': 'ALL', 'message': '12-11 08:22:32.445 31652  1224 W InputReader: Device virtio_input_multi_touch_10 is associated with display ADISPLAY_ID_NONE.'}
{'timestamp': 1702276322340, 'level': 'ALL', 'message': '12-11 08:22:32.445 31652  1224 W InputReader: Device virtio_input_multi_touch_4 is associated with display ADISPLAY_ID_NONE.'}
{'timestamp': 1702276322340, 'level': 'ALL', 'message': '12-11 08:22:32.445 31652  1224 W InputReader: Device virtio_input_multi_touch_11 is associated with display ADISPLAY_ID_NONE.'}
{'timestamp': 1702276322340, 'level': 'ALL', 'message': '12-11 08:22:32.445 31652  1224 W InputReader: Device virtio_input_multi_touch_5 is associated with display ADISPLAY_ID_NONE.'}
{'timestamp': 1702276322340, 'level': 'ALL', 'message': '12-11 08:22:32.445 31652  1224 W InputReader: Device virtio_input_multi_touch_2 is associated with display ADISPLAY_ID_NONE.'}
{'timestamp': 1702276322340, 'level': 'ALL', 'message': '12-11 08:22:32.445 31652  1224 W InputReader: Device virtio_input_multi_touch_9 is associated with display ADISPLAY_ID_NONE.'}
{'timestamp': 1702276322340, 'level': 'ALL', 'message': '12-11 08:22:32.445 31652  1224 W InputReader: Device virtio_input_multi_touch_6 is associated with display ADISPLAY_ID_NONE.'}
{'timestamp': 1702276322340, 'level': 'ALL', 'message': '12-11 08:22:32.445 31652  1224 W InputReader: Device virtio_input_multi_touch_7 is associated with display ADISPLAY_ID_NONE.'}
{'timestamp': 1702276322340, 'level': 'ALL', 'message': '12-11 08:22:32.445 31652  1224 W InputReader: Device virtio_input_multi_touch_3 is associated with display ADISPLAY_ID_NONE.'}
{'timestamp': 1702276322340, 'level': 'ALL', 'message': '12-11 08:22:32.445 31652  1224 W InputReader: Device virtio_input_multi_touch_8 is associated with display ADISPLAY_ID_NONE.'}
{'timestamp': 1702276322340, 'level': 'ALL', 'message': '12-11 08:22:32.446 31652  1224 W InputReader: Device virtio_input_multi_touch_10 is associated with display ADISPLAY_ID_NONE.'}
{'timestamp': 1702276322340, 'level': 'ALL', 'message': '12-11 08:22:32.446 31652  1224 W InputReader: Device virtio_input_multi_touch_4 is associated with display ADISPLAY_ID_NONE.'}
{'timestamp': 1702276322340, 'level': 'ALL', 'message': '12-11 08:22:32.446 31652  1224 W InputReader: Device virtio_input_multi_touch_11 is associated with display ADISPLAY_ID_NONE.'}
{'timestamp': 1702276322340, 'level': 'ALL', 'message': '12-11 08:22:32.446 31652  1224 W InputReader: Device virtio_input_multi_touch_5 is associated with display ADISPLAY_ID_NONE.'}
{'timestamp': 1702276322340, 'level': 'ALL', 'message': '12-11 08:22:32.446 31652  1224 W InputReader: Device virtio_input_multi_touch_2 is associated with display ADISPLAY_ID_NONE.'}
{'timestamp': 1702276322340, 'level': 'ALL', 'message': '12-11 08:22:32.446 31652  1224 W InputReader: Device virtio_input_multi_touch_9 is associated with display ADISPLAY_ID_NONE.'}
{'timestamp': 1702276322340, 'level': 'ALL', 'message': '12-11 08:22:32.446 31652  1224 W InputReader: Device virtio_input_multi_touch_6 is associated with display ADISPLAY_ID_NONE.'}
{'timestamp': 1702276322340, 'level': 'ALL', 'message': '12-11 08:22:32.446 31652  1224 W InputReader: Device virtio_input_multi_touch_7 is associated with display ADISPLAY_ID_NONE.'}
{'timestamp': 1702276322340, 'level': 'ALL', 'message': '12-11 08:22:32.446 31652  1224 W InputReader: Device virtio_input_multi_touch_3 is associated with display ADISPLAY_ID_NONE.'}
{'timestamp': 1702276322340, 'level': 'ALL', 'message': '12-11 08:22:32.446 31652  1224 W InputReader: Device virtio_input_multi_touch_8 is associated with display ADISPLAY_ID_NONE.'}
{'timestamp': 1702276322340, 'level': 'ALL', 'message': '12-11 08:22:32.785   320   354 D goldfish-address-space: claimShared: Ask to claim region [0x3f1e81000 0x3f2865000]'}
{'timestamp': 1702276322340, 'level': 'ALL', 'message': '12-11 08:22:32.799   320   354 D goldfish-address-space: claimShared: Ask to claim region [0x3f49e4000 0x3f53c8000]'}
{'timestamp': 1702276322340, 'level': 'ALL', 'message': '12-11 08:22:32.803   320   354 D goldfish-address-space: claimShared: Ask to claim region [0x3f53c8000 0x3f5dac000]'}
{'timestamp': 1702276322340, 'level': 'ALL', 'message': '12-11 08:22:33.034 31652 31742 I ActivityTaskManager: Displayed com.ajaxsystems/.bootstrap.presentation.auth.AuthFlowActivity: +628ms'}
{'timestamp': 1702276322340, 'level': 'ALL', 'message': '12-11 08:22:33.112 31652  1224 I system_server: oneway function results will be dropped but finished with status OK and parcel size 4'}
{'timestamp': 1702276322340, 'level': 'ALL', 'message': '12-11 08:22:33.117 31652  1224 I system_server: oneway function results will be dropped but finished with status OK and parcel size 4'}
{'timestamp': 1702276322340, 'level': 'ALL', 'message': '12-11 08:22:33.570   410   410 I perfetto: probes_producer.cc:329  Producer stop (id=480)'}
{'timestamp': 1702276322340, 'level': 'ALL', 'message': '12-11 08:22:33.572   421   421 I perfetto: ng_service_impl.cc:1948 Tracing session 480 ended, total sessions:2'}
{'timestamp': 1702276322340, 'level': 'ALL', 'message': '12-11 08:22:33.586  9430  9466 I appium  : AppiumResponse: {"sessionId":"861f37f2-5793-4e5b-88c1-3e5500a1e4fb","value":null}'}
{'timestamp': 1702276322340, 'level': 'ALL', 'message': '12-11 08:22:33.772  9481  9493 I com.ajaxsystem: WaitForGcToComplete blocked RunEmptyCheckpoint on ProfileSaver for 6.792ms'}
{'timestamp': 1702276322340, 'level': 'ALL', 'message': '12-11 08:22:34.600  9430  9466 I appium  : channel read: POST /session/861f37f2-5793-4e5b-88c1-3e5500a1e4fb/element'}
{'timestamp': 1702276322340, 'level': 'ALL', 'message': '12-11 08:22:34.601  9430  9466 I appium  : FindElement command'}
{'timestamp': 1702276322340, 'level': 'ALL', 'message': '12-11 08:22:34.602  9430  9466 I appium  : method: \'xpath\', selector: \'//android.widget.EditText[@resource-id="defaultAutomationId"][1]\''}
{'timestamp': 1702276322340, 'level': 'ALL', 'message': '12-11 08:22:34.603  9430  9466 I appium  : Waiting up to 10000ms for the device to idle'}
{'timestamp': 1702276322340, 'level': 'ALL', 'message': '12-11 08:22:34.606  9430  9466 I appium  : The following attributes will be included to the page source: [resource-id]'}
{'timestamp': 1702276322340, 'level': 'ALL', 'message': '12-11 08:22:34.735  9430  9466 I appium  : Took 0ms to retrieve 1 matches for \'//android.widget.EditText[@resource-id="defaultAutomationId"][1]\' XPath2 query'}
{'timestamp': 1702276322340, 'level': 'ALL', 'message': '12-11 08:22:34.738  9430  9466 I appium  : AppiumResponse: {"sessionId":"861f37f2-5793-4e5b-88c1-3e5500a1e4fb","value":{"ELEMENT":"00000000-0000-0037-0000-001500000046","element-6066-11e4-a52e-4f735466cecf":"00000000-0000-0037-0000-001500000046"}}'}
{'timestamp': 1702276322340, 'level': 'ALL', 'message': '12-11 08:22:34.756  9430  9466 I appium  : channel read: POST /session/861f37f2-5793-4e5b-88c1-3e5500a1e4fb/element/00000000-0000-0037-0000-001500000046/value'}
{'timestamp': 1702276322340, 'level': 'ALL', 'message': '12-11 08:22:34.756  9430  9466 I appium  : SendKeysToElement command'}
{'timestamp': 1702276322340, 'level': 'ALL', 'message': '12-11 08:22:35.276  9430  9466 I appium  : AppiumResponse: {"sessionId":"861f37f2-5793-4e5b-88c1-3e5500a1e4fb","value":null}'}
{'timestamp': 1702276322340, 'level': 'ALL', 'message': '12-11 08:22:35.644   410   410 I perfetto: probes_producer.cc:329  Producer stop (id=481)'}
{'timestamp': 1702276322340, 'level': 'ALL', 'message': '12-11 08:22:35.647   421   421 I perfetto: ng_service_impl.cc:1948 Tracing session 481 ended, total sessions:1'}
{'timestamp': 1702276322340, 'level': 'ALL', 'message': '12-11 08:22:35.727 32722 32763 I PeriodicStatsRunner: PeriodicStatsRunner.call():180 call()'}
{'timestamp': 1702276322340, 'level': 'ALL', 'message': '12-11 08:22:35.727 32722 32763 I PeriodicStatsRunner: PeriodicStatsRunner.call():184 No submit PeriodicStats since input started.'}
{'timestamp': 1702276322340, 'level': 'ALL', 'message': '12-11 08:22:36.290  9430  9466 I appium  : channel read: POST /session/861f37f2-5793-4e5b-88c1-3e5500a1e4fb/element'}
{'timestamp': 1702276322340, 'level': 'ALL', 'message': '12-11 08:22:36.291  9430  9466 I appium  : FindElement command'}
{'timestamp': 1702276322340, 'level': 'ALL', 'message': '12-11 08:22:36.292  9430  9466 I appium  : method: \'xpath\', selector: \'(//android.widget.EditText[@resource-id="defaultAutomationId"])[2]\''}
{'timestamp': 1702276322340, 'level': 'ALL', 'message': '12-11 08:22:36.292  9430  9466 I appium  : Waiting up to 10000ms for the device to idle'}
{'timestamp': 1702276322340, 'level': 'ALL', 'message': '12-11 08:22:36.294  9430  9466 I appium  : The following attributes will be included to the page source: [resource-id]'}
{'timestamp': 1702276322340, 'level': 'ALL', 'message': '12-11 08:22:36.357  9481  9617 D ProfileInstaller: Installing profile for com.ajaxsystems'}
{'timestamp': 1702276322340, 'level': 'ALL', 'message': '12-11 08:22:36.367  9430  9466 I appium  : Took 0ms to retrieve 1 matches for \'(//android.widget.EditText[@resource-id="defaultAutomationId"])[2]\' XPath2 query'}
{'timestamp': 1702276322340, 'level': 'ALL', 'message': '12-11 08:22:36.369  9430  9466 I appium  : AppiumResponse: {"sessionId":"861f37f2-5793-4e5b-88c1-3e5500a1e4fb","value":{"ELEMENT":"00000000-0000-0037-0000-00210000004a","element-6066-11e4-a52e-4f735466cecf":"00000000-0000-0037-0000-00210000004a"}}'}
{'timestamp': 1702276322340, 'level': 'ALL', 'message': '12-11 08:22:36.383  9430  9466 I appium  : channel read: POST /session/861f37f2-5793-4e5b-88c1-3e5500a1e4fb/element/00000000-0000-0037-0000-00210000004a/value'}
{'timestamp': 1702276322340, 'level': 'ALL', 'message': '12-11 08:22:36.383  9430  9466 I appium  : SendKeysToElement command'}
{'timestamp': 1702276322340, 'level': 'ALL', 'message': '12-11 08:22:36.406  9430  9466 I appium  : AppiumResponse: {"sessionId":"861f37f2-5793-4e5b-88c1-3e5500a1e4fb","value":null}'}
{'timestamp': 1702276322340, 'level': 'ALL', 'message': '12-11 08:22:36.722 32722 32763 I PeriodicStatsRunner: PeriodicStatsRunner.call():180 call()'}
{'timestamp': 1702276322340, 'level': 'ALL', 'message': '12-11 08:22:36.723 32722 32763 I PeriodicStatsRunner: PeriodicStatsRunner.call():184 No submit PeriodicStats since input started.'}
{'timestamp': 1702276322340, 'level': 'ALL', 'message': '12-11 08:22:37.420   410   410 I perfetto: probes_producer.cc:329  Producer stop (id=482)'}
{'timestamp': 1702276322340, 'level': 'ALL', 'message': '12-11 08:22:37.423  9430  9466 I appium  : channel read: POST /session/861f37f2-5793-4e5b-88c1-3e5500a1e4fb/element'}
{'timestamp': 1702276322340, 'level': 'ALL', 'message': '12-11 08:22:37.425  9430  9466 I appium  : FindElement command'}
{'timestamp': 1702276322340, 'level': 'ALL', 'message': '12-11 08:22:37.427  9430  9466 I appium  : method: \'xpath\', selector: \'(//androidx.compose.ui.platform.ComposeView[@resource-id="com.ajaxsystems:id/compose_view"])[4]/android.view.View/android.view.View/android.widget.Button\''}
{'timestamp': 1702276322340, 'level': 'ALL', 'message': '12-11 08:22:37.427   410   410 I perfetto: ftrace_procfs.cc:183    disabled ftrace'}
{'timestamp': 1702276322340, 'level': 'ALL', 'message': '12-11 08:22:37.427  9430  9466 I appium  : Waiting up to 10000ms for the device to idle'}
{'timestamp': 1702276322340, 'level': 'ALL', 'message': '12-11 08:22:37.429   421   421 I perfetto: ng_service_impl.cc:1948 Tracing session 482 ended, total sessions:0'}
{'timestamp': 1702276322340, 'level': 'ALL', 'message': '12-11 08:22:37.429  9430  9466 I appium  : The following attributes will be included to the page source: [resource-id]'}
{'timestamp': 1702276322340, 'level': 'ALL', 'message': '12-11 08:22:37.506  9430  9466 I appium  : Took 1ms to retrieve 1 matches for \'(//androidx.compose.ui.platform.ComposeView[@resource-id="com.ajaxsystems:id/compose_view"])[4]/android.view.View/android.view.View/android.widget.Button\' XPath2 query'}
{'timestamp': 1702276322340, 'level': 'ALL', 'message': '12-11 08:22:37.510  9430  9466 I appium  : AppiumResponse: {"sessionId":"861f37f2-5793-4e5b-88c1-3e5500a1e4fb","value":{"ELEMENT":"00000000-0000-0037-3b9a-ca0f0000003f","element-6066-11e4-a52e-4f735466cecf":"00000000-0000-0037-3b9a-ca0f0000003f"}}'}
{'timestamp': 1702276322340, 'level': 'ALL', 'message': '12-11 08:22:37.523  9430  9466 I appium  : channel read: POST /session/861f37f2-5793-4e5b-88c1-3e5500a1e4fb/element/00000000-0000-0037-3b9a-ca0f0000003f/click'}
{'timestamp': 1702276322340, 'level': 'ALL', 'message': '12-11 08:22:37.523  9430  9466 I appium  : Click command'}
{'timestamp': 1702276322340, 'level': 'ALL', 'message': '12-11 08:22:37.592  9430  9466 I appium  : Waiting up to 10000ms for the device to idle'}
{'timestamp': 1702276322340, 'level': 'ALL', 'message': '12-11 08:22:37.700 32604  9227 E GmsConnectionFactory: UID for network attribution might be misset for tag 536871943 [CONTEXT service_id=39 ]'}
{'timestamp': 1702276322340, 'level': 'ALL', 'message': '12-11 08:22:37.700 32604  9227 E GmsConnectionFactory: diig: FULL'}
{'timestamp': 1702276322340, 'level': 'ALL', 'message': '12-11 08:22:37.700 32604  9227 E GmsConnectionFactory: \tat a.P(:com.google.android.gms@234523034@23.45.23 (150700-587848529):9)'}
{'timestamp': 1702276322340, 'level': 'ALL', 'message': '12-11 08:22:37.700 32604  9227 E GmsConnectionFactory: \tat avfc.a(:com.google.android.gms@234523034@23.45.23 (150700-587848529):148)'}
{'timestamp': 1702276322340, 'level': 'ALL', 'message': '12-11 08:22:37.700 32604  9227 E GmsConnectionFactory: \tat ayfv.c(:com.google.android.gms@234523034@23.45.23 (150700-587848529):119)'}
{'timestamp': 1702276322340, 'level': 'ALL', 'message': '12-11 08:22:37.700 32604  9227 E GmsConnectionFactory: \tat ayfm.d(:com.google.android.gms@234523034@23.45.23 (150700-587848529):11)'}
{'timestamp': 1702276322340, 'level': 'ALL', 'message': '12-11 08:22:37.700 32604  9227 E GmsConnectionFactory: \tat ayfr.a(:com.google.android.gms@234523034@23.45.23 (150700-587848529):4)'}
{'timestamp': 1702276322340, 'level': 'ALL', 'message': '12-11 08:22:37.700 32604  9227 E GmsConnectionFactory: \tat ayfm.b(:com.google.android.gms@234523034@23.45.23 (150700-587848529):86)'}
{'timestamp': 1702276322340, 'level': 'ALL', 'message': '12-11 08:22:37.700 32604  9227 E GmsConnectionFactory: \tat ayfm.execute(:com.google.android.gms@234523034@23.45.23 (150700-587848529):8)'}
{'timestamp': 1702276322340, 'level': 'ALL', 'message': '12-11 08:22:37.700 32604  9227 E GmsConnectionFactory: \tat ayfm.execute(:com.google.android.gms@234523034@23.45.23 (150700-587848529):5)'}
{'timestamp': 1702276322340, 'level': 'ALL', 'message': '12-11 08:22:37.700 32604  9227 E GmsConnectionFactory: \tat awky.h(:com.google.android.gms@234523034@23.45.23 (150700-587848529):516)'}
{'timestamp': 1702276322340, 'level': 'ALL', 'message': '12-11 08:22:37.700 32604  9227 E GmsConnectionFactory: \tat awks.run(:com.google.android.gms@234523034@23.45.23 (150700-587848529):13)'}
{'timestamp': 1702276322340, 'level': 'ALL', 'message': '12-11 08:22:37.700 32604  9227 E GmsConnectionFactory: \tat aiwb.c(:com.google.android.gms@234523034@23.45.23 (150700-587848529):50)'}
{'timestamp': 1702276322340, 'level': 'ALL', 'message': '12-11 08:22:37.700 32604  9227 E GmsConnectionFactory: \tat aiwb.run(:com.google.android.gms@234523034@23.45.23 (150700-587848529):76)'}
{'timestamp': 1702276322340, 'level': 'ALL', 'message': '12-11 08:22:37.700 32604  9227 E GmsConnectionFactory: \tat java.util.concurrent.ThreadPoolExecutor.runWorker(ThreadPoolExecutor.java:1167)'}
{'timestamp': 1702276322340, 'level': 'ALL', 'message': '12-11 08:22:37.700 32604  9227 E GmsConnectionFactory: \tat java.util.concurrent.ThreadPoolExecutor$Worker.run(ThreadPoolExecutor.java:641)'}
{'timestamp': 1702276322340, 'level': 'ALL', 'message': '12-11 08:22:37.700 32604  9227 E GmsConnectionFactory: \tat ajbh.run(:com.google.android.gms@234523034@23.45.23 (150700-587848529):8)'}
{'timestamp': 1702276322340, 'level': 'ALL', 'message': '12-11 08:22:37.700 32604  9227 E GmsConnectionFactory: \tat java.lang.Thread.run(Thread.java:923)'}
{'timestamp': 1702276322340, 'level': 'ALL', 'message': '12-11 08:22:38.116 32722 32763 I PeriodicStatsRunner: PeriodicStatsRunner.call():180 call()'}
{'timestamp': 1702276322340, 'level': 'ALL', 'message': '12-11 08:22:38.117 32722 32763 I PeriodicStatsRunner: PeriodicStatsRunner.call():184 No submit PeriodicStats since input started.'}
{'timestamp': 1702276322340, 'level': 'ALL', 'message': '12-11 08:22:38.179  9430  9466 I appium  : AppiumResponse: {"sessionId":"861f37f2-5793-4e5b-88c1-3e5500a1e4fb","value":null}'}
{'timestamp': 1702276322340, 'level': 'ALL', 'message': "12-11 08:22:38.217   178   178 I servicemanager: Since 'apexservice' could not be found, trying to start it as a lazy AIDL service"}
{'timestamp': 1702276322340, 'level': 'ALL', 'message': '12-11 08:22:38.369   178   178 I BpBinder: onLastStrongRef automatically unlinking death recipients: <uncached descriptor>'}
{'timestamp': 1702276322340, 'level': 'ALL', 'message': '12-11 08:22:38.373   178   178 I servicemanager: Tried to unregister apexservice, but there is about to be a client.'}
{'timestamp': 1702276322340, 'level': 'ALL', 'message': '12-11 08:22:39.050 31652  1224 D ConnectivityService: requestNetwork for uid/pid:10158/9481 NetworkRequest [ TRACK_DEFAULT id=89, [ Capabilities: INTERNET&NOT_RESTRICTED&TRUSTED Uid: 10158 AdministratorUids: [] RequestorUid: 10158 RequestorPackageName: com.ajaxsystems] ]'}
{'timestamp': 1702276322340, 'level': 'ALL', 'message': '12-11 08:22:39.051 31652 31995 D ConnectivityService: NetReassign [89 : null → 100]'}
{'timestamp': 1702276322340, 'level': 'ALL', 'message': '12-11 08:22:39.052 32351 32351 D PhoneSwitcherNetworkRequstListener: got request NetworkRequest [ TRACK_DEFAULT id=89, [ Capabilities: INTERNET&NOT_RESTRICTED&TRUSTED Uid: 10158 AdministratorUids: [] RequestorUid: 10158 RequestorPackageName: com.ajaxsystems] ] with score 50 and providerId 2'}
{'timestamp': 1702276322340, 'level': 'ALL', 'message': '12-11 08:22:39.085 32351 32351 D Telephony: isEmergencyPreferredAccount: subId=1, activeData=1'}
{'timestamp': 1702276322340, 'level': 'ALL', 'message': '12-11 08:22:39.085 32351 32351 D Telephony: isEmergencyPreferredAccount: Device does not require preference.'}
{'timestamp': 1702276322340, 'level': 'ALL', 'message': '12-11 08:22:39.116  9481  9636 E PushTokenRegistrationJob: Cannot update token, login not found'}
{'timestamp': 1702276322340, 'level': 'ALL', 'message': '12-11 08:22:39.118  9481  9554 I WM-WorkerWrapper: Worker result FAILURE for Work [ id=e9e12a69-7138-47b7-a327-e157c97e0eee, tags={ com.ajaxsystems.notifications.PushTokenRegistrationJob } ]'}
{'timestamp': 1702276322340, 'level': 'ALL', 'message': '12-11 08:22:39.148 31652 31995 D ConnectivityService: releasing NetworkRequest [ TRACK_DEFAULT id=89, [ Capabilities: INTERNET&NOT_RESTRICTED&TRUSTED Uid: 10158 AdministratorUids: [] RequestorUid: 10158 RequestorPackageName: com.ajaxsystems] ] (release request)'}
{'timestamp': 1702276322340, 'level': 'ALL', 'message': '12-11 08:22:39.175 32351 32351 D Telephony: isEmergencyPreferredAccount: subId=1, activeData=1'}
{'timestamp': 1702276322340, 'level': 'ALL', 'message': '12-11 08:22:39.175 32351 32351 D Telephony: isEmergencyPreferredAccount: Device does not require preference.'}
{'timestamp': 1702276322340, 'level': 'ALL', 'message': '12-11 08:22:39.551   178   178 I servicemanager: Notifying apexservice they have clients: 1'}
{'timestamp': 1702276322340, 'level': 'ALL', 'message': '12-11 08:22:39.903 31652 31742 W NotificationHistory: Attempted to remove conversation for locked/gone/disabled user 0'}
{'timestamp': 1702276322340, 'level': 'ALL', 'message': '12-11 08:22:40.035  9481  9525 W DELETE  : 0 hubs will be deleted'}
{'timestamp': 1702276322340, 'level': 'ALL', 'message': '12-11 08:22:42.615  9481  9601 W DELETE  : 0 hubs will be deleted'}
{'timestamp': 1702276322340, 'level': 'ALL', 'message': '12-11 08:22:42.664  9481  9481 W hb4     : set ConnectionBackground 663548140 true'}
{'timestamp': 1702276322340, 'level': 'ALL', 'message': '12-11 08:22:42.717  9481  9481 W hb4     : set KeepAlive 663548140 true'}
{'timestamp': 1702276322340, 'level': 'ALL', 'message': '12-11 08:22:39.903 31652 31742 I chatty  : uid=1000(system) android.bg identical 2 lines'}
{'timestamp': 1702276322340, 'level': 'ALL', 'message': '12-11 08:22:39.903 31652 31742 W NotificationHistory: Attempted to remove conversation for locked/gone/disabled user 0'}
{'timestamp': 1702276322340, 'level': 'ALL', 'message': '12-11 08:22:42.761 31652 32485 I ActivityTaskManager: START u0 {flg=0x10008000 cmp=com.ajaxsystems/.ui.activity.DashboardActivity (has extras)} from uid 10158'}
{'timestamp': 1702276322340, 'level': 'ALL', 'message': '12-11 08:22:42.762 31652 31712 D EventSequenceValidator: Transition from INTENT_FAILED to INTENT_STARTED'}
{'timestamp': 1702276322340, 'level': 'ALL', 'message': '12-11 08:22:42.771   421   421 I perfetto: ing_service_impl.cc:758 Configured tracing session 483, #sources:1, duration:5000 ms, #buffers:1, total buffer size:4096 KB, total sessions:1, uid:1071 session name: ""'}
{'timestamp': 1702276322340, 'level': 'ALL', 'message': '12-11 08:22:42.773 31652  2862 D HostConnection: HostConnection::get() New Host Connection established 0xed8b33f0, tid 2862'}
{'timestamp': 1702276322340, 'level': 'ALL', 'message': '12-11 08:22:42.779   410   410 I perfetto: probes_producer.cc:230  Ftrace setup (target_buf=483)'}
{'timestamp': 1702276322340, 'level': 'ALL', 'message': '12-11 08:22:42.790 31652  2862 D HostConnection: HostComposition ext ANDROID_EMU_CHECKSUM_HELPER_v1 ANDROID_EMU_native_sync_v2 ANDROID_EMU_native_sync_v3 ANDROID_EMU_native_sync_v4 ANDROID_EMU_dma_v1 ANDROID_EMU_direct_mem ANDROID_EMU_vulkan ANDROID_EMU_deferred_vulkan_commands ANDROID_EMU_vulkan_null_optional_strings ANDROID_EMU_vulkan_create_resources_with_requirements ANDROID_EMU_YUV_Cache ANDROID_EMU_vulkan_ignored_handles ANDROID_EMU_has_shared_slots_host_memory_allocator ANDROID_EMU_vulkan_free_memory_sync ANDROID_EMU_vulkan_shader_float16_int8 ANDROID_EMU_vulkan_async_queue_submit ANDROID_EMU_sync_buffer_data ANDROID_EMU_vulkan_async_qsri ANDROID_EMU_read_color_buffer_dma GL_OES_vertex_array_object GL_KHR_texture_compression_astc_ldr ANDROID_EMU_host_side_tracing ANDROID_EMU_gles_max_version_2'}
{'timestamp': 1702276322340, 'level': 'ALL', 'message': '12-11 08:22:42.792 31652  2862 W OpenGLRenderer: Failed to choose config with EGL_SWAP_BEHAVIOR_PRESERVED, retrying without...'}
{'timestamp': 1702276322340, 'level': 'ALL', 'message': '12-11 08:22:42.812   410   410 I perfetto: ftrace_procfs.cc:176    enabled ftrace'}
{'timestamp': 1702276322340, 'level': 'ALL', 'message': '12-11 08:22:42.818 31652  2862 D EGL_emulation: eglCreateContext: 0xed8b4f80: maj 2 min 0 rcv 2'}
{'timestamp': 1702276322340, 'level': 'ALL', 'message': '12-11 08:22:42.824 31652  2862 D EGL_emulation: eglMakeCurrent: 0xed8b4f80: ver 2 0 (tinfo 0xaf947b50) (first time)'}
{'timestamp': 1702276322340, 'level': 'ALL', 'message': '12-11 08:22:42.832   320   354 D goldfish-address-space: claimShared: Ask to claim region [0x3f0fc2000 0x3f1616000]'}
{'timestamp': 1702276322340, 'level': 'ALL', 'message': '12-11 08:22:42.855 31652  2862 E FrameEvents: updateAcquireFence: Did not find frame.'}
{'timestamp': 1702276322340, 'level': 'ALL', 'message': '12-11 08:22:42.856   320   354 D goldfish-address-space: claimShared: Ask to claim region [0x3f0000000 0x3f0654000]'}
{'timestamp': 1702276322340, 'level': 'ALL', 'message': "12-11 08:22:42.895  9481  9481 D skia    : --- Failed to create image decoder with message 'unimplemented'"}
{'timestamp': 1702276322340, 'level': 'ALL', 'message': '12-11 08:22:42.914 31652 31712 D EventSequenceValidator: Transition from INTENT_STARTED to INTENT_FAILED'}
{'timestamp': 1702276322340, 'level': 'ALL', 'message': '12-11 08:22:42.925   396   396 D BoundBrokerSvc: onUnbind: Intent { act=com.google.android.gms.measurement.START pkg=com.google.android.gms }'}
{'timestamp': 1702276322340, 'level': 'ALL', 'message': '12-11 08:22:42.932 32473 32489 W System  : A resource failed to call release.'}
{'timestamp': 1702276322340, 'level': 'ALL', 'message': '12-11 08:22:42.932 32473 32489 I chatty  : uid=10138(com.google.android.apps.nexuslauncher) FinalizerDaemon identical 1 line'}
{'timestamp': 1702276322340, 'level': 'ALL', 'message': '12-11 08:22:42.932 32473 32489 W System  : A resource failed to call release.'}
{'timestamp': 1702276322340, 'level': 'ALL', 'message': '12-11 08:22:42.949   320   354 D goldfish-address-space: claimShared: Ask to claim region [0x3f4000000 0x3f49e4000]'}
{'timestamp': 1702276322340, 'level': 'ALL', 'message': '12-11 08:22:42.954 31652 32599 W ActivityTaskManager: Tried to set launchTime (0) < mLastActivityLaunchTime (27619722)'}
{'timestamp': 1702276322340, 'level': 'ALL', 'message': '12-11 08:22:42.956 31652 32599 W InputReader: Device virtio_input_multi_touch_10 is associated with display ADISPLAY_ID_NONE.'}
{'timestamp': 1702276322340, 'level': 'ALL', 'message': '12-11 08:22:42.957 31652 32599 W InputReader: Device virtio_input_multi_touch_4 is associated with display ADISPLAY_ID_NONE.'}
{'timestamp': 1702276322340, 'level': 'ALL', 'message': '12-11 08:22:42.957 31652 32599 W InputReader: Device virtio_input_multi_touch_11 is associated with display ADISPLAY_ID_NONE.'}
{'timestamp': 1702276322340, 'level': 'ALL', 'message': '12-11 08:22:42.957 31652 32599 W InputReader: Device virtio_input_multi_touch_5 is associated with display ADISPLAY_ID_NONE.'}
{'timestamp': 1702276322340, 'level': 'ALL', 'message': '12-11 08:22:42.957 31652 32599 W InputReader: Device virtio_input_multi_touch_2 is associated with display ADISPLAY_ID_NONE.'}
{'timestamp': 1702276322340, 'level': 'ALL', 'message': '12-11 08:22:42.957 31652 32599 W InputReader: Device virtio_input_multi_touch_9 is associated with display ADISPLAY_ID_NONE.'}
{'timestamp': 1702276322340, 'level': 'ALL', 'message': '12-11 08:22:42.957 31652 32599 W InputReader: Device virtio_input_multi_touch_6 is associated with display ADISPLAY_ID_NONE.'}
{'timestamp': 1702276322340, 'level': 'ALL', 'message': '12-11 08:22:42.957 31652 32599 W InputReader: Device virtio_input_multi_touch_7 is associated with display ADISPLAY_ID_NONE.'}
{'timestamp': 1702276322340, 'level': 'ALL', 'message': '12-11 08:22:42.957 31652 32599 W InputReader: Device virtio_input_multi_touch_3 is associated with display ADISPLAY_ID_NONE.'}
{'timestamp': 1702276322340, 'level': 'ALL', 'message': '12-11 08:22:42.957 31652 32599 W InputReader: Device virtio_input_multi_touch_8 is associated with display ADISPLAY_ID_NONE.'}
{'timestamp': 1702276322340, 'level': 'ALL', 'message': '12-11 08:22:42.957 31652 32599 W InputReader: Device virtio_input_multi_touch_10 is associated with display ADISPLAY_ID_NONE.'}
{'timestamp': 1702276322340, 'level': 'ALL', 'message': '12-11 08:22:42.957 31652 32599 W InputReader: Device virtio_input_multi_touch_4 is associated with display ADISPLAY_ID_NONE.'}
{'timestamp': 1702276322340, 'level': 'ALL', 'message': '12-11 08:22:42.957 31652 32599 W InputReader: Device virtio_input_multi_touch_11 is associated with display ADISPLAY_ID_NONE.'}
{'timestamp': 1702276322340, 'level': 'ALL', 'message': '12-11 08:22:42.957 31652 32599 W InputReader: Device virtio_input_multi_touch_5 is associated with display ADISPLAY_ID_NONE.'}
{'timestamp': 1702276322340, 'level': 'ALL', 'message': '12-11 08:22:42.957 31652 32599 W InputReader: Device virtio_input_multi_touch_2 is associated with display ADISPLAY_ID_NONE.'}
{'timestamp': 1702276322340, 'level': 'ALL', 'message': '12-11 08:22:42.957 31652 32599 W InputReader: Device virtio_input_multi_touch_9 is associated with display ADISPLAY_ID_NONE.'}
{'timestamp': 1702276322340, 'level': 'ALL', 'message': '12-11 08:22:42.957 31652 32599 W InputReader: Device virtio_input_multi_touch_6 is associated with display ADISPLAY_ID_NONE.'}
{'timestamp': 1702276322340, 'level': 'ALL', 'message': '12-11 08:22:42.957 31652 32599 W InputReader: Device virtio_input_multi_touch_7 is associated with display ADISPLAY_ID_NONE.'}
{'timestamp': 1702276322340, 'level': 'ALL', 'message': '12-11 08:22:42.957 31652 32599 W InputReader: Device virtio_input_multi_touch_3 is associated with display ADISPLAY_ID_NONE.'}
{'timestamp': 1702276322340, 'level': 'ALL', 'message': '12-11 08:22:42.958 31652 32599 W InputReader: Device virtio_input_multi_touch_8 is associated with display ADISPLAY_ID_NONE.'}
{'timestamp': 1702276322340, 'level': 'ALL', 'message': '12-11 08:22:43.084   396   396 D BoundBrokerSvc: onBind: Intent { act=com.google.android.gms.measurement.START pkg=com.google.android.gms }'}
{'timestamp': 1702276322340, 'level': 'ALL', 'message': '12-11 08:22:43.084   396   396 D BoundBrokerSvc: Loading bound service for intent: Intent { act=com.google.android.gms.measurement.START pkg=com.google.android.gms }'}
{'timestamp': 1702276322340, 'level': 'ALL', 'message': '12-11 08:22:43.150 31652 31652 D NotificationService: 0|com.ajaxsystems|1|null|10158: granting content://settings/system/notification_sound'}
{'timestamp': 1702276322340, 'level': 'ALL', 'message': '12-11 08:22:43.150 31652 31652 I chatty  : uid=1000(system) Binder:31652_3 identical 3 lines'}
{'timestamp': 1702276322340, 'level': 'ALL', 'message': '12-11 08:22:43.150 31652 31652 D NotificationService: 0|com.ajaxsystems|1|null|10158: granting content://settings/system/notification_sound'}
{'timestamp': 1702276322340, 'level': 'ALL', 'message': '12-11 08:22:43.151 31652 31652 W NotificationHistory: Attempted to add notif for locked/gone/disabled user 0'}
{'timestamp': 1702276322340, 'level': 'ALL', 'message': '12-11 08:22:43.197   685   685 D NLService: Successfully stored the newly arrived notification identified by 1'}
{'timestamp': 1702276322340, 'level': 'ALL', 'message': '12-11 08:22:43.203  9430  9466 I appium  : channel read: POST /session/861f37f2-5793-4e5b-88c1-3e5500a1e4fb/element'}
{'timestamp': 1702276322340, 'level': 'ALL', 'message': '12-11 08:22:43.210  9430  9466 I appium  : FindElement command'}
{'timestamp': 1702276322340, 'level': 'ALL', 'message': '12-11 08:22:43.216  9430  9466 I appium  : method: \'xpath\', selector: \'//android.widget.TextView[@resource-id="com.ajaxsystems:id/snackbar_text"]\''}
{'timestamp': 1702276322340, 'level': 'ALL', 'message': '12-11 08:22:43.217  9430  9466 I appium  : Waiting up to 10000ms for the device to idle'}
{'timestamp': 1702276322340, 'level': 'ALL', 'message': '12-11 08:22:43.364  9481  9481 D RenderScript HIDL Adaptation: IRenderScriptDevice::getService()'}
{'timestamp': 1702276322340, 'level': 'ALL', 'message': '12-11 08:22:43.364   179   179 I hwservicemanager: getTransport: Cannot find entry android.hardware.renderscript@1.0::IDevice/default in either framework or device manifest.'}
{'timestamp': 1702276322340, 'level': 'ALL', 'message': '12-11 08:22:43.365  9481  9481 D RenderScript HIDL Adaptation: IRenderScriptDevice::getService() returned 0x0'}
{'timestamp': 1702276322340, 'level': 'ALL', 'message': '12-11 08:22:43.365  9481  9481 D RenderScript HIDL Adaptation: Using Fallback Path.'}
{'timestamp': 1702276322340, 'level': 'ALL', 'message': '12-11 08:22:43.403  9481  9481 D com.ajaxsystem: Successfully queried cache dir: /data/user_de/0/com.ajaxsystems/code_cache'}
{'timestamp': 1702276322341, 'level': 'ALL', 'message': '12-11 08:22:43.404  9481  9481 D RenderScript: Setting cache dir: /data/user_de/0/com.ajaxsystems/code_cache'}
{'timestamp': 1702276322341, 'level': 'ALL', 'message': '12-11 08:22:43.438  9481  9481 W Resources: Drawable com.ajaxsystems:drawable/line_divider has unresolved theme attributes! Consider using Resources.getDrawable(int, Theme) or Context.getDrawable(int).'}
{'timestamp': 1702276322341, 'level': 'ALL', 'message': '12-11 08:22:43.438  9481  9481 W Resources: java.lang.RuntimeException'}
{'timestamp': 1702276322341, 'level': 'ALL', 'message': '12-11 08:22:43.438  9481  9481 W Resources: \tat android.content.res.Resources.getDrawable(Resources.java:899)'}
{'timestamp': 1702276322341, 'level': 'ALL', 'message': '12-11 08:22:43.438  9481  9481 W Resources: \tat af0.<init>(Unknown Source:17)'}
{'timestamp': 1702276322341, 'level': 'ALL', 'message': '12-11 08:22:43.438  9481  9481 W Resources: \tat com.ajaxsystems.ui.view.widget.AjaxHubs.c(Unknown Source:46)'}
{'timestamp': 1702276322341, 'level': 'ALL', 'message': '12-11 08:22:43.438  9481  9481 W Resources: \tat com.ajaxsystems.ui.view.widget.AjaxHubs.<init>(Unknown Source:10)'}
{'timestamp': 1702276322341, 'level': 'ALL', 'message': '12-11 08:22:43.438  9481  9481 W Resources: \tat java.lang.reflect.Constructor.newInstance0(Native Method)'}
{'timestamp': 1702276322341, 'level': 'ALL', 'message': '12-11 08:22:43.438  9481  9481 W Resources: \tat java.lang.reflect.Constructor.newInstance(Constructor.java:343)'}
{'timestamp': 1702276322341, 'level': 'ALL', 'message': '12-11 08:22:43.438  9481  9481 W Resources: \tat android.view.LayoutInflater.createView(LayoutInflater.java:852)'}
{'timestamp': 1702276322341, 'level': 'ALL', 'message': '12-11 08:22:43.438  9481  9481 W Resources: \tat android.view.LayoutInflater.createViewFromTag(LayoutInflater.java:1004)'}
{'timestamp': 1702276322341, 'level': 'ALL', 'message': '12-11 08:22:43.438  9481  9481 W Resources: \tat android.view.LayoutInflater.createViewFromTag(LayoutInflater.java:959)'}
{'timestamp': 1702276322341, 'level': 'ALL', 'message': '12-11 08:22:43.438  9481  9481 W Resources: \tat android.view.LayoutInflater.rInflate(LayoutInflater.java:1121)'}
{'timestamp': 1702276322341, 'level': 'ALL', 'message': '12-11 08:22:43.438  9481  9481 W Resources: \tat android.view.LayoutInflater.rInflateChildren(LayoutInflater.java:1082)'}
{'timestamp': 1702276322341, 'level': 'ALL', 'message': '12-11 08:22:43.438  9481  9481 W Resources: \tat android.view.LayoutInflater.rInflate(LayoutInflater.java:1124)'}
{'timestamp': 1702276322341, 'level': 'ALL', 'message': '12-11 08:22:43.438  9481  9481 W Resources: \tat android.view.LayoutInflater.rInflateChildren(LayoutInflater.java:1082)'}
{'timestamp': 1702276322341, 'level': 'ALL', 'message': '12-11 08:22:43.438  9481  9481 W Resources: \tat android.view.LayoutInflater.rInflate(LayoutInflater.java:1124)'}
{'timestamp': 1702276322341, 'level': 'ALL', 'message': '12-11 08:22:43.438  9481  9481 W Resources: \tat android.view.LayoutInflater.rInflateChildren(LayoutInflater.java:1082)'}
{'timestamp': 1702276322341, 'level': 'ALL', 'message': '12-11 08:22:43.438  9481  9481 W Resources: \tat android.view.LayoutInflater.parseInclude(LayoutInflater.java:1261)'}
{'timestamp': 1702276322341, 'level': 'ALL', 'message': '12-11 08:22:43.438  9481  9481 W Resources: \tat android.view.LayoutInflater.rInflate(LayoutInflater.java:1117)'}
{'timestamp': 1702276322341, 'level': 'ALL', 'message': '12-11 08:22:43.438  9481  9481 W Resources: \tat android.view.LayoutInflater.rInflateChildren(LayoutInflater.java:1082)'}
{'timestamp': 1702276322341, 'level': 'ALL', 'message': '12-11 08:22:43.438  9481  9481 W Resources: \tat android.view.LayoutInflater.parseInclude(LayoutInflater.java:1261)'}
{'timestamp': 1702276322341, 'level': 'ALL', 'message': '12-11 08:22:43.438  9481  9481 W Resources: \tat android.view.LayoutInflater.rInflate(LayoutInflater.java:1117)'}
{'timestamp': 1702276322341, 'level': 'ALL', 'message': '12-11 08:22:43.438  9481  9481 W Resources: \tat android.view.LayoutInflater.rInflateChildren(LayoutInflater.java:1082)'}
{'timestamp': 1702276322341, 'level': 'ALL', 'message': '12-11 08:22:43.438  9481  9481 W Resources: \tat android.view.LayoutInflater.inflate(LayoutInflater.java:680)'}
{'timestamp': 1702276322341, 'level': 'ALL', 'message': '12-11 08:22:43.438  9481  9481 W Resources: \tat android.view.LayoutInflater.inflate(LayoutInflater.java:532)'}
{'timestamp': 1702276322341, 'level': 'ALL', 'message': '12-11 08:22:43.438  9481  9481 W Resources: \tat android.view.LayoutInflater.inflate(LayoutInflater.java:479)'}
{'timestamp': 1702276322341, 'level': 'ALL', 'message': '12-11 08:22:43.438  9481  9481 W Resources: \tat androidx.appcompat.app.AppCompatDelegateImpl.setContentView(Unknown Source:23)'}
{'timestamp': 1702276322341, 'level': 'ALL', 'message': '12-11 08:22:43.438  9481  9481 W Resources: \tat androidx.appcompat.app.AppCompatActivity.setContentView(Unknown Source:7)'}
{'timestamp': 1702276322341, 'level': 'ALL', 'message': '12-11 08:22:43.438  9481  9481 W Resources: \tat com.ajaxsystems.ui.activity.BaseDashboardActivity.onCreate(Unknown Source:49)'}
{'timestamp': 1702276322341, 'level': 'ALL', 'message': '12-11 08:22:43.438  9481  9481 W Resources: \tat com.ajaxsystems.ui.activity.DashboardActivity.onCreate(Unknown Source:0)'}
{'timestamp': 1702276322341, 'level': 'ALL', 'message': '12-11 08:22:43.438  9481  9481 W Resources: \tat android.app.Activity.performCreate(Activity.java:8000)'}
{'timestamp': 1702276322341, 'level': 'ALL', 'message': '12-11 08:22:43.438  9481  9481 W Resources: \tat android.app.Activity.performCreate(Activity.java:7984)'}
{'timestamp': 1702276322341, 'level': 'ALL', 'message': '12-11 08:22:43.438  9481  9481 W Resources: \tat android.app.Instrumentation.callActivityOnCreate(Instrumentation.java:1309)'}
{'timestamp': 1702276322341, 'level': 'ALL', 'message': '12-11 08:22:43.438  9481  9481 W Resources: \tat android.app.ActivityThread.performLaunchActivity(ActivityThread.java:3422)'}
{'timestamp': 1702276322341, 'level': 'ALL', 'message': '12-11 08:22:43.438  9481  9481 W Resources: \tat android.app.ActivityThread.handleLaunchActivity(ActivityThread.java:3601)'}
{'timestamp': 1702276322341, 'level': 'ALL', 'message': '12-11 08:22:43.438  9481  9481 W Resources: \tat android.app.servertransaction.LaunchActivityItem.execute(LaunchActivityItem.java:85)'}
{'timestamp': 1702276322341, 'level': 'ALL', 'message': '12-11 08:22:43.438  9481  9481 W Resources: \tat android.app.servertransaction.TransactionExecutor.executeCallbacks(TransactionExecutor.java:135)'}
{'timestamp': 1702276322341, 'level': 'ALL', 'message': '12-11 08:22:43.438  9481  9481 W Resources: \tat android.app.servertransaction.TransactionExecutor.execute(TransactionExecutor.java:95)'}
{'timestamp': 1702276322341, 'level': 'ALL', 'message': '12-11 08:22:43.438  9481  9481 W Resources: \tat android.app.ActivityThread$H.handleMessage(ActivityThread.java:2066)'}
{'timestamp': 1702276322341, 'level': 'ALL', 'message': '12-11 08:22:43.438  9481  9481 W Resources: \tat android.os.Handler.dispatchMessage(Handler.java:106)'}
{'timestamp': 1702276322341, 'level': 'ALL', 'message': '12-11 08:22:43.438  9481  9481 W Resources: \tat android.os.Looper.loop(Looper.java:223)'}
{'timestamp': 1702276322341, 'level': 'ALL', 'message': '12-11 08:22:43.438  9481  9481 W Resources: \tat android.app.ActivityThread.main(ActivityThread.java:7656)'}
{'timestamp': 1702276322341, 'level': 'ALL', 'message': '12-11 08:22:43.438  9481  9481 W Resources: \tat java.lang.reflect.Method.invoke(Native Method)'}
{'timestamp': 1702276322341, 'level': 'ALL', 'message': '12-11 08:22:43.438  9481  9481 W Resources: \tat com.android.internal.os.RuntimeInit$MethodAndArgsCaller.run(RuntimeInit.java:592)'}
{'timestamp': 1702276322341, 'level': 'ALL', 'message': '12-11 08:22:43.438  9481  9481 W Resources: \tat com.android.internal.os.ZygoteInit.main(ZygoteInit.java:947)'}
{'timestamp': 1702276322341, 'level': 'ALL', 'message': '12-11 08:22:43.634 31652 32599 D ConnectivityService: requestNetwork for uid/pid:10158/9481 NetworkRequest [ TRACK_DEFAULT id=90, [ Capabilities: INTERNET&NOT_RESTRICTED&TRUSTED Uid: 10158 AdministratorUids: [] RequestorUid: 10158 RequestorPackageName: com.ajaxsystems] ]'}
{'timestamp': 1702276322341, 'level': 'ALL', 'message': '12-11 08:22:43.634 31652 31995 D ConnectivityService: NetReassign [90 : null → 100]'}
{'timestamp': 1702276322341, 'level': 'ALL', 'message': '12-11 08:22:43.636 32351 32351 D PhoneSwitcherNetworkRequstListener: got request NetworkRequest [ TRACK_DEFAULT id=90, [ Capabilities: INTERNET&NOT_RESTRICTED&TRUSTED Uid: 10158 AdministratorUids: [] RequestorUid: 10158 RequestorPackageName: com.ajaxsystems] ] with score 50 and providerId 2'}
{'timestamp': 1702276322341, 'level': 'ALL', 'message': '12-11 08:22:43.648 32351 32351 D Telephony: isEmergencyPreferredAccount: subId=1, activeData=1'}
{'timestamp': 1702276322341, 'level': 'ALL', 'message': '12-11 08:22:43.648 32351 32351 D Telephony: isEmergencyPreferredAccount: Device does not require preference.'}
{'timestamp': 1702276322341, 'level': 'ALL', 'message': '12-11 08:22:43.653  9430  9466 I appium  : The following attributes will be included to the page source: [resource-id]'}
{'timestamp': 1702276322341, 'level': 'ALL', 'message': '12-11 08:22:43.795  9481  9481 E AjaxActionBar$a: Cannot update UI, active hub not found'}
{'timestamp': 1702276322341, 'level': 'ALL', 'message': '12-11 08:22:43.832  9481  9481 E AjaxActionBar$a: Cannot update UI, active hub not found'}
{'timestamp': 1702276322341, 'level': 'ALL', 'message': '12-11 08:22:43.833  9481  9481 I Choreographer: Skipped 49 frames!  The application may be doing too much work on its main thread.'}
{'timestamp': 1702276322341, 'level': 'ALL', 'message': '12-11 08:22:43.843  9481  9581 I OpenGLRenderer: Davey! duration=837ms; Flags=0, IntendedVsync=27630278477068, Vsync=27631095143702, OldestInputEvent=9223372036854775807, NewestInputEvent=0, HandleInputStart=27631109746460, AnimationStart=27631109797860, PerformTraversalsStart=27631110181060, DrawStart=27631110292160, SyncQueued=27631110697760, SyncStart=27631113811060, IssueDrawCommandsStart=27631113885260, SwapBuffers=27631115485460, FrameCompleted=27631119039460, DequeueBufferDuration=686100, QueueBufferDuration=1322000, GpuCompleted=27628031914860,'}
{'timestamp': 1702276322341, 'level': 'ALL', 'message': '12-11 08:22:43.935   320   354 D goldfish-address-space: claimShared: Ask to claim region [0x3f5dac000 0x3f6790000]'}
{'timestamp': 1702276322341, 'level': 'ALL', 'message': '12-11 08:22:43.949   320   354 D goldfish-address-space: claimShared: Ask to claim region [0x3f6790000 0x3f7174000]'}
{'timestamp': 1702276322341, 'level': 'ALL', 'message': '12-11 08:22:43.951   320   354 D goldfish-address-space: claimShared: Ask to claim region [0x3f7174000 0x3f7b58000]'}
{'timestamp': 1702276322341, 'level': 'ALL', 'message': '12-11 08:22:44.053  9481  9581 I OpenGLRenderer: Davey! duration=1046ms; Flags=1, IntendedVsync=27630278477068, Vsync=27631095143702, OldestInputEvent=9223372036854775807, NewestInputEvent=0, HandleInputStart=27631109746460, AnimationStart=27631109797860, PerformTraversalsStart=27631110181060, DrawStart=27631303647260, SyncQueued=27631306996260, SyncStart=27631310959860, IssueDrawCommandsStart=27631313381960, SwapBuffers=27631324122660, FrameCompleted=27631329236360, DequeueBufferDuration=654200, QueueBufferDuration=1635600, GpuCompleted=-8298635810542815379,'}
{'timestamp': 1702276322341, 'level': 'ALL', 'message': '12-11 08:22:44.066 31652 31742 I ActivityTaskManager: Displayed com.ajaxsystems/.ui.activity.DashboardActivity: +1s304ms'}
{'timestamp': 1702276322341, 'level': 'ALL', 'message': '12-11 08:22:44.102  9430  9466 I appium  : The child node #0 of android.view.accessibility.AccessibilityNodeInfo@17b3d; boundsInParent: Rect(0, 0 - 0, 0); boundsInScreen: Rect(0, 346 - 1080, 519); packageName: com.ajaxsystems; className: android.view.View; text: null; error: null; maxTextLength: -1; stateDescription: null; contentDescription: null; tooltipText: null; viewIdResName: null; checkable: false; checked: false; focusable: false; focused: false; selected: false; clickable: false; longClickable: false; contextClickable: false; enabled: true; password: false; scrollable: false; importantForAccessibility: true; visible: true; actions: [AccessibilityAction: ACTION_ACCESSIBILITY_FOCUS - null] is null'}
{'timestamp': 1702276322341, 'level': 'ALL', 'message': '12-11 08:22:44.123  9481  9481 E LOCK_APP: Cannot find lock for account 663548140'}
{'timestamp': 1702276322341, 'level': 'ALL', 'message': '12-11 08:22:44.142  9481  9493 I com.ajaxsystem: Background concurrent copying GC freed 409876(14MB) AllocSpace objects, 93(4204KB) LOS objects, 49% free, 13MB/26MB, paused 936us total 387.473ms'}
{'timestamp': 1702276322341, 'level': 'ALL', 'message': '12-11 08:22:44.192  9430  9466 I appium  : Took 0ms to retrieve 0 matches for \'//android.widget.TextView[@resource-id="com.ajaxsystems:id/snackbar_text"]\' XPath2 query'}
{'timestamp': 1702276322341, 'level': 'ALL', 'message': '12-11 08:22:44.197  9430  9466 I appium  : AppiumResponse: {"sessionId":"861f37f2-5793-4e5b-88c1-3e5500a1e4fb","value":{"error":"no such element","message":"An element could not be located on the page using the given search parameters","stacktrace":"io.appium.uiautomator2.common.exceptions.ElementNotFoundException: An element could not be located on the page using the given search parameters\\n\\tat io.appium.uiautomator2.utils.ElementLocationHelpers.findElement(ElementLocationHelpers.java:156)\\n\\tat io.appium.uiautomator2.handler.FindElement.safeHandle(FindElement.java:60)\\n\\tat io.appium.uiautomator2.handler.request.SafeRequestHandler.handle(SafeRequestHandler.java:59)\\n\\tat io.appium.uiautomator2.server.AppiumServlet.handleRequest(AppiumServlet.java:277)\\n\\tat io.appium.uiautomator2.server.AppiumServlet.handleHttpRequest(AppiumServlet.java:271)\\n\\tat io.appium.uiautomator2.http.ServerHandler.channelRead(ServerHandler.java:77)\\n\\tat io.netty.channel.AbstractChannelHandlerContext.invokeChannelRead(AbstractChannelHandlerContext.java:366)\\n\\tat io.netty.channel.AbstractChannelHandlerContext.invokeChannelRead(AbstractChannelHandlerContext.java:352)\\n\\tat io.netty.channel.AbstractChannelHandlerContext.fireChannelRead(AbstractChannelHandlerContext.java:345)\\n\\tat io.netty.handler.codec.MessageToMessageDecoder.channelRead(MessageToMessageDecoder.java:102)\\n\\tat io.netty.channel.AbstractChannelHandlerContext.invokeChannelRead(AbstractChannelHandlerContext.java:366)\\n\\tat io.netty.channel.AbstractChannelHandlerContext.invokeChannelRead(AbstractChannelHandlerContext.java:352)\\n\\tat io.netty.channel.AbstractChannelHandlerContext.fireChannelRead(AbstractChannelHandlerContext.java:345)\\n\\tat io.netty.channel.CombinedChannelDuplexHandler$DelegatingChannelHandlerContext.fireChannelRead(CombinedChannelDuplexHandler.java:435)\\n\\tat io.netty.handler.codec.ByteToMessageDecoder.fireChannelRead(ByteToMessageDecoder.java:293)\\n\\tat io.netty.handler.codec.ByteToMessageDecoder.channelRead(ByteToMessageDecoder.java:267)\\n\\tat io.netty.channel.CombinedChannelDuplexHandler.channelRead(CombinedChannelDuplexHandler.java:250)\\n\\tat io.netty.channel.AbstractChannelHandlerContext.invokeChannelRead(AbstractChannelHandlerContext.java:366)\\n\\tat io.netty.channel.AbstractChannelHandlerContext.invokeChannelRead(AbstractChannelHandlerContext.java:352)\\n\\tat io.netty.channel.AbstractChannelHandlerContext.fireChannelRead(AbstractChannelHandlerContext.java:345)\\n\\tat io.netty.handler.timeout.IdleStateHandler.channelRead(IdleStateHandler.java:266)\\n\\tat io.netty.channel.AbstractChannelHandlerContext.invokeChannelRead(AbstractChannelHandlerContext.java:366)\\n\\tat io.netty.channel.AbstractChannelHandlerContext.invokeChannelRead(AbstractChannelHandlerContext.java:352)\\n\\tat io.netty.channel.AbstractChannelHandlerContext.fireChannelRead(AbstractChannelHandlerContext.java:345)\\n\\tat io.netty.channel.DefaultChannelPipeline$HeadContext.channelRead(DefaultChannelPipeline.java:1294)\\n\\tat io.netty.channel.AbstractChannelHandlerContext.invokeChannelRead(AbstractChannelHandlerContext.java:366)\\n\\tat io.netty.channel.AbstractChannelHandlerContext.invokeChannelRead(AbstractChannelHandlerContext.java:352)\\n\\tat io.netty.channel.DefaultChannelPipeline.fireChannelRead(DefaultChannelPipeline.java:911)\\n\\tat io.netty.channel.nio.AbstractNioByteChannel$NioByteUnsafe.read(AbstractNioByteChannel.java:131)\\n\\tat io.netty.channel.nio.NioEventLoop.processSelectedKey(NioEventLoop.java:611)\\n\\tat io.netty.channel.nio.NioEventLoop.processSelectedKeysOptimized(NioEventLoop.java:552)\\n\\tat io.netty.channel.nio.NioEventLoop.processSelectedKeys(NioEventLoop.java:466)\\n\\tat io.netty.channel.nio.NioEventLoop.run(NioEventLoop.java:438)\\n\\tat io.netty.util.concurrent.SingleThreadEventExecutor$2.run(SingleThreadEventExecutor.java:140)\\n\\tat io.netty.util.concurrent.DefaultThreadFactory$DefaultRunnableDecorator.run(DefaultThreadFactory.java:144)\\n\\tat java.lang.Thread.run(Thread.java:923)\\n"}}'}
{'timestamp': 1702276322341, 'level': 'ALL', 'message': '12-11 08:22:44.230  9430  9466 I appium  : channel read: POST /session/861f37f2-5793-4e5b-88c1-3e5500a1e4fb/element'}
{'timestamp': 1702276322341, 'level': 'ALL', 'message': '12-11 08:22:44.231  9430  9466 I appium  : FindElement command'}
{'timestamp': 1702276322341, 'level': 'ALL', 'message': '12-11 08:22:44.237  9430  9466 I appium  : method: \'xpath\', selector: \'//android.widget.ImageView[@resource-id="com.ajaxsystems:id/menuDrawer"]\''}
{'timestamp': 1702276322341, 'level': 'ALL', 'message': '12-11 08:22:44.237  9430  9466 I appium  : Waiting up to 10000ms for the device to idle'}
{'timestamp': 1702276322341, 'level': 'ALL', 'message': '12-11 08:22:44.336  9481  9545 I WM-WorkerWrapper: Worker result SUCCESS for Work [ id=e9e12a69-7138-47b7-a327-e157c97e0eee, tags={ com.ajaxsystems.notifications.PushTokenRegistrationJob } ]'}
{'timestamp': 1702276322341, 'level': 'ALL', 'message': '12-11 08:22:44.355 31652 31995 D ConnectivityService: releasing NetworkRequest [ TRACK_DEFAULT id=90, [ Capabilities: INTERNET&NOT_RESTRICTED&TRUSTED Uid: 10158 AdministratorUids: [] RequestorUid: 10158 RequestorPackageName: com.ajaxsystems] ] (release request)'}
{'timestamp': 1702276322341, 'level': 'ALL', 'message': '12-11 08:22:44.375 32351 32351 D Telephony: isEmergencyPreferredAccount: subId=1, activeData=1'}
{'timestamp': 1702276322341, 'level': 'ALL', 'message': '12-11 08:22:44.376 32351 32351 D Telephony: isEmergencyPreferredAccount: Device does not require preference.'}
{'timestamp': 1702276322341, 'level': 'ALL', 'message': '12-11 08:22:44.411 32604  1334 W Settings: Setting airplane_mode_on has moved from android.provider.Settings.System to android.provider.Settings.Global, returning read-only value.'}
{'timestamp': 1702276322341, 'level': 'ALL', 'message': '12-11 08:22:44.428 31652 32485 W AlarmManager: Alarms must either supply a PendingIntent or an AlarmReceiver'}
{'timestamp': 1702276322341, 'level': 'ALL', 'message': '12-11 08:22:44.493 32604 32604 D BoundBrokerSvc: onUnbind: Intent { act=com.google.android.gms.presencemanager.service.START dat=chimera-action: cmp=com.google.android.gms/.chimera.PersistentApiService }'}
{'timestamp': 1702276322341, 'level': 'ALL', 'message': '12-11 08:22:44.529  9430  9466 I appium  : The following attributes will be included to the page source: [resource-id]'}
{'timestamp': 1702276322341, 'level': 'ALL', 'message': '12-11 08:22:44.574   653  1036 I appm    : dispose()'}
{'timestamp': 1702276322341, 'level': 'ALL', 'message': '12-11 08:22:44.577   653  1036 W avsu    : (REDACTED) Queue length for executor %s is now %d. Perhaps some tasks are too long, or the pool is too small.'}
{'timestamp': 1702276322341, 'level': 'ALL', 'message': '12-11 08:22:44.595 31652 32599 W AlarmManager: Alarms must either supply a PendingIntent or an AlarmReceiver'}
{'timestamp': 1702276322341, 'level': 'ALL', 'message': '12-11 08:22:44.598  9430  9466 I appium  : Took 3ms to retrieve 1 matches for \'//android.widget.ImageView[@resource-id="com.ajaxsystems:id/menuDrawer"]\' XPath2 query'}
{'timestamp': 1702276322341, 'level': 'ALL', 'message': '12-11 08:22:44.600  9430  9466 I appium  : AppiumResponse: {"sessionId":"861f37f2-5793-4e5b-88c1-3e5500a1e4fb","value":{"ELEMENT":"00000000-0000-0039-ffff-ffff0000009a","element-6066-11e4-a52e-4f735466cecf":"00000000-0000-0039-ffff-ffff0000009a"}}'}
{'timestamp': 1702276322341, 'level': 'ALL', 'message': '12-11 08:22:44.609 32604  1059 I FusedLocation: (REDACTED) location delivery to %s blocked - too close'}
{'timestamp': 1702276322341, 'level': 'ALL', 'message': '12-11 08:22:44.616 32604  1059 I FusedLocation: (REDACTED) location delivery to %s blocked - too inaccurate'}
{'timestamp': 1702276322341, 'level': 'ALL', 'message': '12-11 08:22:44.618  9430  9466 I appium  : channel read: POST /session/861f37f2-5793-4e5b-88c1-3e5500a1e4fb/element/00000000-0000-0039-ffff-ffff0000009a/click'}
{'timestamp': 1702276322341, 'level': 'ALL', 'message': '12-11 08:22:44.618  9430  9466 I appium  : Click command'}
{'timestamp': 1702276322341, 'level': 'ALL', 'message': '12-11 08:22:44.621 32604  1059 I FusedLocation: (REDACTED) location delivery to %s blocked - too close'}
{'timestamp': 1702276322341, 'level': 'ALL', 'message': '12-11 08:22:44.643 32604 32604 D BoundBrokerSvc: onUnbind: Intent { act=com.google.android.gms.presencemanager.service.INTERNAL_IDENTITY dat=chimera-action: cmp=com.google.android.gms/.chimera.PersistentApiService }'}
{'timestamp': 1702276322341, 'level': 'ALL', 'message': '12-11 08:22:44.677  9430  9466 I appium  : Waiting up to 10000ms for the device to idle'}
{'timestamp': 1702276322341, 'level': 'ALL', 'message': '12-11 08:22:44.678  9430  9466 I appium  : AppiumResponse: {"sessionId":"861f37f2-5793-4e5b-88c1-3e5500a1e4fb","value":null}'}
{'timestamp': 1702276322341, 'level': 'ALL', 'message': '12-11 08:22:44.687 31652  1225 I system_server: oneway function results will be dropped but finished with status OK and parcel size 4'}
{'timestamp': 1702276322341, 'level': 'ALL', 'message': '12-11 08:22:44.687 31652  1225 I chatty  : uid=1000(system) Binder:31652_1B identical 1 line'}
{'timestamp': 1702276322341, 'level': 'ALL', 'message': '12-11 08:22:44.689 31652  1225 I system_server: oneway function results will be dropped but finished with status OK and parcel size 4'}
{'timestamp': 1702276322341, 'level': 'ALL', 'message': '12-11 08:22:44.690 31702 31727 D AudioFlinger: mixer(0xeed1c030) throttle end: throttle time(38)'}
{'timestamp': 1702276322341, 'level': 'ALL', 'message': '12-11 08:22:44.723 31652 32599 E AppOps  : noteOperation'}
{'timestamp': 1702276322341, 'level': 'ALL', 'message': '12-11 08:22:44.723 31652 32599 E AppOps  : java.lang.SecurityException: Specified package com.google.android.gms.location.history under uid 10108 but it is really -1'}
{'timestamp': 1702276322341, 'level': 'ALL', 'message': '12-11 08:22:44.723 31652 32599 E AppOps  : \tat com.android.server.appop.AppOpsService.verifyAndGetBypass(AppOpsService.java:3874)'}
{'timestamp': 1702276322341, 'level': 'ALL', 'message': '12-11 08:22:44.723 31652 32599 E AppOps  : \tat com.android.server.appop.AppOpsService.noteOperationUnchecked(AppOpsService.java:3030)'}
{'timestamp': 1702276322341, 'level': 'ALL', 'message': '12-11 08:22:44.723 31652 32599 E AppOps  : \tat com.android.server.appop.AppOpsService.noteOperationImpl(AppOpsService.java:3018)'}
{'timestamp': 1702276322341, 'level': 'ALL', 'message': '12-11 08:22:44.723 31652 32599 E AppOps  : \tat com.android.server.appop.AppOpsService.noteOperation(AppOpsService.java:3001)'}
{'timestamp': 1702276322341, 'level': 'ALL', 'message': '12-11 08:22:44.723 31652 32599 E AppOps  : \tat com.android.internal.app.IAppOpsService$Stub.onTransact(IAppOpsService.java:447)'}
{'timestamp': 1702276322341, 'level': 'ALL', 'message': '12-11 08:22:44.723 31652 32599 E AppOps  : \tat android.os.Binder.execTransactInternal(Binder.java:1154)'}
{'timestamp': 1702276322341, 'level': 'ALL', 'message': '12-11 08:22:44.723 31652 32599 E AppOps  : \tat android.os.Binder.execTransact(Binder.java:1123)'}
{'timestamp': 1702276322341, 'level': 'ALL', 'message': '12-11 08:22:44.734 32604  9409 I GCoreUlr: Successfully inserted 1 locations'}
{'timestamp': 1702276322341, 'level': 'ALL', 'message': '12-11 08:22:44.756 31652 32599 I system_server: oneway function results will be dropped but finished with status OK and parcel size 4'}
{'timestamp': 1702276322341, 'level': 'ALL', 'message': '12-11 08:22:44.771   396   396 D BoundBrokerSvc: onRebind: Intent { act=com.google.android.gms.semanticlocationhistory.zeroparty.service.START dat=chimera-action: cmp=com.google.android.gms/.chimera.GmsApiService }'}
{'timestamp': 1702276322341, 'level': 'ALL', 'message': '12-11 08:22:44.823 32604  9408 I GCoreUlr: Grpc compression enabled: gzip'}
{'timestamp': 1702276322341, 'level': 'ALL', 'message': '12-11 08:22:44.984 32604  9409 I GCoreUlr: LocationReporter sending 3 locations, 3 activities, and 5 metadata for account account#7# request #0; requests: []'}
{'timestamp': 1702276322341, 'level': 'ALL', 'message': '12-11 08:22:45.105 32604  9409 W GLSUser : [DeviceKeyStore] Cannot load key: Device key file not found.'}
{'timestamp': 1702276322341, 'level': 'ALL', 'message': '12-11 08:22:45.118 31652 32599 D CompatibilityChangeReporter: Compat change id reported: 135634846; UID 10108; state: DISABLED'}
{'timestamp': 1702276322341, 'level': 'ALL', 'message': '12-11 08:22:45.119 31652 31745 D CompatibilityChangeReporter: Compat change id reported: 143937733; UID 10108; state: ENABLED'}
{'timestamp': 1702276322341, 'level': 'ALL', 'message': '12-11 08:22:45.125 32604  9627 I tflite  : Initialized TensorFlow Lite runtime.'}
{'timestamp': 1702276322341, 'level': 'ALL', 'message': '12-11 08:22:45.142 31506 31506 D Zygote  : Forked child process 9680'}
{'timestamp': 1702276322341, 'level': 'ALL', 'message': '12-11 08:22:45.152 31652 31745 I ActivityManager: Start proc 9680:com.google.android.gms.unstable/u0a108 for service {com.google.android.gms/com.google.android.gms.droidguard.DroidGuardService}'}
{'timestamp': 1702276322341, 'level': 'ALL', 'message': '12-11 08:22:45.157  9680  9680 W id.gms.unstabl: Unexpected CPU variant for X86 using defaults: x86'}
{'timestamp': 1702276322341, 'level': 'ALL', 'message': '12-11 08:22:45.170  9680  9680 E id.gms.unstabl: Not starting debugger since process cannot load the jdwp agent.'}
{'timestamp': 1702276322341, 'level': 'ALL', 'message': '12-11 08:22:45.189 32604  9627 I SemanticLocation: (REDACTED) [Inferrer] %s%s'}
{'timestamp': 1702276322341, 'level': 'ALL', 'message': '12-11 08:22:45.212  9680  9680 I id.gms.unstabl: The ClassLoaderContext is a special shared library.'}
{'timestamp': 1702276322341, 'level': 'ALL', 'message': '12-11 08:22:45.214  9680  9680 I chatty  : uid=10108 com.google.android.gms.unstable identical 1 line'}
{'timestamp': 1702276322341, 'level': 'ALL', 'message': '12-11 08:22:45.221  9680  9680 I id.gms.unstabl: The ClassLoaderContext is a special shared library.'}
{'timestamp': 1702276322341, 'level': 'ALL', 'message': '12-11 08:22:45.229 31703  3386 W android.hardware.audio.service.ranchu: TinyalsaSink::write:125 pcm_write was late reading frames, dropping 22131 us of audio'}
{'timestamp': 1702276322341, 'level': 'ALL', 'message': '12-11 08:22:45.240  9680  9680 W id.gms.unstabl: JIT profile information will not be recorded: profile file does not exist.'}
{'timestamp': 1702276322341, 'level': 'ALL', 'message': '12-11 08:22:45.240  9680  9680 W id.gms.unstabl: JIT profile information will not be recorded: profile file does not exist.'}
{'timestamp': 1702276322341, 'level': 'ALL', 'message': '12-11 08:22:45.261  9680  9680 D NetworkSecurityConfig: Using Network Security Config from resource network_security_config debugBuild: false'}
{'timestamp': 1702276322341, 'level': 'ALL', 'message': '12-11 08:22:45.268  9680  9680 D NetworkSecurityConfig: Using Network Security Config from resource network_security_config debugBuild: false'}
{'timestamp': 1702276322341, 'level': 'ALL', 'message': '12-11 08:22:45.283 31703  3386 W android.hardware.audio.service.ranchu: TinyalsaSink::write:125 pcm_write was late reading frames, dropping 22131 us of audio'}
{'timestamp': 1702276322341, 'level': 'ALL', 'message': '12-11 08:22:45.323 31703  3386 W android.hardware.audio.service.ranchu: TinyalsaSink::write:125 pcm_write was late reading frames, dropping 22131 us of audio'}
{'timestamp': 1702276322341, 'level': 'ALL', 'message': '12-11 08:22:45.342 32604  9627 W eoux    : Failed to create JWT helper. This is unexpected'}
{'timestamp': 1702276322341, 'level': 'ALL', 'message': '12-11 08:22:45.342 32604  9627 W eoux    : java.lang.NoSuchMethodException: dfxg.getScopes []'}
{'timestamp': 1702276322341, 'level': 'ALL', 'message': '12-11 08:22:45.342 32604  9627 W eoux    : \tat java.lang.Class.getMethod(Class.java:2072)'}
{'timestamp': 1702276322341, 'level': 'ALL', 'message': '12-11 08:22:45.342 32604  9627 W eoux    : \tat java.lang.Class.getMethod(Class.java:1693)'}
{'timestamp': 1702276322341, 'level': 'ALL', 'message': '12-11 08:22:45.342 32604  9627 W eoux    : \tat eouv.<init>(:com.google.android.gms@234523034@23.45.23 (150700-587848529):17)'}
{'timestamp': 1702276322341, 'level': 'ALL', 'message': '12-11 08:22:45.342 32604  9627 W eoux    : \tat eoux.<clinit>(:com.google.android.gms@234523034@23.45.23 (150700-587848529):27)'}
{'timestamp': 1702276322341, 'level': 'ALL', 'message': '12-11 08:22:45.342 32604  9627 W eoux    : \tat eouy.a(:com.google.android.gms@234523034@23.45.23 (150700-587848529):1)'}
{'timestamp': 1702276322341, 'level': 'ALL', 'message': '12-11 08:22:45.342 32604  9627 W eoux    : \tat cbck.a(:com.google.android.gms@234523034@23.45.23 (150700-587848529):800)'}
{'timestamp': 1702276322341, 'level': 'ALL', 'message': '12-11 08:22:45.342 32604  9627 W eoux    : \tat cbbt.a(:com.google.android.gms@234523034@23.45.23 (150700-587848529):67)'}
{'timestamp': 1702276322341, 'level': 'ALL', 'message': '12-11 08:22:45.342 32604  9627 W eoux    : \tat dmdt.d(:com.google.android.gms@234523034@23.45.23 (150700-587848529):3)'}
{'timestamp': 1702276322341, 'level': 'ALL', 'message': '12-11 08:22:45.342 32604  9627 W eoux    : \tat dmdv.run(:com.google.android.gms@234523034@23.45.23 (150700-587848529):42)'}
{'timestamp': 1702276322341, 'level': 'ALL', 'message': '12-11 08:22:45.342 32604  9627 W eoux    : \tat dmfg.execute(:com.google.android.gms@234523034@23.45.23 (150700-587848529):1)'}
{'timestamp': 1702276322341, 'level': 'ALL', 'message': '12-11 08:22:45.342 32604  9627 W eoux    : \tat dmgn.hh(:com.google.android.gms@234523034@23.45.23 (150700-587848529):6)'}
{'timestamp': 1702276322341, 'level': 'ALL', 'message': '12-11 08:22:45.342 32604  9627 W eoux    : \tat dmft.hh(:com.google.android.gms@234523034@23.45.23 (150700-587848529):3)'}
{'timestamp': 1702276322341, 'level': 'ALL', 'message': '12-11 08:22:45.342 32604  9627 W eoux    : \tat dmdv.g(:com.google.android.gms@234523034@23.45.23 (150700-587848529):13)'}
{'timestamp': 1702276322341, 'level': 'ALL', 'message': '12-11 08:22:45.342 32604  9627 W eoux    : \tat cbbo.a(:com.google.android.gms@234523034@23.45.23 (150700-587848529):20)'}
{'timestamp': 1702276322341, 'level': 'ALL', 'message': '12-11 08:22:45.342 32604  9627 W eoux    : \tat dmfm.a(:com.google.android.gms@234523034@23.45.23 (150700-587848529):20)'}
{'timestamp': 1702276322341, 'level': 'ALL', 'message': '12-11 08:22:45.342 32604  9627 W eoux    : \tat dmhp.a(:com.google.android.gms@234523034@23.45.23 (150700-587848529):3)'}
{'timestamp': 1702276322341, 'level': 'ALL', 'message': '12-11 08:22:45.342 32604  9627 W eoux    : \tat dmgq.run(:com.google.android.gms@234523034@23.45.23 (150700-587848529):21)'}
{'timestamp': 1702276322341, 'level': 'ALL', 'message': '12-11 08:22:45.342 32604  9627 W eoux    : \tat dmhr.run(:com.google.android.gms@234523034@23.45.23 (150700-587848529):5)'}
{'timestamp': 1702276322341, 'level': 'ALL', 'message': '12-11 08:22:45.342 32604  9627 W eoux    : \tat dmfo.run(:com.google.android.gms@234523034@23.45.23 (150700-587848529):53)'}
{'timestamp': 1702276322341, 'level': 'ALL', 'message': '12-11 08:22:45.342 32604  9627 W eoux    : \tat dmfg.execute(:com.google.android.gms@234523034@23.45.23 (150700-587848529):1)'}
{'timestamp': 1702276322341, 'level': 'ALL', 'message': '12-11 08:22:45.342 32604  9627 W eoux    : \tat dmfo.execute(:com.google.android.gms@234523034@23.45.23 (150700-587848529):76)'}
{'timestamp': 1702276322341, 'level': 'ALL', 'message': '12-11 08:22:45.342 32604  9627 W eoux    : \tat dmgn.hh(:com.google.android.gms@234523034@23.45.23 (150700-587848529):6)'}
{'timestamp': 1702276322341, 'level': 'ALL', 'message': '12-11 08:22:45.342 32604  9627 W eoux    : \tat dmfq.c(:com.google.android.gms@234523034@23.45.23 (150700-587848529):31)'}
{'timestamp': 1702276322341, 'level': 'ALL', 'message': '12-11 08:22:45.342 32604  9627 W eoux    : \tat cbbz.a(:com.google.android.gms@234523034@23.45.23 (150700-587848529):10)'}
{'timestamp': 1702276322341, 'level': 'ALL', 'message': '12-11 08:22:45.342 32604  9627 W eoux    : \tat cbce.a(:com.google.android.gms@234523034@23.45.23 (150700-587848529):22)'}
{'timestamp': 1702276322341, 'level': 'ALL', 'message': '12-11 08:22:45.342 32604  9627 W eoux    : \tat cber.b(:com.google.android.gms@234523034@23.45.23 (150700-587848529):9)'}
{'timestamp': 1702276322341, 'level': 'ALL', 'message': '12-11 08:22:45.342 32604  9627 W eoux    : \tat cbfm.a(:com.google.android.gms@234523034@23.45.23 (150700-587848529):77)'}
{'timestamp': 1702276322341, 'level': 'ALL', 'message': '12-11 08:22:45.342 32604  9627 W eoux    : \tat cbee.a(:com.google.android.gms@234523034@23.45.23 (150700-587848529):530)'}
{'timestamp': 1702276322341, 'level': 'ALL', 'message': '12-11 08:22:45.342 32604  9627 W eoux    : \tat cbdv.h(:com.google.android.gms@234523034@23.45.23 (150700-587848529):85)'}
{'timestamp': 1702276322341, 'level': 'ALL', 'message': '12-11 08:22:45.342 32604  9627 W eoux    : \tat cbdv.i(:com.google.android.gms@234523034@23.45.23 (150700-587848529):71)'}
{'timestamp': 1702276322341, 'level': 'ALL', 'message': '12-11 08:22:45.342 32604  9627 W eoux    : \tat cbdv.e(:com.google.android.gms@234523034@23.45.23 (150700-587848529):98)'}
{'timestamp': 1702276322341, 'level': 'ALL', 'message': '12-11 08:22:45.342 32604  9627 W eoux    : \tat cbna.run(:com.google.android.gms@234523034@23.45.23 (150700-587848529):892)'}
{'timestamp': 1702276322341, 'level': 'ALL', 'message': '12-11 08:22:45.342 32604  9627 W eoux    : \tat java.util.concurrent.Executors$RunnableAdapter.call(Executors.java:462)'}
{'timestamp': 1702276322341, 'level': 'ALL', 'message': '12-11 08:22:45.342 32604  9627 W eoux    : \tat java.util.concurrent.FutureTask.run(FutureTask.java:266)'}
{'timestamp': 1702276322341, 'level': 'ALL', 'message': '12-11 08:22:45.342 32604  9627 W eoux    : \tat aiwb.c(:com.google.android.gms@234523034@23.45.23 (150700-587848529):50)'}
{'timestamp': 1702276322341, 'level': 'ALL', 'message': '12-11 08:22:45.342 32604  9627 W eoux    : \tat aiwb.run(:com.google.android.gms@234523034@23.45.23 (150700-587848529):76)'}
{'timestamp': 1702276322341, 'level': 'ALL', 'message': '12-11 08:22:45.342 32604  9627 W eoux    : \tat java.util.concurrent.ThreadPoolExecutor.runWorker(ThreadPoolExecutor.java:1167)'}
{'timestamp': 1702276322341, 'level': 'ALL', 'message': '12-11 08:22:45.342 32604  9627 W eoux    : \tat java.util.concurrent.ThreadPoolExecutor$Worker.run(ThreadPoolExecutor.java:641)'}
{'timestamp': 1702276322341, 'level': 'ALL', 'message': '12-11 08:22:45.342 32604  9627 W eoux    : \tat ajbh.run(:com.google.android.gms@234523034@23.45.23 (150700-587848529):8)'}
{'timestamp': 1702276322341, 'level': 'ALL', 'message': '12-11 08:22:45.342 32604  9627 W eoux    : \tat java.lang.Thread.run(Thread.java:923)'}
{'timestamp': 1702276322341, 'level': 'ALL', 'message': '12-11 08:22:45.366 31703  3386 W android.hardware.audio.service.ranchu: TinyalsaSink::write:125 pcm_write was late reading frames, dropping 22131 us of audio'}
{'timestamp': 1702276322341, 'level': 'ALL', 'message': '12-11 08:22:45.470 31703  3386 I chatty  : uid=1041(audioserver) audio.service.r identical 3 lines'}
{'timestamp': 1702276322341, 'level': 'ALL', 'message': '12-11 08:22:45.486 31703  3386 W android.hardware.audio.service.ranchu: TinyalsaSink::write:125 pcm_write was late reading frames, dropping 22131 us of audio'}
{'timestamp': 1702276322341, 'level': 'ALL', 'message': '12-11 08:22:45.511  9680  9680 W ProviderHelper: Unknown dynamite feature providerinstaller.dynamite'}
{'timestamp': 1702276322341, 'level': 'ALL', 'message': '12-11 08:22:45.512  9680  9680 I DynamiteModule: Considering local module com.google.android.gms.providerinstaller.dynamite:1 and remote module com.google.android.gms.providerinstaller.dynamite:0'}
{'timestamp': 1702276322341, 'level': 'ALL', 'message': '12-11 08:22:45.512  9680  9680 I DynamiteModule: Selected local version of com.google.android.gms.providerinstaller.dynamite'}
{'timestamp': 1702276322341, 'level': 'ALL', 'message': "12-11 08:22:45.521  9680  9680 V NativeCrypto: Registering com/google/android/gms/org/conscrypt/NativeCrypto's 302 native methods..."}
{'timestamp': 1702276322341, 'level': 'ALL', 'message': '12-11 08:22:45.527 31703  3386 W android.hardware.audio.service.ranchu: TinyalsaSink::write:125 pcm_write was late reading frames, dropping 22131 us of audio'}
{'timestamp': 1702276322341, 'level': 'ALL', 'message': '12-11 08:22:45.549  9680  9680 I ProviderInstaller: Installed default security provider GmsCore_OpenSSL'}
{'timestamp': 1702276322341, 'level': 'ALL', 'message': '12-11 08:22:45.557 31703  3386 W android.hardware.audio.service.ranchu: TinyalsaSink::write:125 pcm_write was late reading frames, dropping 22131 us of audio'}
{'timestamp': 1702276322341, 'level': 'ALL', 'message': '12-11 08:22:45.574 31703  3386 W android.hardware.audio.service.ranchu: TinyalsaSink::write:125 pcm_write was late reading frames, dropping 22131 us of audio'}
{'timestamp': 1702276322341, 'level': 'ALL', 'message': '12-11 08:22:45.632  9680  9713 I Watchcat: Started'}
{'timestamp': 1702276322341, 'level': 'ALL', 'message': '12-11 08:22:45.641  9680  9713 I GMS_MM_Logger: (REDACTED) Start time: %s'}
{'timestamp': 1702276322341, 'level': 'ALL', 'message': '12-11 08:22:45.642  9680  9680 W cvft    : Primes not initialized, returning default (no-op) Primes instance which will ignore all calls. Please call Primes.initialize(...) before using any Primes API.'}
{'timestamp': 1702276322341, 'level': 'ALL', 'message': '12-11 08:22:45.642  9680  9680 W cvft    : diig: FULL'}
{'timestamp': 1702276322341, 'level': 'ALL', 'message': '12-11 08:22:45.642  9680  9680 W cvft    : \tat a.K(:com.google.android.gms@234523034@23.45.23 (150700-587848529):9)'}
{'timestamp': 1702276322341, 'level': 'ALL', 'message': '12-11 08:22:45.642  9680  9680 W cvft    : \tat cvft.a(:com.google.android.gms@234523034@23.45.23 (150700-587848529):32)'}
{'timestamp': 1702276322341, 'level': 'ALL', 'message': '12-11 08:22:45.642  9680  9680 W cvft    : \tat com.google.android.gms.common.app.GmsApplication.onCreate(:com.google.android.gms@234523034@23.45.23 (150700-587848529):484)'}
{'timestamp': 1702276322341, 'level': 'ALL', 'message': '12-11 08:22:45.642  9680  9680 W cvft    : \tat android.app.Instrumentation.callApplicationOnCreate(Instrumentation.java:1192)'}
{'timestamp': 1702276322341, 'level': 'ALL', 'message': '12-11 08:22:45.642  9680  9680 W cvft    : \tat android.app.ActivityThread.handleBindApplication(ActivityThread.java:6712)'}
{'timestamp': 1702276322341, 'level': 'ALL', 'message': '12-11 08:22:45.642  9680  9680 W cvft    : \tat android.app.ActivityThread.access$1300(ActivityThread.java:237)'}
{'timestamp': 1702276322341, 'level': 'ALL', 'message': '12-11 08:22:45.642  9680  9680 W cvft    : \tat android.app.ActivityThread$H.handleMessage(ActivityThread.java:1913)'}
{'timestamp': 1702276322341, 'level': 'ALL', 'message': '12-11 08:22:45.642  9680  9680 W cvft    : \tat android.os.Handler.dispatchMessage(Handler.java:106)'}
{'timestamp': 1702276322341, 'level': 'ALL', 'message': '12-11 08:22:45.642  9680  9680 W cvft    : \tat android.os.Looper.loop(Looper.java:223)'}
{'timestamp': 1702276322341, 'level': 'ALL', 'message': '12-11 08:22:45.642  9680  9680 W cvft    : \tat android.app.ActivityThread.main(ActivityThread.java:7656)'}
{'timestamp': 1702276322341, 'level': 'ALL', 'message': '12-11 08:22:45.642  9680  9680 W cvft    : \tat java.lang.reflect.Method.invoke(Native Method)'}
{'timestamp': 1702276322341, 'level': 'ALL', 'message': '12-11 08:22:45.642  9680  9680 W cvft    : \tat com.android.internal.os.RuntimeInit$MethodAndArgsCaller.run(RuntimeInit.java:592)'}
{'timestamp': 1702276322341, 'level': 'ALL', 'message': '12-11 08:22:45.642  9680  9680 W cvft    : \tat com.android.internal.os.ZygoteInit.main(ZygoteInit.java:947)'}
{'timestamp': 1702276322341, 'level': 'ALL', 'message': '12-11 08:22:45.645  9680  9713 I GMS_MM_Logger: Started.'}
{'timestamp': 1702276322341, 'level': 'ALL', 'message': '12-11 08:22:45.661 31703  3386 W android.hardware.audio.service.ranchu: TinyalsaSink::write:125 pcm_write was late reading frames, dropping 22131 us of audio'}
{'timestamp': 1702276322341, 'level': 'ALL', 'message': '12-11 08:22:45.695 31703  3386 I chatty  : uid=1041(audioserver) audio.service.r identical 1 line'}
{'timestamp': 1702276322341, 'level': 'ALL', 'message': '12-11 08:22:45.770 31703  3386 W android.hardware.audio.service.ranchu: TinyalsaSink::write:125 pcm_write was late reading frames, dropping 22131 us of audio'}
{'timestamp': 1702276322341, 'level': 'ALL', 'message': '12-11 08:22:45.772  9680  9698 I DynamiteModule: Considering local module com.google.android.gms.googlecertificates:7 and remote module com.google.android.gms.googlecertificates:7'}
{'timestamp': 1702276322341, 'level': 'ALL', 'message': '12-11 08:22:45.772  9680  9698 I DynamiteModule: Selected local version of com.google.android.gms.googlecertificates'}
{'timestamp': 1702276322341, 'level': 'ALL', 'message': '12-11 08:22:45.814 31703  3386 W android.hardware.audio.service.ranchu: TinyalsaSink::write:125 pcm_write was late reading frames, dropping 22131 us of audio'}
{'timestamp': 1702276322341, 'level': 'ALL', 'message': '12-11 08:22:46.043 31703  3386 I chatty  : uid=1041(audioserver) audio.service.r identical 6 lines'}
{'timestamp': 1702276322341, 'level': 'ALL', 'message': '12-11 08:22:46.098 31703  3386 W android.hardware.audio.service.ranchu: TinyalsaSink::write:125 pcm_write was late reading frames, dropping 22131 us of audio'}
{'timestamp': 1702276322341, 'level': 'ALL', 'message': '12-11 08:22:46.134 32604  9409 W GmsUrlRequestImpl: Content-Type header is overwritten.'}
{'timestamp': 1702276322341, 'level': 'ALL', 'message': '12-11 08:22:46.143 31703  3386 W android.hardware.audio.service.ranchu: TinyalsaSink::write:125 pcm_write was late reading frames, dropping 22131 us of audio'}
{'timestamp': 1702276322341, 'level': 'ALL', 'message': '12-11 08:22:47.592 31703  3386 I chatty  : uid=1041(audioserver) audio.service.r identical 34 lines'}
{'timestamp': 1702276322341, 'level': 'ALL', 'message': '12-11 08:22:47.656 31703  3386 W android.hardware.audio.service.ranchu: TinyalsaSink::write:125 pcm_write was late reading frames, dropping 22131 us of audio'}
{'timestamp': 1702276322341, 'level': 'ALL', 'message': '12-11 08:22:47.692  9430  9466 I appium  : channel read: POST /session/861f37f2-5793-4e5b-88c1-3e5500a1e4fb/element'}
{'timestamp': 1702276322341, 'level': 'ALL', 'message': '12-11 08:22:47.693  9430  9466 I appium  : FindElement command'}
{'timestamp': 1702276322341, 'level': 'ALL', 'message': '12-11 08:22:47.694  9430  9466 I appium  : method: \'xpath\', selector: \'//android.widget.TextView[@resource-id="com.ajaxsystems:id/title" and @text="App Settings"]\''}
{'timestamp': 1702276322341, 'level': 'ALL', 'message': '12-11 08:22:47.694  9430  9466 I appium  : Waiting up to 10000ms for the device to idle'}
{'timestamp': 1702276322341, 'level': 'ALL', 'message': '12-11 08:22:47.698  9430  9466 I appium  : The following attributes will be included to the page source: [resource-id, text]'}
{'timestamp': 1702276322341, 'level': 'ALL', 'message': '12-11 08:22:47.721 31703  3386 W android.hardware.audio.service.ranchu: TinyalsaSink::write:125 pcm_write was late reading frames, dropping 22131 us of audio'}
{'timestamp': 1702276322341, 'level': 'ALL', 'message': '12-11 08:22:47.738 31652  1225 I system_server: oneway function results will be dropped but finished with status OK and parcel size 4'}
{'timestamp': 1702276322341, 'level': 'ALL', 'message': '12-11 08:22:47.776   410   410 I perfetto: probes_producer.cc:329  Producer stop (id=483)'}
{'timestamp': 1702276322341, 'level': 'ALL', 'message': '12-11 08:22:47.778   421   421 I perfetto: ng_service_impl.cc:1948 Tracing session 483 ended, total sessions:0'}
{'timestamp': 1702276322341, 'level': 'ALL', 'message': '12-11 08:22:47.784   410   410 I perfetto: ftrace_procfs.cc:183    disabled ftrace'}
{'timestamp': 1702276322341, 'level': 'ALL', 'message': '12-11 08:22:47.793  9430  9466 I appium  : Took 0ms to retrieve 1 matches for \'//android.widget.TextView[@resource-id="com.ajaxsystems:id/title" and @text="App Settings"]\' XPath2 query'}
{'timestamp': 1702276322341, 'level': 'ALL', 'message': '12-11 08:22:47.797  9430  9466 I appium  : AppiumResponse: {"sessionId":"861f37f2-5793-4e5b-88c1-3e5500a1e4fb","value":{"ELEMENT":"00000000-0000-0039-0000-0044000000b8","element-6066-11e4-a52e-4f735466cecf":"00000000-0000-0039-0000-0044000000b8"}}'}
{'timestamp': 1702276322341, 'level': 'ALL', 'message': '12-11 08:22:48.183 32604  9409 W GLSUser : [AppCertManager] Exception while requesting key:'}
{'timestamp': 1702276322341, 'level': 'ALL', 'message': '12-11 08:22:48.183 32604  9409 W GLSUser : java.util.concurrent.ExecutionException: bexd: Parse Proto Exception.'}
{'timestamp': 1702276322341, 'level': 'ALL', 'message': '12-11 08:22:48.183 32604  9409 W GLSUser : \tat dmdp.s(:com.google.android.gms@234523034@23.45.23 (150700-587848529):21)'}
{'timestamp': 1702276322341, 'level': 'ALL', 'message': '12-11 08:22:48.183 32604  9409 W GLSUser : \tat dmdp.get(:com.google.android.gms@234523034@23.45.23 (150700-587848529):14)'}
{'timestamp': 1702276322341, 'level': 'ALL', 'message': '12-11 08:22:48.183 32604  9409 W GLSUser : \tat vea.b(:com.google.android.gms@234523034@23.45.23 (150700-587848529):480)'}
{'timestamp': 1702276322341, 'level': 'ALL', 'message': '12-11 08:22:48.183 32604  9409 W GLSUser : \tat vdy.a(:com.google.android.gms@234523034@23.45.23 (150700-587848529):70)'}
{'timestamp': 1702276322341, 'level': 'ALL', 'message': '12-11 08:22:48.183 32604  9409 W GLSUser : \tat vdu.a(:com.google.android.gms@234523034@23.45.23 (150700-587848529):3)'}
{'timestamp': 1702276322341, 'level': 'ALL', 'message': '12-11 08:22:48.183 32604  9409 W GLSUser : \tat vdw.a(:com.google.android.gms@234523034@23.45.23 (150700-587848529):55)'}
{'timestamp': 1702276322341, 'level': 'ALL', 'message': '12-11 08:22:48.183 32604  9409 W GLSUser : \tat vdw.b(:com.google.android.gms@234523034@23.45.23 (150700-587848529):21)'}
{'timestamp': 1702276322341, 'level': 'ALL', 'message': '12-11 08:22:48.183 32604  9409 W GLSUser : \tat aiqb.o(:com.google.android.gms@234523034@23.45.23 (150700-587848529):13)'}
{'timestamp': 1702276322341, 'level': 'ALL', 'message': '12-11 08:22:48.183 32604  9409 W GLSUser : \tat aiqm.f(:com.google.android.gms@234523034@23.45.23 (150700-587848529):7)'}
{'timestamp': 1702276322341, 'level': 'ALL', 'message': '12-11 08:22:48.183 32604  9409 W GLSUser : \tat aiqm.h(:com.google.android.gms@234523034@23.45.23 (150700-587848529):5)'}
{'timestamp': 1702276322341, 'level': 'ALL', 'message': '12-11 08:22:48.183 32604  9409 W GLSUser : \tat dawu.b(:com.google.android.gms@234523034@23.45.23 (150700-587848529):340)'}
{'timestamp': 1702276322341, 'level': 'ALL', 'message': '12-11 08:22:48.183 32604  9409 W GLSUser : \tat daxu.run(:com.google.android.gms@234523034@23.45.23 (150700-587848529):918)'}
{'timestamp': 1702276322341, 'level': 'ALL', 'message': '12-11 08:22:48.183 32604  9409 W GLSUser : \tat java.util.concurrent.Executors$RunnableAdapter.call(Executors.java:462)'}
{'timestamp': 1702276322341, 'level': 'ALL', 'message': '12-11 08:22:48.183 32604  9409 W GLSUser : \tat java.util.concurrent.FutureTask.run(FutureTask.java:266)'}
{'timestamp': 1702276322341, 'level': 'ALL', 'message': '12-11 08:22:48.183 32604  9409 W GLSUser : \tat aiwb.c(:com.google.android.gms@234523034@23.45.23 (150700-587848529):50)'}
{'timestamp': 1702276322341, 'level': 'ALL', 'message': '12-11 08:22:48.183 32604  9409 W GLSUser : \tat aiwb.run(:com.google.android.gms@234523034@23.45.23 (150700-587848529):76)'}
{'timestamp': 1702276322341, 'level': 'ALL', 'message': '12-11 08:22:48.183 32604  9409 W GLSUser : \tat java.util.concurrent.ThreadPoolExecutor.runWorker(ThreadPoolExecutor.java:1167)'}
{'timestamp': 1702276322341, 'level': 'ALL', 'message': '12-11 08:22:48.183 32604  9409 W GLSUser : \tat java.util.concurrent.ThreadPoolExecutor$Worker.run(ThreadPoolExecutor.java:641)'}
{'timestamp': 1702276322341, 'level': 'ALL', 'message': '12-11 08:22:48.183 32604  9409 W GLSUser : \tat ajbh.run(:com.google.android.gms@234523034@23.45.23 (150700-587848529):8)'}
{'timestamp': 1702276322341, 'level': 'ALL', 'message': '12-11 08:22:48.183 32604  9409 W GLSUser : \tat java.lang.Thread.run(Thread.java:923)'}
{'timestamp': 1702276322341, 'level': 'ALL', 'message': '12-11 08:22:48.183 32604  9409 W GLSUser : Caused by: bexd: Parse Proto Exception.'}
{'timestamp': 1702276322341, 'level': 'ALL', 'message': '12-11 08:22:48.183 32604  9409 W GLSUser : \tat beyd.b(:com.google.android.gms@234523034@23.45.23 (150700-587848529):62)'}
{'timestamp': 1702276322341, 'level': 'ALL', 'message': '12-11 08:22:48.183 32604  9409 W GLSUser : \tat bfac.e(:com.google.android.gms@234523034@23.45.23 (150700-587848529):17)'}
{'timestamp': 1702276322341, 'level': 'ALL', 'message': '12-11 08:22:48.183 32604  9409 W GLSUser : \tat bfaq.onSucceeded(:com.google.android.gms@234523034@23.45.23 (150700-587848529):7)'}
{'timestamp': 1702276322341, 'level': 'ALL', 'message': '12-11 08:22:48.183 32604  9409 W GLSUser : \tat m.jf.onSucceeded(:com.google.android.gms.dynamite_cronetdynamite@234523034@23.45.23 (150700-0):3)'}
{'timestamp': 1702276322341, 'level': 'ALL', 'message': '12-11 08:22:48.183 32604  9409 W GLSUser : \tat m.ie.run(:com.google.android.gms.dynamite_cronetdynamite@234523034@23.45.23 (150700-0):28)'}
{'timestamp': 1702276322341, 'level': 'ALL', 'message': '12-11 08:22:48.183 32604  9409 W GLSUser : \t... 6 more'}
{'timestamp': 1702276322341, 'level': 'ALL', 'message': '12-11 08:22:48.183 32604  9409 W GLSUser : Caused by: dzuc: Protocol message contained an invalid tag (zero).'}
{'timestamp': 1702276322341, 'level': 'ALL', 'message': '12-11 08:22:48.183 32604  9409 W GLSUser : \tat dzrf.k(:com.google.android.gms@234523034@23.45.23 (150700-587848529):14)'}
{'timestamp': 1702276322341, 'level': 'ALL', 'message': '12-11 08:22:48.183 32604  9409 W GLSUser : \tat dzvd.c(:com.google.android.gms@234523034@23.45.23 (150700-587848529):409)'}
{'timestamp': 1702276322341, 'level': 'ALL', 'message': '12-11 08:22:48.183 32604  9409 W GLSUser : \tat dzvd.h(:com.google.android.gms@234523034@23.45.23 (150700-587848529):8)'}
{'timestamp': 1702276322341, 'level': 'ALL', 'message': '12-11 08:22:48.183 32604  9409 W GLSUser : \tat dzth.z(:com.google.android.gms@234523034@23.45.23 (150700-587848529):22)'}
{'timestamp': 1702276322341, 'level': 'ALL', 'message': '12-11 08:22:48.183 32604  9409 W GLSUser : \tat dztb.f(:com.google.android.gms@234523034@23.45.23 (150700-587848529):3)'}
{'timestamp': 1702276322341, 'level': 'ALL', 'message': '12-11 08:22:48.183 32604  9409 W GLSUser : \tat dzrb.d(:com.google.android.gms@234523034@23.45.23 (150700-587848529):1)'}
{'timestamp': 1702276322341, 'level': 'ALL', 'message': '12-11 08:22:48.183 32604  9409 W GLSUser : \tat dzrb.c(:com.google.android.gms@234523034@23.45.23 (150700-587848529):3)'}
{'timestamp': 1702276322341, 'level': 'ALL', 'message': '12-11 08:22:48.183 32604  9409 W GLSUser : \tat dzrb.n(:com.google.android.gms@234523034@23.45.23 (150700-587848529):1)'}
{'timestamp': 1702276322341, 'level': 'ALL', 'message': '12-11 08:22:48.183 32604  9409 W GLSUser : \tat beyd.h(:com.google.android.gms@234523034@23.45.23 (150700-587848529):92)'}
{'timestamp': 1702276322341, 'level': 'ALL', 'message': '12-11 08:22:48.183 32604  9409 W GLSUser : \tat beyd.b(:com.google.android.gms@234523034@23.45.23 (150700-587848529):11)'}
{'timestamp': 1702276322341, 'level': 'ALL', 'message': '12-11 08:22:48.183 32604  9409 W GLSUser : \t... 10 more'}
{'timestamp': 1702276322341, 'level': 'ALL', 'message': '12-11 08:22:48.207 32604  9409 W GLSUser : [DeviceKeyStore] Cannot load key: Device key file not found.'}
{'timestamp': 1702276322341, 'level': 'ALL', 'message': '12-11 08:22:48.247 31652 31662 W JavaBinder: BinderProxy is being destroyed but the application did not call unlinkToDeath to unlink all of its death recipients beforehand.  Releasing leaked death recipient: com.android.server.AlarmManagerService$2'}
{'timestamp': 1702276322341, 'level': 'ALL', 'message': '12-11 08:22:48.247 31652 31662 I BpBinder: onLastStrongRef automatically unlinking death recipients: <uncached descriptor>'}
{'timestamp': 1702276322341, 'level': 'ALL', 'message': '12-11 08:22:48.271 31652 31663 W System  : A resource failed to call release.'}
{'timestamp': 1702276322341, 'level': 'ALL', 'message': '12-11 08:22:48.277 31652 31663 W System  : A resource failed to call close.'}
{'timestamp': 1702276322341, 'level': 'ALL', 'message': '12-11 08:22:48.278 31652 31663 W System  : A resource failed to call release.'}
{'timestamp': 1702276322341, 'level': 'ALL', 'message': '12-11 08:22:48.278 31652 31663 W System  : A resource failed to call dispose.'}
{'timestamp': 1702276322341, 'level': 'ALL', 'message': '12-11 08:22:48.278 31652 31663 W System  : A resource failed to call release.'}
{'timestamp': 1702276322341, 'level': 'ALL', 'message': '12-11 08:22:48.282 31652 31663 W System  : A resource failed to call dispose.'}
{'timestamp': 1702276322341, 'level': 'ALL', 'message': '12-11 08:22:48.314 32604  9409 W DataCollectionRegistryC: missing CollectionDefinition for userlocation.googleapis.com/userlocation.UserLocationReportingService/ReportApiBatch'}
{'timestamp': 1702276322341, 'level': 'ALL', 'message': '12-11 08:22:48.373 32604  9679 I cpij    : (REDACTED) Setting isLegacySQLite mode to %s.'}
{'timestamp': 1702276322341, 'level': 'ALL', 'message': '12-11 08:22:48.411 32604  9679 I cpij    : (REDACTED) Writing data for these Geller corpora: %s'}
{'timestamp': 1702276322341, 'level': 'ALL', 'message': '12-11 08:22:48.427 32604  9679 I cpij    : (REDACTED) Writing metadata key: %s, corpus: %s'}
{'timestamp': 1702276322341, 'level': 'ALL', 'message': '12-11 08:22:48.431 32604  9679 I cpij    : (REDACTED) Writing metadata key: %s, corpus: %s'}
{'timestamp': 1702276322341, 'level': 'ALL', 'message': '12-11 08:22:48.434 32604  9679 I cpij    : (REDACTED) Writing data for these Geller corpora: %s'}
{'timestamp': 1702276322341, 'level': 'ALL', 'message': '12-11 08:22:48.436 32604  9679 I cpij    : (REDACTED) Writing metadata key: %s, corpus: %s'}
{'timestamp': 1702276322341, 'level': 'ALL', 'message': '12-11 08:22:48.438 32604  9679 I cpij    : (REDACTED) Writing metadata key: %s, corpus: %s'}
{'timestamp': 1702276322341, 'level': 'ALL', 'message': '12-11 08:22:48.445 32604  9679 I cpij    : (REDACTED) Writing data for these Geller corpora: %s'}
{'timestamp': 1702276322341, 'level': 'ALL', 'message': '12-11 08:22:48.468 32604  9679 I cpij    : (REDACTED) Writing metadata key: %s, corpus: %s'}
{'timestamp': 1702276322341, 'level': 'ALL', 'message': '12-11 08:22:48.471 32604  9679 I cpij    : (REDACTED) Writing metadata key: %s, corpus: %s'}
{'timestamp': 1702276322341, 'level': 'ALL', 'message': '12-11 08:22:48.499 32604  9679 I cpij    : (REDACTED) Setting isLegacySQLite mode to %s.'}
{'timestamp': 1702276322341, 'level': 'ALL', 'message': '12-11 08:22:48.542 32604  9676 W Conscrypt: Could not set socket write timeout: java.net.SocketException: Socket closed'}
{'timestamp': 1702276322341, 'level': 'ALL', 'message': '12-11 08:22:48.542 32604  9676 W Conscrypt: \tat com.google.android.gms.org.conscrypt.Platform.setSocketWriteTimeout(:com.google.android.gms@234523034@23.45.23 (150700-587848529):226)'}
{'timestamp': 1702276322341, 'level': 'ALL', 'message': '12-11 08:22:48.542 32604  9676 W Conscrypt: \tat com.google.android.gms.org.conscrypt.ConscryptFileDescriptorSocket.setSoWriteTimeout(:com.google.android.gms@234523034@23.45.23 (150700-587848529):4)'}
{'timestamp': 1702276322341, 'level': 'ALL', 'message': '12-11 08:22:48.563 32604  9679 I SemanticLocation: (REDACTED) [GellerP13n] DevicePersonalizedPlaceInfo orphans: %s'}
{'timestamp': 1702276322341, 'level': 'ALL', 'message': '12-11 08:22:48.697 32604  9676 W Conscrypt: Could not set socket write timeout: java.net.SocketException: Socket closed'}
{'timestamp': 1702276322341, 'level': 'ALL', 'message': '12-11 08:22:48.697 32604  9676 W Conscrypt: \tat com.google.android.gms.org.conscrypt.Platform.setSocketWriteTimeout(:com.google.android.gms@234523034@23.45.23 (150700-587848529):226)'}
{'timestamp': 1702276322341, 'level': 'ALL', 'message': '12-11 08:22:48.697 32604  9676 W Conscrypt: \tat com.google.android.gms.org.conscrypt.ConscryptFileDescriptorSocket.setSoWriteTimeout(:com.google.android.gms@234523034@23.45.23 (150700-587848529):4)'}
{'timestamp': 1702276322341, 'level': 'ALL', 'message': '12-11 08:22:48.730 32604  1059 I FusedLocation: (REDACTED) location delivery to %s blocked - too close'}
{'timestamp': 1702276322341, 'level': 'ALL', 'message': '12-11 08:22:48.732 32604  1059 I FusedLocation: (REDACTED) location delivery to %s blocked - too fast'}
{'timestamp': 1702276322341, 'level': 'ALL', 'message': '12-11 08:22:48.736 32604  1059 I FusedLocation: (REDACTED) location delivery to %s blocked - too close'}
{'timestamp': 1702276322341, 'level': 'ALL', 'message': '12-11 08:22:48.737 32604  1059 I FusedLocation: (REDACTED) location delivery to %s blocked - too fast'}
{'timestamp': 1702276322341, 'level': 'ALL', 'message': '12-11 08:22:48.758 32604  5087 I FusedLocation: stationary throttling engaged [CONTEXT service_id=6 ]'}
{'timestamp': 1702276322341, 'level': 'ALL', 'message': '12-11 08:22:48.765 32604 32617 I .gms.persisten: Background young concurrent copying GC freed 237373(10189KB) AllocSpace objects, 10(560KB) LOS objects, 37% free, 16MB/26MB, paused 661us total 126.437ms'}
{'timestamp': 1702276322341, 'level': 'ALL', 'message': '12-11 08:22:48.980 32604  9627 I SemanticLocation: (REDACTED) [Inferrer] %s%s'}
{'timestamp': 1702276322341, 'level': 'ALL', 'message': '12-11 08:22:49.050 31652  1224 W AppOps  : Noting op not finished: uid 10108 pkg com.google.android.gms code 79 startTime of in progress event=1702251083572'}
{'timestamp': 1702276322341, 'level': 'ALL', 'message': '12-11 08:22:49.151 32604  9409 I GCoreUlr: Batch Location Update succeeded for account account#7#'}
{'timestamp': 1702276322341, 'level': 'ALL', 'message': '12-11 08:22:49.315 32722 32763 I PeriodicStatsRunner: PeriodicStatsRunner.call():180 call()'}
{'timestamp': 1702276322342, 'level': 'ALL', 'message': '12-11 08:22:49.315 32722 32763 I PeriodicStatsRunner: PeriodicStatsRunner.call():184 No submit PeriodicStats since input started.'}
{'timestamp': 1702276322342, 'level': 'ALL', 'message': "12-11 08:22:50.707   469   469 E netmgr  : qemu_pipe_open_ns:62: Could not connect to the 'pipe:qemud:network' service: Invalid argument"}
{'timestamp': 1702276322342, 'level': 'ALL', 'message': "12-11 08:22:50.707   469   469 E netmgr  : Failed to open QEMU pipe 'qemud:network': Invalid argument"}
{'timestamp': 1702276322342, 'level': 'ALL', 'message': '12-11 08:22:50.814  9430  9466 I appium  : channel read: POST /session/861f37f2-5793-4e5b-88c1-3e5500a1e4fb/element'}
{'timestamp': 1702276322342, 'level': 'ALL', 'message': '12-11 08:22:50.814  9430  9466 I appium  : FindElement command'}
{'timestamp': 1702276322342, 'level': 'ALL', 'message': '12-11 08:22:50.815  9430  9466 I appium  : method: \'xpath\', selector: \'//android.widget.TextView[@resource-id="com.ajaxsystems:id/title" and @text="Help"]\''}
{'timestamp': 1702276322342, 'level': 'ALL', 'message': '12-11 08:22:50.816  9430  9466 I appium  : Waiting up to 10000ms for the device to idle'}
{'timestamp': 1702276322342, 'level': 'ALL', 'message': '12-11 08:22:50.818  9430  9466 I appium  : The following attributes will be included to the page source: [resource-id, text]'}
{'timestamp': 1702276322342, 'level': 'ALL', 'message': '12-11 08:22:50.879  9430  9466 I appium  : Took 1ms to retrieve 1 matches for \'//android.widget.TextView[@resource-id="com.ajaxsystems:id/title" and @text="Help"]\' XPath2 query'}
{'timestamp': 1702276322342, 'level': 'ALL', 'message': '12-11 08:22:50.883  9430  9466 I appium  : AppiumResponse: {"sessionId":"861f37f2-5793-4e5b-88c1-3e5500a1e4fb","value":{"ELEMENT":"00000000-0000-0039-0000-0048000000b8","element-6066-11e4-a52e-4f735466cecf":"00000000-0000-0039-0000-0048000000b8"}}'}
{'timestamp': 1702276322342, 'level': 'ALL', 'message': "12-11 08:22:52.338   477   477 E wifi_forwarder: qemu_pipe_open_ns:62: Could not connect to the 'pipe:qemud:wififorward' service: Invalid argument"}
{'timestamp': 1702276322342, 'level': 'ALL', 'message': '12-11 08:22:52.338   477   477 E wifi_forwarder: RemoteConnection failed to initialize: RemoteConnection failed to open pipe'}
{'timestamp': 1702276322342, 'level': 'ALL', 'message': '12-11 08:22:53.898  9430  9466 I appium  : channel read: POST /session/861f37f2-5793-4e5b-88c1-3e5500a1e4fb/element'}
{'timestamp': 1702276322342, 'level': 'ALL', 'message': '12-11 08:22:53.899  9430  9466 I appium  : FindElement command'}
{'timestamp': 1702276322342, 'level': 'ALL', 'message': '12-11 08:22:53.900  9430  9466 I appium  : method: \'xpath\', selector: \'//android.widget.TextView[@resource-id="com.ajaxsystems:id/title" and @text="Report a Problem"]\''}
{'timestamp': 1702276322342, 'level': 'ALL', 'message': '12-11 08:22:53.900  9430  9466 I appium  : Waiting up to 10000ms for the device to idle'}
{'timestamp': 1702276322342, 'level': 'ALL', 'message': '12-11 08:22:53.904  9430  9466 I appium  : The following attributes will be included to the page source: [resource-id, text]'}
{'timestamp': 1702276322342, 'level': 'ALL', 'message': '12-11 08:22:53.949  9430  9466 I appium  : Took 0ms to retrieve 1 matches for \'//android.widget.TextView[@resource-id="com.ajaxsystems:id/title" and @text="Report a Problem"]\' XPath2 query'}
{'timestamp': 1702276322342, 'level': 'ALL', 'message': '12-11 08:22:53.951  9430  9466 I appium  : AppiumResponse: {"sessionId":"861f37f2-5793-4e5b-88c1-3e5500a1e4fb","value":{"ELEMENT":"00000000-0000-0039-0000-004c000000b8","element-6066-11e4-a52e-4f735466cecf":"00000000-0000-0039-0000-004c000000b8"}}'}
{'timestamp': 1702276322342, 'level': 'ALL', 'message': '12-11 08:22:54.337   653   653 I blvr    : (REDACTED) disposing SearchServiceClient after timeout %s'}
{'timestamp': 1702276322342, 'level': 'ALL', 'message': '12-11 08:22:54.378   396   396 D BoundBrokerSvc: onUnbind: Intent { act=com.google.android.gms.measurement.START pkg=com.google.android.gms }'}
{'timestamp': 1702276322342, 'level': 'ALL', 'message': '12-11 08:22:54.414 32604  1334 W Settings: Setting airplane_mode_on has moved from android.provider.Settings.System to android.provider.Settings.Global, returning read-only value.'}
{'timestamp': 1702276322342, 'level': 'ALL', 'message': '12-11 08:22:54.420 31652  1225 W AlarmManager: Alarms must either supply a PendingIntent or an AlarmReceiver'}
{'timestamp': 1702276322342, 'level': 'ALL', 'message': '12-11 08:22:54.461 31652 32599 W AlarmManager: Window length 1383505805524043008ms suspiciously long; limiting to 1 hour'}
{'timestamp': 1702276322342, 'level': 'ALL', 'message': '12-11 08:22:56.967  9430  9466 I appium  : channel read: POST /session/861f37f2-5793-4e5b-88c1-3e5500a1e4fb/element'}
{'timestamp': 1702276322342, 'level': 'ALL', 'message': '12-11 08:22:56.967  9430  9466 I appium  : FindElement command'}
{'timestamp': 1702276322342, 'level': 'ALL', 'message': '12-11 08:22:56.970  9430  9466 I appium  : method: \'xpath\', selector: \'//android.widget.TextView[@resource-id="com.ajaxsystems:id/text"][2]\''}
{'timestamp': 1702276322342, 'level': 'ALL', 'message': '12-11 08:22:56.971  9430  9466 I appium  : Waiting up to 10000ms for the device to idle'}
{'timestamp': 1702276322342, 'level': 'ALL', 'message': '12-11 08:22:56.974  9430  9466 I appium  : The following attributes will be included to the page source: [resource-id]'}
{'timestamp': 1702276322342, 'level': 'ALL', 'message': '12-11 08:22:57.020  9430  9466 I appium  : Took 0ms to retrieve 0 matches for \'//android.widget.TextView[@resource-id="com.ajaxsystems:id/text"][2]\' XPath2 query'}
{'timestamp': 1702276322342, 'level': 'ALL', 'message': '12-11 08:22:57.024  9430  9466 I appium  : AppiumResponse: {"sessionId":"861f37f2-5793-4e5b-88c1-3e5500a1e4fb","value":{"error":"no such element","message":"An element could not be located on the page using the given search parameters","stacktrace":"io.appium.uiautomator2.common.exceptions.ElementNotFoundException: An element could not be located on the page using the given search parameters\\n\\tat io.appium.uiautomator2.utils.ElementLocationHelpers.findElement(ElementLocationHelpers.java:156)\\n\\tat io.appium.uiautomator2.handler.FindElement.safeHandle(FindElement.java:60)\\n\\tat io.appium.uiautomator2.handler.request.SafeRequestHandler.handle(SafeRequestHandler.java:59)\\n\\tat io.appium.uiautomator2.server.AppiumServlet.handleRequest(AppiumServlet.java:277)\\n\\tat io.appium.uiautomator2.server.AppiumServlet.handleHttpRequest(AppiumServlet.java:271)\\n\\tat io.appium.uiautomator2.http.ServerHandler.channelRead(ServerHandler.java:77)\\n\\tat io.netty.channel.AbstractChannelHandlerContext.invokeChannelRead(AbstractChannelHandlerContext.java:366)\\n\\tat io.netty.channel.AbstractChannelHandlerContext.invokeChannelRead(AbstractChannelHandlerContext.java:352)\\n\\tat io.netty.channel.AbstractChannelHandlerContext.fireChannelRead(AbstractChannelHandlerContext.java:345)\\n\\tat io.netty.handler.codec.MessageToMessageDecoder.channelRead(MessageToMessageDecoder.java:102)\\n\\tat io.netty.channel.AbstractChannelHandlerContext.invokeChannelRead(AbstractChannelHandlerContext.java:366)\\n\\tat io.netty.channel.AbstractChannelHandlerContext.invokeChannelRead(AbstractChannelHandlerContext.java:352)\\n\\tat io.netty.channel.AbstractChannelHandlerContext.fireChannelRead(AbstractChannelHandlerContext.java:345)\\n\\tat io.netty.channel.CombinedChannelDuplexHandler$DelegatingChannelHandlerContext.fireChannelRead(CombinedChannelDuplexHandler.java:435)\\n\\tat io.netty.handler.codec.ByteToMessageDecoder.fireChannelRead(ByteToMessageDecoder.java:293)\\n\\tat io.netty.handler.codec.ByteToMessageDecoder.channelRead(ByteToMessageDecoder.java:267)\\n\\tat io.netty.channel.CombinedChannelDuplexHandler.channelRead(CombinedChannelDuplexHandler.java:250)\\n\\tat io.netty.channel.AbstractChannelHandlerContext.invokeChannelRead(AbstractChannelHandlerContext.java:366)\\n\\tat io.netty.channel.AbstractChannelHandlerContext.invokeChannelRead(AbstractChannelHandlerContext.java:352)\\n\\tat io.netty.channel.AbstractChannelHandlerContext.fireChannelRead(AbstractChannelHandlerContext.java:345)\\n\\tat io.netty.handler.timeout.IdleStateHandler.channelRead(IdleStateHandler.java:266)\\n\\tat io.netty.channel.AbstractChannelHandlerContext.invokeChannelRead(AbstractChannelHandlerContext.java:366)\\n\\tat io.netty.channel.AbstractChannelHandlerContext.invokeChannelRead(AbstractChannelHandlerContext.java:352)\\n\\tat io.netty.channel.AbstractChannelHandlerContext.fireChannelRead(AbstractChannelHandlerContext.java:345)\\n\\tat io.netty.channel.DefaultChannelPipeline$HeadContext.channelRead(DefaultChannelPipeline.java:1294)\\n\\tat io.netty.channel.AbstractChannelHandlerContext.invokeChannelRead(AbstractChannelHandlerContext.java:366)\\n\\tat io.netty.channel.AbstractChannelHandlerContext.invokeChannelRead(AbstractChannelHandlerContext.java:352)\\n\\tat io.netty.channel.DefaultChannelPipeline.fireChannelRead(DefaultChannelPipeline.java:911)\\n\\tat io.netty.channel.nio.AbstractNioByteChannel$NioByteUnsafe.read(AbstractNioByteChannel.java:131)\\n\\tat io.netty.channel.nio.NioEventLoop.processSelectedKey(NioEventLoop.java:611)\\n\\tat io.netty.channel.nio.NioEventLoop.processSelectedKeysOptimized(NioEventLoop.java:552)\\n\\tat io.netty.channel.nio.NioEventLoop.processSelectedKeys(NioEventLoop.java:466)\\n\\tat io.netty.channel.nio.NioEventLoop.run(NioEventLoop.java:438)\\n\\tat io.netty.util.concurrent.SingleThreadEventExecutor$2.run(SingleThreadEventExecutor.java:140)\\n\\tat io.netty.util.concurrent.DefaultThreadFactory$DefaultRunnableDecorator.run(DefaultThreadFactory.java:144)\\n\\tat java.lang.Thread.run(Thread.java:923)\\n"}}'}
{'timestamp': 1702276322342, 'level': 'ALL', 'message': '12-11 08:23:01.641   517  1066 I azpt    : (REDACTED) getHotwordActive::active query: %s, watch: %s, devices connected: %s'}
{'timestamp': 1702276322342, 'level': 'ALL', 'message': '12-11 08:23:03.085  9481  9541 E Volley  : [666] NetworkUtility.shouldRetryException: Unexpected response code 403 for https://in-app-message.prod.ajax.systems/v1/prod/main/en/plashka.json'}
{'timestamp': 1702276322342, 'level': 'ALL', 'message': '12-11 08:23:03.488  9481  9541 E Volley  : [666] NetworkUtility.shouldRetryException: Unexpected response code 403 for https://in-app-message.prod.ajax.systems/v1/prod/main/en/plashka.json'}
{'timestamp': 1702276322342, 'level': 'ALL', 'message': '12-11 08:23:03.491  9481  9481 E MaintenanceMessagesApi: Cannot get maintenance messages'}
{'timestamp': 1702276322342, 'level': 'ALL', 'message': '12-11 08:23:03.491  9481  9481 E MaintenanceMessagesApi: com.android.volley.AuthFailureError'}
{'timestamp': 1702276322342, 'level': 'ALL', 'message': '12-11 08:23:03.491  9481  9481 E MaintenanceMessagesApi: \tat com.android.volley.toolbox.NetworkUtility.shouldRetryException(Unknown Source:134)'}
{'timestamp': 1702276322342, 'level': 'ALL', 'message': '12-11 08:23:03.491  9481  9481 E MaintenanceMessagesApi: \tat com.android.volley.toolbox.BasicNetwork.performRequest(Unknown Source:119)'}
{'timestamp': 1702276322342, 'level': 'ALL', 'message': '12-11 08:23:03.491  9481  9481 E MaintenanceMessagesApi: \tat com.android.volley.NetworkDispatcher.processRequest(Unknown Source:39)'}
{'timestamp': 1702276322342, 'level': 'ALL', 'message': '12-11 08:23:03.491  9481  9481 E MaintenanceMessagesApi: \tat com.android.volley.NetworkDispatcher.processRequest(Unknown Source:8)'}
{'timestamp': 1702276322342, 'level': 'ALL', 'message': '12-11 08:23:03.491  9481  9481 E MaintenanceMessagesApi: \tat com.android.volley.NetworkDispatcher.run(Unknown Source:5)'}
{'timestamp': 1702276322342, 'level': 'ALL', 'message': '12-11 08:23:04.050   396   396 D BoundBrokerSvc: onUnbind: Intent { act=com.google.android.gms.semanticlocationhistory.zeroparty.service.START dat=chimera-action: cmp=com.google.android.gms/.chimera.GmsApiService }'}
{'timestamp': 1702276322342, 'level': 'ALL', 'message': '12-11 08:23:13.798  9481  9501 W com.ajaxsystem: Checksum mismatch for dex base.apk!classes11.dex'}
{'timestamp': 1702276322342, 'level': 'ALL', 'message': '12-11 08:23:13.798  9481  9501 W com.ajaxsystem: Could not add methods to the existing profiler. Clearing the profile data.'}
{'timestamp': 1702276322342, 'level': 'ALL', 'message': '12-11 08:23:24.904  9481  9602 W DELETE  : 0 hubs will be deleted'}
{'timestamp': 1702276322342, 'level': 'ALL', 'message': '12-11 08:23:28.072  9430  9461 I appium  : READER_IDLE: closing the channel'}
{'timestamp': 1702276322342, 'level': 'ALL', 'message': '12-11 08:23:28.121  9430  9465 I appium  : READER_IDLE: closing the channel'}
{'timestamp': 1702276322342, 'level': 'ALL', 'message': '12-11 08:23:28.129  9430  9464 I appium  : READER_IDLE: closing the channel'}
{'timestamp': 1702276322342, 'level': 'ALL', 'message': '12-11 08:23:28.270 31652 31662 W JavaBinder: BinderProxy is being destroyed but the application did not call unlinkToDeath to unlink all of its death recipients beforehand.  Releasing leaked death recipient: com.android.server.AlarmManagerService$2'}
{'timestamp': 1702276322342, 'level': 'ALL', 'message': '12-11 08:23:28.270 31652 31662 I BpBinder: onLastStrongRef automatically unlinking death recipients: <uncached descriptor>'}
{'timestamp': 1702276322342, 'level': 'ALL', 'message': '12-11 08:23:29.611   653  9217 I earchbox:searc: oneway function results will be dropped but finished with status UNKNOWN_TRANSACTION and parcel size 0'}
{'timestamp': 1702276322342, 'level': 'ALL', 'message': '12-11 08:23:31.671   517  9111 I hbox:interacto: oneway function results will be dropped but finished with status UNKNOWN_TRANSACTION and parcel size 0'}
{'timestamp': 1702276322342, 'level': 'ALL', 'message': '12-11 08:23:31.680 31652  1225 I ActivityManager: Killing 7219:com.google.android.videos/u0a119 (adj 975): empty #17'}
{'timestamp': 1702276322342, 'level': 'ALL', 'message': '12-11 08:23:31.715 31506 31506 I Zygote  : Process 7219 exited due to signal 9 (Killed)'}
{'timestamp': 1702276322342, 'level': 'ALL', 'message': '12-11 08:23:31.723 31652 32599 D ConnectivityService: ConnectivityService NetworkRequestInfo binderDied(NetworkRequest [ TRACK_DEFAULT id=77, [ Capabilities: INTERNET&NOT_RESTRICTED&TRUSTED Uid: 10119 AdministratorUids: [] RequestorUid: 10119 RequestorPackageName: com.google.android.videos] ], android.os.BinderProxy@ed8bef)'}
{'timestamp': 1702276322342, 'level': 'ALL', 'message': '12-11 08:23:31.723 32106 32106 V AvrcpMediaPlayerList: onActiveSessionsChanged: number of controllers: 1'}
{'timestamp': 1702276322342, 'level': 'ALL', 'message': '12-11 08:23:31.724 31652 31995 D ConnectivityService: releasing NetworkRequest [ TRACK_DEFAULT id=77, [ Capabilities: INTERNET&NOT_RESTRICTED&TRUSTED Uid: 10119 AdministratorUids: [] RequestorUid: 10119 RequestorPackageName: com.google.android.videos] ] (release request)'}
{'timestamp': 1702276322342, 'level': 'ALL', 'message': '12-11 08:23:31.730 31652 31748 I libprocessgroup: Successfully killed process cgroup uid 10119 pid 7219 in 48ms'}
{'timestamp': 1702276322342, 'level': 'ALL', 'message': '12-11 08:23:31.731 32106 32106 D AvrcpMediaPlayerList: onActiveSessionsChanged: controller: com.google.android.googlequicksearchbox'}
{'timestamp': 1702276322342, 'level': 'ALL', 'message': '12-11 08:23:31.731 32106 32106 D AvrcpMediaPlayerList: Already have a controller for the player: com.google.android.googlequicksearchbox, updating instead'}
{'timestamp': 1702276322342, 'level': 'ALL', 'message': '12-11 08:23:31.749 32106 32106 D AvrcpMediaPlayerList: sendMediaUpdate'}
{'timestamp': 1702276322342, 'level': 'ALL', 'message': '12-11 08:23:31.749 32106 32106 I AvrcpMediaPlayerList: sendMediaUpdate: Creating a one item queue for a player with no queue'}
{'timestamp': 1702276322342, 'level': 'ALL', 'message': '12-11 08:23:31.750 32106 32106 D AvrcpMediaPlayerList: sendMediaUpdate state=PlaybackState {state=0, position=0, buffered position=0, speed=0.0, updated=26987741, actions=2616839, custom actions=[], active item id=-1, error=null}'}
{'timestamp': 1702276322342, 'level': 'ALL', 'message': '12-11 08:23:31.751 32106 32106 D AvrcpTargetService: onMediaUpdated: track_changed=false state=false queue=false'}
{'timestamp': 1702276322342, 'level': 'ALL', 'message': '12-11 08:23:31.751 32106 32106 D AvrcpNativeInterface: sendMediaUpdate: metadata=false playStatus=false queue=false'}
{'timestamp': 1702276322342, 'level': 'ALL', 'message': '12-11 08:23:31.751 32106 32106 D AvrcpTargetJni: sendMediaUpdateNative'}
{'timestamp': 1702276322342, 'level': 'ALL', 'message': '12-11 08:23:31.755 32351 32351 D Telephony: isEmergencyPreferredAccount: subId=1, activeData=1'}
{'timestamp': 1702276322342, 'level': 'ALL', 'message': '12-11 08:23:31.755 32351 32351 D Telephony: isEmergencyPreferredAccount: Device does not require preference.'}
{'timestamp': 1702276322342, 'level': 'ALL', 'message': '12-11 08:23:31.755 32106 32106 I bt_stack: [INFO:avrcp_service.cc(346)] virtual void bluetooth::avrcp::AvrcpService::SendMediaUpdate(bool, bool, bool) track_changed=0 :  play_state=0 :  queue=0'}
{'timestamp': 1702276322342, 'level': 'ALL', 'message': '12-11 08:23:34.419  9481  9542 E Volley  : [667] NetworkUtility.shouldRetryException: Unexpected response code 403 for https://in-app-message.prod.ajax.systems/v1/prod/main/en/plashka.json'}
{'timestamp': 1702276322342, 'level': 'ALL', 'message': '12-11 08:23:34.619  9481  9542 E Volley  : [667] NetworkUtility.shouldRetryException: Unexpected response code 403 for https://in-app-message.prod.ajax.systems/v1/prod/main/en/plashka.json'}
{'timestamp': 1702276322342, 'level': 'ALL', 'message': '12-11 08:23:34.619  9481  9481 E MaintenanceMessagesApi: Cannot get maintenance messages'}
{'timestamp': 1702276322342, 'level': 'ALL', 'message': '12-11 08:23:34.619  9481  9481 E MaintenanceMessagesApi: com.android.volley.AuthFailureError'}
{'timestamp': 1702276322342, 'level': 'ALL', 'message': '12-11 08:23:34.619  9481  9481 E MaintenanceMessagesApi: \tat com.android.volley.toolbox.NetworkUtility.shouldRetryException(Unknown Source:134)'}
{'timestamp': 1702276322342, 'level': 'ALL', 'message': '12-11 08:23:34.619  9481  9481 E MaintenanceMessagesApi: \tat com.android.volley.toolbox.BasicNetwork.performRequest(Unknown Source:119)'}
{'timestamp': 1702276322342, 'level': 'ALL', 'message': '12-11 08:23:34.619  9481  9481 E MaintenanceMessagesApi: \tat com.android.volley.NetworkDispatcher.processRequest(Unknown Source:39)'}
{'timestamp': 1702276322342, 'level': 'ALL', 'message': '12-11 08:23:34.619  9481  9481 E MaintenanceMessagesApi: \tat com.android.volley.NetworkDispatcher.processRequest(Unknown Source:8)'}
{'timestamp': 1702276322342, 'level': 'ALL', 'message': '12-11 08:23:34.619  9481  9481 E MaintenanceMessagesApi: \tat com.android.volley.NetworkDispatcher.run(Unknown Source:5)'}
{'timestamp': 1702276322342, 'level': 'ALL', 'message': '12-11 08:23:38.961 32604  5087 I PhenotypeProcessReaper: Memory state is: 100'}
{'timestamp': 1702276322342, 'level': 'ALL', 'message': '12-11 08:23:45.766  9680  9769 I GMS_MM_Logger: Memory Metric Logging not allowed. Stopping.'}
{'timestamp': 1702276322342, 'level': 'ALL', 'message': "12-11 08:23:50.768   469   469 E netmgr  : qemu_pipe_open_ns:62: Could not connect to the 'pipe:qemud:network' service: Invalid argument"}
{'timestamp': 1702276322342, 'level': 'ALL', 'message': "12-11 08:23:50.768   469   469 E netmgr  : Failed to open QEMU pipe 'qemud:network': Invalid argument"}
{'timestamp': 1702276322342, 'level': 'ALL', 'message': "12-11 08:23:52.401   477   477 E wifi_forwarder: qemu_pipe_open_ns:62: Could not connect to the 'pipe:qemud:wififorward' service: Invalid argument"}
{'timestamp': 1702276322342, 'level': 'ALL', 'message': '12-11 08:23:52.401   477   477 E wifi_forwarder: RemoteConnection failed to initialize: RemoteConnection failed to open pipe'}
{'timestamp': 1702276322342, 'level': 'ALL', 'message': '12-11 08:23:57.057  9430  9466 I appium  : READER_IDLE: closing the channel'}
{'timestamp': 1702276322342, 'level': 'ALL', 'message': '12-11 08:24:01.641   517   938 I azpt    : (REDACTED) getHotwordActive::active query: %s, watch: %s, devices connected: %s'}
{'timestamp': 1702276322342, 'level': 'ALL', 'message': '12-11 08:24:02.866 32604  5087 D BluetoothAdapter: isLeEnabled(): ON'}
{'timestamp': 1702276322342, 'level': 'ALL', 'message': '12-11 08:24:02.866 32604  5087 D BluetoothAdapter: isLeEnabled(): ON'}
{'timestamp': 1702276322342, 'level': 'ALL', 'message': '12-11 08:24:02.873 32106 32123 D BluetoothAdapterService: getAdapterService() - returning com.android.bluetooth.btservice.AdapterService@17fa1b5'}
{'timestamp': 1702276322342, 'level': 'ALL', 'message': '12-11 08:24:05.031  9481  9543 E Volley  : [668] NetworkUtility.shouldRetryException: Unexpected response code 403 for https://in-app-message.prod.ajax.systems/v1/prod/main/en/plashka.json'}
{'timestamp': 1702276322342, 'level': 'ALL', 'message': '12-11 08:24:05.238  9481  9543 E Volley  : [668] NetworkUtility.shouldRetryException: Unexpected response code 403 for https://in-app-message.prod.ajax.systems/v1/prod/main/en/plashka.json'}
{'timestamp': 1702276322342, 'level': 'ALL', 'message': '12-11 08:24:05.239  9481  9481 E MaintenanceMessagesApi: Cannot get maintenance messages'}
{'timestamp': 1702276322342, 'level': 'ALL', 'message': '12-11 08:24:05.239  9481  9481 E MaintenanceMessagesApi: com.android.volley.AuthFailureError'}
{'timestamp': 1702276322342, 'level': 'ALL', 'message': '12-11 08:24:05.239  9481  9481 E MaintenanceMessagesApi: \tat com.android.volley.toolbox.NetworkUtility.shouldRetryException(Unknown Source:134)'}
{'timestamp': 1702276322342, 'level': 'ALL', 'message': '12-11 08:24:05.239  9481  9481 E MaintenanceMessagesApi: \tat com.android.volley.toolbox.BasicNetwork.performRequest(Unknown Source:119)'}
{'timestamp': 1702276322342, 'level': 'ALL', 'message': '12-11 08:24:05.239  9481  9481 E MaintenanceMessagesApi: \tat com.android.volley.NetworkDispatcher.processRequest(Unknown Source:39)'}
{'timestamp': 1702276322342, 'level': 'ALL', 'message': '12-11 08:24:05.239  9481  9481 E MaintenanceMessagesApi: \tat com.android.volley.NetworkDispatcher.processRequest(Unknown Source:8)'}
{'timestamp': 1702276322342, 'level': 'ALL', 'message': '12-11 08:24:05.239  9481  9481 E MaintenanceMessagesApi: \tat com.android.volley.NetworkDispatcher.run(Unknown Source:5)'}
{'timestamp': 1702276322342, 'level': 'ALL', 'message': '12-11 08:24:05.875 32604  5087 E NearbyMediums: MEDIUM_ERROR [SYSTEM][BLE][START_ADVERTISING][START_LEGACY_ADVERTISING_FAILED][TIMEOUT], service-id=NearbySharing'}
{'timestamp': 1702276322342, 'level': 'ALL', 'message': '12-11 08:24:07.976  9481  9601 W DELETE  : 0 hubs will be deleted'}
{'timestamp': 1702276322342, 'level': 'ALL', 'message': '12-11 08:24:18.222 31652 31661 I system_server: Background young concurrent copying GC freed 143583(11MB) AllocSpace objects, 42(1988KB) LOS objects, 35% free, 21MB/33MB, paused 745us total 129.873ms'}
{'timestamp': 1702276322342, 'level': 'ALL', 'message': '12-11 08:24:32.982 31652 31712 D EventSequenceValidator: Transition from INTENT_FAILED to INTENT_STARTED'}
{'timestamp': 1702276322342, 'level': 'ALL', 'message': '12-11 08:24:32.983 31652 31709 I ActivityTaskManager: START u0 {act=android.intent.action.MAIN cat=[android.intent.category.HOME] flg=0x10000100 cmp=com.google.android.apps.nexuslauncher/.NexusLauncherActivity (has extras)} from uid 0'}
{'timestamp': 1702276322342, 'level': 'ALL', 'message': '12-11 08:24:32.989   421   421 I perfetto: ing_service_impl.cc:758 Configured tracing session 484, #sources:1, duration:5000 ms, #buffers:1, total buffer size:4096 KB, total sessions:1, uid:1071 session name: ""'}
{'timestamp': 1702276322342, 'level': 'ALL', 'message': '12-11 08:24:32.990   410   410 I perfetto: probes_producer.cc:230  Ftrace setup (target_buf=484)'}
{'timestamp': 1702276322342, 'level': 'ALL', 'message': '12-11 08:24:32.994 31652 31709 W InputReader: Device virtio_input_multi_touch_10 is associated with display ADISPLAY_ID_NONE.'}
{'timestamp': 1702276322342, 'level': 'ALL', 'message': '12-11 08:24:32.995 31652 31709 W InputReader: Device virtio_input_multi_touch_4 is associated with display ADISPLAY_ID_NONE.'}
{'timestamp': 1702276322342, 'level': 'ALL', 'message': '12-11 08:24:32.995 31652 31709 W InputReader: Device virtio_input_multi_touch_11 is associated with display ADISPLAY_ID_NONE.'}
{'timestamp': 1702276322342, 'level': 'ALL', 'message': '12-11 08:24:32.995 31652 31709 W InputReader: Device virtio_input_multi_touch_5 is associated with display ADISPLAY_ID_NONE.'}
{'timestamp': 1702276322342, 'level': 'ALL', 'message': '12-11 08:24:32.995 31652 31709 W InputReader: Device virtio_input_multi_touch_2 is associated with display ADISPLAY_ID_NONE.'}
{'timestamp': 1702276322342, 'level': 'ALL', 'message': '12-11 08:24:32.995 31652 31709 W InputReader: Device virtio_input_multi_touch_9 is associated with display ADISPLAY_ID_NONE.'}
{'timestamp': 1702276322342, 'level': 'ALL', 'message': '12-11 08:24:32.995 31652 31709 W InputReader: Device virtio_input_multi_touch_6 is associated with display ADISPLAY_ID_NONE.'}
{'timestamp': 1702276322342, 'level': 'ALL', 'message': '12-11 08:24:32.995 31652 31709 W InputReader: Device virtio_input_multi_touch_7 is associated with display ADISPLAY_ID_NONE.'}
{'timestamp': 1702276322342, 'level': 'ALL', 'message': '12-11 08:24:32.995 31652 31709 W InputReader: Device virtio_input_multi_touch_3 is associated with display ADISPLAY_ID_NONE.'}
{'timestamp': 1702276322342, 'level': 'ALL', 'message': '12-11 08:24:32.995 31652 31709 W InputReader: Device virtio_input_multi_touch_8 is associated with display ADISPLAY_ID_NONE.'}
{'timestamp': 1702276322342, 'level': 'ALL', 'message': '12-11 08:24:32.996 31652 31709 W InputReader: Device virtio_input_multi_touch_10 is associated with display ADISPLAY_ID_NONE.'}
{'timestamp': 1702276322342, 'level': 'ALL', 'message': '12-11 08:24:32.996 31652 31709 W InputReader: Device virtio_input_multi_touch_4 is associated with display ADISPLAY_ID_NONE.'}
{'timestamp': 1702276322342, 'level': 'ALL', 'message': '12-11 08:24:32.996 31652 31709 W InputReader: Device virtio_input_multi_touch_11 is associated with display ADISPLAY_ID_NONE.'}
{'timestamp': 1702276322342, 'level': 'ALL', 'message': '12-11 08:24:32.996 31652 31709 W InputReader: Device virtio_input_multi_touch_5 is associated with display ADISPLAY_ID_NONE.'}
{'timestamp': 1702276322342, 'level': 'ALL', 'message': '12-11 08:24:32.996 31652 31709 W InputReader: Device virtio_input_multi_touch_2 is associated with display ADISPLAY_ID_NONE.'}
{'timestamp': 1702276322342, 'level': 'ALL', 'message': '12-11 08:24:32.996 31652 31709 W InputReader: Device virtio_input_multi_touch_9 is associated with display ADISPLAY_ID_NONE.'}
{'timestamp': 1702276322342, 'level': 'ALL', 'message': '12-11 08:24:32.996 31652 31709 W InputReader: Device virtio_input_multi_touch_6 is associated with display ADISPLAY_ID_NONE.'}
{'timestamp': 1702276322342, 'level': 'ALL', 'message': '12-11 08:24:32.996 31652 31709 W InputReader: Device virtio_input_multi_touch_7 is associated with display ADISPLAY_ID_NONE.'}
{'timestamp': 1702276322342, 'level': 'ALL', 'message': '12-11 08:24:32.996 31652 31709 W InputReader: Device virtio_input_multi_touch_3 is associated with display ADISPLAY_ID_NONE.'}
{'timestamp': 1702276322342, 'level': 'ALL', 'message': '12-11 08:24:32.996 31652 31709 W InputReader: Device virtio_input_multi_touch_8 is associated with display ADISPLAY_ID_NONE.'}
{'timestamp': 1702276322342, 'level': 'ALL', 'message': '12-11 08:24:33.030   320   354 D goldfish-address-space: claimShared: Ask to claim region [0x3f1e81000 0x3f2865000]'}
{'timestamp': 1702276322342, 'level': 'ALL', 'message': '12-11 08:24:33.062   410   410 I perfetto: ftrace_procfs.cc:176    enabled ftrace'}
{'timestamp': 1702276322342, 'level': 'ALL', 'message': '12-11 08:24:33.062 31652 31712 D EventSequenceValidator: Transition from INTENT_STARTED to ACTIVITY_LAUNCHED'}
{'timestamp': 1702276322342, 'level': 'ALL', 'message': '12-11 08:24:33.069 31652 31712 D CompatibilityChangeReporter: Compat change id reported: 136219221; UID 10158; state: ENABLED'}
{'timestamp': 1702276322342, 'level': 'ALL', 'message': '12-11 08:24:33.085   320   354 D goldfish-address-space: claimShared: Ask to claim region [0x3f4000000 0x3f49e4000]'}
{'timestamp': 1702276322342, 'level': 'ALL', 'message': '12-11 08:24:33.087   320   354 D goldfish-address-space: claimShared: Ask to claim region [0x3f49e4000 0x3f53c8000]'}
{'timestamp': 1702276322342, 'level': 'ALL', 'message': '12-11 08:24:33.100   396   396 D BoundBrokerSvc: onBind: Intent { act=com.google.android.gms.measurement.START pkg=com.google.android.gms }'}
{'timestamp': 1702276322342, 'level': 'ALL', 'message': '12-11 08:24:33.101   396   396 D BoundBrokerSvc: Loading bound service for intent: Intent { act=com.google.android.gms.measurement.START pkg=com.google.android.gms }'}
{'timestamp': 1702276322342, 'level': 'ALL', 'message': '12-11 08:24:33.123   653   653 I dnpg    : onStart'}
{'timestamp': 1702276322342, 'level': 'ALL', 'message': '12-11 08:24:33.130   653   653 I dnpg    : onResume'}
{'timestamp': 1702276322342, 'level': 'ALL', 'message': '12-11 08:24:33.133   320   354 D goldfish-address-space: claimShared: Ask to claim region [0x3f53c8000 0x3f5dac000]'}
{'timestamp': 1702276322342, 'level': 'ALL', 'message': '12-11 08:24:33.175   320   354 D goldfish-address-space: claimShared: Ask to claim region [0x3f8000000 0x3f89e4000]'}
{'timestamp': 1702276322342, 'level': 'ALL', 'message': '12-11 08:24:33.178   320   354 D goldfish-address-space: claimShared: Ask to claim region [0x3f89e4000 0x3f93c8000]'}
{'timestamp': 1702276322342, 'level': 'ALL', 'message': '12-11 08:24:33.227 31652   495 W ActivityManager: Unable to start service Intent { act=android.service.appprediction.AppPredictionService cmp=com.google.android.as/com.google.android.apps.miphone.aiai.app.AiAiPredictionService } U=0: not found'}
{'timestamp': 1702276322342, 'level': 'ALL', 'message': '12-11 08:24:33.227 31652   495 W RemoteAppPredictionService: could not bind to Intent { act=android.service.appprediction.AppPredictionService cmp=com.google.android.as/com.google.android.apps.miphone.aiai.app.AiAiPredictionService } using flags 67108865'}
{'timestamp': 1702276322342, 'level': 'ALL', 'message': '12-11 08:24:33.246 31652  2862 D HostConnection: HostConnection::get() New Host Connection established 0xed8be280, tid 2862'}
{'timestamp': 1702276322342, 'level': 'ALL', 'message': '12-11 08:24:33.250 31652  2862 D HostConnection: HostComposition ext ANDROID_EMU_CHECKSUM_HELPER_v1 ANDROID_EMU_native_sync_v2 ANDROID_EMU_native_sync_v3 ANDROID_EMU_native_sync_v4 ANDROID_EMU_dma_v1 ANDROID_EMU_direct_mem ANDROID_EMU_vulkan ANDROID_EMU_deferred_vulkan_commands ANDROID_EMU_vulkan_null_optional_strings ANDROID_EMU_vulkan_create_resources_with_requirements ANDROID_EMU_YUV_Cache ANDROID_EMU_vulkan_ignored_handles ANDROID_EMU_has_shared_slots_host_memory_allocator ANDROID_EMU_vulkan_free_memory_sync ANDROID_EMU_vulkan_shader_float16_int8 ANDROID_EMU_vulkan_async_queue_submit ANDROID_EMU_sync_buffer_data ANDROID_EMU_vulkan_async_qsri ANDROID_EMU_read_color_buffer_dma GL_OES_vertex_array_object GL_KHR_texture_compression_astc_ldr ANDROID_EMU_host_side_tracing ANDROID_EMU_gles_max_version_2'}
{'timestamp': 1702276322342, 'level': 'ALL', 'message': '12-11 08:24:33.251 31652  2862 W OpenGLRenderer: Failed to choose config with EGL_SWAP_BEHAVIOR_PRESERVED, retrying without...'}
{'timestamp': 1702276322342, 'level': 'ALL', 'message': '12-11 08:24:33.283 31652  2862 D EGL_emulation: eglCreateContext: 0xed893d40: maj 2 min 0 rcv 2'}
{'timestamp': 1702276322342, 'level': 'ALL', 'message': '12-11 08:24:33.291 31652  2862 D EGL_emulation: eglMakeCurrent: 0xed893d40: ver 2 0 (tinfo 0xaf947b50) (first time)'}
{'timestamp': 1702276322342, 'level': 'ALL', 'message': '12-11 08:24:33.303   320   354 D goldfish-address-space: claimShared: Ask to claim region [0x3f0000000 0x3f0654000]'}
{'timestamp': 1702276322342, 'level': 'ALL', 'message': '12-11 08:24:33.317 31652  2862 E FrameEvents: updateAcquireFence: Did not find frame.'}
{'timestamp': 1702276322342, 'level': 'ALL', 'message': '12-11 08:24:33.318   320   354 D goldfish-address-space: claimShared: Ask to claim region [0x3f93c8000 0x3f9a1c000]'}
{'timestamp': 1702276322342, 'level': 'ALL', 'message': "12-11 08:24:33.334 31652 31742 D ArtManagerInternalImpl: /data/misc/iorapd/com.google.android.apps.nexuslauncher/821/com.google.android.apps.nexuslauncher.NexusLauncherActivity/compiled_traces/compiled_trace.pb doesn't exist"}
{'timestamp': 1702276322342, 'level': 'ALL', 'message': '12-11 08:24:33.342 31652 31712 D EventSequenceValidator: Transition from ACTIVITY_LAUNCHED to ACTIVITY_FINISHED'}
{'timestamp': 1702276322342, 'level': 'ALL', 'message': '12-11 08:24:34.068  9481  9481 E LOCK_APP: Cannot find lock for account 663548140'}
{'timestamp': 1702276322342, 'level': 'ALL', 'message': '12-11 08:24:35.107  9481  9806 I FA      : Application backgrounded at: timestamp_millis: 1702275873103'}
{'timestamp': 1702276322342, 'level': 'ALL', 'message': '12-11 08:24:35.752  9481  9544 E Volley  : [669] NetworkUtility.shouldRetryException: Unexpected response code 403 for https://in-app-message.prod.ajax.systems/v1/prod/main/en/plashka.json'}
{'timestamp': 1702276322342, 'level': 'ALL', 'message': '12-11 08:24:36.162  9481  9544 E Volley  : [669] NetworkUtility.shouldRetryException: Unexpected response code 403 for https://in-app-message.prod.ajax.systems/v1/prod/main/en/plashka.json'}
{'timestamp': 1702276322342, 'level': 'ALL', 'message': '12-11 08:24:36.163  9481  9481 E MaintenanceMessagesApi: Cannot get maintenance messages'}
{'timestamp': 1702276322342, 'level': 'ALL', 'message': '12-11 08:24:36.163  9481  9481 E MaintenanceMessagesApi: com.android.volley.AuthFailureError'}
{'timestamp': 1702276322342, 'level': 'ALL', 'message': '12-11 08:24:36.163  9481  9481 E MaintenanceMessagesApi: \tat com.android.volley.toolbox.NetworkUtility.shouldRetryException(Unknown Source:134)'}
{'timestamp': 1702276322342, 'level': 'ALL', 'message': '12-11 08:24:36.163  9481  9481 E MaintenanceMessagesApi: \tat com.android.volley.toolbox.BasicNetwork.performRequest(Unknown Source:119)'}
{'timestamp': 1702276322342, 'level': 'ALL', 'message': '12-11 08:24:36.163  9481  9481 E MaintenanceMessagesApi: \tat com.android.volley.NetworkDispatcher.processRequest(Unknown Source:39)'}
{'timestamp': 1702276322342, 'level': 'ALL', 'message': '12-11 08:24:36.163  9481  9481 E MaintenanceMessagesApi: \tat com.android.volley.NetworkDispatcher.processRequest(Unknown Source:8)'}
{'timestamp': 1702276322342, 'level': 'ALL', 'message': '12-11 08:24:36.163  9481  9481 E MaintenanceMessagesApi: \tat com.android.volley.NetworkDispatcher.run(Unknown Source:5)'}
{'timestamp': 1702276322342, 'level': 'ALL', 'message': '12-11 08:24:36.730 32473 32473 D RecentsOrientedState: current RecentsOrientedState: [this=RecentsOrientedState@4fcf602 mOrientationHandler=PortraitPagedViewHandler@a358b13 mDisplayRotation=0 mTouchRotation=0 mRecentsActivityRotation=0 isRecentsActivityRotationAllowed=false mSystemRotation=false mFlags=291]'}
{'timestamp': 1702276322343, 'level': 'ALL', 'message': '12-11 08:24:36.730 32473 32473 I chatty  : uid=10138(com.google.android.apps.nexuslauncher) identical 2 lines'}
{'timestamp': 1702276322343, 'level': 'ALL', 'message': '12-11 08:24:36.730 32473 32473 D RecentsOrientedState: current RecentsOrientedState: [this=RecentsOrientedState@4fcf602 mOrientationHandler=PortraitPagedViewHandler@a358b13 mDisplayRotation=0 mTouchRotation=0 mRecentsActivityRotation=0 isRecentsActivityRotationAllowed=false mSystemRotation=false mFlags=291]'}
{'timestamp': 1702276322343, 'level': 'ALL', 'message': '12-11 08:24:38.010   410   410 I perfetto: probes_producer.cc:329  Producer stop (id=484)'}
{'timestamp': 1702276322343, 'level': 'ALL', 'message': '12-11 08:24:38.013   410   410 I perfetto: ftrace_procfs.cc:183    disabled ftrace'}
{'timestamp': 1702276322343, 'level': 'ALL', 'message': '12-11 08:24:38.016   421   421 I perfetto: ng_service_impl.cc:1948 Tracing session 484 ended, total sessions:0'}
{'timestamp': 1702276322343, 'level': 'ALL', 'message': '12-11 08:24:38.200 31652 32599 I ActivityTaskManager: START u0 {act=android.intent.action.MAIN cat=[android.intent.category.LAUNCHER] flg=0x10200000 cmp=com.ajaxsystems/.ui.activity.LauncherActivity bnds=[36,157][238,506]} from uid 10138'}
{'timestamp': 1702276322343, 'level': 'ALL', 'message': '12-11 08:24:38.201 31652 31712 D EventSequenceValidator: Transition from ACTIVITY_FINISHED to INTENT_STARTED'}
{'timestamp': 1702276322343, 'level': 'ALL', 'message': '12-11 08:24:38.204 31652  1225 I system_server: oneway function results will be dropped but finished with status OK and parcel size 4'}
{'timestamp': 1702276322343, 'level': 'ALL', 'message': '12-11 08:24:38.205 31652   495 I system_server: oneway function results will be dropped but finished with status OK and parcel size 4'}
{'timestamp': 1702276322343, 'level': 'ALL', 'message': '12-11 08:24:38.210   421   421 I perfetto: ing_service_impl.cc:758 Configured tracing session 485, #sources:1, duration:5000 ms, #buffers:1, total buffer size:4096 KB, total sessions:1, uid:1071 session name: ""'}
{'timestamp': 1702276322343, 'level': 'ALL', 'message': '12-11 08:24:38.226 31702 31727 D AudioFlinger: mixer(0xeed1c030) throttle end: throttle time(33)'}
{'timestamp': 1702276322343, 'level': 'ALL', 'message': '12-11 08:24:38.238 31652 31712 D EventSequenceValidator: Transition from INTENT_STARTED to ACTIVITY_LAUNCHED'}
{'timestamp': 1702276322343, 'level': 'ALL', 'message': '12-11 08:24:38.242 31652 31652 W ActivityManager: Unable to start service Intent { act=android.service.appprediction.AppPredictionService cmp=com.google.android.as/com.google.android.apps.miphone.aiai.app.AiAiPredictionService } U=0: not found'}
{'timestamp': 1702276322343, 'level': 'ALL', 'message': '12-11 08:24:38.242 31652 31652 W RemoteAppPredictionService: could not bind to Intent { act=android.service.appprediction.AppPredictionService cmp=com.google.android.as/com.google.android.apps.miphone.aiai.app.AiAiPredictionService } using flags 67108865'}
{'timestamp': 1702276322343, 'level': 'ALL', 'message': '12-11 08:24:38.245 31652 32599 W InputReader: Device virtio_input_multi_touch_10 is associated with display ADISPLAY_ID_NONE.'}
{'timestamp': 1702276322343, 'level': 'ALL', 'message': '12-11 08:24:38.245 31652 32599 W InputReader: Device virtio_input_multi_touch_4 is associated with display ADISPLAY_ID_NONE.'}
{'timestamp': 1702276322343, 'level': 'ALL', 'message': '12-11 08:24:38.245 31652 32599 W InputReader: Device virtio_input_multi_touch_11 is associated with display ADISPLAY_ID_NONE.'}
{'timestamp': 1702276322343, 'level': 'ALL', 'message': '12-11 08:24:38.245 31652 32599 W InputReader: Device virtio_input_multi_touch_5 is associated with display ADISPLAY_ID_NONE.'}
{'timestamp': 1702276322343, 'level': 'ALL', 'message': '12-11 08:24:38.245 31652 32599 W InputReader: Device virtio_input_multi_touch_2 is associated with display ADISPLAY_ID_NONE.'}
{'timestamp': 1702276322343, 'level': 'ALL', 'message': '12-11 08:24:38.245 31652 32599 W InputReader: Device virtio_input_multi_touch_9 is associated with display ADISPLAY_ID_NONE.'}
{'timestamp': 1702276322343, 'level': 'ALL', 'message': '12-11 08:24:38.245 31652 32599 W InputReader: Device virtio_input_multi_touch_6 is associated with display ADISPLAY_ID_NONE.'}
{'timestamp': 1702276322343, 'level': 'ALL', 'message': '12-11 08:24:38.245 31652 32599 W InputReader: Device virtio_input_multi_touch_7 is associated with display ADISPLAY_ID_NONE.'}
{'timestamp': 1702276322343, 'level': 'ALL', 'message': '12-11 08:24:38.245 31652 32599 W InputReader: Device virtio_input_multi_touch_3 is associated with display ADISPLAY_ID_NONE.'}
{'timestamp': 1702276322343, 'level': 'ALL', 'message': '12-11 08:24:38.245 31652 32599 W InputReader: Device virtio_input_multi_touch_8 is associated with display ADISPLAY_ID_NONE.'}
{'timestamp': 1702276322343, 'level': 'ALL', 'message': '12-11 08:24:38.245 31652 32599 W InputReader: Device virtio_input_multi_touch_10 is associated with display ADISPLAY_ID_NONE.'}
{'timestamp': 1702276322343, 'level': 'ALL', 'message': '12-11 08:24:38.246 31652 32599 W InputReader: Device virtio_input_multi_touch_4 is associated with display ADISPLAY_ID_NONE.'}
{'timestamp': 1702276322343, 'level': 'ALL', 'message': '12-11 08:24:38.246 31652 32599 W InputReader: Device virtio_input_multi_touch_11 is associated with display ADISPLAY_ID_NONE.'}
{'timestamp': 1702276322343, 'level': 'ALL', 'message': '12-11 08:24:38.246 31652 32599 W InputReader: Device virtio_input_multi_touch_5 is associated with display ADISPLAY_ID_NONE.'}
{'timestamp': 1702276322343, 'level': 'ALL', 'message': '12-11 08:24:38.246 31652 32599 W InputReader: Device virtio_input_multi_touch_2 is associated with display ADISPLAY_ID_NONE.'}
{'timestamp': 1702276322343, 'level': 'ALL', 'message': '12-11 08:24:38.246 31652 32599 W InputReader: Device virtio_input_multi_touch_9 is associated with display ADISPLAY_ID_NONE.'}
{'timestamp': 1702276322343, 'level': 'ALL', 'message': '12-11 08:24:38.246 31652 32599 W InputReader: Device virtio_input_multi_touch_6 is associated with display ADISPLAY_ID_NONE.'}
{'timestamp': 1702276322343, 'level': 'ALL', 'message': '12-11 08:24:38.246 31652 32599 W InputReader: Device virtio_input_multi_touch_7 is associated with display ADISPLAY_ID_NONE.'}
{'timestamp': 1702276322343, 'level': 'ALL', 'message': '12-11 08:24:38.246 31652 32599 W InputReader: Device virtio_input_multi_touch_3 is associated with display ADISPLAY_ID_NONE.'}
{'timestamp': 1702276322343, 'level': 'ALL', 'message': '12-11 08:24:38.246 31652 32599 W InputReader: Device virtio_input_multi_touch_8 is associated with display ADISPLAY_ID_NONE.'}
{'timestamp': 1702276322343, 'level': 'ALL', 'message': '12-11 08:24:38.341 31652 32599 I system_server: oneway function results will be dropped but finished with status OK and parcel size 4'}
{'timestamp': 1702276322343, 'level': 'ALL', 'message': '12-11 08:24:38.344   653   653 I dnpg    : onPause'}
{'timestamp': 1702276322343, 'level': 'ALL', 'message': '12-11 08:24:38.347   410   410 I perfetto: probes_producer.cc:230  Ftrace setup (target_buf=485)'}
{'timestamp': 1702276322343, 'level': 'ALL', 'message': '12-11 08:24:38.372  9481  9481 E AjaxActionBar$a: Cannot update UI, active hub not found'}
{'timestamp': 1702276322343, 'level': 'ALL', 'message': '12-11 08:24:38.392   410   410 I perfetto: ftrace_procfs.cc:176    enabled ftrace'}
{'timestamp': 1702276322343, 'level': 'ALL', 'message': '12-11 08:24:38.420   320   354 D goldfish-address-space: claimShared: Ask to claim region [0x3f5dac000 0x3f6790000]'}
{'timestamp': 1702276322343, 'level': 'ALL', 'message': '12-11 08:24:38.432 32722 32763 I PeriodicStatsRunner: PeriodicStatsRunner.call():180 call()'}
{'timestamp': 1702276322343, 'level': 'ALL', 'message': '12-11 08:24:38.436 32722 32763 I PeriodicStatsRunner: PeriodicStatsRunner.call():184 No submit PeriodicStats since input started.'}
{'timestamp': 1702276322343, 'level': 'ALL', 'message': '12-11 08:24:38.468   320   354 D goldfish-address-space: claimShared: Ask to claim region [0x3f6790000 0x3f7174000]'}
{'timestamp': 1702276322343, 'level': 'ALL', 'message': '12-11 08:24:38.473   320   354 D goldfish-address-space: claimShared: Ask to claim region [0x3f7174000 0x3f7b58000]'}
{'timestamp': 1702276322343, 'level': 'ALL', 'message': '12-11 08:24:38.554 31652 31712 D EventSequenceValidator: Transition from ACTIVITY_LAUNCHED to ACTIVITY_FINISHED'}
{'timestamp': 1702276322343, 'level': 'ALL', 'message': '12-11 08:24:38.569  9481  9481 E LOCK_APP: Cannot find lock for account 663548140'}
{'timestamp': 1702276322343, 'level': 'ALL', 'message': "12-11 08:24:38.581 31652 31742 D ArtManagerInternalImpl: /data/misc/iorapd/com.ajaxsystems/2334272/com.ajaxsystems.ui.activity.DashboardActivity/compiled_traces/compiled_trace.pb doesn't exist"}
{'timestamp': 1702276322343, 'level': 'ALL', 'message': '12-11 08:24:38.805   388   388 E Layer   : [Surface(name=Task=195)/@0x48bbfce - animation-leash#0] No local sync point found'}
{'timestamp': 1702276322343, 'level': 'ALL', 'message': '12-11 08:24:38.805   388   388 E Layer   : [Surface(name=Task=1)/@0x3a3e055 - animation-leash#0] No local sync point found'}
{'timestamp': 1702276322343, 'level': 'ALL', 'message': '12-11 08:24:38.834   653   653 I dnpg    : onStop'}
{'timestamp': 1702276322343, 'level': 'ALL', 'message': '12-11 08:24:39.919 31652   991 I ActivityTaskManager: START u0 {flg=0x10000000 cmp=com.ajaxsystems/.account.presentation.root.AccountActivity} from uid 10158'}
{'timestamp': 1702276322343, 'level': 'ALL', 'message': '12-11 08:24:39.919 31652 31712 D EventSequenceValidator: Transition from ACTIVITY_FINISHED to INTENT_STARTED'}
{'timestamp': 1702276322343, 'level': 'ALL', 'message': '12-11 08:24:39.941   421   421 I perfetto: ing_service_impl.cc:758 Configured tracing session 486, #sources:1, duration:5000 ms, #buffers:1, total buffer size:4096 KB, total sessions:2, uid:1071 session name: ""'}
{'timestamp': 1702276322343, 'level': 'ALL', 'message': '12-11 08:24:39.942   410   410 I perfetto: probes_producer.cc:230  Ftrace setup (target_buf=486)'}
{'timestamp': 1702276322345, 'level': 'ALL', 'message': '12-11 08:24:39.951 31652 31712 D EventSequenceValidator: Transition from INTENT_STARTED to INTENT_FAILED'}
{'timestamp': 1702276322345, 'level': 'ALL', 'message': '12-11 08:24:40.000 31652  1218 W ActivityTaskManager: Tried to set launchTime (0) < mLastActivityLaunchTime (27630234)'}
{'timestamp': 1702276322345, 'level': 'ALL', 'message': '12-11 08:24:40.001 31652  1218 W InputReader: Device virtio_input_multi_touch_10 is associated with display ADISPLAY_ID_NONE.'}
{'timestamp': 1702276322345, 'level': 'ALL', 'message': '12-11 08:24:40.002 31652  1218 W InputReader: Device virtio_input_multi_touch_4 is associated with display ADISPLAY_ID_NONE.'}
{'timestamp': 1702276322345, 'level': 'ALL', 'message': '12-11 08:24:40.002 31652  1218 W InputReader: Device virtio_input_multi_touch_11 is associated with display ADISPLAY_ID_NONE.'}
{'timestamp': 1702276322345, 'level': 'ALL', 'message': '12-11 08:24:40.002 31652  1218 W InputReader: Device virtio_input_multi_touch_5 is associated with display ADISPLAY_ID_NONE.'}
{'timestamp': 1702276322345, 'level': 'ALL', 'message': '12-11 08:24:40.002 31652  1218 W InputReader: Device virtio_input_multi_touch_2 is associated with display ADISPLAY_ID_NONE.'}
{'timestamp': 1702276322345, 'level': 'ALL', 'message': '12-11 08:24:40.002 31652  1218 W InputReader: Device virtio_input_multi_touch_9 is associated with display ADISPLAY_ID_NONE.'}
{'timestamp': 1702276322345, 'level': 'ALL', 'message': '12-11 08:24:40.002 31652  1218 W InputReader: Device virtio_input_multi_touch_6 is associated with display ADISPLAY_ID_NONE.'}
{'timestamp': 1702276322345, 'level': 'ALL', 'message': '12-11 08:24:40.002 31652  1218 W InputReader: Device virtio_input_multi_touch_7 is associated with display ADISPLAY_ID_NONE.'}
{'timestamp': 1702276322345, 'level': 'ALL', 'message': '12-11 08:24:40.002 31652  1218 W InputReader: Device virtio_input_multi_touch_3 is associated with display ADISPLAY_ID_NONE.'}
{'timestamp': 1702276322345, 'level': 'ALL', 'message': '12-11 08:24:40.002 31652  1218 W InputReader: Device virtio_input_multi_touch_8 is associated with display ADISPLAY_ID_NONE.'}
{'timestamp': 1702276322345, 'level': 'ALL', 'message': '12-11 08:24:40.002 31652  1218 W InputReader: Device virtio_input_multi_touch_10 is associated with display ADISPLAY_ID_NONE.'}
{'timestamp': 1702276322345, 'level': 'ALL', 'message': '12-11 08:24:40.002 31652  1218 W InputReader: Device virtio_input_multi_touch_4 is associated with display ADISPLAY_ID_NONE.'}
{'timestamp': 1702276322345, 'level': 'ALL', 'message': '12-11 08:24:40.002 31652  1218 W InputReader: Device virtio_input_multi_touch_11 is associated with display ADISPLAY_ID_NONE.'}
{'timestamp': 1702276322345, 'level': 'ALL', 'message': '12-11 08:24:40.002 31652  1218 W InputReader: Device virtio_input_multi_touch_5 is associated with display ADISPLAY_ID_NONE.'}
{'timestamp': 1702276322345, 'level': 'ALL', 'message': '12-11 08:24:40.002 31652  1218 W InputReader: Device virtio_input_multi_touch_2 is associated with display ADISPLAY_ID_NONE.'}
{'timestamp': 1702276322345, 'level': 'ALL', 'message': '12-11 08:24:40.002 31652  1218 W InputReader: Device virtio_input_multi_touch_9 is associated with display ADISPLAY_ID_NONE.'}
{'timestamp': 1702276322345, 'level': 'ALL', 'message': '12-11 08:24:40.003 31652  1218 W InputReader: Device virtio_input_multi_touch_6 is associated with display ADISPLAY_ID_NONE.'}
{'timestamp': 1702276322345, 'level': 'ALL', 'message': '12-11 08:24:40.004 31652  1218 W InputReader: Device virtio_input_multi_touch_7 is associated with display ADISPLAY_ID_NONE.'}
{'timestamp': 1702276322345, 'level': 'ALL', 'message': '12-11 08:24:40.004 31652  1218 W InputReader: Device virtio_input_multi_touch_3 is associated with display ADISPLAY_ID_NONE.'}
{'timestamp': 1702276322345, 'level': 'ALL', 'message': '12-11 08:24:40.004 31652  1218 W InputReader: Device virtio_input_multi_touch_8 is associated with display ADISPLAY_ID_NONE.'}
{'timestamp': 1702276322345, 'level': 'ALL', 'message': '12-11 08:24:40.213  9481  9481 E LOCK_APP: Cannot find lock for account 663548140'}
{'timestamp': 1702276322345, 'level': 'ALL', 'message': '12-11 08:24:40.309   320   354 D goldfish-address-space: claimShared: Ask to claim region [0x3f1e81000 0x3f2865000]'}
{'timestamp': 1702276322345, 'level': 'ALL', 'message': '12-11 08:24:40.319   320   354 D goldfish-address-space: claimShared: Ask to claim region [0x3f4000000 0x3f49e4000]'}
{'timestamp': 1702276322345, 'level': 'ALL', 'message': '12-11 08:24:40.330   320   354 D goldfish-address-space: claimShared: Ask to claim region [0x3f49e4000 0x3f53c8000]'}
{'timestamp': 1702276322345, 'level': 'ALL', 'message': '12-11 08:24:40.428 31652 31742 I ActivityTaskManager: Displayed com.ajaxsystems/.account.presentation.root.AccountActivity: +506ms'}
{'timestamp': 1702276322345, 'level': 'ALL', 'message': '12-11 08:24:40.498  9481  9481 W Glide   : Failed to find GeneratedAppGlideModule. You should include an annotationProcessor compile dependency on com.github.bumptech.glide:compiler in your application and a @GlideModule annotated AppGlideModule implementation or LibraryGlideModules will be silently ignored'}
{'timestamp': 1702276322345, 'level': 'ALL', 'message': '12-11 08:24:40.525 31652  1218 D ConnectivityService: requestNetwork for uid/pid:10158/9481 NetworkRequest [ TRACK_DEFAULT id=91, [ Capabilities: INTERNET&NOT_RESTRICTED&TRUSTED Uid: 10158 AdministratorUids: [] RequestorUid: 10158 RequestorPackageName: com.ajaxsystems] ]'}
{'timestamp': 1702276322345, 'level': 'ALL', 'message': '12-11 08:24:40.528 31652 31995 D ConnectivityService: NetReassign [91 : null → 100]'}
{'timestamp': 1702276322345, 'level': 'ALL', 'message': '12-11 08:24:40.533 32351 32351 D PhoneSwitcherNetworkRequstListener: got request NetworkRequest [ TRACK_DEFAULT id=91, [ Capabilities: INTERNET&NOT_RESTRICTED&TRUSTED Uid: 10158 AdministratorUids: [] RequestorUid: 10158 RequestorPackageName: com.ajaxsystems] ] with score 50 and providerId 2'}
{'timestamp': 1702276322345, 'level': 'ALL', 'message': '12-11 08:24:40.542 32351 32351 D Telephony: isEmergencyPreferredAccount: subId=1, activeData=1'}
{'timestamp': 1702276322345, 'level': 'ALL', 'message': '12-11 08:24:40.542 32351 32351 D Telephony: isEmergencyPreferredAccount: Device does not require preference.'}
{'timestamp': 1702276322345, 'level': 'ALL', 'message': '12-11 08:24:40.771  9481  9481 W Glide   : Load failed for [] with dimensions [357x357]'}
{'timestamp': 1702276322345, 'level': 'ALL', 'message': '12-11 08:24:40.771  9481  9481 W Glide   : class com.bumptech.glide.load.engine.GlideException: Failed to load resource'}
{'timestamp': 1702276322345, 'level': 'ALL', 'message': '12-11 08:24:40.771  9481  9481 W Glide   :   Cause (1 of 1): class com.bumptech.glide.load.engine.GlideException: Failed LoadPath{StringUri->Bitmap->Bitmap}, LOCAL'}
{'timestamp': 1702276322345, 'level': 'ALL', 'message': '12-11 08:24:40.771  9481  9481 W Glide   :     Cause (1 of 1): class com.bumptech.glide.load.engine.GlideException: Failed DecodePath{StringUri->Bitmap->Bitmap}'}
{'timestamp': 1702276322345, 'level': 'ALL', 'message': '12-11 08:24:41.118 31652 31963 I WindowManager: Input event dispatching timed out sending to com.android.systemui.ImageWallpaper.  Reason: 6daf539 com.android.systemui.ImageWallpaper (server) is not responding. Waited 5001ms for MotionEvent'}
{'timestamp': 1702276322345, 'level': 'ALL', 'message': '12-11 08:24:41.182 31652 31963 D WindowManager: notifyANR took 64ms'}
{'timestamp': 1702276322345, 'level': 'ALL', 'message': '12-11 08:24:41.182 31652 31963 W InputDispatcher: Canceling events for 6daf539 com.android.systemui.ImageWallpaper (server) because it is unresponsive'}
{'timestamp': 1702276322345, 'level': 'ALL', 'message': '12-11 08:24:41.213 31652  9833 I ActivityManager: dumpStackTraces pids={327=true, 396=true, 445=true, 517=true, 653=true, 685=true, 872=true, 1356=true, 3173=true, 5859=true, 5910=true, 6852=true, 7279=true, 7395=true, 7432=true, 7550=true, 7798=true, 7873=true, 7929=true, 8283=true, 8436=true, 9430=true, 9481=true, 9680=true, 32106=true, 32421=true, 32473=true, 32604=true, 32722=true} nativepids=[187, 299, 388, 427, 440, 442, 451, 456, 31508, 31509, 31510, 31702, 32106]'}
{'timestamp': 1702276322345, 'level': 'ALL', 'message': '12-11 08:24:41.306 31652 32599 I system_server: oneway function results will be dropped but finished with status OK and parcel size 4'}
{'timestamp': 1702276322345, 'level': 'ALL', 'message': '12-11 08:24:41.306 31652 31663 W System  : A resource failed to call release.'}
{'timestamp': 1702276322345, 'level': 'ALL', 'message': '12-11 08:24:41.307 31652 31663 I chatty  : uid=1000(system) FinalizerDaemon identical 1 line'}
{'timestamp': 1702276322345, 'level': 'ALL', 'message': '12-11 08:24:41.307 31652 31663 W System  : A resource failed to call release.'}
{'timestamp': 1702276322345, 'level': 'ALL', 'message': '12-11 08:24:41.309 31652 31663 W System  : A resource failed to call close.'}
{'timestamp': 1702276322345, 'level': 'ALL', 'message': '12-11 08:24:41.614 31652  9833 I ActivityManager: Skipping next CPU consuming process, not a java proc: 31652'}
{'timestamp': 1702276322345, 'level': 'ALL', 'message': '12-11 08:24:41.614 31652  9833 I ActivityManager: Skipping next CPU consuming process, not a java proc: 308'}
{'timestamp': 1702276322345, 'level': 'ALL', 'message': '12-11 08:24:41.614 31652  9833 I ActivityManager: Skipping next CPU consuming process, not a java proc: 26'}
{'timestamp': 1702276322345, 'level': 'ALL', 'message': '12-11 08:24:41.614 31652  9833 I ActivityManager: Skipping next CPU consuming process, not a java proc: 388'}
{'timestamp': 1702276322345, 'level': 'ALL', 'message': '12-11 08:24:41.614 31652  9833 I ActivityManager: Skipping next CPU consuming process, not a java proc: 1912'}
{'timestamp': 1702276322345, 'level': 'ALL', 'message': '12-11 08:24:41.616 31652  9833 I ActivityManager: Dumping to /data/anr/anr_2023-12-11-08-24-41-615'}
{'timestamp': 1702276322345, 'level': 'ALL', 'message': '12-11 08:24:41.616 31652  9833 I ActivityManager: Collecting stacks for pid 9113'}
{'timestamp': 1702276322345, 'level': 'ALL', 'message': '12-11 08:24:41.617 31652  9833 I system_server: libdebuggerd_client: started dumping process 9113'}
{'timestamp': 1702276322345, 'level': 'ALL', 'message': '12-11 08:24:41.618   294   294 I tombstoned: registered intercept for pid 9113 and type kDebuggerdJavaBacktrace'}
{'timestamp': 1702276322345, 'level': 'ALL', 'message': '12-11 08:24:41.619  9113  9123 I ndroid.systemu: Thread[6,tid=9123,WaitingInMainSignalCatcherLoop,Thread*=0xdfc82a10,peer=0x139c0000,"Signal Catcher"]: reacting to signal 3'}
{'timestamp': 1702276322345, 'level': 'ALL', 'message': '12-11 08:24:41.619  9113  9123 I ndroid.systemu:'}
{'timestamp': 1702276322345, 'level': 'ALL', 'message': '12-11 08:24:41.934   294   294 I tombstoned: received crash request for pid 9113'}
{'timestamp': 1702276322345, 'level': 'ALL', 'message': '12-11 08:24:41.934   294   294 I tombstoned: found intercept fd 512 for pid 9113 and type kDebuggerdJavaBacktrace'}
{'timestamp': 1702276322345, 'level': 'ALL', 'message': '12-11 08:24:41.934  9113  9123 I ndroid.systemu: Wrote stack traces to tombstoned'}
{'timestamp': 1702276322345, 'level': 'ALL', 'message': '12-11 08:24:41.950 31652  9833 I system_server: libdebuggerd_client: done dumping process 9113'}
{'timestamp': 1702276322345, 'level': 'ALL', 'message': '12-11 08:24:41.960 31652  9833 I ActivityManager: Collecting stacks for pid 31652'}
{'timestamp': 1702276322345, 'level': 'ALL', 'message': '12-11 08:24:41.965 31652  9833 I system_server: libdebuggerd_client: started dumping process 31652'}
{'timestamp': 1702276322345, 'level': 'ALL', 'message': '12-11 08:24:41.966   294   294 I tombstoned: registered intercept for pid 31652 and type kDebuggerdJavaBacktrace'}
{'timestamp': 1702276322345, 'level': 'ALL', 'message': '12-11 08:24:41.967 31652 31658 I system_server: Thread[2,tid=31658,WaitingInMainSignalCatcherLoop,Thread*=0xdfc85410,peer=0x13600150,"Signal Catcher"]: reacting to signal 3'}
{'timestamp': 1702276322345, 'level': 'ALL', 'message': '12-11 08:24:41.967 31652 31658 I system_server:'}
{'timestamp': 1702276322345, 'level': 'ALL', 'message': '12-11 08:24:42.559   294   294 I tombstoned: received crash request for pid 31652'}
{'timestamp': 1702276322345, 'level': 'ALL', 'message': '12-11 08:24:42.559   294   294 I tombstoned: found intercept fd 512 for pid 31652 and type kDebuggerdJavaBacktrace'}
{'timestamp': 1702276322345, 'level': 'ALL', 'message': '12-11 08:24:42.568 31652 31658 I system_server: Wrote stack traces to tombstoned'}
{'timestamp': 1702276322345, 'level': 'ALL', 'message': '12-11 08:24:42.602 31652  9833 I system_server: libdebuggerd_client: done dumping process 31652'}
{'timestamp': 1702276322345, 'level': 'ALL', 'message': '12-11 08:24:42.616 31652  9833 I ActivityManager: Collecting stacks for pid 565'}
{'timestamp': 1702276322345, 'level': 'ALL', 'message': '12-11 08:24:42.618 31652  9833 I system_server: libdebuggerd_client: started dumping process 565'}
{'timestamp': 1702276322345, 'level': 'ALL', 'message': '12-11 08:24:42.619   294   294 I tombstoned: registered intercept for pid 565 and type kDebuggerdJavaBacktrace'}
{'timestamp': 1702276322345, 'level': 'ALL', 'message': '12-11 08:24:42.619   565   585 I or.multidispla: Thread[3,tid=585,WaitingInMainSignalCatcherLoop,Thread*=0xdfc82a10,peer=0x12c801b0,"Signal Catcher"]: reacting to signal 3'}
{'timestamp': 1702276322345, 'level': 'ALL', 'message': '12-11 08:24:42.620   565   585 I or.multidispla:'}
{'timestamp': 1702276322345, 'level': 'ALL', 'message': '12-11 08:24:42.678   294   294 I tombstoned: received crash request for pid 565'}
{'timestamp': 1702276322345, 'level': 'ALL', 'message': '12-11 08:24:42.681   294   294 I tombstoned: found intercept fd 512 for pid 565 and type kDebuggerdJavaBacktrace'}
{'timestamp': 1702276322345, 'level': 'ALL', 'message': '12-11 08:24:42.682   565   585 I or.multidispla: Wrote stack traces to tombstoned'}
{'timestamp': 1702276322345, 'level': 'ALL', 'message': '12-11 08:24:42.693 31652  9833 I system_server: libdebuggerd_client: done dumping process 565'}
{'timestamp': 1702276322345, 'level': 'ALL', 'message': '12-11 08:24:42.707 31652  9833 I ActivityManager: Collecting stacks for pid 546'}
{'timestamp': 1702276322345, 'level': 'ALL', 'message': '12-11 08:24:42.708 31652  9833 I system_server: libdebuggerd_client: started dumping process 546'}
{'timestamp': 1702276322345, 'level': 'ALL', 'message': '12-11 08:24:42.708   294   294 I tombstoned: registered intercept for pid 546 and type kDebuggerdJavaBacktrace'}
{'timestamp': 1702276322345, 'level': 'ALL', 'message': '12-11 08:24:42.713   546   566 I .ims.rcsservic: Thread[6,tid=566,WaitingInMainSignalCatcherLoop,Thread*=0xdfc8c410,peer=0x12cc01b0,"Signal Catcher"]: reacting to signal 3'}
{'timestamp': 1702276322345, 'level': 'ALL', 'message': '12-11 08:24:42.714   546   566 I .ims.rcsservic:'}
{'timestamp': 1702276322345, 'level': 'ALL', 'message': '12-11 08:24:42.771   294   294 I tombstoned: received crash request for pid 546'}
{'timestamp': 1702276322345, 'level': 'ALL', 'message': '12-11 08:24:42.771   294   294 I tombstoned: found intercept fd 512 for pid 546 and type kDebuggerdJavaBacktrace'}
{'timestamp': 1702276322345, 'level': 'ALL', 'message': '12-11 08:24:42.772   546   566 I .ims.rcsservic: Wrote stack traces to tombstoned'}
{'timestamp': 1702276322345, 'level': 'ALL', 'message': '12-11 08:24:42.779 31652  9833 I system_server: libdebuggerd_client: done dumping process 546'}
{'timestamp': 1702276322345, 'level': 'ALL', 'message': '12-11 08:24:42.790 31652  9833 I ActivityManager: Collecting stacks for pid 32351'}
{'timestamp': 1702276322345, 'level': 'ALL', 'message': '12-11 08:24:42.791 31652  9833 I system_server: libdebuggerd_client: started dumping process 32351'}
{'timestamp': 1702276322345, 'level': 'ALL', 'message': '12-11 08:24:42.793   294   294 I tombstoned: registered intercept for pid 32351 and type kDebuggerdJavaBacktrace'}
{'timestamp': 1702276322345, 'level': 'ALL', 'message': '12-11 08:24:42.796 32351 32361 I m.android.phon: Thread[5,tid=32361,WaitingInMainSignalCatcherLoop,Thread*=0xdfc83810,peer=0x12ec01b0,"Signal Catcher"]: reacting to signal 3'}
{'timestamp': 1702276322345, 'level': 'ALL', 'message': '12-11 08:24:42.799 32351 32361 I m.android.phon:'}
{'timestamp': 1702276322345, 'level': 'ALL', 'message': '12-11 08:24:42.911   294   294 I tombstoned: received crash request for pid 32351'}
{'timestamp': 1702276322345, 'level': 'ALL', 'message': '12-11 08:24:42.911   294   294 I tombstoned: found intercept fd 512 for pid 32351 and type kDebuggerdJavaBacktrace'}
{'timestamp': 1702276322345, 'level': 'ALL', 'message': '12-11 08:24:42.911 32351 32361 I m.android.phon: Wrote stack traces to tombstoned'}
{'timestamp': 1702276322345, 'level': 'ALL', 'message': '12-11 08:24:42.925 31652  9833 I system_server: libdebuggerd_client: done dumping process 32351'}
{'timestamp': 1702276322345, 'level': 'ALL', 'message': '12-11 08:24:42.935 31652  9833 I ActivityManager: Collecting stacks for pid 32276'}
{'timestamp': 1702276322345, 'level': 'ALL', 'message': '12-11 08:24:42.935 31652  9833 I system_server: libdebuggerd_client: started dumping process 32276'}
{'timestamp': 1702276322345, 'level': 'ALL', 'message': '12-11 08:24:42.936   294   294 I tombstoned: registered intercept for pid 32276 and type kDebuggerdJavaBacktrace'}
{'timestamp': 1702276322345, 'level': 'ALL', 'message': '12-11 08:24:42.937 32276 32293 I com.android.se: Thread[6,tid=32293,WaitingInMainSignalCatcherLoop,Thread*=0xdfc87010,peer=0x12cc01b0,"Signal Catcher"]: reacting to signal 3'}
{'timestamp': 1702276322345, 'level': 'ALL', 'message': '12-11 08:24:42.937 32276 32293 I com.android.se:'}
{'timestamp': 1702276322345, 'level': 'ALL', 'message': '12-11 08:24:42.955  9481  9481 D k2s     : Finding badger'}
{'timestamp': 1702276322345, 'level': 'ALL', 'message': '12-11 08:24:42.957  9481  9481 D k2s     : Current badger:oqa'}
{'timestamp': 1702276322345, 'level': 'ALL', 'message': '12-11 08:24:42.986   320   354 D goldfish-address-space: claimShared: Ask to claim region [0x3f53c8000 0x3f5a1c000]'}
{'timestamp': 1702276322345, 'level': 'ALL', 'message': '12-11 08:24:42.988   294   294 I tombstoned: received crash request for pid 32276'}
{'timestamp': 1702276322345, 'level': 'ALL', 'message': '12-11 08:24:42.988   294   294 I tombstoned: found intercept fd 512 for pid 32276 and type kDebuggerdJavaBacktrace'}
{'timestamp': 1702276322345, 'level': 'ALL', 'message': '12-11 08:24:42.988 32276 32293 I com.android.se: Wrote stack traces to tombstoned'}
{'timestamp': 1702276322345, 'level': 'ALL', 'message': '12-11 08:24:42.991 31652  9833 I system_server: libdebuggerd_client: done dumping process 32276'}
{'timestamp': 1702276322345, 'level': 'ALL', 'message': '12-11 08:24:43.002 31652  9833 I ActivityManager: Collecting stacks for pid 32243'}
{'timestamp': 1702276322345, 'level': 'ALL', 'message': '12-11 08:24:43.003 31652  9833 I system_server: libdebuggerd_client: started dumping process 32243'}
{'timestamp': 1702276322345, 'level': 'ALL', 'message': '12-11 08:24:43.005   294   294 I tombstoned: registered intercept for pid 32243 and type kDebuggerdJavaBacktrace'}
{'timestamp': 1702276322345, 'level': 'ALL', 'message': '12-11 08:24:43.005 32243 32254 I rkstack.proces: Thread[5,tid=32254,WaitingInMainSignalCatcherLoop,Thread*=0xdfc88c10,peer=0x12f401b0,"Signal Catcher"]: reacting to signal 3'}
{'timestamp': 1702276322345, 'level': 'ALL', 'message': '12-11 08:24:43.005 32243 32254 I rkstack.proces:'}
{'timestamp': 1702276322345, 'level': 'ALL', 'message': '12-11 08:24:43.027 31652  2862 E FrameEvents: updateAcquireFence: Did not find frame.'}
{'timestamp': 1702276322345, 'level': 'ALL', 'message': '12-11 08:24:43.028   320   354 D goldfish-address-space: claimShared: Ask to claim region [0x3f5a1c000 0x3f6070000]'}
{'timestamp': 1702276322345, 'level': 'ALL', 'message': '12-11 08:24:43.040 31652  1226 I ActivityTaskManager: START u0 {flg=0x10008000 cmp=com.ajaxsystems/.bootstrap.presentation.splash.SplashActivity} from uid 10158'}
{'timestamp': 1702276322345, 'level': 'ALL', 'message': '12-11 08:24:43.090   294   294 I tombstoned: received crash request for pid 32243'}
{'timestamp': 1702276322345, 'level': 'ALL', 'message': '12-11 08:24:43.091   294   294 I tombstoned: found intercept fd 512 for pid 32243 and type kDebuggerdJavaBacktrace'}
{'timestamp': 1702276322345, 'level': 'ALL', 'message': '12-11 08:24:43.092 32243 32254 I rkstack.proces: Wrote stack traces to tombstoned'}
{'timestamp': 1702276322345, 'level': 'ALL', 'message': '12-11 08:24:43.098 31652  9833 I system_server: libdebuggerd_client: done dumping process 32243'}
{'timestamp': 1702276322345, 'level': 'ALL', 'message': '12-11 08:24:43.113   320   354 D goldfish-address-space: claimShared: Ask to claim region [0x3f5a1c000 0x3f6400000]'}
{'timestamp': 1702276322345, 'level': 'ALL', 'message': '12-11 08:24:43.115 31652  9833 I ActivityManager: Collecting stacks for native pid 187'}
{'timestamp': 1702276322345, 'level': 'ALL', 'message': '12-11 08:24:43.115 31652  9833 I system_server: libdebuggerd_client: started dumping process 187'}
{'timestamp': 1702276322345, 'level': 'ALL', 'message': '12-11 08:24:43.117   294   294 I tombstoned: registered intercept for pid 187 and type kDebuggerdNativeBacktrace'}
{'timestamp': 1702276322345, 'level': 'ALL', 'message': '12-11 08:24:43.117   187   187 I libc    : Requested dump for tid 187 (Binder:187_2)'}
{'timestamp': 1702276322345, 'level': 'ALL', 'message': '12-11 08:24:43.117 32473 32489 W System  : A resource failed to call release.'}
{'timestamp': 1702276322345, 'level': 'ALL', 'message': '12-11 08:24:43.118 32473 32489 I chatty  : uid=10138(com.google.android.apps.nexuslauncher) FinalizerDaemon identical 1 line'}
{'timestamp': 1702276322345, 'level': 'ALL', 'message': '12-11 08:24:43.118 32473 32489 W System  : A resource failed to call release.'}
{'timestamp': 1702276322345, 'level': 'ALL', 'message': '12-11 08:24:43.121 31652 31712 D EventSequenceValidator: Transition from INTENT_FAILED to INTENT_STARTED'}
{'timestamp': 1702276322345, 'level': 'ALL', 'message': '12-11 08:24:43.131 31652 31712 D EventSequenceValidator: Transition from INTENT_STARTED to INTENT_FAILED'}
{'timestamp': 1702276322345, 'level': 'ALL', 'message': '12-11 08:24:43.152 31652  1229 D ConnectivityService: requestNetwork for uid/pid:10158/9481 NetworkRequest [ TRACK_DEFAULT id=92, [ Capabilities: INTERNET&NOT_RESTRICTED&TRUSTED Uid: 10158 AdministratorUids: [] RequestorUid: 10158 RequestorPackageName: com.ajaxsystems] ]'}
{'timestamp': 1702276322345, 'level': 'ALL', 'message': '12-11 08:24:43.152 31652 31995 D ConnectivityService: NetReassign [92 : null → 100]'}
{'timestamp': 1702276322345, 'level': 'ALL', 'message': '12-11 08:24:43.159 32351 32351 D PhoneSwitcherNetworkRequstListener: got request NetworkRequest [ TRACK_DEFAULT id=92, [ Capabilities: INTERNET&NOT_RESTRICTED&TRUSTED Uid: 10158 AdministratorUids: [] RequestorUid: 10158 RequestorPackageName: com.ajaxsystems] ] with score 50 and providerId 2'}
{'timestamp': 1702276322345, 'level': 'ALL', 'message': '12-11 08:24:43.161   685   685 D NLService: Successfully marked the removed notification identified by 1'}
{'timestamp': 1702276322345, 'level': 'ALL', 'message': '12-11 08:24:43.179 31652  1231 W ActivityTaskManager: Tried to set launchTime (0) < mLastActivityLaunchTime (27747280)'}
{'timestamp': 1702276322345, 'level': 'ALL', 'message': '12-11 08:24:43.179 31652  1231 W InputReader: Device virtio_input_multi_touch_10 is associated with display ADISPLAY_ID_NONE.'}
{'timestamp': 1702276322345, 'level': 'ALL', 'message': '12-11 08:24:43.180 31652  1231 W InputReader: Device virtio_input_multi_touch_4 is associated with display ADISPLAY_ID_NONE.'}
{'timestamp': 1702276322345, 'level': 'ALL', 'message': '12-11 08:24:43.180 31652  1231 W InputReader: Device virtio_input_multi_touch_11 is associated with display ADISPLAY_ID_NONE.'}
{'timestamp': 1702276322345, 'level': 'ALL', 'message': '12-11 08:24:43.180 31652  1231 W InputReader: Device virtio_input_multi_touch_5 is associated with display ADISPLAY_ID_NONE.'}
{'timestamp': 1702276322345, 'level': 'ALL', 'message': '12-11 08:24:43.180 31652  1231 W InputReader: Device virtio_input_multi_touch_2 is associated with display ADISPLAY_ID_NONE.'}
{'timestamp': 1702276322345, 'level': 'ALL', 'message': '12-11 08:24:43.180 31652  1231 W InputReader: Device virtio_input_multi_touch_9 is associated with display ADISPLAY_ID_NONE.'}
{'timestamp': 1702276322345, 'level': 'ALL', 'message': '12-11 08:24:43.180 31652  1231 W InputReader: Device virtio_input_multi_touch_6 is associated with display ADISPLAY_ID_NONE.'}
{'timestamp': 1702276322345, 'level': 'ALL', 'message': '12-11 08:24:43.180 31652  1231 W InputReader: Device virtio_input_multi_touch_7 is associated with display ADISPLAY_ID_NONE.'}
{'timestamp': 1702276322345, 'level': 'ALL', 'message': '12-11 08:24:43.180 31652  1231 W InputReader: Device virtio_input_multi_touch_3 is associated with display ADISPLAY_ID_NONE.'}
{'timestamp': 1702276322345, 'level': 'ALL', 'message': '12-11 08:24:43.180 31652  1231 W InputReader: Device virtio_input_multi_touch_8 is associated with display ADISPLAY_ID_NONE.'}
{'timestamp': 1702276322345, 'level': 'ALL', 'message': '12-11 08:24:43.181 31652  1231 W InputReader: Device virtio_input_multi_touch_10 is associated with display ADISPLAY_ID_NONE.'}
{'timestamp': 1702276322345, 'level': 'ALL', 'message': '12-11 08:24:43.181 31652  1231 W InputReader: Device virtio_input_multi_touch_4 is associated with display ADISPLAY_ID_NONE.'}
{'timestamp': 1702276322345, 'level': 'ALL', 'message': '12-11 08:24:43.181 31652  1231 W InputReader: Device virtio_input_multi_touch_11 is associated with display ADISPLAY_ID_NONE.'}
{'timestamp': 1702276322345, 'level': 'ALL', 'message': '12-11 08:24:43.181 31652  1231 W InputReader: Device virtio_input_multi_touch_5 is associated with display ADISPLAY_ID_NONE.'}
{'timestamp': 1702276322345, 'level': 'ALL', 'message': '12-11 08:24:43.181 31652  1231 W InputReader: Device virtio_input_multi_touch_2 is associated with display ADISPLAY_ID_NONE.'}
{'timestamp': 1702276322345, 'level': 'ALL', 'message': '12-11 08:24:43.181 31652  1231 W InputReader: Device virtio_input_multi_touch_9 is associated with display ADISPLAY_ID_NONE.'}
{'timestamp': 1702276322345, 'level': 'ALL', 'message': '12-11 08:24:43.181 31652  1231 W InputReader: Device virtio_input_multi_touch_6 is associated with display ADISPLAY_ID_NONE.'}
{'timestamp': 1702276322345, 'level': 'ALL', 'message': '12-11 08:24:43.181 31652  1231 W InputReader: Device virtio_input_multi_touch_7 is associated with display ADISPLAY_ID_NONE.'}
{'timestamp': 1702276322345, 'level': 'ALL', 'message': '12-11 08:24:43.181 31652  1231 W InputReader: Device virtio_input_multi_touch_3 is associated with display ADISPLAY_ID_NONE.'}
{'timestamp': 1702276322345, 'level': 'ALL', 'message': '12-11 08:24:43.181 31652  1231 W InputReader: Device virtio_input_multi_touch_8 is associated with display ADISPLAY_ID_NONE.'}
{'timestamp': 1702276322345, 'level': 'ALL', 'message': '12-11 08:24:43.219   410   410 I perfetto: probes_producer.cc:329  Producer stop (id=485)'}
{'timestamp': 1702276322345, 'level': 'ALL', 'message': '12-11 08:24:43.219  9481  9481 W BaseDashboardActivity: UnBind from HubContextService'}
{'timestamp': 1702276322345, 'level': 'ALL', 'message': '12-11 08:24:43.221   421   421 I perfetto: ng_service_impl.cc:1948 Tracing session 485 ended, total sessions:1'}
{'timestamp': 1702276322345, 'level': 'ALL', 'message': '12-11 08:24:43.218  9856  9856 W crash_dump32: type=1400 audit(0.0:4407): avc: denied { ptrace } for scontext=u:r:crash_dump:s0 tcontext=u:r:vold:s0 tclass=process permissive=0'}
{'timestamp': 1702276322345, 'level': 'ALL', 'message': '12-11 08:24:43.229  9856  9856 F crash_dump32: crash_dump.cpp:474] failed to attach to thread 187: Permission denied'}
{'timestamp': 1702276322345, 'level': 'ALL', 'message': '12-11 08:24:43.230   294   294 I tombstoned: received crash request for pid 187'}
{'timestamp': 1702276322345, 'level': 'ALL', 'message': '12-11 08:24:43.230   294   294 I tombstoned: found registered intercept of type kDebuggerdNativeBacktrace for requested type kDebuggerdAnyIntercept'}
{'timestamp': 1702276322345, 'level': 'ALL', 'message': '12-11 08:24:43.230   294   294 I tombstoned: found intercept fd 512 for pid 187 and type kDebuggerdNativeBacktrace'}
{'timestamp': 1702276322345, 'level': 'ALL', 'message': '12-11 08:24:43.231 31652  9833 I system_server: libdebuggerd_client: done dumping process 187'}
{'timestamp': 1702276322345, 'level': 'ALL', 'message': '12-11 08:24:43.233   294   294 W tombstoned: crash socket received short read of length 0 (expected 12)'}
{'timestamp': 1702276322345, 'level': 'ALL', 'message': '12-11 08:24:43.242   187   187 F libc    : crash_dump helper failed to exec'}
{'timestamp': 1702276322345, 'level': 'ALL', 'message': '12-11 08:24:43.248 31652  9833 I ActivityManager: Collecting stacks for native pid 299'}
{'timestamp': 1702276322345, 'level': 'ALL', 'message': '12-11 08:24:43.248 31652  9833 I system_server: libdebuggerd_client: started dumping process 299'}
{'timestamp': 1702276322345, 'level': 'ALL', 'message': '12-11 08:24:43.249   294   294 I tombstoned: registered intercept for pid 299 and type kDebuggerdNativeBacktrace'}
{'timestamp': 1702276322345, 'level': 'ALL', 'message': '12-11 08:24:43.250   299   299 I libc    : Requested dump for tid 299 (Binder:299_2)'}
{'timestamp': 1702276322345, 'level': 'ALL', 'message': '12-11 08:24:43.259 32351 32351 D Telephony: isEmergencyPreferredAccount: subId=1, activeData=1'}
{'timestamp': 1702276322345, 'level': 'ALL', 'message': '12-11 08:24:43.259 32351 32351 D Telephony: isEmergencyPreferredAccount: Device does not require preference.'}
{'timestamp': 1702276322345, 'level': 'ALL', 'message': '12-11 08:24:43.323 32604  9807 E GmsConnectionFactory: UID for network attribution might be misset for tag 536871943 [CONTEXT service_id=39 ]'}
{'timestamp': 1702276322345, 'level': 'ALL', 'message': '12-11 08:24:43.323 32604  9807 E GmsConnectionFactory: diig: FULL'}
{'timestamp': 1702276322345, 'level': 'ALL', 'message': '12-11 08:24:43.323 32604  9807 E GmsConnectionFactory: \tat a.P(:com.google.android.gms@234523034@23.45.23 (150700-587848529):9)'}
{'timestamp': 1702276322345, 'level': 'ALL', 'message': '12-11 08:24:43.323 32604  9807 E GmsConnectionFactory: \tat avfc.a(:com.google.android.gms@234523034@23.45.23 (150700-587848529):148)'}
{'timestamp': 1702276322345, 'level': 'ALL', 'message': '12-11 08:24:43.323 32604  9807 E GmsConnectionFactory: \tat ayfv.c(:com.google.android.gms@234523034@23.45.23 (150700-587848529):119)'}
{'timestamp': 1702276322345, 'level': 'ALL', 'message': '12-11 08:24:43.323 32604  9807 E GmsConnectionFactory: \tat ayfm.d(:com.google.android.gms@234523034@23.45.23 (150700-587848529):11)'}
{'timestamp': 1702276322345, 'level': 'ALL', 'message': '12-11 08:24:43.323 32604  9807 E GmsConnectionFactory: \tat ayfr.a(:com.google.android.gms@234523034@23.45.23 (150700-587848529):4)'}
{'timestamp': 1702276322345, 'level': 'ALL', 'message': '12-11 08:24:43.323 32604  9807 E GmsConnectionFactory: \tat ayfm.b(:com.google.android.gms@234523034@23.45.23 (150700-587848529):86)'}
{'timestamp': 1702276322345, 'level': 'ALL', 'message': '12-11 08:24:43.323 32604  9807 E GmsConnectionFactory: \tat ayfm.execute(:com.google.android.gms@234523034@23.45.23 (150700-587848529):8)'}
{'timestamp': 1702276322345, 'level': 'ALL', 'message': '12-11 08:24:43.323 32604  9807 E GmsConnectionFactory: \tat ayfm.execute(:com.google.android.gms@234523034@23.45.23 (150700-587848529):5)'}
{'timestamp': 1702276322345, 'level': 'ALL', 'message': '12-11 08:24:43.323 32604  9807 E GmsConnectionFactory: \tat awky.h(:com.google.android.gms@234523034@23.45.23 (150700-587848529):516)'}
{'timestamp': 1702276322345, 'level': 'ALL', 'message': '12-11 08:24:43.323 32604  9807 E GmsConnectionFactory: \tat awks.run(:com.google.android.gms@234523034@23.45.23 (150700-587848529):13)'}
{'timestamp': 1702276322345, 'level': 'ALL', 'message': '12-11 08:24:43.323 32604  9807 E GmsConnectionFactory: \tat aiwb.c(:com.google.android.gms@234523034@23.45.23 (150700-587848529):50)'}
{'timestamp': 1702276322345, 'level': 'ALL', 'message': '12-11 08:24:43.323 32604  9807 E GmsConnectionFactory: \tat aiwb.run(:com.google.android.gms@234523034@23.45.23 (150700-587848529):76)'}
{'timestamp': 1702276322345, 'level': 'ALL', 'message': '12-11 08:24:43.323 32604  9807 E GmsConnectionFactory: \tat java.util.concurrent.ThreadPoolExecutor.runWorker(ThreadPoolExecutor.java:1167)'}
{'timestamp': 1702276322345, 'level': 'ALL', 'message': '12-11 08:24:43.323 32604  9807 E GmsConnectionFactory: \tat java.util.concurrent.ThreadPoolExecutor$Worker.run(ThreadPoolExecutor.java:641)'}
{'timestamp': 1702276322345, 'level': 'ALL', 'message': '12-11 08:24:43.323 32604  9807 E GmsConnectionFactory: \tat ajbh.run(:com.google.android.gms@234523034@23.45.23 (150700-587848529):8)'}
{'timestamp': 1702276322345, 'level': 'ALL', 'message': '12-11 08:24:43.323 32604  9807 E GmsConnectionFactory: \tat java.lang.Thread.run(Thread.java:923)'}
{'timestamp': 1702276322345, 'level': 'ALL', 'message': '12-11 08:24:43.332  9862  9862 I crash_dump32: obtaining output fd from tombstoned, type: kDebuggerdNativeBacktrace'}
{'timestamp': 1702276322345, 'level': 'ALL', 'message': '12-11 08:24:43.334   294   294 I tombstoned: received crash request for pid 299'}
{'timestamp': 1702276322345, 'level': 'ALL', 'message': '12-11 08:24:43.334   294   294 I tombstoned: found intercept fd 512 for pid 299 and type kDebuggerdNativeBacktrace'}
{'timestamp': 1702276322345, 'level': 'ALL', 'message': '12-11 08:24:43.335  9862  9862 I crash_dump32: performing dump of process 299 (target tid = 299)'}
{'timestamp': 1702276322345, 'level': 'ALL', 'message': '12-11 08:24:43.415 31652  9833 I system_server: libdebuggerd_client: done dumping process 299'}
{'timestamp': 1702276322345, 'level': 'ALL', 'message': '12-11 08:24:43.427 31652  9833 I ActivityManager: Collecting stacks for native pid 388'}
{'timestamp': 1702276322345, 'level': 'ALL', 'message': '12-11 08:24:43.428 31652  9833 I system_server: libdebuggerd_client: started dumping process 388'}
{'timestamp': 1702276322345, 'level': 'ALL', 'message': '12-11 08:24:43.429   294   294 I tombstoned: registered intercept for pid 388 and type kDebuggerdNativeBacktrace'}
{'timestamp': 1702276322345, 'level': 'ALL', 'message': '12-11 08:24:43.430   388   388 I libc    : Requested dump for tid 388 (surfaceflinger)'}
{'timestamp': 1702276322345, 'level': 'ALL', 'message': '12-11 08:24:43.466  9868  9868 I crash_dump32: obtaining output fd from tombstoned, type: kDebuggerdNativeBacktrace'}
{'timestamp': 1702276322345, 'level': 'ALL', 'message': '12-11 08:24:43.467   294   294 I tombstoned: received crash request for pid 388'}
{'timestamp': 1702276322345, 'level': 'ALL', 'message': '12-11 08:24:43.468   294   294 I tombstoned: found intercept fd 512 for pid 388 and type kDebuggerdNativeBacktrace'}
{'timestamp': 1702276322345, 'level': 'ALL', 'message': '12-11 08:24:43.468  9868  9868 I crash_dump32: performing dump of process 388 (target tid = 388)'}
{'timestamp': 1702276322345, 'level': 'ALL', 'message': '12-11 08:24:43.502 31652  9833 I system_server: libdebuggerd_client: done dumping process 388'}
{'timestamp': 1702276322345, 'level': 'ALL', 'message': '12-11 08:24:43.511 31652  9833 I ActivityManager: Collecting stacks for native pid 427'}
{'timestamp': 1702276322345, 'level': 'ALL', 'message': '12-11 08:24:43.512 31652  9833 I system_server: libdebuggerd_client: started dumping process 427'}
{'timestamp': 1702276322345, 'level': 'ALL', 'message': '12-11 08:24:43.513   294   294 I tombstoned: registered intercept for pid 427 and type kDebuggerdNativeBacktrace'}
{'timestamp': 1702276322345, 'level': 'ALL', 'message': '12-11 08:24:43.514   427   427 I libc    : Requested dump for tid 427 (drmserver)'}
{'timestamp': 1702276322345, 'level': 'ALL', 'message': '12-11 08:24:43.515   320   354 D goldfish-address-space: claimShared: Ask to claim region [0x3f6400000 0x3f6de4000]'}
{'timestamp': 1702276322345, 'level': 'ALL', 'message': '12-11 08:24:43.524   320   354 D goldfish-address-space: claimShared: Ask to claim region [0x3f6de4000 0x3f77c8000]'}
{'timestamp': 1702276322345, 'level': 'ALL', 'message': '12-11 08:24:43.527   320   354 D goldfish-address-space: claimShared: Ask to claim region [0x3f8000000 0x3f89e4000]'}
{'timestamp': 1702276322345, 'level': 'ALL', 'message': '12-11 08:24:43.544 31652 31742 I ActivityTaskManager: Displayed com.ajaxsystems/.bootstrap.presentation.splash.SplashActivity: +503ms'}
{'timestamp': 1702276322345, 'level': 'ALL', 'message': '12-11 08:24:43.570  9481  9545 I WM-WorkerWrapper: Worker result SUCCESS for Work [ id=b0d4aa80-753b-4ed6-b3a0-a298c6601215, tags={ com.ajaxsystems.geofence.GeofenceUnregisterWorker } ]'}
{'timestamp': 1702276322345, 'level': 'ALL', 'message': '12-11 08:24:43.600  9873  9873 I crash_dump32: obtaining output fd from tombstoned, type: kDebuggerdNativeBacktrace'}
{'timestamp': 1702276322345, 'level': 'ALL', 'message': '12-11 08:24:43.601   294   294 I tombstoned: received crash request for pid 427'}
{'timestamp': 1702276322345, 'level': 'ALL', 'message': '12-11 08:24:43.601   294   294 I tombstoned: found intercept fd 512 for pid 427 and type kDebuggerdNativeBacktrace'}
{'timestamp': 1702276322345, 'level': 'ALL', 'message': '12-11 08:24:43.616  9873  9873 I crash_dump32: performing dump of process 427 (target tid = 427)'}
{'timestamp': 1702276322345, 'level': 'ALL', 'message': '12-11 08:24:43.652 31652 31995 D ConnectivityService: releasing NetworkRequest [ TRACK_DEFAULT id=92, [ Capabilities: INTERNET&NOT_RESTRICTED&TRUSTED Uid: 10158 AdministratorUids: [] RequestorUid: 10158 RequestorPackageName: com.ajaxsystems] ] (release request)'}
{'timestamp': 1702276322345, 'level': 'ALL', 'message': '12-11 08:24:43.664  9481  9806 I com.ajaxsystem: IncrementDisableThreadFlip blocked for 17.421ms'}
{'timestamp': 1702276322345, 'level': 'ALL', 'message': '12-11 08:24:43.677 32722 32763 I PeriodicStatsRunner: PeriodicStatsRunner.call():180 call()'}
{'timestamp': 1702276322345, 'level': 'ALL', 'message': '12-11 08:24:43.677 32722 32763 I PeriodicStatsRunner: PeriodicStatsRunner.call():184 No submit PeriodicStats since input started.'}
{'timestamp': 1702276322345, 'level': 'ALL', 'message': '12-11 08:24:43.685 31652  9833 I system_server: libdebuggerd_client: done dumping process 427'}
{'timestamp': 1702276322345, 'level': 'ALL', 'message': '12-11 08:24:43.690 31652  9833 I ActivityManager: Collecting stacks for native pid 440'}
{'timestamp': 1702276322345, 'level': 'ALL', 'message': '12-11 08:24:43.692 31652  9833 I system_server: libdebuggerd_client: started dumping process 440'}
{'timestamp': 1702276322345, 'level': 'ALL', 'message': '12-11 08:24:43.693   294   294 I tombstoned: registered intercept for pid 440 and type kDebuggerdNativeBacktrace'}
{'timestamp': 1702276322345, 'level': 'ALL', 'message': '12-11 08:24:43.698   294   294 I tombstoned: received crash request for pid 440'}
{'timestamp': 1702276322345, 'level': 'ALL', 'message': '12-11 08:24:43.698   294   294 I tombstoned: found intercept fd 512 for pid 440 and type kDebuggerdNativeBacktrace'}
{'timestamp': 1702276322345, 'level': 'ALL', 'message': '12-11 08:24:43.713 32351 32351 D Telephony: isEmergencyPreferredAccount: subId=1, activeData=1'}
{'timestamp': 1702276322345, 'level': 'ALL', 'message': '12-11 08:24:43.713 32351 32351 D Telephony: isEmergencyPreferredAccount: Device does not require preference.'}
{'timestamp': 1702276322345, 'level': 'ALL', 'message': '12-11 08:24:43.779  9481  9493 I com.ajaxsystem: Background young concurrent copying GC freed 150093(7196KB) AllocSpace objects, 72(3108KB) LOS objects, 39% free, 15MB/26MB, paused 10.124ms total 151.205ms'}
{'timestamp': 1702276322345, 'level': 'ALL', 'message': '12-11 08:24:43.808 31652 31995 D ConnectivityService: releasing NetworkRequest [ TRACK_DEFAULT id=91, [ Capabilities: INTERNET&NOT_RESTRICTED&TRUSTED Uid: 10158 AdministratorUids: [] RequestorUid: 10158 RequestorPackageName: com.ajaxsystems] ] (release request)'}
{'timestamp': 1702276322345, 'level': 'ALL', 'message': '12-11 08:24:43.857 31652  9833 I system_server: libdebuggerd_client: done dumping process 440'}
{'timestamp': 1702276322345, 'level': 'ALL', 'message': '12-11 08:24:43.858 32351 32351 D Telephony: isEmergencyPreferredAccount: subId=1, activeData=1'}
{'timestamp': 1702276322345, 'level': 'ALL', 'message': '12-11 08:24:43.858 32351 32351 D Telephony: isEmergencyPreferredAccount: Device does not require preference.'}
{'timestamp': 1702276322345, 'level': 'ALL', 'message': '12-11 08:24:43.865 31652  9833 I ActivityManager: Collecting stacks for native pid 442'}
{'timestamp': 1702276322345, 'level': 'ALL', 'message': '12-11 08:24:43.865 31652  9833 I system_server: libdebuggerd_client: started dumping process 442'}
{'timestamp': 1702276322345, 'level': 'ALL', 'message': '12-11 08:24:43.866   294   294 I tombstoned: registered intercept for pid 442 and type kDebuggerdNativeBacktrace'}
{'timestamp': 1702276322345, 'level': 'ALL', 'message': '12-11 08:24:43.867   442   442 I libc    : Requested dump for tid 442 (mediametrics)'}
{'timestamp': 1702276322345, 'level': 'ALL', 'message': '12-11 08:24:43.890  9880  9880 I crash_dump32: obtaining output fd from tombstoned, type: kDebuggerdNativeBacktrace'}
{'timestamp': 1702276322345, 'level': 'ALL', 'message': '12-11 08:24:43.891   294   294 I tombstoned: received crash request for pid 442'}
{'timestamp': 1702276322345, 'level': 'ALL', 'message': '12-11 08:24:43.892   294   294 I tombstoned: found intercept fd 512 for pid 442 and type kDebuggerdNativeBacktrace'}
{'timestamp': 1702276322345, 'level': 'ALL', 'message': '12-11 08:24:43.893  9880  9880 I crash_dump32: performing dump of process 442 (target tid = 442)'}
{'timestamp': 1702276322345, 'level': 'ALL', 'message': '12-11 08:24:43.903 31652  9833 I system_server: libdebuggerd_client: done dumping process 442'}
{'timestamp': 1702276322345, 'level': 'ALL', 'message': '12-11 08:24:43.909 31652  9833 I ActivityManager: Collecting stacks for native pid 451'}
{'timestamp': 1702276322345, 'level': 'ALL', 'message': '12-11 08:24:43.909 31652  9833 I system_server: libdebuggerd_client: started dumping process 451'}
{'timestamp': 1702276322345, 'level': 'ALL', 'message': '12-11 08:24:43.913   294   294 I tombstoned: registered intercept for pid 451 and type kDebuggerdNativeBacktrace'}
{'timestamp': 1702276322345, 'level': 'ALL', 'message': '12-11 08:24:43.914   294   294 I tombstoned: received crash request for pid 451'}
{'timestamp': 1702276322345, 'level': 'ALL', 'message': '12-11 08:24:43.914   294   294 I tombstoned: found intercept fd 512 for pid 451 and type kDebuggerdNativeBacktrace'}
{'timestamp': 1702276322345, 'level': 'ALL', 'message': '12-11 08:24:43.966 31652  9833 I system_server: libdebuggerd_client: done dumping process 451'}
{'timestamp': 1702276322345, 'level': 'ALL', 'message': '12-11 08:24:43.973 31652  9833 I ActivityManager: Collecting stacks for native pid 456'}
{'timestamp': 1702276322345, 'level': 'ALL', 'message': '12-11 08:24:43.974 31652  9833 I system_server: libdebuggerd_client: started dumping process 456'}
{'timestamp': 1702276322345, 'level': 'ALL', 'message': '12-11 08:24:43.975   294   294 I tombstoned: registered intercept for pid 456 and type kDebuggerdNativeBacktrace'}
{'timestamp': 1702276322345, 'level': 'ALL', 'message': '12-11 08:24:43.977   294   294 I tombstoned: received crash request for pid 456'}
{'timestamp': 1702276322345, 'level': 'ALL', 'message': '12-11 08:24:43.978   294   294 I tombstoned: found intercept fd 512 for pid 456 and type kDebuggerdNativeBacktrace'}
{'timestamp': 1702276322345, 'level': 'ALL', 'message': '12-11 08:24:44.065 31652  9833 I system_server: libdebuggerd_client: done dumping process 456'}
{'timestamp': 1702276322345, 'level': 'ALL', 'message': '12-11 08:24:44.072 31652  9833 I ActivityManager: Collecting stacks for native pid 31508'}
{'timestamp': 1702276322345, 'level': 'ALL', 'message': '12-11 08:24:44.073 31652  9833 I system_server: libdebuggerd_client: started dumping process 31508'}
{'timestamp': 1702276322345, 'level': 'ALL', 'message': '12-11 08:24:44.073   294   294 I tombstoned: registered intercept for pid 31508 and type kDebuggerdNativeBacktrace'}
{'timestamp': 1702276322345, 'level': 'ALL', 'message': '12-11 08:24:44.075 31508 31508 I libc    : Requested dump for tid 31508 (cameraserver)'}
{'timestamp': 1702276322345, 'level': 'ALL', 'message': '12-11 08:24:44.097  9885  9885 I crash_dump32: obtaining output fd from tombstoned, type: kDebuggerdNativeBacktrace'}
{'timestamp': 1702276322345, 'level': 'ALL', 'message': '12-11 08:24:44.097   294   294 I tombstoned: received crash request for pid 31508'}
{'timestamp': 1702276322345, 'level': 'ALL', 'message': '12-11 08:24:44.097   294   294 I tombstoned: found intercept fd 512 for pid 31508 and type kDebuggerdNativeBacktrace'}
{'timestamp': 1702276322345, 'level': 'ALL', 'message': '12-11 08:24:44.097  9885  9885 I crash_dump32: performing dump of process 31508 (target tid = 31508)'}
{'timestamp': 1702276322345, 'level': 'ALL', 'message': '12-11 08:24:44.108 31652  9833 I system_server: libdebuggerd_client: done dumping process 31508'}
{'timestamp': 1702276322345, 'level': 'ALL', 'message': '12-11 08:24:44.116 31652  9833 I ActivityManager: Collecting stacks for native pid 31509'}
{'timestamp': 1702276322345, 'level': 'ALL', 'message': '12-11 08:24:44.117 31652  9833 I system_server: libdebuggerd_client: started dumping process 31509'}
{'timestamp': 1702276322345, 'level': 'ALL', 'message': '12-11 08:24:44.117   294   294 I tombstoned: registered intercept for pid 31509 and type kDebuggerdNativeBacktrace'}
{'timestamp': 1702276322345, 'level': 'ALL', 'message': '12-11 08:24:44.118 31509 31509 I libc    : Requested dump for tid 31509 (mediaserver)'}
{'timestamp': 1702276322345, 'level': 'ALL', 'message': '12-11 08:24:44.141  9890  9890 I crash_dump32: obtaining output fd from tombstoned, type: kDebuggerdNativeBacktrace'}
{'timestamp': 1702276322345, 'level': 'ALL', 'message': '12-11 08:24:44.142   294   294 I tombstoned: received crash request for pid 31509'}
{'timestamp': 1702276322345, 'level': 'ALL', 'message': '12-11 08:24:44.142   294   294 I tombstoned: found intercept fd 512 for pid 31509 and type kDebuggerdNativeBacktrace'}
{'timestamp': 1702276322345, 'level': 'ALL', 'message': '12-11 08:24:44.142  9890  9890 I crash_dump32: performing dump of process 31509 (target tid = 31509)'}
{'timestamp': 1702276322345, 'level': 'ALL', 'message': '12-11 08:24:44.159 31652  9833 I system_server: libdebuggerd_client: done dumping process 31509'}
{'timestamp': 1702276322345, 'level': 'ALL', 'message': '12-11 08:24:44.164 31652  9833 I ActivityManager: Collecting stacks for native pid 31510'}
{'timestamp': 1702276322345, 'level': 'ALL', 'message': '12-11 08:24:44.164 31652  9833 I system_server: libdebuggerd_client: started dumping process 31510'}
{'timestamp': 1702276322345, 'level': 'ALL', 'message': '12-11 08:24:44.165   294   294 I tombstoned: registered intercept for pid 31510 and type kDebuggerdNativeBacktrace'}
{'timestamp': 1702276322345, 'level': 'ALL', 'message': '12-11 08:24:44.173 31510 31510 I libc    : Requested dump for tid 31510 (Binder:31510_3)'}
{'timestamp': 1702276322345, 'level': 'ALL', 'message': '12-11 08:24:44.185 31652 31709 I ActivityTaskManager: START u0 {act=android.intent.action.MAIN cat=[android.intent.category.HOME] flg=0x10000100 cmp=com.google.android.apps.nexuslauncher/.NexusLauncherActivity (has extras)} from uid 0'}
{'timestamp': 1702276322345, 'level': 'ALL', 'message': '12-11 08:24:44.185 31652 31712 D EventSequenceValidator: Transition from INTENT_FAILED to INTENT_STARTED'}
{'timestamp': 1702276322345, 'level': 'ALL', 'message': '12-11 08:24:44.192 31652 31709 W InputReader: Device virtio_input_multi_touch_10 is associated with display ADISPLAY_ID_NONE.'}
{'timestamp': 1702276322345, 'level': 'ALL', 'message': '12-11 08:24:44.192 31652 31709 W InputReader: Device virtio_input_multi_touch_4 is associated with display ADISPLAY_ID_NONE.'}
{'timestamp': 1702276322345, 'level': 'ALL', 'message': '12-11 08:24:44.192 31652 31709 W InputReader: Device virtio_input_multi_touch_11 is associated with display ADISPLAY_ID_NONE.'}
{'timestamp': 1702276322345, 'level': 'ALL', 'message': '12-11 08:24:44.192 31652 31709 W InputReader: Device virtio_input_multi_touch_5 is associated with display ADISPLAY_ID_NONE.'}
{'timestamp': 1702276322345, 'level': 'ALL', 'message': '12-11 08:24:44.192 31652 31709 W InputReader: Device virtio_input_multi_touch_2 is associated with display ADISPLAY_ID_NONE.'}
{'timestamp': 1702276322345, 'level': 'ALL', 'message': '12-11 08:24:44.192 31652 31709 W InputReader: Device virtio_input_multi_touch_9 is associated with display ADISPLAY_ID_NONE.'}
{'timestamp': 1702276322345, 'level': 'ALL', 'message': '12-11 08:24:44.192 31652 31709 W InputReader: Device virtio_input_multi_touch_6 is associated with display ADISPLAY_ID_NONE.'}
{'timestamp': 1702276322345, 'level': 'ALL', 'message': '12-11 08:24:44.192 31652 31709 W InputReader: Device virtio_input_multi_touch_7 is associated with display ADISPLAY_ID_NONE.'}
{'timestamp': 1702276322345, 'level': 'ALL', 'message': '12-11 08:24:44.192 31652 31709 W InputReader: Device virtio_input_multi_touch_3 is associated with display ADISPLAY_ID_NONE.'}
{'timestamp': 1702276322345, 'level': 'ALL', 'message': '12-11 08:24:44.192 31652 31709 W InputReader: Device virtio_input_multi_touch_8 is associated with display ADISPLAY_ID_NONE.'}
{'timestamp': 1702276322345, 'level': 'ALL', 'message': '12-11 08:24:44.192 31652 31709 W InputReader: Device virtio_input_multi_touch_10 is associated with display ADISPLAY_ID_NONE.'}
{'timestamp': 1702276322345, 'level': 'ALL', 'message': '12-11 08:24:44.192 31652 31709 W InputReader: Device virtio_input_multi_touch_4 is associated with display ADISPLAY_ID_NONE.'}
{'timestamp': 1702276322346, 'level': 'ALL', 'message': '12-11 08:24:44.192 31652 31709 W InputReader: Device virtio_input_multi_touch_11 is associated with display ADISPLAY_ID_NONE.'}
{'timestamp': 1702276322346, 'level': 'ALL', 'message': '12-11 08:24:44.192 31652 31709 W InputReader: Device virtio_input_multi_touch_5 is associated with display ADISPLAY_ID_NONE.'}
{'timestamp': 1702276322346, 'level': 'ALL', 'message': '12-11 08:24:44.193 31652 31709 W InputReader: Device virtio_input_multi_touch_2 is associated with display ADISPLAY_ID_NONE.'}
{'timestamp': 1702276322346, 'level': 'ALL', 'message': '12-11 08:24:44.193 31652 31709 W InputReader: Device virtio_input_multi_touch_9 is associated with display ADISPLAY_ID_NONE.'}
{'timestamp': 1702276322346, 'level': 'ALL', 'message': '12-11 08:24:44.194 31652 31709 W InputReader: Device virtio_input_multi_touch_6 is associated with display ADISPLAY_ID_NONE.'}
{'timestamp': 1702276322346, 'level': 'ALL', 'message': '12-11 08:24:44.194 31652 31709 W InputReader: Device virtio_input_multi_touch_7 is associated with display ADISPLAY_ID_NONE.'}
{'timestamp': 1702276322346, 'level': 'ALL', 'message': '12-11 08:24:44.194 31652 31709 W InputReader: Device virtio_input_multi_touch_3 is associated with display ADISPLAY_ID_NONE.'}
{'timestamp': 1702276322346, 'level': 'ALL', 'message': '12-11 08:24:44.194 31652 31709 W InputReader: Device virtio_input_multi_touch_8 is associated with display ADISPLAY_ID_NONE.'}
{'timestamp': 1702276322346, 'level': 'ALL', 'message': '12-11 08:24:44.195   421   421 I perfetto: ing_service_impl.cc:758 Configured tracing session 487, #sources:1, duration:5000 ms, #buffers:1, total buffer size:4096 KB, total sessions:2, uid:1071 session name: ""'}
{'timestamp': 1702276322346, 'level': 'ALL', 'message': '12-11 08:24:44.196   410   410 I perfetto: probes_producer.cc:230  Ftrace setup (target_buf=487)'}
{'timestamp': 1702276322346, 'level': 'ALL', 'message': '12-11 08:24:44.223   320   354 D goldfish-address-space: claimShared: Ask to claim region [0x3f1e81000 0x3f2865000]'}
{'timestamp': 1702276322346, 'level': 'ALL', 'message': '12-11 08:24:44.236 31652 31712 D EventSequenceValidator: Transition from INTENT_STARTED to ACTIVITY_LAUNCHED'}
{'timestamp': 1702276322346, 'level': 'ALL', 'message': '12-11 08:24:44.263  9900  9900 I crash_dump32: obtaining output fd from tombstoned, type: kDebuggerdNativeBacktrace'}
{'timestamp': 1702276322346, 'level': 'ALL', 'message': '12-11 08:24:44.265   294   294 I tombstoned: received crash request for pid 31510'}
{'timestamp': 1702276322346, 'level': 'ALL', 'message': '12-11 08:24:44.266   294   294 I tombstoned: found intercept fd 512 for pid 31510 and type kDebuggerdNativeBacktrace'}
{'timestamp': 1702276322346, 'level': 'ALL', 'message': '12-11 08:24:44.267  9900  9900 I crash_dump32: performing dump of process 31510 (target tid = 31510)'}
{'timestamp': 1702276322346, 'level': 'ALL', 'message': '12-11 08:24:44.273   320   354 D goldfish-address-space: claimShared: Ask to claim region [0x3f5a1c000 0x3f6400000]'}
{'timestamp': 1702276322346, 'level': 'ALL', 'message': '12-11 08:24:44.275   320   320 D goldfish-address-space: claimShared: Ask to claim region [0x3f4000000 0x3f49e4000]'}
{'timestamp': 1702276322346, 'level': 'ALL', 'message': '12-11 08:24:44.301   320   320 D goldfish-address-space: claimShared: Ask to claim region [0x3f49e4000 0x3f53c8000]'}
{'timestamp': 1702276322346, 'level': 'ALL', 'message': '12-11 08:24:44.315 31652  9833 I system_server: libdebuggerd_client: done dumping process 31510'}
{'timestamp': 1702276322346, 'level': 'ALL', 'message': '12-11 08:24:44.330 31652  9833 I ActivityManager: Collecting stacks for native pid 31702'}
{'timestamp': 1702276322346, 'level': 'ALL', 'message': '12-11 08:24:44.331 31652  9833 I system_server: libdebuggerd_client: started dumping process 31702'}
{'timestamp': 1702276322346, 'level': 'ALL', 'message': '12-11 08:24:44.332   294   294 I tombstoned: registered intercept for pid 31702 and type kDebuggerdNativeBacktrace'}
{'timestamp': 1702276322346, 'level': 'ALL', 'message': '12-11 08:24:44.333   320   320 D goldfish-address-space: claimShared: Ask to claim region [0x3f89e4000 0x3f93c8000]'}
{'timestamp': 1702276322346, 'level': 'ALL', 'message': '12-11 08:24:44.335 31702 31702 I libc    : Requested dump for tid 31702 (audioserver)'}
{'timestamp': 1702276322346, 'level': 'ALL', 'message': '12-11 08:24:44.336   320   320 D goldfish-address-space: claimShared: Ask to claim region [0x3f93c8000 0x3f9dac000]'}
{'timestamp': 1702276322346, 'level': 'ALL', 'message': '12-11 08:24:44.346   653   653 I dnpg    : onStart'}
{'timestamp': 1702276322346, 'level': 'ALL', 'message': '12-11 08:24:44.360   653   653 I dnpg    : onResume'}
{'timestamp': 1702276322346, 'level': 'ALL', 'message': '12-11 08:24:44.371 31652  1230 W ActivityManager: Unable to start service Intent { act=android.service.appprediction.AppPredictionService cmp=com.google.android.as/com.google.android.apps.miphone.aiai.app.AiAiPredictionService } U=0: not found'}
{'timestamp': 1702276322346, 'level': 'ALL', 'message': '12-11 08:24:44.372 31652  1230 W RemoteAppPredictionService: could not bind to Intent { act=android.service.appprediction.AppPredictionService cmp=com.google.android.as/com.google.android.apps.miphone.aiai.app.AiAiPredictionService } using flags 67108865'}
{'timestamp': 1702276322346, 'level': 'ALL', 'message': '12-11 08:24:44.391 31652  2862 D HostConnection: HostConnection::get() New Host Connection established 0xed8b35b0, tid 2862'}
{'timestamp': 1702276322346, 'level': 'ALL', 'message': '12-11 08:24:44.395 31652  2862 D HostConnection: HostComposition ext ANDROID_EMU_CHECKSUM_HELPER_v1 ANDROID_EMU_native_sync_v2 ANDROID_EMU_native_sync_v3 ANDROID_EMU_native_sync_v4 ANDROID_EMU_dma_v1 ANDROID_EMU_direct_mem ANDROID_EMU_vulkan ANDROID_EMU_deferred_vulkan_commands ANDROID_EMU_vulkan_null_optional_strings ANDROID_EMU_vulkan_create_resources_with_requirements ANDROID_EMU_YUV_Cache ANDROID_EMU_vulkan_ignored_handles ANDROID_EMU_has_shared_slots_host_memory_allocator ANDROID_EMU_vulkan_free_memory_sync ANDROID_EMU_vulkan_shader_float16_int8 ANDROID_EMU_vulkan_async_queue_submit ANDROID_EMU_sync_buffer_data ANDROID_EMU_vulkan_async_qsri ANDROID_EMU_read_color_buffer_dma GL_OES_vertex_array_object GL_KHR_texture_compression_astc_ldr ANDROID_EMU_host_side_tracing ANDROID_EMU_gles_max_version_2'}
{'timestamp': 1702276322346, 'level': 'ALL', 'message': '12-11 08:24:44.396  9905  9905 I crash_dump32: obtaining output fd from tombstoned, type: kDebuggerdNativeBacktrace'}
{'timestamp': 1702276322346, 'level': 'ALL', 'message': '12-11 08:24:44.396 31652  2862 W OpenGLRenderer: Failed to choose config with EGL_SWAP_BEHAVIOR_PRESERVED, retrying without...'}
{'timestamp': 1702276322346, 'level': 'ALL', 'message': '12-11 08:24:44.397   294   294 I tombstoned: received crash request for pid 31702'}
{'timestamp': 1702276322346, 'level': 'ALL', 'message': '12-11 08:24:44.397   294   294 I tombstoned: found intercept fd 512 for pid 31702 and type kDebuggerdNativeBacktrace'}
{'timestamp': 1702276322346, 'level': 'ALL', 'message': '12-11 08:24:44.399  9905  9905 I crash_dump32: performing dump of process 31702 (target tid = 31702)'}
{'timestamp': 1702276322346, 'level': 'ALL', 'message': '12-11 08:24:44.423 31652  9833 I system_server: libdebuggerd_client: done dumping process 31702'}
{'timestamp': 1702276322346, 'level': 'ALL', 'message': '12-11 08:24:44.427 31652  2862 D EGL_emulation: eglCreateContext: 0xb26563c0: maj 2 min 0 rcv 2'}
{'timestamp': 1702276322346, 'level': 'ALL', 'message': '12-11 08:24:44.433 31652  2862 D EGL_emulation: eglMakeCurrent: 0xb26563c0: ver 2 0 (tinfo 0xaf947b50) (first time)'}
{'timestamp': 1702276322346, 'level': 'ALL', 'message': '12-11 08:24:44.433 31652  9833 I ActivityManager: Collecting stacks for native pid 32106'}
{'timestamp': 1702276322346, 'level': 'ALL', 'message': '12-11 08:24:44.434 31652  9833 I system_server: libdebuggerd_client: started dumping process 32106'}
{'timestamp': 1702276322346, 'level': 'ALL', 'message': '12-11 08:24:44.435   294   294 I tombstoned: registered intercept for pid 32106 and type kDebuggerdNativeBacktrace'}
{'timestamp': 1702276322346, 'level': 'ALL', 'message': '12-11 08:24:44.435 32106 32106 I libc    : Requested dump for tid 32106 (droid.bluetooth)'}
{'timestamp': 1702276322346, 'level': 'ALL', 'message': '12-11 08:24:44.445   320   320 D goldfish-address-space: claimShared: Ask to claim region [0x3f77c8000 0x3f7e1c000]'}
{'timestamp': 1702276322346, 'level': 'ALL', 'message': '12-11 08:24:44.466 31652  2862 E FrameEvents: updateAcquireFence: Did not find frame.'}
{'timestamp': 1702276322346, 'level': 'ALL', 'message': '12-11 08:24:44.469   320   320 D goldfish-address-space: claimShared: Ask to claim region [0x3f9dac000 0x3fa400000]'}
{'timestamp': 1702276322346, 'level': 'ALL', 'message': "12-11 08:24:44.481 31652 31742 D ArtManagerInternalImpl: /data/misc/iorapd/com.google.android.apps.nexuslauncher/821/com.google.android.apps.nexuslauncher.NexusLauncherActivity/compiled_traces/compiled_trace.pb doesn't exist"}
{'timestamp': 1702276322346, 'level': 'ALL', 'message': '12-11 08:24:44.500 31652 31712 D EventSequenceValidator: Transition from ACTIVITY_LAUNCHED to ACTIVITY_FINISHED'}
{'timestamp': 1702276322346, 'level': 'ALL', 'message': '12-11 08:24:44.579  9911  9911 I crash_dump32: obtaining output fd from tombstoned, type: kDebuggerdNativeBacktrace'}
{'timestamp': 1702276322346, 'level': 'ALL', 'message': '12-11 08:24:44.581   294   294 I tombstoned: received crash request for pid 32106'}
{'timestamp': 1702276322346, 'level': 'ALL', 'message': '12-11 08:24:44.581   294   294 I tombstoned: found intercept fd 512 for pid 32106 and type kDebuggerdNativeBacktrace'}
{'timestamp': 1702276322346, 'level': 'ALL', 'message': '12-11 08:24:44.582  9911  9911 I crash_dump32: performing dump of process 32106 (target tid = 32106)'}
{'timestamp': 1702276322346, 'level': 'ALL', 'message': '12-11 08:24:44.916 31652  9833 I system_server: libdebuggerd_client: done dumping process 32106'}
{'timestamp': 1702276322346, 'level': 'ALL', 'message': '12-11 08:24:44.948 31652  9833 I ActivityManager: Done dumping'}
{'timestamp': 1702276322346, 'level': 'ALL', 'message': '12-11 08:24:44.948   410   410 I perfetto: probes_producer.cc:329  Producer stop (id=486)'}
{'timestamp': 1702276322346, 'level': 'ALL', 'message': '12-11 08:24:44.951   421   421 I perfetto: ng_service_impl.cc:1948 Tracing session 486 ended, total sessions:1'}
{'timestamp': 1702276322346, 'level': 'ALL', 'message': '12-11 08:24:44.958 31652  9833 E ActivityManager: ANR in com.android.systemui'}
{'timestamp': 1702276322346, 'level': 'ALL', 'message': '12-11 08:24:44.958 31652  9833 E ActivityManager: PID: 9113'}
{'timestamp': 1702276322346, 'level': 'ALL', 'message': '12-11 08:24:44.958 31652  9833 E ActivityManager: Reason: Input dispatching timed out (6daf539 com.android.systemui.ImageWallpaper (server) is not responding. Waited 5001ms for MotionEvent)'}
{'timestamp': 1702276322346, 'level': 'ALL', 'message': '12-11 08:24:44.958 31652  9833 E ActivityManager: Load: 0.55 / 1.42 / 1.7'}
{'timestamp': 1702276322346, 'level': 'ALL', 'message': '12-11 08:24:44.958 31652  9833 E ActivityManager: ----- Output from /proc/pressure/memory -----'}
{'timestamp': 1702276322346, 'level': 'ALL', 'message': '12-11 08:24:44.958 31652  9833 E ActivityManager: some avg10=0.00 avg60=0.05 avg300=0.71 total=88147428'}
{'timestamp': 1702276322346, 'level': 'ALL', 'message': '12-11 08:24:44.958 31652  9833 E ActivityManager: full avg10=0.00 avg60=0.01 avg300=0.13 total=20706628'}
{'timestamp': 1702276322346, 'level': 'ALL', 'message': '12-11 08:24:44.958 31652  9833 E ActivityManager: ----- End output from /proc/pressure/memory -----'}
{'timestamp': 1702276322346, 'level': 'ALL', 'message': '12-11 08:24:44.958 31652  9833 E ActivityManager:'}
{'timestamp': 1702276322346, 'level': 'ALL', 'message': '12-11 08:24:44.958 31652  9833 E ActivityManager: CPU usage from 167498ms to 0ms ago (2023-12-11 08:21:53.686 to 2023-12-11 08:24:41.184) with 99% awake:'}
{'timestamp': 1702276322346, 'level': 'ALL', 'message': '12-11 08:24:44.958 31652  9833 E ActivityManager:   6.6% 388/surfaceflinger: 0.2% user + 6.3% kernel / faults: 200 minor 23 major'}
{'timestamp': 1702276322346, 'level': 'ALL', 'message': '12-11 08:24:44.958 31652  9833 E ActivityManager:   5.5% 308/android.hardware.bluetooth@1.1-service.sim: 0.4% user + 5.1% kernel'}
{'timestamp': 1702276322346, 'level': 'ALL', 'message': '12-11 08:24:44.958 31652  9833 E ActivityManager:   5.3% 31652/system_server: 1.5% user + 3.8% kernel / faults: 45942 minor 71 major'}
{'timestamp': 1702276322346, 'level': 'ALL', 'message': '12-11 08:24:44.958 31652  9833 E ActivityManager:   2.3% 1912/adbd: 0% user + 2.3% kernel / faults: 3961 minor 8 major'}
{'timestamp': 1702276322346, 'level': 'ALL', 'message': '12-11 08:24:44.958 31652  9833 E ActivityManager:   2.3% 32604/com.google.android.gms.persistent: 0.8% user + 1.4% kernel / faults: 17001 minor 265 major'}
{'timestamp': 1702276322346, 'level': 'ALL', 'message': '12-11 08:24:44.958 31652  9833 E ActivityManager:   1.6% 326/android.hardware.graphics.composer@2.3-service: 0.1% user + 1.4% kernel'}
{'timestamp': 1702276322346, 'level': 'ALL', 'message': '12-11 08:24:44.958 31652  9833 E ActivityManager:   1.1% 32473/com.google.android.apps.nexuslauncher: 0.2% user + 0.8% kernel / faults: 2535 minor 153 major'}
{'timestamp': 1702276322346, 'level': 'ALL', 'message': '12-11 08:24:44.958 31652  9833 E ActivityManager:   1% 358/android.hardware.sensors@2.1-service.multihal: 0% user + 0.9% kernel'}
{'timestamp': 1702276322346, 'level': 'ALL', 'message': '12-11 08:24:44.958 31652  9833 E ActivityManager:   0.7% 653/com.google.android.googlequicksearchbox:search: 0.3% user + 0.4% kernel / faults: 13358 minor 83 major'}
{'timestamp': 1702276322346, 'level': 'ALL', 'message': '12-11 08:24:44.958 31652  9833 E ActivityManager:   0.6% 396/com.google.android.gms: 0.2% user + 0.4% kernel / faults: 9830 minor 7 major'}
{'timestamp': 1702276322346, 'level': 'ALL', 'message': '12-11 08:24:44.958 31652  9833 E ActivityManager:   0.5% 176/logd: 0.1% user + 0.4% kernel / faults: 14 minor 3 major'}
{'timestamp': 1702276322346, 'level': 'ALL', 'message': '12-11 08:24:44.958 31652  9833 E ActivityManager:   0.4% 32106/com.android.bluetooth: 0.1% user + 0.2% kernel / faults: 1080 minor 19 major'}
{'timestamp': 1702276322346, 'level': 'ALL', 'message': '12-11 08:24:44.958 31652  9833 E ActivityManager:   0.1% 95/kswapd0: 0% user + 0.1% kernel'}
{'timestamp': 1702276322346, 'level': 'ALL', 'message': '12-11 08:24:44.958 31652  9833 E ActivityManager:   0.2% 517/com.google.android.googlequicksearchbox:interactor: 0.1% user + 0.1% kernel / faults: 1992 minor 8 major'}
{'timestamp': 1702276322346, 'level': 'ALL', 'message': '12-11 08:24:44.958 31652  9833 E ActivityManager:   0.2% 32351/com.android.phone: 0% user + 0.1% kernel / faults: 598 minor 10 major'}
{'timestamp': 1702276322346, 'level': 'ALL', 'message': '12-11 08:24:44.958 31652  9833 E ActivityManager:   0.2% 31702/audioserver: 0% user + 0.1% kernel / faults: 4 minor'}
{'timestamp': 1702276322346, 'level': 'ALL', 'message': '12-11 08:24:44.958 31652  9833 E ActivityManager:   0.2% 217/jbd2/dm-5-8: 0% user + 0.2% kernel'}
{'timestamp': 1702276322346, 'level': 'ALL', 'message': '12-11 08:24:44.958 31652  9833 E ActivityManager:   0.2% 31703/android.hardware.audio.service.ranchu: 0% user + 0.2% kernel / faults: 6 minor'}
{'timestamp': 1702276322346, 'level': 'ALL', 'message': '12-11 08:24:44.958 31652  9833 E ActivityManager:   0.1% 410/traced_probes: 0% user + 0.1% kernel / faults: 51 minor 6 major'}
{'timestamp': 1702276322346, 'level': 'ALL', 'message': '12-11 08:24:44.958 31652  9833 E ActivityManager:   0.1% 6852/com.google.android.youtube: 0% user + 0.1% kernel / faults: 27 minor'}
{'timestamp': 1702276322346, 'level': 'ALL', 'message': '12-11 08:24:44.958 31652  9833 E ActivityManager:   0.1% 10/rcu_preempt: 0% user + 0.1% kernel'}
{'timestamp': 1702276322346, 'level': 'ALL', 'message': '12-11 08:24:44.958 31652  9833 E ActivityManager:   0.1% 26/ksoftirqd/3: 0% user + 0.1% kernel'}
{'timestamp': 1702276322346, 'level': 'ALL', 'message': '12-11 08:24:44.958 31652  9833 E ActivityManager:   0.1% 16/ksoftirqd/1: 0% user + 0.1% kernel'}
{'timestamp': 1702276322346, 'level': 'ALL', 'message': '12-11 08:24:44.958 31652  9833 E ActivityManager:   0.1% 31510/netd: 0% user + 0% kernel / faults: 134 minor 1 major'}
{'timestamp': 1702276322346, 'level': 'ALL', 'message': '12-11 08:24:44.958 31652  9833 E ActivityManager:   0% 320/android.hardware.graphics.allocator@3.0-service: 0% user + 0% kernel'}
{'timestamp': 1702276322346, 'level': 'ALL', 'message': '12-11 08:24:44.958 31652  9833 E ActivityManager:   0% 392/logcat: 0% user + 0% kernel'}
{'timestamp': 1702276322346, 'level': 'ALL', 'message': '12-11 08:24:44.958 31652  9833 E ActivityManager:   0% 3433/kworker/u8:6-kverityd: 0% user + 0% kernel'}
{'timestamp': 1702276322346, 'level': 'ALL', 'message': '12-11 08:24:44.958 31652  9833 E ActivityManager:   0% 9113/com.android.systemui: 0% user + 0% kernel / faults: 417 minor'}
{'timestamp': 1702276322346, 'level': 'ALL', 'message': '12-11 08:24:44.958 31652  9833 E ActivityManager:   0% 9/ksoftirqd/0: 0% user + 0% kernel'}
{'timestamp': 1702276322346, 'level': 'ALL', 'message': '12-11 08:24:44.958 31652  9833 E ActivityManager:   0% 8308/kworker/0:2-events: 0% user + 0% kernel'}
{'timestamp': 1702276322346, 'level': 'ALL', 'message': '12-11 08:24:44.958 31652  9833 E ActivityManager:   0% 32191/android.hardware.gnss@2.0-service.ranchu: 0% user + 0% kernel / faults: 2 minor 14 major'}
{'timestamp': 1702276322346, 'level': 'ALL', 'message': '12-11 08:24:44.958 31652  9833 E ActivityManager:   0% 21/ksoftirqd/2: 0% user + 0% kernel'}
{'timestamp': 1702276322346, 'level': 'ALL', 'message': '12-11 08:24:44.958 31652  9833 E ActivityManager:   0% 299/statsd: 0% user + 0% kernel / faults: 31 minor'}
{'timestamp': 1702276322346, 'level': 'ALL', 'message': '12-11 08:24:44.958 31652  9833 E ActivityManager:   0% 31114/kworker/u8:2-phy0: 0% user + 0% kernel'}
{'timestamp': 1702276322346, 'level': 'ALL', 'message': '12-11 08:24:44.958 31652  9833 E ActivityManager:   0% 483/dhcpclient: 0% user + 0% kernel'}
{'timestamp': 1702276322346, 'level': 'ALL', 'message': '12-11 08:24:44.958 31652  9833 E ActivityManager:   0% 178/servicemanager: 0% user + 0% kernel / faults: 3 minor'}
{'timestamp': 1702276322346, 'level': 'ALL', 'message': '12-11 08:24:44.958 31652  9833 E ActivityManager:   0% 421/traced: 0% user + 0% kernel / faults: 323 minor 6 major'}
{'timestamp': 1702276322346, 'level': 'ALL', 'message': '12-11 08:24:44.958 31652  9833 E ActivityManager:   0% 32722/com.google.android.inputmethod.latin: 0% user + 0% kernel / faults: 21 minor 3 major'}
{'timestamp': 1702276322346, 'level': 'ALL', 'message': '12-11 08:24:44.958 31652  9833 E ActivityManager:   0% 177/lmkd: 0% user + 0% kernel'}
{'timestamp': 1702276322346, 'level': 'ALL', 'message': '12-11 08:24:44.958 31652  9833 E ActivityManager:   0% 433/iorapd: 0% user + 0% kernel / faults: 154 minor 2 major'}
{'timestamp': 1702276322346, 'level': 'ALL', 'message': '12-11 08:24:44.958 31652  9833 E ActivityManager:   0% 4202/kworker/u9:4-blk_crypto_wq: 0% user + 0% kernel'}
{'timestamp': 1702276322346, 'level': 'ALL', 'message': '12-11 08:24:44.958 31652  9833 E ActivityManager:   0% 30738/kworker/u8:1-kverityd: 0% user + 0% kernel'}
{'timestamp': 1702276322346, 'level': 'ALL', 'message': '12-11 08:24:44.958 31652  9833 E ActivityManager:   0% 8818/logcat: 0% user + 0% kernel'}
{'timestamp': 1702276322346, 'level': 'ALL', 'message': '12-11 08:24:44.958 31652  9833 E ActivityManager:   0% 1/init: 0% user + 0% kernel / faults: 56 minor'}
{'timestamp': 1702276322346, 'level': 'ALL', 'message': '12-11 08:24:44.958 31652  9833 E ActivityManager:   0% 7758/logcat: 0% user + 0% kernel'}
{'timestamp': 1702276322346, 'level': 'ALL', 'message': '12-11 08:24:44.958 31652  9833 E ActivityManager:   0% 8249/logcat: 0% user + 0% kernel'}
{'timestamp': 1702276322346, 'level': 'ALL', 'message': '12-11 08:24:44.958 31652  9833 E ActivityManager:   0% 28663/kworker/u8:0-kverityd: 0% user + 0% kernel'}
{'timestamp': 1702276322346, 'level': 'ALL', 'message': '12-11 08:24:44.958 31652  9833 E ActivityManager:   0% 30234/kworker/u9:1-blk_crypto_wq: 0% user + 0% kernel'}
{'timestamp': 1702276322346, 'level': 'ALL', 'message': '12-11 08:24:44.958 31652  9833 E ActivityManager:   0% 31506/zygote: 0% user + 0% kernel / faults: 491 minor'}
{'timestamp': 1702276322346, 'level': 'ALL', 'message': '12-11 08:24:44.958 31652  9833 E ActivityManager:   0% 148/kworker/2:1H-kblockd: 0% user + 0% kernel'}
{'timestamp': 1702276322346, 'level': 'ALL', 'message': '12-11 08:24:44.958 31652  9833 E ActivityManager:   0% 8422/kworker/u9:0-fscrypt_read_queue: 0% user + 0% kernel'}
{'timestamp': 1702276322346, 'level': 'ALL', 'message': '12-11 08:24:44.958 31652  9833 E ActivityManager:   0% 32243/com.android.networkstack.process: 0% user + 0% kernel / faults: 138 minor 1 major'}
{'timestamp': 1702276322346, 'level': 'ALL', 'message': '12-11 08:24:44.958 31652  9833 E ActivityManager:   0% 128/kworker/3:1H-kblockd: 0% user + 0% kernel'}
{'timestamp': 1702276322346, 'level': 'ALL', 'message': '12-11 08:24:44.959 31652  9833 E ActivityManager:   0% 141/kworker/0:1H-kblockd: 0% user + 0% kernel'}
{'timestamp': 1702276322346, 'level': 'ALL', 'message': '12-11 08:24:44.959 31652  9833 E ActivityManager:   0% 327/com.google.process.gservices: 0% user + 0% kernel / faults: 246 minor 1 major'}
{'timestamp': 1702276322346, 'level': 'ALL', 'message': '12-11 08:24:44.959 31652  9833 E ActivityManager:   0% 1356/com.google.android.ims: 0% user + 0% kernel / faults: 11 minor 1 major'}
{'timestamp': 1702276322346, 'level': 'ALL', 'message': '12-11 08:24:44.959 31652  9833 E ActivityManager:   0% 8436/com.google.android.apps.tachyon: 0% user + 0% kernel / faults: 602 minor'}
{'timestamp': 1702276322346, 'level': 'ALL', 'message': '12-11 08:24:44.959 31652  9833 E ActivityManager:   0% 8698/kworker/3:2-mm_percpu_wq: 0% user + 0% kernel'}
{'timestamp': 1702276322346, 'level': 'ALL', 'message': '12-11 08:24:44.959 31652  9833 E ActivityManager:   0% 20/migration/2: 0% user + 0% kernel'}
{'timestamp': 1702276322346, 'level': 'ALL', 'message': '12-11 08:24:44.959 31652  9833 E ActivityManager:   0% 142/kworker/1:1H-kblockd: 0% user + 0% kernel'}
{'timestamp': 1702276322346, 'level': 'ALL', 'message': '12-11 08:24:44.959 31652  9833 E ActivityManager:   0% 152/ueventd: 0% user + 0% kernel'}
{'timestamp': 1702276322346, 'level': 'ALL', 'message': '12-11 08:24:44.959 31652  9833 E ActivityManager:   0% 445/com.google.android.providers.media.module: 0% user + 0% kernel / faults: 12 minor'}
{'timestamp': 1702276322346, 'level': 'ALL', 'message': '12-11 08:24:44.959 31652  9833 E ActivityManager:   0% 6844/kworker/2:1-cgroup_pidlist_destroy: 0% user + 0% kernel'}
{'timestamp': 1702276322346, 'level': 'ALL', 'message': '12-11 08:24:44.959 31652  9833 E ActivityManager:   0% 7873/com.google.android.documentsui: 0% user + 0% kernel / faults: 29 minor'}
{'timestamp': 1702276322346, 'level': 'ALL', 'message': '12-11 08:24:44.959 31652  9833 E ActivityManager:   0% 8175/kworker/1:0-mm_percpu_wq: 0% user + 0% kernel'}
{'timestamp': 1702276322346, 'level': 'ALL', 'message': '12-11 08:24:44.959 31652  9833 E ActivityManager:   0% 11/migration/0: 0% user + 0% kernel'}
{'timestamp': 1702276322346, 'level': 'ALL', 'message': '12-11 08:24:44.959 31652  9833 E ActivityManager:   0% 15/migration/1: 0% user + 0% kernel'}
{'timestamp': 1702276322346, 'level': 'ALL', 'message': '12-11 08:24:44.959 31652  9833 E ActivityManager:   0% 25/migration/3: 0% user + 0% kernel'}
{'timestamp': 1702276322346, 'level': 'ALL', 'message': '12-11 08:24:44.959 31652  9833 E ActivityManager:   0% 276/loop26: 0% user + 0% kernel'}
{'timestamp': 1702276322346, 'level': 'ALL', 'message': '12-11 08:24:44.959 31652  9833 E ActivityManager:   0% 328/android.hardware.health@2.1-service: 0% user + 0% kernel'}
{'timestamp': 1702276322346, 'level': 'ALL', 'message': '12-11 08:24:44.959 31652  9833 E ActivityManager:   0% 431/installd: 0% user + 0% kernel / faults: 1 minor'}
{'timestamp': 1702276322346, 'level': 'ALL', 'message': '12-11 08:24:44.959 31652  9833 E ActivityManager:   0% 453/libgoldfish-rild: 0% user + 0% kernel / faults: 19 minor 11 major'}
{'timestamp': 1702276322346, 'level': 'ALL', 'message': '12-11 08:24:44.959 31652  9833 E ActivityManager:   0% 466/android.hardware.biometrics.fingerprint@2.1-service: 0% user + 0% kernel'}
{'timestamp': 1702276322346, 'level': 'ALL', 'message': '12-11 08:24:44.959 31652  9833 E ActivityManager:   0% 469/netmgr: 0% user + 0% kernel'}
{'timestamp': 1702276322346, 'level': 'ALL', 'message': '12-11 08:24:44.959 31652  9833 E ActivityManager:   0% 477/wifi_forwarder: 0% user + 0% kernel'}
{'timestamp': 1702276322346, 'level': 'ALL', 'message': '12-11 08:24:44.959 31652  9833 E ActivityManager:   0% 493/hostapd_nohidl: 0% user + 0% kernel'}
{'timestamp': 1702276322346, 'level': 'ALL', 'message': '12-11 08:24:44.959 31652  9833 E ActivityManager:   0% 724/wpa_supplicant: 0% user + 0% kernel'}
{'timestamp': 1702276322346, 'level': 'ALL', 'message': '12-11 08:24:44.959 31652  9833 E ActivityManager:   0% 5910/com.google.android.apps.photos: 0% user + 0% kernel / faults: 6 minor'}
{'timestamp': 1702276322346, 'level': 'ALL', 'message': '12-11 08:24:44.959 31652  9833 E ActivityManager:   0% 31509/mediaserver: 0% user + 0% kernel / faults: 1 minor'}
{'timestamp': 1702276322346, 'level': 'ALL', 'message': '12-11 08:24:44.959 31652  9833 E ActivityManager:  +0% 9264/logcat: 0% user + 0% kernel'}
{'timestamp': 1702276322346, 'level': 'ALL', 'message': '12-11 08:24:44.959 31652  9833 E ActivityManager:  +0% 9415/app_process: 0% user + 0% kernel'}
{'timestamp': 1702276322346, 'level': 'ALL', 'message': '12-11 08:24:44.959 31652  9833 E ActivityManager:  +0% 9430/io.appium.uiautomator2.server: 0% user + 0% kernel'}
{'timestamp': 1702276322346, 'level': 'ALL', 'message': '12-11 08:24:44.959 31652  9833 E ActivityManager:  +0% 9481/com.ajaxsystems: 0% user + 0% kernel'}
{'timestamp': 1702276322346, 'level': 'ALL', 'message': '12-11 08:24:44.959 31652  9833 E ActivityManager:  +0% 9539/kworker/2:0-events_power_efficient: 0% user + 0% kernel'}
{'timestamp': 1702276322346, 'level': 'ALL', 'message': '12-11 08:24:44.959 31652  9833 E ActivityManager:  +0% 9624/apexd: 0% user + 0% kernel'}
{'timestamp': 1702276322346, 'level': 'ALL', 'message': '12-11 08:24:44.959 31652  9833 E ActivityManager:  +0% 9680/com.google.android.gms.unstable: 0% user + 0% kernel'}
{'timestamp': 1702276322346, 'level': 'ALL', 'message': '12-11 08:24:44.959 31652  9833 E ActivityManager: 8.7% TOTAL: 2% user + 6.3% kernel + 0.3% iowait + 0% softirq'}
{'timestamp': 1702276322346, 'level': 'ALL', 'message': '12-11 08:24:44.959 31652  9833 E ActivityManager: CPU usage from 29ms to 408ms later (2023-12-11 08:24:41.213 to 2023-12-11 08:24:41.592):'}
{'timestamp': 1702276322346, 'level': 'ALL', 'message': '12-11 08:24:44.959 31652  9833 E ActivityManager:   16% 31652/system_server: 0% user + 16% kernel / faults: 104 minor'}
{'timestamp': 1702276322346, 'level': 'ALL', 'message': '12-11 08:24:44.959 31652  9833 E ActivityManager:     16% 9833/AnrConsumer: 0% user + 16% kernel'}
{'timestamp': 1702276322346, 'level': 'ALL', 'message': '12-11 08:24:44.959 31652  9833 E ActivityManager:     4% 31963/InputDispatcher: 0% user + 4% kernel'}
{'timestamp': 1702276322346, 'level': 'ALL', 'message': '12-11 08:24:44.959 31652  9833 E ActivityManager:   5.6% 308/android.hardware.bluetooth@1.1-service.sim: 0% user + 5.6% kernel'}
{'timestamp': 1702276322346, 'level': 'ALL', 'message': '12-11 08:24:44.959 31652  9833 E ActivityManager:     5.6% 1221/bluetooth@1.1-s: 0% user + 5.6% kernel'}
{'timestamp': 1702276322346, 'level': 'ALL', 'message': '12-11 08:24:44.959 31652  9833 E ActivityManager:   2.6% 26/ksoftirqd/3: 0% user + 2.6% kernel'}
{'timestamp': 1702276322346, 'level': 'ALL', 'message': '12-11 08:24:44.959 31652  9833 E ActivityManager:   2.8% 388/surfaceflinger: 0% user + 2.8% kernel'}
{'timestamp': 1702276322346, 'level': 'ALL', 'message': '12-11 08:24:44.959 31652  9833 E ActivityManager:     2.8% 388/surfaceflinger: 0% user + 2.8% kernel'}
{'timestamp': 1702276322346, 'level': 'ALL', 'message': '12-11 08:24:44.959 31652  9833 E ActivityManager:     2.8% 415/app: 0% user + 2.8% kernel'}
{'timestamp': 1702276322346, 'level': 'ALL', 'message': '12-11 08:24:44.959 31652  9833 E ActivityManager:   3.2% 1912/adbd: 0% user + 3.2% kernel'}
{'timestamp': 1702276322346, 'level': 'ALL', 'message': '12-11 08:24:44.959 31652  9833 E ActivityManager: 16% TOTAL: 3.5% user + 12% kernel'}
{'timestamp': 1702276322346, 'level': 'ALL', 'message': '12-11 08:24:44.994 31652  9833 D ActivityManager: Completed ANR of com.android.systemui in 3810ms, latency 1ms'}
{'timestamp': 1702276322346, 'level': 'ALL', 'message': '12-11 08:24:45.062 31652 31743 W ActivityManager: Timeout executing service: ServiceRecord{326c007 u0 com.android.systemui/.dump.SystemUIAuxiliaryDumpService}'}
{'timestamp': 1702276322346, 'level': 'ALL', 'message': '12-11 08:24:45.063 31652  9914 I DropBoxManagerService: add tag=system_app_anr isTagEnabled=true flags=0x2'}
{'timestamp': 1702276322346, 'level': 'ALL', 'message': '12-11 08:24:45.063 31652 31743 W ActivityManager: Timeout executing service: ServiceRecord{326c007 u0 com.android.systemui/.dump.SystemUIAuxiliaryDumpService}'}
{'timestamp': 1702276322346, 'level': 'ALL', 'message': '12-11 08:24:45.071 31652  9915 I ActivityManager: Skipping duplicate ANR: ProcessRecord{2b4b2c8 9113:com.android.systemui/u0a144} executing service com.android.systemui/.dump.SystemUIAuxiliaryDumpService'}
{'timestamp': 1702276322346, 'level': 'ALL', 'message': '12-11 08:24:45.071 31652  9915 D ActivityManager: Completed ANR of com.android.systemui in 1ms, latency 7ms'}
{'timestamp': 1702276322346, 'level': 'ALL', 'message': '12-11 08:24:45.079 31652  9915 I ActivityManager: Skipping duplicate ANR: ProcessRecord{2b4b2c8 9113:com.android.systemui/u0a144} executing service com.android.systemui/.dump.SystemUIAuxiliaryDumpService'}
{'timestamp': 1702276322346, 'level': 'ALL', 'message': '12-11 08:24:45.079 31652  9915 D ActivityManager: Completed ANR of com.android.systemui in 7ms, latency 7ms'}
{'timestamp': 1702276322346, 'level': 'ALL', 'message': '12-11 08:24:45.119 31652 31743 W BroadcastQueue: Background execution not allowed: receiving Intent { act=android.intent.action.DROPBOX_ENTRY_ADDED flg=0x10 (has extras) } to com.google.android.gms/.stats.service.DropBoxEntryAddedReceiver'}
{'timestamp': 1702276322346, 'level': 'ALL', 'message': '12-11 08:24:45.119   320   320 D goldfish-address-space: claimShared: Ask to claim region [0x3f0654000 0x3f096e000]'}
{'timestamp': 1702276322346, 'level': 'ALL', 'message': '12-11 08:24:45.119 31652 31743 W BroadcastQueue: Background execution not allowed: receiving Intent { act=android.intent.action.DROPBOX_ENTRY_ADDED flg=0x10 (has extras) } to com.google.android.gms/.chimera.GmsIntentOperationService$PersistentTrustedReceiver'}
{'timestamp': 1702276322346, 'level': 'ALL', 'message': '12-11 08:24:45.185   320   320 D goldfish-address-space: claimShared: Ask to claim region [0x3f3895000 0x3f3baf000]'}
{'timestamp': 1702276322347, 'level': 'ALL', 'message': '12-11 08:24:45.196   320   354 D goldfish-address-space: claimShared: Ask to claim region [0x3f9dac000 0x3fa0c6000]'}
{'timestamp': 1702276322347, 'level': 'ALL', 'message': '12-11 08:24:45.293  9481  9481 E LOCK_APP: Cannot find account'}
{'timestamp': 1702276322347, 'level': 'ALL', 'message': '12-11 08:24:45.324 31652 31709 W Looper  : Slow dispatch took 252ms android.ui h=android.view.Choreographer$FrameHandler c=android.view.Choreographer$FrameDisplayEventReceiver@3044f7 m=0'}
{'timestamp': 1702276322347, 'level': 'ALL', 'message': '12-11 08:24:45.333 31652 31709 W Looper  : Slow delivery took 271ms android.ui h=com.android.server.wm.DisplayPolicy$PolicyHandler c=com.android.server.wm.-$$Lambda$DisplayPolicy$HbdRZfPpJ53Wnk7_Ueb0ycyz_AQ@952fb55 m=0'}
{'timestamp': 1702276322347, 'level': 'ALL', 'message': '12-11 08:24:45.399 31652 31709 W Looper  : Drained'}
{'timestamp': 1702276322347, 'level': 'ALL', 'message': '12-11 08:24:45.515 32722 32763 I PeriodicStatsRunner: PeriodicStatsRunner.call():180 call()'}
{'timestamp': 1702276322347, 'level': 'ALL', 'message': '12-11 08:24:45.515 32722 32763 I PeriodicStatsRunner: PeriodicStatsRunner.call():184 No submit PeriodicStats since input started.'}
{'timestamp': 1702276322347, 'level': 'ALL', 'message': '12-11 08:24:46.227  9481  9806 I FA      : Application backgrounded at: timestamp_millis: 1702275884221'}
{'timestamp': 1702276322347, 'level': 'ALL', 'message': '12-11 08:24:48.714 32722 32763 I PeriodicStatsRunner: PeriodicStatsRunner.call():180 call()'}
{'timestamp': 1702276322347, 'level': 'ALL', 'message': '12-11 08:24:48.715 32722 32763 I PeriodicStatsRunner: PeriodicStatsRunner.call():184 No submit PeriodicStats since input started.'}
{'timestamp': 1702276322347, 'level': 'ALL', 'message': '12-11 08:24:49.201   410   410 I perfetto: probes_producer.cc:329  Producer stop (id=487)'}
{'timestamp': 1702276322347, 'level': 'ALL', 'message': '12-11 08:24:49.205   410   410 I perfetto: ftrace_procfs.cc:183    disabled ftrace'}
{'timestamp': 1702276322347, 'level': 'ALL', 'message': '12-11 08:24:49.209   421   421 I perfetto: ng_service_impl.cc:1948 Tracing session 487 ended, total sessions:0'}
{'timestamp': 1702276322347, 'level': 'ALL', 'message': '12-11 08:24:49.527 32722 32763 I PeriodicStatsRunner: PeriodicStatsRunner.call():180 call()'}
{'timestamp': 1702276322347, 'level': 'ALL', 'message': '12-11 08:24:49.527 32722 32763 I PeriodicStatsRunner: PeriodicStatsRunner.call():184 No submit PeriodicStats since input started.'}
{'timestamp': 1702276322347, 'level': 'ALL', 'message': '12-11 08:24:50.039 31652  1225 I system_server: oneway function results will be dropped but finished with status OK and parcel size 4'}
{'timestamp': 1702276322347, 'level': 'ALL', 'message': '12-11 08:24:50.046 31652  1225 I system_server: oneway function results will be dropped but finished with status OK and parcel size 4'}
{'timestamp': 1702276322347, 'level': 'ALL', 'message': '12-11 08:24:50.052 31652  2862 D OpenGLRenderer: endAllActiveAnimators on 0xe769e230 (RippleDrawable) with handle 0xaff0e970'}
{'timestamp': 1702276322347, 'level': 'ALL', 'message': '12-11 08:24:50.068 31652 31709 I ActivityManager: Killing 9113:com.android.systemui/u0a144 (adj -800): user request after error'}
{'timestamp': 1702276322347, 'level': 'ALL', 'message': "12-11 08:24:50.101 31652 31963 W InputDispatcher: channel '6daf539 com.android.systemui.ImageWallpaper (server)' ~ Consumer closed input channel or an error occurred.  events=0xd"}
{'timestamp': 1702276322347, 'level': 'ALL', 'message': "12-11 08:24:50.102 31652 31963 E InputDispatcher: channel '6daf539 com.android.systemui.ImageWallpaper (server)' ~ Channel is unrecoverably broken and will be disposed!"}
{'timestamp': 1702276322347, 'level': 'ALL', 'message': '12-11 08:24:50.102   456   983 D BufferPoolAccessor2.0: bufferpool2 0xf2745da8 : 0(0 size) total buffers - 0(0 size) used buffers - 14/16 (recycle/alloc) - 2/15 (fetch/transfer)'}
{'timestamp': 1702276322347, 'level': 'ALL', 'message': '12-11 08:24:50.102   456   983 D BufferPoolAccessor2.0: Destruction - bufferpool2 0xf2745da8 cached: 0/0M, 0/0% in use; allocs: 16, 88% recycled; transfers: 15, 87% unfetched'}
{'timestamp': 1702276322347, 'level': 'ALL', 'message': "12-11 08:24:50.102 31652 31963 W InputDispatcher: channel '2316aa0 ScreenDecorOverlay (server)' ~ Consumer closed input channel or an error occurred.  events=0x9"}
{'timestamp': 1702276322347, 'level': 'ALL', 'message': "12-11 08:24:50.103 31652 31963 E InputDispatcher: channel '2316aa0 ScreenDecorOverlay (server)' ~ Channel is unrecoverably broken and will be disposed!"}
{'timestamp': 1702276322347, 'level': 'ALL', 'message': '12-11 08:24:50.106   456 13665 D BufferPoolAccessor2.0: bufferpool2 0xf2743878 : 0(0 size) total buffers - 0(0 size) used buffers - 6/7 (recycle/alloc) - 1/6 (fetch/transfer)'}
{'timestamp': 1702276322347, 'level': 'ALL', 'message': '12-11 08:24:50.106   456 13665 D BufferPoolAccessor2.0: Destruction - bufferpool2 0xf2743878 cached: 0/0M, 0/0% in use; allocs: 7, 86% recycled; transfers: 6, 83% unfetched'}
{'timestamp': 1702276322347, 'level': 'ALL', 'message': '12-11 08:24:50.106   456 13665 D BufferPoolAccessor2.0: bufferpool2 0xf2740bd8 : 0(0 size) total buffers - 0(0 size) used buffers - 13/17 (recycle/alloc) - 4/16 (fetch/transfer)'}
{'timestamp': 1702276322347, 'level': 'ALL', 'message': '12-11 08:24:50.106   456 13665 D BufferPoolAccessor2.0: Destruction - bufferpool2 0xf2740bd8 cached: 0/0M, 0/0% in use; allocs: 17, 76% recycled; transfers: 16, 75% unfetched'}
{'timestamp': 1702276322347, 'level': 'ALL', 'message': '12-11 08:24:50.109 31652  1225 W WindowManager: Failed to deliver inset state change w=Window{2316aa0 u0 ScreenDecorOverlay}'}
{'timestamp': 1702276322347, 'level': 'ALL', 'message': '12-11 08:24:50.109 31652  1225 W WindowManager: android.os.DeadObjectException'}
{'timestamp': 1702276322347, 'level': 'ALL', 'message': '12-11 08:24:50.109 31652  1225 W WindowManager: \tat android.os.BinderProxy.transactNative(Native Method)'}
{'timestamp': 1702276322347, 'level': 'ALL', 'message': '12-11 08:24:50.109 31652  1225 W WindowManager: \tat android.os.BinderProxy.transact(BinderProxy.java:540)'}
{'timestamp': 1702276322347, 'level': 'ALL', 'message': '12-11 08:24:50.109 31652  1225 W WindowManager: \tat android.view.IWindow$Stub$Proxy.insetsChanged(IWindow.java:739)'}
{'timestamp': 1702276322347, 'level': 'ALL', 'message': '12-11 08:24:50.109 31652  1225 W WindowManager: \tat com.android.server.wm.WindowState.notifyInsetsChanged(WindowState.java:3654)'}
{'timestamp': 1702276322347, 'level': 'ALL', 'message': '12-11 08:24:50.109 31652  1225 W WindowManager: \tat com.android.server.wm.InsetsStateController.lambda$new$0(InsetsStateController.java:75)'}
{'timestamp': 1702276322347, 'level': 'ALL', 'message': '12-11 08:24:50.109 31652  1225 W WindowManager: \tat com.android.server.wm.-$$Lambda$InsetsStateController$sIYEJIR4ztgffCLMi5Z1RvdxyYs.accept(Unknown Source:2)'}
{'timestamp': 1702276322347, 'level': 'ALL', 'message': '12-11 08:24:50.109 31652  1225 W WindowManager: \tat com.android.server.wm.WindowContainer$ForAllWindowsConsumerWrapper.apply(WindowContainer.java:1984)'}
{'timestamp': 1702276322347, 'level': 'ALL', 'message': '12-11 08:24:50.109 31652  1225 W WindowManager: \tat com.android.server.wm.WindowContainer$ForAllWindowsConsumerWrapper.apply(WindowContainer.java:1974)'}
{'timestamp': 1702276322347, 'level': 'ALL', 'message': '12-11 08:24:50.109 31652  1225 W WindowManager: \tat com.android.server.wm.WindowState.applyInOrderWithImeWindows(WindowState.java:4642)'}
{'timestamp': 1702276322347, 'level': 'ALL', 'message': '12-11 08:24:50.109 31652  1225 W WindowManager: \tat com.android.server.wm.WindowState.forAllWindows(WindowState.java:4541)'}
{'timestamp': 1702276322347, 'level': 'ALL', 'message': '12-11 08:24:50.109 31652  1225 W WindowManager: \tat com.android.server.wm.WindowContainer.forAllWindows(WindowContainer.java:1302)'}
{'timestamp': 1702276322347, 'level': 'ALL', 'message': '12-11 08:24:50.109 31652  1225 W WindowManager: \tat com.android.server.wm.WindowContainer.forAllWindows(WindowContainer.java:1302)'}
{'timestamp': 1702276322347, 'level': 'ALL', 'message': '12-11 08:24:50.109 31652  1225 W WindowManager: \tat com.android.server.wm.WindowContainer.forAllWindows(WindowContainer.java:1302)'}
{'timestamp': 1702276322347, 'level': 'ALL', 'message': '12-11 08:24:50.109 31652  1225 W WindowManager: \tat com.android.server.wm.WindowContainer.forAllWindows(WindowContainer.java:1302)'}
{'timestamp': 1702276322347, 'level': 'ALL', 'message': '12-11 08:24:50.109 31652  1225 W WindowManager: \tat com.android.server.wm.WindowContainer.forAllWindows(WindowContainer.java:1302)'}
{'timestamp': 1702276322347, 'level': 'ALL', 'message': '12-11 08:24:50.109 31652  1225 W WindowManager: \tat com.android.server.wm.WindowContainer.forAllWindows(WindowContainer.java:1319)'}
{'timestamp': 1702276322347, 'level': 'ALL', 'message': '12-11 08:24:50.109 31652  1225 W WindowManager: \tat com.android.server.wm.InsetsStateController.notifyInsetsChanged(InsetsStateController.java:452)'}
{'timestamp': 1702276322347, 'level': 'ALL', 'message': '12-11 08:24:50.109 31652  1225 W WindowManager: \tat com.android.server.wm.InsetsStateController.onInsetsModified(InsetsStateController.java:282)'}
{'timestamp': 1702276322347, 'level': 'ALL', 'message': '12-11 08:24:50.109 31652  1225 W WindowManager: \tat com.android.server.wm.InsetsPolicy.onInsetsModified(InsetsPolicy.java:208)'}
{'timestamp': 1702276322347, 'level': 'ALL', 'message': '12-11 08:24:50.109 31652  1225 W WindowManager: \tat com.android.server.wm.Session.insetsModified(Session.java:506)'}
{'timestamp': 1702276322347, 'level': 'ALL', 'message': '12-11 08:24:50.109 31652  1225 W WindowManager: \tat android.view.IWindowSession$Stub.onTransact(IWindowSession.java:1367)'}
{'timestamp': 1702276322347, 'level': 'ALL', 'message': '12-11 08:24:50.109 31652  1225 W WindowManager: \tat com.android.server.wm.Session.onTransact(Session.java:139)'}
{'timestamp': 1702276322347, 'level': 'ALL', 'message': '12-11 08:24:50.109 31652  1225 W WindowManager: \tat android.os.Binder.execTransactInternal(Binder.java:1159)'}
{'timestamp': 1702276322347, 'level': 'ALL', 'message': '12-11 08:24:50.109 31652  1225 W WindowManager: \tat android.os.Binder.execTransact(Binder.java:1123)'}
{'timestamp': 1702276322347, 'level': 'ALL', 'message': '12-11 08:24:50.121 31506 31506 I Zygote  : Process 9113 exited due to signal 9 (Killed)'}
{'timestamp': 1702276322347, 'level': 'ALL', 'message': '12-11 08:24:50.122 31652  1225 W WindowManager: Failed to deliver inset state change w=Window{6daf539 u0 com.android.systemui.ImageWallpaper}'}
{'timestamp': 1702276322347, 'level': 'ALL', 'message': '12-11 08:24:50.122 31652  1225 W WindowManager: android.os.DeadObjectException'}
{'timestamp': 1702276322347, 'level': 'ALL', 'message': '12-11 08:24:50.122 31652  1225 W WindowManager: \tat android.os.BinderProxy.transactNative(Native Method)'}
{'timestamp': 1702276322347, 'level': 'ALL', 'message': '12-11 08:24:50.122 31652  1225 W WindowManager: \tat android.os.BinderProxy.transact(BinderProxy.java:540)'}
{'timestamp': 1702276322347, 'level': 'ALL', 'message': '12-11 08:24:50.122 31652  1225 W WindowManager: \tat android.view.IWindow$Stub$Proxy.insetsChanged(IWindow.java:739)'}
{'timestamp': 1702276322347, 'level': 'ALL', 'message': '12-11 08:24:50.122 31652  1225 W WindowManager: \tat com.android.server.wm.WindowState.notifyInsetsChanged(WindowState.java:3654)'}
{'timestamp': 1702276322347, 'level': 'ALL', 'message': '12-11 08:24:50.122 31652  1225 W WindowManager: \tat com.android.server.wm.InsetsStateController.lambda$new$0(InsetsStateController.java:75)'}
{'timestamp': 1702276322347, 'level': 'ALL', 'message': '12-11 08:24:50.122 31652  1225 W WindowManager: \tat com.android.server.wm.-$$Lambda$InsetsStateController$sIYEJIR4ztgffCLMi5Z1RvdxyYs.accept(Unknown Source:2)'}
{'timestamp': 1702276322347, 'level': 'ALL', 'message': '12-11 08:24:50.122 31652  1225 W WindowManager: \tat com.android.server.wm.WindowContainer$ForAllWindowsConsumerWrapper.apply(WindowContainer.java:1984)'}
{'timestamp': 1702276322347, 'level': 'ALL', 'message': '12-11 08:24:50.122 31652  1225 W WindowManager: \tat com.android.server.wm.WindowContainer$ForAllWindowsConsumerWrapper.apply(WindowContainer.java:1974)'}
{'timestamp': 1702276322347, 'level': 'ALL', 'message': '12-11 08:24:50.122 31652  1225 W WindowManager: \tat com.android.server.wm.WindowState.applyInOrderWithImeWindows(WindowState.java:4642)'}
{'timestamp': 1702276322347, 'level': 'ALL', 'message': '12-11 08:24:50.122 31652  1225 W WindowManager: \tat com.android.server.wm.WindowState.forAllWindows(WindowState.java:4541)'}
{'timestamp': 1702276322347, 'level': 'ALL', 'message': '12-11 08:24:50.122 31652  1225 W WindowManager: \tat com.android.server.wm.WindowContainer.forAllWindows(WindowContainer.java:1302)'}
{'timestamp': 1702276322347, 'level': 'ALL', 'message': '12-11 08:24:50.122 31652  1225 W WindowManager: \tat com.android.server.wm.WindowContainer.forAllWindows(WindowContainer.java:1302)'}
{'timestamp': 1702276322347, 'level': 'ALL', 'message': '12-11 08:24:50.122 31652  1225 W WindowManager: \tat com.android.server.wm.WindowContainer.forAllWindows(WindowContainer.java:1302)'}
{'timestamp': 1702276322347, 'level': 'ALL', 'message': '12-11 08:24:50.122 31652  1225 W WindowManager: \tat com.android.server.wm.WindowContainer.forAllWindows(WindowContainer.java:1302)'}
{'timestamp': 1702276322347, 'level': 'ALL', 'message': '12-11 08:24:50.122 31652  1225 W WindowManager: \tat com.android.server.wm.WindowContainer.forAllWindows(WindowContainer.java:1302)'}
{'timestamp': 1702276322347, 'level': 'ALL', 'message': '12-11 08:24:50.122 31652  1225 W WindowManager: \tat com.android.server.wm.WindowContainer.forAllWindows(WindowContainer.java:1319)'}
{'timestamp': 1702276322347, 'level': 'ALL', 'message': '12-11 08:24:50.122 31652  1225 W WindowManager: \tat com.android.server.wm.InsetsStateController.notifyInsetsChanged(InsetsStateController.java:452)'}
{'timestamp': 1702276322347, 'level': 'ALL', 'message': '12-11 08:24:50.122 31652  1225 W WindowManager: \tat com.android.server.wm.InsetsStateController.onInsetsModified(InsetsStateController.java:282)'}
{'timestamp': 1702276322347, 'level': 'ALL', 'message': '12-11 08:24:50.122 31652  1225 W WindowManager: \tat com.android.server.wm.InsetsPolicy.onInsetsModified(InsetsPolicy.java:208)'}
{'timestamp': 1702276322347, 'level': 'ALL', 'message': '12-11 08:24:50.122 31652  1225 W WindowManager: \tat com.android.server.wm.Session.insetsModified(Session.java:506)'}
{'timestamp': 1702276322347, 'level': 'ALL', 'message': '12-11 08:24:50.122 31652  1225 W WindowManager: \tat android.view.IWindowSession$Stub.onTransact(IWindowSession.java:1367)'}
{'timestamp': 1702276322347, 'level': 'ALL', 'message': '12-11 08:24:50.122 31652  1225 W WindowManager: \tat com.android.server.wm.Session.onTransact(Session.java:139)'}
{'timestamp': 1702276322347, 'level': 'ALL', 'message': '12-11 08:24:50.122 31652  1225 W WindowManager: \tat android.os.Binder.execTransactInternal(Binder.java:1159)'}
{'timestamp': 1702276322347, 'level': 'ALL', 'message': '12-11 08:24:50.122 31652  1225 W WindowManager: \tat android.os.Binder.execTransact(Binder.java:1123)'}
{'timestamp': 1702276322347, 'level': 'ALL', 'message': '12-11 08:24:50.124 31652 31748 I libprocessgroup: Successfully killed process cgroup uid 10144 pid 9113 in 52ms'}
{'timestamp': 1702276322347, 'level': 'ALL', 'message': '12-11 08:24:50.129 31652  1225 W WindowManager: Failed to deliver inset state change'}
{'timestamp': 1702276322347, 'level': 'ALL', 'message': '12-11 08:24:50.129 31652  1225 W WindowManager: android.os.DeadObjectException'}
{'timestamp': 1702276322347, 'level': 'ALL', 'message': '12-11 08:24:50.129 31652  1225 W WindowManager: \tat android.os.BinderProxy.transactNative(Native Method)'}
{'timestamp': 1702276322347, 'level': 'ALL', 'message': '12-11 08:24:50.129 31652  1225 W WindowManager: \tat android.os.BinderProxy.transact(BinderProxy.java:540)'}
{'timestamp': 1702276322347, 'level': 'ALL', 'message': '12-11 08:24:50.129 31652  1225 W WindowManager: \tat android.view.IDisplayWindowInsetsController$Stub$Proxy.insetsChanged(IDisplayWindowInsetsController.java:198)'}
{'timestamp': 1702276322347, 'level': 'ALL', 'message': '12-11 08:24:50.129 31652  1225 W WindowManager: \tat com.android.server.wm.DisplayContent$RemoteInsetsControlTarget.notifyInsetsChanged(DisplayContent.java:5767)'}
{'timestamp': 1702276322347, 'level': 'ALL', 'message': '12-11 08:24:50.129 31652  1225 W WindowManager: \tat com.android.server.wm.InsetsStateController.notifyInsetsChanged(InsetsStateController.java:454)'}
{'timestamp': 1702276322347, 'level': 'ALL', 'message': '12-11 08:24:50.129 31652  1225 W WindowManager: \tat com.android.server.wm.InsetsStateController.onInsetsModified(InsetsStateController.java:282)'}
{'timestamp': 1702276322347, 'level': 'ALL', 'message': '12-11 08:24:50.129 31652  1225 W WindowManager: \tat com.android.server.wm.InsetsPolicy.onInsetsModified(InsetsPolicy.java:208)'}
{'timestamp': 1702276322347, 'level': 'ALL', 'message': '12-11 08:24:50.129 31652  1225 W WindowManager: \tat com.android.server.wm.Session.insetsModified(Session.java:506)'}
{'timestamp': 1702276322347, 'level': 'ALL', 'message': '12-11 08:24:50.129 31652  1225 W WindowManager: \tat android.view.IWindowSession$Stub.onTransact(IWindowSession.java:1367)'}
{'timestamp': 1702276322347, 'level': 'ALL', 'message': '12-11 08:24:50.129 31652  1225 W WindowManager: \tat com.android.server.wm.Session.onTransact(Session.java:139)'}
{'timestamp': 1702276322347, 'level': 'ALL', 'message': '12-11 08:24:50.129 31652  1225 W WindowManager: \tat android.os.Binder.execTransactInternal(Binder.java:1159)'}
{'timestamp': 1702276322347, 'level': 'ALL', 'message': '12-11 08:24:50.129 31652  1225 W WindowManager: \tat android.os.Binder.execTransact(Binder.java:1123)'}
{'timestamp': 1702276322347, 'level': 'ALL', 'message': '12-11 08:24:50.179 31652  1219 I system_server: oneway function results will be dropped but finished with status OK and parcel size 4'}
{'timestamp': 1702276322347, 'level': 'ALL', 'message': '12-11 08:24:50.314 31652   995 D ConnectivityService: ConnectivityService NetworkRequestInfo binderDied(NetworkRequest [ LISTEN id=88, [ AdministratorUids: [] RequestorUid: 10144 RequestorPackageName: com.android.systemui] ], android.os.BinderProxy@ae1e030)'}
{'timestamp': 1702276322347, 'level': 'ALL', 'message': '12-11 08:24:50.320 31652 31666 I WindowManager: WIN DEATH: Window{7a29d86 u0 AssistPreviewPanel}'}
{'timestamp': 1702276322347, 'level': 'ALL', 'message': "12-11 08:24:50.320 31652 31666 W InputDispatcher: Attempted to unregister already unregistered input channel '7a29d86 AssistPreviewPanel (server)'"}
{'timestamp': 1702276322347, 'level': 'ALL', 'message': '12-11 08:24:50.328 31652  1218 D NotificationListeners: Removing active service ComponentInfo{com.android.systemui/com.android.systemui.statusbar.NotificationListener}'}
{'timestamp': 1702276322347, 'level': 'ALL', 'message': '12-11 08:24:50.328 31652  1218 E BiometricService: Enabled callback binder died'}
{'timestamp': 1702276322347, 'level': 'ALL', 'message': '12-11 08:24:50.329 31652  1218 E FingerprintService: Lockout reset callback binder died'}
{'timestamp': 1702276322347, 'level': 'ALL', 'message': '12-11 08:24:50.330 31652   495 I StatusBarManagerService: binder died for pkg=com.android.systemui'}
{'timestamp': 1702276322347, 'level': 'ALL', 'message': '12-11 08:24:50.330 31652 31652 W WallpaperManagerService: Wallpaper service gone: ComponentInfo{com.android.systemui/com.android.systemui.ImageWallpaper}'}
{'timestamp': 1702276322347, 'level': 'ALL', 'message': '12-11 08:24:50.330 31652 31652 W WallpaperManagerService: Wallpaper service gone: ComponentInfo{com.android.systemui/com.android.systemui.ImageWallpaper}'}
{'timestamp': 1702276322347, 'level': 'ALL', 'message': '12-11 08:24:50.331 31652   826 D ConnectivityService: ConnectivityService NetworkRequestInfo binderDied(NetworkRequest [ TRACK_DEFAULT id=87, [ Capabilities: INTERNET&NOT_RESTRICTED&TRUSTED Uid: 10144 AdministratorUids: [] RequestorUid: 10144 RequestorPackageName: com.android.systemui] ], android.os.BinderProxy@ebccf5c)'}
{'timestamp': 1702276322347, 'level': 'ALL', 'message': '12-11 08:24:50.333 31652 32485 I ActivityManager: Process com.android.systemui (pid 9113) has died: pers PER'}
{'timestamp': 1702276322347, 'level': 'ALL', 'message': '12-11 08:24:50.335 31652 31748 I libprocessgroup: Successfully killed process cgroup uid 10144 pid 9113 in 0ms'}
{'timestamp': 1702276322347, 'level': 'ALL', 'message': '12-11 08:24:50.335 31652 31995 D ConnectivityService: releasing NetworkRequest [ TRACK_DEFAULT id=87, [ Capabilities: INTERNET&NOT_RESTRICTED&TRUSTED Uid: 10144 AdministratorUids: [] RequestorUid: 10144 RequestorPackageName: com.android.systemui] ] (release request)'}
{'timestamp': 1702276322347, 'level': 'ALL', 'message': '12-11 08:24:50.342 31652 32599 I WindowManager: WIN DEATH: Window{6f277d3 u0 StatusBar}'}
{'timestamp': 1702276322347, 'level': 'ALL', 'message': "12-11 08:24:50.343 31652 32599 W InputDispatcher: Attempted to unregister already unregistered input channel '6f277d3 StatusBar (server)'"}
{'timestamp': 1702276322347, 'level': 'ALL', 'message': '12-11 08:24:50.346 31652   991 D ConnectivityService: ConnectivityService NetworkRequestInfo binderDied(NetworkRequest [ LISTEN id=85, [ Transports: WIFI Capabilities: NOT_VPN AdministratorUids: [] RequestorUid: 10144 RequestorPackageName: com.android.systemui] ], android.os.BinderProxy@ff58548)'}
{'timestamp': 1702276322347, 'level': 'ALL', 'message': "12-11 08:24:50.348 31652 32599 W WindowManager: Failed to report 'resized' to Window{6daf539 u0 com.android.systemui.ImageWallpaper} due to android.os.DeadObjectException"}
{'timestamp': 1702276322347, 'level': 'ALL', 'message': "12-11 08:24:50.352 31652 32599 W WindowManager: Failed to report 'resized' to Window{2316aa0 u0 ScreenDecorOverlay} due to android.os.DeadObjectException"}
{'timestamp': 1702276322347, 'level': 'ALL', 'message': '12-11 08:24:50.354 31652  1224 W AS.AudioService: Current remote volume controller died, unregistering'}
{'timestamp': 1702276322347, 'level': 'ALL', 'message': '12-11 08:24:50.355 31652  1224 W VolumeController: Error calling dismiss'}
{'timestamp': 1702276322347, 'level': 'ALL', 'message': '12-11 08:24:50.355 31652  1224 W VolumeController: android.os.DeadObjectException'}
{'timestamp': 1702276322347, 'level': 'ALL', 'message': '12-11 08:24:50.355 31652  1224 W VolumeController: \tat android.os.BinderProxy.transactNative(Native Method)'}
{'timestamp': 1702276322347, 'level': 'ALL', 'message': '12-11 08:24:50.355 31652  1224 W VolumeController: \tat android.os.BinderProxy.transact(BinderProxy.java:540)'}
{'timestamp': 1702276322347, 'level': 'ALL', 'message': '12-11 08:24:50.355 31652  1224 W VolumeController: \tat android.media.IVolumeController$Stub$Proxy.dismiss(IVolumeController.java:260)'}
{'timestamp': 1702276322347, 'level': 'ALL', 'message': '12-11 08:24:50.355 31652  1224 W VolumeController: \tat com.android.server.audio.AudioService$VolumeController.postDismiss(AudioService.java:7743)'}
{'timestamp': 1702276322347, 'level': 'ALL', 'message': '12-11 08:24:50.355 31652  1224 W VolumeController: \tat com.android.server.audio.AudioService.setVolumeController(AudioService.java:7569)'}
{'timestamp': 1702276322347, 'level': 'ALL', 'message': '12-11 08:24:50.355 31652  1224 W VolumeController: \tat com.android.server.audio.AudioService$4.binderDied(AudioService.java:7578)'}
{'timestamp': 1702276322347, 'level': 'ALL', 'message': '12-11 08:24:50.355 31652  1224 W VolumeController: \tat android.os.IBinder$DeathRecipient.binderDied(IBinder.java:305)'}
{'timestamp': 1702276322347, 'level': 'ALL', 'message': '12-11 08:24:50.355 31652  1224 W VolumeController: \tat android.os.BinderProxy.sendDeathNotice(BinderProxy.java:654)'}
{'timestamp': 1702276322347, 'level': 'ALL', 'message': '12-11 08:24:50.355 31652  1224 D ConnectivityService: ConnectivityService NetworkRequestInfo binderDied(NetworkRequest [ TRACK_DEFAULT id=86, [ Capabilities: INTERNET&NOT_RESTRICTED&TRUSTED Uid: 10144 AdministratorUids: [] RequestorUid: 10144 RequestorPackageName: com.android.systemui] ], android.os.BinderProxy@1a443c7)'}
{'timestamp': 1702276322347, 'level': 'ALL', 'message': '12-11 08:24:50.356 31652 31995 D ConnectivityService: releasing NetworkRequest [ TRACK_DEFAULT id=86, [ Capabilities: INTERNET&NOT_RESTRICTED&TRUSTED Uid: 10144 AdministratorUids: [] RequestorUid: 10144 RequestorPackageName: com.android.systemui] ] (release request)'}
{'timestamp': 1702276322347, 'level': 'ALL', 'message': '12-11 08:24:50.358 31652 32570 I WindowManager: WIN DEATH: Window{4137436 u0 NotificationShade}'}
{'timestamp': 1702276322347, 'level': 'ALL', 'message': "12-11 08:24:50.358 31652 32570 W InputDispatcher: Attempted to unregister already unregistered input channel '4137436 NotificationShade (server)'"}
{'timestamp': 1702276322347, 'level': 'ALL', 'message': '12-11 08:24:50.367 31652 32346 I WindowManager: WIN DEATH: Window{caae899 u0 NavigationBar0}'}
{'timestamp': 1702276322347, 'level': 'ALL', 'message': "12-11 08:24:50.368 31652 32346 W InputDispatcher: Attempted to unregister already unregistered input channel 'caae899 NavigationBar0 (server)'"}
{'timestamp': 1702276322347, 'level': 'ALL', 'message': "12-11 08:24:50.373 31652 32346 W WindowManager: Failed to report 'resized' to Window{6daf539 u0 com.android.systemui.ImageWallpaper} due to android.os.DeadObjectException"}
{'timestamp': 1702276322347, 'level': 'ALL', 'message': '12-11 08:24:50.378 31652 31709 D ActivityTaskManager: Top Process State changed to PROCESS_STATE_TOP_SLEEPING'}
{'timestamp': 1702276322347, 'level': 'ALL', 'message': '12-11 08:24:50.383 32351 32351 D Telephony: isEmergencyPreferredAccount: subId=1, activeData=1'}
{'timestamp': 1702276322347, 'level': 'ALL', 'message': '12-11 08:24:50.383 32351 32351 D Telephony: isEmergencyPreferredAccount: Device does not require preference.'}
{'timestamp': 1702276322347, 'level': 'ALL', 'message': '12-11 08:24:50.387 31652  1231 I WindowManager: WIN DEATH: Window{2316aa0 u0 ScreenDecorOverlay}'}
{'timestamp': 1702276322347, 'level': 'ALL', 'message': "12-11 08:24:50.387 31652  1231 W InputDispatcher: Attempted to unregister already unregistered input channel '2316aa0 ScreenDecorOverlay (server)'"}
{'timestamp': 1702276322347, 'level': 'ALL', 'message': '12-11 08:24:50.394 31652  1218 I WindowManager: WIN DEATH: Window{6daf539 u0 com.android.systemui.ImageWallpaper}'}
{'timestamp': 1702276322347, 'level': 'ALL', 'message': "12-11 08:24:50.394 31652  1218 W InputDispatcher: Attempted to unregister already unregistered input channel '6daf539 com.android.systemui.ImageWallpaper (server)'"}
{'timestamp': 1702276322347, 'level': 'ALL', 'message': '12-11 08:24:50.401 31652 31667 W WindowManager: Cannot find window which accessibility connection is added to'}
{'timestamp': 1702276322347, 'level': 'ALL', 'message': '12-11 08:24:50.401 31652  1225 W WindowManager: Cannot find window which accessibility connection is added to'}
{'timestamp': 1702276322347, 'level': 'ALL', 'message': '12-11 08:24:50.418 31652   995 W WindowManager: Cannot find window which accessibility connection is added to'}
{'timestamp': 1702276322347, 'level': 'ALL', 'message': '12-11 08:24:50.435 32351 32351 D Telephony: isEmergencyPreferredAccount: subId=1, activeData=1'}
{'timestamp': 1702276322347, 'level': 'ALL', 'message': '12-11 08:24:50.435 32351 32351 D Telephony: isEmergencyPreferredAccount: Device does not require preference.'}
{'timestamp': 1702276322347, 'level': 'ALL', 'message': '12-11 08:24:50.439 31652 32485 W ActivityManager: Scheduling restart of crashed service com.android.systemui/.ImageWallpaper in 0ms for persistent'}
{'timestamp': 1702276322347, 'level': 'ALL', 'message': '12-11 08:24:50.440 31652 32485 W ActivityManager: Scheduling restart of crashed service com.android.systemui/.SystemUIService in 0ms for persistent'}
{'timestamp': 1702276322347, 'level': 'ALL', 'message': '12-11 08:24:50.440 31652 32485 W ActivityManager: Scheduling restart of crashed service com.android.systemui/.keyguard.KeyguardService in 0ms for persistent'}
{'timestamp': 1702276322347, 'level': 'ALL', 'message': '12-11 08:24:50.441 31652 32485 W ActivityManager: Scheduling restart of crashed service com.android.systemui/.dump.SystemUIAuxiliaryDumpService in 0ms for persistent'}
{'timestamp': 1702276322347, 'level': 'ALL', 'message': '12-11 08:24:50.443 31652 32485 W ActivityManager: Re-adding persistent process ProcessRecord{2b4b2c8 9113:com.android.systemui/u0a144}'}
{'timestamp': 1702276322347, 'level': 'ALL', 'message': '12-11 08:24:50.444 31652 32485 D CompatibilityChangeReporter: Compat change id reported: 135634846; UID 10144; state: DISABLED'}
{'timestamp': 1702276322347, 'level': 'ALL', 'message': '12-11 08:24:50.445 31652 31745 D CompatibilityChangeReporter: Compat change id reported: 143937733; UID 10144; state: ENABLED'}
{'timestamp': 1702276322347, 'level': 'ALL', 'message': '12-11 08:24:50.465 31652 31712 W ActivityManager: setHasOverlayUi called on unknown pid: 9113'}
{'timestamp': 1702276322347, 'level': 'ALL', 'message': '12-11 08:24:50.486 31506 31506 D Zygote  : Forked child process 9929'}
{'timestamp': 1702276322347, 'level': 'ALL', 'message': '12-11 08:24:50.494 31652 31745 W ActivityManager: Slow operation: 51ms so far, now at startProcess: returned from zygote!'}
{'timestamp': 1702276322347, 'level': 'ALL', 'message': '12-11 08:24:50.495 31652 31745 W ActivityManager: Slow operation: 51ms so far, now at startProcess: done updating battery stats'}
{'timestamp': 1702276322347, 'level': 'ALL', 'message': '12-11 08:24:50.497 31652 31745 W ActivityManager: Slow operation: 54ms so far, now at startProcess: building log message'}
{'timestamp': 1702276322347, 'level': 'ALL', 'message': '12-11 08:24:50.497 31652 31745 I ActivityManager: Start proc 9929:com.android.systemui/u0a144 for restart com.android.systemui'}
{'timestamp': 1702276322347, 'level': 'ALL', 'message': '12-11 08:24:50.497 31652 31745 W ActivityManager: Slow operation: 54ms so far, now at startProcess: starting to update pids map'}
{'timestamp': 1702276322347, 'level': 'ALL', 'message': '12-11 08:24:50.497 31652 31745 W ActivityManager: Slow operation: 54ms so far, now at startProcess: done updating pids map'}
{'timestamp': 1702276322347, 'level': 'ALL', 'message': '12-11 08:24:50.498  9929  9929 W ndroid.systemu: Unexpected CPU variant for X86 using defaults: x86'}
{'timestamp': 1702276322347, 'level': 'ALL', 'message': '12-11 08:24:50.518  9929  9929 E ndroid.systemu: Not starting debugger since process cannot load the jdwp agent.'}
{'timestamp': 1702276322347, 'level': 'ALL', 'message': '12-11 08:24:50.558   653   653 I dnpg    : onPause'}
{'timestamp': 1702276322347, 'level': 'ALL', 'message': '12-11 08:24:50.569   653   653 I dnpg    : onStop'}
{'timestamp': 1702276322347, 'level': 'ALL', 'message': '12-11 08:24:50.576  9929  9929 I ndroid.systemu: The ClassLoaderContext is a special shared library.'}
{'timestamp': 1702276322347, 'level': 'ALL', 'message': '12-11 08:24:50.591  9929  9929 D NetworkSecurityConfig: No Network Security Config specified, using platform default'}
{'timestamp': 1702276322347, 'level': 'ALL', 'message': '12-11 08:24:50.591  9929  9929 D NetworkSecurityConfig: No Network Security Config specified, using platform default'}
{'timestamp': 1702276322347, 'level': 'ALL', 'message': '12-11 08:24:50.592  9929  9929 V SystemUIService: SystemUIApplication constructed.'}
{'timestamp': 1702276322347, 'level': 'ALL', 'message': '12-11 08:24:50.720  9929  9949 D TelephonyRegistryManager: onSubscriptionsChangedListener callback received.'}
{'timestamp': 1702276322347, 'level': 'ALL', 'message': '12-11 08:24:50.729 31652 31652 D TrustManagerService: Removing dead TrustListener.'}
{'timestamp': 1702276322347, 'level': 'ALL', 'message': '12-11 08:24:50.765  9929  9929 D CompatibilityChangeReporter: Compat change id reported: 147600208; UID 10144; state: ENABLED'}
{'timestamp': 1702276322347, 'level': 'ALL', 'message': "12-11 08:24:50.775  9929  9929 D skia    : --- Failed to create image decoder with message 'unimplemented'"}
{'timestamp': 1702276322347, 'level': 'ALL', 'message': "12-11 08:24:50.787   469   469 E netmgr  : qemu_pipe_open_ns:62: Could not connect to the 'pipe:qemud:network' service: Invalid argument"}
{'timestamp': 1702276322347, 'level': 'ALL', 'message': "12-11 08:24:50.787   469   469 E netmgr  : Failed to open QEMU pipe 'qemud:network': Invalid argument"}
{'timestamp': 1702276322347, 'level': 'ALL', 'message': '12-11 08:24:50.821  9929  9929 D MediaResumeListener: loaded resume components []'}
{'timestamp': 1702276322347, 'level': 'ALL', 'message': '12-11 08:24:50.848  9929  9929 W AlarmManager: Unrecognized alarm listener com.android.systemui.keyguard.-$$Lambda$KeyguardSliceProvider$IhzByd8TsqFuOrSyuGurVskyPLo@f69d648'}
{'timestamp': 1702276322347, 'level': 'ALL', 'message': '12-11 08:24:50.860  9929  9929 V SystemUIService: SystemUIApplication created.'}
{'timestamp': 1702276322347, 'level': 'ALL', 'message': '12-11 08:24:50.870 31652 31652 W WindowManager: addWindowToken: Attempted to add binder token: android.os.Binder@177703c for already created window token: WallpaperWindowToken{555371a token=android.os.Binder@177703c} displayId=0'}
{'timestamp': 1702276322347, 'level': 'ALL', 'message': '12-11 08:24:50.872  9929  9929 V SystemUIService: Starting SystemUI services for user 0.'}
{'timestamp': 1702276322347, 'level': 'ALL', 'message': '12-11 08:24:50.890  9929  9929 E ActivityThread: Failed to find provider info for com.google.android.apps.turbo.estimated_time_remaining'}
{'timestamp': 1702276322347, 'level': 'ALL', 'message': '12-11 08:24:50.895  9929  9929 D InterruptionStateProvider: heads up is enabled'}
{'timestamp': 1702276322347, 'level': 'ALL', 'message': '12-11 08:24:50.899  9929  9929 I FalsingManager: xdpi, ydpi: 420.0, 420.0'}
{'timestamp': 1702276322347, 'level': 'ALL', 'message': '12-11 08:24:50.899  9929  9929 I FalsingManager: width, height: 1080, 2138'}
{'timestamp': 1702276322347, 'level': 'ALL', 'message': '12-11 08:24:50.907  9929  9929 D NavigationModeController: getCurrentUserContext: contextUser=0 currentUser=0'}
{'timestamp': 1702276322347, 'level': 'ALL', 'message': '12-11 08:24:50.907  9929  9929 D NavigationModeController: getCurrentInteractionMode: mode=0 contextUser=0'}
{'timestamp': 1702276322347, 'level': 'ALL', 'message': '12-11 08:24:50.907  9929  9929 E NavigationModeController: updateCurrentInteractionMode: mode=0'}
{'timestamp': 1702276322347, 'level': 'ALL', 'message': '12-11 08:24:50.907  9929  9929 D NavigationModeController:   contextUser=0'}
{'timestamp': 1702276322347, 'level': 'ALL', 'message': '12-11 08:24:50.907  9929  9929 D NavigationModeController:   assetPaths='}
{'timestamp': 1702276322347, 'level': 'ALL', 'message': '12-11 08:24:50.907  9929  9929 D NavigationModeController:     /system/framework/framework-res.apk'}
{'timestamp': 1702276322347, 'level': 'ALL', 'message': '12-11 08:24:50.907  9929  9929 D NavigationModeController:     /product/overlay/GoogleConfigOverlay.apk'}
{'timestamp': 1702276322347, 'level': 'ALL', 'message': '12-11 08:24:50.907  9929  9929 D NavigationModeController:     /product/overlay/GoogleWebViewOverlay.apk'}
{'timestamp': 1702276322347, 'level': 'ALL', 'message': '12-11 08:24:50.908  9929  9929 D NavigationModeController:     /product/overlay/PixelConfigOverlayCommon.apk'}
{'timestamp': 1702276322347, 'level': 'ALL', 'message': '12-11 08:24:50.908  9929  9929 D NavigationModeController:     /product/overlay/framework-res__auto_generated_rro_product.apk'}
{'timestamp': 1702276322347, 'level': 'ALL', 'message': '12-11 08:24:50.908  9929  9929 D NavigationModeController:     /product/overlay/EmulatorConfigOverlay.apk'}
{'timestamp': 1702276322347, 'level': 'ALL', 'message': '12-11 08:24:50.908  9929  9929 D NavigationModeController:     /system_ext/priv-app/SystemUIGoogle/SystemUIGoogle.apk'}
{'timestamp': 1702276322347, 'level': 'ALL', 'message': '12-11 08:24:50.909  9929  9929 D NavigationModeController:     /product/overlay/DisplayCutoutEmulationHole/DisplayCutoutEmulationHoleOverlay.apk'}
{'timestamp': 1702276322347, 'level': 'ALL', 'message': '12-11 08:24:50.909  9929  9929 D NavigationModeController:     /product/overlay/SystemUIGoogle__auto_generated_rro_product.apk'}
{'timestamp': 1702276322347, 'level': 'ALL', 'message': '12-11 08:24:50.914  9929  9929 D NavigationModeController: getCurrentInteractionMode: mode=0 contextUser=0'}
{'timestamp': 1702276322347, 'level': 'ALL', 'message': '12-11 08:24:50.937  9929  9929 V MediaRouter: Selecting route: RouteInfo{ name=Phone, description=null, status=null, category=RouteCategory{ name=System types=ROUTE_TYPE_LIVE_AUDIO ROUTE_TYPE_LIVE_VIDEO  groupable=false }, supportedTypes=ROUTE_TYPE_LIVE_AUDIO ROUTE_TYPE_LIVE_VIDEO , presentationDisplay=null }'}
{'timestamp': 1702276322347, 'level': 'ALL', 'message': '12-11 08:24:50.950  9929  9961 D KeyguardViewMediator: updateActivityLockScreenState(false, false)'}
{'timestamp': 1702276322347, 'level': 'ALL', 'message': '12-11 08:24:50.950 31652   995 D ActivityTaskManager: Top Process State changed to PROCESS_STATE_TOP'}
{'timestamp': 1702276322347, 'level': 'ALL', 'message': '12-11 08:24:50.954 31652   995 W InputReader: Device virtio_input_multi_touch_10 is associated with display ADISPLAY_ID_NONE.'}
{'timestamp': 1702276322347, 'level': 'ALL', 'message': '12-11 08:24:50.954 31652   995 W InputReader: Device virtio_input_multi_touch_4 is associated with display ADISPLAY_ID_NONE.'}
{'timestamp': 1702276322347, 'level': 'ALL', 'message': '12-11 08:24:50.954 31652   995 W InputReader: Device virtio_input_multi_touch_11 is associated with display ADISPLAY_ID_NONE.'}
{'timestamp': 1702276322347, 'level': 'ALL', 'message': '12-11 08:24:50.954 31652   995 W InputReader: Device virtio_input_multi_touch_5 is associated with display ADISPLAY_ID_NONE.'}
{'timestamp': 1702276322347, 'level': 'ALL', 'message': '12-11 08:24:50.954 31652   995 W InputReader: Device virtio_input_multi_touch_2 is associated with display ADISPLAY_ID_NONE.'}
{'timestamp': 1702276322347, 'level': 'ALL', 'message': '12-11 08:24:50.954 31652   995 W InputReader: Device virtio_input_multi_touch_9 is associated with display ADISPLAY_ID_NONE.'}
{'timestamp': 1702276322347, 'level': 'ALL', 'message': '12-11 08:24:50.954 31652   995 W InputReader: Device virtio_input_multi_touch_6 is associated with display ADISPLAY_ID_NONE.'}
{'timestamp': 1702276322347, 'level': 'ALL', 'message': '12-11 08:24:50.954 31652   995 W InputReader: Device virtio_input_multi_touch_7 is associated with display ADISPLAY_ID_NONE.'}
{'timestamp': 1702276322347, 'level': 'ALL', 'message': '12-11 08:24:50.954 31652   995 W InputReader: Device virtio_input_multi_touch_3 is associated with display ADISPLAY_ID_NONE.'}
{'timestamp': 1702276322347, 'level': 'ALL', 'message': '12-11 08:24:50.954 31652   995 W InputReader: Device virtio_input_multi_touch_8 is associated with display ADISPLAY_ID_NONE.'}
{'timestamp': 1702276322347, 'level': 'ALL', 'message': '12-11 08:24:50.955 31652   995 W InputReader: Device virtio_input_multi_touch_10 is associated with display ADISPLAY_ID_NONE.'}
{'timestamp': 1702276322347, 'level': 'ALL', 'message': '12-11 08:24:50.955 31652   995 W InputReader: Device virtio_input_multi_touch_4 is associated with display ADISPLAY_ID_NONE.'}
{'timestamp': 1702276322347, 'level': 'ALL', 'message': '12-11 08:24:50.955 31652   995 W InputReader: Device virtio_input_multi_touch_11 is associated with display ADISPLAY_ID_NONE.'}
{'timestamp': 1702276322347, 'level': 'ALL', 'message': '12-11 08:24:50.955 31652   995 W InputReader: Device virtio_input_multi_touch_5 is associated with display ADISPLAY_ID_NONE.'}
{'timestamp': 1702276322347, 'level': 'ALL', 'message': '12-11 08:24:50.955 31652   995 W InputReader: Device virtio_input_multi_touch_2 is associated with display ADISPLAY_ID_NONE.'}
{'timestamp': 1702276322347, 'level': 'ALL', 'message': '12-11 08:24:50.955 31652   995 W InputReader: Device virtio_input_multi_touch_9 is associated with display ADISPLAY_ID_NONE.'}
{'timestamp': 1702276322347, 'level': 'ALL', 'message': '12-11 08:24:50.955 31652   995 W InputReader: Device virtio_input_multi_touch_6 is associated with display ADISPLAY_ID_NONE.'}
{'timestamp': 1702276322347, 'level': 'ALL', 'message': '12-11 08:24:50.955 31652   995 W InputReader: Device virtio_input_multi_touch_7 is associated with display ADISPLAY_ID_NONE.'}
{'timestamp': 1702276322347, 'level': 'ALL', 'message': '12-11 08:24:50.955 31652   995 W InputReader: Device virtio_input_multi_touch_3 is associated with display ADISPLAY_ID_NONE.'}
{'timestamp': 1702276322347, 'level': 'ALL', 'message': '12-11 08:24:50.955 31652   995 W InputReader: Device virtio_input_multi_touch_8 is associated with display ADISPLAY_ID_NONE.'}
{'timestamp': 1702276322347, 'level': 'ALL', 'message': '12-11 08:24:50.994   320   354 D goldfish-address-space: claimShared: Ask to claim region [0x3f0fc2000 0x3f19a6000]'}
{'timestamp': 1702276322347, 'level': 'ALL', 'message': '12-11 08:24:51.027  9929  9929 D KeyguardViewMediator: adjustStatusBarLocked: mShowing=false mOccluded=false isSecure=false force=false --> flags=0x0'}
{'timestamp': 1702276322347, 'level': 'ALL', 'message': '12-11 08:24:51.034   320   354 D goldfish-address-space: claimShared: Ask to claim region [0x3f19a6000 0x3f238a000]'}
{'timestamp': 1702276322347, 'level': 'ALL', 'message': '12-11 08:24:51.071  9929  9929 D NavigationModeController: getCurrentInteractionMode: mode=0 contextUser=0'}
{'timestamp': 1702276322347, 'level': 'ALL', 'message': '12-11 08:24:51.079  9929  9929 I vol.Events: writeEvent collection_started'}
{'timestamp': 1702276322347, 'level': 'ALL', 'message': '12-11 08:24:51.084   381   381 I android.hardware.vibrator-service.example: Vibrator reporting capabilities'}
{'timestamp': 1702276322347, 'level': 'ALL', 'message': '12-11 08:24:51.114   320   320 D goldfish-address-space: claimShared: Ask to claim region [0x3f238a000 0x3f2d6e000]'}
{'timestamp': 1702276322347, 'level': 'ALL', 'message': '12-11 08:24:51.158   320   320 D goldfish-address-space: claimShared: Ask to claim region [0x3f5a1c000 0x3f6400000]'}
{'timestamp': 1702276322347, 'level': 'ALL', 'message': '12-11 08:24:51.164  9929  9968 D CCodec  : allocate(c2.android.vorbis.decoder)'}
{'timestamp': 1702276322347, 'level': 'ALL', 'message': '12-11 08:24:51.170  9929  9968 I Codec2Client: Available Codec2 services: "software"'}
{'timestamp': 1702276322347, 'level': 'ALL', 'message': '12-11 08:24:51.177   456   456 V C2Store : in init'}
{'timestamp': 1702276322347, 'level': 'ALL', 'message': '12-11 08:24:51.177   456   456 V C2Store : loading dll'}
{'timestamp': 1702276322347, 'level': 'ALL', 'message': '12-11 08:24:51.180   320   320 D goldfish-address-space: claimShared: Ask to claim region [0x3f6400000 0x3f6de4000]'}
{'timestamp': 1702276322347, 'level': 'ALL', 'message': '12-11 08:24:51.181  9929  9968 I CCodec  : Created component [c2.android.vorbis.decoder]'}
{'timestamp': 1702276322347, 'level': 'ALL', 'message': '12-11 08:24:51.181  9929  9968 D CCodecConfig: read media type: audio/vorbis'}
{'timestamp': 1702276322347, 'level': 'ALL', 'message': '12-11 08:24:51.189  9929  9968 D ReflectedParamUpdater: extent() != 1 for single value type: algo.buffers.max-count.values'}
{'timestamp': 1702276322347, 'level': 'ALL', 'message': '12-11 08:24:51.190  9929  9968 D ReflectedParamUpdater: extent() != 1 for single value type: output.subscribed-indices.values'}
{'timestamp': 1702276322348, 'level': 'ALL', 'message': '12-11 08:24:51.191  9929  9968 D ReflectedParamUpdater: extent() != 1 for single value type: input.buffers.allocator-ids.values'}
{'timestamp': 1702276322348, 'level': 'ALL', 'message': '12-11 08:24:51.191  9929  9968 D ReflectedParamUpdater: extent() != 1 for single value type: output.buffers.allocator-ids.values'}
{'timestamp': 1702276322348, 'level': 'ALL', 'message': '12-11 08:24:51.191  9929  9968 D ReflectedParamUpdater: extent() != 1 for single value type: algo.buffers.allocator-ids.values'}
{'timestamp': 1702276322348, 'level': 'ALL', 'message': '12-11 08:24:51.192  9929  9968 D ReflectedParamUpdater: extent() != 1 for single value type: output.buffers.pool-ids.values'}
{'timestamp': 1702276322348, 'level': 'ALL', 'message': '12-11 08:24:51.193  9929  9968 D ReflectedParamUpdater: extent() != 1 for single value type: algo.buffers.pool-ids.values'}
{'timestamp': 1702276322348, 'level': 'ALL', 'message': '12-11 08:24:51.199   320   354 D goldfish-address-space: claimShared: Ask to claim region [0x3f6de4000 0x3f77c8000]'}
{'timestamp': 1702276322348, 'level': 'ALL', 'message': '12-11 08:24:51.201  9929  9968 I CCodecConfig: query failed after returning 7 values (BAD_INDEX)'}
{'timestamp': 1702276322348, 'level': 'ALL', 'message': '12-11 08:24:51.201  9929  9968 D CCodecConfig: c2 config diff is Dict {'}
{'timestamp': 1702276322348, 'level': 'ALL', 'message': '12-11 08:24:51.201  9929  9968 D CCodecConfig:   c2::u32 coded.bitrate.value = 64000'}
{'timestamp': 1702276322348, 'level': 'ALL', 'message': '12-11 08:24:51.201  9929  9968 D CCodecConfig:   c2::u32 input.buffers.max-size.value = 32768'}
{'timestamp': 1702276322348, 'level': 'ALL', 'message': '12-11 08:24:51.201  9929  9968 D CCodecConfig:   c2::u32 input.delay.value = 0'}
{'timestamp': 1702276322348, 'level': 'ALL', 'message': '12-11 08:24:51.201  9929  9968 D CCodecConfig:   string input.media-type.value = "audio/vorbis"'}
{'timestamp': 1702276322348, 'level': 'ALL', 'message': '12-11 08:24:51.201  9929  9968 D CCodecConfig:   string output.media-type.value = "audio/raw"'}
{'timestamp': 1702276322348, 'level': 'ALL', 'message': '12-11 08:24:51.201  9929  9968 D CCodecConfig:   c2::u32 raw.channel-count.value = 1'}
{'timestamp': 1702276322348, 'level': 'ALL', 'message': '12-11 08:24:51.201  9929  9968 D CCodecConfig:   c2::u32 raw.sample-rate.value = 48000'}
{'timestamp': 1702276322348, 'level': 'ALL', 'message': '12-11 08:24:51.201  9929  9968 D CCodecConfig: }'}
{'timestamp': 1702276322348, 'level': 'ALL', 'message': '12-11 08:24:51.206  9929  9968 D CCodec  : [c2.android.vorbis.decoder] buffers are bound to CCodec for this session'}
{'timestamp': 1702276322348, 'level': 'ALL', 'message': '12-11 08:24:51.207  9929  9968 D CCodecConfig: no c2 equivalents for durationUs'}
{'timestamp': 1702276322348, 'level': 'ALL', 'message': '12-11 08:24:51.207  9929  9968 D CCodecConfig: no c2 equivalents for track-id'}
{'timestamp': 1702276322348, 'level': 'ALL', 'message': '12-11 08:24:51.207  9929  9968 D CCodecConfig: no c2 equivalents for csd-1'}
{'timestamp': 1702276322348, 'level': 'ALL', 'message': '12-11 08:24:51.207  9929  9968 D CCodecConfig: no c2 equivalents for channel-mask'}
{'timestamp': 1702276322348, 'level': 'ALL', 'message': '12-11 08:24:51.208  9929  9968 D CCodecConfig: no c2 equivalents for flags'}
{'timestamp': 1702276322348, 'level': 'ALL', 'message': '12-11 08:24:51.209  9929  9968 D CCodecConfig: c2 config diff is   c2::u32 raw.channel-count.value = 2'}
{'timestamp': 1702276322348, 'level': 'ALL', 'message': '12-11 08:24:51.209  9929  9968 D CCodecConfig:   c2::u32 raw.sample-rate.value = 44100'}
{'timestamp': 1702276322348, 'level': 'ALL', 'message': '12-11 08:24:51.213  9929  9968 W Codec2Client: query -- param skipped: index = 1107298332.'}
{'timestamp': 1702276322348, 'level': 'ALL', 'message': '12-11 08:24:51.213  9929  9968 D CCodec  : setup formats input: AMessage(what = 0x00000000) = {'}
{'timestamp': 1702276322348, 'level': 'ALL', 'message': '12-11 08:24:51.213  9929  9968 D CCodec  :   int32_t channel-count = 2'}
{'timestamp': 1702276322348, 'level': 'ALL', 'message': '12-11 08:24:51.213  9929  9968 D CCodec  :   int32_t max-input-size = 32768'}
{'timestamp': 1702276322348, 'level': 'ALL', 'message': '12-11 08:24:51.213  9929  9968 D CCodec  :   string mime = "audio/vorbis"'}
{'timestamp': 1702276322348, 'level': 'ALL', 'message': '12-11 08:24:51.213  9929  9968 D CCodec  :   int32_t sample-rate = 44100'}
{'timestamp': 1702276322348, 'level': 'ALL', 'message': '12-11 08:24:51.213  9929  9968 D CCodec  : } and output: AMessage(what = 0x00000000) = {'}
{'timestamp': 1702276322348, 'level': 'ALL', 'message': '12-11 08:24:51.213  9929  9968 D CCodec  :   int32_t channel-count = 2'}
{'timestamp': 1702276322348, 'level': 'ALL', 'message': '12-11 08:24:51.213  9929  9968 D CCodec  :   string mime = "audio/raw"'}
{'timestamp': 1702276322348, 'level': 'ALL', 'message': '12-11 08:24:51.213  9929  9968 D CCodec  :   int32_t sample-rate = 44100'}
{'timestamp': 1702276322348, 'level': 'ALL', 'message': '12-11 08:24:51.213  9929  9968 D CCodec  :   int32_t channel-mask = 3'}
{'timestamp': 1702276322348, 'level': 'ALL', 'message': '12-11 08:24:51.213  9929  9968 D CCodec  : }'}
{'timestamp': 1702276322348, 'level': 'ALL', 'message': '12-11 08:24:51.220  9929  9968 W Codec2Client: query -- param skipped: index = 1342179345.'}
{'timestamp': 1702276322348, 'level': 'ALL', 'message': '12-11 08:24:51.220  9929  9968 W Codec2Client: query -- param skipped: index = 2415921170.'}
{'timestamp': 1702276322348, 'level': 'ALL', 'message': '12-11 08:24:51.224  9929  9968 E FMQ     : grantorIdx must be less than 3'}
{'timestamp': 1702276322348, 'level': 'ALL', 'message': '12-11 08:24:51.224  9929  9968 E FMQ     : grantorIdx must be less than 3'}
{'timestamp': 1702276322348, 'level': 'ALL', 'message': '12-11 08:24:51.225  9929  9968 D CCodecBufferChannel: [c2.android.vorbis.decoder#756] Created input block pool with allocatorID 16 => poolID 17 - OK (0)'}
{'timestamp': 1702276322348, 'level': 'ALL', 'message': '12-11 08:24:51.229   456   983 E FMQ     : grantorIdx must be less than 3'}
{'timestamp': 1702276322348, 'level': 'ALL', 'message': '12-11 08:24:51.229   456   983 E FMQ     : grantorIdx must be less than 3'}
{'timestamp': 1702276322348, 'level': 'ALL', 'message': '12-11 08:24:51.231  9929  9968 I CCodecBufferChannel: [c2.android.vorbis.decoder#756] Created output block pool with allocatorID 16 => poolID 124 - OK'}
{'timestamp': 1702276322348, 'level': 'ALL', 'message': '12-11 08:24:51.232  9929  9966 E vol.VolumeDialogControl: isCaptionsServiceEnabled failed to check for captions component'}
{'timestamp': 1702276322348, 'level': 'ALL', 'message': '12-11 08:24:51.232  9929  9966 E vol.VolumeDialogControl: java.lang.IllegalArgumentException: Unknown component: ComponentInfo{com.google.android.as/com.google.android.apps.miphone.aiai.captions.CaptionsService}'}
{'timestamp': 1702276322348, 'level': 'ALL', 'message': '12-11 08:24:51.232  9929  9966 E vol.VolumeDialogControl: \tat android.os.Parcel.createExceptionOrNull(Parcel.java:2377)'}
{'timestamp': 1702276322348, 'level': 'ALL', 'message': '12-11 08:24:51.232  9929  9966 E vol.VolumeDialogControl: \tat android.os.Parcel.createException(Parcel.java:2357)'}
{'timestamp': 1702276322348, 'level': 'ALL', 'message': '12-11 08:24:51.232  9929  9966 E vol.VolumeDialogControl: \tat android.os.Parcel.readException(Parcel.java:2340)'}
{'timestamp': 1702276322348, 'level': 'ALL', 'message': '12-11 08:24:51.232  9929  9966 E vol.VolumeDialogControl: \tat android.os.Parcel.readException(Parcel.java:2282)'}
{'timestamp': 1702276322348, 'level': 'ALL', 'message': '12-11 08:24:51.232  9929  9966 E vol.VolumeDialogControl: \tat android.content.pm.IPackageManager$Stub$Proxy.getComponentEnabledSetting(IPackageManager.java:6804)'}
{'timestamp': 1702276322348, 'level': 'ALL', 'message': '12-11 08:24:51.232  9929  9966 E vol.VolumeDialogControl: \tat android.app.ApplicationPackageManager.getComponentEnabledSetting(ApplicationPackageManager.java:2723)'}
{'timestamp': 1702276322348, 'level': 'ALL', 'message': '12-11 08:24:51.232  9929  9966 E vol.VolumeDialogControl: \tat com.android.systemui.volume.VolumeDialogControllerImpl.onGetCaptionsComponentStateW(VolumeDialogControllerImpl.java:441)'}
{'timestamp': 1702276322348, 'level': 'ALL', 'message': '12-11 08:24:51.232  9929  9966 E vol.VolumeDialogControl: \tat com.android.systemui.volume.VolumeDialogControllerImpl.access$2000(VolumeDialogControllerImpl.java:92)'}
{'timestamp': 1702276322348, 'level': 'ALL', 'message': '12-11 08:24:51.232  9929  9966 E vol.VolumeDialogControl: \tat com.android.systemui.volume.VolumeDialogControllerImpl$W.handleMessage(VolumeDialogControllerImpl.java:825)'}
{'timestamp': 1702276322348, 'level': 'ALL', 'message': '12-11 08:24:51.232  9929  9966 E vol.VolumeDialogControl: \tat android.os.Handler.dispatchMessage(Handler.java:106)'}
{'timestamp': 1702276322348, 'level': 'ALL', 'message': '12-11 08:24:51.232  9929  9966 E vol.VolumeDialogControl: \tat android.os.Looper.loop(Looper.java:223)'}
{'timestamp': 1702276322348, 'level': 'ALL', 'message': '12-11 08:24:51.232  9929  9966 E vol.VolumeDialogControl: \tat android.os.HandlerThread.run(HandlerThread.java:67)'}
{'timestamp': 1702276322348, 'level': 'ALL', 'message': '12-11 08:24:51.232  9929  9966 E vol.VolumeDialogControl: Caused by: android.os.RemoteException: Remote stack trace:'}
{'timestamp': 1702276322348, 'level': 'ALL', 'message': '12-11 08:24:51.232  9929  9966 E vol.VolumeDialogControl: \tat com.android.server.pm.PackageManagerService.getComponentEnabledSetting(PackageManagerService.java:21394)'}
{'timestamp': 1702276322348, 'level': 'ALL', 'message': '12-11 08:24:51.232  9929  9966 E vol.VolumeDialogControl: \tat android.content.pm.IPackageManager$Stub.onTransact(IPackageManager.java:3216)'}
{'timestamp': 1702276322348, 'level': 'ALL', 'message': '12-11 08:24:51.232  9929  9966 E vol.VolumeDialogControl: \tat com.android.server.pm.PackageManagerService.onTransact(PackageManagerService.java:4302)'}
{'timestamp': 1702276322348, 'level': 'ALL', 'message': '12-11 08:24:51.232  9929  9966 E vol.VolumeDialogControl: \tat android.os.Binder.execTransactInternal(Binder.java:1159)'}
{'timestamp': 1702276322348, 'level': 'ALL', 'message': '12-11 08:24:51.232  9929  9966 E vol.VolumeDialogControl: \tat android.os.Binder.execTransact(Binder.java:1123)'}
{'timestamp': 1702276322348, 'level': 'ALL', 'message': '12-11 08:24:51.232  9929  9966 E vol.VolumeDialogControl:'}
{'timestamp': 1702276322348, 'level': 'ALL', 'message': '12-11 08:24:51.232  9929  9968 D CCodecBufferChannel: [c2.android.vorbis.decoder#756] Configured output block pool ids 124 => OK'}
{'timestamp': 1702276322348, 'level': 'ALL', 'message': '12-11 08:24:51.233  9929  9966 I vol.Events: writeEvent level_changed STREAM_VOICE_CALL 3'}
{'timestamp': 1702276322348, 'level': 'ALL', 'message': '12-11 08:24:51.234  9929  9968 E ion     : ioctl c0044901 failed with code -1: Inappropriate ioctl for device'}
{'timestamp': 1702276322348, 'level': 'ALL', 'message': '12-11 08:24:51.235   456  9973 D SimpleC2Component: Using output block pool with poolID 124 => got 124 - 0'}
{'timestamp': 1702276322348, 'level': 'ALL', 'message': '12-11 08:24:51.239  9929  9968 E FMQ     : grantorIdx must be less than 3'}
{'timestamp': 1702276322348, 'level': 'ALL', 'message': '12-11 08:24:51.240   456   983 E FMQ     : grantorIdx must be less than 3'}
{'timestamp': 1702276322348, 'level': 'ALL', 'message': '12-11 08:24:51.245  9929  9966 I vol.Events: writeEvent level_changed STREAM_SYSTEM 5'}
{'timestamp': 1702276322348, 'level': 'ALL', 'message': '12-11 08:24:51.251   653   653 I dnpg    : onStart'}
{'timestamp': 1702276322348, 'level': 'ALL', 'message': '12-11 08:24:51.258   653   653 I dnpg    : onResume'}
{'timestamp': 1702276322348, 'level': 'ALL', 'message': '12-11 08:24:51.258 31652  1218 W ActivityManager: Unable to start service Intent { act=android.service.appprediction.AppPredictionService cmp=com.google.android.as/com.google.android.apps.miphone.aiai.app.AiAiPredictionService } U=0: not found'}
{'timestamp': 1702276322348, 'level': 'ALL', 'message': '12-11 08:24:51.258 31652  1218 W RemoteAppPredictionService: could not bind to Intent { act=android.service.appprediction.AppPredictionService cmp=com.google.android.as/com.google.android.apps.miphone.aiai.app.AiAiPredictionService } using flags 67108865'}
{'timestamp': 1702276322348, 'level': 'ALL', 'message': '12-11 08:24:51.270  9929  9966 I vol.Events: writeEvent level_changed STREAM_RING 5'}
{'timestamp': 1702276322348, 'level': 'ALL', 'message': '12-11 08:24:51.280  9929  9974 D CCodec  : allocate(c2.android.vorbis.decoder)'}
{'timestamp': 1702276322348, 'level': 'ALL', 'message': '12-11 08:24:51.282  9929  9966 I vol.Events: writeEvent level_changed STREAM_MUSIC 5'}
{'timestamp': 1702276322348, 'level': 'ALL', 'message': '12-11 08:24:51.286  9929  9974 I CCodec  : Created component [c2.android.vorbis.decoder]'}
{'timestamp': 1702276322348, 'level': 'ALL', 'message': '12-11 08:24:51.286  9929  9974 D CCodecConfig: read media type: audio/vorbis'}
{'timestamp': 1702276322348, 'level': 'ALL', 'message': '12-11 08:24:51.287  9929  9974 D ReflectedParamUpdater: extent() != 1 for single value type: algo.buffers.max-count.values'}
{'timestamp': 1702276322348, 'level': 'ALL', 'message': '12-11 08:24:51.287  9929  9974 D ReflectedParamUpdater: extent() != 1 for single value type: output.subscribed-indices.values'}
{'timestamp': 1702276322348, 'level': 'ALL', 'message': '12-11 08:24:51.287  9929  9974 D ReflectedParamUpdater: extent() != 1 for single value type: input.buffers.allocator-ids.values'}
{'timestamp': 1702276322348, 'level': 'ALL', 'message': '12-11 08:24:51.291  9929  9974 D ReflectedParamUpdater: extent() != 1 for single value type: output.buffers.allocator-ids.values'}
{'timestamp': 1702276322349, 'level': 'ALL', 'message': '12-11 08:24:51.299  9929  9974 D ReflectedParamUpdater: extent() != 1 for single value type: algo.buffers.allocator-ids.values'}
{'timestamp': 1702276322349, 'level': 'ALL', 'message': '12-11 08:24:51.300  9929  9974 D ReflectedParamUpdater: extent() != 1 for single value type: output.buffers.pool-ids.values'}
{'timestamp': 1702276322349, 'level': 'ALL', 'message': '12-11 08:24:51.301  9929  9974 D ReflectedParamUpdater: extent() != 1 for single value type: algo.buffers.pool-ids.values'}
{'timestamp': 1702276322349, 'level': 'ALL', 'message': '12-11 08:24:51.308  9929  9974 I CCodecConfig: query failed after returning 7 values (BAD_INDEX)'}
{'timestamp': 1702276322349, 'level': 'ALL', 'message': '12-11 08:24:51.309  9929  9974 D CCodecConfig: c2 config diff is Dict {'}
{'timestamp': 1702276322349, 'level': 'ALL', 'message': '12-11 08:24:51.309  9929  9974 D CCodecConfig:   c2::u32 coded.bitrate.value = 64000'}
{'timestamp': 1702276322349, 'level': 'ALL', 'message': '12-11 08:24:51.309  9929  9974 D CCodecConfig:   c2::u32 input.buffers.max-size.value = 32768'}
{'timestamp': 1702276322349, 'level': 'ALL', 'message': '12-11 08:24:51.309  9929  9974 D CCodecConfig:   c2::u32 input.delay.value = 0'}
{'timestamp': 1702276322349, 'level': 'ALL', 'message': '12-11 08:24:51.309  9929  9974 D CCodecConfig:   string input.media-type.value = "audio/vorbis"'}
{'timestamp': 1702276322349, 'level': 'ALL', 'message': '12-11 08:24:51.309  9929  9974 D CCodecConfig:   string output.media-type.value = "audio/raw"'}
{'timestamp': 1702276322349, 'level': 'ALL', 'message': '12-11 08:24:51.309  9929  9974 D CCodecConfig:   c2::u32 raw.channel-count.value = 1'}
{'timestamp': 1702276322349, 'level': 'ALL', 'message': '12-11 08:24:51.309  9929  9974 D CCodecConfig:   c2::u32 raw.sample-rate.value = 48000'}
{'timestamp': 1702276322349, 'level': 'ALL', 'message': '12-11 08:24:51.309  9929  9974 D CCodecConfig: }'}
{'timestamp': 1702276322349, 'level': 'ALL', 'message': '12-11 08:24:51.309   456  9973 E FMQ     : grantorIdx must be less than 3'}
{'timestamp': 1702276322349, 'level': 'ALL', 'message': '12-11 08:24:51.310  9929  9972 E FMQ     : grantorIdx must be less than 3'}
{'timestamp': 1702276322349, 'level': 'ALL', 'message': '12-11 08:24:51.310  9929  9974 D CCodec  : [c2.android.vorbis.decoder] buffers are bound to CCodec for this session'}
{'timestamp': 1702276322349, 'level': 'ALL', 'message': '12-11 08:24:51.310  9929  9974 D CCodecConfig: no c2 equivalents for durationUs'}
{'timestamp': 1702276322349, 'level': 'ALL', 'message': '12-11 08:24:51.310  9929  9974 D CCodecConfig: no c2 equivalents for track-id'}
{'timestamp': 1702276322349, 'level': 'ALL', 'message': '12-11 08:24:51.310  9929  9974 D CCodecConfig: no c2 equivalents for csd-1'}
{'timestamp': 1702276322349, 'level': 'ALL', 'message': '12-11 08:24:51.310  9929  9974 D CCodecConfig: no c2 equivalents for channel-mask'}
{'timestamp': 1702276322349, 'level': 'ALL', 'message': '12-11 08:24:51.310  9929  9974 D CCodecConfig: no c2 equivalents for flags'}
{'timestamp': 1702276322349, 'level': 'ALL', 'message': '12-11 08:24:51.315  9929  9974 D CCodecConfig: c2 config diff is   c2::u32 raw.channel-count.value = 2'}
{'timestamp': 1702276322349, 'level': 'ALL', 'message': '12-11 08:24:51.315  9929  9974 D CCodecConfig:   c2::u32 raw.sample-rate.value = 44100'}
{'timestamp': 1702276322349, 'level': 'ALL', 'message': '12-11 08:24:51.318  9929  9974 W Codec2Client: query -- param skipped: index = 1107298332.'}
{'timestamp': 1702276322349, 'level': 'ALL', 'message': '12-11 08:24:51.318  9929  9974 D CCodec  : setup formats input: AMessage(what = 0x00000000) = {'}
{'timestamp': 1702276322349, 'level': 'ALL', 'message': '12-11 08:24:51.318  9929  9974 D CCodec  :   int32_t channel-count = 2'}
{'timestamp': 1702276322349, 'level': 'ALL', 'message': '12-11 08:24:51.318  9929  9974 D CCodec  :   int32_t max-input-size = 32768'}
{'timestamp': 1702276322349, 'level': 'ALL', 'message': '12-11 08:24:51.318  9929  9974 D CCodec  :   string mime = "audio/vorbis"'}
{'timestamp': 1702276322349, 'level': 'ALL', 'message': '12-11 08:24:51.318  9929  9974 D CCodec  :   int32_t sample-rate = 44100'}
{'timestamp': 1702276322349, 'level': 'ALL', 'message': '12-11 08:24:51.318  9929  9974 D CCodec  : } and output: AMessage(what = 0x00000000) = {'}
{'timestamp': 1702276322349, 'level': 'ALL', 'message': '12-11 08:24:51.318  9929  9974 D CCodec  :   int32_t channel-count = 2'}
{'timestamp': 1702276322349, 'level': 'ALL', 'message': '12-11 08:24:51.318  9929  9974 D CCodec  :   string mime = "audio/raw"'}
{'timestamp': 1702276322349, 'level': 'ALL', 'message': '12-11 08:24:51.318  9929  9974 D CCodec  :   int32_t sample-rate = 44100'}
{'timestamp': 1702276322349, 'level': 'ALL', 'message': '12-11 08:24:51.318  9929  9974 D CCodec  :   int32_t channel-mask = 3'}
{'timestamp': 1702276322349, 'level': 'ALL', 'message': '12-11 08:24:51.318  9929  9974 D CCodec  : }'}
{'timestamp': 1702276322349, 'level': 'ALL', 'message': '12-11 08:24:51.324 32473 32473 D TouchInteractionService: Touch service connected'}
{'timestamp': 1702276322349, 'level': 'ALL', 'message': '12-11 08:24:51.330  9929  9974 W Codec2Client: query -- param skipped: index = 1342179345.'}
{'timestamp': 1702276322349, 'level': 'ALL', 'message': '12-11 08:24:51.330  9929  9974 W Codec2Client: query -- param skipped: index = 2415921170.'}
{'timestamp': 1702276322349, 'level': 'ALL', 'message': '12-11 08:24:51.338  9929  9966 I vol.Events: writeEvent level_changed STREAM_ALARM 6'}
{'timestamp': 1702276322349, 'level': 'ALL', 'message': '12-11 08:24:51.341  9929  9974 E FMQ     : grantorIdx must be less than 3'}
{'timestamp': 1702276322349, 'level': 'ALL', 'message': '12-11 08:24:51.341  9929  9974 E FMQ     : grantorIdx must be less than 3'}
{'timestamp': 1702276322349, 'level': 'ALL', 'message': '12-11 08:24:51.341  9929  9974 D CCodecBufferChannel: [c2.android.vorbis.decoder#316] Created input block pool with allocatorID 16 => poolID 18 - OK (0)'}
{'timestamp': 1702276322349, 'level': 'ALL', 'message': '12-11 08:24:51.344   456   456 E FMQ     : grantorIdx must be less than 3'}
{'timestamp': 1702276322349, 'level': 'ALL', 'message': '12-11 08:24:51.345   456   456 E FMQ     : grantorIdx must be less than 3'}
{'timestamp': 1702276322349, 'level': 'ALL', 'message': '12-11 08:24:51.346  9929  9974 I CCodecBufferChannel: [c2.android.vorbis.decoder#316] Created output block pool with allocatorID 16 => poolID 125 - OK'}
{'timestamp': 1702276322349, 'level': 'ALL', 'message': '12-11 08:24:51.347  9929  9974 D CCodecBufferChannel: [c2.android.vorbis.decoder#316] Configured output block pool ids 125 => OK'}
{'timestamp': 1702276322349, 'level': 'ALL', 'message': '12-11 08:24:51.356  9929  9966 I vol.Events: writeEvent level_changed STREAM_BLUETOOTH_SCO 7'}
{'timestamp': 1702276322349, 'level': 'ALL', 'message': '12-11 08:24:51.397   456  9976 D SimpleC2Component: Using output block pool with poolID 125 => got 125 - 0'}
{'timestamp': 1702276322349, 'level': 'ALL', 'message': '12-11 08:24:51.411  9929  9974 E FMQ     : grantorIdx must be less than 3'}
{'timestamp': 1702276322349, 'level': 'ALL', 'message': '12-11 08:24:51.411   456   456 E FMQ     : grantorIdx must be less than 3'}
{'timestamp': 1702276322349, 'level': 'ALL', 'message': '12-11 08:24:51.439  9929  9966 I vol.Events: writeEvent external_ringer_mode_changed unknown'}
{'timestamp': 1702276322349, 'level': 'ALL', 'message': '12-11 08:24:51.443  9929  9966 I vol.Events: writeEvent zen_mode_config_changed [disallowAlarms=false disallowMedia=false disallowSystem=true disallowRinger=false]'}
{'timestamp': 1702276322349, 'level': 'ALL', 'message': '12-11 08:24:51.464   456  9976 E FMQ     : grantorIdx must be less than 3'}
{'timestamp': 1702276322349, 'level': 'ALL', 'message': '12-11 08:24:51.468  9929  9972 E FMQ     : grantorIdx must be less than 3'}
{'timestamp': 1702276322349, 'level': 'ALL', 'message': '12-11 08:24:51.548  9929  9929 D NavigationModeController: getCurrentInteractionMode: mode=0 contextUser=0'}
{'timestamp': 1702276322349, 'level': 'ALL', 'message': '12-11 08:24:51.561  9929  9968 D CCodecBufferChannel: [c2.android.vorbis.decoder#756] MediaCodec discarded an unknown buffer'}
{'timestamp': 1702276322349, 'level': 'ALL', 'message': '12-11 08:24:51.561  9929  9968 I chatty  : uid=10144(com.android.systemui) identical 1 line'}
{'timestamp': 1702276322349, 'level': 'ALL', 'message': '12-11 08:24:51.562  9929  9968 D CCodecBufferChannel: [c2.android.vorbis.decoder#756] MediaCodec discarded an unknown buffer'}
{'timestamp': 1702276322349, 'level': 'ALL', 'message': '12-11 08:24:51.569  9929  9968 I hw-BpHwBinder: onLastStrongRef automatically unlinking death recipients'}
{'timestamp': 1702276322349, 'level': 'ALL', 'message': '12-11 08:24:51.613  9929  9929 I TetheringManager: registerTetheringEventCallback:com.android.systemui'}
{'timestamp': 1702276322349, 'level': 'ALL', 'message': '12-11 08:24:51.648  9929  9979 D CCodec  : allocate(c2.android.vorbis.decoder)'}
{'timestamp': 1702276322349, 'level': 'ALL', 'message': '12-11 08:24:51.653  9929  9979 I CCodec  : Created component [c2.android.vorbis.decoder]'}
{'timestamp': 1702276322349, 'level': 'ALL', 'message': '12-11 08:24:51.654  9929  9979 D CCodecConfig: read media type: audio/vorbis'}
{'timestamp': 1702276322349, 'level': 'ALL', 'message': '12-11 08:24:51.671  9929  9979 D ReflectedParamUpdater: extent() != 1 for single value type: algo.buffers.max-count.values'}
{'timestamp': 1702276322349, 'level': 'ALL', 'message': '12-11 08:24:51.673  9929  9979 D ReflectedParamUpdater: extent() != 1 for single value type: output.subscribed-indices.values'}
{'timestamp': 1702276322349, 'level': 'ALL', 'message': '12-11 08:24:51.674  9929  9979 D ReflectedParamUpdater: extent() != 1 for single value type: input.buffers.allocator-ids.values'}
{'timestamp': 1702276322349, 'level': 'ALL', 'message': '12-11 08:24:51.675  9929  9974 D CCodecBufferChannel: [c2.android.vorbis.decoder#316] MediaCodec discarded an unknown buffer'}
{'timestamp': 1702276322349, 'level': 'ALL', 'message': '12-11 08:24:51.675  9929  9979 D ReflectedParamUpdater: extent() != 1 for single value type: output.buffers.allocator-ids.values'}
{'timestamp': 1702276322349, 'level': 'ALL', 'message': '12-11 08:24:51.675  9929  9974 D CCodecBufferChannel: [c2.android.vorbis.decoder#316] MediaCodec discarded an unknown buffer'}
{'timestamp': 1702276322349, 'level': 'ALL', 'message': '12-11 08:24:51.676  9929  9974 D CCodecBufferChannel: [c2.android.vorbis.decoder#316] MediaCodec discarded an unknown buffer'}
{'timestamp': 1702276322349, 'level': 'ALL', 'message': '12-11 08:24:51.676  9929  9979 D ReflectedParamUpdater: extent() != 1 for single value type: algo.buffers.allocator-ids.values'}
{'timestamp': 1702276322349, 'level': 'ALL', 'message': '12-11 08:24:51.676  9929  9979 D ReflectedParamUpdater: extent() != 1 for single value type: output.buffers.pool-ids.values'}
{'timestamp': 1702276322349, 'level': 'ALL', 'message': '12-11 08:24:51.679  9929  9979 D ReflectedParamUpdater: extent() != 1 for single value type: algo.buffers.pool-ids.values'}
{'timestamp': 1702276322349, 'level': 'ALL', 'message': '12-11 08:24:51.683  9929  9974 I hw-BpHwBinder: onLastStrongRef automatically unlinking death recipients'}
{'timestamp': 1702276322349, 'level': 'ALL', 'message': '12-11 08:24:51.683  9929  9979 I CCodecConfig: query failed after returning 7 values (BAD_INDEX)'}
{'timestamp': 1702276322349, 'level': 'ALL', 'message': '12-11 08:24:51.684  9929  9979 D CCodecConfig: c2 config diff is Dict {'}
{'timestamp': 1702276322349, 'level': 'ALL', 'message': '12-11 08:24:51.684  9929  9979 D CCodecConfig:   c2::u32 coded.bitrate.value = 64000'}
{'timestamp': 1702276322349, 'level': 'ALL', 'message': '12-11 08:24:51.684  9929  9979 D CCodecConfig:   c2::u32 input.buffers.max-size.value = 32768'}
{'timestamp': 1702276322349, 'level': 'ALL', 'message': '12-11 08:24:51.684  9929  9979 D CCodecConfig:   c2::u32 input.delay.value = 0'}
{'timestamp': 1702276322349, 'level': 'ALL', 'message': '12-11 08:24:51.684  9929  9979 D CCodecConfig:   string input.media-type.value = "audio/vorbis"'}
{'timestamp': 1702276322349, 'level': 'ALL', 'message': '12-11 08:24:51.684  9929  9979 D CCodecConfig:   string output.media-type.value = "audio/raw"'}
{'timestamp': 1702276322349, 'level': 'ALL', 'message': '12-11 08:24:51.684  9929  9979 D CCodecConfig:   c2::u32 raw.channel-count.value = 1'}
{'timestamp': 1702276322349, 'level': 'ALL', 'message': '12-11 08:24:51.684  9929  9979 D CCodecConfig:   c2::u32 raw.sample-rate.value = 48000'}
{'timestamp': 1702276322349, 'level': 'ALL', 'message': '12-11 08:24:51.684  9929  9979 D CCodecConfig: }'}
{'timestamp': 1702276322350, 'level': 'ALL', 'message': '12-11 08:24:51.687  9929  9979 D CCodec  : [c2.android.vorbis.decoder] buffers are bound to CCodec for this session'}
{'timestamp': 1702276322350, 'level': 'ALL', 'message': '12-11 08:24:51.687  9929  9979 D CCodecConfig: no c2 equivalents for durationUs'}
{'timestamp': 1702276322350, 'level': 'ALL', 'message': '12-11 08:24:51.687  9929  9979 D CCodecConfig: no c2 equivalents for track-id'}
{'timestamp': 1702276322350, 'level': 'ALL', 'message': '12-11 08:24:51.687  9929  9979 D CCodecConfig: no c2 equivalents for csd-1'}
{'timestamp': 1702276322350, 'level': 'ALL', 'message': '12-11 08:24:51.687  9929  9979 D CCodecConfig: no c2 equivalents for channel-mask'}
{'timestamp': 1702276322350, 'level': 'ALL', 'message': '12-11 08:24:51.687  9929  9979 D CCodecConfig: no c2 equivalents for flags'}
{'timestamp': 1702276322350, 'level': 'ALL', 'message': '12-11 08:24:51.688  9929  9979 D CCodecConfig: c2 config diff is   c2::u32 raw.channel-count.value = 2'}
{'timestamp': 1702276322350, 'level': 'ALL', 'message': '12-11 08:24:51.689  9929  9979 W Codec2Client: query -- param skipped: index = 1107298332.'}
{'timestamp': 1702276322350, 'level': 'ALL', 'message': '12-11 08:24:51.689  9929  9979 D CCodec  : setup formats input: AMessage(what = 0x00000000) = {'}
{'timestamp': 1702276322350, 'level': 'ALL', 'message': '12-11 08:24:51.689  9929  9979 D CCodec  :   int32_t channel-count = 2'}
{'timestamp': 1702276322350, 'level': 'ALL', 'message': '12-11 08:24:51.689  9929  9979 D CCodec  :   int32_t max-input-size = 32768'}
{'timestamp': 1702276322350, 'level': 'ALL', 'message': '12-11 08:24:51.689  9929  9979 D CCodec  :   string mime = "audio/vorbis"'}
{'timestamp': 1702276322350, 'level': 'ALL', 'message': '12-11 08:24:51.689  9929  9979 D CCodec  :   int32_t sample-rate = 48000'}
{'timestamp': 1702276322350, 'level': 'ALL', 'message': '12-11 08:24:51.689  9929  9979 D CCodec  : } and output: AMessage(what = 0x00000000) = {'}
{'timestamp': 1702276322350, 'level': 'ALL', 'message': '12-11 08:24:51.689  9929  9979 D CCodec  :   int32_t channel-count = 2'}
{'timestamp': 1702276322350, 'level': 'ALL', 'message': '12-11 08:24:51.689  9929  9979 D CCodec  :   string mime = "audio/raw"'}
{'timestamp': 1702276322350, 'level': 'ALL', 'message': '12-11 08:24:51.689  9929  9979 D CCodec  :   int32_t sample-rate = 48000'}
{'timestamp': 1702276322350, 'level': 'ALL', 'message': '12-11 08:24:51.689  9929  9979 D CCodec  :   int32_t channel-mask = 3'}
{'timestamp': 1702276322350, 'level': 'ALL', 'message': '12-11 08:24:51.689  9929  9979 D CCodec  : }'}
{'timestamp': 1702276322350, 'level': 'ALL', 'message': '12-11 08:24:51.691  9929  9979 W Codec2Client: query -- param skipped: index = 1342179345.'}
{'timestamp': 1702276322350, 'level': 'ALL', 'message': '12-11 08:24:51.691  9929  9979 W Codec2Client: query -- param skipped: index = 2415921170.'}
{'timestamp': 1702276322350, 'level': 'ALL', 'message': '12-11 08:24:51.692  9929  9979 E FMQ     : grantorIdx must be less than 3'}
{'timestamp': 1702276322350, 'level': 'ALL', 'message': '12-11 08:24:51.693  9929  9979 E FMQ     : grantorIdx must be less than 3'}
{'timestamp': 1702276322350, 'level': 'ALL', 'message': '12-11 08:24:51.693  9929  9979 D CCodecBufferChannel: [c2.android.vorbis.decoder#180] Created input block pool with allocatorID 16 => poolID 19 - OK (0)'}
{'timestamp': 1702276322350, 'level': 'ALL', 'message': '12-11 08:24:51.694   456  3009 E FMQ     : grantorIdx must be less than 3'}
{'timestamp': 1702276322350, 'level': 'ALL', 'message': '12-11 08:24:51.694   456  3009 E FMQ     : grantorIdx must be less than 3'}
{'timestamp': 1702276322350, 'level': 'ALL', 'message': '12-11 08:24:51.700  9929  9979 I CCodecBufferChannel: [c2.android.vorbis.decoder#180] Created output block pool with allocatorID 16 => poolID 126 - OK'}
{'timestamp': 1702276322350, 'level': 'ALL', 'message': '12-11 08:24:51.701  9929  9979 D CCodecBufferChannel: [c2.android.vorbis.decoder#180] Configured output block pool ids 126 => OK'}
{'timestamp': 1702276322350, 'level': 'ALL', 'message': '12-11 08:24:51.704   456  9980 D SimpleC2Component: Using output block pool with poolID 126 => got 126 - 0'}
{'timestamp': 1702276322350, 'level': 'ALL', 'message': '12-11 08:24:51.706  9929  9979 E FMQ     : grantorIdx must be less than 3'}
{'timestamp': 1702276322350, 'level': 'ALL', 'message': '12-11 08:24:51.707   456  3009 E FMQ     : grantorIdx must be less than 3'}
{'timestamp': 1702276322350, 'level': 'ALL', 'message': '12-11 08:24:51.708 31652 31995 D ConnectivityService: NetReassign [no changes]'}
{'timestamp': 1702276322350, 'level': 'ALL', 'message': '12-11 08:24:51.718 31652  1219 D ConnectivityService: requestNetwork for uid/pid:10144/9929 NetworkRequest [ TRACK_DEFAULT id=94, [ Capabilities: INTERNET&NOT_RESTRICTED&TRUSTED Uid: 10144 AdministratorUids: [] RequestorUid: 10144 RequestorPackageName: com.android.systemui] ]'}
{'timestamp': 1702276322350, 'level': 'ALL', 'message': '12-11 08:24:51.718 31652 31995 D ConnectivityService: NetReassign [94 : null → 100]'}
{'timestamp': 1702276322350, 'level': 'ALL', 'message': '12-11 08:24:51.719  9929  9929 V WifiManager: registerTrafficStateCallback: callback=com.android.systemui.statusbar.policy.WifiSignalController$WifiTrafficStateCallback@f4f246, executor=android.os.HandlerExecutor@bc82721'}
{'timestamp': 1702276322350, 'level': 'ALL', 'message': '12-11 08:24:51.721 32351 32351 D PhoneSwitcherNetworkRequstListener: got request NetworkRequest [ TRACK_DEFAULT id=94, [ Capabilities: INTERNET&NOT_RESTRICTED&TRUSTED Uid: 10144 AdministratorUids: [] RequestorUid: 10144 RequestorPackageName: com.android.systemui] ] with score 50 and providerId 2'}
{'timestamp': 1702276322350, 'level': 'ALL', 'message': '12-11 08:24:51.734   456  9980 E FMQ     : grantorIdx must be less than 3'}
{'timestamp': 1702276322350, 'level': 'ALL', 'message': '12-11 08:24:51.734  9929  9972 E FMQ     : grantorIdx must be less than 3'}
{'timestamp': 1702276322350, 'level': 'ALL', 'message': '12-11 08:24:51.734 31652  1225 D ConnectivityService: requestNetwork for uid/pid:10144/9929 NetworkRequest [ TRACK_DEFAULT id=95, [ Capabilities: INTERNET&NOT_RESTRICTED&TRUSTED Uid: 10144 AdministratorUids: [] RequestorUid: 10144 RequestorPackageName: com.android.systemui] ]'}
{'timestamp': 1702276322350, 'level': 'ALL', 'message': '12-11 08:24:51.736 32351 32351 D Telephony: isEmergencyPreferredAccount: subId=1, activeData=1'}
{'timestamp': 1702276322350, 'level': 'ALL', 'message': '12-11 08:24:51.736 32351 32351 D Telephony: isEmergencyPreferredAccount: Device does not require preference.'}
{'timestamp': 1702276322350, 'level': 'ALL', 'message': '12-11 08:24:51.737 31652 31995 D ConnectivityService: NetReassign [95 : null → 100]'}
{'timestamp': 1702276322350, 'level': 'ALL', 'message': '12-11 08:24:51.741 32351 32351 D PhoneSwitcherNetworkRequstListener: got request NetworkRequest [ TRACK_DEFAULT id=95, [ Capabilities: INTERNET&NOT_RESTRICTED&TRUSTED Uid: 10144 AdministratorUids: [] RequestorUid: 10144 RequestorPackageName: com.android.systemui] ] with score 50 and providerId 2'}
{'timestamp': 1702276322350, 'level': 'ALL', 'message': '12-11 08:24:51.745  9929  9948 D TelephonyRegistryManager: onSubscriptionsChangedListener callback received.'}
{'timestamp': 1702276322350, 'level': 'ALL', 'message': '12-11 08:24:51.750 32351 32351 D Telephony: isEmergencyPreferredAccount: subId=1, activeData=1'}
{'timestamp': 1702276322350, 'level': 'ALL', 'message': '12-11 08:24:51.750 32351 32351 D Telephony: isEmergencyPreferredAccount: Device does not require preference.'}
{'timestamp': 1702276322350, 'level': 'ALL', 'message': '12-11 08:24:51.779  9929  9929 D NavigationModeController: getCurrentInteractionMode: mode=0 contextUser=0'}
{'timestamp': 1702276322350, 'level': 'ALL', 'message': '12-11 08:24:51.808  9929  9929 I TetheringManager: registerTetheringEventCallback caller:com.android.systemui'}
{'timestamp': 1702276322350, 'level': 'ALL', 'message': '12-11 08:24:51.814  9929  9979 D CCodecBufferChannel: [c2.android.vorbis.decoder#180] MediaCodec discarded an unknown buffer'}
{'timestamp': 1702276322351, 'level': 'ALL', 'message': '12-11 08:24:51.814  9929  9979 I chatty  : uid=10144(com.android.systemui) identical 1 line'}
{'timestamp': 1702276322351, 'level': 'ALL', 'message': '12-11 08:24:51.814  9929  9979 D CCodecBufferChannel: [c2.android.vorbis.decoder#180] MediaCodec discarded an unknown buffer'}
{'timestamp': 1702276322351, 'level': 'ALL', 'message': '12-11 08:24:51.821  9929  9929 D LocalBluetoothProfileManager: LocalBluetoothProfileManager construction complete'}
{'timestamp': 1702276322351, 'level': 'ALL', 'message': '12-11 08:24:51.822  9929  9979 I hw-BpHwBinder: onLastStrongRef automatically unlinking death recipients'}
{'timestamp': 1702276322351, 'level': 'ALL', 'message': '12-11 08:24:51.822   456   983 I hw-BpHwBinder: onLastStrongRef automatically unlinking death recipients'}
{'timestamp': 1702276322351, 'level': 'ALL', 'message': '12-11 08:24:51.823   456   983 V C2Store : in ~ComponentModule'}
{'timestamp': 1702276322351, 'level': 'ALL', 'message': '12-11 08:24:51.823   456   983 V C2Store : unloading dll'}
{'timestamp': 1702276322351, 'level': 'ALL', 'message': '12-11 08:24:51.824  9929  9929 D LocalBluetoothProfileManager: Adding local A2DP profile'}
{'timestamp': 1702276322351, 'level': 'ALL', 'message': '12-11 08:24:51.829  9929  9929 D BluetoothA2dp: Binding service...'}
{'timestamp': 1702276322351, 'level': 'ALL', 'message': '12-11 08:24:51.834  9929  9929 D LocalBluetoothProfileManager: Adding local HEADSET profile'}
{'timestamp': 1702276322351, 'level': 'ALL', 'message': '12-11 08:24:51.839  9929  9929 D LocalBluetoothProfileManager: Adding local MAP profile'}
{'timestamp': 1702276322351, 'level': 'ALL', 'message': '12-11 08:24:51.840  9929  9929 D BluetoothMap: Create BluetoothMap proxy object'}
{'timestamp': 1702276322351, 'level': 'ALL', 'message': '12-11 08:24:51.842  9929  9929 D BluetoothMap: Binding service...'}
{'timestamp': 1702276322351, 'level': 'ALL', 'message': '12-11 08:24:51.848  9929  9929 D LocalBluetoothProfileManager: Adding local OPP profile'}
{'timestamp': 1702276322351, 'level': 'ALL', 'message': '12-11 08:24:51.849  9929  9929 D LocalBluetoothProfileManager: Adding local HID_HOST profile'}
{'timestamp': 1702276322351, 'level': 'ALL', 'message': '12-11 08:24:51.852  9929  9929 D BluetoothHidHost: Binding service...'}
{'timestamp': 1702276322351, 'level': 'ALL', 'message': '12-11 08:24:51.856  9929  9929 D LocalBluetoothProfileManager: Adding local HID_DEVICE profile'}
{'timestamp': 1702276322351, 'level': 'ALL', 'message': '12-11 08:24:51.859  9929  9929 D BluetoothHidDevice: Binding service...'}
{'timestamp': 1702276322351, 'level': 'ALL', 'message': '12-11 08:24:51.863  9929  9929 D LocalBluetoothProfileManager: Adding local PAN profile'}
{'timestamp': 1702276322351, 'level': 'ALL', 'message': '12-11 08:24:51.866  9929  9929 D BluetoothPan: Binding service...'}
{'timestamp': 1702276322351, 'level': 'ALL', 'message': '12-11 08:24:51.871  9929  9929 D LocalBluetoothProfileManager: Adding local PBAP profile'}
{'timestamp': 1702276322351, 'level': 'ALL', 'message': '12-11 08:24:51.884 31652  1225 W ActivityManager: Receiver with filter android.content.IntentFilter@94d8325 already registered for pid 9929, callerPackage is com.android.systemui'}
{'timestamp': 1702276322351, 'level': 'ALL', 'message': '12-11 08:24:51.901  9929  9929 D StatusBar: disable<e i a s b h r c s > disable2<q i n >'}
{'timestamp': 1702276322351, 'level': 'ALL', 'message': '12-11 08:24:51.903 31652  1225 I StatusBarManagerService: registerStatusBar bar=com.android.internal.statusbar.IStatusBar$Stub$Proxy@8e13e87'}
{'timestamp': 1702276322351, 'level': 'ALL', 'message': '12-11 08:24:51.940  9929  9948 D BluetoothHeadset: Proxy object connected'}
{'timestamp': 1702276322351, 'level': 'ALL', 'message': '12-11 08:24:51.998  9929  9929 I CameraManagerGlobal: Connecting to camera service'}
{'timestamp': 1702276322351, 'level': 'ALL', 'message': '12-11 08:24:52.016  9929  9929 W System  : ClassLoader referenced unknown path:'}
{'timestamp': 1702276322351, 'level': 'ALL', 'message': '12-11 08:24:52.063  9929  9929 D NavigationModeController: getCurrentInteractionMode: mode=0 contextUser=0'}
{'timestamp': 1702276322351, 'level': 'ALL', 'message': '12-11 08:24:52.073  9929  9929 D NavigationModeController: getCurrentInteractionMode: mode=0 contextUser=0'}
{'timestamp': 1702276322351, 'level': 'ALL', 'message': '12-11 08:24:52.076  9929  9929 D RenderScript HIDL Adaptation: IRenderScriptDevice::getService()'}
{'timestamp': 1702276322351, 'level': 'ALL', 'message': '12-11 08:24:52.077   179   179 I hwservicemanager: getTransport: Cannot find entry android.hardware.renderscript@1.0::IDevice/default in either framework or device manifest.'}
{'timestamp': 1702276322351, 'level': 'ALL', 'message': '12-11 08:24:52.078  9929  9929 D RenderScript HIDL Adaptation: IRenderScriptDevice::getService() returned 0x0'}
{'timestamp': 1702276322351, 'level': 'ALL', 'message': '12-11 08:24:52.078  9929  9929 D RenderScript HIDL Adaptation: Using Fallback Path.'}
{'timestamp': 1702276322351, 'level': 'ALL', 'message': '12-11 08:24:52.114  9929  9929 D ndroid.systemu: Successfully queried cache dir: /data/user_de/0/com.android.systemui/code_cache'}
{'timestamp': 1702276322351, 'level': 'ALL', 'message': '12-11 08:24:52.114  9929  9929 D RenderScript: Setting cache dir: /data/user_de/0/com.android.systemui/code_cache'}
{'timestamp': 1702276322351, 'level': 'ALL', 'message': '12-11 08:24:52.133  9929  9929 D NavigationModeController: getCurrentInteractionMode: mode=0 contextUser=0'}
{'timestamp': 1702276322351, 'level': 'ALL', 'message': '12-11 08:24:52.190  9929  9929 I chatty  : uid=10144(com.android.systemui) identical 1 line'}
{'timestamp': 1702276322351, 'level': 'ALL', 'message': '12-11 08:24:52.194  9929  9929 D NavigationModeController: getCurrentInteractionMode: mode=0 contextUser=0'}
{'timestamp': 1702276322351, 'level': 'ALL', 'message': '12-11 08:24:52.232  9929  9929 D StatusBar: mUserSetupObserver - DeviceProvisionedListener called for user 0'}
{'timestamp': 1702276322351, 'level': 'ALL', 'message': '12-11 08:24:52.233  9929  9929 D StatusBar: updateQsExpansionEnabled - QS Expand enabled: true'}
{'timestamp': 1702276322351, 'level': 'ALL', 'message': '12-11 08:24:52.235  9929  9929 D StatusBar: mUserSetupObserver - DeviceProvisionedListener called for user 0'}
{'timestamp': 1702276322351, 'level': 'ALL', 'message': '12-11 08:24:52.235  9929  9994 D OpenGLRenderer: profile bars disabled'}
{'timestamp': 1702276322351, 'level': 'ALL', 'message': '12-11 08:24:52.237  9929  9994 D OpenGLRenderer: ambientRatio = 1.50'}
{'timestamp': 1702276322351, 'level': 'ALL', 'message': '12-11 08:24:52.279 31652  1225 V Binder  : BinderProxy map growth! bucket size = 30 total = 2552'}
{'timestamp': 1702276322351, 'level': 'ALL', 'message': '12-11 08:24:52.303  9929  9929 D NotifPipeline: Notif pipeline initialized'}
{'timestamp': 1702276322351, 'level': 'ALL', 'message': '12-11 08:24:52.324  9929  9929 V WifiManager: registerSoftApCallback: callback=com.android.systemui.statusbar.policy.HotspotControllerImpl@3752140, executor=android.os.HandlerExecutor@80d879'}
{'timestamp': 1702276322351, 'level': 'ALL', 'message': '12-11 08:24:52.336 31652 31995 D ConnectivityService: NetReassign [no changes]'}
{'timestamp': 1702276322351, 'level': 'ALL', 'message': '12-11 08:24:52.346  9929  9929 D KeyguardViewMediator: adjustStatusBarLocked: mShowing=false mOccluded=false isSecure=false force=false --> flags=0x0'}
{'timestamp': 1702276322351, 'level': 'ALL', 'message': '12-11 08:24:52.349  9929  9929 D NavigationModeController: getCurrentInteractionMode: mode=0 contextUser=0'}
{'timestamp': 1702276322351, 'level': 'ALL', 'message': '12-11 08:24:52.362  9929  9929 W DockAlignmentController: wirelessCharger is null'}
{'timestamp': 1702276322351, 'level': 'ALL', 'message': '12-11 08:24:52.366  9929  9929 W SystemUIService: Initialization of com.android.systemui.statusbar.phone.StatusBar took 1003 ms'}
{'timestamp': 1702276322351, 'level': 'ALL', 'message': '12-11 08:24:52.384  9929  9929 D StorageNotification: Notifying about private volume: VolumeInfo{private}:'}
{'timestamp': 1702276322351, 'level': 'ALL', 'message': '12-11 08:24:52.384  9929  9929 D StorageNotification:     type=PRIVATE diskId=null partGuid=null mountFlags=0 mountUserId=-10000'}
{'timestamp': 1702276322351, 'level': 'ALL', 'message': '12-11 08:24:52.384  9929  9929 D StorageNotification:     state=MOUNTED'}
{'timestamp': 1702276322351, 'level': 'ALL', 'message': '12-11 08:24:52.384  9929  9929 D StorageNotification:     fsType=null fsUuid=null fsLabel=null'}
{'timestamp': 1702276322351, 'level': 'ALL', 'message': '12-11 08:24:52.384  9929  9929 D StorageNotification:     path=/data internalPath=null'}
{'timestamp': 1702276322351, 'level': 'ALL', 'message': '12-11 08:24:52.385  9929  9929 D StorageNotification: Notifying about public volume: VolumeInfo{public:251,80}:'}
{'timestamp': 1702276322351, 'level': 'ALL', 'message': '12-11 08:24:52.385  9929  9929 D StorageNotification:     type=PUBLIC diskId=disk:251,80 partGuid= mountFlags=VISIBLE mountUserId=0'}
{'timestamp': 1702276322351, 'level': 'ALL', 'message': '12-11 08:24:52.385  9929  9929 D StorageNotification:     state=MOUNTED'}
{'timestamp': 1702276322351, 'level': 'ALL', 'message': '12-11 08:24:52.385  9929  9929 D StorageNotification:     fsType=vfat fsUuid=141C-470A fsLabel=SDCARD'}
{'timestamp': 1702276322351, 'level': 'ALL', 'message': '12-11 08:24:52.385  9929  9929 D StorageNotification:     path=/storage/141C-470A internalPath=/mnt/media_rw/141C-470A'}
{'timestamp': 1702276322351, 'level': 'ALL', 'message': "12-11 08:24:52.457   477   477 E wifi_forwarder: qemu_pipe_open_ns:62: Could not connect to the 'pipe:qemud:wififorward' service: Invalid argument"}
{'timestamp': 1702276322351, 'level': 'ALL', 'message': '12-11 08:24:52.457   477   477 E wifi_forwarder: RemoteConnection failed to initialize: RemoteConnection failed to open pipe'}
{'timestamp': 1702276322351, 'level': 'ALL', 'message': '12-11 08:24:52.490  9929  9994 D libEGL  : loaded /vendor/lib/egl/libEGL_emulation.so'}
{'timestamp': 1702276322351, 'level': 'ALL', 'message': '12-11 08:24:52.491  9929  9994 D libEGL  : loaded /vendor/lib/egl/libGLESv1_CM_emulation.so'}
{'timestamp': 1702276322351, 'level': 'ALL', 'message': '12-11 08:24:52.496  9929  9994 D libEGL  : loaded /vendor/lib/egl/libGLESv2_emulation.so'}
{'timestamp': 1702276322351, 'level': 'ALL', 'message': "12-11 08:24:52.529  9929  9929 D skia    : --- Failed to create image decoder with message 'unimplemented'"}
{'timestamp': 1702276322351, 'level': 'ALL', 'message': '12-11 08:24:52.543  9929  9929 D StatusBar: disable<e i a s b h r c s > disable2<q i n >'}
{'timestamp': 1702276322351, 'level': 'ALL', 'message': '12-11 08:24:52.560  9929  9946 D KeyguardViewMediator: onStartedWakingUp, seq = 1'}
{'timestamp': 1702276322351, 'level': 'ALL', 'message': '12-11 08:24:52.560  9929  9946 D KeyguardViewMediator: notifyStartedWakingUp'}
{'timestamp': 1702276322351, 'level': 'ALL', 'message': '12-11 08:24:52.561  9929  9946 D KeyguardViewMediator: notifyScreenOn'}
{'timestamp': 1702276322351, 'level': 'ALL', 'message': '12-11 08:24:52.561  9929  9946 D KeyguardViewMediator: notifyScreenTurnedOn'}
{'timestamp': 1702276322351, 'level': 'ALL', 'message': '12-11 08:24:52.564  9929  9946 D KeyguardViewMediator: adjustStatusBarLocked: mShowing=false mOccluded=false isSecure=false force=false --> flags=0x0'}
{'timestamp': 1702276322351, 'level': 'ALL', 'message': '12-11 08:24:52.573  9929  9929 D KeyguardUpdateMonitor: handleSimStateChange(subId=1, slotId=0, state=5)'}
{'timestamp': 1702276322351, 'level': 'ALL', 'message': '12-11 08:24:52.578  9929  9929 D Tonal   : Tonal Palette - index: 10. Main color: ffe590b7'}
{'timestamp': 1702276322351, 'level': 'ALL', 'message': '12-11 08:24:52.578  9929  9929 D Tonal   : Colors: ff060104, ff1b0613, ff2f0b23, ff481135, ff671850, ff861f5d, ffa42773, ffbe4d91, ffd85a9e, ffde73aa, ffe590b7, ffefb9d1, fff5d6e5'}
{'timestamp': 1702276322351, 'level': 'ALL', 'message': '12-11 08:24:52.578  9929  9929 D Tonal   : Gradients:'}
{'timestamp': 1702276322351, 'level': 'ALL', 'message': '12-11 08:24:52.578  9929  9929 D Tonal   : \tNormal GradientColors(ffe590b7, ffe590b7)'}
{'timestamp': 1702276322351, 'level': 'ALL', 'message': '12-11 08:24:52.578  9929  9929 D Tonal   : \tDark GradientColors(ff481135, ff481135)'}
{'timestamp': 1702276322351, 'level': 'ALL', 'message': '12-11 08:24:52.578  9929  9929 D Tonal   : \tExtra dark: GradientColors(ff2f0b23, ff2f0b23)'}
{'timestamp': 1702276322351, 'level': 'ALL', 'message': '12-11 08:24:52.578  9929  9929 D Tonal   : Tonal Palette - index: 10. Main color: ffe590b7'}
{'timestamp': 1702276322351, 'level': 'ALL', 'message': '12-11 08:24:52.578  9929  9929 D Tonal   : Colors: ff060104, ff1b0613, ff2f0b23, ff481135, ff671850, ff861f5d, ffa42773, ffbe4d91, ffd85a9e, ffde73aa, ffe590b7, ffefb9d1, fff5d6e5'}
{'timestamp': 1702276322351, 'level': 'ALL', 'message': '12-11 08:24:52.578  9929  9929 D Tonal   : Gradients:'}
{'timestamp': 1702276322351, 'level': 'ALL', 'message': '12-11 08:24:52.578  9929  9929 D Tonal   : \tNormal GradientColors(ffe590b7, ffe590b7)'}
{'timestamp': 1702276322351, 'level': 'ALL', 'message': '12-11 08:24:52.578  9929  9929 D Tonal   : \tDark GradientColors(ff481135, ff481135)'}
{'timestamp': 1702276322351, 'level': 'ALL', 'message': '12-11 08:24:52.578  9929  9929 D Tonal   : \tExtra dark: GradientColors(ff2f0b23, ff2f0b23)'}
{'timestamp': 1702276322351, 'level': 'ALL', 'message': '12-11 08:24:52.603  9929  9994 D HostConnection: HostConnection::get() New Host Connection established 0xed8b9040, tid 9994'}
{'timestamp': 1702276322351, 'level': 'ALL', 'message': '12-11 08:24:52.613  9929  9994 D HostConnection: HostComposition ext ANDROID_EMU_CHECKSUM_HELPER_v1 ANDROID_EMU_native_sync_v2 ANDROID_EMU_native_sync_v3 ANDROID_EMU_native_sync_v4 ANDROID_EMU_dma_v1 ANDROID_EMU_direct_mem ANDROID_EMU_vulkan ANDROID_EMU_deferred_vulkan_commands ANDROID_EMU_vulkan_null_optional_strings ANDROID_EMU_vulkan_create_resources_with_requirements ANDROID_EMU_YUV_Cache ANDROID_EMU_vulkan_ignored_handles ANDROID_EMU_has_shared_slots_host_memory_allocator ANDROID_EMU_vulkan_free_memory_sync ANDROID_EMU_vulkan_shader_float16_int8 ANDROID_EMU_vulkan_async_queue_submit ANDROID_EMU_sync_buffer_data ANDROID_EMU_vulkan_async_qsri ANDROID_EMU_read_color_buffer_dma GL_OES_vertex_array_object GL_KHR_texture_compression_astc_ldr ANDROID_EMU_host_side_tracing ANDROID_EMU_gles_max_version_2'}
{'timestamp': 1702276322351, 'level': 'ALL', 'message': '12-11 08:24:52.616   179   179 I hwservicemanager: getTransport: Cannot find entry android.hardware.configstore@1.0::ISurfaceFlingerConfigs/default in either framework or device manifest.'}
{'timestamp': 1702276322351, 'level': 'ALL', 'message': '12-11 08:24:52.618  9929  9994 W OpenGLRenderer: Failed to choose config with EGL_SWAP_BEHAVIOR_PRESERVED, retrying without...'}
{'timestamp': 1702276322351, 'level': 'ALL', 'message': '12-11 08:24:52.641  9929  9942 I ndroid.systemu: Background young concurrent copying GC freed 59154(4279KB) AllocSpace objects, 12(240KB) LOS objects, 85% free, 4335KB/28MB, paused 4.329ms total 140.685ms'}
{'timestamp': 1702276322351, 'level': 'ALL', 'message': '12-11 08:24:52.651  9929  9994 D EGL_emulation: eglCreateContext: 0xed8a07d0: maj 2 min 0 rcv 2'}
{'timestamp': 1702276322351, 'level': 'ALL', 'message': '12-11 08:24:52.655  9929  9994 D EGL_emulation: eglMakeCurrent: 0xed8a07d0: ver 2 0 (tinfo 0xbc248730) (first time)'}
{'timestamp': 1702276322351, 'level': 'ALL', 'message': '12-11 08:24:52.662   320   320 D goldfish-address-space: claimShared: Ask to claim region [0x3f3d77000 0x3f3e07000]'}
{'timestamp': 1702276322351, 'level': 'ALL', 'message': '12-11 08:24:52.666   179   179 I hwservicemanager: getTransport: Cannot find entry android.hardware.graphics.mapper@4.0::IMapper/default in either framework or device manifest.'}
{'timestamp': 1702276322351, 'level': 'ALL', 'message': '12-11 08:24:52.666  9929  9994 I Gralloc4: mapper 4.x is not supported'}
{'timestamp': 1702276322351, 'level': 'ALL', 'message': '12-11 08:24:52.674  9929  9994 D HostConnection: createUnique: call'}
{'timestamp': 1702276322351, 'level': 'ALL', 'message': '12-11 08:24:52.675  9929  9994 D HostConnection: HostConnection::get() New Host Connection established 0xed8adc70, tid 9994'}
{'timestamp': 1702276322351, 'level': 'ALL', 'message': '12-11 08:24:52.675  9929  9994 D goldfish-address-space: allocate: Ask for block of size 0x100'}
{'timestamp': 1702276322351, 'level': 'ALL', 'message': '12-11 08:24:52.675  9929  9994 D goldfish-address-space: allocate: ioctl allocate returned offset 0x3efffe000 size 0x2000'}
{'timestamp': 1702276322351, 'level': 'ALL', 'message': '12-11 08:24:52.684  9929  9994 D HostConnection: HostComposition ext ANDROID_EMU_CHECKSUM_HELPER_v1 ANDROID_EMU_native_sync_v2 ANDROID_EMU_native_sync_v3 ANDROID_EMU_native_sync_v4 ANDROID_EMU_dma_v1 ANDROID_EMU_direct_mem ANDROID_EMU_vulkan ANDROID_EMU_deferred_vulkan_commands ANDROID_EMU_vulkan_null_optional_strings ANDROID_EMU_vulkan_create_resources_with_requirements ANDROID_EMU_YUV_Cache ANDROID_EMU_vulkan_ignored_handles ANDROID_EMU_has_shared_slots_host_memory_allocator ANDROID_EMU_vulkan_free_memory_sync ANDROID_EMU_vulkan_shader_float16_int8 ANDROID_EMU_vulkan_async_queue_submit ANDROID_EMU_sync_buffer_data ANDROID_EMU_vulkan_async_qsri ANDROID_EMU_read_color_buffer_dma GL_OES_vertex_array_object GL_KHR_texture_compression_astc_ldr ANDROID_EMU_host_side_tracing ANDROID_EMU_gles_max_version_2'}
{'timestamp': 1702276322351, 'level': 'ALL', 'message': '12-11 08:24:52.691   320   320 D goldfish-address-space: claimShared: Ask to claim region [0x3f3e07000 0x3f3e97000]'}
{'timestamp': 1702276322351, 'level': 'ALL', 'message': '12-11 08:24:52.695   320   320 D goldfish-address-space: claimShared: Ask to claim region [0x3f3e97000 0x3f3f27000]'}
{'timestamp': 1702276322351, 'level': 'ALL', 'message': '12-11 08:24:52.707  9929  9957 D HostConnection: HostConnection::get() New Host Connection established 0xed8a85d0, tid 9957'}
{'timestamp': 1702276322351, 'level': 'ALL', 'message': '12-11 08:24:52.715  9929  9957 D HostConnection: HostComposition ext ANDROID_EMU_CHECKSUM_HELPER_v1 ANDROID_EMU_native_sync_v2 ANDROID_EMU_native_sync_v3 ANDROID_EMU_native_sync_v4 ANDROID_EMU_dma_v1 ANDROID_EMU_direct_mem ANDROID_EMU_vulkan ANDROID_EMU_deferred_vulkan_commands ANDROID_EMU_vulkan_null_optional_strings ANDROID_EMU_vulkan_create_resources_with_requirements ANDROID_EMU_YUV_Cache ANDROID_EMU_vulkan_ignored_handles ANDROID_EMU_has_shared_slots_host_memory_allocator ANDROID_EMU_vulkan_free_memory_sync ANDROID_EMU_vulkan_shader_float16_int8 ANDROID_EMU_vulkan_async_queue_submit ANDROID_EMU_sync_buffer_data ANDROID_EMU_vulkan_async_qsri ANDROID_EMU_read_color_buffer_dma GL_OES_vertex_array_object GL_KHR_texture_compression_astc_ldr ANDROID_EMU_host_side_tracing ANDROID_EMU_gles_max_version_2'}
{'timestamp': 1702276322351, 'level': 'ALL', 'message': '12-11 08:24:52.721  9929  9957 D EglHelper: createEglContext start'}
{'timestamp': 1702276322351, 'level': 'ALL', 'message': '12-11 08:24:52.752  9929  9957 D EGL_emulation: eglCreateContext: 0xed8a8100: maj 2 min 0 rcv 2'}
{'timestamp': 1702276322351, 'level': 'ALL', 'message': '12-11 08:24:52.752  9929  9957 D EglHelper: createEglContext done'}
{'timestamp': 1702276322351, 'level': 'ALL', 'message': '12-11 08:24:52.759  9929  9957 D EglHelper: createEglSurface start'}
{'timestamp': 1702276322351, 'level': 'ALL', 'message': '12-11 08:24:52.779   320   320 D goldfish-address-space: claimShared: Ask to claim region [0x3f4000000 0x3f44db000]'}
{'timestamp': 1702276322351, 'level': 'ALL', 'message': '12-11 08:24:52.786  9929  9957 D EGL_emulation: eglMakeCurrent: 0xed8a8100: ver 2 0 (tinfo 0xedbf6bf0) (first time)'}
{'timestamp': 1702276322351, 'level': 'ALL', 'message': '12-11 08:24:52.790  9929  9957 D EglHelper: createEglSurface done'}
{'timestamp': 1702276322351, 'level': 'ALL', 'message': '12-11 08:24:52.945   320   320 D goldfish-address-space: claimShared: Ask to claim region [0x3f44db000 0x3f49b6000]'}
{'timestamp': 1702276322351, 'level': 'ALL', 'message': '12-11 08:24:53.145 31652 32346 I system_server: oneway function results will be dropped but finished with status OK and parcel size 4'}
{'timestamp': 1702276322351, 'level': 'ALL', 'message': '12-11 08:24:54.249   396   396 D BoundBrokerSvc: onUnbind: Intent { act=com.google.android.gms.measurement.START pkg=com.google.android.gms }'}
{'timestamp': 1702276322351, 'level': 'ALL', 'message': '12-11 08:24:54.287 10008 10010 I cmd     : oneway function results will be dropped but finished with status OK and parcel size 4'}
{'timestamp': 1702276322351, 'level': 'ALL', 'message': '12-11 08:24:54.306 10012 10015 I cmd     : oneway function results will be dropped but finished with status OK and parcel size 4'}
{'timestamp': 1702276322351, 'level': 'ALL', 'message': '12-11 08:24:54.324 10017 10019 I cmd     : oneway function results will be dropped but finished with status OK and parcel size 4'}
{'timestamp': 1702276322351, 'level': 'ALL', 'message': '12-11 08:24:55.113   456   889 D BufferPoolAccessor2.0: evictor expired: 3, evicted: 0'}
{'timestamp': 1702276322351, 'level': 'ALL', 'message': '12-11 08:24:55.157 32722 32763 I PeriodicStatsRunner: PeriodicStatsRunner.call():180 call()'}
{'timestamp': 1702276322351, 'level': 'ALL', 'message': '12-11 08:24:55.157 32722 32763 I PeriodicStatsRunner: PeriodicStatsRunner.call():184 No submit PeriodicStats since input started.'}
{'timestamp': 1702276322351, 'level': 'ALL', 'message': '12-11 08:24:55.585  9929  9950 I ndroid.systemu: Waiting for a blocking GC ProfileSaver'}
{'timestamp': 1702276322351, 'level': 'ALL', 'message': '12-11 08:24:55.684 31652 31663 W System  : A resource failed to call release.'}
{'timestamp': 1702276322351, 'level': 'ALL', 'message': '12-11 08:24:55.685 31652 31663 I chatty  : uid=1000(system) FinalizerDaemon identical 3 lines'}
{'timestamp': 1702276322351, 'level': 'ALL', 'message': '12-11 08:24:55.685 31652 31663 W System  : A resource failed to call release.'}
{'timestamp': 1702276322351, 'level': 'ALL', 'message': '12-11 08:24:55.685 31652 31663 W System  : A resource failed to call dispose.'}
{'timestamp': 1702276322351, 'level': 'ALL', 'message': '12-11 08:24:55.693 31652 31663 W System  : A resource failed to call close.'}
{'timestamp': 1702276322351, 'level': 'ALL', 'message': '12-11 08:24:55.693 31652 31663 W System  : A resource failed to call release.'}
{'timestamp': 1702276322351, 'level': 'ALL', 'message': '12-11 08:24:55.693 31652 31663 W System  : A resource failed to call dispose.'}
{'timestamp': 1702276322351, 'level': 'ALL', 'message': '12-11 08:24:55.695 31652 31663 W System  : A resource failed to call close.'}
{'timestamp': 1702276322351, 'level': 'ALL', 'message': '12-11 08:24:55.702 10057 10059 I cmd     : oneway function results will be dropped but finished with status OK and parcel size 4'}
{'timestamp': 1702276322351, 'level': 'ALL', 'message': '12-11 08:24:55.754 31652 31992 I ActivityManager: Force stopping com.ajaxsystems appid=10158 user=0: from pid 10062'}
{'timestamp': 1702276322351, 'level': 'ALL', 'message': '12-11 08:24:55.756 31652 31992 I ActivityManager: Killing 9481:com.ajaxsystems/u0a158 (adj 700): stop com.ajaxsystems due to from pid 10062'}
{'timestamp': 1702276322351, 'level': 'ALL', 'message': '12-11 08:24:55.758 31652 31992 W ActivityTaskManager: Force removing ActivityRecord{5d03248 u0 com.ajaxsystems/.bootstrap.presentation.splash.SplashActivity t195 f}}: app died, no saved state'}
{'timestamp': 1702276322351, 'level': 'ALL', 'message': '12-11 08:24:55.767 10062 10064 I cmd     : oneway function results will be dropped but finished with status OK and parcel size 4'}
{'timestamp': 1702276322351, 'level': 'ALL', 'message': '12-11 08:24:55.791 32351 32351 D CarrierSvcBindHelper: No carrier app for: 0'}
{'timestamp': 1702276322351, 'level': 'ALL', 'message': '12-11 08:24:55.816 31652  1218 W WindowManager: Cannot find window which accessibility connection is added to'}
{'timestamp': 1702276322352, 'level': 'ALL', 'message': '12-11 08:24:55.817 31506 31506 I Zygote  : Process 9481 exited due to signal 9 (Killed)'}
{'timestamp': 1702276322352, 'level': 'ALL', 'message': '12-11 08:24:55.819 31652 31712 W ActivityManager: setHasOverlayUi called on unknown pid: 9481'}
{'timestamp': 1702276322352, 'level': 'ALL', 'message': '12-11 08:24:55.832 31652   995 I ActivityManager: Force stopping com.ajaxsystems appid=10158 user=0: clear data'}
{'timestamp': 1702276322352, 'level': 'ALL', 'message': '12-11 08:24:55.837 31652 31743 I ActivityManager: Force stopping com.ajaxsystems appid=10158 user=-1: clearApplicationUserData'}
{'timestamp': 1702276322352, 'level': 'ALL', 'message': '12-11 08:24:55.847 31652 31748 I libprocessgroup: Successfully killed process cgroup uid 10158 pid 9481 in 89ms'}
{'timestamp': 1702276322352, 'level': 'ALL', 'message': '12-11 08:24:55.848   445  6549 I MediaProvider: Invalidating LocalCallingIdentity cache for package com.ajaxsystems. Reason: op android:read_external_storage'}
{'timestamp': 1702276322352, 'level': 'ALL', 'message': '12-11 08:24:55.938   436   436 I keystore: clear_uid 10158'}
{'timestamp': 1702276322352, 'level': 'ALL', 'message': '12-11 08:24:55.958 32351 32351 D CarrierSvcBindHelper: No carrier app for: 0'}
{'timestamp': 1702276322352, 'level': 'ALL', 'message': '12-11 08:24:55.959 32106 32106 V AvrcpMediaPlayerList: mPackageChangedBroadcastReceiver: action: android.intent.action.PACKAGE_DATA_CLEARED'}
{'timestamp': 1702276322352, 'level': 'ALL', 'message': '12-11 08:24:55.966  1356  1356 I CarrierServices: [2] RcsAutoStartReceiver.a: enableRcs changed from true to true'}
{'timestamp': 1702276322352, 'level': 'ALL', 'message': '12-11 08:24:55.967 10067 10069 I cmd     : oneway function results will be dropped but finished with status OK and parcel size 4'}
{'timestamp': 1702276322352, 'level': 'ALL', 'message': '12-11 08:24:56.018 32604 10077 I Fitness : (REDACTED) FitCleanupIntentOperation received Intent %s'}
{'timestamp': 1702276322352, 'level': 'ALL', 'message': '12-11 08:24:56.032   445  5935 I MediaProvider: Begin Intent { act=android.intent.action.PACKAGE_DATA_CLEARED dat=package:com.ajaxsystems flg=0x1000010 cmp=com.google.android.providers.media.module/com.android.providers.media.MediaService (has extras) }'}
{'timestamp': 1702276322352, 'level': 'ALL', 'message': '12-11 08:24:56.035   445  5935 I MediaProvider: End Intent { act=android.intent.action.PACKAGE_DATA_CLEARED dat=package:com.ajaxsystems flg=0x1000010 cmp=com.google.android.providers.media.module/com.android.providers.media.MediaService (has extras) }'}
{'timestamp': 1702276322352, 'level': 'ALL', 'message': '12-11 08:24:56.059   396  9736 I Icing   : doRemovePackageData com.ajaxsystems'}
{'timestamp': 1702276322352, 'level': 'ALL', 'message': '12-11 08:24:56.124 10093 10095 I cmd     : oneway function results will be dropped but finished with status OK and parcel size 4'}
{'timestamp': 1702276322352, 'level': 'ALL', 'message': '12-11 08:24:56.146   445  6549 I MediaProvider: Invalidating LocalCallingIdentity cache for package com.ajaxsystems. Reason: op android:read_external_storage'}
{'timestamp': 1702276322352, 'level': 'ALL', 'message': '12-11 08:24:56.146 10097 10099 I cmd     : oneway function results will be dropped but finished with status OK and parcel size 4'}
{'timestamp': 1702276322352, 'level': 'ALL', 'message': '12-11 08:24:56.162 10101 10103 I cmd     : oneway function results will be dropped but finished with status OK and parcel size 4'}
{'timestamp': 1702276322352, 'level': 'ALL', 'message': '12-11 08:24:56.195 10109 10111 I cmd     : oneway function results will be dropped but finished with status OK and parcel size 4'}
{'timestamp': 1702276322352, 'level': 'ALL', 'message': '12-11 08:24:56.215 10113 10115 I cmd     : oneway function results will be dropped but finished with status OK and parcel size 4'}
{'timestamp': 1702276322352, 'level': 'ALL', 'message': '12-11 08:24:56.229 10117 10119 I cmd     : oneway function results will be dropped but finished with status OK and parcel size 4'}
{'timestamp': 1702276322352, 'level': 'ALL', 'message': '12-11 08:24:56.232  9929  9971 D BufferPoolAccessor2.0: bufferpool2 0xed5c7d88 : 0(0 size) total buffers - 0(0 size) used buffers - 1/9 (recycle/alloc) - 12/36 (fetch/transfer)'}
{'timestamp': 1702276322352, 'level': 'ALL', 'message': '12-11 08:24:56.232  9929  9971 D BufferPoolAccessor2.0: evictor expired: 1, evicted: 1'}
{'timestamp': 1702276322352, 'level': 'ALL', 'message': '12-11 08:24:56.251 10121 10123 I cmd     : oneway function results will be dropped but finished with status OK and parcel size 4'}
{'timestamp': 1702276322352, 'level': 'ALL', 'message': '12-11 08:24:56.266 10125 10127 I cmd     : oneway function results will be dropped but finished with status OK and parcel size 4'}
{'timestamp': 1702276322352, 'level': 'ALL', 'message': '12-11 08:24:56.281 10129 10131 I cmd     : oneway function results will be dropped but finished with status OK and parcel size 4'}
{'timestamp': 1702276322352, 'level': 'ALL', 'message': '12-11 08:24:56.297 10133 10135 I cmd     : oneway function results will be dropped but finished with status OK and parcel size 4'}
{'timestamp': 1702276322352, 'level': 'ALL', 'message': '12-11 08:24:56.335 10141 10143 I cmd     : oneway function results will be dropped but finished with status OK and parcel size 4'}
{'timestamp': 1702276322352, 'level': 'ALL', 'message': '12-11 08:24:56.377 32722 32763 I PeriodicStatsRunner: PeriodicStatsRunner.call():180 call()'}
{'timestamp': 1702276322352, 'level': 'ALL', 'message': '12-11 08:24:56.378 32722 32763 I PeriodicStatsRunner: PeriodicStatsRunner.call():184 No submit PeriodicStats since input started.'}
{'timestamp': 1702276322352, 'level': 'ALL', 'message': '12-11 08:24:56.394 10151 10153 I cmd     : oneway function results will be dropped but finished with status OK and parcel size 4'}
{'timestamp': 1702276322352, 'level': 'ALL', 'message': '12-11 08:24:56.415 10155 10157 I cmd     : oneway function results will be dropped but finished with status OK and parcel size 4'}
{'timestamp': 1702276322352, 'level': 'ALL', 'message': '12-11 08:24:56.433 10159 10161 I cmd     : oneway function results will be dropped but finished with status OK and parcel size 4'}
{'timestamp': 1702276322352, 'level': 'ALL', 'message': '12-11 08:24:56.454  9430 10162 I appium  : channel read: GET /sessions'}
{'timestamp': 1702276322352, 'level': 'ALL', 'message': '12-11 08:24:56.455  9430 10162 I appium  : GetSessions command'}
{'timestamp': 1702276322352, 'level': 'ALL', 'message': '12-11 08:24:56.459  9430 10162 I appium  : AppiumResponse: {"sessionId":"None","value":[{"id":"861f37f2-5793-4e5b-88c1-3e5500a1e4fb","capabilities":{"appPackage":"com.ajaxsystems","networkConnectionEnabled":true,"noSign":true,"warnings":{},"databaseEnabled":false,"deviceName":"emulator-5554","platform":"LINUX","deviceUDID":"emulator-5554","appActivity":"com…'}
{'timestamp': 1702276322352, 'level': 'ALL', 'message': '12-11 08:24:56.473  9430 10163 I appium  : channel read: DELETE /session/861f37f2-5793-4e5b-88c1-3e5500a1e4fb'}
{'timestamp': 1702276322352, 'level': 'ALL', 'message': '12-11 08:24:56.474  9430 10163 I appium  : DeleteSession command'}
{'timestamp': 1702276322352, 'level': 'ALL', 'message': '12-11 08:24:56.475  9430 10163 I appium  : Stopping uiautomator2 io.appium.uiautomator2.http io.appium.uiautomator2.server'}
{'timestamp': 1702276322352, 'level': 'ALL', 'message': '12-11 08:24:56.477  9430 10163 I appium  : AppiumResponse: {"sessionId":"861f37f2-5793-4e5b-88c1-3e5500a1e4fb","value":null}'}
{'timestamp': 1702276322352, 'level': 'ALL', 'message': '12-11 08:24:56.757  9430  9452 I TestRunner: finished: startServer(io.appium.uiautomator2.server.test.AppiumUiAutomator2Server)'}
{'timestamp': 1702276322352, 'level': 'ALL', 'message': '12-11 08:24:56.781  9430  9452 I TestRunner: run finished: 1 tests, 0 failed, 0 ignored'}
{'timestamp': 1702276322352, 'level': 'ALL', 'message': '12-11 08:24:56.785 31652 32346 W WindowManager: removeWindowToken: Attempted to remove non-existing token: android.os.Binder@c060bf1'}
{'timestamp': 1702276322352, 'level': 'ALL', 'message': '12-11 08:24:56.793 31652 32346 I ActivityManager: Force stopping io.appium.uiautomator2.server appid=10157 user=0: finished inst'}
{'timestamp': 1702276322352, 'level': 'ALL', 'message': '12-11 08:24:56.794 31652 32346 I ActivityManager: Killing 9430:io.appium.uiautomator2.server/u0a157 (adj 0): stop io.appium.uiautomator2.server due to finished inst'}
{'timestamp': 1702276322352, 'level': 'ALL', 'message': '12-11 08:24:56.797   517   929 I fvbt    : (REDACTED) #onAccessibilityStateChanged enabled: %s'}
{'timestamp': 1702276322352, 'level': 'ALL', 'message': '12-11 08:24:56.797  9415  9415 D AndroidRuntime: Shutting down VM'}
{'timestamp': 1702276322352, 'level': 'ALL', 'message': '12-11 08:24:56.797   517  1099 I fvbt    : #onChange'}
{'timestamp': 1702276322352, 'level': 'ALL', 'message': '12-11 08:24:56.797   517  1099 I cmrs    : #FCF: onChange'}
{'timestamp': 1702276322352, 'level': 'ALL', 'message': '12-11 08:24:56.799   517  1099 I cmrw    : (REDACTED) FCF System FeatureName to check: %s'}
{'timestamp': 1702276322352, 'level': 'ALL', 'message': '12-11 08:24:56.799   517  1099 I cmrw    : (REDACTED) FCF: Device model check status : %s'}
{'timestamp': 1702276322352, 'level': 'ALL', 'message': '12-11 08:24:56.800   517  1099 I cmrt    : FCF A11y Checker - readyForTngMa'}
{'timestamp': 1702276322352, 'level': 'ALL', 'message': '12-11 08:24:56.802   517  1099 I cmug    : (REDACTED) #FCF: Demo mode check status : %s'}
{'timestamp': 1702276322352, 'level': 'ALL', 'message': '12-11 08:24:56.815   517   979 I cmuh    : (REDACTED) #FCF: Managed profile check status : %s'}
{'timestamp': 1702276322352, 'level': 'ALL', 'message': '12-11 08:24:56.815   517   979 I cmrc    : (REDACTED) #FCF: Assistant primary locale : %s'}
{'timestamp': 1702276322352, 'level': 'ALL', 'message': '12-11 08:24:56.815   517   979 I cmrc    : (REDACTED) #FCF: Assistant Primary locale check status : %s'}
{'timestamp': 1702276322352, 'level': 'ALL', 'message': '12-11 08:24:56.816   517   979 I cmuj    : (REDACTED) [%d] productivity accounts setup for current account.'}
{'timestamp': 1702276322352, 'level': 'ALL', 'message': '12-11 08:24:56.843 31506 31506 I Zygote  : Process 9430 exited due to signal 9 (Killed)'}
{'timestamp': 1702276322352, 'level': 'ALL', 'message': '12-11 08:24:56.845 31652 31748 I libprocessgroup: Successfully killed process cgroup uid 10157 pid 9430 in 49ms'}
{'timestamp': 1702276322352, 'level': 'ALL', 'message': '12-11 08:24:56.852   653   833 I bfxf    : NGA enabled in interactor.'}
{'timestamp': 1702276322352, 'level': 'ALL', 'message': '12-11 08:24:56.857   653   833 I bfxf    : (REDACTED) Nga state changed to %s'}
{'timestamp': 1702276322352, 'level': 'ALL', 'message': '12-11 08:24:56.857   653   833 I bfxf    : (REDACTED) isTngActive=%s'}
{'timestamp': 1702276322352, 'level': 'ALL', 'message': '12-11 08:24:56.859   517  9111 I yvl     : Initializing all components'}
{'timestamp': 1702276322352, 'level': 'ALL', 'message': '12-11 08:24:56.860   517   979 I afzp    : (REDACTED) onIsEnabledChanged, isEnabled: %s'}
{'timestamp': 1702276322352, 'level': 'ALL', 'message': '12-11 08:24:56.860   517   979 W akjq    : Disposing empty manager. Did you forgot to subscribe observables?'}
{'timestamp': 1702276322352, 'level': 'ALL', 'message': '12-11 08:24:56.861   517   979 I chatty  : uid=10109(com.google.android.googlequicksearchbox) Lite Thread #0 identical 9 lines'}
{'timestamp': 1702276322352, 'level': 'ALL', 'message': '12-11 08:24:56.861   517   979 W akjq    : Disposing empty manager. Did you forgot to subscribe observables?'}
{'timestamp': 1702276322352, 'level': 'ALL', 'message': '12-11 08:24:56.862   517   979 I agvp    : (REDACTED) Setting session to type: %s'}
{'timestamp': 1702276322352, 'level': 'ALL', 'message': '12-11 08:24:56.862   517   979 W akjq    : Disposing empty manager. Did you forgot to subscribe observables?'}
{'timestamp': 1702276322352, 'level': 'ALL', 'message': '12-11 08:24:56.863   517   979 I chatty  : uid=10109(com.google.android.googlequicksearchbox) Lite Thread #0 identical 10 lines'}
{'timestamp': 1702276322352, 'level': 'ALL', 'message': '12-11 08:24:56.863   517   979 W akjq    : Disposing empty manager. Did you forgot to subscribe observables?'}
{'timestamp': 1702276322352, 'level': 'ALL', 'message': '12-11 08:24:56.867   517  1099 I adnn    : (REDACTED) State changed: %s => %s by %s and %s with %s'}
{'timestamp': 1702276322352, 'level': 'ALL', 'message': '12-11 08:24:56.869   517  1099 I adwu    : (REDACTED) Recognizer choice: (recognizer_type: %s, recognizer_mode: %s, choice_reason: %s)'}
{'timestamp': 1702276322352, 'level': 'ALL', 'message': '12-11 08:24:56.870   517   979 I zvn     : (REDACTED) Nga on-device enabled based on TNG:MA active state: %b'}
{'timestamp': 1702276322352, 'level': 'ALL', 'message': '12-11 08:24:56.871   517   979 I bltl    : setupConnection'}
{'timestamp': 1702276322352, 'level': 'ALL', 'message': '12-11 08:24:56.878   517  1099 I agqa    : (REDACTED) onActiveStateChangeEvent: %s => %s'}
{'timestamp': 1702276322352, 'level': 'ALL', 'message': '12-11 08:24:56.883   517  1099 I adgh    : (REDACTED) #onActiveStateChangeEvent, newState: %s, previousState: %s.'}
{'timestamp': 1702276322352, 'level': 'ALL', 'message': '12-11 08:24:56.888   517   979 I bltl    : (REDACTED) State changed: %s => %s'}
{'timestamp': 1702276322352, 'level': 'ALL', 'message': '12-11 08:24:56.888   517   979 I aajs    : (REDACTED) on opa visibility changed %s'}
{'timestamp': 1702276322352, 'level': 'ALL', 'message': '12-11 08:24:56.889   517   979 I aajs    : (REDACTED) on opa visibility changed %s'}
{'timestamp': 1702276322352, 'level': 'ALL', 'message': '12-11 08:24:56.889   517   979 I cmya    : (REDACTED) #FCF evaluate: %s'}
{'timestamp': 1702276322352, 'level': 'ALL', 'message': '12-11 08:24:56.889   517  1099 I zvn     : (REDACTED) Nga on-device enabled based on TNG:MA active state: %b'}
{'timestamp': 1702276322352, 'level': 'ALL', 'message': '12-11 08:24:56.889   517   979 I cmya    : (REDACTED) TngMaStatusChecker#evaluateInternal completed in %s millis'}
{'timestamp': 1702276322352, 'level': 'ALL', 'message': '12-11 08:24:56.889   517   979 I cmcg    : (REDACTED) TNG:MA status updated: %s'}
{'timestamp': 1702276322352, 'level': 'ALL', 'message': '12-11 08:24:56.889   517   979 I cmcg    : TNG:MA became eligible, Calling connect'}
{'timestamp': 1702276322352, 'level': 'ALL', 'message': '12-11 08:24:56.890   517   979 I cmcg    : (REDACTED) Connecting: %s'}
{'timestamp': 1702276322352, 'level': 'ALL', 'message': '12-11 08:24:56.890   517   979 I cmhx    : #unregisterBluetoothDevicesAvailabilityListener'}
{'timestamp': 1702276322352, 'level': 'ALL', 'message': '12-11 08:24:56.890   517   979 I cmya    : #invalidationSource: adding saa update checker'}
{'timestamp': 1702276322352, 'level': 'ALL', 'message': '12-11 08:24:56.891   517   979 I afnp    : (REDACTED) stopListening(%s, %s)'}
{'timestamp': 1702276322352, 'level': 'ALL', 'message': '12-11 08:24:56.899   653  8458 I aoso    : (REDACTED) Successfully received auth token for scope: %s in time %d ms'}
{'timestamp': 1702276322352, 'level': 'ALL', 'message': '12-11 08:24:56.901   517  1099 I zps     : Initialize'}
{'timestamp': 1702276322352, 'level': 'ALL', 'message': '12-11 08:24:56.902   517   979 I cmhx    : #unregisterBistoDevicesAvailabilityListener'}
{'timestamp': 1702276322352, 'level': 'ALL', 'message': '12-11 08:24:56.902   517   979 I cmhx    : enableBistoRouteIntegration disabled'}
{'timestamp': 1702276322352, 'level': 'ALL', 'message': '12-11 08:24:56.902   517  1099 I bltl    : onServiceConnected'}
{'timestamp': 1702276322352, 'level': 'ALL', 'message': '12-11 08:24:56.902   517   979 I cmhx    : #unregisterActivityTransitions'}
{'timestamp': 1702276322352, 'level': 'ALL', 'message': '12-11 08:24:56.902   517   979 I cmhx    : #unsubscribeFromHeadsetEventsForEarcons'}
{'timestamp': 1702276322352, 'level': 'ALL', 'message': '12-11 08:24:56.903   517   979 I cmhx    : #enableGmmTravelModeLogging flag disabled.'}
{'timestamp': 1702276322352, 'level': 'ALL', 'message': '12-11 08:24:56.903   517   979 I cqpb    : #unregisterShellAppInstallationReceiver'}
{'timestamp': 1702276322352, 'level': 'ALL', 'message': '12-11 08:24:56.903   517   979 I cmhx    : (REDACTED) Disconnect Reasons: %s'}
{'timestamp': 1702276322352, 'level': 'ALL', 'message': '12-11 08:24:56.903   517   979 I cmhx    : Client Already disconnected'}
{'timestamp': 1702276322352, 'level': 'ALL', 'message': '12-11 08:24:56.903   517   979 I cmib    : (REDACTED) Updated TngActivationStateResult %s'}
{'timestamp': 1702276322352, 'level': 'ALL', 'message': '12-11 08:24:56.903   517   979 I cmib    : (REDACTED) Emit result=%s'}
{'timestamp': 1702276322352, 'level': 'ALL', 'message': '12-11 08:24:56.903   517   979 I cmgb    : Scheduling removing Phenotype experience experiments id'}
{'timestamp': 1702276322352, 'level': 'ALL', 'message': '12-11 08:24:56.905   517   979 I cmhx    : #registerBluetoothDevicesAvailabilityListener'}
{'timestamp': 1702276322352, 'level': 'ALL', 'message': '12-11 08:24:56.907   653  9217 I A       : Calling beginBinderSession().'}
{'timestamp': 1702276322352, 'level': 'ALL', 'message': '12-11 08:24:56.912   653  9217 I A       : beginBinderSession(): calling binder'}
{'timestamp': 1702276322352, 'level': 'ALL', 'message': '12-11 08:24:56.913   517  1099 I bltl    : (REDACTED) State changed: %s => %s'}
{'timestamp': 1702276322352, 'level': 'ALL', 'message': '12-11 08:24:56.922   517   979 I cmhx    : Listening for setting changes changes'}
{'timestamp': 1702276322352, 'level': 'ALL', 'message': '12-11 08:24:56.925   517   979 I cmhx    : #registerBistoDevicesAvailabilityListener'}
{'timestamp': 1702276322352, 'level': 'ALL', 'message': '12-11 08:24:56.934   653   944 W atdn    : Invalid input from icing corpus JSON flag.'}
{'timestamp': 1702276322353, 'level': 'ALL', 'message': '12-11 08:24:56.934   653   944 W atdn    : android.util.MalformedJsonException: Use JsonReader.setLenient(true) to accept malformed JSON at line 123 column 2'}
{'timestamp': 1702276322353, 'level': 'ALL', 'message': '12-11 08:24:56.934   653   944 W atdn    : \tat android.util.JsonReader.syntaxError(JsonReader.java:1162)'}
{'timestamp': 1702276322353, 'level': 'ALL', 'message': '12-11 08:24:56.934   653   944 W atdn    : \tat android.util.JsonReader.checkLenient(JsonReader.java:840)'}
{'timestamp': 1702276322353, 'level': 'ALL', 'message': '12-11 08:24:56.934   653   944 W atdn    : \tat android.util.JsonReader.nextInArray(JsonReader.java:615)'}
{'timestamp': 1702276322353, 'level': 'ALL', 'message': '12-11 08:24:56.934   653   944 W atdn    : \tat android.util.JsonReader.peek(JsonReader.java:345)'}
{'timestamp': 1702276322353, 'level': 'ALL', 'message': '12-11 08:24:56.934   653   944 W atdn    : \tat android.util.JsonReader.hasNext(JsonReader.java:321)'}
{'timestamp': 1702276322353, 'level': 'ALL', 'message': '12-11 08:24:56.934   653   944 W atdn    : \tat atdn.c(PG:7)'}
{'timestamp': 1702276322353, 'level': 'ALL', 'message': '12-11 08:24:56.934   653   944 W atdn    : \tat atdn.<init>(PG:5)'}
{'timestamp': 1702276322353, 'level': 'ALL', 'message': '12-11 08:24:56.934   653   944 W atdn    : \tat bxey.<init>(PG:16)'}
{'timestamp': 1702276322353, 'level': 'ALL', 'message': '12-11 08:24:56.934   653   944 W atdn    : \tat bwzu.a(PG:14)'}
{'timestamp': 1702276322353, 'level': 'ALL', 'message': '12-11 08:24:56.934   653   944 W atdn    : \tat bxap.<init>(PG:7)'}
{'timestamp': 1702276322353, 'level': 'ALL', 'message': '12-11 08:24:56.934   653   944 W atdn    : \tat wju.b(PG:11)'}
{'timestamp': 1702276322353, 'level': 'ALL', 'message': '12-11 08:24:56.934   653   944 W atdn    : \tat iofm.b(PG:1)'}
{'timestamp': 1702276322353, 'level': 'ALL', 'message': '12-11 08:24:56.934   653   944 W atdn    : \tat bxfn.a(PG:3)'}
{'timestamp': 1702276322353, 'level': 'ALL', 'message': '12-11 08:24:56.934   653   944 W atdn    : \tat vwj.a(Unknown Source:3021)'}
{'timestamp': 1702276322353, 'level': 'ALL', 'message': '12-11 08:24:56.934   653   944 W atdn    : \tat vwj.b(PG:4)'}
{'timestamp': 1702276322353, 'level': 'ALL', 'message': '12-11 08:24:56.934   653   944 W atdn    : \tat appc.a(PG:2)'}
{'timestamp': 1702276322353, 'level': 'ALL', 'message': '12-11 08:24:56.934   653   944 W atdn    : \tat fcvo.a(PG:2)'}
{'timestamp': 1702276322353, 'level': 'ALL', 'message': '12-11 08:24:56.934   653   944 W atdn    : \tat htad.a(PG:1)'}
{'timestamp': 1702276322353, 'level': 'ALL', 'message': '12-11 08:24:56.934   653   944 W atdn    : \tat hsza.run(PG:4)'}
{'timestamp': 1702276322353, 'level': 'ALL', 'message': '12-11 08:24:56.934   653   944 W atdn    : \tat htaf.run(PG:1)'}
{'timestamp': 1702276322353, 'level': 'ALL', 'message': '12-11 08:24:56.934   653   944 W atdn    : \tat exhk.run(PG:1)'}
{'timestamp': 1702276322353, 'level': 'ALL', 'message': '12-11 08:24:56.934   653   944 W atdn    : \tat java.util.concurrent.ThreadPoolExecutor.runWorker(ThreadPoolExecutor.java:1167)'}
{'timestamp': 1702276322353, 'level': 'ALL', 'message': '12-11 08:24:56.934   653   944 W atdn    : \tat java.util.concurrent.ThreadPoolExecutor$Worker.run(ThreadPoolExecutor.java:641)'}
{'timestamp': 1702276322353, 'level': 'ALL', 'message': '12-11 08:24:56.934   653   944 W atdn    : \tat exgp.run(PG:2)'}
{'timestamp': 1702276322353, 'level': 'ALL', 'message': '12-11 08:24:56.934   653   944 W atdn    : \tat java.lang.Thread.run(Thread.java:923)'}
{'timestamp': 1702276322353, 'level': 'ALL', 'message': '12-11 08:24:56.934   653   944 W atdn    : \tat exhp.run(PG:5)'}
{'timestamp': 1702276322353, 'level': 'ALL', 'message': '12-11 08:24:56.936   653   959 W avsu    : (REDACTED) Queue length for executor %s is now %d. Perhaps some tasks are too long, or the pool is too small.'}
{'timestamp': 1702276322353, 'level': 'ALL', 'message': '12-11 08:24:56.939   517   979 I cmhx    : enableBistoRouteIntegration disabled'}
{'timestamp': 1702276322353, 'level': 'ALL', 'message': '12-11 08:24:56.939   517  1099 I zvn     : (REDACTED) Nga on-device enabled based on TNG:MA active state: %b'}
{'timestamp': 1702276322353, 'level': 'ALL', 'message': '12-11 08:24:56.939   517   979 I cmhx    : #subscribeToHeadsetEventsForEarcons subscribing for headset events'}
{'timestamp': 1702276322353, 'level': 'ALL', 'message': '12-11 08:24:56.939   517   979 I cmhx    : #registerActivityTransitions'}
{'timestamp': 1702276322353, 'level': 'ALL', 'message': '12-11 08:24:56.939   517   979 I cmhx    : #enableGmmTravelModeLogging flag disabled.'}
{'timestamp': 1702276322353, 'level': 'ALL', 'message': '12-11 08:24:56.939   517  1099 I cmhx    : #onBluetoothAudioInputDevicesChanged'}
{'timestamp': 1702276322353, 'level': 'ALL', 'message': '12-11 08:24:56.939   517   979 I cqpb    : #registerShellAppInstallationReceiver'}
{'timestamp': 1702276322353, 'level': 'ALL', 'message': '12-11 08:24:56.939   517   929 I cntb    : (REDACTED) #onAudioDevicesAdded count: %s'}
{'timestamp': 1702276322353, 'level': 'ALL', 'message': '12-11 08:24:56.942   517  1099 I cmhx    : (REDACTED) starting updateConfig, reason: %s'}
{'timestamp': 1702276322353, 'level': 'ALL', 'message': '12-11 08:24:56.944   517   979 I cmhx    : (REDACTED) Connect Reason: %s'}
{'timestamp': 1702276322353, 'level': 'ALL', 'message': '12-11 08:24:56.944   517   979 I cmhx    : Connecting to Triggering Service.'}
{'timestamp': 1702276322353, 'level': 'ALL', 'message': '12-11 08:24:56.946   517   979 I yvl     : Successfully initialized all components'}
{'timestamp': 1702276322353, 'level': 'ALL', 'message': '12-11 08:24:56.947   653  1036 I axcj    : (REDACTED) isOpaHotwordEnabled: %b'}
{'timestamp': 1702276322353, 'level': 'ALL', 'message': '12-11 08:24:56.948   653  1036 I axcj    : Disabling the hotword detector.'}
{'timestamp': 1702276322353, 'level': 'ALL', 'message': '12-11 08:24:56.951   517   979 I cmzy    : (REDACTED) Robin eligibility : forceEnableRobinForSuwOptin %b'}
{'timestamp': 1702276322353, 'level': 'ALL', 'message': '12-11 08:24:56.951   517   979 I cmzy    : Robin eligibility: Robin experiment flag is disabled.'}
{'timestamp': 1702276322353, 'level': 'ALL', 'message': '12-11 08:24:56.953   653  1036 I aqdh    : (REDACTED) Updating hotword opa ineligibility to %b'}
{'timestamp': 1702276322353, 'level': 'ALL', 'message': '12-11 08:24:56.954   653  1036 I awzr    : getLocaleToModelSpecsMap'}
{'timestamp': 1702276322353, 'level': 'ALL', 'message': '12-11 08:24:56.955   653  1036 I awzr    : Fetching latest config from MDD...'}
{'timestamp': 1702276322353, 'level': 'ALL', 'message': '12-11 08:24:56.955   653  1036 I awzr    : (REDACTED) Found map of size: %d'}
{'timestamp': 1702276322353, 'level': 'ALL', 'message': '12-11 08:24:56.955   517   979 I cmzy    : (REDACTED) Robin eligibility #evaluate: isEnabled = %s failure reasons: %s'}
{'timestamp': 1702276322353, 'level': 'ALL', 'message': '12-11 08:24:56.956   517   979 I cmqy    : #getEarcons'}
{'timestamp': 1702276322353, 'level': 'ALL', 'message': '12-11 08:24:56.956   517   979 I cnsv    : (REDACTED) #isBluetoothOrWiredHeadsetConnected Number of connected audio devices: %s'}
{'timestamp': 1702276322353, 'level': 'ALL', 'message': '12-11 08:24:56.958   517   979 I cmqy    : #getEarcons'}
{'timestamp': 1702276322353, 'level': 'ALL', 'message': '12-11 08:24:56.958   517   979 I cnsv    : (REDACTED) #isBluetoothOrWiredHeadsetConnected Number of connected audio devices: %s'}
{'timestamp': 1702276322353, 'level': 'ALL', 'message': '12-11 08:24:56.959   517   979 I cqpb    : (REDACTED) isRobinEligible:%s, isRobinOptIn:%s, isRobinIconEnabled:%s, isImageComponentEnabled:%s'}
{'timestamp': 1702276322353, 'level': 'ALL', 'message': '12-11 08:24:56.963   517   517 I hvbt    : (REDACTED) Created gRPC endpoint for service %s'}
{'timestamp': 1702276322353, 'level': 'ALL', 'message': '12-11 08:24:56.964   517   979 I cqpb    : (REDACTED) %s was not found: %s'}
{'timestamp': 1702276322353, 'level': 'ALL', 'message': '12-11 08:24:56.965   517   979 I gcss    : (REDACTED) New connection(%s) added, total(%d).'}
{'timestamp': 1702276322353, 'level': 'ALL', 'message': '12-11 08:24:56.967   517  1065 I ugl     : no assistant invocation found, returning 0.'}
{'timestamp': 1702276322353, 'level': 'ALL', 'message': '12-11 08:24:56.967   517  1065 I ugl     : no assistant invocation found, returning 0.'}
{'timestamp': 1702276322353, 'level': 'ALL', 'message': '12-11 08:24:56.968   517  1099 I gckv    : (REDACTED) Client connections changed: %s.'}
{'timestamp': 1702276322353, 'level': 'ALL', 'message': '12-11 08:24:56.969   517  1099 I gcur    : (REDACTED) Initialize triggering managed lifecycle(%s)'}
{'timestamp': 1702276322353, 'level': 'ALL', 'message': '12-11 08:24:56.970   517  1099 I chatty  : uid=10109(com.google.android.googlequicksearchbox) Lite Thread #1 identical 5 lines'}
{'timestamp': 1702276322353, 'level': 'ALL', 'message': '12-11 08:24:56.970   517  1099 I gcur    : (REDACTED) Initialize triggering managed lifecycle(%s)'}
{'timestamp': 1702276322353, 'level': 'ALL', 'message': "12-11 08:24:56.970   517  1099 I gcrs    : (REDACTED) Using '%s' policy for same client allowance check."}
{'timestamp': 1702276322353, 'level': 'ALL', 'message': '12-11 08:24:56.970   517  1099 I gcur    : (REDACTED) Initialize triggering managed lifecycle(%s)'}
{'timestamp': 1702276322353, 'level': 'ALL', 'message': '12-11 08:24:56.970   517  1099 I gcur    : (REDACTED) Initialize triggering managed lifecycle(%s)'}
{'timestamp': 1702276322353, 'level': 'ALL', 'message': '12-11 08:24:56.974   517   979 I bltl    : (REDACTED) State changed: %s => %s (%s)'}
{'timestamp': 1702276322353, 'level': 'ALL', 'message': '12-11 08:24:56.974   517   979 I gckv    : (REDACTED) Connection state changed: %s.'}
{'timestamp': 1702276322353, 'level': 'ALL', 'message': '12-11 08:24:56.979   517   979 I cmzy    : (REDACTED) Robin eligibility : forceEnableRobinForSuwOptin %b'}
{'timestamp': 1702276322353, 'level': 'ALL', 'message': '12-11 08:24:56.979   517   979 I cmzy    : Robin eligibility: Robin experiment flag is disabled.'}
{'timestamp': 1702276322353, 'level': 'ALL', 'message': '12-11 08:24:56.979   517   979 I cmzy    : (REDACTED) Robin eligibility #evaluate: isEnabled = %s failure reasons: %s'}
{'timestamp': 1702276322353, 'level': 'ALL', 'message': '12-11 08:24:56.979   396   871 I Icing   : IndexChimeraService.getServiceInterface callingPackage=com.google.android.googlequicksearchbox componentName=null serviceId=36'}
{'timestamp': 1702276322353, 'level': 'ALL', 'message': '12-11 08:24:56.979   517   979 I cmzy    : (REDACTED) Robin eligibility : forceEnableRobinForSuwOptin %b'}
{'timestamp': 1702276322353, 'level': 'ALL', 'message': '12-11 08:24:56.979   517   979 I cmzy    : Robin eligibility: Robin experiment flag is disabled.'}
{'timestamp': 1702276322353, 'level': 'ALL', 'message': '12-11 08:24:56.980   653  1036 W aryj    : (REDACTED) %s task was not run. Callback from Service received after client was disposed.'}
{'timestamp': 1702276322354, 'level': 'ALL', 'message': '12-11 08:24:56.986   653  1036 I chatty  : uid=10109(com.google.android.googlequicksearchbox) EventBus0 identical 6 lines'}
{'timestamp': 1702276322354, 'level': 'ALL', 'message': '12-11 08:24:56.986   653  1036 W aryj    : (REDACTED) %s task was not run. Callback from Service received after client was disposed.'}
{'timestamp': 1702276322354, 'level': 'ALL', 'message': '12-11 08:24:56.986   517  1099 I cmzy    : (REDACTED) Robin eligibility : forceEnableRobinForSuwOptin %b'}
{'timestamp': 1702276322354, 'level': 'ALL', 'message': '12-11 08:24:56.986   517  1099 I cmzy    : Robin eligibility: Robin experiment flag is disabled.'}
{'timestamp': 1702276322354, 'level': 'ALL', 'message': '12-11 08:24:56.987   517  1099 I cmzy    : (REDACTED) Robin eligibility #evaluate: isEnabled = %s failure reasons: %s'}
{'timestamp': 1702276322354, 'level': 'ALL', 'message': '12-11 08:24:56.987   517  1099 I cmzy    : (REDACTED) Robin eligibility : forceEnableRobinForSuwOptin %b'}
{'timestamp': 1702276322354, 'level': 'ALL', 'message': '12-11 08:24:56.987   517  1099 I cmzy    : Robin eligibility: Robin experiment flag is disabled.'}
{'timestamp': 1702276322354, 'level': 'ALL', 'message': '12-11 08:24:56.987   517  1099 I cmzy    : (REDACTED) Robin eligibility #evaluate: isEnabled = %s failure reasons: %s'}
{'timestamp': 1702276322354, 'level': 'ALL', 'message': '12-11 08:24:56.998   517   979 I cmzy    : (REDACTED) Robin eligibility #evaluate: isEnabled = %s failure reasons: %s'}
{'timestamp': 1702276322354, 'level': 'ALL', 'message': '12-11 08:24:56.998   517   979 I cmrc    : (REDACTED) #FCF: Preferred assistant locale set %s'}
{'timestamp': 1702276322354, 'level': 'ALL', 'message': '12-11 08:24:57.015   517   979 I cmrc    : (REDACTED) #FCF: Preferred assistant locale set %s'}
{'timestamp': 1702276322354, 'level': 'ALL', 'message': '12-11 08:24:57.017   517  1099 I cmrc    : (REDACTED) #FCF: Assistant primary locale : %s'}
{'timestamp': 1702276322354, 'level': 'ALL', 'message': '12-11 08:24:57.017   517  1099 I cmrc    : (REDACTED) #FCF: Assistant Primary locale check status : %s'}
{'timestamp': 1702276322354, 'level': 'ALL', 'message': '12-11 08:24:57.018   517   979 I gqel    : (REDACTED) #onConfigUpdate. requester: %s'}
{'timestamp': 1702276322354, 'level': 'ALL', 'message': '12-11 08:24:57.018   517  1099 I cmrw    : (REDACTED) FCF System FeatureName to check: %s'}
{'timestamp': 1702276322354, 'level': 'ALL', 'message': '12-11 08:24:57.018   517  1099 I cmrw    : (REDACTED) FCF: Device model check status : %s'}
{'timestamp': 1702276322354, 'level': 'ALL', 'message': '12-11 08:24:57.018   517  1099 I cmrc    : (REDACTED) #FCF: Assistant primary locale : %s'}
{'timestamp': 1702276322354, 'level': 'ALL', 'message': '12-11 08:24:57.018   517  1099 I cmrc    : (REDACTED) #FCF: Assistant Primary locale check status : %s'}
{'timestamp': 1702276322354, 'level': 'ALL', 'message': '12-11 08:24:57.018   517  1099 I cmrw    : (REDACTED) FCF System FeatureName to check: %s'}
{'timestamp': 1702276322354, 'level': 'ALL', 'message': '12-11 08:24:57.018   517  1099 I cmrw    : (REDACTED) FCF: Device model check status : %s'}
{'timestamp': 1702276322354, 'level': 'ALL', 'message': '12-11 08:24:57.018   517  1099 I gckv    : (REDACTED) Invocations routing has changed'}
{'timestamp': 1702276322354, 'level': 'ALL', 'message': '12-11 08:24:57.018   517  1099 I gckv    : %s'}
{'timestamp': 1702276322354, 'level': 'ALL', 'message': '12-11 08:24:57.019   517  1099 I gqel    : #onConfigUpdate inside sequencer'}
{'timestamp': 1702276322354, 'level': 'ALL', 'message': '12-11 08:24:57.019   517  1099 I gqel    : (REDACTED) getAllConfigAndTakeAction called because of %s'}
{'timestamp': 1702276322354, 'level': 'ALL', 'message': '12-11 08:24:57.020   517  1099 I cmrw    : (REDACTED) FCF System FeatureName to check: %s'}
{'timestamp': 1702276322354, 'level': 'ALL', 'message': '12-11 08:24:57.020   517  1099 I cmrw    : (REDACTED) FCF: Device model check status : %s'}
{'timestamp': 1702276322354, 'level': 'ALL', 'message': '12-11 08:24:57.021   517  1099 I cmyg    : (REDACTED) #evaluate: isEnabled = %s failure reasons: %s'}
{'timestamp': 1702276322354, 'level': 'ALL', 'message': '12-11 08:24:57.022   517  1099 I cmfn    : (REDACTED) #initialConfig Current Locale set to: %s'}
{'timestamp': 1702276322354, 'level': 'ALL', 'message': '12-11 08:24:57.022   517  1099 I cmfn    : (REDACTED) #initialConfig Assistant is currently enabled: %s'}
{'timestamp': 1702276322354, 'level': 'ALL', 'message': '12-11 08:24:57.022   517  1099 I cmfn    : (REDACTED) #initialConfig InputModality is currently: %s'}
{'timestamp': 1702276322354, 'level': 'ALL', 'message': '12-11 08:24:57.022   517  1099 I cmfn    : (REDACTED) #initialConfig Speed Bump entry points: %s'}
{'timestamp': 1702276322354, 'level': 'ALL', 'message': '12-11 08:24:57.022   517  1099 I cmfn    : (REDACTED) #initialConfig Blocking oobe entrypoints: %s'}
{'timestamp': 1702276322354, 'level': 'ALL', 'message': '12-11 08:24:57.022   517  1099 I cmfn    : (REDACTED) #initialConfig Long Press Power Education entrypoints: %s'}
{'timestamp': 1702276322354, 'level': 'ALL', 'message': '12-11 08:24:57.022   517  1099 I cmfn    : (REDACTED) #initialConfig Robin entrypoints: %s'}
{'timestamp': 1702276322354, 'level': 'ALL', 'message': '12-11 08:24:57.022   517  1099 I cmfn    : (REDACTED) #initialConfig Preferred audio route type: %s'}
{'timestamp': 1702276322354, 'level': 'ALL', 'message': '12-11 08:24:57.023   517  1099 I cmfn    : (REDACTED) #initialConfig Earcons to be added: %s'}
{'timestamp': 1702276322354, 'level': 'ALL', 'message': '12-11 08:24:57.023   517   979 I cmrw    : (REDACTED) FCF System FeatureName to check: %s'}
{'timestamp': 1702276322354, 'level': 'ALL', 'message': '12-11 08:24:57.023   517  1099 I cmfn    : (REDACTED) #initialConfig Mic occupied behavior: %s'}
{'timestamp': 1702276322354, 'level': 'ALL', 'message': '12-11 08:24:57.023   517  1099 I cmfn    : (REDACTED) #initialConfig Headphone voice queries and spoken notifications status: %s'}
{'timestamp': 1702276322354, 'level': 'ALL', 'message': '12-11 08:24:57.024   517  1099 I gqhi    : #getHotwordInformation'}
{'timestamp': 1702276322354, 'level': 'ALL', 'message': '12-11 08:24:57.025   517   979 I cmrw    : (REDACTED) FCF: Device model check status : %s'}
{'timestamp': 1702276322354, 'level': 'ALL', 'message': '12-11 08:24:57.027   396   396 D BoundBrokerSvc: onBind: Intent { act=com.google.android.gms.feedback.internal.IFeedbackService dat=chimera-action: cmp=com.google.android.gms/.chimera.GmsBoundBrokerService }'}
{'timestamp': 1702276322354, 'level': 'ALL', 'message': '12-11 08:24:57.028   396   396 D BoundBrokerSvc: Loading bound service for intent: Intent { act=com.google.android.gms.feedback.internal.IFeedbackService dat=chimera-action: cmp=com.google.android.gms/.chimera.GmsBoundBrokerService }'}
{'timestamp': 1702276322354, 'level': 'ALL', 'message': '12-11 08:24:57.029   517  1099 I gqhi    : #getHotwordInformation bindService'}
{'timestamp': 1702276322354, 'level': 'ALL', 'message': '12-11 08:24:57.034   517   517 I gqhi    : (REDACTED) Connected to HotwordService. ComponentName %s, service %s'}
{'timestamp': 1702276322354, 'level': 'ALL', 'message': '12-11 08:24:57.035   517   979 I cmyg    : (REDACTED) #evaluate: isEnabled = %s failure reasons: %s'}
{'timestamp': 1702276322354, 'level': 'ALL', 'message': '12-11 08:24:57.036   517   979 I cmfn    : (REDACTED) #initialConfig Current Locale set to: %s'}
{'timestamp': 1702276322354, 'level': 'ALL', 'message': '12-11 08:24:57.036   517   979 I cmfn    : (REDACTED) #initialConfig Assistant is currently enabled: %s'}
{'timestamp': 1702276322354, 'level': 'ALL', 'message': '12-11 08:24:57.036   517   979 I cmfn    : (REDACTED) #initialConfig InputModality is currently: %s'}
{'timestamp': 1702276322354, 'level': 'ALL', 'message': '12-11 08:24:57.036   517 10172 I gqhi    : Handing HotwordService connection in executor.'}
{'timestamp': 1702276322354, 'level': 'ALL', 'message': '12-11 08:24:57.037   517  1099 I cmhx    : (REDACTED) starting updateConfig, reason: %s'}
{'timestamp': 1702276322354, 'level': 'ALL', 'message': '12-11 08:24:57.038   517   979 I cmfn    : (REDACTED) #initialConfig Speed Bump entry points: %s'}
{'timestamp': 1702276322354, 'level': 'ALL', 'message': '12-11 08:24:57.038   517   979 I cmfn    : (REDACTED) #initialConfig Blocking oobe entrypoints: %s'}
{'timestamp': 1702276322354, 'level': 'ALL', 'message': '12-11 08:24:57.038   517  1099 I gcvj    : (REDACTED) Platform configuration for connection(%s) has changed(@%s):%s'}
{'timestamp': 1702276322354, 'level': 'ALL', 'message': '12-11 08:24:57.038   517   979 I cmfn    : (REDACTED) #initialConfig Long Press Power Education entrypoints: %s'}
{'timestamp': 1702276322354, 'level': 'ALL', 'message': '12-11 08:24:57.039   517   979 I cmfn    : (REDACTED) #initialConfig Robin entrypoints: %s'}
{'timestamp': 1702276322354, 'level': 'ALL', 'message': '12-11 08:24:57.039   517  1099 I gcsi    : (REDACTED) On platform configuration update(@%s) in connection(%s).'}
{'timestamp': 1702276322354, 'level': 'ALL', 'message': '12-11 08:24:57.039   517   979 I cmfn    : (REDACTED) #initialConfig Preferred audio route type: %s'}
{'timestamp': 1702276322354, 'level': 'ALL', 'message': '12-11 08:24:57.039   517   979 I cmfn    : (REDACTED) #initialConfig Earcons to be added: %s'}
{'timestamp': 1702276322354, 'level': 'ALL', 'message': '12-11 08:24:57.039   517   979 I cmfn    : (REDACTED) #initialConfig Mic occupied behavior: %s'}
{'timestamp': 1702276322354, 'level': 'ALL', 'message': '12-11 08:24:57.039   517   979 I cmfn    : (REDACTED) #initialConfig Headphone voice queries and spoken notifications status: %s'}
{'timestamp': 1702276322354, 'level': 'ALL', 'message': '12-11 08:24:57.039   517  1099 I gcsi    : (REDACTED) New message(%s, @%s) received at connection(%s).'}
{'timestamp': 1702276322354, 'level': 'ALL', 'message': '12-11 08:24:57.039   517  1099 I gcsi    : (REDACTED) Setting client id(%s) at connection(%s).'}
{'timestamp': 1702276322354, 'level': 'ALL', 'message': '12-11 08:24:57.039   517  1099 I gcsi    : (REDACTED) Message(%s, @%s) has been successfully processed at connection(%s).'}
{'timestamp': 1702276322354, 'level': 'ALL', 'message': '12-11 08:24:57.040   517   979 I cmhx    : (REDACTED) On platform configuration update(%s).'}
{'timestamp': 1702276322354, 'level': 'ALL', 'message': '12-11 08:24:57.041   517   979 I cmhx    : Received ConfigurationUpdate from Triggering API'}
{'timestamp': 1702276322354, 'level': 'ALL', 'message': '12-11 08:24:57.041   517  1099 I cmqy    : #getEarcons'}
{'timestamp': 1702276322354, 'level': 'ALL', 'message': '12-11 08:24:57.041   517  1099 I cnsv    : (REDACTED) #isBluetoothOrWiredHeadsetConnected Number of connected audio devices: %s'}
{'timestamp': 1702276322354, 'level': 'ALL', 'message': '12-11 08:24:57.042   517   979 I gckv    : (REDACTED) Connection state changed: %s.'}
{'timestamp': 1702276322354, 'level': 'ALL', 'message': '12-11 08:24:57.043   517  1099 I cmib    : (REDACTED) Updated TngActivationStateResult %s'}
{'timestamp': 1702276322354, 'level': 'ALL', 'message': '12-11 08:24:57.043   517  1099 I cmib    : (REDACTED) Emit result=%s'}
{'timestamp': 1702276322354, 'level': 'ALL', 'message': '12-11 08:24:57.043   517  1099 I cmgb    : Scheduling setting Phenotype experience experiments id'}
{'timestamp': 1702276322354, 'level': 'ALL', 'message': '12-11 08:24:57.044   517  1099 I cmhx    : Client successfully connected!'}
{'timestamp': 1702276322354, 'level': 'ALL', 'message': '12-11 08:24:57.044   517   979 I cmrw    : (REDACTED) FCF System FeatureName to check: %s'}
{'timestamp': 1702276322354, 'level': 'ALL', 'message': '12-11 08:24:57.044   517  1099 I cmcg    : Calling speech biasing context session'}
{'timestamp': 1702276322354, 'level': 'ALL', 'message': '12-11 08:24:57.045   517  1099 I cmrw    : (REDACTED) FCF System FeatureName to check: %s'}
{'timestamp': 1702276322354, 'level': 'ALL', 'message': '12-11 08:24:57.045   517  1099 I cmrw    : (REDACTED) FCF: Device model check status : %s'}
{'timestamp': 1702276322354, 'level': 'ALL', 'message': '12-11 08:24:57.045   517  1099 I cmyg    : (REDACTED) #evaluate: isEnabled = %s failure reasons: %s'}
{'timestamp': 1702276322354, 'level': 'ALL', 'message': '12-11 08:24:57.045   653  3591 I awzr    : getLocaleToModelSpecsMap'}
{'timestamp': 1702276322354, 'level': 'ALL', 'message': '12-11 08:24:57.045   653  3591 I awzr    : Fetching latest config from MDD...'}
{'timestamp': 1702276322354, 'level': 'ALL', 'message': '12-11 08:24:57.046   517   979 I cmrw    : (REDACTED) FCF: Device model check status : %s'}
{'timestamp': 1702276322354, 'level': 'ALL', 'message': '12-11 08:24:57.046   517   979 I cmyg    : (REDACTED) #evaluate: isEnabled = %s failure reasons: %s'}
{'timestamp': 1702276322354, 'level': 'ALL', 'message': '12-11 08:24:57.047   653  3591 I awzr    : (REDACTED) Found map of size: %d'}
{'timestamp': 1702276322355, 'level': 'ALL', 'message': '12-11 08:24:57.049   517  1099 I cmrc    : (REDACTED) #FCF: Preferred assistant locale set %s'}
{'timestamp': 1702276322355, 'level': 'ALL', 'message': '12-11 08:24:57.049   517  1099 I cmrw    : (REDACTED) FCF System FeatureName to check: %s'}
{'timestamp': 1702276322355, 'level': 'ALL', 'message': '12-11 08:24:57.050   517  1099 I cmrw    : (REDACTED) FCF: Device model check status : %s'}
{'timestamp': 1702276322355, 'level': 'ALL', 'message': '12-11 08:24:57.050   517  1099 I cmrw    : (REDACTED) FCF System FeatureName to check: %s'}
{'timestamp': 1702276322355, 'level': 'ALL', 'message': '12-11 08:24:57.050   517  1099 I cmrw    : (REDACTED) FCF: Device model check status : %s'}
{'timestamp': 1702276322355, 'level': 'ALL', 'message': '12-11 08:24:57.050   517   979 I cmrw    : (REDACTED) FCF System FeatureName to check: %s'}
{'timestamp': 1702276322355, 'level': 'ALL', 'message': '12-11 08:24:57.050   517  1099 I cmyg    : (REDACTED) #evaluate: isEnabled = %s failure reasons: %s'}
{'timestamp': 1702276322355, 'level': 'ALL', 'message': '12-11 08:24:57.051   517  1099 I cmyi    : (REDACTED) #evaluate: isEnabled = %s failure reasons: %s'}
{'timestamp': 1702276322355, 'level': 'ALL', 'message': '12-11 08:24:57.051   517  1099 I cmyn    : (REDACTED) #evaluate: isEnabled = %s failure reasons: %s'}
{'timestamp': 1702276322355, 'level': 'ALL', 'message': '12-11 08:24:57.051   517  1099 I cmrc    : (REDACTED) #FCF: Preferred assistant locale set %s'}
{'timestamp': 1702276322355, 'level': 'ALL', 'message': '12-11 08:24:57.051   653  3591 I axcj    : (REDACTED) hasHotwordEverywhere-%b'}
{'timestamp': 1702276322355, 'level': 'ALL', 'message': '12-11 08:24:57.053   517  1099 I cmrw    : (REDACTED) FCF System FeatureName to check: %s'}
{'timestamp': 1702276322355, 'level': 'ALL', 'message': '12-11 08:24:57.053   517  1099 I cmrw    : (REDACTED) FCF: Device model check status : %s'}
{'timestamp': 1702276322355, 'level': 'ALL', 'message': '12-11 08:24:57.054   517  1099 I cmyt    : (REDACTED) #evaluate: isEnabled[ = %s failure reasons: %s'}
{'timestamp': 1702276322355, 'level': 'ALL', 'message': '12-11 08:24:57.054   517  1099 I cmys    : (REDACTED) #evaluate: isEnabled = %s failure reasons: %s'}
{'timestamp': 1702276322355, 'level': 'ALL', 'message': '12-11 08:24:57.054   517  1099 I cmzy    : (REDACTED) Robin eligibility : forceEnableRobinForSuwOptin %b'}
{'timestamp': 1702276322355, 'level': 'ALL', 'message': '12-11 08:24:57.055   517  1099 I cmzy    : Robin eligibility: Robin experiment flag is disabled.'}
{'timestamp': 1702276322355, 'level': 'ALL', 'message': '12-11 08:24:57.055   517  1099 I cmzy    : (REDACTED) Robin eligibility #evaluate: isEnabled = %s failure reasons: %s'}
{'timestamp': 1702276322355, 'level': 'ALL', 'message': '12-11 08:24:57.055   653  3591 I axed    : (REDACTED) #getHotwordModelFromMobstore [mobstoreUri: %s]'}
{'timestamp': 1702276322355, 'level': 'ALL', 'message': '12-11 08:24:57.055   517  1099 I cmrc    : (REDACTED) #FCF: Assistant primary locale : %s'}
{'timestamp': 1702276322355, 'level': 'ALL', 'message': '12-11 08:24:57.055   517  1099 I cmrc    : (REDACTED) #FCF: Assistant Primary locale check status : %s'}
{'timestamp': 1702276322355, 'level': 'ALL', 'message': '12-11 08:24:57.058   517  1065 I ugl     : no assistant invocation found, returning 0.'}
{'timestamp': 1702276322355, 'level': 'ALL', 'message': '12-11 08:24:57.058   517   979 I cmrw    : (REDACTED) FCF: Device model check status : %s'}
{'timestamp': 1702276322355, 'level': 'ALL', 'message': '12-11 08:24:57.058   517   979 I cmzy    : (REDACTED) Robin eligibility : forceEnableRobinForSuwOptin %b'}
{'timestamp': 1702276322355, 'level': 'ALL', 'message': '12-11 08:24:57.058   517   979 I cmzy    : Robin eligibility: Robin experiment flag is disabled.'}
{'timestamp': 1702276322355, 'level': 'ALL', 'message': '12-11 08:24:57.058   517  1067 I cmrw    : (REDACTED) FCF System FeatureName to check: %s'}
{'timestamp': 1702276322355, 'level': 'ALL', 'message': '12-11 08:24:57.058   517  1099 I cmrw    : (REDACTED) FCF System FeatureName to check: %s'}
{'timestamp': 1702276322355, 'level': 'ALL', 'message': '12-11 08:24:57.059   517  1099 I cmrw    : (REDACTED) FCF: Device model check status : %s'}
{'timestamp': 1702276322355, 'level': 'ALL', 'message': '12-11 08:24:57.059   517   979 I cmzy    : (REDACTED) Robin eligibility #evaluate: isEnabled = %s failure reasons: %s'}
{'timestamp': 1702276322355, 'level': 'ALL', 'message': '12-11 08:24:57.059   517   979 I cmwf    : (REDACTED) #evaluate: isEnabled = %s failure reasons: %s'}
{'timestamp': 1702276322355, 'level': 'ALL', 'message': '12-11 08:24:57.059   517   979 I cmrt    : FCF A11y Checker - readyForTngMa'}
{'timestamp': 1702276322355, 'level': 'ALL', 'message': '12-11 08:24:57.062   517  1099 I cmfn    : (REDACTED) Needs to download files: %s'}
{'timestamp': 1702276322355, 'level': 'ALL', 'message': '12-11 08:24:57.063   517  1099 I cmhx    : No changes in config detected'}
{'timestamp': 1702276322355, 'level': 'ALL', 'message': '12-11 08:24:57.064   517  1099 I cmrw    : (REDACTED) FCF System FeatureName to check: %s'}
{'timestamp': 1702276322355, 'level': 'ALL', 'message': '12-11 08:24:57.064   517  1099 I cmrw    : (REDACTED) FCF: Device model check status : %s'}
{'timestamp': 1702276322355, 'level': 'ALL', 'message': '12-11 08:24:57.064   517  1099 I cmrw    : (REDACTED) FCF System FeatureName to check: %s'}
{'timestamp': 1702276322355, 'level': 'ALL', 'message': '12-11 08:24:57.064   517  1099 I cmrw    : (REDACTED) FCF: Device model check status : %s'}
{'timestamp': 1702276322355, 'level': 'ALL', 'message': '12-11 08:24:57.064   517  1099 I cmrw    : (REDACTED) FCF System FeatureName to check: %s'}
{'timestamp': 1702276322355, 'level': 'ALL', 'message': '12-11 08:24:57.065   517  1099 I cmrw    : (REDACTED) FCF: Device model check status : %s'}
{'timestamp': 1702276322355, 'level': 'ALL', 'message': '12-11 08:24:57.065   517  1099 I cmug    : (REDACTED) #FCF: Demo mode check status : %s'}
{'timestamp': 1702276322355, 'level': 'ALL', 'message': '12-11 08:24:57.069   517   979 I cmuh    : (REDACTED) #FCF: Managed profile check status : %s'}
{'timestamp': 1702276322355, 'level': 'ALL', 'message': '12-11 08:24:57.071   517   979 I gckv    : (REDACTED) Invocations routing has changed'}
{'timestamp': 1702276322355, 'level': 'ALL', 'message': '12-11 08:24:57.071   517   979 I gckv    : %s'}
{'timestamp': 1702276322355, 'level': 'ALL', 'message': '12-11 08:24:57.072   517   979 I cmrc    : (REDACTED) #FCF: Assistant primary locale : %s'}
{'timestamp': 1702276322355, 'level': 'ALL', 'message': '12-11 08:24:57.072   517   979 I cmrc    : (REDACTED) #FCF: Assistant Primary locale check status : %s'}
{'timestamp': 1702276322355, 'level': 'ALL', 'message': '12-11 08:24:57.072   517   979 I cmrc    : (REDACTED) #FCF: Preferred assistant locale set %s'}
{'timestamp': 1702276322355, 'level': 'ALL', 'message': '12-11 08:24:57.074   517   979 I cmzy    : (REDACTED) Robin eligibility : forceEnableRobinForSuwOptin %b'}
{'timestamp': 1702276322355, 'level': 'ALL', 'message': '12-11 08:24:57.075   517   979 I cmzy    : Robin eligibility: Robin experiment flag is disabled.'}
{'timestamp': 1702276322355, 'level': 'ALL', 'message': '12-11 08:24:57.075   517   979 I cmzy    : (REDACTED) Robin eligibility #evaluate: isEnabled = %s failure reasons: %s'}
{'timestamp': 1702276322355, 'level': 'ALL', 'message': '12-11 08:24:57.075   517   979 I cmrc    : (REDACTED) #FCF: Assistant primary locale : %s'}
{'timestamp': 1702276322355, 'level': 'ALL', 'message': '12-11 08:24:57.075   517   979 I cmrc    : (REDACTED) #FCF: Assistant Primary locale check status : %s'}
{'timestamp': 1702276322355, 'level': 'ALL', 'message': '12-11 08:24:57.076   517  1067 I cmrw    : (REDACTED) FCF: Device model check status : %s'}
{'timestamp': 1702276322355, 'level': 'ALL', 'message': '12-11 08:24:57.076   517   979 I cmrw    : (REDACTED) FCF System FeatureName to check: %s'}
{'timestamp': 1702276322355, 'level': 'ALL', 'message': '12-11 08:24:57.076   517   979 I cmrw    : (REDACTED) FCF: Device model check status : %s'}
{'timestamp': 1702276322355, 'level': 'ALL', 'message': '12-11 08:24:57.078   517   979 I cmrw    : (REDACTED) FCF System FeatureName to check: %s'}
{'timestamp': 1702276322355, 'level': 'ALL', 'message': '12-11 08:24:57.080   517   979 I cmrw    : (REDACTED) FCF: Device model check status : %s'}
{'timestamp': 1702276322355, 'level': 'ALL', 'message': '12-11 08:24:57.080   517   979 I cmyg    : (REDACTED) #evaluate: isEnabled = %s failure reasons: %s'}
{'timestamp': 1702276322355, 'level': 'ALL', 'message': '12-11 08:24:57.080   517  1067 I cmrw    : (REDACTED) FCF System FeatureName to check: %s'}
{'timestamp': 1702276322355, 'level': 'ALL', 'message': '12-11 08:24:57.080   517   979 I cmfn    : (REDACTED) #initialConfig Current Locale set to: %s'}
{'timestamp': 1702276322355, 'level': 'ALL', 'message': '12-11 08:24:57.081   517   979 I cmfn    : (REDACTED) #initialConfig Assistant is currently enabled: %s'}
{'timestamp': 1702276322355, 'level': 'ALL', 'message': '12-11 08:24:57.081   517   979 I cmfn    : (REDACTED) #initialConfig InputModality is currently: %s'}
{'timestamp': 1702276322355, 'level': 'ALL', 'message': '12-11 08:24:57.081   517   979 I cmfn    : (REDACTED) #initialConfig Speed Bump entry points: %s'}
{'timestamp': 1702276322355, 'level': 'ALL', 'message': '12-11 08:24:57.081   517   979 I cmfn    : (REDACTED) #initialConfig Blocking oobe entrypoints: %s'}
{'timestamp': 1702276322355, 'level': 'ALL', 'message': '12-11 08:24:57.081   517   979 I cmfn    : (REDACTED) #initialConfig Long Press Power Education entrypoints: %s'}
{'timestamp': 1702276322355, 'level': 'ALL', 'message': '12-11 08:24:57.081   517   979 I cmfn    : (REDACTED) #initialConfig Robin entrypoints: %s'}
{'timestamp': 1702276322355, 'level': 'ALL', 'message': '12-11 08:24:57.081   517   979 I cmfn    : (REDACTED) #initialConfig Preferred audio route type: %s'}
{'timestamp': 1702276322355, 'level': 'ALL', 'message': '12-11 08:24:57.081   517   979 I cmfn    : (REDACTED) #initialConfig Earcons to be added: %s'}
{'timestamp': 1702276322355, 'level': 'ALL', 'message': '12-11 08:24:57.081   517   979 I cmfn    : (REDACTED) #initialConfig Mic occupied behavior: %s'}
{'timestamp': 1702276322355, 'level': 'ALL', 'message': '12-11 08:24:57.081   517   979 I cmfn    : (REDACTED) #initialConfig Headphone voice queries and spoken notifications status: %s'}
{'timestamp': 1702276322355, 'level': 'ALL', 'message': '12-11 08:24:57.082   517   979 I cmuj    : (REDACTED) [%d] productivity accounts setup for current account.'}
{'timestamp': 1702276322355, 'level': 'ALL', 'message': '12-11 08:24:57.082   517   979 I gcvj    : (REDACTED) Platform configuration for connection(%s) has changed(@%s):%s'}
{'timestamp': 1702276322355, 'level': 'ALL', 'message': '12-11 08:24:57.082   517   979 I gcsi    : (REDACTED) On platform configuration update(@%s) in connection(%s).'}
{'timestamp': 1702276322355, 'level': 'ALL', 'message': '12-11 08:24:57.083   517   979 I cmhx    : (REDACTED) On platform configuration update(%s).'}
{'timestamp': 1702276322355, 'level': 'ALL', 'message': '12-11 08:24:57.083   517   979 I cmhx    : Received ConfigurationUpdate from Triggering API'}
{'timestamp': 1702276322355, 'level': 'ALL', 'message': '12-11 08:24:57.083   517  1067 I cmrw    : (REDACTED) FCF: Device model check status : %s'}
{'timestamp': 1702276322355, 'level': 'ALL', 'message': '12-11 08:24:57.085   517  1067 I cmyg    : (REDACTED) #evaluate: isEnabled = %s failure reasons: %s'}
{'timestamp': 1702276322355, 'level': 'ALL', 'message': '12-11 08:24:57.085   517  1067 I cmyi    : (REDACTED) #evaluate: isEnabled = %s failure reasons: %s'}
{'timestamp': 1702276322355, 'level': 'ALL', 'message': '12-11 08:24:57.085   517  1067 I cmrw    : (REDACTED) FCF System FeatureName to check: %s'}
{'timestamp': 1702276322355, 'level': 'ALL', 'message': '12-11 08:24:57.085   517  1067 I cmrw    : (REDACTED) FCF: Device model check status : %s'}
{'timestamp': 1702276322355, 'level': 'ALL', 'message': '12-11 08:24:57.085   517  1067 I cmyt    : (REDACTED) #evaluate: isEnabled[ = %s failure reasons: %s'}
{'timestamp': 1702276322355, 'level': 'ALL', 'message': '12-11 08:24:57.085   517  1067 I ckxv    : Not connecting: not eligible for ondevice ASR and fulfillment'}
{'timestamp': 1702276322355, 'level': 'ALL', 'message': '12-11 08:24:57.086   517   979 I cmrw    : (REDACTED) FCF System FeatureName to check: %s'}
{'timestamp': 1702276322355, 'level': 'ALL', 'message': '12-11 08:24:57.086   517   979 I cmrw    : (REDACTED) FCF: Device model check status : %s'}
{'timestamp': 1702276322355, 'level': 'ALL', 'message': '12-11 08:24:57.086   517   979 I cmyg    : (REDACTED) #evaluate: isEnabled = %s failure reasons: %s'}
{'timestamp': 1702276322355, 'level': 'ALL', 'message': '12-11 08:24:57.086   653  1036 W aryj    : (REDACTED) %s task was not run. Callback from Service received after client was disposed.'}
{'timestamp': 1702276322355, 'level': 'ALL', 'message': '12-11 08:24:57.086   517   979 I cmrw    : (REDACTED) FCF System FeatureName to check: %s'}
{'timestamp': 1702276322355, 'level': 'ALL', 'message': '12-11 08:24:57.086   517   979 I cmrw    : (REDACTED) FCF: Device model check status : %s'}
{'timestamp': 1702276322355, 'level': 'ALL', 'message': '12-11 08:24:57.086   517   979 I cmyg    : (REDACTED) #evaluate: isEnabled = %s failure reasons: %s'}
{'timestamp': 1702276322355, 'level': 'ALL', 'message': '12-11 08:24:57.087   653  1036 I bfqg    : (REDACTED) Initializing MicroDataManager InitializeType-%d, isForced-%b, isActivePhoneEnrollment-%b isActiveGoogleHomeEnrollment-%b'}
{'timestamp': 1702276322355, 'level': 'ALL', 'message': '12-11 08:24:57.087   517   979 I cmrc    : (REDACTED) #FCF: Preferred assistant locale set %s'}
{'timestamp': 1702276322355, 'level': 'ALL', 'message': '12-11 08:24:57.087   517   979 I cmrw    : (REDACTED) FCF System FeatureName to check: %s'}
{'timestamp': 1702276322355, 'level': 'ALL', 'message': '12-11 08:24:57.087   517   979 I cmrw    : (REDACTED) FCF: Device model check status : %s'}
{'timestamp': 1702276322355, 'level': 'ALL', 'message': '12-11 08:24:57.087   653  1036 I awzr    : getLocaleToModelSpecsMap'}
{'timestamp': 1702276322355, 'level': 'ALL', 'message': '12-11 08:24:57.087   517   979 I cmrw    : (REDACTED) FCF System FeatureName to check: %s'}
{'timestamp': 1702276322355, 'level': 'ALL', 'message': '12-11 08:24:57.087   653  1036 I awzr    : Fetching latest config from MDD...'}
{'timestamp': 1702276322355, 'level': 'ALL', 'message': '12-11 08:24:57.087   517   979 I cmrw    : (REDACTED) FCF: Device model check status : %s'}
{'timestamp': 1702276322355, 'level': 'ALL', 'message': '12-11 08:24:57.087   653  1036 I awzr    : (REDACTED) Found map of size: %d'}
{'timestamp': 1702276322355, 'level': 'ALL', 'message': '12-11 08:24:57.087   653  1036 I axdu    : (REDACTED) Location for model with model type: %s and locale: %s, is : %s'}
{'timestamp': 1702276322355, 'level': 'ALL', 'message': '12-11 08:24:57.087   517   979 I cmyg    : (REDACTED) #evaluate: isEnabled = %s failure reasons: %s'}
{'timestamp': 1702276322355, 'level': 'ALL', 'message': '12-11 08:24:57.088   517   979 I cmyi    : (REDACTED) #evaluate: isEnabled = %s failure reasons: %s'}
{'timestamp': 1702276322355, 'level': 'ALL', 'message': '12-11 08:24:57.088   517   979 I cmyn    : (REDACTED) #evaluate: isEnabled = %s failure reasons: %s'}
{'timestamp': 1702276322355, 'level': 'ALL', 'message': '12-11 08:24:57.088   653  1036 I axcj    : (REDACTED) isOpaHotwordEnabled: %b'}
{'timestamp': 1702276322355, 'level': 'ALL', 'message': '12-11 08:24:57.088   517   979 I cmrc    : (REDACTED) #FCF: Preferred assistant locale set %s'}
{'timestamp': 1702276322355, 'level': 'ALL', 'message': '12-11 08:24:57.088   653  1036 I axcj    : Disabling the hotword detector.'}
{'timestamp': 1702276322355, 'level': 'ALL', 'message': '12-11 08:24:57.088   517   979 I cmrw    : (REDACTED) FCF System FeatureName to check: %s'}
{'timestamp': 1702276322355, 'level': 'ALL', 'message': '12-11 08:24:57.088   517   979 I cmrw    : (REDACTED) FCF: Device model check status : %s'}
{'timestamp': 1702276322355, 'level': 'ALL', 'message': '12-11 08:24:57.088   517   979 I cmyt    : (REDACTED) #evaluate: isEnabled[ = %s failure reasons: %s'}
{'timestamp': 1702276322355, 'level': 'ALL', 'message': '12-11 08:24:57.089   517   979 I cmys    : (REDACTED) #evaluate: isEnabled = %s failure reasons: %s'}
{'timestamp': 1702276322355, 'level': 'ALL', 'message': '12-11 08:24:57.089   517   979 I cmfn    : (REDACTED) Needs to download files: %s'}
{'timestamp': 1702276322355, 'level': 'ALL', 'message': '12-11 08:24:57.089   517   979 I cmhx    : No changes in config detected'}
{'timestamp': 1702276322355, 'level': 'ALL', 'message': '12-11 08:24:57.089   653  3591 I HotwordService: (REDACTED) Model ID: %s'}
{'timestamp': 1702276322355, 'level': 'ALL', 'message': '12-11 08:24:57.089   653  3591 I HotwordService: (REDACTED) hotwordModelLocation is null %b, locale is %s, re-mapped Chinese locale %s'}
{'timestamp': 1702276322355, 'level': 'ALL', 'message': '12-11 08:24:57.090   653  3591 I HotwordService: (REDACTED) isOpaEligibleAndUserEnabled: %b'}
{'timestamp': 1702276322355, 'level': 'ALL', 'message': '12-11 08:24:57.093   653  1036 I aqdh    : (REDACTED) #takeChangeMicroDetectorMode [mIsBargeInEnabled: %b, mCurrentDetectionMode: %s]'}
{'timestamp': 1702276322355, 'level': 'ALL', 'message': '12-11 08:24:57.093   653  1036 I aqdh    : (REDACTED) Should stop hotword detection immediately - %b'}
{'timestamp': 1702276322355, 'level': 'ALL', 'message': '12-11 08:24:57.094   653  1036 I axcj    : (REDACTED) isOpaHotwordEnabled: %b'}
{'timestamp': 1702276322355, 'level': 'ALL', 'message': '12-11 08:24:57.094   653  1036 I axcj    : Disabling the hotword detector.'}
{'timestamp': 1702276322355, 'level': 'ALL', 'message': '12-11 08:24:57.097   517  1099 I cmya    : (REDACTED) #FCF evaluate: %s'}
{'timestamp': 1702276322355, 'level': 'ALL', 'message': '12-11 08:24:57.098   517  1099 I cmya    : (REDACTED) TngMaStatusChecker#evaluateInternal completed in %s millis'}
{'timestamp': 1702276322355, 'level': 'ALL', 'message': '12-11 08:24:57.101   653  1036 I aqdh    : (REDACTED) #takeChangeMicroDetectorMode [mIsBargeInEnabled: %b, mCurrentDetectionMode: %s]'}
{'timestamp': 1702276322355, 'level': 'ALL', 'message': '12-11 08:24:57.101   653  1036 I aqdh    : (REDACTED) Should stop hotword detection immediately - %b'}
{'timestamp': 1702276322355, 'level': 'ALL', 'message': '12-11 08:24:57.103   653  1036 W aryj    : (REDACTED) %s task was not run. Callback from Service received after client was disposed.'}
{'timestamp': 1702276322355, 'level': 'ALL', 'message': '12-11 08:24:57.103   653  1036 W aryj    : (REDACTED) %s task was not run. Callback from Service received after client was disposed.'}
{'timestamp': 1702276322355, 'level': 'ALL', 'message': '12-11 08:24:57.103   517  1099 I gqel    : (REDACTED) #onConfigUpdate. requester: %s'}
{'timestamp': 1702276322355, 'level': 'ALL', 'message': '12-11 08:24:57.105   517  1099 I gqel    : (REDACTED) #onConfigUpdate. requester: %s'}
{'timestamp': 1702276322355, 'level': 'ALL', 'message': '12-11 08:24:57.107   396   871 I Icing   : IndexChimeraService.getServiceInterface callingPackage=com.google.android.gms componentName=null serviceId=30'}
{'timestamp': 1702276322355, 'level': 'ALL', 'message': '12-11 08:24:57.107   517  1099 I cmzy    : (REDACTED) Robin eligibility : forceEnableRobinForSuwOptin %b'}
{'timestamp': 1702276322355, 'level': 'ALL', 'message': '12-11 08:24:57.107   517  1099 I cmzy    : Robin eligibility: Robin experiment flag is disabled.'}
{'timestamp': 1702276322355, 'level': 'ALL', 'message': '12-11 08:24:57.108   653  1036 W aryj    : (REDACTED) %s task was not run. Callback from Service received after client was disposed.'}
{'timestamp': 1702276322355, 'level': 'ALL', 'message': '12-11 08:24:57.108   517  1099 I cmzy    : (REDACTED) Robin eligibility #evaluate: isEnabled = %s failure reasons: %s'}
{'timestamp': 1702276322355, 'level': 'ALL', 'message': '12-11 08:24:57.109   517  1099 I cmrc    : (REDACTED) #FCF: Preferred assistant locale set %s'}
{'timestamp': 1702276322355, 'level': 'ALL', 'message': '12-11 08:24:57.109   517  1099 I cmrc    : (REDACTED) #FCF: Assistant primary locale : %s'}
{'timestamp': 1702276322355, 'level': 'ALL', 'message': '12-11 08:24:57.112   517   979 I gdbo    : (REDACTED) On hotword consumer changed: %s.'}
{'timestamp': 1702276322355, 'level': 'ALL', 'message': '12-11 08:24:57.113   653  8458 I bxhq    : (REDACTED) Deleted sessionId[%d] from persistence.'}
{'timestamp': 1702276322355, 'level': 'ALL', 'message': '12-11 08:24:57.114   517  1067 I gcyb    : (REDACTED) Hotword consumer configuration has changed: %s.'}
{'timestamp': 1702276322355, 'level': 'ALL', 'message': '12-11 08:24:57.114   517  1099 I cmrc    : (REDACTED) #FCF: Assistant Primary locale check status : %s'}
{'timestamp': 1702276322355, 'level': 'ALL', 'message': '12-11 08:24:57.114   517  1099 I cmrw    : (REDACTED) FCF System FeatureName to check: %s'}
{'timestamp': 1702276322355, 'level': 'ALL', 'message': '12-11 08:24:57.114   517  1099 I cmrw    : (REDACTED) FCF: Device model check status : %s'}
{'timestamp': 1702276322355, 'level': 'ALL', 'message': '12-11 08:24:57.114   517  1067 I gczx    : (REDACTED) Updating HDM frontend with configuration=@%s.'}
{'timestamp': 1702276322355, 'level': 'ALL', 'message': '12-11 08:24:57.116   456   889 D BufferPoolAccessor2.0: bufferpool2 0xf2740bd8 : 0(0 size) total buffers - 0(0 size) used buffers - 5/7 (recycle/alloc) - 2/6 (fetch/transfer)'}
{'timestamp': 1702276322355, 'level': 'ALL', 'message': '12-11 08:24:57.116   456   889 D BufferPoolAccessor2.0: bufferpool2 0xf27461e8 : 0(0 size) total buffers - 0(0 size) used buffers - 14/17 (recycle/alloc) - 3/16 (fetch/transfer)'}
{'timestamp': 1702276322355, 'level': 'ALL', 'message': '12-11 08:24:57.116   456   889 D BufferPoolAccessor2.0: bufferpool2 0xf2742008 : 0(0 size) total buffers - 0(0 size) used buffers - 9/16 (recycle/alloc) - 7/15 (fetch/transfer)'}
{'timestamp': 1702276322355, 'level': 'ALL', 'message': '12-11 08:24:57.116   456   889 D BufferPoolAccessor2.0: evictor expired: 3, evicted: 3'}
{'timestamp': 1702276322355, 'level': 'ALL', 'message': '12-11 08:24:57.121   517  1067 I gqel    : (REDACTED) #update. Operational mode passed in HotwordConfig is %s'}
{'timestamp': 1702276322355, 'level': 'ALL', 'message': '12-11 08:24:57.121   517   979 I gqel    : (REDACTED) Receive Accountid: %s'}
{'timestamp': 1702276322355, 'level': 'ALL', 'message': '12-11 08:24:57.127   396  9736 I Icing   : Usage reports ok 1, Failed Usage reports 0, indexed 0, rejected 0'}
{'timestamp': 1702276322355, 'level': 'ALL', 'message': '12-11 08:24:57.133   517 10172 I gqhi    : HotwordInformation fetch will try to save hotword model.'}
{'timestamp': 1702276322355, 'level': 'ALL', 'message': '12-11 08:24:57.135   517 10172 I gqhi    : onSuccess getHotwordInformation'}
{'timestamp': 1702276322355, 'level': 'ALL', 'message': '12-11 08:24:57.137   653  1036 W apkf    : Abort, client detached.'}
{'timestamp': 1702276322355, 'level': 'ALL', 'message': '12-11 08:24:57.138   653  1036 I bnpw    : (REDACTED) taskGraphFactory: %s#%d'}
{'timestamp': 1702276322355, 'level': 'ALL', 'message': '12-11 08:24:57.139   653  1036 I axcj    : (REDACTED) isOpaHotwordEnabled: %b'}
{'timestamp': 1702276322355, 'level': 'ALL', 'message': '12-11 08:24:57.139   653  1036 I axcj    : Disabling the hotword detector.'}
{'timestamp': 1702276322355, 'level': 'ALL', 'message': '12-11 08:24:57.140   517   979 I gqhi    : Save the hotword model in the HotwordInformation.'}
{'timestamp': 1702276322355, 'level': 'ALL', 'message': '12-11 08:24:57.140   517  1099 I gqel    : getHotwordInformationWithRetry returned.'}
{'timestamp': 1702276322355, 'level': 'ALL', 'message': '12-11 08:24:57.142   653  1036 I aqdh    : (REDACTED) #takeChangeMicroDetectorMode [mIsBargeInEnabled: %b, mCurrentDetectionMode: %s]'}
{'timestamp': 1702276322355, 'level': 'ALL', 'message': '12-11 08:24:57.142   653  1036 I aqdh    : (REDACTED) Should stop hotword detection immediately - %b'}
{'timestamp': 1702276322355, 'level': 'ALL', 'message': '12-11 08:24:57.143   517   979 I gqel    : (REDACTED) #onConfigUpdate. requester: %s'}
{'timestamp': 1702276322355, 'level': 'ALL', 'message': '12-11 08:24:57.143   653  1036 I awzr    : getLocaleToModelSpecsMap'}
{'timestamp': 1702276322355, 'level': 'ALL', 'message': '12-11 08:24:57.143   653  1036 I awzr    : Fetching latest config from MDD...'}
{'timestamp': 1702276322355, 'level': 'ALL', 'message': '12-11 08:24:57.143   653  1036 I awzr    : (REDACTED) Found map of size: %d'}
{'timestamp': 1702276322355, 'level': 'ALL', 'message': '12-11 08:24:57.144   653  1036 W apln    : (REDACTED) Client : %s has no associated SessionController'}
{'timestamp': 1702276322355, 'level': 'ALL', 'message': '12-11 08:24:57.148   653   653 I hvbt    : (REDACTED) Created gRPC endpoint for service %s'}
{'timestamp': 1702276322355, 'level': 'ALL', 'message': '12-11 08:24:57.153   517   537 I hbox:interacto: Background young concurrent copying GC freed 121342(3955KB) AllocSpace objects, 8(3760KB) LOS objects, 42% free, 9384KB/15MB, paused 7.597ms total 154.029ms'}
{'timestamp': 1702276322355, 'level': 'ALL', 'message': '12-11 08:24:57.160   517   979 I gqel    : getHotwordConfig and getHotwordSettingState returned.'}
{'timestamp': 1702276322355, 'level': 'ALL', 'message': "12-11 08:24:57.161   517  1099 W KeyphraseEnrollmentInfo: No enrollment application supports the given keyphrase/locale: 'X Google'/ru_RU"}
{'timestamp': 1702276322355, 'level': 'ALL', 'message': "12-11 08:24:57.161   517  1099 W KeyphraseEnrollmentInfo: No enrollment application supports the given keyphrase/locale: 'X Google'/ru_RU"}
{'timestamp': 1702276322355, 'level': 'ALL', 'message': "12-11 08:24:57.161   517  1099 W KeyphraseEnrollmentInfo: No enrollment application supports the given keyphrase/locale: 'X Google'/ar_EG"}
{'timestamp': 1702276322355, 'level': 'ALL', 'message': "12-11 08:24:57.161   517  1099 W KeyphraseEnrollmentInfo: No enrollment application supports the given keyphrase/locale: 'X Google'/en_US"}
{'timestamp': 1702276322355, 'level': 'ALL', 'message': '12-11 08:24:57.161   517  1099 W gqat    : (REDACTED) #getDspEnrollmentFallbackLocale cannot find a fallback locale for %s.'}
{'timestamp': 1702276322355, 'level': 'ALL', 'message': "12-11 08:24:57.161   517  1099 W KeyphraseEnrollmentInfo: No enrollment application supports the given keyphrase/locale: 'Ok Google'/ru_RU"}
{'timestamp': 1702276322355, 'level': 'ALL', 'message': "12-11 08:24:57.161   517  1099 W KeyphraseEnrollmentInfo: No enrollment application supports the given keyphrase/locale: 'Ok Google'/ar_EG"}
{'timestamp': 1702276322355, 'level': 'ALL', 'message': "12-11 08:24:57.161   517  1099 W KeyphraseEnrollmentInfo: No enrollment application supports the given keyphrase/locale: 'Ok Google'/en_US"}
{'timestamp': 1702276322355, 'level': 'ALL', 'message': '12-11 08:24:57.161   517  1099 W gqat    : (REDACTED) #getDspEnrollmentFallbackLocale cannot find a fallback locale for %s.'}
{'timestamp': 1702276322355, 'level': 'ALL', 'message': '12-11 08:24:57.161   517  1099 I gqel    : (REDACTED) #getAllConfigAndTakeAction KeyphraseAndLocaleSupportResult. locale : %s, dsp locale : %s, keyphrase : %s, DSP keyphrase : %s, isKeyphraseAndLocaleSupported : %b.'}
{'timestamp': 1702276322355, 'level': 'ALL', 'message': '12-11 08:24:57.162   517  1099 I gqat    : #canUseDownloadDspModel: no DspModelInformationAvailable'}
{'timestamp': 1702276322355, 'level': 'ALL', 'message': '12-11 08:24:57.162   517  1099 I gqel    : (REDACTED) isDspHotwordSupportedByPlatform = %b, isDspHotwordModelAvailable = %b'}
{'timestamp': 1702276322355, 'level': 'ALL', 'message': '12-11 08:24:57.162   517  1099 I gqay    : (REDACTED) Voice Match (Speaker-id) supported : %b'}
{'timestamp': 1702276322355, 'level': 'ALL', 'message': '12-11 08:24:57.162   517  1099 I gqay    : (REDACTED) hotword enrollment state is enrolled:  %b, speakerId model exist: %b. Voice Match supported : %b'}
{'timestamp': 1702276322355, 'level': 'ALL', 'message': '12-11 08:24:57.162   517  1099 I gqay    : (REDACTED) isHotwordAvailable():  %b, isHotwordEnabled() %b'}
{'timestamp': 1702276322355, 'level': 'ALL', 'message': '12-11 08:24:57.162   517  1099 I gqay    : (REDACTED) Hotword enrollment state : %s.'}
{'timestamp': 1702276322355, 'level': 'ALL', 'message': '12-11 08:24:57.162   517  1099 I gqay    : (REDACTED) Voice Match (Speaker-id) supported : %b'}
{'timestamp': 1702276322355, 'level': 'ALL', 'message': '12-11 08:24:57.162   517  1099 I gqay    : (REDACTED) Hotword enrollment state : %s.'}
{'timestamp': 1702276322355, 'level': 'ALL', 'message': '12-11 08:24:57.164   517  1099 I gqfh    : (REDACTED) Operational mode passed in HotwordConfig is %s'}
{'timestamp': 1702276322355, 'level': 'ALL', 'message': '12-11 08:24:57.164   517  1099 I gqay    : (REDACTED) Voice Match (Speaker-id) supported : %b'}
{'timestamp': 1702276322355, 'level': 'ALL', 'message': '12-11 08:24:57.164   517  1099 I gqay    : (REDACTED) Voice Match (Speaker-id) supported : %b'}
{'timestamp': 1702276322355, 'level': 'ALL', 'message': '12-11 08:24:57.165   517  1099 I gqay    : (REDACTED) hotword enrollment state is enrolled:  %b, speakerId model exist: %b, voice match supported : %b'}
{'timestamp': 1702276322355, 'level': 'ALL', 'message': '12-11 08:24:57.165   517  1099 I gqay    : (REDACTED) Hotword enrollment state : %s.'}
{'timestamp': 1702276322355, 'level': 'ALL', 'message': '12-11 08:24:57.165   517  1099 I gqay    : (REDACTED) Hotword isNonVoiceMatchHotwordEnabled: %b, isHotwordAvailable: %b, isHotwordEnabled: %b, isVoiceMatchSupported: %b, isHotwordEnrolled: %b,'}
{'timestamp': 1702276322355, 'level': 'ALL', 'message': '12-11 08:24:57.165   517  1099 I gqay    : (REDACTED) Hotword enrollment state : %s.'}
{'timestamp': 1702276322355, 'level': 'ALL', 'message': '12-11 08:24:57.165   517  1099 I gqez    : (REDACTED) #getNextAction. Voice match enabled: %b. Hotword (non-Voice Match) enabled: %b, incomplete enrollment state: %b, screen on: %b, screen locked: %b dsp available: %b'}
{'timestamp': 1702276322355, 'level': 'ALL', 'message': '12-11 08:24:57.165   517  1099 I gqez    : (REDACTED) No operation needed since hotword detection is not running. Voice match enabled : %b. Hotword (non-Voice Match) enabled : %b, Is screen on : %b.'}
{'timestamp': 1702276322355, 'level': 'ALL', 'message': '12-11 08:24:57.165   517  1099 I gqel    : No detectors created before, no need to reconfig.'}
{'timestamp': 1702276322355, 'level': 'ALL', 'message': '12-11 08:24:57.165   517  1099 I gqel    : (REDACTED) Get the next action %s for requester %s.'}
{'timestamp': 1702276322355, 'level': 'ALL', 'message': '12-11 08:24:57.166   517  1099 I gqel    : (REDACTED) Hotword detection is running : %b, no further operation required.'}
{'timestamp': 1702276322355, 'level': 'ALL', 'message': '12-11 08:24:57.166   517  1099 I gqay    : (REDACTED) isHotwordAvailable():  %b, isHotwordEnabled() %b'}
{'timestamp': 1702276322355, 'level': 'ALL', 'message': '12-11 08:24:57.166   517  1099 I gqel    : #logRequestHandlingNonErrorEndEvent. Reset requestIdOfFirstError, firstStartErrorCausesRetry and numOfRetriesDoneForDspStartErrors!'}
{'timestamp': 1702276322355, 'level': 'ALL', 'message': '12-11 08:24:57.166   653   944 I gqii    : (REDACTED) Calling setIsModelTypeDspSupported %s'}
{'timestamp': 1702276322355, 'level': 'ALL', 'message': '12-11 08:24:57.167   517  1099 I gqel    : #onConfigUpdate inside sequencer'}
{'timestamp': 1702276322355, 'level': 'ALL', 'message': '12-11 08:24:57.167   517  1099 I gqel    : (REDACTED) getAllConfigAndTakeAction called because of %s'}
{'timestamp': 1702276322355, 'level': 'ALL', 'message': '12-11 08:24:57.167   517  1099 I gqhi    : #getHotwordInformation'}
{'timestamp': 1702276322355, 'level': 'ALL', 'message': '12-11 08:24:57.174   517  1099 I gqhi    : #getHotwordInformation bindService'}
{'timestamp': 1702276322355, 'level': 'ALL', 'message': '12-11 08:24:57.177   517   517 I gqhi    : (REDACTED) Connected to HotwordService. ComponentName %s, service %s'}
{'timestamp': 1702276322355, 'level': 'ALL', 'message': '12-11 08:24:57.178   396  9736 I Icing   : Usage reports ok 0, Failed Usage reports 0, indexed 0, rejected 0'}
{'timestamp': 1702276322355, 'level': 'ALL', 'message': '12-11 08:24:57.178   517 10172 I gqhi    : Handing HotwordService connection in executor.'}
{'timestamp': 1702276322355, 'level': 'ALL', 'message': '12-11 08:24:57.181   653  9217 I awzr    : getLocaleToModelSpecsMap'}
{'timestamp': 1702276322355, 'level': 'ALL', 'message': '12-11 08:24:57.182   653  9217 I awzr    : Fetching latest config from MDD...'}
{'timestamp': 1702276322355, 'level': 'ALL', 'message': '12-11 08:24:57.182   653  9217 I awzr    : (REDACTED) Found map of size: %d'}
{'timestamp': 1702276322355, 'level': 'ALL', 'message': '12-11 08:24:57.183   653  9217 I axcj    : (REDACTED) hasHotwordEverywhere-%b'}
{'timestamp': 1702276322355, 'level': 'ALL', 'message': '12-11 08:24:57.185   653  9217 I axed    : (REDACTED) #getHotwordModelFromMobstore [mobstoreUri: %s]'}
{'timestamp': 1702276322355, 'level': 'ALL', 'message': '12-11 08:24:57.194   653  9217 I HotwordService: (REDACTED) Model ID: %s'}
{'timestamp': 1702276322355, 'level': 'ALL', 'message': '12-11 08:24:57.195   653  9217 I HotwordService: (REDACTED) hotwordModelLocation is null %b, locale is %s, re-mapped Chinese locale %s'}
{'timestamp': 1702276322355, 'level': 'ALL', 'message': '12-11 08:24:57.195   653  9217 I HotwordService: (REDACTED) isOpaEligibleAndUserEnabled: %b'}
{'timestamp': 1702276322355, 'level': 'ALL', 'message': '12-11 08:24:57.201   517 10172 I gqhi    : HotwordInformation fetch will try to save hotword model.'}
{'timestamp': 1702276322355, 'level': 'ALL', 'message': '12-11 08:24:57.202   653  1036 W apln    : (REDACTED) Client : %s has no associated SessionController'}
{'timestamp': 1702276322355, 'level': 'ALL', 'message': '12-11 08:24:57.204   517 10172 I gqhi    : onSuccess getHotwordInformation'}
{'timestamp': 1702276322355, 'level': 'ALL', 'message': '12-11 08:24:57.211   517   979 I gqhi    : Save the hotword model in the HotwordInformation.'}
{'timestamp': 1702276322355, 'level': 'ALL', 'message': '12-11 08:24:57.211   517  1099 I gqel    : getHotwordInformationWithRetry returned.'}
{'timestamp': 1702276322355, 'level': 'ALL', 'message': '12-11 08:24:57.219   517   979 I gqel    : getHotwordConfig and getHotwordSettingState returned.'}
{'timestamp': 1702276322355, 'level': 'ALL', 'message': "12-11 08:24:57.219   517   979 W KeyphraseEnrollmentInfo: No enrollment application supports the given keyphrase/locale: 'X Google'/ru_RU"}
{'timestamp': 1702276322355, 'level': 'ALL', 'message': "12-11 08:24:57.219   517   979 W KeyphraseEnrollmentInfo: No enrollment application supports the given keyphrase/locale: 'X Google'/ru_RU"}
{'timestamp': 1702276322355, 'level': 'ALL', 'message': "12-11 08:24:57.219   517   979 W KeyphraseEnrollmentInfo: No enrollment application supports the given keyphrase/locale: 'X Google'/ar_EG"}
{'timestamp': 1702276322355, 'level': 'ALL', 'message': "12-11 08:24:57.220   517   979 W KeyphraseEnrollmentInfo: No enrollment application supports the given keyphrase/locale: 'X Google'/en_US"}
{'timestamp': 1702276322355, 'level': 'ALL', 'message': '12-11 08:24:57.220   517   979 W gqat    : (REDACTED) #getDspEnrollmentFallbackLocale cannot find a fallback locale for %s.'}
{'timestamp': 1702276322355, 'level': 'ALL', 'message': "12-11 08:24:57.220   517   979 W KeyphraseEnrollmentInfo: No enrollment application supports the given keyphrase/locale: 'Ok Google'/ru_RU"}
{'timestamp': 1702276322355, 'level': 'ALL', 'message': "12-11 08:24:57.220   517   979 W KeyphraseEnrollmentInfo: No enrollment application supports the given keyphrase/locale: 'Ok Google'/ar_EG"}
{'timestamp': 1702276322355, 'level': 'ALL', 'message': "12-11 08:24:57.220   517   979 W KeyphraseEnrollmentInfo: No enrollment application supports the given keyphrase/locale: 'Ok Google'/en_US"}
{'timestamp': 1702276322355, 'level': 'ALL', 'message': '12-11 08:24:57.220   517   979 W gqat    : (REDACTED) #getDspEnrollmentFallbackLocale cannot find a fallback locale for %s.'}
{'timestamp': 1702276322355, 'level': 'ALL', 'message': '12-11 08:24:57.221   517   979 I gqel    : (REDACTED) #getAllConfigAndTakeAction KeyphraseAndLocaleSupportResult. locale : %s, dsp locale : %s, keyphrase : %s, DSP keyphrase : %s, isKeyphraseAndLocaleSupported : %b.'}
{'timestamp': 1702276322355, 'level': 'ALL', 'message': '12-11 08:24:57.221   517   979 I gqat    : #canUseDownloadDspModel: no DspModelInformationAvailable'}
{'timestamp': 1702276322355, 'level': 'ALL', 'message': '12-11 08:24:57.221   517   979 I gqel    : (REDACTED) isDspHotwordSupportedByPlatform = %b, isDspHotwordModelAvailable = %b'}
{'timestamp': 1702276322355, 'level': 'ALL', 'message': '12-11 08:24:57.221   517   979 I gqay    : (REDACTED) Voice Match (Speaker-id) supported : %b'}
{'timestamp': 1702276322355, 'level': 'ALL', 'message': '12-11 08:24:57.221   517   979 I gqay    : (REDACTED) hotword enrollment state is enrolled:  %b, speakerId model exist: %b. Voice Match supported : %b'}
{'timestamp': 1702276322355, 'level': 'ALL', 'message': '12-11 08:24:57.221   517   979 I gqay    : (REDACTED) isHotwordAvailable():  %b, isHotwordEnabled() %b'}
{'timestamp': 1702276322355, 'level': 'ALL', 'message': '12-11 08:24:57.221   517   979 I gqay    : (REDACTED) Hotword enrollment state : %s.'}
{'timestamp': 1702276322355, 'level': 'ALL', 'message': '12-11 08:24:57.221   517   979 I gqay    : (REDACTED) Voice Match (Speaker-id) supported : %b'}
{'timestamp': 1702276322355, 'level': 'ALL', 'message': '12-11 08:24:57.221   517   979 I gqay    : (REDACTED) Hotword enrollment state : %s.'}
{'timestamp': 1702276322355, 'level': 'ALL', 'message': '12-11 08:24:57.224   517   979 I gqfh    : (REDACTED) Operational mode passed in HotwordConfig is %s'}
{'timestamp': 1702276322355, 'level': 'ALL', 'message': '12-11 08:24:57.224   517   979 I gqay    : (REDACTED) Voice Match (Speaker-id) supported : %b'}
{'timestamp': 1702276322355, 'level': 'ALL', 'message': '12-11 08:24:57.224   517   979 I gqay    : (REDACTED) Voice Match (Speaker-id) supported : %b'}
{'timestamp': 1702276322355, 'level': 'ALL', 'message': '12-11 08:24:57.225   517   979 I gqay    : (REDACTED) hotword enrollment state is enrolled:  %b, speakerId model exist: %b, voice match supported : %b'}
{'timestamp': 1702276322355, 'level': 'ALL', 'message': '12-11 08:24:57.225   517   979 I gqay    : (REDACTED) Hotword enrollment state : %s.'}
{'timestamp': 1702276322355, 'level': 'ALL', 'message': '12-11 08:24:57.225   517   979 I gqay    : (REDACTED) Hotword isNonVoiceMatchHotwordEnabled: %b, isHotwordAvailable: %b, isHotwordEnabled: %b, isVoiceMatchSupported: %b, isHotwordEnrolled: %b,'}
{'timestamp': 1702276322355, 'level': 'ALL', 'message': '12-11 08:24:57.225   517   979 I gqay    : (REDACTED) Hotword enrollment state : %s.'}
{'timestamp': 1702276322355, 'level': 'ALL', 'message': '12-11 08:24:57.225   653   959 I gqii    : (REDACTED) Calling setIsModelTypeDspSupported %s'}
{'timestamp': 1702276322355, 'level': 'ALL', 'message': '12-11 08:24:57.226   517   979 I gqez    : (REDACTED) #getNextAction. Voice match enabled: %b. Hotword (non-Voice Match) enabled: %b, incomplete enrollment state: %b, screen on: %b, screen locked: %b dsp available: %b'}
{'timestamp': 1702276322355, 'level': 'ALL', 'message': '12-11 08:24:57.226   517   979 I gqez    : (REDACTED) No operation needed since hotword detection is not running. Voice match enabled : %b. Hotword (non-Voice Match) enabled : %b, Is screen on : %b.'}
{'timestamp': 1702276322355, 'level': 'ALL', 'message': '12-11 08:24:57.226   517   979 I gqel    : No detectors created before, no need to reconfig.'}
{'timestamp': 1702276322355, 'level': 'ALL', 'message': '12-11 08:24:57.226   517   979 I gqel    : (REDACTED) Get the next action %s for requester %s.'}
{'timestamp': 1702276322355, 'level': 'ALL', 'message': '12-11 08:24:57.226   517   979 I gqel    : (REDACTED) Hotword detection is running : %b, no further operation required.'}
{'timestamp': 1702276322355, 'level': 'ALL', 'message': '12-11 08:24:57.226   517   979 I gqay    : (REDACTED) isHotwordAvailable():  %b, isHotwordEnabled() %b'}
{'timestamp': 1702276322355, 'level': 'ALL', 'message': '12-11 08:24:57.228   517   979 I gqel    : #logRequestHandlingNonErrorEndEvent. Reset requestIdOfFirstError, firstStartErrorCausesRetry and numOfRetriesDoneForDspStartErrors!'}
{'timestamp': 1702276322355, 'level': 'ALL', 'message': '12-11 08:24:57.228   517   979 I gqel    : #onConfigUpdate inside sequencer'}
{'timestamp': 1702276322355, 'level': 'ALL', 'message': '12-11 08:24:57.228   517   979 I gqel    : (REDACTED) getAllConfigAndTakeAction called because of %s'}
{'timestamp': 1702276322355, 'level': 'ALL', 'message': '12-11 08:24:57.228   517   979 I gqhi    : #getHotwordInformation'}
{'timestamp': 1702276322355, 'level': 'ALL', 'message': '12-11 08:24:57.233  9929  9971 D BufferPoolAccessor2.0: bufferpool2 0xed5c83e8 : 0(0 size) total buffers - 0(0 size) used buffers - 1/9 (recycle/alloc) - 8/38 (fetch/transfer)'}
{'timestamp': 1702276322355, 'level': 'ALL', 'message': '12-11 08:24:57.233  9929  9971 D BufferPoolAccessor2.0: bufferpool2 0xed5ced18 : 0(0 size) total buffers - 0(0 size) used buffers - 1/9 (recycle/alloc) - 8/18 (fetch/transfer)'}
{'timestamp': 1702276322355, 'level': 'ALL', 'message': '12-11 08:24:57.233  9929  9971 D BufferPoolAccessor2.0: evictor expired: 2, evicted: 2'}
{'timestamp': 1702276322355, 'level': 'ALL', 'message': '12-11 08:24:57.234   517   979 I gqhi    : #getHotwordInformation bindService'}
{'timestamp': 1702276322355, 'level': 'ALL', 'message': '12-11 08:24:57.236   517   517 I gqhi    : (REDACTED) Connected to HotwordService. ComponentName %s, service %s'}
{'timestamp': 1702276322355, 'level': 'ALL', 'message': '12-11 08:24:57.237   517 10172 I gqhi    : Handing HotwordService connection in executor.'}
{'timestamp': 1702276322355, 'level': 'ALL', 'message': '12-11 08:24:57.243   653  3591 I awzr    : getLocaleToModelSpecsMap'}
{'timestamp': 1702276322355, 'level': 'ALL', 'message': '12-11 08:24:57.244   653  3591 I awzr    : Fetching latest config from MDD...'}
{'timestamp': 1702276322355, 'level': 'ALL', 'message': '12-11 08:24:57.244   653  3591 I awzr    : (REDACTED) Found map of size: %d'}
{'timestamp': 1702276322355, 'level': 'ALL', 'message': '12-11 08:24:57.244   653  3591 I axcj    : (REDACTED) hasHotwordEverywhere-%b'}
{'timestamp': 1702276322355, 'level': 'ALL', 'message': '12-11 08:24:57.253   653  3591 I axed    : (REDACTED) #getHotwordModelFromMobstore [mobstoreUri: %s]'}
{'timestamp': 1702276322355, 'level': 'ALL', 'message': '12-11 08:24:57.259   653  3591 I HotwordService: (REDACTED) Model ID: %s'}
{'timestamp': 1702276322355, 'level': 'ALL', 'message': '12-11 08:24:57.259   653  3591 I HotwordService: (REDACTED) hotwordModelLocation is null %b, locale is %s, re-mapped Chinese locale %s'}
{'timestamp': 1702276322355, 'level': 'ALL', 'message': '12-11 08:24:57.259   653  3591 I HotwordService: (REDACTED) isOpaEligibleAndUserEnabled: %b'}
{'timestamp': 1702276322355, 'level': 'ALL', 'message': '12-11 08:24:57.264   517 10172 I gqhi    : HotwordInformation fetch will try to save hotword model.'}
{'timestamp': 1702276322355, 'level': 'ALL', 'message': '12-11 08:24:57.266   653  1036 W apln    : (REDACTED) Client : %s has no associated SessionController'}
{'timestamp': 1702276322355, 'level': 'ALL', 'message': '12-11 08:24:57.267   517 10172 I gqhi    : onSuccess getHotwordInformation'}
{'timestamp': 1702276322355, 'level': 'ALL', 'message': '12-11 08:24:57.274   517   979 I gqhi    : Save the hotword model in the HotwordInformation.'}
{'timestamp': 1702276322355, 'level': 'ALL', 'message': '12-11 08:24:57.274   517  1099 I gqel    : getHotwordInformationWithRetry returned.'}
{'timestamp': 1702276322355, 'level': 'ALL', 'message': '12-11 08:24:57.281   517   979 I gqel    : getHotwordConfig and getHotwordSettingState returned.'}
{'timestamp': 1702276322355, 'level': 'ALL', 'message': "12-11 08:24:57.282   517   979 W KeyphraseEnrollmentInfo: No enrollment application supports the given keyphrase/locale: 'X Google'/ru_RU"}
{'timestamp': 1702276322355, 'level': 'ALL', 'message': "12-11 08:24:57.282   517   979 W KeyphraseEnrollmentInfo: No enrollment application supports the given keyphrase/locale: 'X Google'/ru_RU"}
{'timestamp': 1702276322355, 'level': 'ALL', 'message': "12-11 08:24:57.282   517   979 W KeyphraseEnrollmentInfo: No enrollment application supports the given keyphrase/locale: 'X Google'/ar_EG"}
{'timestamp': 1702276322355, 'level': 'ALL', 'message': "12-11 08:24:57.282   517   979 W KeyphraseEnrollmentInfo: No enrollment application supports the given keyphrase/locale: 'X Google'/en_US"}
{'timestamp': 1702276322355, 'level': 'ALL', 'message': '12-11 08:24:57.282   517   979 W gqat    : (REDACTED) #getDspEnrollmentFallbackLocale cannot find a fallback locale for %s.'}
{'timestamp': 1702276322355, 'level': 'ALL', 'message': "12-11 08:24:57.282   517   979 W KeyphraseEnrollmentInfo: No enrollment application supports the given keyphrase/locale: 'Ok Google'/ru_RU"}
{'timestamp': 1702276322355, 'level': 'ALL', 'message': "12-11 08:24:57.282   517   979 W KeyphraseEnrollmentInfo: No enrollment application supports the given keyphrase/locale: 'Ok Google'/ar_EG"}
{'timestamp': 1702276322355, 'level': 'ALL', 'message': "12-11 08:24:57.282   517   979 W KeyphraseEnrollmentInfo: No enrollment application supports the given keyphrase/locale: 'Ok Google'/en_US"}
{'timestamp': 1702276322355, 'level': 'ALL', 'message': '12-11 08:24:57.282   517   979 W gqat    : (REDACTED) #getDspEnrollmentFallbackLocale cannot find a fallback locale for %s.'}
{'timestamp': 1702276322355, 'level': 'ALL', 'message': '12-11 08:24:57.282   517   979 I gqel    : (REDACTED) #getAllConfigAndTakeAction KeyphraseAndLocaleSupportResult. locale : %s, dsp locale : %s, keyphrase : %s, DSP keyphrase : %s, isKeyphraseAndLocaleSupported : %b.'}
{'timestamp': 1702276322355, 'level': 'ALL', 'message': '12-11 08:24:57.282   517   979 I gqat    : #canUseDownloadDspModel: no DspModelInformationAvailable'}
{'timestamp': 1702276322355, 'level': 'ALL', 'message': '12-11 08:24:57.282   517   979 I gqel    : (REDACTED) isDspHotwordSupportedByPlatform = %b, isDspHotwordModelAvailable = %b'}
{'timestamp': 1702276322355, 'level': 'ALL', 'message': '12-11 08:24:57.282   517   979 I gqay    : (REDACTED) Voice Match (Speaker-id) supported : %b'}
{'timestamp': 1702276322355, 'level': 'ALL', 'message': '12-11 08:24:57.282   517   979 I gqay    : (REDACTED) hotword enrollment state is enrolled:  %b, speakerId model exist: %b. Voice Match supported : %b'}
{'timestamp': 1702276322355, 'level': 'ALL', 'message': '12-11 08:24:57.282   517   979 I gqay    : (REDACTED) isHotwordAvailable():  %b, isHotwordEnabled() %b'}
{'timestamp': 1702276322355, 'level': 'ALL', 'message': '12-11 08:24:57.282   517   979 I gqay    : (REDACTED) Hotword enrollment state : %s.'}
{'timestamp': 1702276322355, 'level': 'ALL', 'message': '12-11 08:24:57.283   517   979 I gqay    : (REDACTED) Voice Match (Speaker-id) supported : %b'}
{'timestamp': 1702276322355, 'level': 'ALL', 'message': '12-11 08:24:57.283   517   979 I gqay    : (REDACTED) Hotword enrollment state : %s.'}
{'timestamp': 1702276322355, 'level': 'ALL', 'message': '12-11 08:24:57.283   517   979 I gqfh    : (REDACTED) Operational mode passed in HotwordConfig is %s'}
{'timestamp': 1702276322355, 'level': 'ALL', 'message': '12-11 08:24:57.283   517   979 I gqay    : (REDACTED) Voice Match (Speaker-id) supported : %b'}
{'timestamp': 1702276322355, 'level': 'ALL', 'message': '12-11 08:24:57.283   517   979 I gqay    : (REDACTED) Voice Match (Speaker-id) supported : %b'}
{'timestamp': 1702276322355, 'level': 'ALL', 'message': '12-11 08:24:57.283   517   979 I gqay    : (REDACTED) hotword enrollment state is enrolled:  %b, speakerId model exist: %b, voice match supported : %b'}
{'timestamp': 1702276322355, 'level': 'ALL', 'message': '12-11 08:24:57.283   517   979 I gqay    : (REDACTED) Hotword enrollment state : %s.'}
{'timestamp': 1702276322355, 'level': 'ALL', 'message': '12-11 08:24:57.283   517   979 I gqay    : (REDACTED) Hotword isNonVoiceMatchHotwordEnabled: %b, isHotwordAvailable: %b, isHotwordEnabled: %b, isVoiceMatchSupported: %b, isHotwordEnrolled: %b,'}
{'timestamp': 1702276322355, 'level': 'ALL', 'message': '12-11 08:24:57.284   517   979 I gqay    : (REDACTED) Hotword enrollment state : %s.'}
{'timestamp': 1702276322355, 'level': 'ALL', 'message': '12-11 08:24:57.284   517   979 I gqez    : (REDACTED) #getNextAction. Voice match enabled: %b. Hotword (non-Voice Match) enabled: %b, incomplete enrollment state: %b, screen on: %b, screen locked: %b dsp available: %b'}
{'timestamp': 1702276322355, 'level': 'ALL', 'message': '12-11 08:24:57.284   517   979 I gqez    : (REDACTED) No operation needed since hotword detection is not running. Voice match enabled : %b. Hotword (non-Voice Match) enabled : %b, Is screen on : %b.'}
{'timestamp': 1702276322355, 'level': 'ALL', 'message': '12-11 08:24:57.284   517   979 I gqel    : No detectors created before, no need to reconfig.'}
{'timestamp': 1702276322355, 'level': 'ALL', 'message': '12-11 08:24:57.284   517   979 I gqel    : (REDACTED) Get the next action %s for requester %s.'}
{'timestamp': 1702276322355, 'level': 'ALL', 'message': '12-11 08:24:57.284   517   979 I gqel    : (REDACTED) Hotword detection is running : %b, no further operation required.'}
{'timestamp': 1702276322355, 'level': 'ALL', 'message': '12-11 08:24:57.284   517   979 I gqay    : (REDACTED) isHotwordAvailable():  %b, isHotwordEnabled() %b'}
{'timestamp': 1702276322355, 'level': 'ALL', 'message': '12-11 08:24:57.284   517   979 I gqel    : #logRequestHandlingNonErrorEndEvent. Reset requestIdOfFirstError, firstStartErrorCausesRetry and numOfRetriesDoneForDspStartErrors!'}
{'timestamp': 1702276322355, 'level': 'ALL', 'message': '12-11 08:24:57.286   653   944 I gqii    : (REDACTED) Calling setIsModelTypeDspSupported %s'}
{'timestamp': 1702276322355, 'level': 'ALL', 'message': '12-11 08:24:57.285   517   979 I gqel    : #update inside sequencer'}
{'timestamp': 1702276322355, 'level': 'ALL', 'message': '12-11 08:24:57.287   517   979 I gqel    : #update inside sequencer after logAppFlowAfterAccountHandled finished.'}
{'timestamp': 1702276322355, 'level': 'ALL', 'message': '12-11 08:24:57.287   517   979 I gqel    : (REDACTED) needRefetchHotwordConfig: %b, accountChanged: %b, currentLocale: %s, newLocale: %s'}
{'timestamp': 1702276322355, 'level': 'ALL', 'message': '12-11 08:24:57.287   517   979 I gqel    : (REDACTED) getAllConfigAndTakeAction called because of %s'}
{'timestamp': 1702276322355, 'level': 'ALL', 'message': "12-11 08:24:57.287   517   979 W KeyphraseEnrollmentInfo: No enrollment application supports the given keyphrase/locale: 'X Google'/ru_RU"}
{'timestamp': 1702276322355, 'level': 'ALL', 'message': "12-11 08:24:57.287   517   979 W KeyphraseEnrollmentInfo: No enrollment application supports the given keyphrase/locale: 'X Google'/ru_RU"}
{'timestamp': 1702276322355, 'level': 'ALL', 'message': "12-11 08:24:57.287   517   979 W KeyphraseEnrollmentInfo: No enrollment application supports the given keyphrase/locale: 'X Google'/ar_EG"}
{'timestamp': 1702276322355, 'level': 'ALL', 'message': "12-11 08:24:57.288   517   979 W KeyphraseEnrollmentInfo: No enrollment application supports the given keyphrase/locale: 'X Google'/en_US"}
{'timestamp': 1702276322355, 'level': 'ALL', 'message': '12-11 08:24:57.288   517   979 W gqat    : (REDACTED) #getDspEnrollmentFallbackLocale cannot find a fallback locale for %s.'}
{'timestamp': 1702276322355, 'level': 'ALL', 'message': "12-11 08:24:57.288   517   979 W KeyphraseEnrollmentInfo: No enrollment application supports the given keyphrase/locale: 'Ok Google'/ru_RU"}
{'timestamp': 1702276322355, 'level': 'ALL', 'message': "12-11 08:24:57.288   517   979 W KeyphraseEnrollmentInfo: No enrollment application supports the given keyphrase/locale: 'Ok Google'/ar_EG"}
{'timestamp': 1702276322355, 'level': 'ALL', 'message': "12-11 08:24:57.288   517   979 W KeyphraseEnrollmentInfo: No enrollment application supports the given keyphrase/locale: 'Ok Google'/en_US"}
{'timestamp': 1702276322355, 'level': 'ALL', 'message': '12-11 08:24:57.288   517   979 W gqat    : (REDACTED) #getDspEnrollmentFallbackLocale cannot find a fallback locale for %s.'}
{'timestamp': 1702276322355, 'level': 'ALL', 'message': '12-11 08:24:57.288   517   979 I gqel    : (REDACTED) #getAllConfigAndTakeAction KeyphraseAndLocaleSupportResult. locale : %s, dsp locale : %s, keyphrase : %s, DSP keyphrase : %s, isKeyphraseAndLocaleSupported : %b.'}
{'timestamp': 1702276322357, 'level': 'ALL', 'message': '12-11 08:24:57.288   517   979 I gqat    : #canUseDownloadDspModel: no DspModelInformationAvailable'}
{'timestamp': 1702276322357, 'level': 'ALL', 'message': '12-11 08:24:57.288   517   979 I gqel    : (REDACTED) isDspHotwordSupportedByPlatform = %b, isDspHotwordModelAvailable = %b'}
{'timestamp': 1702276322357, 'level': 'ALL', 'message': '12-11 08:24:57.288   517   979 I gqay    : (REDACTED) Voice Match (Speaker-id) supported : %b'}
{'timestamp': 1702276322357, 'level': 'ALL', 'message': '12-11 08:24:57.288   517   979 I gqay    : (REDACTED) hotword enrollment state is enrolled:  %b, speakerId model exist: %b. Voice Match supported : %b'}
{'timestamp': 1702276322357, 'level': 'ALL', 'message': '12-11 08:24:57.288   517   979 I gqay    : (REDACTED) isHotwordAvailable():  %b, isHotwordEnabled() %b'}
{'timestamp': 1702276322357, 'level': 'ALL', 'message': '12-11 08:24:57.288   517   979 I gqay    : (REDACTED) Hotword enrollment state : %s.'}
{'timestamp': 1702276322357, 'level': 'ALL', 'message': '12-11 08:24:57.288   517   979 I gqay    : (REDACTED) Voice Match (Speaker-id) supported : %b'}
{'timestamp': 1702276322357, 'level': 'ALL', 'message': '12-11 08:24:57.288   517   979 I gqay    : (REDACTED) Hotword enrollment state : %s.'}
{'timestamp': 1702276322357, 'level': 'ALL', 'message': '12-11 08:24:57.294   653   944 I gqii    : (REDACTED) Calling setIsModelTypeDspSupported %s'}
{'timestamp': 1702276322357, 'level': 'ALL', 'message': '12-11 08:24:57.298   517   979 I gqfh    : (REDACTED) Operational mode passed in HotwordConfig is %s'}
{'timestamp': 1702276322357, 'level': 'ALL', 'message': '12-11 08:24:57.298   517   979 I gqay    : (REDACTED) Voice Match (Speaker-id) supported : %b'}
{'timestamp': 1702276322357, 'level': 'ALL', 'message': '12-11 08:24:57.301   517   979 I gqay    : (REDACTED) Voice Match (Speaker-id) supported : %b'}
{'timestamp': 1702276322357, 'level': 'ALL', 'message': '12-11 08:24:57.303   517   979 I gqay    : (REDACTED) hotword enrollment state is enrolled:  %b, speakerId model exist: %b, voice match supported : %b'}
{'timestamp': 1702276322357, 'level': 'ALL', 'message': '12-11 08:24:57.304   517   979 I gqay    : (REDACTED) Hotword enrollment state : %s.'}
{'timestamp': 1702276322357, 'level': 'ALL', 'message': '12-11 08:24:57.304   517   979 I gqay    : (REDACTED) Hotword isNonVoiceMatchHotwordEnabled: %b, isHotwordAvailable: %b, isHotwordEnabled: %b, isVoiceMatchSupported: %b, isHotwordEnrolled: %b,'}
{'timestamp': 1702276322357, 'level': 'ALL', 'message': '12-11 08:24:57.305   517   979 I gqay    : (REDACTED) Hotword enrollment state : %s.'}
{'timestamp': 1702276322357, 'level': 'ALL', 'message': '12-11 08:24:57.306   517   979 I gqez    : (REDACTED) #getNextAction. Voice match enabled: %b. Hotword (non-Voice Match) enabled: %b, incomplete enrollment state: %b, screen on: %b, screen locked: %b dsp available: %b'}
{'timestamp': 1702276322357, 'level': 'ALL', 'message': '12-11 08:24:57.306   517   979 I gqez    : (REDACTED) No operation needed since hotword detection is not running. Voice match enabled : %b. Hotword (non-Voice Match) enabled : %b, Is screen on : %b.'}
{'timestamp': 1702276322357, 'level': 'ALL', 'message': '12-11 08:24:57.306   517   979 I gqel    : No detectors created before, no need to reconfig.'}
{'timestamp': 1702276322357, 'level': 'ALL', 'message': '12-11 08:24:57.306   517   979 I gqel    : (REDACTED) Get the next action %s for requester %s.'}
{'timestamp': 1702276322357, 'level': 'ALL', 'message': '12-11 08:24:57.306   517   979 I gqel    : (REDACTED) Hotword detection is running : %b, no further operation required.'}
{'timestamp': 1702276322357, 'level': 'ALL', 'message': '12-11 08:24:57.306   517   979 I gqay    : (REDACTED) isHotwordAvailable():  %b, isHotwordEnabled() %b'}
{'timestamp': 1702276322357, 'level': 'ALL', 'message': '12-11 08:24:57.307   517   979 I gqel    : #logRequestHandlingNonErrorEndEvent. Reset requestIdOfFirstError, firstStartErrorCausesRetry and numOfRetriesDoneForDspStartErrors!'}
{'timestamp': 1702276322357, 'level': 'ALL', 'message': '12-11 08:24:57.307   517   979 I gqel    : #onConfigUpdate inside sequencer'}
{'timestamp': 1702276322357, 'level': 'ALL', 'message': '12-11 08:24:57.307   517   979 I gqel    : (REDACTED) getAllConfigAndTakeAction called because of %s'}
{'timestamp': 1702276322357, 'level': 'ALL', 'message': '12-11 08:24:57.307   517   979 I gqhi    : #getHotwordInformation'}
{'timestamp': 1702276322357, 'level': 'ALL', 'message': '12-11 08:24:57.308   517  1067 I gczx    : (REDACTED) Frontend=%s has been updated to configuration=%s.'}
{'timestamp': 1702276322357, 'level': 'ALL', 'message': '12-11 08:24:57.312   517   979 I gqhi    : #getHotwordInformation bindService'}
{'timestamp': 1702276322357, 'level': 'ALL', 'message': '12-11 08:24:57.314   517   517 I gqhi    : (REDACTED) Connected to HotwordService. ComponentName %s, service %s'}
{'timestamp': 1702276322357, 'level': 'ALL', 'message': '12-11 08:24:57.314   517 10172 I gqhi    : Handing HotwordService connection in executor.'}
{'timestamp': 1702276322357, 'level': 'ALL', 'message': '12-11 08:24:57.318   653  3591 I awzr    : getLocaleToModelSpecsMap'}
{'timestamp': 1702276322357, 'level': 'ALL', 'message': '12-11 08:24:57.319   653  3591 I awzr    : Fetching latest config from MDD...'}
{'timestamp': 1702276322357, 'level': 'ALL', 'message': '12-11 08:24:57.321   653  3591 I awzr    : (REDACTED) Found map of size: %d'}
{'timestamp': 1702276322357, 'level': 'ALL', 'message': '12-11 08:24:57.321   653  3591 I axcj    : (REDACTED) hasHotwordEverywhere-%b'}
{'timestamp': 1702276322357, 'level': 'ALL', 'message': '12-11 08:24:57.324   653  3591 I axed    : (REDACTED) #getHotwordModelFromMobstore [mobstoreUri: %s]'}
{'timestamp': 1702276322357, 'level': 'ALL', 'message': '12-11 08:24:57.334   653  3591 I HotwordService: (REDACTED) Model ID: %s'}
{'timestamp': 1702276322357, 'level': 'ALL', 'message': '12-11 08:24:57.334   653  3591 I HotwordService: (REDACTED) hotwordModelLocation is null %b, locale is %s, re-mapped Chinese locale %s'}
{'timestamp': 1702276322357, 'level': 'ALL', 'message': '12-11 08:24:57.334   653  3591 I HotwordService: (REDACTED) isOpaEligibleAndUserEnabled: %b'}
{'timestamp': 1702276322357, 'level': 'ALL', 'message': '12-11 08:24:57.337   517 10172 I gqhi    : HotwordInformation fetch will try to save hotword model.'}
{'timestamp': 1702276322357, 'level': 'ALL', 'message': '12-11 08:24:57.342   653  1036 W apln    : (REDACTED) Client : %s has no associated SessionController'}
{'timestamp': 1702276322357, 'level': 'ALL', 'message': '12-11 08:24:57.343   517 10172 I gqhi    : onSuccess getHotwordInformation'}
{'timestamp': 1702276322357, 'level': 'ALL', 'message': '12-11 08:24:57.348   517  1099 I gqel    : getHotwordInformationWithRetry returned.'}
{'timestamp': 1702276322357, 'level': 'ALL', 'message': '12-11 08:24:57.348   517   979 I gqhi    : Save the hotword model in the HotwordInformation.'}
{'timestamp': 1702276322357, 'level': 'ALL', 'message': '12-11 08:24:57.358   517   979 I gqel    : getHotwordConfig and getHotwordSettingState returned.'}
{'timestamp': 1702276322357, 'level': 'ALL', 'message': "12-11 08:24:57.359   517   979 W KeyphraseEnrollmentInfo: No enrollment application supports the given keyphrase/locale: 'X Google'/ru_RU"}
{'timestamp': 1702276322357, 'level': 'ALL', 'message': "12-11 08:24:57.359   517   979 W KeyphraseEnrollmentInfo: No enrollment application supports the given keyphrase/locale: 'X Google'/ru_RU"}
{'timestamp': 1702276322357, 'level': 'ALL', 'message': "12-11 08:24:57.359   517   979 W KeyphraseEnrollmentInfo: No enrollment application supports the given keyphrase/locale: 'X Google'/ar_EG"}
{'timestamp': 1702276322357, 'level': 'ALL', 'message': "12-11 08:24:57.360   517   979 W KeyphraseEnrollmentInfo: No enrollment application supports the given keyphrase/locale: 'X Google'/en_US"}
{'timestamp': 1702276322357, 'level': 'ALL', 'message': '12-11 08:24:57.360   517   979 W gqat    : (REDACTED) #getDspEnrollmentFallbackLocale cannot find a fallback locale for %s.'}
{'timestamp': 1702276322357, 'level': 'ALL', 'message': "12-11 08:24:57.361   517   979 W KeyphraseEnrollmentInfo: No enrollment application supports the given keyphrase/locale: 'Ok Google'/ru_RU"}
{'timestamp': 1702276322357, 'level': 'ALL', 'message': "12-11 08:24:57.364   517   979 W KeyphraseEnrollmentInfo: No enrollment application supports the given keyphrase/locale: 'Ok Google'/ar_EG"}
{'timestamp': 1702276322357, 'level': 'ALL', 'message': "12-11 08:24:57.364   517   979 W KeyphraseEnrollmentInfo: No enrollment application supports the given keyphrase/locale: 'Ok Google'/en_US"}
{'timestamp': 1702276322357, 'level': 'ALL', 'message': '12-11 08:24:57.366   517   979 W gqat    : (REDACTED) #getDspEnrollmentFallbackLocale cannot find a fallback locale for %s.'}
{'timestamp': 1702276322357, 'level': 'ALL', 'message': '12-11 08:24:57.368   517   979 I gqel    : (REDACTED) #getAllConfigAndTakeAction KeyphraseAndLocaleSupportResult. locale : %s, dsp locale : %s, keyphrase : %s, DSP keyphrase : %s, isKeyphraseAndLocaleSupported : %b.'}
{'timestamp': 1702276322357, 'level': 'ALL', 'message': '12-11 08:24:57.369   517  1099 I gqat    : #canUseDownloadDspModel: no DspModelInformationAvailable'}
{'timestamp': 1702276322357, 'level': 'ALL', 'message': '12-11 08:24:57.370   517  1099 I gqel    : (REDACTED) isDspHotwordSupportedByPlatform = %b, isDspHotwordModelAvailable = %b'}
{'timestamp': 1702276322357, 'level': 'ALL', 'message': '12-11 08:24:57.370   517  1099 I gqay    : (REDACTED) Voice Match (Speaker-id) supported : %b'}
{'timestamp': 1702276322357, 'level': 'ALL', 'message': '12-11 08:24:57.370   517  1099 I gqay    : (REDACTED) hotword enrollment state is enrolled:  %b, speakerId model exist: %b. Voice Match supported : %b'}
{'timestamp': 1702276322357, 'level': 'ALL', 'message': '12-11 08:24:57.370   517  1099 I gqay    : (REDACTED) isHotwordAvailable():  %b, isHotwordEnabled() %b'}
{'timestamp': 1702276322357, 'level': 'ALL', 'message': '12-11 08:24:57.370   517  1099 I gqay    : (REDACTED) Hotword enrollment state : %s.'}
{'timestamp': 1702276322357, 'level': 'ALL', 'message': '12-11 08:24:57.371   517  1099 I gqay    : (REDACTED) Voice Match (Speaker-id) supported : %b'}
{'timestamp': 1702276322357, 'level': 'ALL', 'message': '12-11 08:24:57.371   517  1099 I gqay    : (REDACTED) Hotword enrollment state : %s.'}
{'timestamp': 1702276322357, 'level': 'ALL', 'message': '12-11 08:24:57.373   517  1099 I gqfh    : (REDACTED) Operational mode passed in HotwordConfig is %s'}
{'timestamp': 1702276322357, 'level': 'ALL', 'message': '12-11 08:24:57.373   517  1099 I gqay    : (REDACTED) Voice Match (Speaker-id) supported : %b'}
{'timestamp': 1702276322357, 'level': 'ALL', 'message': '12-11 08:24:57.373   517  1099 I gqay    : (REDACTED) Voice Match (Speaker-id) supported : %b'}
{'timestamp': 1702276322357, 'level': 'ALL', 'message': '12-11 08:24:57.373   517  1099 I gqay    : (REDACTED) hotword enrollment state is enrolled:  %b, speakerId model exist: %b, voice match supported : %b'}
{'timestamp': 1702276322357, 'level': 'ALL', 'message': '12-11 08:24:57.374   517  1099 I gqay    : (REDACTED) Hotword enrollment state : %s.'}
{'timestamp': 1702276322357, 'level': 'ALL', 'message': '12-11 08:24:57.374   517  1099 I gqay    : (REDACTED) Hotword isNonVoiceMatchHotwordEnabled: %b, isHotwordAvailable: %b, isHotwordEnabled: %b, isVoiceMatchSupported: %b, isHotwordEnrolled: %b,'}
{'timestamp': 1702276322357, 'level': 'ALL', 'message': '12-11 08:24:57.374   517  1099 I gqay    : (REDACTED) Hotword enrollment state : %s.'}
{'timestamp': 1702276322357, 'level': 'ALL', 'message': '12-11 08:24:57.374   517  1099 I gqez    : (REDACTED) #getNextAction. Voice match enabled: %b. Hotword (non-Voice Match) enabled: %b, incomplete enrollment state: %b, screen on: %b, screen locked: %b dsp available: %b'}
{'timestamp': 1702276322357, 'level': 'ALL', 'message': '12-11 08:24:57.374   517  1099 I gqez    : (REDACTED) No operation needed since hotword detection is not running. Voice match enabled : %b. Hotword (non-Voice Match) enabled : %b, Is screen on : %b.'}
{'timestamp': 1702276322357, 'level': 'ALL', 'message': '12-11 08:24:57.374   517  1099 I gqel    : No detectors created before, no need to reconfig.'}
{'timestamp': 1702276322357, 'level': 'ALL', 'message': '12-11 08:24:57.374   517  1099 I gqel    : (REDACTED) Get the next action %s for requester %s.'}
{'timestamp': 1702276322357, 'level': 'ALL', 'message': '12-11 08:24:57.375   517  1099 I gqel    : (REDACTED) Hotword detection is running : %b, no further operation required.'}
{'timestamp': 1702276322357, 'level': 'ALL', 'message': '12-11 08:24:57.375   517  1099 I gqay    : (REDACTED) isHotwordAvailable():  %b, isHotwordEnabled() %b'}
{'timestamp': 1702276322357, 'level': 'ALL', 'message': '12-11 08:24:57.377   517  1099 I gqel    : #logRequestHandlingNonErrorEndEvent. Reset requestIdOfFirstError, firstStartErrorCausesRetry and numOfRetriesDoneForDspStartErrors!'}
{'timestamp': 1702276322357, 'level': 'ALL', 'message': '12-11 08:24:57.378   653   944 I gqii    : (REDACTED) Calling setIsModelTypeDspSupported %s'}
{'timestamp': 1702276322357, 'level': 'ALL', 'message': '12-11 08:24:57.533 31652 32346 I ActivityManager: Force stopping io.appium.uiautomator2.server.test appid=10156 user=0: from pid 10179'}
{'timestamp': 1702276322357, 'level': 'ALL', 'message': '12-11 08:24:57.537 10179 10181 I cmd     : oneway function results will be dropped but finished with status OK and parcel size 4'}
{'timestamp': 1702276322357, 'level': 'ALL', 'message': '12-11 08:24:57.551 32351 32351 D CarrierSvcBindHelper: No carrier app for: 0'}
{'timestamp': 1702276322357, 'level': 'ALL', 'message': "12-11 08:24:57.557  1912  1912 E adbd    : failed to connect to socket 'tcp:6790': Connection refused"}
{'timestamp': 1702276322357, 'level': 'ALL', 'message': "12-11 08:24:57.587  1912  1912 E adbd    : failed to connect to socket 'tcp:6790': Connection refused"}
{'timestamp': 1702276322357, 'level': 'ALL', 'message': '12-11 08:24:57.692 10182 10182 D AndroidRuntime: >>>>>> START com.android.internal.os.RuntimeInit uid 2000 <<<<<<'}
{'timestamp': 1702276322357, 'level': 'ALL', 'message': '12-11 08:24:57.690 10182 10182 W app_process: type=1400 audit(0.0:4408): avc: denied { read } for name="u:object_r:device_config_runtime_native_boot_prop:s0" dev="tmpfs" ino=10387 scontext=u:r:shell:s0 tcontext=u:object_r:device_config_runtime_native_boot_prop:s0 tclass=file permissive=0'}
{'timestamp': 1702276322357, 'level': 'ALL', 'message': '12-11 08:24:57.696 10182 10182 E libc    : Access denied finding property "persist.device_config.runtime_native_boot.profilebootclasspath"'}
{'timestamp': 1702276322357, 'level': 'ALL', 'message': '12-11 08:24:57.696 10182 10182 E libc    : Access denied finding property "persist.device_config.runtime_native_boot.enable_apex_image"'}
{'timestamp': 1702276322357, 'level': 'ALL', 'message': '12-11 08:24:57.696 10182 10182 I AndroidRuntime: Using default boot image'}
{'timestamp': 1702276322357, 'level': 'ALL', 'message': '12-11 08:24:57.696 10182 10182 E libc    : Access denied finding property "persist.device_config.runtime_native_boot.disable_lock_profiling"'}
{'timestamp': 1702276322357, 'level': 'ALL', 'message': '12-11 08:24:57.696 10182 10182 I AndroidRuntime: Leaving lock profiling enabled'}
{'timestamp': 1702276322357, 'level': 'ALL', 'message': '12-11 08:24:57.697 10182 10182 E libc    : Access denied finding property "persist.device_config.runtime_native_boot.enable_generational_cc"'}
{'timestamp': 1702276322357, 'level': 'ALL', 'message': '12-11 08:24:57.694 10182 10182 W app_process: type=1400 audit(0.0:4409): avc: denied { read } for name="u:object_r:device_config_runtime_native_boot_prop:s0" dev="tmpfs" ino=10387 scontext=u:r:shell:s0 tcontext=u:object_r:device_config_runtime_native_boot_prop:s0 tclass=file permissive=0'}
{'timestamp': 1702276322357, 'level': 'ALL', 'message': '12-11 08:24:57.694 10182 10182 I chatty  : uid=2000(shell) app_process identical 1 line'}
{'timestamp': 1702276322357, 'level': 'ALL', 'message': '12-11 08:24:57.694 10182 10182 W app_process: type=1400 audit(0.0:4411): avc: denied { read } for name="u:object_r:device_config_runtime_native_boot_prop:s0" dev="tmpfs" ino=10387 scontext=u:r:shell:s0 tcontext=u:object_r:device_config_runtime_native_boot_prop:s0 tclass=file permissive=0'}
{'timestamp': 1702276322357, 'level': 'ALL', 'message': '12-11 08:24:57.757 10182 10182 D app_process: Time zone APEX ICU file found: /apex/com.android.tzdata/etc/icu/icu_tzdata.dat'}
{'timestamp': 1702276322357, 'level': 'ALL', 'message': '12-11 08:24:57.757 10182 10182 D app_process: I18n APEX ICU file found: /apex/com.android.i18n/etc/icu/icudt66l.dat'}
{'timestamp': 1702276322357, 'level': 'ALL', 'message': '12-11 08:24:57.765 10182 10182 W app_process: Unexpected CPU variant for X86 using defaults: x86'}
{'timestamp': 1702276322357, 'level': 'ALL', 'message': '12-11 08:24:57.766 10182 10182 I app_process: The ClassLoaderContext is a special shared library.'}
{'timestamp': 1702276322357, 'level': 'ALL', 'message': '12-11 08:24:57.781 10182 10182 W app_process: JNI RegisterNativeMethods: attempt to register 0 native methods for android.media.AudioAttributes'}
{'timestamp': 1702276322357, 'level': 'ALL', 'message': '12-11 08:24:57.787 10182 10182 D AndroidRuntime: Calling main entry com.android.commands.am.Am'}
{'timestamp': 1702276322357, 'level': 'ALL', 'message': '12-11 08:24:57.802 31652  1226 I ActivityManager: Force stopping io.appium.uiautomator2.server appid=10157 user=0: start instr'}
{'timestamp': 1702276322357, 'level': 'ALL', 'message': '12-11 08:24:57.806 31652  1226 D CompatibilityChangeReporter: Compat change id reported: 135634846; UID 10157; state: DISABLED'}
{'timestamp': 1702276322357, 'level': 'ALL', 'message': '12-11 08:24:57.807 31652 31745 D CompatibilityChangeReporter: Compat change id reported: 143937733; UID 10157; state: ENABLED'}
{'timestamp': 1702276322357, 'level': 'ALL', 'message': '12-11 08:24:57.815 31506 31506 D Zygote  : Forked child process 10197'}
{'timestamp': 1702276322357, 'level': 'ALL', 'message': '12-11 08:24:57.821 10197 10197 I tomator2.serve: Late-enabling -Xcheck:jni'}
{'timestamp': 1702276322357, 'level': 'ALL', 'message': '12-11 08:24:57.825 31652 31745 I ActivityManager: Start proc 10197:io.appium.uiautomator2.server/u0a157 for added application io.appium.uiautomator2.server'}
{'timestamp': 1702276322357, 'level': 'ALL', 'message': '12-11 08:24:57.834 10197 10197 I tomator2.serve: Unquickening 12 vdex files!'}
{'timestamp': 1702276322357, 'level': 'ALL', 'message': '12-11 08:24:57.834 10197 10197 W tomator2.serve: Unexpected CPU variant for X86 using defaults: x86'}
{'timestamp': 1702276322357, 'level': 'ALL', 'message': '12-11 08:24:57.848  1912  1939 I adbd    : jdwp connection from 10197'}
{'timestamp': 1702276322357, 'level': 'ALL', 'message': '12-11 08:24:57.893 10197 10197 I tomator2.serve: The ClassLoaderContext is a special shared library.'}
{'timestamp': 1702276322357, 'level': 'ALL', 'message': '12-11 08:24:57.894 10197 10197 I chatty  : uid=10157(io.appium.uiautomator2.server) identical 1 line'}
{'timestamp': 1702276322357, 'level': 'ALL', 'message': '12-11 08:24:57.895 10197 10197 I tomator2.serve: The ClassLoaderContext is a special shared library.'}
{'timestamp': 1702276322357, 'level': 'ALL', 'message': '12-11 08:24:57.898 10197 10197 W tomator2.serve: ClassLoaderContext classpath size mismatch. expected=0, found=3 (PCL[]{PCL[/system/framework/android.test.base.jar*315452938]#PCL[/system/framework/android.test.mock.jar*239297726]{PCL[/system/framework/android.test.base.jar*315452938]}#PCL[/system/framework/android.test.runner.jar*2931394026]{PCL[/system/framework/android.test.base.jar*315452938]#PCL[/system/framework/android.test.mock.jar*239297726]{PCL[/system/framework/android.test.base.jar*315452938]}}} | PCL[/system/framework/android.test.runner.jar*2931394026:/system/framework/android.test.mock.jar*239297726:/system/framework/android.test.base.jar*315452938])'}
{'timestamp': 1702276322357, 'level': 'ALL', 'message': '12-11 08:24:57.900 10197 10197 W tomator2.serve: ClassLoaderContext classpath size mismatch. expected=0, found=7 (PCL[] | PCL[/system/framework/android.test.runner.jar*2931394026:/system/framework/android.test.mock.jar*239297726:/system/framework/android.test.base.jar*315452938:/data/app/~~H-ZZcCtrcyZ8YvQ8dbNL0w==/io.appium.uiautomator2.server.test-HtlBHOEB9spqg6V8nxbMvA==/base.apk*687247646:/data/app/~~H-ZZcCtrcyZ8YvQ8dbNL0w==/io.appium.uiautomator2.server.test-HtlBHOEB9spqg6V8nxbMvA==/base.apk!classes2.dex*4100630800:/data/app/~~H-ZZcCtrcyZ8YvQ8dbNL0w==/io.appium.uiautomator2.server.test-HtlBHOEB9spqg6V8nxbMvA==/base.apk!classes3.dex*453249084:/data/app/~~H-ZZcCtrcyZ8YvQ8dbNL0w==/io.appium.uiautomator2.server.test-HtlBHOEB9spqg6V8nxbMvA==/base.apk!classes4.dex*3854027553])'}
{'timestamp': 1702276322357, 'level': 'ALL', 'message': '12-11 08:24:57.901 10197 10197 W tomator2.serve: Found duplicate classes, falling back to extracting from APK : /data/app/~~hXRTy2FDcTfFwNIuEDVqvA==/io.appium.uiautomator2.server-0sYJHyDtLwZBVo4NIPDNQg==/base.apk'}
{'timestamp': 1702276322357, 'level': 'ALL', 'message': '12-11 08:24:57.901 10197 10197 W tomator2.serve: NOTE: This wastes RAM and hurts startup performance.'}
{'timestamp': 1702276322357, 'level': 'ALL', 'message': "12-11 08:24:57.901 10197 10197 W tomator2.serve: Found duplicated class when checking oat files: 'Ljunit/framework/Assert;' in /data/app/~~hXRTy2FDcTfFwNIuEDVqvA==/io.appium.uiautomator2.server-0sYJHyDtLwZBVo4NIPDNQg==/base.apk and /system/framework/android.test.base.jar"}
{'timestamp': 1702276322357, 'level': 'ALL', 'message': '12-11 08:24:58.145 10197 10197 D ApplicationLoaders: Returning zygote-cached class loader: /system/framework/android.test.base.jar'}
{'timestamp': 1702276322357, 'level': 'ALL', 'message': '12-11 08:24:58.145 10197 10197 D ApplicationLoaders: Returning zygote-cached class loader: /system/framework/android.test.base.jar'}
{'timestamp': 1702276322357, 'level': 'ALL', 'message': '12-11 08:24:58.147 10197 10197 I tomator2.serve: The ClassLoaderContext is a special shared library.'}
{'timestamp': 1702276322357, 'level': 'ALL', 'message': '12-11 08:24:58.151 10197 10197 D ApplicationLoaders: Returning zygote-cached class loader: /system/framework/android.test.base.jar'}
{'timestamp': 1702276322357, 'level': 'ALL', 'message': '12-11 08:24:58.151 10197 10197 D ApplicationLoaders: Returning zygote-cached class loader: /system/framework/android.test.base.jar'}
{'timestamp': 1702276322357, 'level': 'ALL', 'message': '12-11 08:24:58.152 10197 10197 I tomator2.serve: The ClassLoaderContext is a special shared library.'}
{'timestamp': 1702276322357, 'level': 'ALL', 'message': '12-11 08:24:58.159 10197 10197 I chatty  : uid=10157(io.appium.uiautomator2.server) identical 2 lines'}
{'timestamp': 1702276322357, 'level': 'ALL', 'message': '12-11 08:24:58.159 10197 10197 I tomator2.serve: The ClassLoaderContext is a special shared library.'}
{'timestamp': 1702276322357, 'level': 'ALL', 'message': '12-11 08:24:58.161 10197 10197 W tomator2.serve: ClassLoaderContext classpath size mismatch. expected=0, found=3 (PCL[]{PCL[/system/framework/android.test.base.jar*315452938]#PCL[/system/framework/android.test.mock.jar*239297726]{PCL[/system/framework/android.test.base.jar*315452938]}#PCL[/system/framework/android.test.runner.jar*2931394026]{PCL[/system/framework/android.test.base.jar*315452938]#PCL[/system/framework/android.test.mock.jar*239297726]{PCL[/system/framework/android.test.base.jar*315452938]}}} | PCL[/system/framework/android.test.runner.jar*2931394026:/system/framework/android.test.mock.jar*239297726:/system/framework/android.test.base.jar*315452938]{PCL[/system/framework/android.test.base.jar*315452938]#PCL[/system/framework/android.test.mock.jar*239297726]{PCL[/system/framework/android.test.base.jar*315452938]}#PCL[/system/framework/android.test.runner.jar*2931394026]{PCL[/system/framework/android.test.base.jar*315452938]#PCL[/system/framework/android.test.mock.jar*239297726]{PCL[/system/framework/android.test.base.jar*315452938]}}};PCL[/system/framework/android.test.runner.jar*2931394026:/system/framework/android.test.mock.jar*239297726:/system/framework/android.test.base.jar*315452938:/data/app/~~H-ZZcCtrcyZ8YvQ8dbNL0w==/io.appium.uiautomator2.server.test-HtlBHOEB9spqg6V8nxbMvA==/base.apk*687247646:/data/app/~~H-ZZcCtrcyZ8YvQ8dbNL0w==/io.appium.uiautomator2.server.test-HtlBHOEB9spqg6V8nxbMvA==/base.apk!classes2.dex*4100630800:/data/app/~~H-ZZcCtrcyZ8YvQ8dbNL0w==/io.appium.uiautomator2.server.test-HtlBHOEB9spqg6V8nxbMvA==/base.apk!classes3.dex*453249084:/data/app/~~H-ZZcCtrcyZ8YvQ8dbNL0w==/io.appium.uiautomator2.server.test-HtlBHOEB9spqg6V8nxbMvA==/base.apk!classes4.dex*3854027553:/data/app/~~hXRTy2FDcTfFwNIuEDVqvA==/io.appium.uiautomator2.server-0sYJHyDtLwZBVo4NIPDNQg==/base.apk*1922397569:/data/app/~~hXRTy2FDcTfFwNIuEDVqvA==/io.appium.uiautomator2.server-0sYJHyDtLwZBVo4NIPDNQg==/base.apk!classes2.dex*3876754:/data/app/~~hXRTy2FDcTfFwNIuEDVqvA==/io.appium.uiautomator2.server-0sYJHyDtLwZBVo4NIPDNQg==/base.apk!classes3.dex*2970867877:/data/app/~~hXRTy2FDcTfFwNIuEDVqvA==/io.appium.uiautomator2.server-0sYJHyDtLwZBVo4NIPDNQg==/base.apk!classes4.dex*2531160953:/data/app/~~hXRTy2FDcTfFwNIuEDVqvA==/io.appium.uiautomator2.server-0sYJHyDtLwZBVo4NIPDNQg==/base.apk!classes5.dex*2767942814:/data/app/~~hXRTy2FDcTfFwNIuEDVqvA==/io.appium.uiautomator2.server-0sYJHyDtLwZBVo4NIPDNQg==/base.apk!classes6.dex*186635361:/data/app/~~hXRTy2FDcTfFwNIuEDVqvA==/io.appium.uiautomator2.server-0sYJHyDtLwZBVo4NIPDNQg==/base.apk!classes7.dex*2618031622:/data/app/~~hXRTy2FDcTfFwNIuEDVqvA==/io.appium.uiautomator2.server-0sYJHyDtLwZBVo4NIPDNQg==/base.apk!classes8.dex*360180399:/data/app/~~hXRTy2FDcTfFwNIuEDVqvA==/io.appium.uiautomator2.server-0sYJHyDtLwZBVo4NIPDNQg==/base.apk!classes9.dex*2382545440:/data/app/~~hXRTy2FDcTfFwNIuEDVqvA==/io.appium.uiautomator2.server-0sYJHyDtLwZBVo4NIPDNQg==/base.apk!classes10.dex*3493382844:/data/app/~~hXRTy2FDcTfFwNIuEDVqvA==/io.appium.uiautomator2.server-0sYJHyDtLwZBVo4NIPDNQg==/base.apk!classes11.dex*2965076158:/data/app/~~hXRTy2FDcTfFwNIuEDVqvA==/io.appium.uiautomator2.server-0sYJHyDtLwZBVo4NIPDNQg==/base.apk!classes12.dex*1142898992:/data/app/~~hXRTy2FDcTfFwNIuEDVqvA==/io.appium.uiautomator2.server-0sYJHyDtLwZBVo4NIPDNQg==/base.apk!classes13.dex*2435156123:/data/app/~~hXRTy2FDcTfFwNIuEDVqvA==/io.appium.uiautomator2.server-0sYJHyDtLwZBVo4NIPDNQg==/base.apk!classes14.dex*4011978266:/data/app/~~hXRTy2FDcTfFwNIuEDVqvA==/io.appium.uiautomator2.server-0sYJHyDtLwZBVo4NIPDNQg==/base.apk!classes15.dex*4162793483:/data/app/~~hXRTy2FDcTfFwNIuEDVqvA==/io.appium.uiautomator2.server-0sYJHyDtLwZBVo4NIPDNQg==/base.apk!classes16.dex*2209479777])'}
{'timestamp': 1702276322357, 'level': 'ALL', 'message': '12-11 08:24:58.161 10197 10197 W tomator2.serve: Found duplicate classes, falling back to extracting from APK : /data/app/~~H-ZZcCtrcyZ8YvQ8dbNL0w==/io.appium.uiautomator2.server.test-HtlBHOEB9spqg6V8nxbMvA==/base.apk'}
{'timestamp': 1702276322357, 'level': 'ALL', 'message': '12-11 08:24:58.161 10197 10197 W tomator2.serve: NOTE: This wastes RAM and hurts startup performance.'}
{'timestamp': 1702276322357, 'level': 'ALL', 'message': "12-11 08:24:58.161 10197 10197 W tomator2.serve: Found duplicated class when checking oat files: 'Landroidx/test/ext/junit/R$style;' in /data/app/~~H-ZZcCtrcyZ8YvQ8dbNL0w==/io.appium.uiautomator2.server.test-HtlBHOEB9spqg6V8nxbMvA==/base.apk!classes2.dex and /data/app/~~H-ZZcCtrcyZ8YvQ8dbNL0w==/io.appium.uiautomator2.server.test-HtlBHOEB9spqg6V8nxbMvA==/base.apk!classes2.dex"}
{'timestamp': 1702276322357, 'level': 'ALL', 'message': '12-11 08:24:58.168 10197 10197 W tomator2.serve: ClassLoaderContext classpath size mismatch. expected=0, found=7 (PCL[] | PCL[/system/framework/android.test.runner.jar*2931394026:/system/framework/android.test.mock.jar*239297726:/system/framework/android.test.base.jar*315452938:/data/app/~~H-ZZcCtrcyZ8YvQ8dbNL0w==/io.appium.uiautomator2.server.test-HtlBHOEB9spqg6V8nxbMvA==/base.apk*687247646:/data/app/~~H-ZZcCtrcyZ8YvQ8dbNL0w==/io.appium.uiautomator2.server.test-HtlBHOEB9spqg6V8nxbMvA==/base.apk!classes2.dex*4100630800:/data/app/~~H-ZZcCtrcyZ8YvQ8dbNL0w==/io.appium.uiautomator2.server.test-HtlBHOEB9spqg6V8nxbMvA==/base.apk!classes3.dex*453249084:/data/app/~~H-ZZcCtrcyZ8YvQ8dbNL0w==/io.appium.uiautomator2.server.test-HtlBHOEB9spqg6V8nxbMvA==/base.apk!classes4.dex*3854027553]{PCL[/system/framework/android.test.base.jar*315452938]#PCL[/system/framework/android.test.mock.jar*239297726]{PCL[/system/framework/android.test.base.jar*315452938]}#PCL[/system/framework/android.test.runner.jar*2931394026]{PCL[/system/framework/android.test.base.jar*315452938]#PCL[/system/framework/android.test.mock.jar*239297726]{PCL[/system/framework/android.test.base.jar*315452938]}}};PCL[/system/framework/android.test.runner.jar*2931394026:/system/framework/android.test.mock.jar*239297726:/system/framework/android.test.base.jar*315452938:/data/app/~~H-ZZcCtrcyZ8YvQ8dbNL0w==/io.appium.uiautomator2.server.test-HtlBHOEB9spqg6V8nxbMvA==/base.apk*687247646:/data/app/~~H-ZZcCtrcyZ8YvQ8dbNL0w==/io.appium.uiautomator2.server.test-HtlBHOEB9spqg6V8nxbMvA==/base.apk!classes2.dex*4100630800:/data/app/~~H-ZZcCtrcyZ8YvQ8dbNL0w==/io.appium.uiautomator2.server.test-HtlBHOEB9spqg6V8nxbMvA==/base.apk!classes3.dex*453249084:/data/app/~~H-ZZcCtrcyZ8YvQ8dbNL0w==/io.appium.uiautomator2.server.test-HtlBHOEB9spqg6V8nxbMvA==/base.apk!classes4.dex*3854027553:/data/app/~~hXRTy2FDcTfFwNIuEDVqvA==/io.appium.uiautomator2.server-0sYJHyDtLwZBVo4NIPDNQg==/base.apk*1922397569:/data/app/~~hXRTy2FDcTfFwNIuEDVqvA==/io.appium.uiautomator2.server-0sYJHyDtLwZBVo4NIPDNQg==/base.apk!classes2.dex*3876754:/data/app/~~hXRTy2FDcTfFwNIuEDVqvA==/io.appium.uiautomator2.server-0sYJHyDtLwZBVo4NIPDNQg==/base.apk!classes3.dex*2970867877:/data/app/~~hXRTy2FDcTfFwNIuEDVqvA==/io.appium.uiautomator2.server-0sYJHyDtLwZBVo4NIPDNQg==/base.apk!classes4.dex*2531160953:/data/app/~~hXRTy2FDcTfFwNIuEDVqvA==/io.appium.uiautomator2.server-0sYJHyDtLwZBVo4NIPDNQg==/base.apk!classes5.dex*2767942814:/data/app/~~hXRTy2FDcTfFwNIuEDVqvA==/io.appium.uiautomator2.server-0sYJHyDtLwZBVo4NIPDNQg==/base.apk!classes6.dex*186635361:/data/app/~~hXRTy2FDcTfFwNIuEDVqvA==/io.appium.uiautomator2.server-0sYJHyDtLwZBVo4NIPDNQg==/base.apk!classes7.dex*2618031622:/data/app/~~hXRTy2FDcTfFwNIuEDVqvA==/io.appium.uiautomator2.server-0sYJHyDtLwZBVo4NIPDNQg==/base.apk!classes8.dex*360180399:/data/app/~~hXRTy2FDcTfFwNIuEDVqvA==/io.appium.uiautomator2.server-0sYJHyDtLwZBVo4NIPDNQg==/base.apk!classes9.dex*2382545440:/data/app/~~hXRTy2FDcTfFwNIuEDVqvA==/io.appium.uiautomator2.server-0sYJHyDtLwZBVo4NIPDNQg==/base.apk!classes10.dex*3493382844:/data/app/~~hXRTy2FDcTfFwNIuEDVqvA==/io.appium.uiautomator2.server-0sYJHyDtLwZBVo4NIPDNQg==/base.apk!classes11.dex*2965076158:/data/app/~~hXRTy2FDcTfFwNIuEDVqvA==/io.appium.uiautomator2.server-0sYJHyDtLwZBVo4NIPDNQg==/base.apk!classes12.dex*1142898992:/data/app/~~hXRTy2FDcTfFwNIuEDVqvA==/io.appium.uiautomator2.server-0sYJHyDtLwZBVo4NIPDNQg==/base.apk!classes13.dex*2435156123:/data/app/~~hXRTy2FDcTfFwNIuEDVqvA==/io.appium.uiautomator2.server-0sYJHyDtLwZBVo4NIPDNQg==/base.apk!classes14.dex*4011978266:/data/app/~~hXRTy2FDcTfFwNIuEDVqvA==/io.appium.uiautomator2.server-0sYJHyDtLwZBVo4NIPDNQg==/base.apk!classes15.dex*4162793483:/data/app/~~hXRTy2FDcTfFwNIuEDVqvA==/io.appium.uiautomator2.server-0sYJHyDtLwZBVo4NIPDNQg==/base.apk!classes16.dex*2209479777])'}
{'timestamp': 1702276322357, 'level': 'ALL', 'message': '12-11 08:24:58.168 10197 10197 W tomator2.serve: Found duplicate classes, falling back to extracting from APK : /data/app/~~hXRTy2FDcTfFwNIuEDVqvA==/io.appium.uiautomator2.server-0sYJHyDtLwZBVo4NIPDNQg==/base.apk'}
{'timestamp': 1702276322357, 'level': 'ALL', 'message': '12-11 08:24:58.169 10197 10197 W tomator2.serve: NOTE: This wastes RAM and hurts startup performance.'}
{'timestamp': 1702276322357, 'level': 'ALL', 'message': "12-11 08:24:58.169 10197 10197 W tomator2.serve: Found duplicated class when checking oat files: 'Landroid_libs/ub_uiautomator/R;' in /data/app/~~hXRTy2FDcTfFwNIuEDVqvA==/io.appium.uiautomator2.server-0sYJHyDtLwZBVo4NIPDNQg==/base.apk!classes2.dex and /data/app/~~hXRTy2FDcTfFwNIuEDVqvA==/io.appium.uiautomator2.server-0sYJHyDtLwZBVo4NIPDNQg==/base.apk!classes2.dex"}
{'timestamp': 1702276322357, 'level': 'ALL', 'message': '12-11 08:24:58.294 10197 10197 W tomator2.serve: Accessing hidden method Landroid/app/Instrumentation;->execStartActivity(Landroid/content/Context;Landroid/os/IBinder;Landroid/os/IBinder;Landroid/app/Activity;Landroid/content/Intent;ILandroid/os/Bundle;)Landroid/app/Instrumentation$ActivityResult; (greylist, linking, allowed)'}
{'timestamp': 1702276322357, 'level': 'ALL', 'message': '12-11 08:24:58.295 10197 10197 W tomator2.serve: Accessing hidden method Landroid/app/Instrumentation;->execStartActivity(Landroid/content/Context;Landroid/os/IBinder;Landroid/os/IBinder;Ljava/lang/String;Landroid/content/Intent;ILandroid/os/Bundle;)Landroid/app/Instrumentation$ActivityResult; (greylist, linking, allowed)'}
{'timestamp': 1702276322357, 'level': 'ALL', 'message': '12-11 08:24:58.309 10197 10197 D NetworkSecurityConfig: No Network Security Config specified, using platform default'}
{'timestamp': 1702276322357, 'level': 'ALL', 'message': '12-11 08:24:58.310 10197 10197 D NetworkSecurityConfig: No Network Security Config specified, using platform default'}
{'timestamp': 1702276322357, 'level': 'ALL', 'message': '12-11 08:24:58.310 10197 10197 I MonitoringInstr: newApplication called!'}
{'timestamp': 1702276322357, 'level': 'ALL', 'message': '12-11 08:24:58.313 10197 10197 I MonitoringInstr: Instrumentation started!'}
{'timestamp': 1702276322357, 'level': 'ALL', 'message': '12-11 08:24:58.325 10197 10197 I AndroidJUnitRunner: onCreate Bundle[{disableAnalytics=true}]'}
{'timestamp': 1702276322357, 'level': 'ALL', 'message': '12-11 08:24:58.328 10197 10197 V TestEventClient: No service name argument was given (testDiscoveryService, testRunEventService or orchestratorService)'}
{'timestamp': 1702276322357, 'level': 'ALL', 'message': '12-11 08:24:58.333 10197 10222 D AndroidJUnitRunner: onStart is called.'}
{'timestamp': 1702276322357, 'level': 'ALL', 'message': '12-11 08:24:58.334 10197 10197 I MonitoringInstr: No JSBridge.'}
{'timestamp': 1702276322357, 'level': 'ALL', 'message': '12-11 08:24:58.357 10197 10222 D TestRequestBuilder: Using class path scanning to discover tests'}
{'timestamp': 1702276322357, 'level': 'ALL', 'message': '12-11 08:24:58.358 10197 10222 I TestRequestBuilder: Scanning classpath to find tests in paths [/data/app/~~H-ZZcCtrcyZ8YvQ8dbNL0w==/io.appium.uiautomator2.server.test-HtlBHOEB9spqg6V8nxbMvA==/base.apk]'}
{'timestamp': 1702276322357, 'level': 'ALL', 'message': '12-11 08:24:58.360 10197 10222 W tomator2.serve: Opening an oat file without a class loader. Are you using the deprecated DexFile APIs?'}
{'timestamp': 1702276322357, 'level': 'ALL', 'message': '12-11 08:24:58.422 10197 10222 D AndroidJUnitRunner: Use the raw file system for managing file I/O.'}
{'timestamp': 1702276322357, 'level': 'ALL', 'message': '12-11 08:24:58.433 10197 10222 D TestExecutor: Adding listener androidx.test.internal.runner.listener.LogRunListener'}
{'timestamp': 1702276322357, 'level': 'ALL', 'message': '12-11 08:24:58.435 10197 10222 D TestExecutor: Adding listener androidx.test.internal.runner.listener.InstrumentationResultPrinter'}
{'timestamp': 1702276322357, 'level': 'ALL', 'message': '12-11 08:24:58.435 10197 10222 D TestExecutor: Adding listener androidx.test.internal.runner.listener.ActivityFinisherRunListener'}
{'timestamp': 1702276322357, 'level': 'ALL', 'message': '12-11 08:24:58.435 10197 10222 D TestExecutor: Adding listener androidx.test.internal.runner.listener.TraceRunListener'}
{'timestamp': 1702276322357, 'level': 'ALL', 'message': '12-11 08:24:58.442 10197 10222 I TestRunner: run started: 1 tests'}
{'timestamp': 1702276322357, 'level': 'ALL', 'message': '12-11 08:24:58.448 10197 10222 I TestRunner: started: startServer(io.appium.uiautomator2.server.test.AppiumUiAutomator2Server)'}
{'timestamp': 1702276322357, 'level': 'ALL', 'message': '12-11 08:24:58.459 10197 10222 I appium  : [AppiumUiAutomator2Server] Starting Server'}
{'timestamp': 1702276322357, 'level': 'ALL', 'message': "12-11 08:24:58.597  1912  1912 E adbd    : failed to connect to socket 'tcp:6790': Connection refused"}
{'timestamp': 1702276322357, 'level': 'ALL', 'message': '12-11 08:24:59.460 10197 10222 I appium  : Starting MJPEG Server'}
{'timestamp': 1702276322357, 'level': 'ALL', 'message': '12-11 08:24:59.462 10197 10222 I appium  : MJPEG Server started'}
{'timestamp': 1702276322357, 'level': 'ALL', 'message': '12-11 08:24:59.465 10197 10224 I appium  : ServerSocket created on port 7810'}
{'timestamp': 1702276322357, 'level': 'ALL', 'message': '12-11 08:24:59.490 10197 10222 I appium  : AndroidServer created on port 6790'}
{'timestamp': 1702276322357, 'level': 'ALL', 'message': '12-11 08:24:59.491 10197 10222 I appium  : io.appium.uiautomator2.server started:'}
{'timestamp': 1702276322357, 'level': 'ALL', 'message': '12-11 08:24:59.512   517   929 I fvbt    : (REDACTED) #onAccessibilityStateChanged enabled: %s'}
{'timestamp': 1702276322357, 'level': 'ALL', 'message': '12-11 08:24:59.513   517   979 I fvbt    : #onChange'}
{'timestamp': 1702276322357, 'level': 'ALL', 'message': '12-11 08:24:59.513   517   979 I cmrs    : #FCF: onChange'}
{'timestamp': 1702276322357, 'level': 'ALL', 'message': '12-11 08:24:59.513   517   979 I cmrw    : (REDACTED) FCF System FeatureName to check: %s'}
{'timestamp': 1702276322357, 'level': 'ALL', 'message': '12-11 08:24:59.513   517   979 I cmrw    : (REDACTED) FCF: Device model check status : %s'}
{'timestamp': 1702276322357, 'level': 'ALL', 'message': '12-11 08:24:59.513   517  1099 I cmrt    : FCF A11y Checker - readyForTngMa'}
{'timestamp': 1702276322357, 'level': 'ALL', 'message': '12-11 08:24:59.514   517   979 I cmrc    : (REDACTED) #FCF: Assistant primary locale : %s'}
{'timestamp': 1702276322357, 'level': 'ALL', 'message': '12-11 08:24:59.514   517   979 I cmrc    : (REDACTED) #FCF: Assistant Primary locale check status : %s'}
{'timestamp': 1702276322357, 'level': 'ALL', 'message': '12-11 08:24:59.515   517   979 I cmuh    : (REDACTED) #FCF: Managed profile check status : %s'}
{'timestamp': 1702276322357, 'level': 'ALL', 'message': '12-11 08:24:59.515   517  1099 I cmug    : (REDACTED) #FCF: Demo mode check status : %s'}
{'timestamp': 1702276322357, 'level': 'ALL', 'message': '12-11 08:24:59.518   517   979 I cmuj    : (REDACTED) [%d] productivity accounts setup for current account.'}
{'timestamp': 1702276322357, 'level': 'ALL', 'message': "12-11 08:24:59.524   653   833 I bfxf    : NGA disabled since it's running Panthera and at least one a11y feature is on."}
{'timestamp': 1702276322357, 'level': 'ALL', 'message': '12-11 08:24:59.524   653   833 I bfxf    : (REDACTED) Nga state changed to %s'}
{'timestamp': 1702276322357, 'level': 'ALL', 'message': '12-11 08:24:59.524   653   833 I bfxf    : (REDACTED) isTngActive=%s'}
{'timestamp': 1702276322357, 'level': 'ALL', 'message': '12-11 08:24:59.525   653  8458 I aoso    : (REDACTED) Successfully received auth token for scope: %s in time %d ms'}
{'timestamp': 1702276322357, 'level': 'ALL', 'message': '12-11 08:24:59.553   517   979 I zvn     : (REDACTED) Nga on-device enabled based on TNG:MA active state: %b'}
{'timestamp': 1702276322357, 'level': 'ALL', 'message': '12-11 08:24:59.558   517   979 I zvn     : (REDACTED) Nga on-device enabled based on TNG:MA active state: %b'}
{'timestamp': 1702276322357, 'level': 'ALL', 'message': '12-11 08:24:59.560   517   979 I zvn     : Unsubscribed to apa or classic variant change.'}
{'timestamp': 1702276322357, 'level': 'ALL', 'message': '12-11 08:24:59.577 10197 10226 I appium  : Started UiAutomator2 io.appium.uiautomator2.http io.appium.uiautomator2.server on port 6790'}
{'timestamp': 1702276322357, 'level': 'ALL', 'message': "12-11 08:24:59.604  1912  1912 E adbd    : failed to connect to socket 'tcp:6790': Connection refused"}
{'timestamp': 1702276322357, 'level': 'ALL', 'message': '12-11 08:24:59.610   517  1099 I cmya    : (REDACTED) #FCF evaluate: %s'}
{'timestamp': 1702276322357, 'level': 'ALL', 'message': '12-11 08:24:59.611   517  1099 I cmya    : (REDACTED) TngMaStatusChecker#evaluateInternal completed in %s millis'}
{'timestamp': 1702276322357, 'level': 'ALL', 'message': '12-11 08:24:59.612   517  1099 I cmcg    : (REDACTED) TNG:MA status updated: %s'}
{'timestamp': 1702276322357, 'level': 'ALL', 'message': '12-11 08:24:59.612   517  1099 I cmcg    : TNG:MA became ineligible, client should disconnect'}
{'timestamp': 1702276322357, 'level': 'ALL', 'message': '12-11 08:24:59.615   517  1099 I cmcg    : (REDACTED) Disconnecting: %s'}
{'timestamp': 1702276322357, 'level': 'ALL', 'message': '12-11 08:24:59.616   517  1099 I cmhx    : #unregisterBluetoothDevicesAvailabilityListener'}
{'timestamp': 1702276322357, 'level': 'ALL', 'message': '12-11 08:24:59.616   517  1099 I cmya    : #invalidationSource: adding saa update checker'}
{'timestamp': 1702276322357, 'level': 'ALL', 'message': '12-11 08:24:59.616   517   979 I cmhx    : #unregisterBistoDevicesAvailabilityListener'}
{'timestamp': 1702276322357, 'level': 'ALL', 'message': '12-11 08:24:59.617   517   979 I cmhx    : enableBistoRouteIntegration disabled'}
{'timestamp': 1702276322357, 'level': 'ALL', 'message': '12-11 08:24:59.617   517   979 I cmhx    : #unregisterActivityTransitions'}
{'timestamp': 1702276322357, 'level': 'ALL', 'message': '12-11 08:24:59.617   517   979 I cmhx    : #unsubscribeFromHeadsetEventsForEarcons'}
{'timestamp': 1702276322357, 'level': 'ALL', 'message': '12-11 08:24:59.617   517   979 I cmhx    : #enableGmmTravelModeLogging flag disabled.'}
{'timestamp': 1702276322357, 'level': 'ALL', 'message': '12-11 08:24:59.617   517   979 I cqpb    : #unregisterShellAppInstallationReceiver'}
{'timestamp': 1702276322357, 'level': 'ALL', 'message': '12-11 08:24:59.622   517   979 I cmhx    : (REDACTED) Disconnect Reasons: %s'}
{'timestamp': 1702276322357, 'level': 'ALL', 'message': '12-11 08:24:59.622   517   979 I cmhx    : Client successfully disconnected'}
{'timestamp': 1702276322357, 'level': 'ALL', 'message': '12-11 08:24:59.623   517   979 I cmib    : (REDACTED) Updated TngActivationStateResult %s'}
{'timestamp': 1702276322357, 'level': 'ALL', 'message': '12-11 08:24:59.623   517  1099 I cmhx    : Subscription was cancelled.'}
{'timestamp': 1702276322357, 'level': 'ALL', 'message': '12-11 08:24:59.623   517   979 I cmib    : (REDACTED) Emit result=%s'}
{'timestamp': 1702276322357, 'level': 'ALL', 'message': '12-11 08:24:59.623   517   979 I cmgb    : Scheduling removing Phenotype experience experiments id'}
{'timestamp': 1702276322357, 'level': 'ALL', 'message': '12-11 08:24:59.624   517   979 I cmcg    : Disconnected'}
{'timestamp': 1702276322357, 'level': 'ALL', 'message': '12-11 08:24:59.625   517  1099 I gcsr    : (REDACTED) Connection(%s) completed.'}
{'timestamp': 1702276322357, 'level': 'ALL', 'message': '12-11 08:24:59.625   517  1099 I gcss    : (REDACTED) Connection(%s) removed, total(%d).'}
{'timestamp': 1702276322357, 'level': 'ALL', 'message': '12-11 08:24:59.625   517   979 I gckv    : (REDACTED) Client connections changed: %s.'}
{'timestamp': 1702276322357, 'level': 'ALL', 'message': '12-11 08:24:59.626   517   938 I ckxv    : Disconnecting'}
{'timestamp': 1702276322357, 'level': 'ALL', 'message': '12-11 08:24:59.626   517   979 I gcur    : (REDACTED) Shutdown triggering managed lifecycle(%s)'}
{'timestamp': 1702276322357, 'level': 'ALL', 'message': '12-11 08:24:59.627   517   979 I chatty  : uid=10109(com.google.android.googlequicksearchbox) Lite Thread #0 identical 6 lines'}
{'timestamp': 1702276322357, 'level': 'ALL', 'message': '12-11 08:24:59.627   517   979 I gcur    : (REDACTED) Shutdown triggering managed lifecycle(%s)'}
{'timestamp': 1702276322357, 'level': 'ALL', 'message': '12-11 08:24:59.627   517  1099 I gcur    : (REDACTED) Shutdown triggering managed lifecycle(%s)'}
{'timestamp': 1702276322357, 'level': 'ALL', 'message': '12-11 08:24:59.628   517   979 I gckv    : (REDACTED) Invocations routing has changed'}
{'timestamp': 1702276322357, 'level': 'ALL', 'message': '12-11 08:24:59.628   517   979 I gckv    : %s'}
{'timestamp': 1702276322357, 'level': 'ALL', 'message': '12-11 08:24:59.636   517   979 I gdbo    : (REDACTED) On hotword consumer changed: %s.'}
{'timestamp': 1702276322357, 'level': 'ALL', 'message': '12-11 08:24:59.637   517  1066 I gcyb    : (REDACTED) Hotword consumer configuration has changed: %s.'}
{'timestamp': 1702276322357, 'level': 'ALL', 'message': '12-11 08:24:59.638   517  1066 I gczx    : (REDACTED) Updating HDM frontend with configuration=@%s.'}
{'timestamp': 1702276322357, 'level': 'ALL', 'message': '12-11 08:24:59.639   517  1066 I gqel    : (REDACTED) #update. Operational mode passed in HotwordConfig is %s'}
{'timestamp': 1702276322357, 'level': 'ALL', 'message': '12-11 08:24:59.639   517  1099 I gqel    : (REDACTED) Receive Accountid: %s'}
{'timestamp': 1702276322357, 'level': 'ALL', 'message': '12-11 08:24:59.640   517   979 I gqel    : #update inside sequencer'}
{'timestamp': 1702276322357, 'level': 'ALL', 'message': '12-11 08:24:59.640   517   979 I gqel    : #update inside sequencer after logAppFlowAfterAccountHandled finished.'}
{'timestamp': 1702276322357, 'level': 'ALL', 'message': '12-11 08:24:59.640   517   979 I gqel    : (REDACTED) needRefetchHotwordConfig: %b, accountChanged: %b, currentLocale: %s, newLocale: %s'}
{'timestamp': 1702276322357, 'level': 'ALL', 'message': '12-11 08:24:59.640   517   979 I gqel    : (REDACTED) getAllConfigAndTakeAction called because of %s'}
{'timestamp': 1702276322357, 'level': 'ALL', 'message': "12-11 08:24:59.641   517   979 W KeyphraseEnrollmentInfo: No enrollment application supports the given keyphrase/locale: 'X Google'/ru_RU"}
{'timestamp': 1702276322357, 'level': 'ALL', 'message': "12-11 08:24:59.641   517   979 W KeyphraseEnrollmentInfo: No enrollment application supports the given keyphrase/locale: 'X Google'/ru_RU"}
{'timestamp': 1702276322357, 'level': 'ALL', 'message': "12-11 08:24:59.641   517   979 W KeyphraseEnrollmentInfo: No enrollment application supports the given keyphrase/locale: 'X Google'/ar_EG"}
{'timestamp': 1702276322357, 'level': 'ALL', 'message': "12-11 08:24:59.641   517   979 W KeyphraseEnrollmentInfo: No enrollment application supports the given keyphrase/locale: 'X Google'/en_US"}
{'timestamp': 1702276322357, 'level': 'ALL', 'message': '12-11 08:24:59.641   517   979 W gqat    : (REDACTED) #getDspEnrollmentFallbackLocale cannot find a fallback locale for %s.'}
{'timestamp': 1702276322357, 'level': 'ALL', 'message': "12-11 08:24:59.641   517   979 W KeyphraseEnrollmentInfo: No enrollment application supports the given keyphrase/locale: 'Ok Google'/ru_RU"}
{'timestamp': 1702276322357, 'level': 'ALL', 'message': "12-11 08:24:59.641   517   979 W KeyphraseEnrollmentInfo: No enrollment application supports the given keyphrase/locale: 'Ok Google'/ar_EG"}
{'timestamp': 1702276322357, 'level': 'ALL', 'message': "12-11 08:24:59.641   517   979 W KeyphraseEnrollmentInfo: No enrollment application supports the given keyphrase/locale: 'Ok Google'/en_US"}
{'timestamp': 1702276322357, 'level': 'ALL', 'message': '12-11 08:24:59.641   517   979 W gqat    : (REDACTED) #getDspEnrollmentFallbackLocale cannot find a fallback locale for %s.'}
{'timestamp': 1702276322357, 'level': 'ALL', 'message': '12-11 08:24:59.641   517   979 I gqel    : (REDACTED) #getAllConfigAndTakeAction KeyphraseAndLocaleSupportResult. locale : %s, dsp locale : %s, keyphrase : %s, DSP keyphrase : %s, isKeyphraseAndLocaleSupported : %b.'}
{'timestamp': 1702276322357, 'level': 'ALL', 'message': '12-11 08:24:59.641   517   979 I gqat    : #canUseDownloadDspModel: no DspModelInformationAvailable'}
{'timestamp': 1702276322357, 'level': 'ALL', 'message': '12-11 08:24:59.641   517   979 I gqel    : (REDACTED) isDspHotwordSupportedByPlatform = %b, isDspHotwordModelAvailable = %b'}
{'timestamp': 1702276322357, 'level': 'ALL', 'message': '12-11 08:24:59.641   517   979 I gqay    : (REDACTED) Voice Match (Speaker-id) supported : %b'}
{'timestamp': 1702276322357, 'level': 'ALL', 'message': '12-11 08:24:59.641   517   979 I gqay    : (REDACTED) hotword enrollment state is enrolled:  %b, speakerId model exist: %b. Voice Match supported : %b'}
{'timestamp': 1702276322357, 'level': 'ALL', 'message': '12-11 08:24:59.641   517   979 I gqay    : (REDACTED) isHotwordAvailable():  %b, isHotwordEnabled() %b'}
{'timestamp': 1702276322357, 'level': 'ALL', 'message': '12-11 08:24:59.641   517   979 I gqay    : (REDACTED) Hotword enrollment state : %s.'}
{'timestamp': 1702276322357, 'level': 'ALL', 'message': '12-11 08:24:59.642   517   979 I gqay    : (REDACTED) Voice Match (Speaker-id) supported : %b'}
{'timestamp': 1702276322357, 'level': 'ALL', 'message': '12-11 08:24:59.642   517   979 I gqay    : (REDACTED) Hotword enrollment state : %s.'}
{'timestamp': 1702276322357, 'level': 'ALL', 'message': '12-11 08:24:59.642   517   979 I gqfh    : (REDACTED) Operational mode passed in HotwordConfig is %s'}
{'timestamp': 1702276322357, 'level': 'ALL', 'message': '12-11 08:24:59.642   517   979 I gqay    : (REDACTED) Voice Match (Speaker-id) supported : %b'}
{'timestamp': 1702276322357, 'level': 'ALL', 'message': '12-11 08:24:59.642   517   979 I gqay    : (REDACTED) Voice Match (Speaker-id) supported : %b'}
{'timestamp': 1702276322357, 'level': 'ALL', 'message': '12-11 08:24:59.643   517   979 I gqay    : (REDACTED) hotword enrollment state is enrolled:  %b, speakerId model exist: %b, voice match supported : %b'}
{'timestamp': 1702276322357, 'level': 'ALL', 'message': '12-11 08:24:59.643   517   979 I gqay    : (REDACTED) Hotword enrollment state : %s.'}
{'timestamp': 1702276322357, 'level': 'ALL', 'message': '12-11 08:24:59.643   517   979 I gqay    : (REDACTED) Hotword isNonVoiceMatchHotwordEnabled: %b, isHotwordAvailable: %b, isHotwordEnabled: %b, isVoiceMatchSupported: %b, isHotwordEnrolled: %b,'}
{'timestamp': 1702276322358, 'level': 'ALL', 'message': '12-11 08:24:59.643   517   979 I gqay    : (REDACTED) Hotword enrollment state : %s.'}
{'timestamp': 1702276322358, 'level': 'ALL', 'message': '12-11 08:24:59.643   517   979 I gqez    : (REDACTED) #getNextAction. Voice match enabled: %b. Hotword (non-Voice Match) enabled: %b, incomplete enrollment state: %b, screen on: %b, screen locked: %b dsp available: %b'}
{'timestamp': 1702276322358, 'level': 'ALL', 'message': '12-11 08:24:59.643   517   979 I gqez    : (REDACTED) No operation needed since hotword detection is not running. Voice match enabled : %b. Hotword (non-Voice Match) enabled : %b, Is screen on : %b.'}
{'timestamp': 1702276322358, 'level': 'ALL', 'message': '12-11 08:24:59.643   517   979 I gqel    : No detectors created before, no need to reconfig.'}
{'timestamp': 1702276322358, 'level': 'ALL', 'message': '12-11 08:24:59.643   517   979 I gqel    : (REDACTED) Get the next action %s for requester %s.'}
{'timestamp': 1702276322358, 'level': 'ALL', 'message': '12-11 08:24:59.643   517   979 I gqel    : (REDACTED) Hotword detection is running : %b, no further operation required.'}
{'timestamp': 1702276322358, 'level': 'ALL', 'message': '12-11 08:24:59.643   517   979 I gqay    : (REDACTED) isHotwordAvailable():  %b, isHotwordEnabled() %b'}
{'timestamp': 1702276322358, 'level': 'ALL', 'message': '12-11 08:24:59.643   517   979 I gqel    : #logRequestHandlingNonErrorEndEvent. Reset requestIdOfFirstError, firstStartErrorCausesRetry and numOfRetriesDoneForDspStartErrors!'}
{'timestamp': 1702276322358, 'level': 'ALL', 'message': '12-11 08:24:59.643   653   944 I gqii    : (REDACTED) Calling setIsModelTypeDspSupported %s'}
{'timestamp': 1702276322358, 'level': 'ALL', 'message': '12-11 08:24:59.645   517  1065 I gczx    : (REDACTED) Frontend=%s has been updated to configuration=%s.'}
{'timestamp': 1702276322358, 'level': 'ALL', 'message': '12-11 08:24:59.669 10197 10228 W tomator2.serve: Accessing hidden method Lsun/misc/VM;->maxDirectMemory()J (greylist, reflection, allowed)'}
{'timestamp': 1702276322358, 'level': 'ALL', 'message': '12-11 08:24:59.711 10197 10228 W tomator2.serve: Accessing hidden field Lsun/nio/ch/SelectorImpl;->selectedKeys:Ljava/util/Set; (greylist, reflection, allowed)'}
{'timestamp': 1702276322358, 'level': 'ALL', 'message': '12-11 08:24:59.711 10197 10228 W tomator2.serve: Accessing hidden field Lsun/nio/ch/SelectorImpl;->publicSelectedKeys:Ljava/util/Set; (greylist, reflection, allowed)'}
{'timestamp': 1702276322358, 'level': 'ALL', 'message': '12-11 08:24:59.774 10197 10197 W Thread-5: type=1400 audit(0.0:4412): avc: denied { read } for name="somaxconn" dev="proc" ino=1621418 scontext=u:r:untrusted_app:s0:c157,c256,c512,c768 tcontext=u:object_r:proc_net:s0 tclass=file permissive=0 app=io.appium.uiautomator2.server'}
{'timestamp': 1702276322358, 'level': 'ALL', 'message': '12-11 08:25:00.776 10197 10230 I appium  : channel read: GET /status'}
{'timestamp': 1702276322358, 'level': 'ALL', 'message': '12-11 08:25:00.780 10197 10230 I appium  : Status command'}
{'timestamp': 1702276322358, 'level': 'ALL', 'message': '12-11 08:25:00.838 10197 10230 I appium  : AppiumResponse: {"sessionId":"None","value":{"message":"UiAutomator2 Server is ready to accept commands","ready":true}}'}
{'timestamp': 1702276322358, 'level': 'ALL', 'message': '12-11 08:25:00.859 10197 10230 I appium  : channel read: POST /session'}
{'timestamp': 1702276322358, 'level': 'ALL', 'message': '12-11 08:25:00.859 10197 10230 I appium  : NewSession command'}
{'timestamp': 1702276322358, 'level': 'ALL', 'message': '12-11 08:25:00.891 10197 10230 W tomator2.serve: Accessing hidden field Landroid/app/UiAutomation;->mOnAccessibilityEventListener:Landroid/app/UiAutomation$OnAccessibilityEventListener; (greylist-max-o, reflection, allowed)'}
{'timestamp': 1702276322358, 'level': 'ALL', 'message': '12-11 08:25:00.899 10197 10230 I appium  : Created the new session with id 4f7bac3f-2d55-48aa-be40-f282e6443e4e and capabilities {appPackage=com.ajaxsystems, networkConnectionEnabled=true, noSign=true, warnings={}, databaseEnabled=false, deviceName=emulator-5554, platform=LINUX, deviceUDID=emulator-5554, appActivity=com.ajaxsystems.ui.activity.LauncherActivity, desired={platformName=Android, automationName=uiautomator2, autoGrantPermissions=true, newCommandTimeout=500.0, noSign=true, platformVersion=11, resetKeyboard=true, systemPort=8377.0, takesScreenshot=true, udid=emulator-5554, appPackage=com.ajaxsystems, appActivity=com.ajaxsystems.ui.activity.LauncherActivity}, newCommandTimeout=500.0, platformVersion=11, automationName=uiautomator2, webStorageEnabled=false, locationContextEnabled=false, autoGrantPermissions=true, takesScreenshot=true, javascriptEnabled=true, platformName=Android, udid=emulator-5554, resetKeyboard=true, systemPort=8377.0}'}
{'timestamp': 1702276322358, 'level': 'ALL', 'message': '12-11 08:25:00.907 10197 10230 I appium  : AppiumResponse: {"sessionId":"4f7bac3f-2d55-48aa-be40-f282e6443e4e","value":{"capabilities":{"firstMatch":[{"platformName":"Android","automationName":"uiautomator2","autoGrantPermissions":true,"newCommandTimeout":500.0,"noSign":true,"platformVersion":"11","resetKeyboard":true,"systemPort":8377.0,"takesScreenshot":t…'}
{'timestamp': 1702276322358, 'level': 'ALL', 'message': '12-11 08:25:00.952 10197 10230 I appium  : channel read: GET /session/4f7bac3f-2d55-48aa-be40-f282e6443e4e/appium/device/pixel_ratio'}
{'timestamp': 1702276322358, 'level': 'ALL', 'message': '12-11 08:25:00.953 10197 10230 I appium  : GetDevicePixelRatio command'}
{'timestamp': 1702276322358, 'level': 'ALL', 'message': '12-11 08:25:00.959 10197 10230 I appium  : AppiumResponse: {"sessionId":"4f7bac3f-2d55-48aa-be40-f282e6443e4e","value":2.625}'}
{'timestamp': 1702276322358, 'level': 'ALL', 'message': '12-11 08:25:00.968 10197 10231 I appium  : channel read: GET /session/4f7bac3f-2d55-48aa-be40-f282e6443e4e/appium/device/system_bars'}
{'timestamp': 1702276322358, 'level': 'ALL', 'message': '12-11 08:25:00.969 10197 10231 I appium  : GetSystemBars command'}
{'timestamp': 1702276322358, 'level': 'ALL', 'message': '12-11 08:25:00.971 10197 10232 I appium  : channel read: GET /session/4f7bac3f-2d55-48aa-be40-f282e6443e4e/window/current/size'}
{'timestamp': 1702276322358, 'level': 'ALL', 'message': '12-11 08:25:00.973 10197 10232 I appium  : GetDeviceSize command'}
{'timestamp': 1702276322358, 'level': 'ALL', 'message': '12-11 08:25:00.973 10197 10232 I appium  : Get window size of the device'}
{'timestamp': 1702276322358, 'level': 'ALL', 'message': '12-11 08:25:00.973 10197 10231 I appium  : AppiumResponse: {"sessionId":"4f7bac3f-2d55-48aa-be40-f282e6443e4e","value":{"statusBar":136}}'}
{'timestamp': 1702276322358, 'level': 'ALL', 'message': '12-11 08:25:00.975 10197 10232 I appium  : AppiumResponse: {"sessionId":"4f7bac3f-2d55-48aa-be40-f282e6443e4e","value":{"height":2138,"width":1080}}'}
{'timestamp': 1702276322358, 'level': 'ALL', 'message': '12-11 08:25:00.976 10197 10233 I appium  : channel read: GET /session/4f7bac3f-2d55-48aa-be40-f282e6443e4e/appium/device/info'}
{'timestamp': 1702276322358, 'level': 'ALL', 'message': '12-11 08:25:00.976 10197 10233 I appium  : GetDeviceInfo command'}
{'timestamp': 1702276322358, 'level': 'ALL', 'message': '12-11 08:25:00.986 10197 10233 I TetheringManager: registerTetheringEventCallback:io.appium.uiautomator2.server'}
{'timestamp': 1702276322358, 'level': 'ALL', 'message': '12-11 08:25:01.000 10197 10233 W tomator2.serve: Accessing hidden field Landroid/net/NetworkCapabilities;->mSignalStrength:I (greylist-max-p, reflection, allowed)'}
{'timestamp': 1702276322358, 'level': 'ALL', 'message': '12-11 08:25:01.000 10197 10233 W tomator2.serve: Accessing hidden field Landroid/net/NetworkCapabilities;->mSSID:Ljava/lang/String; (greylist-max-o, reflection, allowed)'}
{'timestamp': 1702276322358, 'level': 'ALL', 'message': '12-11 08:25:01.018 10197 10233 I appium  : AppiumResponse: {"sessionId":"4f7bac3f-2d55-48aa-be40-f282e6443e4e","value":{"androidId":"5d496a92f3e8c1c9","apiVersion":"30","bluetooth":{"state":"ON"},"brand":"google","carrierName":"Android","displayDensity":420,"locale":"en_US","manufacturer":"Google","model":"sdk_gphone_x86","networks":[{"capabilities":{"SSID"…'}
{'timestamp': 1702276322358, 'level': 'ALL', 'message': '12-11 08:25:01.103 31652  1224 I ActivityManager: Force stopping com.ajaxsystems appid=10158 user=0: from pid 10239'}
{'timestamp': 1702276322358, 'level': 'ALL', 'message': '12-11 08:25:01.115 32351 32351 D CarrierSvcBindHelper: No carrier app for: 0'}
{'timestamp': 1702276322358, 'level': 'ALL', 'message': '12-11 08:25:01.362 31652  1224 I ActivityTaskManager: START u0 {act=android.intent.action.MAIN cat=[android.intent.category.LAUNCHER] flg=0x10200000 cmp=com.ajaxsystems/.ui.activity.LauncherActivity} from uid 2000'}
{'timestamp': 1702276322358, 'level': 'ALL', 'message': '12-11 08:25:01.362 31652 31712 D EventSequenceValidator: Transition from ACTIVITY_FINISHED to INTENT_STARTED'}
{'timestamp': 1702276322358, 'level': 'ALL', 'message': '12-11 08:25:01.372   421   421 I perfetto: ing_service_impl.cc:758 Configured tracing session 488, #sources:1, duration:5000 ms, #buffers:1, total buffer size:4096 KB, total sessions:1, uid:1071 session name: ""'}
{'timestamp': 1702276322358, 'level': 'ALL', 'message': '12-11 08:25:01.375   410   410 I perfetto: probes_producer.cc:230  Ftrace setup (target_buf=488)'}
{'timestamp': 1702276322358, 'level': 'ALL', 'message': '12-11 08:25:01.412 31652 31712 D CompatibilityChangeReporter: Compat change id reported: 135634846; UID 10158; state: DISABLED'}
{'timestamp': 1702276322358, 'level': 'ALL', 'message': '12-11 08:25:01.414 31652 31745 D CompatibilityChangeReporter: Compat change id reported: 143937733; UID 10158; state: ENABLED'}
{'timestamp': 1702276322358, 'level': 'ALL', 'message': '12-11 08:25:01.415   410   410 I perfetto: ftrace_procfs.cc:176    enabled ftrace'}
{'timestamp': 1702276322358, 'level': 'ALL', 'message': '12-11 08:25:01.418 31652 31712 D EventSequenceValidator: Transition from INTENT_STARTED to ACTIVITY_LAUNCHED'}
{'timestamp': 1702276322358, 'level': 'ALL', 'message': '12-11 08:25:01.449   320   320 D goldfish-address-space: claimShared: Ask to claim region [0x3f44db000 0x3f4ebf000]'}
{'timestamp': 1702276322358, 'level': 'ALL', 'message': '12-11 08:25:01.455 31506 31506 D Zygote  : Forked child process 10247'}
{'timestamp': 1702276322358, 'level': 'ALL', 'message': '12-11 08:25:01.463 31652 31745 W ActivityManager: Slow operation: 51ms so far, now at startProcess: returned from zygote!'}
{'timestamp': 1702276322358, 'level': 'ALL', 'message': '12-11 08:25:01.464 31652 31745 W ActivityManager: Slow operation: 52ms so far, now at startProcess: done updating battery stats'}
{'timestamp': 1702276322358, 'level': 'ALL', 'message': '12-11 08:25:01.464 31652 31745 W ActivityManager: Slow operation: 53ms so far, now at startProcess: building log message'}
{'timestamp': 1702276322358, 'level': 'ALL', 'message': '12-11 08:25:01.464 31652 31745 I ActivityManager: Start proc 10247:com.ajaxsystems/u0a158 for pre-top-activity {com.ajaxsystems/com.ajaxsystems.ui.activity.LauncherActivity}'}
{'timestamp': 1702276322358, 'level': 'ALL', 'message': '12-11 08:25:01.464 31652 31745 W ActivityManager: Slow operation: 53ms so far, now at startProcess: starting to update pids map'}
{'timestamp': 1702276322358, 'level': 'ALL', 'message': '12-11 08:25:01.465 31652 31745 W ActivityManager: Slow operation: 54ms so far, now at startProcess: done updating pids map'}
{'timestamp': 1702276322358, 'level': 'ALL', 'message': '12-11 08:25:01.480 10247 10247 W com.ajaxsystem: Unexpected CPU variant for X86 using defaults: x86'}
{'timestamp': 1702276322358, 'level': 'ALL', 'message': '12-11 08:25:01.496 10247 10247 E com.ajaxsystem: Not starting debugger since process cannot load the jdwp agent.'}
{'timestamp': 1702276322358, 'level': 'ALL', 'message': '12-11 08:25:01.500   653   653 I dnpg    : onPause'}
{'timestamp': 1702276322358, 'level': 'ALL', 'message': '12-11 08:25:01.519 31652 32346 W InputReader: Device virtio_input_multi_touch_10 is associated with display ADISPLAY_ID_NONE.'}
{'timestamp': 1702276322358, 'level': 'ALL', 'message': '12-11 08:25:01.519 31652 32346 W InputReader: Device virtio_input_multi_touch_4 is associated with display ADISPLAY_ID_NONE.'}
{'timestamp': 1702276322358, 'level': 'ALL', 'message': '12-11 08:25:01.519 31652 32346 W InputReader: Device virtio_input_multi_touch_11 is associated with display ADISPLAY_ID_NONE.'}
{'timestamp': 1702276322358, 'level': 'ALL', 'message': '12-11 08:25:01.519 31652 32346 W InputReader: Device virtio_input_multi_touch_5 is associated with display ADISPLAY_ID_NONE.'}
{'timestamp': 1702276322358, 'level': 'ALL', 'message': '12-11 08:25:01.519 31652 32346 W InputReader: Device virtio_input_multi_touch_2 is associated with display ADISPLAY_ID_NONE.'}
{'timestamp': 1702276322358, 'level': 'ALL', 'message': '12-11 08:25:01.519 31652 32346 W InputReader: Device virtio_input_multi_touch_9 is associated with display ADISPLAY_ID_NONE.'}
{'timestamp': 1702276322358, 'level': 'ALL', 'message': '12-11 08:25:01.519 31652 32346 W InputReader: Device virtio_input_multi_touch_6 is associated with display ADISPLAY_ID_NONE.'}
{'timestamp': 1702276322358, 'level': 'ALL', 'message': '12-11 08:25:01.519 31652 32346 W InputReader: Device virtio_input_multi_touch_7 is associated with display ADISPLAY_ID_NONE.'}
{'timestamp': 1702276322358, 'level': 'ALL', 'message': '12-11 08:25:01.519 31652 32346 W InputReader: Device virtio_input_multi_touch_3 is associated with display ADISPLAY_ID_NONE.'}
{'timestamp': 1702276322358, 'level': 'ALL', 'message': '12-11 08:25:01.519 31652 32346 W InputReader: Device virtio_input_multi_touch_8 is associated with display ADISPLAY_ID_NONE.'}
{'timestamp': 1702276322358, 'level': 'ALL', 'message': '12-11 08:25:01.519 31652 32346 W InputReader: Device virtio_input_multi_touch_10 is associated with display ADISPLAY_ID_NONE.'}
{'timestamp': 1702276322358, 'level': 'ALL', 'message': '12-11 08:25:01.519 31652 32346 W InputReader: Device virtio_input_multi_touch_4 is associated with display ADISPLAY_ID_NONE.'}
{'timestamp': 1702276322358, 'level': 'ALL', 'message': '12-11 08:25:01.519 31652 32346 W InputReader: Device virtio_input_multi_touch_11 is associated with display ADISPLAY_ID_NONE.'}
{'timestamp': 1702276322358, 'level': 'ALL', 'message': '12-11 08:25:01.519 31652 32346 W InputReader: Device virtio_input_multi_touch_5 is associated with display ADISPLAY_ID_NONE.'}
{'timestamp': 1702276322358, 'level': 'ALL', 'message': '12-11 08:25:01.520 31652 32346 W InputReader: Device virtio_input_multi_touch_2 is associated with display ADISPLAY_ID_NONE.'}
{'timestamp': 1702276322358, 'level': 'ALL', 'message': '12-11 08:25:01.520 31652 32346 W InputReader: Device virtio_input_multi_touch_9 is associated with display ADISPLAY_ID_NONE.'}
{'timestamp': 1702276322358, 'level': 'ALL', 'message': '12-11 08:25:01.520 31652 32346 W InputReader: Device virtio_input_multi_touch_6 is associated with display ADISPLAY_ID_NONE.'}
{'timestamp': 1702276322358, 'level': 'ALL', 'message': '12-11 08:25:01.520 31652 32346 W InputReader: Device virtio_input_multi_touch_7 is associated with display ADISPLAY_ID_NONE.'}
{'timestamp': 1702276322358, 'level': 'ALL', 'message': '12-11 08:25:01.520 31652 32346 W InputReader: Device virtio_input_multi_touch_3 is associated with display ADISPLAY_ID_NONE.'}
{'timestamp': 1702276322358, 'level': 'ALL', 'message': '12-11 08:25:01.520 31652 32346 W InputReader: Device virtio_input_multi_touch_8 is associated with display ADISPLAY_ID_NONE.'}
{'timestamp': 1702276322358, 'level': 'ALL', 'message': '12-11 08:25:01.544 10247 10247 I com.ajaxsystem: The ClassLoaderContext is a special shared library.'}
{'timestamp': 1702276322358, 'level': 'ALL', 'message': '12-11 08:25:01.548 10247 10247 I com.ajaxsystem: The ClassLoaderContext is a special shared library.'}
{'timestamp': 1702276322358, 'level': 'ALL', 'message': '12-11 08:25:01.574 10247 10247 W com.ajaxsystem: JIT profile information will not be recorded: profile file does not exist.'}
{'timestamp': 1702276322358, 'level': 'ALL', 'message': '12-11 08:25:01.574 10247 10247 W com.ajaxsystem: JIT profile information will not be recorded: profile file does not exist.'}
{'timestamp': 1702276322358, 'level': 'ALL', 'message': '12-11 08:25:01.591 10247 10247 D NetworkSecurityConfig: No Network Security Config specified, using platform default'}
{'timestamp': 1702276322358, 'level': 'ALL', 'message': '12-11 08:25:01.592 10247 10247 D NetworkSecurityConfig: No Network Security Config specified, using platform default'}
{'timestamp': 1702276322358, 'level': 'ALL', 'message': '12-11 08:25:01.634 10247 10247 I FirebaseApp: Device unlocked: initializing all Firebase APIs for app [DEFAULT]'}
{'timestamp': 1702276322358, 'level': 'ALL', 'message': '12-11 08:25:01.647 10247 10247 I FirebaseCrashlytics: Initializing Firebase Crashlytics 18.3.6 for com.ajaxsystems'}
{'timestamp': 1702276322358, 'level': 'ALL', 'message': '12-11 08:25:01.653   517  1067 I azpt    : (REDACTED) getHotwordActive::active query: %s, watch: %s, devices connected: %s'}
{'timestamp': 1702276322359, 'level': 'ALL', 'message': '12-11 08:25:01.746 10247 10270 I DynamiteModule: Considering local module com.google.android.gms.measurement.dynamite:89 and remote module com.google.android.gms.measurement.dynamite:97'}
{'timestamp': 1702276322359, 'level': 'ALL', 'message': '12-11 08:25:01.746 10247 10270 I DynamiteModule: Selected remote version of com.google.android.gms.measurement.dynamite, version >= 97'}
{'timestamp': 1702276322359, 'level': 'ALL', 'message': '12-11 08:25:01.746 10247 10270 V DynamiteModule: Dynamite loader version >= 2, using loadModule2NoCrashUtils'}
{'timestamp': 1702276322359, 'level': 'ALL', 'message': '12-11 08:25:01.802 10247 10247 I FirebaseInitProvider: FirebaseApp initialization successful'}
{'timestamp': 1702276322359, 'level': 'ALL', 'message': '12-11 08:25:01.830 10247 10271 D libcrashlytics: Initializing libcrashlytics version 3.2.0'}
{'timestamp': 1702276322359, 'level': 'ALL', 'message': '12-11 08:25:01.948 31652 32346 D CompatibilityChangeReporter: Compat change id reported: 149924527; UID 10158; state: ENABLED'}
{'timestamp': 1702276322359, 'level': 'ALL', 'message': '12-11 08:25:01.957 31652 32346 D CompatibilityChangeReporter: Compat change id reported: 132649864; UID 10158; state: DISABLED'}
{'timestamp': 1702276322359, 'level': 'ALL', 'message': '12-11 08:25:01.963 10247 10271 D libcrashlytics: Initializing native crash handling successful.'}
{'timestamp': 1702276322359, 'level': 'ALL', 'message': "12-11 08:25:02.037 10247 10247 V NativeCrypto: Registering org/conscrypt/NativeCrypto's 288 native methods..."}
{'timestamp': 1702276322359, 'level': 'ALL', 'message': '12-11 08:25:02.217 10247 10293 I FA      : App measurement initialized, version: 82020'}
{'timestamp': 1702276322359, 'level': 'ALL', 'message': '12-11 08:25:02.217 10247 10293 I FA      : To enable debug logging run: adb shell setprop log.tag.FA VERBOSE'}
{'timestamp': 1702276322359, 'level': 'ALL', 'message': '12-11 08:25:02.218 10247 10293 I FA      : To enable faster debug mode event logging run:'}
{'timestamp': 1702276322359, 'level': 'ALL', 'message': '12-11 08:25:02.218 10247 10293 I FA      :   adb shell setprop debug.firebase.analytics.app com.ajaxsystems'}
{'timestamp': 1702276322359, 'level': 'ALL', 'message': '12-11 08:25:02.284 10247 10247 I TetheringManager: registerTetheringEventCallback:com.ajaxsystems'}
{'timestamp': 1702276322359, 'level': 'ALL', 'message': '12-11 08:25:02.399 31652 32346 D CompatibilityChangeReporter: Compat change id reported: 136274596; UID 10158; state: ENABLED'}
{'timestamp': 1702276322359, 'level': 'ALL', 'message': '12-11 08:25:02.404   396   396 D BoundBrokerSvc: onBind: Intent { act=com.google.android.gms.measurement.START pkg=com.google.android.gms }'}
{'timestamp': 1702276322359, 'level': 'ALL', 'message': '12-11 08:25:02.404   396   396 D BoundBrokerSvc: Loading bound service for intent: Intent { act=com.google.android.gms.measurement.START pkg=com.google.android.gms }'}
{'timestamp': 1702276322359, 'level': 'ALL', 'message': '12-11 08:25:02.472 10247 10293 I FA      : Tag Manager is not found and thus will not be used'}
{'timestamp': 1702276322359, 'level': 'ALL', 'message': '12-11 08:25:02.849 10247 10247 I org.webrtc.Logging: NativeLibrary: Loading native library: jingle_peerconnection_so'}
{'timestamp': 1702276322359, 'level': 'ALL', 'message': '12-11 08:25:02.849 10247 10247 I org.webrtc.Logging: NativeLibrary: Loading library: jingle_peerconnection_so'}
{'timestamp': 1702276322359, 'level': 'ALL', 'message': '12-11 08:25:02.851 10247 10247 I org.webrtc.Logging: PeerConnectionFactory: PeerConnectionFactory was initialized without an injected Loggable. Any existing Loggable will be deleted.'}
{'timestamp': 1702276322359, 'level': 'ALL', 'message': '12-11 08:25:02.852 10247 10247 I org.webrtc.Logging: EglBase14Impl: SDK version: 30. isEGL14Supported: true'}
{'timestamp': 1702276322359, 'level': 'ALL', 'message': '12-11 08:25:02.852 10247 10247 D libEGL  : loaded /vendor/lib/egl/libEGL_emulation.so'}
{'timestamp': 1702276322359, 'level': 'ALL', 'message': '12-11 08:25:02.854 10247 10247 D libEGL  : loaded /vendor/lib/egl/libGLESv1_CM_emulation.so'}
{'timestamp': 1702276322359, 'level': 'ALL', 'message': '12-11 08:25:02.857 10247 10247 D libEGL  : loaded /vendor/lib/egl/libGLESv2_emulation.so'}
{'timestamp': 1702276322359, 'level': 'ALL', 'message': '12-11 08:25:02.884 10247 10247 D HostConnection: HostConnection::get() New Host Connection established 0xed8ae530, tid 10247'}
{'timestamp': 1702276322359, 'level': 'ALL', 'message': '12-11 08:25:02.889 10247 10247 D HostConnection: HostComposition ext ANDROID_EMU_CHECKSUM_HELPER_v1 ANDROID_EMU_native_sync_v2 ANDROID_EMU_native_sync_v3 ANDROID_EMU_native_sync_v4 ANDROID_EMU_dma_v1 ANDROID_EMU_direct_mem ANDROID_EMU_vulkan ANDROID_EMU_deferred_vulkan_commands ANDROID_EMU_vulkan_null_optional_strings ANDROID_EMU_vulkan_create_resources_with_requirements ANDROID_EMU_YUV_Cache ANDROID_EMU_vulkan_ignored_handles ANDROID_EMU_has_shared_slots_host_memory_allocator ANDROID_EMU_vulkan_free_memory_sync ANDROID_EMU_vulkan_shader_float16_int8 ANDROID_EMU_vulkan_async_queue_submit ANDROID_EMU_sync_buffer_data ANDROID_EMU_vulkan_async_qsri ANDROID_EMU_read_color_buffer_dma GL_OES_vertex_array_object GL_KHR_texture_compression_astc_ldr ANDROID_EMU_host_side_tracing ANDROID_EMU_gles_max_version_2'}
{'timestamp': 1702276322359, 'level': 'ALL', 'message': '12-11 08:25:02.893   179   179 I hwservicemanager: getTransport: Cannot find entry android.hardware.configstore@1.0::ISurfaceFlingerConfigs/default in either framework or device manifest.'}
{'timestamp': 1702276322359, 'level': 'ALL', 'message': '12-11 08:25:02.893 10247 10247 I org.webrtc.Logging: EglBase14Impl: Using OpenGL ES version 2'}
{'timestamp': 1702276322359, 'level': 'ALL', 'message': '12-11 08:25:02.922 10247 10247 D EGL_emulation: eglCreateContext: 0xed8aebc0: maj 2 min 0 rcv 2'}
{'timestamp': 1702276322359, 'level': 'ALL', 'message': '12-11 08:25:02.931 10247 10247 I VideoCapabilities: Unsupported profile 4 for video/mp4v-es'}
{'timestamp': 1702276322359, 'level': 'ALL', 'message': '12-11 08:25:02.939 31652 32346 I system_server: oneway function results will be dropped but finished with status OK and parcel size 4'}
{'timestamp': 1702276322359, 'level': 'ALL', 'message': '12-11 08:25:02.940 31652 32346 I chatty  : uid=1000(system) Binder:31652_9 identical 2 lines'}
{'timestamp': 1702276322359, 'level': 'ALL', 'message': '12-11 08:25:02.940 31652 32346 I system_server: oneway function results will be dropped but finished with status OK and parcel size 4'}
{'timestamp': 1702276322359, 'level': 'ALL', 'message': '12-11 08:25:02.945 10247 10247 I org.webrtc.Logging: WebRtcAudioManagerExternal: Sample rate is set to 44100 Hz'}
{'timestamp': 1702276322359, 'level': 'ALL', 'message': '12-11 08:25:02.946 10247 10247 I org.webrtc.Logging: WebRtcAudioManagerExternal: Sample rate is set to 44100 Hz'}
{'timestamp': 1702276322359, 'level': 'ALL', 'message': '12-11 08:25:02.946 10247 10247 I org.webrtc.Logging: JavaAudioDeviceModule: createAudioDeviceModule'}
{'timestamp': 1702276322359, 'level': 'ALL', 'message': '12-11 08:25:02.946 10247 10247 I org.webrtc.Logging: JavaAudioDeviceModule: HW NS will not be used.'}
{'timestamp': 1702276322359, 'level': 'ALL', 'message': '12-11 08:25:02.946 10247 10247 I org.webrtc.Logging: JavaAudioDeviceModule: HW AEC will not be used.'}
{'timestamp': 1702276322359, 'level': 'ALL', 'message': '12-11 08:25:02.946 10247 10247 I org.webrtc.Logging: WebRtcAudioEffectsExternal: ctor@[name=main, id=2]'}
{'timestamp': 1702276322359, 'level': 'ALL', 'message': '12-11 08:25:02.946 10247 10247 I org.webrtc.Logging: WebRtcAudioRecordExternal: ctor@[name=main, id=2]'}
{'timestamp': 1702276322359, 'level': 'ALL', 'message': '12-11 08:25:02.947 10247 10247 I org.webrtc.Logging: WebRtcAudioTrackExternal: ctor@[name=main, id=2]'}
{'timestamp': 1702276322359, 'level': 'ALL', 'message': '12-11 08:25:02.963 10247 10325 I org.webrtc.Logging: PeerConnectionFactory: onWorkerThreadReady'}
{'timestamp': 1702276322359, 'level': 'ALL', 'message': '12-11 08:25:02.963 10247 10324 I org.webrtc.Logging: PeerConnectionFactory: onNetworkThreadReady'}
{'timestamp': 1702276322359, 'level': 'ALL', 'message': '12-11 08:25:02.963 10247 10326 I org.webrtc.Logging: PeerConnectionFactory: onSignalingThreadReady'}
{'timestamp': 1702276322359, 'level': 'ALL', 'message': '12-11 08:25:03.046 10247 10299 I ins     : ---- SNTP successful response from time.google.com'}
{'timestamp': 1702276322359, 'level': 'ALL', 'message': '12-11 08:25:03.046 10247 10299 D trb     : Caching true time info to disk sntp [1702275902335] device [27770322] boot [1702248132013]'}
{'timestamp': 1702276322359, 'level': 'ALL', 'message': '12-11 08:25:03.158 10247 10247 D AppCompatDelegate: Checking for metadata for AppLocalesMetadataHolderService : Service not found'}
{'timestamp': 1702276322359, 'level': 'ALL', 'message': '12-11 08:25:03.282 10247 10247 I Choreographer: Skipped 86 frames!  The application may be doing too much work on its main thread.'}
{'timestamp': 1702276322359, 'level': 'ALL', 'message': '12-11 08:25:03.319 10247 10344 D HostConnection: HostConnection::get() New Host Connection established 0xed8b1550, tid 10344'}
{'timestamp': 1702276322359, 'level': 'ALL', 'message': '12-11 08:25:03.327 10247 10344 D HostConnection: HostComposition ext ANDROID_EMU_CHECKSUM_HELPER_v1 ANDROID_EMU_native_sync_v2 ANDROID_EMU_native_sync_v3 ANDROID_EMU_native_sync_v4 ANDROID_EMU_dma_v1 ANDROID_EMU_direct_mem ANDROID_EMU_vulkan ANDROID_EMU_deferred_vulkan_commands ANDROID_EMU_vulkan_null_optional_strings ANDROID_EMU_vulkan_create_resources_with_requirements ANDROID_EMU_YUV_Cache ANDROID_EMU_vulkan_ignored_handles ANDROID_EMU_has_shared_slots_host_memory_allocator ANDROID_EMU_vulkan_free_memory_sync ANDROID_EMU_vulkan_shader_float16_int8 ANDROID_EMU_vulkan_async_queue_submit ANDROID_EMU_sync_buffer_data ANDROID_EMU_vulkan_async_qsri ANDROID_EMU_read_color_buffer_dma GL_OES_vertex_array_object GL_KHR_texture_compression_astc_ldr ANDROID_EMU_host_side_tracing ANDROID_EMU_gles_max_version_2'}
{'timestamp': 1702276322359, 'level': 'ALL', 'message': '12-11 08:25:03.327 10247 10344 W OpenGLRenderer: Failed to choose config with EGL_SWAP_BEHAVIOR_PRESERVED, retrying without...'}
{'timestamp': 1702276322359, 'level': 'ALL', 'message': '12-11 08:25:03.367 10247 10344 D EGL_emulation: eglCreateContext: 0xed8b1710: maj 2 min 0 rcv 2'}
{'timestamp': 1702276322359, 'level': 'ALL', 'message': '12-11 08:25:03.374 10247 10344 D EGL_emulation: eglMakeCurrent: 0xed8b1710: ver 2 0 (tinfo 0xb67f3c50) (first time)'}
{'timestamp': 1702276322359, 'level': 'ALL', 'message': '12-11 08:25:03.386   320   320 D goldfish-address-space: claimShared: Ask to claim region [0x3f19a6000 0x3f238a000]'}
{'timestamp': 1702276322359, 'level': 'ALL', 'message': '12-11 08:25:03.390   179   179 I hwservicemanager: getTransport: Cannot find entry android.hardware.graphics.mapper@4.0::IMapper/default in either framework or device manifest.'}
{'timestamp': 1702276322359, 'level': 'ALL', 'message': '12-11 08:25:03.390 10247 10344 I Gralloc4: mapper 4.x is not supported'}
{'timestamp': 1702276322359, 'level': 'ALL', 'message': '12-11 08:25:03.391 10247 10344 D HostConnection: createUnique: call'}
{'timestamp': 1702276322359, 'level': 'ALL', 'message': '12-11 08:25:03.392 10247 10344 D HostConnection: HostConnection::get() New Host Connection established 0xed8b1240, tid 10344'}
{'timestamp': 1702276322359, 'level': 'ALL', 'message': '12-11 08:25:03.392 10247 10344 D goldfish-address-space: allocate: Ask for block of size 0x100'}
{'timestamp': 1702276322359, 'level': 'ALL', 'message': '12-11 08:25:03.394 10247 10344 D goldfish-address-space: allocate: ioctl allocate returned offset 0x3efffe000 size 0x2000'}
{'timestamp': 1702276322359, 'level': 'ALL', 'message': '12-11 08:25:03.400 10247 10344 D HostConnection: HostComposition ext ANDROID_EMU_CHECKSUM_HELPER_v1 ANDROID_EMU_native_sync_v2 ANDROID_EMU_native_sync_v3 ANDROID_EMU_native_sync_v4 ANDROID_EMU_dma_v1 ANDROID_EMU_direct_mem ANDROID_EMU_vulkan ANDROID_EMU_deferred_vulkan_commands ANDROID_EMU_vulkan_null_optional_strings ANDROID_EMU_vulkan_create_resources_with_requirements ANDROID_EMU_YUV_Cache ANDROID_EMU_vulkan_ignored_handles ANDROID_EMU_has_shared_slots_host_memory_allocator ANDROID_EMU_vulkan_free_memory_sync ANDROID_EMU_vulkan_shader_float16_int8 ANDROID_EMU_vulkan_async_queue_submit ANDROID_EMU_sync_buffer_data ANDROID_EMU_vulkan_async_qsri ANDROID_EMU_read_color_buffer_dma GL_OES_vertex_array_object GL_KHR_texture_compression_astc_ldr ANDROID_EMU_host_side_tracing ANDROID_EMU_gles_max_version_2'}
{'timestamp': 1702276322359, 'level': 'ALL', 'message': '12-11 08:25:03.406   320   320 D goldfish-address-space: claimShared: Ask to claim region [0x3f238a000 0x3f2d6e000]'}
{'timestamp': 1702276322359, 'level': 'ALL', 'message': '12-11 08:25:03.409   320   320 D goldfish-address-space: claimShared: Ask to claim region [0x3f6de4000 0x3f77c8000]'}
{'timestamp': 1702276322359, 'level': 'ALL', 'message': '12-11 08:25:03.485 10247 10344 I OpenGLRenderer: Davey! duration=1643ms; Flags=1, IntendedVsync=27769111599364, Vsync=27770544932640, OldestInputEvent=9223372036854775807, NewestInputEvent=0, HandleInputStart=27770558634760, AnimationStart=27770558681960, PerformTraversalsStart=27770559194160, DrawStart=27770681767260, SyncQueued=27770682115360, SyncStart=27770688292560, IssueDrawCommandsStart=27770688421760, SwapBuffers=27770705114260, FrameCompleted=27770761014160, DequeueBufferDuration=1025800, QueueBufferDuration=1250500, GpuCompleted=72904454231491230,'}
{'timestamp': 1702276322359, 'level': 'ALL', 'message': '12-11 08:25:03.495 10247 10247 E LOCK_APP: Cannot find account'}
{'timestamp': 1702276322359, 'level': 'ALL', 'message': '12-11 08:25:03.501 31652 31712 D EventSequenceValidator: Transition from ACTIVITY_LAUNCHED to ACTIVITY_FINISHED'}
{'timestamp': 1702276322359, 'level': 'ALL', 'message': "12-11 08:25:03.505 31652 31742 D ArtManagerInternalImpl: /data/misc/iorapd/com.ajaxsystems/2334272/com.ajaxsystems.ui.activity.LauncherActivity/compiled_traces/compiled_trace.pb doesn't exist"}
{'timestamp': 1702276322359, 'level': 'ALL', 'message': '12-11 08:25:03.506 31652 31742 I ActivityTaskManager: Displayed com.ajaxsystems/.ui.activity.LauncherActivity: +2s135ms'}
{'timestamp': 1702276322359, 'level': 'ALL', 'message': '12-11 08:25:03.585 31652 32346 I ActivityTaskManager: START u0 {flg=0x10000000 cmp=com.ajaxsystems/.bootstrap.presentation.splash.SplashActivity} from uid 10158'}
{'timestamp': 1702276322359, 'level': 'ALL', 'message': '12-11 08:25:03.586 31652 31712 D EventSequenceValidator: Transition from ACTIVITY_FINISHED to INTENT_STARTED'}
{'timestamp': 1702276322359, 'level': 'ALL', 'message': '12-11 08:25:03.598   421   421 I perfetto: ing_service_impl.cc:758 Configured tracing session 489, #sources:1, duration:5000 ms, #buffers:1, total buffer size:4096 KB, total sessions:2, uid:1071 session name: ""'}
{'timestamp': 1702276322359, 'level': 'ALL', 'message': '12-11 08:25:03.599   410   410 I perfetto: probes_producer.cc:230  Ftrace setup (target_buf=489)'}
{'timestamp': 1702276322359, 'level': 'ALL', 'message': '12-11 08:25:03.602 10247 10259 I com.ajaxsystem: Background young concurrent copying GC freed 120121(7753KB) AllocSpace objects, 35(1468KB) LOS objects, 79% free, 6340KB/30MB, paused 798us total 122.331ms'}
{'timestamp': 1702276322359, 'level': 'ALL', 'message': '12-11 08:25:03.610 31652 31712 D EventSequenceValidator: Transition from INTENT_STARTED to INTENT_FAILED'}
{'timestamp': 1702276322359, 'level': 'ALL', 'message': '12-11 08:25:03.694 31652  1224 W ActivityTaskManager: Tried to set launchTime (0) < mLastActivityLaunchTime (27768796)'}
{'timestamp': 1702276322359, 'level': 'ALL', 'message': '12-11 08:25:03.694 31652  1224 W InputReader: Device virtio_input_multi_touch_10 is associated with display ADISPLAY_ID_NONE.'}
{'timestamp': 1702276322359, 'level': 'ALL', 'message': '12-11 08:25:03.694 31652  1224 W InputReader: Device virtio_input_multi_touch_4 is associated with display ADISPLAY_ID_NONE.'}
{'timestamp': 1702276322359, 'level': 'ALL', 'message': '12-11 08:25:03.694 31652  1224 W InputReader: Device virtio_input_multi_touch_11 is associated with display ADISPLAY_ID_NONE.'}
{'timestamp': 1702276322359, 'level': 'ALL', 'message': '12-11 08:25:03.694 31652  1224 W InputReader: Device virtio_input_multi_touch_5 is associated with display ADISPLAY_ID_NONE.'}
{'timestamp': 1702276322359, 'level': 'ALL', 'message': '12-11 08:25:03.695 31652  1224 W InputReader: Device virtio_input_multi_touch_2 is associated with display ADISPLAY_ID_NONE.'}
{'timestamp': 1702276322359, 'level': 'ALL', 'message': '12-11 08:25:03.695 31652  1224 W InputReader: Device virtio_input_multi_touch_9 is associated with display ADISPLAY_ID_NONE.'}
{'timestamp': 1702276322359, 'level': 'ALL', 'message': '12-11 08:25:03.695 31652  1224 W InputReader: Device virtio_input_multi_touch_6 is associated with display ADISPLAY_ID_NONE.'}
{'timestamp': 1702276322359, 'level': 'ALL', 'message': '12-11 08:25:03.695 31652  1224 W InputReader: Device virtio_input_multi_touch_7 is associated with display ADISPLAY_ID_NONE.'}
{'timestamp': 1702276322359, 'level': 'ALL', 'message': '12-11 08:25:03.695 31652  1224 W InputReader: Device virtio_input_multi_touch_3 is associated with display ADISPLAY_ID_NONE.'}
{'timestamp': 1702276322359, 'level': 'ALL', 'message': '12-11 08:25:03.695 31652  1224 W InputReader: Device virtio_input_multi_touch_8 is associated with display ADISPLAY_ID_NONE.'}
{'timestamp': 1702276322359, 'level': 'ALL', 'message': '12-11 08:25:03.695 31652  1224 W InputReader: Device virtio_input_multi_touch_10 is associated with display ADISPLAY_ID_NONE.'}
{'timestamp': 1702276322359, 'level': 'ALL', 'message': '12-11 08:25:03.695 31652  1224 W InputReader: Device virtio_input_multi_touch_4 is associated with display ADISPLAY_ID_NONE.'}
{'timestamp': 1702276322359, 'level': 'ALL', 'message': '12-11 08:25:03.695 31652  1224 W InputReader: Device virtio_input_multi_touch_11 is associated with display ADISPLAY_ID_NONE.'}
{'timestamp': 1702276322359, 'level': 'ALL', 'message': '12-11 08:25:03.695 31652  1224 W InputReader: Device virtio_input_multi_touch_5 is associated with display ADISPLAY_ID_NONE.'}
{'timestamp': 1702276322359, 'level': 'ALL', 'message': '12-11 08:25:03.695 31652  1224 W InputReader: Device virtio_input_multi_touch_2 is associated with display ADISPLAY_ID_NONE.'}
{'timestamp': 1702276322359, 'level': 'ALL', 'message': '12-11 08:25:03.695 31652  1224 W InputReader: Device virtio_input_multi_touch_9 is associated with display ADISPLAY_ID_NONE.'}
{'timestamp': 1702276322359, 'level': 'ALL', 'message': '12-11 08:25:03.695 31652  1224 W InputReader: Device virtio_input_multi_touch_6 is associated with display ADISPLAY_ID_NONE.'}
{'timestamp': 1702276322359, 'level': 'ALL', 'message': '12-11 08:25:03.696 31652  1224 W InputReader: Device virtio_input_multi_touch_7 is associated with display ADISPLAY_ID_NONE.'}
{'timestamp': 1702276322359, 'level': 'ALL', 'message': '12-11 08:25:03.696 31652  1224 W InputReader: Device virtio_input_multi_touch_3 is associated with display ADISPLAY_ID_NONE.'}
{'timestamp': 1702276322359, 'level': 'ALL', 'message': '12-11 08:25:03.696 31652  1224 W InputReader: Device virtio_input_multi_touch_8 is associated with display ADISPLAY_ID_NONE.'}
{'timestamp': 1702276322359, 'level': 'ALL', 'message': '12-11 08:25:03.707 10247 10309 I WM-WorkerWrapper: Worker result SUCCESS for Work [ id=7bbd3882-af0e-4945-849e-d7f9f3bdb4f3, tags={ systems.ajax.logger.job.LoggerJob } ]'}
{'timestamp': 1702276322359, 'level': 'ALL', 'message': '12-11 08:25:03.735 10197 10233 I appium  : channel read: POST /session/4f7bac3f-2d55-48aa-be40-f282e6443e4e/element'}
{'timestamp': 1702276322359, 'level': 'ALL', 'message': '12-11 08:25:03.736 10197 10233 I appium  : FindElement command'}
{'timestamp': 1702276322359, 'level': 'ALL', 'message': '12-11 08:25:03.738 10197 10233 I appium  : method: \'xpath\', selector: \'//android.widget.TextView[@resource-id="com.ajaxsystems:id/text" and @text="Log In"]\''}
{'timestamp': 1702276322359, 'level': 'ALL', 'message': '12-11 08:25:03.746 10197 10233 I appium  : Waiting up to 10000ms for the device to idle'}
{'timestamp': 1702276322359, 'level': 'ALL', 'message': '12-11 08:25:03.828 10197 10233 I appium  : The following attributes will be included to the page source: [resource-id, text]'}
{'timestamp': 1702276322359, 'level': 'ALL', 'message': '12-11 08:25:03.941 32604   948 I FontLog : (REDACTED) Received query %s, URI %s'}
{'timestamp': 1702276322359, 'level': 'ALL', 'message': '12-11 08:25:03.941 32604   948 I FontLog : (REDACTED) Query [%s] resolved to %s'}
{'timestamp': 1702276322359, 'level': 'ALL', 'message': '12-11 08:25:03.945 32604   948 I FontLog : (REDACTED) Fetch %s end status %s'}
{'timestamp': 1702276322359, 'level': 'ALL', 'message': '12-11 08:25:03.956 32604   948 I FontLog : (REDACTED) Pulling font file for id = %d, cache size = %d'}
{'timestamp': 1702276322359, 'level': 'ALL', 'message': '12-11 08:25:03.974 32604   948 I FontLog : (REDACTED) Pulling font file for id = %d, cache size = %d'}
{'timestamp': 1702276322359, 'level': 'ALL', 'message': '12-11 08:25:04.018 10247 10247 W com.ajaxsystem: Class androidx.compose.runtime.snapshots.SnapshotStateMap failed lock verification and will run slower.'}
{'timestamp': 1702276322359, 'level': 'ALL', 'message': '12-11 08:25:04.018 10247 10247 W com.ajaxsystem: Common causes for lock verification issues are non-optimized dex code'}
{'timestamp': 1702276322359, 'level': 'ALL', 'message': '12-11 08:25:04.018 10247 10247 W com.ajaxsystem: and incorrect proguard optimizations.'}
{'timestamp': 1702276322359, 'level': 'ALL', 'message': '12-11 08:25:04.093 10247 10247 W com.ajaxsystem: Class androidx.compose.runtime.snapshots.SnapshotStateList failed lock verification and will run slower.'}
{'timestamp': 1702276322359, 'level': 'ALL', 'message': '12-11 08:25:04.317   320   320 D goldfish-address-space: claimShared: Ask to claim region [0x3f44db000 0x3f4ebf000]'}
{'timestamp': 1702276322359, 'level': 'ALL', 'message': '12-11 08:25:04.325   320   320 D goldfish-address-space: claimShared: Ask to claim region [0x3f4ebf000 0x3f58a3000]'}
{'timestamp': 1702276322359, 'level': 'ALL', 'message': '12-11 08:25:04.326   320   354 D goldfish-address-space: claimShared: Ask to claim region [0x3f58a3000 0x3f6287000]'}
{'timestamp': 1702276322359, 'level': 'ALL', 'message': '12-11 08:25:04.396 31652 31742 I ActivityTaskManager: Displayed com.ajaxsystems/.bootstrap.presentation.splash.SplashActivity: +809ms'}
{'timestamp': 1702276322359, 'level': 'ALL', 'message': '12-11 08:25:04.493   653   653 I dnpg    : onStop'}
{'timestamp': 1702276322359, 'level': 'ALL', 'message': '12-11 08:25:04.668 10247 10305 E Volley  : [685] NetworkUtility.shouldRetryException: Unexpected response code 403 for https://in-app-message.prod.ajax.systems/v1/prod/main/en/plashka.json'}
{'timestamp': 1702276322359, 'level': 'ALL', 'message': '12-11 08:25:04.821 10197 10233 I appium  : Took 0ms to retrieve 1 matches for \'//android.widget.TextView[@resource-id="com.ajaxsystems:id/text" and @text="Log In"]\' XPath2 query'}
{'timestamp': 1702276322359, 'level': 'ALL', 'message': '12-11 08:25:04.839 10197 10233 W tomator2.serve: Accessing hidden field Landroid/view/accessibility/AccessibilityNodeInfo;->mSourceNodeId:J (greylist, reflection, allowed)'}
{'timestamp': 1702276322359, 'level': 'ALL', 'message': '12-11 08:25:04.848 10197 10233 I appium  : AppiumResponse: {"sessionId":"4f7bac3f-2d55-48aa-be40-f282e6443e4e","value":{"ELEMENT":"00000000-0000-0048-0000-00060000001b","element-6066-11e4-a52e-4f735466cecf":"00000000-0000-0048-0000-00060000001b"}}'}
{'timestamp': 1702276322359, 'level': 'ALL', 'message': '12-11 08:25:04.862 10197 10233 I appium  : channel read: POST /session/4f7bac3f-2d55-48aa-be40-f282e6443e4e/element/00000000-0000-0048-0000-00060000001b/click'}
{'timestamp': 1702276322359, 'level': 'ALL', 'message': '12-11 08:25:04.862 10197 10233 I appium  : Click command'}
{'timestamp': 1702276322359, 'level': 'ALL', 'message': '12-11 08:25:04.990 10247 10305 E Volley  : [685] NetworkUtility.shouldRetryException: Unexpected response code 403 for https://in-app-message.prod.ajax.systems/v1/prod/main/en/plashka.json'}
{'timestamp': 1702276322359, 'level': 'ALL', 'message': '12-11 08:25:04.992 10247 10247 E MaintenanceMessagesApi: Cannot get maintenance messages'}
{'timestamp': 1702276322359, 'level': 'ALL', 'message': '12-11 08:25:04.992 10247 10247 E MaintenanceMessagesApi: com.android.volley.AuthFailureError'}
{'timestamp': 1702276322359, 'level': 'ALL', 'message': '12-11 08:25:04.992 10247 10247 E MaintenanceMessagesApi: \tat com.android.volley.toolbox.NetworkUtility.shouldRetryException(Unknown Source:134)'}
{'timestamp': 1702276322359, 'level': 'ALL', 'message': '12-11 08:25:04.992 10247 10247 E MaintenanceMessagesApi: \tat com.android.volley.toolbox.BasicNetwork.performRequest(Unknown Source:119)'}
{'timestamp': 1702276322359, 'level': 'ALL', 'message': '12-11 08:25:04.992 10247 10247 E MaintenanceMessagesApi: \tat com.android.volley.NetworkDispatcher.processRequest(Unknown Source:39)'}
{'timestamp': 1702276322359, 'level': 'ALL', 'message': '12-11 08:25:04.992 10247 10247 E MaintenanceMessagesApi: \tat com.android.volley.NetworkDispatcher.processRequest(Unknown Source:8)'}
{'timestamp': 1702276322359, 'level': 'ALL', 'message': '12-11 08:25:04.992 10247 10247 E MaintenanceMessagesApi: \tat com.android.volley.NetworkDispatcher.run(Unknown Source:5)'}
{'timestamp': 1702276322359, 'level': 'ALL', 'message': '12-11 08:25:05.226 31652 31712 D EventSequenceValidator: Transition from INTENT_FAILED to INTENT_STARTED'}
{'timestamp': 1702276322359, 'level': 'ALL', 'message': '12-11 08:25:05.226 31652 32346 I ActivityTaskManager: START u0 {cmp=com.ajaxsystems/.bootstrap.presentation.auth.AuthFlowActivity (has extras)} from uid 10158'}
{'timestamp': 1702276322359, 'level': 'ALL', 'message': '12-11 08:25:05.238 31652 31712 D EventSequenceValidator: Transition from INTENT_STARTED to INTENT_FAILED'}
{'timestamp': 1702276322359, 'level': 'ALL', 'message': '12-11 08:25:05.238   421   421 I perfetto: ing_service_impl.cc:758 Configured tracing session 490, #sources:1, duration:5000 ms, #buffers:1, total buffer size:4096 KB, total sessions:3, uid:1071 session name: ""'}
{'timestamp': 1702276322359, 'level': 'ALL', 'message': '12-11 08:25:05.241   410   410 I perfetto: probes_producer.cc:230  Ftrace setup (target_buf=490)'}
{'timestamp': 1702276322359, 'level': 'ALL', 'message': '12-11 08:25:05.245 31652 32485 W ActivityTaskManager: Tried to set launchTime (0) < mLastActivityLaunchTime (27770976)'}
{'timestamp': 1702276322359, 'level': 'ALL', 'message': '12-11 08:25:05.246 31652 32485 W InputReader: Device virtio_input_multi_touch_10 is associated with display ADISPLAY_ID_NONE.'}
{'timestamp': 1702276322359, 'level': 'ALL', 'message': '12-11 08:25:05.246 31652 32485 W InputReader: Device virtio_input_multi_touch_4 is associated with display ADISPLAY_ID_NONE.'}
{'timestamp': 1702276322359, 'level': 'ALL', 'message': '12-11 08:25:05.246 31652 32485 W InputReader: Device virtio_input_multi_touch_11 is associated with display ADISPLAY_ID_NONE.'}
{'timestamp': 1702276322359, 'level': 'ALL', 'message': '12-11 08:25:05.246 31652 32485 W InputReader: Device virtio_input_multi_touch_5 is associated with display ADISPLAY_ID_NONE.'}
{'timestamp': 1702276322359, 'level': 'ALL', 'message': '12-11 08:25:05.246 31652 32485 W InputReader: Device virtio_input_multi_touch_2 is associated with display ADISPLAY_ID_NONE.'}
{'timestamp': 1702276322359, 'level': 'ALL', 'message': '12-11 08:25:05.246 31652 32485 W InputReader: Device virtio_input_multi_touch_9 is associated with display ADISPLAY_ID_NONE.'}
{'timestamp': 1702276322359, 'level': 'ALL', 'message': '12-11 08:25:05.246 31652 32485 W InputReader: Device virtio_input_multi_touch_6 is associated with display ADISPLAY_ID_NONE.'}
{'timestamp': 1702276322359, 'level': 'ALL', 'message': '12-11 08:25:05.246 31652 32485 W InputReader: Device virtio_input_multi_touch_7 is associated with display ADISPLAY_ID_NONE.'}
{'timestamp': 1702276322359, 'level': 'ALL', 'message': '12-11 08:25:05.247 31652 32485 W InputReader: Device virtio_input_multi_touch_3 is associated with display ADISPLAY_ID_NONE.'}
{'timestamp': 1702276322359, 'level': 'ALL', 'message': '12-11 08:25:05.247 31652 32485 W InputReader: Device virtio_input_multi_touch_8 is associated with display ADISPLAY_ID_NONE.'}
{'timestamp': 1702276322359, 'level': 'ALL', 'message': '12-11 08:25:05.247 31652 32485 W InputReader: Device virtio_input_multi_touch_10 is associated with display ADISPLAY_ID_NONE.'}
{'timestamp': 1702276322359, 'level': 'ALL', 'message': '12-11 08:25:05.247 31652 32485 W InputReader: Device virtio_input_multi_touch_4 is associated with display ADISPLAY_ID_NONE.'}
{'timestamp': 1702276322359, 'level': 'ALL', 'message': '12-11 08:25:05.247 31652 32485 W InputReader: Device virtio_input_multi_touch_11 is associated with display ADISPLAY_ID_NONE.'}
{'timestamp': 1702276322359, 'level': 'ALL', 'message': '12-11 08:25:05.248 31652 32485 W InputReader: Device virtio_input_multi_touch_5 is associated with display ADISPLAY_ID_NONE.'}
{'timestamp': 1702276322359, 'level': 'ALL', 'message': '12-11 08:25:05.248 31652 32485 W InputReader: Device virtio_input_multi_touch_2 is associated with display ADISPLAY_ID_NONE.'}
{'timestamp': 1702276322359, 'level': 'ALL', 'message': '12-11 08:25:05.248 31652 32485 W InputReader: Device virtio_input_multi_touch_9 is associated with display ADISPLAY_ID_NONE.'}
{'timestamp': 1702276322359, 'level': 'ALL', 'message': '12-11 08:25:05.249 31652 32485 W InputReader: Device virtio_input_multi_touch_6 is associated with display ADISPLAY_ID_NONE.'}
{'timestamp': 1702276322359, 'level': 'ALL', 'message': '12-11 08:25:05.249 31652 32485 W InputReader: Device virtio_input_multi_touch_7 is associated with display ADISPLAY_ID_NONE.'}
{'timestamp': 1702276322359, 'level': 'ALL', 'message': '12-11 08:25:05.249 31652 32485 W InputReader: Device virtio_input_multi_touch_3 is associated with display ADISPLAY_ID_NONE.'}
{'timestamp': 1702276322359, 'level': 'ALL', 'message': '12-11 08:25:05.249 31652 32485 W InputReader: Device virtio_input_multi_touch_8 is associated with display ADISPLAY_ID_NONE.'}
{'timestamp': 1702276322359, 'level': 'ALL', 'message': '12-11 08:25:05.261 10197 10233 I appium  : Waiting up to 10000ms for the device to idle'}
{'timestamp': 1702276322359, 'level': 'ALL', 'message': '12-11 08:25:05.545   320   320 D goldfish-address-space: claimShared: Ask to claim region [0x3f0fc2000 0x3f19a6000]'}
{'timestamp': 1702276322359, 'level': 'ALL', 'message': '12-11 08:25:05.555   320   320 D goldfish-address-space: claimShared: Ask to claim region [0x3f19a6000 0x3f238a000]'}
{'timestamp': 1702276322359, 'level': 'ALL', 'message': '12-11 08:25:05.558   320   320 D goldfish-address-space: claimShared: Ask to claim region [0x3f238a000 0x3f2d6e000]'}
{'timestamp': 1702276322359, 'level': 'ALL', 'message': '12-11 08:25:05.794 31652 31742 I ActivityTaskManager: Displayed com.ajaxsystems/.bootstrap.presentation.auth.AuthFlowActivity: +563ms'}
{'timestamp': 1702276322359, 'level': 'ALL', 'message': '12-11 08:25:05.940 31652 32485 I system_server: oneway function results will be dropped but finished with status OK and parcel size 4'}
{'timestamp': 1702276322359, 'level': 'ALL', 'message': '12-11 08:25:05.944 31652 32485 I system_server: oneway function results will be dropped but finished with status OK and parcel size 4'}
{'timestamp': 1702276322359, 'level': 'ALL', 'message': '12-11 08:25:06.209 31652 31663 W System  : A resource failed to call release.'}
{'timestamp': 1702276322359, 'level': 'ALL', 'message': '12-11 08:25:06.209 31652 31663 W System  : A resource failed to call release.'}
{'timestamp': 1702276322359, 'level': 'ALL', 'message': '12-11 08:25:06.209 31652 31663 W System  : A resource failed to call dispose.'}
{'timestamp': 1702276322359, 'level': 'ALL', 'message': '12-11 08:25:06.369 10197 10233 I appium  : AppiumResponse: {"sessionId":"4f7bac3f-2d55-48aa-be40-f282e6443e4e","value":null}'}
{'timestamp': 1702276322359, 'level': 'ALL', 'message': '12-11 08:25:06.378   410   410 I perfetto: probes_producer.cc:329  Producer stop (id=488)'}
{'timestamp': 1702276322359, 'level': 'ALL', 'message': '12-11 08:25:06.381   421   421 I perfetto: ng_service_impl.cc:1948 Tracing session 488 ended, total sessions:2'}
{'timestamp': 1702276322359, 'level': 'ALL', 'message': '12-11 08:25:06.399   433 10243 I iorapd  : Perfetto TraceBuffer saved to file: /data/misc/iorapd/com.ajaxsystems/2334272/com.ajaxsystems.ui.activity.LauncherActivity/raw_traces/1702275906398856400.perfetto_trace.pb'}
{'timestamp': 1702276322359, 'level': 'ALL', 'message': '12-11 08:25:06.587 10247 10259 I com.ajaxsystem: WaitForGcToComplete blocked RunEmptyCheckpoint on ProfileSaver for 6.929ms'}
{'timestamp': 1702276322359, 'level': 'ALL', 'message': '12-11 08:25:07.385 10197 10233 I appium  : channel read: POST /session/4f7bac3f-2d55-48aa-be40-f282e6443e4e/element'}
{'timestamp': 1702276322359, 'level': 'ALL', 'message': '12-11 08:25:07.385 10197 10233 I appium  : FindElement command'}
{'timestamp': 1702276322359, 'level': 'ALL', 'message': '12-11 08:25:07.387 10197 10233 I appium  : method: \'xpath\', selector: \'//android.widget.EditText[@resource-id="defaultAutomationId"][1]\''}
{'timestamp': 1702276322359, 'level': 'ALL', 'message': '12-11 08:25:07.388 10197 10233 I appium  : Waiting up to 10000ms for the device to idle'}
{'timestamp': 1702276322359, 'level': 'ALL', 'message': '12-11 08:25:07.392 10197 10233 I appium  : The following attributes will be included to the page source: [resource-id]'}
{'timestamp': 1702276322359, 'level': 'ALL', 'message': '12-11 08:25:07.519 10197 10233 I appium  : Took 0ms to retrieve 1 matches for \'//android.widget.EditText[@resource-id="defaultAutomationId"][1]\' XPath2 query'}
{'timestamp': 1702276322359, 'level': 'ALL', 'message': '12-11 08:25:07.526 10197 10233 I appium  : AppiumResponse: {"sessionId":"4f7bac3f-2d55-48aa-be40-f282e6443e4e","value":{"ELEMENT":"00000000-0000-0049-0000-001500000046","element-6066-11e4-a52e-4f735466cecf":"00000000-0000-0049-0000-001500000046"}}'}
{'timestamp': 1702276322359, 'level': 'ALL', 'message': '12-11 08:25:07.539 10197 10233 I appium  : channel read: POST /session/4f7bac3f-2d55-48aa-be40-f282e6443e4e/element/00000000-0000-0049-0000-001500000046/value'}
{'timestamp': 1702276322359, 'level': 'ALL', 'message': '12-11 08:25:07.540 10197 10233 I appium  : SendKeysToElement command'}
{'timestamp': 1702276322359, 'level': 'ALL', 'message': '12-11 08:25:08.050 10197 10233 I appium  : AppiumResponse: {"sessionId":"4f7bac3f-2d55-48aa-be40-f282e6443e4e","value":null}'}
{'timestamp': 1702276322359, 'level': 'ALL', 'message': '12-11 08:25:08.524 10247 10382 D ProfileInstaller: Installing profile for com.ajaxsystems'}
{'timestamp': 1702276322359, 'level': 'ALL', 'message': '12-11 08:25:08.604   410   410 I perfetto: probes_producer.cc:329  Producer stop (id=489)'}
{'timestamp': 1702276322359, 'level': 'ALL', 'message': '12-11 08:25:08.608   421   421 I perfetto: ng_service_impl.cc:1948 Tracing session 489 ended, total sessions:1'}
{'timestamp': 1702276322359, 'level': 'ALL', 'message': '12-11 08:25:08.727 32722 32763 I PeriodicStatsRunner: PeriodicStatsRunner.call():180 call()'}
{'timestamp': 1702276322359, 'level': 'ALL', 'message': '12-11 08:25:08.728 32722 32763 I PeriodicStatsRunner: PeriodicStatsRunner.call():184 No submit PeriodicStats since input started.'}
{'timestamp': 1702276322359, 'level': 'ALL', 'message': '12-11 08:25:09.065 10197 10233 I appium  : channel read: POST /session/4f7bac3f-2d55-48aa-be40-f282e6443e4e/element'}
{'timestamp': 1702276322359, 'level': 'ALL', 'message': '12-11 08:25:09.065 10197 10233 I appium  : FindElement command'}
{'timestamp': 1702276322359, 'level': 'ALL', 'message': '12-11 08:25:09.067 10197 10233 I appium  : method: \'xpath\', selector: \'(//android.widget.EditText[@resource-id="defaultAutomationId"])[2]\''}
{'timestamp': 1702276322359, 'level': 'ALL', 'message': '12-11 08:25:09.067 10197 10233 I appium  : Waiting up to 10000ms for the device to idle'}
{'timestamp': 1702276322359, 'level': 'ALL', 'message': '12-11 08:25:09.071 10197 10233 I appium  : The following attributes will be included to the page source: [resource-id]'}
{'timestamp': 1702276322359, 'level': 'ALL', 'message': '12-11 08:25:09.142 10197 10233 I appium  : Took 0ms to retrieve 1 matches for \'(//android.widget.EditText[@resource-id="defaultAutomationId"])[2]\' XPath2 query'}
{'timestamp': 1702276322359, 'level': 'ALL', 'message': '12-11 08:25:09.146 10197 10233 I appium  : AppiumResponse: {"sessionId":"4f7bac3f-2d55-48aa-be40-f282e6443e4e","value":{"ELEMENT":"00000000-0000-0049-0000-00210000004a","element-6066-11e4-a52e-4f735466cecf":"00000000-0000-0049-0000-00210000004a"}}'}
{'timestamp': 1702276322359, 'level': 'ALL', 'message': '12-11 08:25:09.159 10197 10233 I appium  : channel read: POST /session/4f7bac3f-2d55-48aa-be40-f282e6443e4e/element/00000000-0000-0049-0000-00210000004a/value'}
{'timestamp': 1702276322359, 'level': 'ALL', 'message': '12-11 08:25:09.160 10197 10233 I appium  : SendKeysToElement command'}
{'timestamp': 1702276322359, 'level': 'ALL', 'message': '12-11 08:25:09.178 10197 10233 I appium  : AppiumResponse: {"sessionId":"4f7bac3f-2d55-48aa-be40-f282e6443e4e","value":null}'}
{'timestamp': 1702276322359, 'level': 'ALL', 'message': '12-11 08:25:09.487 32722 32763 I PeriodicStatsRunner: PeriodicStatsRunner.call():180 call()'}
{'timestamp': 1702276322359, 'level': 'ALL', 'message': '12-11 08:25:09.488 32722 32763 I PeriodicStatsRunner: PeriodicStatsRunner.call():184 No submit PeriodicStats since input started.'}
{'timestamp': 1702276322359, 'level': 'ALL', 'message': '12-11 08:25:10.191 10197 10233 I appium  : channel read: POST /session/4f7bac3f-2d55-48aa-be40-f282e6443e4e/element'}
{'timestamp': 1702276322359, 'level': 'ALL', 'message': '12-11 08:25:10.191 10197 10233 I appium  : FindElement command'}
{'timestamp': 1702276322359, 'level': 'ALL', 'message': '12-11 08:25:10.193 10197 10233 I appium  : method: \'xpath\', selector: \'(//androidx.compose.ui.platform.ComposeView[@resource-id="com.ajaxsystems:id/compose_view"])[4]/android.view.View/android.view.View/android.widget.Button\''}
{'timestamp': 1702276322359, 'level': 'ALL', 'message': '12-11 08:25:10.193 10197 10233 I appium  : Waiting up to 10000ms for the device to idle'}
{'timestamp': 1702276322359, 'level': 'ALL', 'message': '12-11 08:25:10.196 10197 10233 I appium  : The following attributes will be included to the page source: [resource-id]'}
{'timestamp': 1702276322359, 'level': 'ALL', 'message': '12-11 08:25:10.254   410   410 I perfetto: probes_producer.cc:329  Producer stop (id=490)'}
{'timestamp': 1702276322359, 'level': 'ALL', 'message': '12-11 08:25:10.258   421   421 I perfetto: ng_service_impl.cc:1948 Tracing session 490 ended, total sessions:0'}
{'timestamp': 1702276322359, 'level': 'ALL', 'message': '12-11 08:25:10.261   410   410 I perfetto: ftrace_procfs.cc:183    disabled ftrace'}
{'timestamp': 1702276322359, 'level': 'ALL', 'message': '12-11 08:25:10.274 10197 10233 I appium  : Took 0ms to retrieve 1 matches for \'(//androidx.compose.ui.platform.ComposeView[@resource-id="com.ajaxsystems:id/compose_view"])[4]/android.view.View/android.view.View/android.widget.Button\' XPath2 query'}
{'timestamp': 1702276322359, 'level': 'ALL', 'message': '12-11 08:25:10.279 10197 10233 I appium  : AppiumResponse: {"sessionId":"4f7bac3f-2d55-48aa-be40-f282e6443e4e","value":{"ELEMENT":"00000000-0000-0049-3b9a-ca0f0000003f","element-6066-11e4-a52e-4f735466cecf":"00000000-0000-0049-3b9a-ca0f0000003f"}}'}
{'timestamp': 1702276322359, 'level': 'ALL', 'message': '12-11 08:25:10.292 10197 10233 I appium  : channel read: POST /session/4f7bac3f-2d55-48aa-be40-f282e6443e4e/element/00000000-0000-0049-3b9a-ca0f0000003f/click'}
{'timestamp': 1702276322359, 'level': 'ALL', 'message': '12-11 08:25:10.292 10197 10233 I appium  : Click command'}
{'timestamp': 1702276322359, 'level': 'ALL', 'message': '12-11 08:25:10.359 10197 10233 I appium  : Waiting up to 10000ms for the device to idle'}
{'timestamp': 1702276322359, 'level': 'ALL', 'message': '12-11 08:25:10.443 32604  9807 E GmsConnectionFactory: UID for network attribution might be misset for tag 536871943 [CONTEXT service_id=39 ]'}
{'timestamp': 1702276322359, 'level': 'ALL', 'message': '12-11 08:25:10.443 32604  9807 E GmsConnectionFactory: diig: FULL'}
{'timestamp': 1702276322359, 'level': 'ALL', 'message': '12-11 08:25:10.443 32604  9807 E GmsConnectionFactory: \tat a.P(:com.google.android.gms@234523034@23.45.23 (150700-587848529):9)'}
{'timestamp': 1702276322359, 'level': 'ALL', 'message': '12-11 08:25:10.443 32604  9807 E GmsConnectionFactory: \tat avfc.a(:com.google.android.gms@234523034@23.45.23 (150700-587848529):148)'}
{'timestamp': 1702276322359, 'level': 'ALL', 'message': '12-11 08:25:10.443 32604  9807 E GmsConnectionFactory: \tat ayfv.c(:com.google.android.gms@234523034@23.45.23 (150700-587848529):119)'}
{'timestamp': 1702276322359, 'level': 'ALL', 'message': '12-11 08:25:10.443 32604  9807 E GmsConnectionFactory: \tat ayfm.d(:com.google.android.gms@234523034@23.45.23 (150700-587848529):11)'}
{'timestamp': 1702276322359, 'level': 'ALL', 'message': '12-11 08:25:10.443 32604  9807 E GmsConnectionFactory: \tat ayfr.a(:com.google.android.gms@234523034@23.45.23 (150700-587848529):4)'}
{'timestamp': 1702276322359, 'level': 'ALL', 'message': '12-11 08:25:10.443 32604  9807 E GmsConnectionFactory: \tat ayfm.b(:com.google.android.gms@234523034@23.45.23 (150700-587848529):86)'}
{'timestamp': 1702276322359, 'level': 'ALL', 'message': '12-11 08:25:10.443 32604  9807 E GmsConnectionFactory: \tat ayfm.execute(:com.google.android.gms@234523034@23.45.23 (150700-587848529):8)'}
{'timestamp': 1702276322359, 'level': 'ALL', 'message': '12-11 08:25:10.443 32604  9807 E GmsConnectionFactory: \tat ayfm.execute(:com.google.android.gms@234523034@23.45.23 (150700-587848529):5)'}
{'timestamp': 1702276322360, 'level': 'ALL', 'message': '12-11 08:25:10.443 32604  9807 E GmsConnectionFactory: \tat awky.h(:com.google.android.gms@234523034@23.45.23 (150700-587848529):516)'}
{'timestamp': 1702276322360, 'level': 'ALL', 'message': '12-11 08:25:10.443 32604  9807 E GmsConnectionFactory: \tat awks.run(:com.google.android.gms@234523034@23.45.23 (150700-587848529):13)'}
{'timestamp': 1702276322360, 'level': 'ALL', 'message': '12-11 08:25:10.443 32604  9807 E GmsConnectionFactory: \tat aiwb.c(:com.google.android.gms@234523034@23.45.23 (150700-587848529):50)'}
{'timestamp': 1702276322360, 'level': 'ALL', 'message': '12-11 08:25:10.443 32604  9807 E GmsConnectionFactory: \tat aiwb.run(:com.google.android.gms@234523034@23.45.23 (150700-587848529):76)'}
{'timestamp': 1702276322360, 'level': 'ALL', 'message': '12-11 08:25:10.443 32604  9807 E GmsConnectionFactory: \tat java.util.concurrent.ThreadPoolExecutor.runWorker(ThreadPoolExecutor.java:1167)'}
{'timestamp': 1702276322360, 'level': 'ALL', 'message': '12-11 08:25:10.443 32604  9807 E GmsConnectionFactory: \tat java.util.concurrent.ThreadPoolExecutor$Worker.run(ThreadPoolExecutor.java:641)'}
{'timestamp': 1702276322360, 'level': 'ALL', 'message': '12-11 08:25:10.443 32604  9807 E GmsConnectionFactory: \tat ajbh.run(:com.google.android.gms@234523034@23.45.23 (150700-587848529):8)'}
{'timestamp': 1702276322360, 'level': 'ALL', 'message': '12-11 08:25:10.443 32604  9807 E GmsConnectionFactory: \tat java.lang.Thread.run(Thread.java:923)'}
{'timestamp': 1702276322360, 'level': 'ALL', 'message': '12-11 08:25:10.906 32722 32763 I PeriodicStatsRunner: PeriodicStatsRunner.call():180 call()'}
{'timestamp': 1702276322360, 'level': 'ALL', 'message': '12-11 08:25:10.906 32722 32763 I PeriodicStatsRunner: PeriodicStatsRunner.call():184 No submit PeriodicStats since input started.'}
{'timestamp': 1702276322360, 'level': 'ALL', 'message': '12-11 08:25:10.952 10197 10233 I appium  : AppiumResponse: {"sessionId":"4f7bac3f-2d55-48aa-be40-f282e6443e4e","value":null}'}
{'timestamp': 1702276322360, 'level': 'ALL', 'message': '12-11 08:25:11.380 31652   995 D ConnectivityService: requestNetwork for uid/pid:10158/10247 NetworkRequest [ TRACK_DEFAULT id=97, [ Capabilities: INTERNET&NOT_RESTRICTED&TRUSTED Uid: 10158 AdministratorUids: [] RequestorUid: 10158 RequestorPackageName: com.ajaxsystems] ]'}
{'timestamp': 1702276322360, 'level': 'ALL', 'message': '12-11 08:25:11.383 31652 31995 D ConnectivityService: NetReassign [97 : null → 100]'}
{'timestamp': 1702276322360, 'level': 'ALL', 'message': '12-11 08:25:11.385 32351 32351 D PhoneSwitcherNetworkRequstListener: got request NetworkRequest [ TRACK_DEFAULT id=97, [ Capabilities: INTERNET&NOT_RESTRICTED&TRUSTED Uid: 10158 AdministratorUids: [] RequestorUid: 10158 RequestorPackageName: com.ajaxsystems] ] with score 50 and providerId 2'}
{'timestamp': 1702276322360, 'level': 'ALL', 'message': '12-11 08:25:11.410 32351 32351 D Telephony: isEmergencyPreferredAccount: subId=1, activeData=1'}
{'timestamp': 1702276322360, 'level': 'ALL', 'message': '12-11 08:25:11.410 32351 32351 D Telephony: isEmergencyPreferredAccount: Device does not require preference.'}
{'timestamp': 1702276322360, 'level': 'ALL', 'message': '12-11 08:25:11.436 10247 10393 E PushTokenRegistrationJob: Cannot update token, login not found'}
{'timestamp': 1702276322360, 'level': 'ALL', 'message': '12-11 08:25:11.450 10247 10318 I WM-WorkerWrapper: Worker result FAILURE for Work [ id=a9770893-4ea7-41d4-a09b-fa86ca0c11f2, tags={ com.ajaxsystems.notifications.PushTokenRegistrationJob } ]'}
{'timestamp': 1702276322360, 'level': 'ALL', 'message': '12-11 08:25:11.484 31652 31995 D ConnectivityService: releasing NetworkRequest [ TRACK_DEFAULT id=97, [ Capabilities: INTERNET&NOT_RESTRICTED&TRUSTED Uid: 10158 AdministratorUids: [] RequestorUid: 10158 RequestorPackageName: com.ajaxsystems] ] (release request)'}
{'timestamp': 1702276322360, 'level': 'ALL', 'message': '12-11 08:25:11.500 32351 32351 D Telephony: isEmergencyPreferredAccount: subId=1, activeData=1'}
{'timestamp': 1702276322360, 'level': 'ALL', 'message': '12-11 08:25:11.501 32351 32351 D Telephony: isEmergencyPreferredAccount: Device does not require preference.'}
{'timestamp': 1702276322360, 'level': 'ALL', 'message': '12-11 08:25:11.819 31652 31742 W NotificationHistory: Attempted to remove conversation for locked/gone/disabled user 0'}
{'timestamp': 1702276322360, 'level': 'ALL', 'message': '12-11 08:25:11.976 10247 10364 W DELETE  : 0 hubs will be deleted'}
{'timestamp': 1702276322360, 'level': 'ALL', 'message': '12-11 08:25:14.523 10247 10365 W DELETE  : 0 hubs will be deleted'}
{'timestamp': 1702276322360, 'level': 'ALL', 'message': '12-11 08:25:14.582 10247 10247 W hb4     : set ConnectionBackground 663548140 true'}
{'timestamp': 1702276322360, 'level': 'ALL', 'message': '12-11 08:25:14.612 10247 10247 W hb4     : set KeepAlive 663548140 true'}
{'timestamp': 1702276322360, 'level': 'ALL', 'message': '12-11 08:25:11.819 31652 31742 I chatty  : uid=1000(system) android.bg identical 2 lines'}
{'timestamp': 1702276322360, 'level': 'ALL', 'message': '12-11 08:25:11.819 31652 31742 W NotificationHistory: Attempted to remove conversation for locked/gone/disabled user 0'}
{'timestamp': 1702276322360, 'level': 'ALL', 'message': '12-11 08:25:14.638 31652 32346 I ActivityTaskManager: START u0 {flg=0x10008000 cmp=com.ajaxsystems/.ui.activity.DashboardActivity (has extras)} from uid 10158'}
{'timestamp': 1702276322360, 'level': 'ALL', 'message': '12-11 08:25:14.639 31652 31712 D EventSequenceValidator: Transition from INTENT_FAILED to INTENT_STARTED'}
{'timestamp': 1702276322360, 'level': 'ALL', 'message': '12-11 08:25:14.646 31652  2862 D HostConnection: HostConnection::get() New Host Connection established 0xb26636a0, tid 2862'}
{'timestamp': 1702276322360, 'level': 'ALL', 'message': '12-11 08:25:14.647   421   421 I perfetto: ing_service_impl.cc:758 Configured tracing session 491, #sources:1, duration:5000 ms, #buffers:1, total buffer size:4096 KB, total sessions:1, uid:1071 session name: ""'}
{'timestamp': 1702276322360, 'level': 'ALL', 'message': '12-11 08:25:14.647   410   410 I perfetto: probes_producer.cc:230  Ftrace setup (target_buf=491)'}
{'timestamp': 1702276322360, 'level': 'ALL', 'message': '12-11 08:25:14.657 31652  2862 D HostConnection: HostComposition ext ANDROID_EMU_CHECKSUM_HELPER_v1 ANDROID_EMU_native_sync_v2 ANDROID_EMU_native_sync_v3 ANDROID_EMU_native_sync_v4 ANDROID_EMU_dma_v1 ANDROID_EMU_direct_mem ANDROID_EMU_vulkan ANDROID_EMU_deferred_vulkan_commands ANDROID_EMU_vulkan_null_optional_strings ANDROID_EMU_vulkan_create_resources_with_requirements ANDROID_EMU_YUV_Cache ANDROID_EMU_vulkan_ignored_handles ANDROID_EMU_has_shared_slots_host_memory_allocator ANDROID_EMU_vulkan_free_memory_sync ANDROID_EMU_vulkan_shader_float16_int8 ANDROID_EMU_vulkan_async_queue_submit ANDROID_EMU_sync_buffer_data ANDROID_EMU_vulkan_async_qsri ANDROID_EMU_read_color_buffer_dma GL_OES_vertex_array_object GL_KHR_texture_compression_astc_ldr ANDROID_EMU_host_side_tracing ANDROID_EMU_gles_max_version_2'}
{'timestamp': 1702276322360, 'level': 'ALL', 'message': '12-11 08:25:14.659 31652  2862 W OpenGLRenderer: Failed to choose config with EGL_SWAP_BEHAVIOR_PRESERVED, retrying without...'}
{'timestamp': 1702276322360, 'level': 'ALL', 'message': '12-11 08:25:14.678   410   410 I perfetto: ftrace_procfs.cc:176    enabled ftrace'}
{'timestamp': 1702276322360, 'level': 'ALL', 'message': '12-11 08:25:14.683 31652  2862 D EGL_emulation: eglCreateContext: 0xb2661480: maj 2 min 0 rcv 2'}
{'timestamp': 1702276322360, 'level': 'ALL', 'message': '12-11 08:25:14.688 31652  2862 D EGL_emulation: eglMakeCurrent: 0xb2661480: ver 2 0 (tinfo 0xaf947b50) (first time)'}
{'timestamp': 1702276322360, 'level': 'ALL', 'message': '12-11 08:25:14.693   320   320 D goldfish-address-space: claimShared: Ask to claim region [0x3f44db000 0x3f4b2f000]'}
{'timestamp': 1702276322360, 'level': 'ALL', 'message': '12-11 08:25:14.718 31652  2862 E FrameEvents: updateAcquireFence: Did not find frame.'}
{'timestamp': 1702276322360, 'level': 'ALL', 'message': '12-11 08:25:14.719   320   320 D goldfish-address-space: claimShared: Ask to claim region [0x3f4b2f000 0x3f5183000]'}
{'timestamp': 1702276322360, 'level': 'ALL', 'message': '12-11 08:25:14.743 31652 31712 D EventSequenceValidator: Transition from INTENT_STARTED to INTENT_FAILED'}
{'timestamp': 1702276322360, 'level': 'ALL', 'message': "12-11 08:25:14.753 10247 10247 D skia    : --- Failed to create image decoder with message 'unimplemented'"}
{'timestamp': 1702276322360, 'level': 'ALL', 'message': '12-11 08:25:14.771 31652 32485 W ActivityTaskManager: Tried to set launchTime (0) < mLastActivityLaunchTime (27772525)'}
{'timestamp': 1702276322360, 'level': 'ALL', 'message': '12-11 08:25:14.771 31652 32485 W InputReader: Device virtio_input_multi_touch_10 is associated with display ADISPLAY_ID_NONE.'}
{'timestamp': 1702276322360, 'level': 'ALL', 'message': '12-11 08:25:14.771 31652 32485 W InputReader: Device virtio_input_multi_touch_4 is associated with display ADISPLAY_ID_NONE.'}
{'timestamp': 1702276322360, 'level': 'ALL', 'message': '12-11 08:25:14.771 31652 32485 W InputReader: Device virtio_input_multi_touch_11 is associated with display ADISPLAY_ID_NONE.'}
{'timestamp': 1702276322360, 'level': 'ALL', 'message': '12-11 08:25:14.771 31652 32485 W InputReader: Device virtio_input_multi_touch_5 is associated with display ADISPLAY_ID_NONE.'}
{'timestamp': 1702276322360, 'level': 'ALL', 'message': '12-11 08:25:14.771 31652 32485 W InputReader: Device virtio_input_multi_touch_2 is associated with display ADISPLAY_ID_NONE.'}
{'timestamp': 1702276322360, 'level': 'ALL', 'message': '12-11 08:25:14.771 31652 32485 W InputReader: Device virtio_input_multi_touch_9 is associated with display ADISPLAY_ID_NONE.'}
{'timestamp': 1702276322360, 'level': 'ALL', 'message': '12-11 08:25:14.771 31652 32485 W InputReader: Device virtio_input_multi_touch_6 is associated with display ADISPLAY_ID_NONE.'}
{'timestamp': 1702276322360, 'level': 'ALL', 'message': '12-11 08:25:14.772   320   320 D goldfish-address-space: claimShared: Ask to claim region [0x3f4b2f000 0x3f5513000]'}
{'timestamp': 1702276322360, 'level': 'ALL', 'message': '12-11 08:25:14.775 31652 32485 W InputReader: Device virtio_input_multi_touch_7 is associated with display ADISPLAY_ID_NONE.'}
{'timestamp': 1702276322360, 'level': 'ALL', 'message': '12-11 08:25:14.775 31652 32485 W InputReader: Device virtio_input_multi_touch_3 is associated with display ADISPLAY_ID_NONE.'}
{'timestamp': 1702276322360, 'level': 'ALL', 'message': '12-11 08:25:14.775 31652 32485 W InputReader: Device virtio_input_multi_touch_8 is associated with display ADISPLAY_ID_NONE.'}
{'timestamp': 1702276322360, 'level': 'ALL', 'message': '12-11 08:25:14.775 31652 32485 W InputReader: Device virtio_input_multi_touch_10 is associated with display ADISPLAY_ID_NONE.'}
{'timestamp': 1702276322360, 'level': 'ALL', 'message': '12-11 08:25:14.775 31652 32485 W InputReader: Device virtio_input_multi_touch_4 is associated with display ADISPLAY_ID_NONE.'}
{'timestamp': 1702276322360, 'level': 'ALL', 'message': '12-11 08:25:14.775 31652 32485 W InputReader: Device virtio_input_multi_touch_11 is associated with display ADISPLAY_ID_NONE.'}
{'timestamp': 1702276322360, 'level': 'ALL', 'message': '12-11 08:25:14.775 31652 32485 W InputReader: Device virtio_input_multi_touch_5 is associated with display ADISPLAY_ID_NONE.'}
{'timestamp': 1702276322360, 'level': 'ALL', 'message': '12-11 08:25:14.775 31652 32485 W InputReader: Device virtio_input_multi_touch_2 is associated with display ADISPLAY_ID_NONE.'}
{'timestamp': 1702276322360, 'level': 'ALL', 'message': '12-11 08:25:14.775 31652 32485 W InputReader: Device virtio_input_multi_touch_9 is associated with display ADISPLAY_ID_NONE.'}
{'timestamp': 1702276322360, 'level': 'ALL', 'message': '12-11 08:25:14.775 31652 32485 W InputReader: Device virtio_input_multi_touch_6 is associated with display ADISPLAY_ID_NONE.'}
{'timestamp': 1702276322360, 'level': 'ALL', 'message': '12-11 08:25:14.775 31652 32485 W InputReader: Device virtio_input_multi_touch_7 is associated with display ADISPLAY_ID_NONE.'}
{'timestamp': 1702276322360, 'level': 'ALL', 'message': '12-11 08:25:14.775 31652 32485 W InputReader: Device virtio_input_multi_touch_3 is associated with display ADISPLAY_ID_NONE.'}
{'timestamp': 1702276322360, 'level': 'ALL', 'message': '12-11 08:25:14.775 31652 32485 W InputReader: Device virtio_input_multi_touch_8 is associated with display ADISPLAY_ID_NONE.'}
{'timestamp': 1702276322360, 'level': 'ALL', 'message': '12-11 08:25:14.839 32473 32489 W System  : A resource failed to call release.'}
{'timestamp': 1702276322360, 'level': 'ALL', 'message': '12-11 08:25:14.839 32473 32489 I chatty  : uid=10138(com.google.android.apps.nexuslauncher) FinalizerDaemon identical 1 line'}
{'timestamp': 1702276322360, 'level': 'ALL', 'message': '12-11 08:25:14.839 32473 32489 W System  : A resource failed to call release.'}
{'timestamp': 1702276322360, 'level': 'ALL', 'message': '12-11 08:25:14.961 10247 10247 D RenderScript HIDL Adaptation: IRenderScriptDevice::getService()'}
{'timestamp': 1702276322360, 'level': 'ALL', 'message': '12-11 08:25:14.961   179   179 I hwservicemanager: getTransport: Cannot find entry android.hardware.renderscript@1.0::IDevice/default in either framework or device manifest.'}
{'timestamp': 1702276322360, 'level': 'ALL', 'message': '12-11 08:25:14.961 10247 10247 D RenderScript HIDL Adaptation: IRenderScriptDevice::getService() returned 0x0'}
{'timestamp': 1702276322360, 'level': 'ALL', 'message': '12-11 08:25:14.961 10247 10247 D RenderScript HIDL Adaptation: Using Fallback Path.'}
{'timestamp': 1702276322360, 'level': 'ALL', 'message': '12-11 08:25:14.974 31652 31652 D NotificationService: 0|com.ajaxsystems|1|null|10158: granting content://settings/system/notification_sound'}
{'timestamp': 1702276322360, 'level': 'ALL', 'message': '12-11 08:25:14.975 31652 31652 I chatty  : uid=1000(system) Binder:31652_3 identical 3 lines'}
{'timestamp': 1702276322360, 'level': 'ALL', 'message': '12-11 08:25:14.975 31652 31652 D NotificationService: 0|com.ajaxsystems|1|null|10158: granting content://settings/system/notification_sound'}
{'timestamp': 1702276322360, 'level': 'ALL', 'message': '12-11 08:25:14.975 31652 31652 W NotificationHistory: Attempted to add notif for locked/gone/disabled user 0'}
{'timestamp': 1702276322360, 'level': 'ALL', 'message': '12-11 08:25:14.993   685   685 D NLService: Successfully stored the newly arrived notification identified by 1'}
{'timestamp': 1702276322360, 'level': 'ALL', 'message': '12-11 08:25:15.000 10247 10247 D com.ajaxsystem: Successfully queried cache dir: /data/user_de/0/com.ajaxsystems/code_cache'}
{'timestamp': 1702276322360, 'level': 'ALL', 'message': '12-11 08:25:15.000 10247 10247 D RenderScript: Setting cache dir: /data/user_de/0/com.ajaxsystems/code_cache'}
{'timestamp': 1702276322360, 'level': 'ALL', 'message': '12-11 08:25:15.020 10247 10247 W Resources: Drawable com.ajaxsystems:drawable/line_divider has unresolved theme attributes! Consider using Resources.getDrawable(int, Theme) or Context.getDrawable(int).'}
{'timestamp': 1702276322360, 'level': 'ALL', 'message': '12-11 08:25:15.020 10247 10247 W Resources: java.lang.RuntimeException'}
{'timestamp': 1702276322360, 'level': 'ALL', 'message': '12-11 08:25:15.020 10247 10247 W Resources: \tat android.content.res.Resources.getDrawable(Resources.java:899)'}
{'timestamp': 1702276322360, 'level': 'ALL', 'message': '12-11 08:25:15.020 10247 10247 W Resources: \tat af0.<init>(Unknown Source:17)'}
{'timestamp': 1702276322360, 'level': 'ALL', 'message': '12-11 08:25:15.020 10247 10247 W Resources: \tat com.ajaxsystems.ui.view.widget.AjaxHubs.c(Unknown Source:46)'}
{'timestamp': 1702276322360, 'level': 'ALL', 'message': '12-11 08:25:15.020 10247 10247 W Resources: \tat com.ajaxsystems.ui.view.widget.AjaxHubs.<init>(Unknown Source:10)'}
{'timestamp': 1702276322360, 'level': 'ALL', 'message': '12-11 08:25:15.020 10247 10247 W Resources: \tat java.lang.reflect.Constructor.newInstance0(Native Method)'}
{'timestamp': 1702276322360, 'level': 'ALL', 'message': '12-11 08:25:15.020 10247 10247 W Resources: \tat java.lang.reflect.Constructor.newInstance(Constructor.java:343)'}
{'timestamp': 1702276322360, 'level': 'ALL', 'message': '12-11 08:25:15.020 10247 10247 W Resources: \tat android.view.LayoutInflater.createView(LayoutInflater.java:852)'}
{'timestamp': 1702276322360, 'level': 'ALL', 'message': '12-11 08:25:15.020 10247 10247 W Resources: \tat android.view.LayoutInflater.createViewFromTag(LayoutInflater.java:1004)'}
{'timestamp': 1702276322360, 'level': 'ALL', 'message': '12-11 08:25:15.020 10247 10247 W Resources: \tat android.view.LayoutInflater.createViewFromTag(LayoutInflater.java:959)'}
{'timestamp': 1702276322360, 'level': 'ALL', 'message': '12-11 08:25:15.020 10247 10247 W Resources: \tat android.view.LayoutInflater.rInflate(LayoutInflater.java:1121)'}
{'timestamp': 1702276322360, 'level': 'ALL', 'message': '12-11 08:25:15.020 10247 10247 W Resources: \tat android.view.LayoutInflater.rInflateChildren(LayoutInflater.java:1082)'}
{'timestamp': 1702276322360, 'level': 'ALL', 'message': '12-11 08:25:15.020 10247 10247 W Resources: \tat android.view.LayoutInflater.rInflate(LayoutInflater.java:1124)'}
{'timestamp': 1702276322360, 'level': 'ALL', 'message': '12-11 08:25:15.020 10247 10247 W Resources: \tat android.view.LayoutInflater.rInflateChildren(LayoutInflater.java:1082)'}
{'timestamp': 1702276322360, 'level': 'ALL', 'message': '12-11 08:25:15.020 10247 10247 W Resources: \tat android.view.LayoutInflater.rInflate(LayoutInflater.java:1124)'}
{'timestamp': 1702276322360, 'level': 'ALL', 'message': '12-11 08:25:15.020 10247 10247 W Resources: \tat android.view.LayoutInflater.rInflateChildren(LayoutInflater.java:1082)'}
{'timestamp': 1702276322360, 'level': 'ALL', 'message': '12-11 08:25:15.020 10247 10247 W Resources: \tat android.view.LayoutInflater.parseInclude(LayoutInflater.java:1261)'}
{'timestamp': 1702276322360, 'level': 'ALL', 'message': '12-11 08:25:15.020 10247 10247 W Resources: \tat android.view.LayoutInflater.rInflate(LayoutInflater.java:1117)'}
{'timestamp': 1702276322360, 'level': 'ALL', 'message': '12-11 08:25:15.020 10247 10247 W Resources: \tat android.view.LayoutInflater.rInflateChildren(LayoutInflater.java:1082)'}
{'timestamp': 1702276322360, 'level': 'ALL', 'message': '12-11 08:25:15.020 10247 10247 W Resources: \tat android.view.LayoutInflater.parseInclude(LayoutInflater.java:1261)'}
{'timestamp': 1702276322360, 'level': 'ALL', 'message': '12-11 08:25:15.020 10247 10247 W Resources: \tat android.view.LayoutInflater.rInflate(LayoutInflater.java:1117)'}
{'timestamp': 1702276322360, 'level': 'ALL', 'message': '12-11 08:25:15.020 10247 10247 W Resources: \tat android.view.LayoutInflater.rInflateChildren(LayoutInflater.java:1082)'}
{'timestamp': 1702276322360, 'level': 'ALL', 'message': '12-11 08:25:15.020 10247 10247 W Resources: \tat android.view.LayoutInflater.inflate(LayoutInflater.java:680)'}
{'timestamp': 1702276322360, 'level': 'ALL', 'message': '12-11 08:25:15.020 10247 10247 W Resources: \tat android.view.LayoutInflater.inflate(LayoutInflater.java:532)'}
{'timestamp': 1702276322360, 'level': 'ALL', 'message': '12-11 08:25:15.020 10247 10247 W Resources: \tat android.view.LayoutInflater.inflate(LayoutInflater.java:479)'}
{'timestamp': 1702276322360, 'level': 'ALL', 'message': '12-11 08:25:15.020 10247 10247 W Resources: \tat androidx.appcompat.app.AppCompatDelegateImpl.setContentView(Unknown Source:23)'}
{'timestamp': 1702276322360, 'level': 'ALL', 'message': '12-11 08:25:15.020 10247 10247 W Resources: \tat androidx.appcompat.app.AppCompatActivity.setContentView(Unknown Source:7)'}
{'timestamp': 1702276322360, 'level': 'ALL', 'message': '12-11 08:25:15.020 10247 10247 W Resources: \tat com.ajaxsystems.ui.activity.BaseDashboardActivity.onCreate(Unknown Source:49)'}
{'timestamp': 1702276322360, 'level': 'ALL', 'message': '12-11 08:25:15.020 10247 10247 W Resources: \tat com.ajaxsystems.ui.activity.DashboardActivity.onCreate(Unknown Source:0)'}
{'timestamp': 1702276322360, 'level': 'ALL', 'message': '12-11 08:25:15.020 10247 10247 W Resources: \tat android.app.Activity.performCreate(Activity.java:8000)'}
{'timestamp': 1702276322360, 'level': 'ALL', 'message': '12-11 08:25:15.020 10247 10247 W Resources: \tat android.app.Activity.performCreate(Activity.java:7984)'}
{'timestamp': 1702276322360, 'level': 'ALL', 'message': '12-11 08:25:15.020 10247 10247 W Resources: \tat android.app.Instrumentation.callActivityOnCreate(Instrumentation.java:1309)'}
{'timestamp': 1702276322360, 'level': 'ALL', 'message': '12-11 08:25:15.020 10247 10247 W Resources: \tat android.app.ActivityThread.performLaunchActivity(ActivityThread.java:3422)'}
{'timestamp': 1702276322360, 'level': 'ALL', 'message': '12-11 08:25:15.020 10247 10247 W Resources: \tat android.app.ActivityThread.handleLaunchActivity(ActivityThread.java:3601)'}
{'timestamp': 1702276322360, 'level': 'ALL', 'message': '12-11 08:25:15.020 10247 10247 W Resources: \tat android.app.servertransaction.LaunchActivityItem.execute(LaunchActivityItem.java:85)'}
{'timestamp': 1702276322360, 'level': 'ALL', 'message': '12-11 08:25:15.020 10247 10247 W Resources: \tat android.app.servertransaction.TransactionExecutor.executeCallbacks(TransactionExecutor.java:135)'}
{'timestamp': 1702276322360, 'level': 'ALL', 'message': '12-11 08:25:15.020 10247 10247 W Resources: \tat android.app.servertransaction.TransactionExecutor.execute(TransactionExecutor.java:95)'}
{'timestamp': 1702276322360, 'level': 'ALL', 'message': '12-11 08:25:15.020 10247 10247 W Resources: \tat android.app.ActivityThread$H.handleMessage(ActivityThread.java:2066)'}
{'timestamp': 1702276322360, 'level': 'ALL', 'message': '12-11 08:25:15.020 10247 10247 W Resources: \tat android.os.Handler.dispatchMessage(Handler.java:106)'}
{'timestamp': 1702276322360, 'level': 'ALL', 'message': '12-11 08:25:15.020 10247 10247 W Resources: \tat android.os.Looper.loop(Looper.java:223)'}
{'timestamp': 1702276322360, 'level': 'ALL', 'message': '12-11 08:25:15.020 10247 10247 W Resources: \tat android.app.ActivityThread.main(ActivityThread.java:7656)'}
{'timestamp': 1702276322360, 'level': 'ALL', 'message': '12-11 08:25:15.020 10247 10247 W Resources: \tat java.lang.reflect.Method.invoke(Native Method)'}
{'timestamp': 1702276322360, 'level': 'ALL', 'message': '12-11 08:25:15.020 10247 10247 W Resources: \tat com.android.internal.os.RuntimeInit$MethodAndArgsCaller.run(RuntimeInit.java:592)'}
{'timestamp': 1702276322360, 'level': 'ALL', 'message': '12-11 08:25:15.020 10247 10247 W Resources: \tat com.android.internal.os.ZygoteInit.main(ZygoteInit.java:947)'}
{'timestamp': 1702276322360, 'level': 'ALL', 'message': '12-11 08:25:15.180 31652 32485 D ConnectivityService: requestNetwork for uid/pid:10158/10247 NetworkRequest [ TRACK_DEFAULT id=98, [ Capabilities: INTERNET&NOT_RESTRICTED&TRUSTED Uid: 10158 AdministratorUids: [] RequestorUid: 10158 RequestorPackageName: com.ajaxsystems] ]'}
{'timestamp': 1702276322360, 'level': 'ALL', 'message': '12-11 08:25:15.180 31652 31995 D ConnectivityService: NetReassign [98 : null → 100]'}
{'timestamp': 1702276322360, 'level': 'ALL', 'message': '12-11 08:25:15.183 32351 32351 D PhoneSwitcherNetworkRequstListener: got request NetworkRequest [ TRACK_DEFAULT id=98, [ Capabilities: INTERNET&NOT_RESTRICTED&TRUSTED Uid: 10158 AdministratorUids: [] RequestorUid: 10158 RequestorPackageName: com.ajaxsystems] ] with score 50 and providerId 2'}
{'timestamp': 1702276322360, 'level': 'ALL', 'message': '12-11 08:25:15.211 32351 32351 D Telephony: isEmergencyPreferredAccount: subId=1, activeData=1'}
{'timestamp': 1702276322360, 'level': 'ALL', 'message': '12-11 08:25:15.211 32351 32351 D Telephony: isEmergencyPreferredAccount: Device does not require preference.'}
{'timestamp': 1702276322360, 'level': 'ALL', 'message': '12-11 08:25:15.335 10247 10247 E AjaxActionBar$a: Cannot update UI, active hub not found'}
{'timestamp': 1702276322360, 'level': 'ALL', 'message': '12-11 08:25:15.343 10247 10247 E AjaxActionBar$a: Cannot update UI, active hub not found'}
{'timestamp': 1702276322360, 'level': 'ALL', 'message': '12-11 08:25:15.346 10247 10247 I Choreographer: Skipped 31 frames!  The application may be doing too much work on its main thread.'}
{'timestamp': 1702276322360, 'level': 'ALL', 'message': '12-11 08:25:15.402 10247 10259 I com.ajaxsystem: Background concurrent copying GC freed 400974(14MB) AllocSpace objects, 97(4620KB) LOS objects, 49% free, 12MB/25MB, paused 733us total 331.172ms'}
{'timestamp': 1702276322360, 'level': 'ALL', 'message': '12-11 08:25:15.411   320   320 D goldfish-address-space: claimShared: Ask to claim region [0x3f5513000 0x3f5ef7000]'}
{'timestamp': 1702276322360, 'level': 'ALL', 'message': '12-11 08:25:15.417   320   320 D goldfish-address-space: claimShared: Ask to claim region [0x3f5ef7000 0x3f68db000]'}
{'timestamp': 1702276322360, 'level': 'ALL', 'message': '12-11 08:25:15.419   320   320 D goldfish-address-space: claimShared: Ask to claim region [0x3f68db000 0x3f72bf000]'}
{'timestamp': 1702276322360, 'level': 'ALL', 'message': '12-11 08:25:15.488 31652 31742 I ActivityTaskManager: Displayed com.ajaxsystems/.ui.activity.DashboardActivity: +849ms'}
{'timestamp': 1702276322360, 'level': 'ALL', 'message': '12-11 08:25:15.539 10247 10247 E LOCK_APP: Cannot find lock for account 663548140'}
{'timestamp': 1702276322360, 'level': 'ALL', 'message': '12-11 08:25:15.591 32604  4253 I FusedLocation: stationary throttling disengaged [CONTEXT service_id=6 ]'}
{'timestamp': 1702276322360, 'level': 'ALL', 'message': '12-11 08:25:15.676 32604  1334 W Settings: Setting airplane_mode_on has moved from android.provider.Settings.System to android.provider.Settings.Global, returning read-only value.'}
{'timestamp': 1702276322360, 'level': 'ALL', 'message': '12-11 08:25:15.698 31652  1224 W AlarmManager: Alarms must either supply a PendingIntent or an AlarmReceiver'}
{'timestamp': 1702276322360, 'level': 'ALL', 'message': '12-11 08:25:15.707 10247 10318 I WM-WorkerWrapper: Worker result SUCCESS for Work [ id=a9770893-4ea7-41d4-a09b-fa86ca0c11f2, tags={ com.ajaxsystems.notifications.PushTokenRegistrationJob } ]'}
{'timestamp': 1702276322360, 'level': 'ALL', 'message': '12-11 08:25:15.715 31652 31995 D ConnectivityService: releasing NetworkRequest [ TRACK_DEFAULT id=98, [ Capabilities: INTERNET&NOT_RESTRICTED&TRUSTED Uid: 10158 AdministratorUids: [] RequestorUid: 10158 RequestorPackageName: com.ajaxsystems] ] (release request)'}
{'timestamp': 1702276322360, 'level': 'ALL', 'message': '12-11 08:25:15.741 32351 32351 D Telephony: isEmergencyPreferredAccount: subId=1, activeData=1'}
{'timestamp': 1702276322360, 'level': 'ALL', 'message': '12-11 08:25:15.741 32351 32351 D Telephony: isEmergencyPreferredAccount: Device does not require preference.'}
{'timestamp': 1702276322360, 'level': 'ALL', 'message': '12-11 08:25:15.784 32604  1059 I FusedLocation: (REDACTED) location delivery to %s blocked - too close'}
{'timestamp': 1702276322360, 'level': 'ALL', 'message': '12-11 08:25:15.787 32604  1059 I FusedLocation: (REDACTED) location delivery to %s blocked - too inaccurate'}
{'timestamp': 1702276322360, 'level': 'ALL', 'message': '12-11 08:25:15.787 32604  1059 I FusedLocation: (REDACTED) location delivery to %s blocked - too close'}
{'timestamp': 1702276322360, 'level': 'ALL', 'message': '12-11 08:25:15.793 31652 32485 W AlarmManager: Alarms must either supply a PendingIntent or an AlarmReceiver'}
{'timestamp': 1702276322360, 'level': 'ALL', 'message': '12-11 08:25:15.808 32604 10176 W SemanticLocation: [InfMgr] No location reports after filtering [CONTEXT service_id=173 ]'}
{'timestamp': 1702276322360, 'level': 'ALL', 'message': '12-11 08:25:15.829 31652 32570 E AppOps  : noteOperation'}
{'timestamp': 1702276322360, 'level': 'ALL', 'message': '12-11 08:25:15.829 31652 32570 E AppOps  : java.lang.SecurityException: Specified package com.google.android.gms.location.history under uid 10108 but it is really -1'}
{'timestamp': 1702276322360, 'level': 'ALL', 'message': '12-11 08:25:15.829 31652 32570 E AppOps  : \tat com.android.server.appop.AppOpsService.verifyAndGetBypass(AppOpsService.java:3874)'}
{'timestamp': 1702276322360, 'level': 'ALL', 'message': '12-11 08:25:15.829 31652 32570 E AppOps  : \tat com.android.server.appop.AppOpsService.noteOperationUnchecked(AppOpsService.java:3030)'}
{'timestamp': 1702276322360, 'level': 'ALL', 'message': '12-11 08:25:15.829 31652 32570 E AppOps  : \tat com.android.server.appop.AppOpsService.noteOperationImpl(AppOpsService.java:3018)'}
{'timestamp': 1702276322360, 'level': 'ALL', 'message': '12-11 08:25:15.829 31652 32570 E AppOps  : \tat com.android.server.appop.AppOpsService.noteOperation(AppOpsService.java:3001)'}
{'timestamp': 1702276322360, 'level': 'ALL', 'message': '12-11 08:25:15.829 31652 32570 E AppOps  : \tat com.android.internal.app.IAppOpsService$Stub.onTransact(IAppOpsService.java:447)'}
{'timestamp': 1702276322360, 'level': 'ALL', 'message': '12-11 08:25:15.829 31652 32570 E AppOps  : \tat android.os.Binder.execTransactInternal(Binder.java:1154)'}
{'timestamp': 1702276322360, 'level': 'ALL', 'message': '12-11 08:25:15.829 31652 32570 E AppOps  : \tat android.os.Binder.execTransact(Binder.java:1123)'}
{'timestamp': 1702276322360, 'level': 'ALL', 'message': '12-11 08:25:15.834 32604  9811 I GCoreUlr: Successfully inserted 1 locations'}
{'timestamp': 1702276322360, 'level': 'ALL', 'message': '12-11 08:25:15.970 10197 10233 I appium  : channel read: POST /session/4f7bac3f-2d55-48aa-be40-f282e6443e4e/element'}
{'timestamp': 1702276322360, 'level': 'ALL', 'message': '12-11 08:25:15.970 10197 10233 I appium  : FindElement command'}
{'timestamp': 1702276322360, 'level': 'ALL', 'message': '12-11 08:25:15.972 10197 10233 I appium  : method: \'xpath\', selector: \'//android.widget.TextView[@resource-id="com.ajaxsystems:id/snackbar_text"]\''}
{'timestamp': 1702276322360, 'level': 'ALL', 'message': '12-11 08:25:15.973 10197 10233 I appium  : Waiting up to 10000ms for the device to idle'}
{'timestamp': 1702276322360, 'level': 'ALL', 'message': '12-11 08:25:15.975 10197 10233 I appium  : The following attributes will be included to the page source: [resource-id]'}
{'timestamp': 1702276322360, 'level': 'ALL', 'message': '12-11 08:25:16.003 10197 10233 I appium  : Took 0ms to retrieve 0 matches for \'//android.widget.TextView[@resource-id="com.ajaxsystems:id/snackbar_text"]\' XPath2 query'}
{'timestamp': 1702276322360, 'level': 'ALL', 'message': '12-11 08:25:16.010 10197 10233 I appium  : AppiumResponse: {"sessionId":"4f7bac3f-2d55-48aa-be40-f282e6443e4e","value":{"error":"no such element","message":"An element could not be located on the page using the given search parameters","stacktrace":"io.appium.uiautomator2.common.exceptions.ElementNotFoundException: An element could not be located on the page using the given search parameters\\n\\tat io.appium.uiautomator2.utils.ElementLocationHelpers.findElement(ElementLocationHelpers.java:156)\\n\\tat io.appium.uiautomator2.handler.FindElement.safeHandle(FindElement.java:60)\\n\\tat io.appium.uiautomator2.handler.request.SafeRequestHandler.handle(SafeRequestHandler.java:59)\\n\\tat io.appium.uiautomator2.server.AppiumServlet.handleRequest(AppiumServlet.java:277)\\n\\tat io.appium.uiautomator2.server.AppiumServlet.handleHttpRequest(AppiumServlet.java:271)\\n\\tat io.appium.uiautomator2.http.ServerHandler.channelRead(ServerHandler.java:77)\\n\\tat io.netty.channel.AbstractChannelHandlerContext.invokeChannelRead(AbstractChannelHandlerContext.java:366)\\n\\tat io.netty.channel.AbstractChannelHandlerContext.invokeChannelRead(AbstractChannelHandlerContext.java:352)\\n\\tat io.netty.channel.AbstractChannelHandlerContext.fireChannelRead(AbstractChannelHandlerContext.java:345)\\n\\tat io.netty.handler.codec.MessageToMessageDecoder.channelRead(MessageToMessageDecoder.java:102)\\n\\tat io.netty.channel.AbstractChannelHandlerContext.invokeChannelRead(AbstractChannelHandlerContext.java:366)\\n\\tat io.netty.channel.AbstractChannelHandlerContext.invokeChannelRead(AbstractChannelHandlerContext.java:352)\\n\\tat io.netty.channel.AbstractChannelHandlerContext.fireChannelRead(AbstractChannelHandlerContext.java:345)\\n\\tat io.netty.channel.CombinedChannelDuplexHandler$DelegatingChannelHandlerContext.fireChannelRead(CombinedChannelDuplexHandler.java:435)\\n\\tat io.netty.handler.codec.ByteToMessageDecoder.fireChannelRead(ByteToMessageDecoder.java:293)\\n\\tat io.netty.handler.codec.ByteToMessageDecoder.channelRead(ByteToMessageDecoder.java:267)\\n\\tat io.netty.channel.CombinedChannelDuplexHandler.channelRead(CombinedChannelDuplexHandler.java:250)\\n\\tat io.netty.channel.AbstractChannelHandlerContext.invokeChannelRead(AbstractChannelHandlerContext.java:366)\\n\\tat io.netty.channel.AbstractChannelHandlerContext.invokeChannelRead(AbstractChannelHandlerContext.java:352)\\n\\tat io.netty.channel.AbstractChannelHandlerContext.fireChannelRead(AbstractChannelHandlerContext.java:345)\\n\\tat io.netty.handler.timeout.IdleStateHandler.channelRead(IdleStateHandler.java:266)\\n\\tat io.netty.channel.AbstractChannelHandlerContext.invokeChannelRead(AbstractChannelHandlerContext.java:366)\\n\\tat io.netty.channel.AbstractChannelHandlerContext.invokeChannelRead(AbstractChannelHandlerContext.java:352)\\n\\tat io.netty.channel.AbstractChannelHandlerContext.fireChannelRead(AbstractChannelHandlerContext.java:345)\\n\\tat io.netty.channel.DefaultChannelPipeline$HeadContext.channelRead(DefaultChannelPipeline.java:1294)\\n\\tat io.netty.channel.AbstractChannelHandlerContext.invokeChannelRead(AbstractChannelHandlerContext.java:366)\\n\\tat io.netty.channel.AbstractChannelHandlerContext.invokeChannelRead(AbstractChannelHandlerContext.java:352)\\n\\tat io.netty.channel.DefaultChannelPipeline.fireChannelRead(DefaultChannelPipeline.java:911)\\n\\tat io.netty.channel.nio.AbstractNioByteChannel$NioByteUnsafe.read(AbstractNioByteChannel.java:131)\\n\\tat io.netty.channel.nio.NioEventLoop.processSelectedKey(NioEventLoop.java:611)\\n\\tat io.netty.channel.nio.NioEventLoop.processSelectedKeysOptimized(NioEventLoop.java:552)\\n\\tat io.netty.channel.nio.NioEventLoop.processSelectedKeys(NioEventLoop.java:466)\\n\\tat io.netty.channel.nio.NioEventLoop.run(NioEventLoop.java:438)\\n\\tat io.netty.util.concurrent.SingleThreadEventExecutor$2.run(SingleThreadEventExecutor.java:140)\\n\\tat io.netty.util.concurrent.DefaultThreadFactory$DefaultRunnableDecorator.run(DefaultThreadFactory.java:144)\\n\\tat java.lang.Thread.run(Thread.java:923)\\n"}}'}
{'timestamp': 1702276322360, 'level': 'ALL', 'message': '12-11 08:25:16.023 10197 10233 I appium  : channel read: POST /session/4f7bac3f-2d55-48aa-be40-f282e6443e4e/element'}
{'timestamp': 1702276322360, 'level': 'ALL', 'message': '12-11 08:25:16.023 10197 10233 I appium  : FindElement command'}
{'timestamp': 1702276322360, 'level': 'ALL', 'message': '12-11 08:25:16.024 10197 10233 I appium  : method: \'xpath\', selector: \'//android.widget.ImageView[@resource-id="com.ajaxsystems:id/menuDrawer"]\''}
{'timestamp': 1702276322360, 'level': 'ALL', 'message': '12-11 08:25:16.025 10197 10233 I appium  : Waiting up to 10000ms for the device to idle'}
{'timestamp': 1702276322360, 'level': 'ALL', 'message': '12-11 08:25:16.026 10197 10233 I appium  : The following attributes will be included to the page source: [resource-id]'}
{'timestamp': 1702276322360, 'level': 'ALL', 'message': '12-11 08:25:16.054 10197 10233 I appium  : Took 0ms to retrieve 1 matches for \'//android.widget.ImageView[@resource-id="com.ajaxsystems:id/menuDrawer"]\' XPath2 query'}
{'timestamp': 1702276322360, 'level': 'ALL', 'message': '12-11 08:25:16.055 10197 10233 I appium  : AppiumResponse: {"sessionId":"4f7bac3f-2d55-48aa-be40-f282e6443e4e","value":{"ELEMENT":"00000000-0000-004b-ffff-ffff0000009a","element-6066-11e4-a52e-4f735466cecf":"00000000-0000-004b-ffff-ffff0000009a"}}'}
{'timestamp': 1702276322360, 'level': 'ALL', 'message': '12-11 08:25:16.068 10197 10233 I appium  : channel read: POST /session/4f7bac3f-2d55-48aa-be40-f282e6443e4e/element/00000000-0000-004b-ffff-ffff0000009a/click'}
{'timestamp': 1702276322360, 'level': 'ALL', 'message': '12-11 08:25:16.068 10197 10233 I appium  : Click command'}
{'timestamp': 1702276322360, 'level': 'ALL', 'message': '12-11 08:25:16.110 10197 10233 I appium  : Waiting up to 10000ms for the device to idle'}
{'timestamp': 1702276322360, 'level': 'ALL', 'message': '12-11 08:25:16.111 10197 10233 I appium  : AppiumResponse: {"sessionId":"4f7bac3f-2d55-48aa-be40-f282e6443e4e","value":null}'}
{'timestamp': 1702276322360, 'level': 'ALL', 'message': '12-11 08:25:16.116 31652 32485 I system_server: oneway function results will be dropped but finished with status OK and parcel size 4'}
{'timestamp': 1702276322360, 'level': 'ALL', 'message': '12-11 08:25:16.394 31652 32570 W AppOps  : Noting op not finished: uid 10108 pkg com.google.android.gms code 79 startTime of in progress event=1702251083572'}
{'timestamp': 1702276322360, 'level': 'ALL', 'message': '12-11 08:25:16.404 31652 32570 W AppOps  : Noting op not finished: uid 10108 pkg com.google.android.gms code 79 startTime of in progress event=1702251191900'}
{'timestamp': 1702276322360, 'level': 'ALL', 'message': '12-11 08:25:16.420 31652 32570 W AppOps  : Noting op not finished: uid 10108 pkg com.google.android.gms code 79 startTime of in progress event=1702251084174'}
{'timestamp': 1702276322360, 'level': 'ALL', 'message': '12-11 08:25:16.442 31652 32570 W AppOps  : Noting op not finished: uid 10108 pkg com.google.android.gms code 79 startTime of in progress event=1702251072261'}
{'timestamp': 1702276322360, 'level': 'ALL', 'message': '12-11 08:25:16.457 31652 32485 W AppOps  : Noting op not finished: uid 10108 pkg com.google.android.gms code 79 startTime of in progress event=1702251072261'}
{'timestamp': 1702276322360, 'level': 'ALL', 'message': '12-11 08:25:16.118 31652 32485 I chatty  : uid=1000(system) Binder:31652_A identical 2 lines'}
{'timestamp': 1702276322360, 'level': 'ALL', 'message': '12-11 08:25:16.174 31652 32485 I system_server: oneway function results will be dropped but finished with status OK and parcel size 4'}
{'timestamp': 1702276322360, 'level': 'ALL', 'message': '12-11 08:25:16.602 31703  3386 W android.hardware.audio.service.ranchu: TinyalsaSink::write:125 pcm_write was late reading frames, dropping 22131 us of audio'}
{'timestamp': 1702276322360, 'level': 'ALL', 'message': '12-11 08:25:17.083 31703  3386 I chatty  : uid=1041(audioserver) audio.service.r identical 13 lines'}
{'timestamp': 1702276322360, 'level': 'ALL', 'message': '12-11 08:25:17.125 31703  3386 W android.hardware.audio.service.ranchu: TinyalsaSink::write:125 pcm_write was late reading frames, dropping 22131 us of audio'}
{'timestamp': 1702276322360, 'level': 'ALL', 'message': '12-11 08:25:17.135   653  1036 I appm    : dispose()'}
{'timestamp': 1702276322360, 'level': 'ALL', 'message': '12-11 08:25:17.136   653  1036 W avsu    : (REDACTED) Queue length for executor %s is now %d. Perhaps some tasks are too long, or the pool is too small.'}
{'timestamp': 1702276322360, 'level': 'ALL', 'message': '12-11 08:25:17.143 31703  3386 W android.hardware.audio.service.ranchu: TinyalsaSink::write:125 pcm_write was late reading frames, dropping 22131 us of audio'}
{'timestamp': 1702276322360, 'level': 'ALL', 'message': '12-11 08:25:18.057 31703  3386 I chatty  : uid=1041(audioserver) audio.service.r identical 23 lines'}
{'timestamp': 1702276322360, 'level': 'ALL', 'message': '12-11 08:25:18.155 31703  3386 W android.hardware.audio.service.ranchu: TinyalsaSink::write:125 pcm_write was late reading frames, dropping 22131 us of audio'}
{'timestamp': 1702276322360, 'level': 'ALL', 'message': '12-11 08:25:18.174 31652 31661 I system_server: Background young concurrent copying GC freed 113497(7883KB) AllocSpace objects, 81(4116KB) LOS objects, 35% free, 22MB/33MB, paused 5.113ms total 54.508ms'}
{'timestamp': 1702276322360, 'level': 'ALL', 'message': '12-11 08:25:18.182 31652 31662 W JavaBinder: BinderProxy is being destroyed but the application did not call unlinkToDeath to unlink all of its death recipients beforehand.  Releasing leaked death recipient: com.android.server.AlarmManagerService$2'}
{'timestamp': 1702276322362, 'level': 'ALL', 'message': '12-11 08:25:18.182 31652 31662 I BpBinder: onLastStrongRef automatically unlinking death recipients: <uncached descriptor>'}
{'timestamp': 1702276322362, 'level': 'ALL', 'message': '12-11 08:25:18.189 31652 31663 W System  : A resource failed to call release.'}
{'timestamp': 1702276322362, 'level': 'ALL', 'message': '12-11 08:25:18.190 31652 31663 W System  : A resource failed to call dispose.'}
{'timestamp': 1702276322362, 'level': 'ALL', 'message': '12-11 08:25:18.198 31652 31663 W System  : A resource failed to call close.'}
{'timestamp': 1702276322362, 'level': 'ALL', 'message': '12-11 08:25:18.201 31703  3386 W android.hardware.audio.service.ranchu: TinyalsaSink::write:125 pcm_write was late reading frames, dropping 22131 us of audio'}
{'timestamp': 1702276322362, 'level': 'ALL', 'message': '12-11 08:25:19.120 31703  3386 I chatty  : uid=1041(audioserver) audio.service.r identical 16 lines'}
{'timestamp': 1702276322362, 'level': 'ALL', 'message': '12-11 08:25:19.137 31703  3386 W android.hardware.audio.service.ranchu: TinyalsaSink::write:125 pcm_write was late reading frames, dropping 22131 us of audio'}
{'timestamp': 1702276322362, 'level': 'ALL', 'message': '12-11 08:25:19.142 10197 10233 I appium  : channel read: POST /session/4f7bac3f-2d55-48aa-be40-f282e6443e4e/element'}
{'timestamp': 1702276322362, 'level': 'ALL', 'message': '12-11 08:25:19.142 10197 10233 I appium  : FindElement command'}
{'timestamp': 1702276322362, 'level': 'ALL', 'message': '12-11 08:25:19.143 10197 10233 I appium  : method: \'xpath\', selector: \'//android.widget.TextView[@resource-id="com.ajaxsystems:id/title" and @text="App Settings"]\''}
{'timestamp': 1702276322362, 'level': 'ALL', 'message': '12-11 08:25:19.144 10197 10233 I appium  : Waiting up to 10000ms for the device to idle'}
{'timestamp': 1702276322362, 'level': 'ALL', 'message': '12-11 08:25:19.147 10197 10233 I appium  : The following attributes will be included to the page source: [resource-id, text]'}
{'timestamp': 1702276322362, 'level': 'ALL', 'message': '12-11 08:25:19.169 31652 32485 I system_server: oneway function results will be dropped but finished with status OK and parcel size 4'}
{'timestamp': 1702276322362, 'level': 'ALL', 'message': '12-11 08:25:19.240 10197 10233 I appium  : Took 0ms to retrieve 1 matches for \'//android.widget.TextView[@resource-id="com.ajaxsystems:id/title" and @text="App Settings"]\' XPath2 query'}
{'timestamp': 1702276322362, 'level': 'ALL', 'message': '12-11 08:25:19.246 10197 10233 I appium  : AppiumResponse: {"sessionId":"4f7bac3f-2d55-48aa-be40-f282e6443e4e","value":{"ELEMENT":"00000000-0000-004b-0000-0044000000b8","element-6066-11e4-a52e-4f735466cecf":"00000000-0000-004b-0000-0044000000b8"}}'}
{'timestamp': 1702276322362, 'level': 'ALL', 'message': '12-11 08:25:19.655   410   410 I perfetto: probes_producer.cc:329  Producer stop (id=491)'}
{'timestamp': 1702276322362, 'level': 'ALL', 'message': '12-11 08:25:19.660   410   410 I perfetto: ftrace_procfs.cc:183    disabled ftrace'}
{'timestamp': 1702276322362, 'level': 'ALL', 'message': '12-11 08:25:19.663   421   421 I perfetto: ng_service_impl.cc:1948 Tracing session 491 ended, total sessions:0'}
{'timestamp': 1702276322362, 'level': 'ALL', 'message': '12-11 08:25:19.775 32604  1059 I FusedLocation: (REDACTED) location delivery to %s blocked - too close'}
{'timestamp': 1702276322362, 'level': 'ALL', 'message': '12-11 08:25:19.776 32604  1059 I FusedLocation: (REDACTED) location delivery to %s blocked - too fast'}
{'timestamp': 1702276322362, 'level': 'ALL', 'message': '12-11 08:25:19.782 32604  1059 I FusedLocation: (REDACTED) location delivery to %s blocked - too close'}
{'timestamp': 1702276322362, 'level': 'ALL', 'message': '12-11 08:25:19.785 32604  1059 I FusedLocation: (REDACTED) location delivery to %s blocked - too fast'}
{'timestamp': 1702276322362, 'level': 'ALL', 'message': '12-11 08:25:19.809 32604  4253 I FusedLocation: stationary throttling engaged [CONTEXT service_id=6 ]'}
{'timestamp': 1702276322362, 'level': 'ALL', 'message': '12-11 08:25:20.587 32722 32763 I PeriodicStatsRunner: PeriodicStatsRunner.call():180 call()'}
{'timestamp': 1702276322362, 'level': 'ALL', 'message': '12-11 08:25:20.588 32722 32763 I PeriodicStatsRunner: PeriodicStatsRunner.call():184 No submit PeriodicStats since input started.'}
{'timestamp': 1702276322362, 'level': 'ALL', 'message': '12-11 08:25:22.264 10197 10233 I appium  : channel read: POST /session/4f7bac3f-2d55-48aa-be40-f282e6443e4e/element'}
{'timestamp': 1702276322362, 'level': 'ALL', 'message': '12-11 08:25:22.264 10197 10233 I appium  : FindElement command'}
{'timestamp': 1702276322362, 'level': 'ALL', 'message': '12-11 08:25:22.268 10197 10233 I appium  : method: \'xpath\', selector: \'//android.widget.TextView[@resource-id="com.ajaxsystems:id/title" and @text="Help"]\''}
{'timestamp': 1702276322362, 'level': 'ALL', 'message': '12-11 08:25:22.269 10197 10233 I appium  : Waiting up to 10000ms for the device to idle'}
{'timestamp': 1702276322362, 'level': 'ALL', 'message': '12-11 08:25:22.273 10197 10233 I appium  : The following attributes will be included to the page source: [resource-id, text]'}
{'timestamp': 1702276322362, 'level': 'ALL', 'message': '12-11 08:25:22.338 10197 10233 I appium  : Took 0ms to retrieve 1 matches for \'//android.widget.TextView[@resource-id="com.ajaxsystems:id/title" and @text="Help"]\' XPath2 query'}
{'timestamp': 1702276322362, 'level': 'ALL', 'message': '12-11 08:25:22.342 10197 10233 I appium  : AppiumResponse: {"sessionId":"4f7bac3f-2d55-48aa-be40-f282e6443e4e","value":{"ELEMENT":"00000000-0000-004b-0000-0048000000b8","element-6066-11e4-a52e-4f735466cecf":"00000000-0000-004b-0000-0048000000b8"}}'}
{'timestamp': 1702276322362, 'level': 'ALL', 'message': '12-11 08:25:25.361 10197 10233 I appium  : channel read: POST /session/4f7bac3f-2d55-48aa-be40-f282e6443e4e/element'}
{'timestamp': 1702276322362, 'level': 'ALL', 'message': '12-11 08:25:25.361 10197 10233 I appium  : FindElement command'}
{'timestamp': 1702276322362, 'level': 'ALL', 'message': '12-11 08:25:25.362 10197 10233 I appium  : method: \'xpath\', selector: \'//android.widget.TextView[@resource-id="com.ajaxsystems:id/title" and @text="Report a Problem"]\''}
{'timestamp': 1702276322362, 'level': 'ALL', 'message': '12-11 08:25:25.362 10197 10233 I appium  : Waiting up to 10000ms for the device to idle'}
{'timestamp': 1702276322362, 'level': 'ALL', 'message': '12-11 08:25:25.366 10197 10233 I appium  : The following attributes will be included to the page source: [resource-id, text]'}
{'timestamp': 1702276322362, 'level': 'ALL', 'message': '12-11 08:25:25.413 10197 10233 I appium  : Took 0ms to retrieve 1 matches for \'//android.widget.TextView[@resource-id="com.ajaxsystems:id/title" and @text="Report a Problem"]\' XPath2 query'}
{'timestamp': 1702276322362, 'level': 'ALL', 'message': '12-11 08:25:25.415 10197 10233 I appium  : AppiumResponse: {"sessionId":"4f7bac3f-2d55-48aa-be40-f282e6443e4e","value":{"ELEMENT":"00000000-0000-004b-0000-004c000000b8","element-6066-11e4-a52e-4f735466cecf":"00000000-0000-004b-0000-004c000000b8"}}'}
{'timestamp': 1702276322362, 'level': 'ALL', 'message': '12-11 08:25:25.661   396   396 D BoundBrokerSvc: onUnbind: Intent { act=com.google.android.gms.measurement.START pkg=com.google.android.gms }'}
{'timestamp': 1702276322362, 'level': 'ALL', 'message': '12-11 08:25:25.693 32604  1334 W Settings: Setting airplane_mode_on has moved from android.provider.Settings.System to android.provider.Settings.Global, returning read-only value.'}
{'timestamp': 1702276322362, 'level': 'ALL', 'message': '12-11 08:25:25.698 31652 32570 W AlarmManager: Alarms must either supply a PendingIntent or an AlarmReceiver'}
{'timestamp': 1702276322362, 'level': 'ALL', 'message': '12-11 08:25:25.749 31652 32570 W AlarmManager: Window length 1383505805524020480ms suspiciously long; limiting to 1 hour'}
{'timestamp': 1702276322362, 'level': 'ALL', 'message': '12-11 08:25:26.928   653   653 I blvr    : (REDACTED) disposing SearchServiceClient after timeout %s'}
{'timestamp': 1702276322362, 'level': 'ALL', 'message': '12-11 08:25:28.433 10197 10233 I appium  : channel read: POST /session/4f7bac3f-2d55-48aa-be40-f282e6443e4e/element'}
{'timestamp': 1702276322362, 'level': 'ALL', 'message': '12-11 08:25:28.434 10197 10233 I appium  : FindElement command'}
{'timestamp': 1702276322362, 'level': 'ALL', 'message': '12-11 08:25:28.437 10197 10233 I appium  : method: \'xpath\', selector: \'//android.widget.TextView[@resource-id="com.ajaxsystems:id/text"][2]\''}
{'timestamp': 1702276322362, 'level': 'ALL', 'message': '12-11 08:25:28.437 10197 10233 I appium  : Waiting up to 10000ms for the device to idle'}
{'timestamp': 1702276322362, 'level': 'ALL', 'message': '12-11 08:25:28.441 10197 10233 I appium  : The following attributes will be included to the page source: [resource-id]'}
{'timestamp': 1702276322362, 'level': 'ALL', 'message': '12-11 08:25:28.492 10197 10233 I appium  : Took 0ms to retrieve 0 matches for \'//android.widget.TextView[@resource-id="com.ajaxsystems:id/text"][2]\' XPath2 query'}
{'timestamp': 1702276322362, 'level': 'ALL', 'message': '12-11 08:25:28.497 10197 10233 I appium  : AppiumResponse: {"sessionId":"4f7bac3f-2d55-48aa-be40-f282e6443e4e","value":{"error":"no such element","message":"An element could not be located on the page using the given search parameters","stacktrace":"io.appium.uiautomator2.common.exceptions.ElementNotFoundException: An element could not be located on the page using the given search parameters\\n\\tat io.appium.uiautomator2.utils.ElementLocationHelpers.findElement(ElementLocationHelpers.java:156)\\n\\tat io.appium.uiautomator2.handler.FindElement.safeHandle(FindElement.java:60)\\n\\tat io.appium.uiautomator2.handler.request.SafeRequestHandler.handle(SafeRequestHandler.java:59)\\n\\tat io.appium.uiautomator2.server.AppiumServlet.handleRequest(AppiumServlet.java:277)\\n\\tat io.appium.uiautomator2.server.AppiumServlet.handleHttpRequest(AppiumServlet.java:271)\\n\\tat io.appium.uiautomator2.http.ServerHandler.channelRead(ServerHandler.java:77)\\n\\tat io.netty.channel.AbstractChannelHandlerContext.invokeChannelRead(AbstractChannelHandlerContext.java:366)\\n\\tat io.netty.channel.AbstractChannelHandlerContext.invokeChannelRead(AbstractChannelHandlerContext.java:352)\\n\\tat io.netty.channel.AbstractChannelHandlerContext.fireChannelRead(AbstractChannelHandlerContext.java:345)\\n\\tat io.netty.handler.codec.MessageToMessageDecoder.channelRead(MessageToMessageDecoder.java:102)\\n\\tat io.netty.channel.AbstractChannelHandlerContext.invokeChannelRead(AbstractChannelHandlerContext.java:366)\\n\\tat io.netty.channel.AbstractChannelHandlerContext.invokeChannelRead(AbstractChannelHandlerContext.java:352)\\n\\tat io.netty.channel.AbstractChannelHandlerContext.fireChannelRead(AbstractChannelHandlerContext.java:345)\\n\\tat io.netty.channel.CombinedChannelDuplexHandler$DelegatingChannelHandlerContext.fireChannelRead(CombinedChannelDuplexHandler.java:435)\\n\\tat io.netty.handler.codec.ByteToMessageDecoder.fireChannelRead(ByteToMessageDecoder.java:293)\\n\\tat io.netty.handler.codec.ByteToMessageDecoder.channelRead(ByteToMessageDecoder.java:267)\\n\\tat io.netty.channel.CombinedChannelDuplexHandler.channelRead(CombinedChannelDuplexHandler.java:250)\\n\\tat io.netty.channel.AbstractChannelHandlerContext.invokeChannelRead(AbstractChannelHandlerContext.java:366)\\n\\tat io.netty.channel.AbstractChannelHandlerContext.invokeChannelRead(AbstractChannelHandlerContext.java:352)\\n\\tat io.netty.channel.AbstractChannelHandlerContext.fireChannelRead(AbstractChannelHandlerContext.java:345)\\n\\tat io.netty.handler.timeout.IdleStateHandler.channelRead(IdleStateHandler.java:266)\\n\\tat io.netty.channel.AbstractChannelHandlerContext.invokeChannelRead(AbstractChannelHandlerContext.java:366)\\n\\tat io.netty.channel.AbstractChannelHandlerContext.invokeChannelRead(AbstractChannelHandlerContext.java:352)\\n\\tat io.netty.channel.AbstractChannelHandlerContext.fireChannelRead(AbstractChannelHandlerContext.java:345)\\n\\tat io.netty.channel.DefaultChannelPipeline$HeadContext.channelRead(DefaultChannelPipeline.java:1294)\\n\\tat io.netty.channel.AbstractChannelHandlerContext.invokeChannelRead(AbstractChannelHandlerContext.java:366)\\n\\tat io.netty.channel.AbstractChannelHandlerContext.invokeChannelRead(AbstractChannelHandlerContext.java:352)\\n\\tat io.netty.channel.DefaultChannelPipeline.fireChannelRead(DefaultChannelPipeline.java:911)\\n\\tat io.netty.channel.nio.AbstractNioByteChannel$NioByteUnsafe.read(AbstractNioByteChannel.java:131)\\n\\tat io.netty.channel.nio.NioEventLoop.processSelectedKey(NioEventLoop.java:611)\\n\\tat io.netty.channel.nio.NioEventLoop.processSelectedKeysOptimized(NioEventLoop.java:552)\\n\\tat io.netty.channel.nio.NioEventLoop.processSelectedKeys(NioEventLoop.java:466)\\n\\tat io.netty.channel.nio.NioEventLoop.run(NioEventLoop.java:438)\\n\\tat io.netty.util.concurrent.SingleThreadEventExecutor$2.run(SingleThreadEventExecutor.java:140)\\n\\tat io.netty.util.concurrent.DefaultThreadFactory$DefaultRunnableDecorator.run(DefaultThreadFactory.java:144)\\n\\tat java.lang.Thread.run(Thread.java:923)\\n"}}'}
{'timestamp': 1702276322362, 'level': 'ALL', 'message': '12-11 08:25:35.362 10247 10307 E Volley  : [687] NetworkUtility.shouldRetryException: Unexpected response code 403 for https://in-app-message.prod.ajax.systems/v1/prod/main/en/plashka.json'}
{'timestamp': 1702276322362, 'level': 'ALL', 'message': '12-11 08:25:35.577 10247 10307 E Volley  : [687] NetworkUtility.shouldRetryException: Unexpected response code 403 for https://in-app-message.prod.ajax.systems/v1/prod/main/en/plashka.json'}
{'timestamp': 1702276322362, 'level': 'ALL', 'message': '12-11 08:25:35.578 10247 10247 E MaintenanceMessagesApi: Cannot get maintenance messages'}
{'timestamp': 1702276322362, 'level': 'ALL', 'message': '12-11 08:25:35.578 10247 10247 E MaintenanceMessagesApi: com.android.volley.AuthFailureError'}
{'timestamp': 1702276322362, 'level': 'ALL', 'message': '12-11 08:25:35.578 10247 10247 E MaintenanceMessagesApi: \tat com.android.volley.toolbox.NetworkUtility.shouldRetryException(Unknown Source:134)'}
{'timestamp': 1702276322362, 'level': 'ALL', 'message': '12-11 08:25:35.578 10247 10247 E MaintenanceMessagesApi: \tat com.android.volley.toolbox.BasicNetwork.performRequest(Unknown Source:119)'}
{'timestamp': 1702276322362, 'level': 'ALL', 'message': '12-11 08:25:35.578 10247 10247 E MaintenanceMessagesApi: \tat com.android.volley.NetworkDispatcher.processRequest(Unknown Source:39)'}
{'timestamp': 1702276322362, 'level': 'ALL', 'message': '12-11 08:25:35.578 10247 10247 E MaintenanceMessagesApi: \tat com.android.volley.NetworkDispatcher.processRequest(Unknown Source:8)'}
{'timestamp': 1702276322362, 'level': 'ALL', 'message': '12-11 08:25:35.578 10247 10247 E MaintenanceMessagesApi: \tat com.android.volley.NetworkDispatcher.run(Unknown Source:5)'}
{'timestamp': 1702276322362, 'level': 'ALL', 'message': '12-11 08:25:46.612 10247 10266 W com.ajaxsystem: Checksum mismatch for dex base.apk!classes11.dex'}
{'timestamp': 1702276322362, 'level': 'ALL', 'message': '12-11 08:25:46.612 10247 10266 W com.ajaxsystem: Could not add methods to the existing profiler. Clearing the profile data.'}
{'timestamp': 1702276322362, 'level': 'ALL', 'message': "12-11 08:25:50.798   469   469 E netmgr  : qemu_pipe_open_ns:62: Could not connect to the 'pipe:qemud:network' service: Invalid argument"}
{'timestamp': 1702276322362, 'level': 'ALL', 'message': "12-11 08:25:50.798   469   469 E netmgr  : Failed to open QEMU pipe 'qemud:network': Invalid argument"}
{'timestamp': 1702276322362, 'level': 'ALL', 'message': "12-11 08:25:52.478   477   477 E wifi_forwarder: qemu_pipe_open_ns:62: Could not connect to the 'pipe:qemud:wififorward' service: Invalid argument"}
{'timestamp': 1702276322362, 'level': 'ALL', 'message': '12-11 08:25:52.478   477   477 E wifi_forwarder: RemoteConnection failed to initialize: RemoteConnection failed to open pipe'}
{'timestamp': 1702276322362, 'level': 'ALL', 'message': '12-11 08:25:55.800 10247 10365 W DELETE  : 0 hubs will be deleted'}
{'timestamp': 1702276322362, 'level': 'ALL', 'message': '12-11 08:25:58.849 31652 31662 W JavaBinder: BinderProxy is being destroyed but the application did not call unlinkToDeath to unlink all of its death recipients beforehand.  Releasing leaked death recipient: com.android.server.AlarmManagerService$2'}
{'timestamp': 1702276322362, 'level': 'ALL', 'message': '12-11 08:25:58.849 31652 31662 I BpBinder: onLastStrongRef automatically unlinking death recipients: <uncached descriptor>'}
{'timestamp': 1702276322362, 'level': 'ALL', 'message': '12-11 08:26:00.963 10197 10230 I appium  : READER_IDLE: closing the channel'}
{'timestamp': 1702276322362, 'level': 'ALL', 'message': '12-11 08:26:01.002 10197 10232 I appium  : READER_IDLE: closing the channel'}
{'timestamp': 1702276322362, 'level': 'ALL', 'message': '12-11 08:26:01.018 10197 10231 I appium  : READER_IDLE: closing the channel'}
{'timestamp': 1702276322362, 'level': 'ALL', 'message': '12-11 08:26:01.642   517  1067 I azpt    : (REDACTED) getHotwordActive::active query: %s, watch: %s, devices connected: %s'}
{'timestamp': 1702276322362, 'level': 'ALL', 'message': '12-11 08:26:02.154   653  9217 I earchbox:searc: oneway function results will be dropped but finished with status UNKNOWN_TRANSACTION and parcel size 0'}
{'timestamp': 1702276322362, 'level': 'ALL', 'message': '12-11 08:26:04.654   517  9731 I hbox:interacto: oneway function results will be dropped but finished with status UNKNOWN_TRANSACTION and parcel size 0'}
{'timestamp': 1702276322362, 'level': 'ALL', 'message': '12-11 08:26:05.870 10247 10305 E Volley  : [685] NetworkUtility.shouldRetryException: Unexpected response code 403 for https://in-app-message.prod.ajax.systems/v1/prod/main/en/plashka.json'}
{'timestamp': 1702276322362, 'level': 'ALL', 'message': '12-11 08:26:06.390 10247 10305 E Volley  : [685] NetworkUtility.shouldRetryException: Unexpected response code 403 for https://in-app-message.prod.ajax.systems/v1/prod/main/en/plashka.json'}
{'timestamp': 1702276322362, 'level': 'ALL', 'message': '12-11 08:26:06.391 10247 10247 E MaintenanceMessagesApi: Cannot get maintenance messages'}
{'timestamp': 1702276322362, 'level': 'ALL', 'message': '12-11 08:26:06.391 10247 10247 E MaintenanceMessagesApi: com.android.volley.AuthFailureError'}
{'timestamp': 1702276322362, 'level': 'ALL', 'message': '12-11 08:26:06.391 10247 10247 E MaintenanceMessagesApi: \tat com.android.volley.toolbox.NetworkUtility.shouldRetryException(Unknown Source:134)'}
{'timestamp': 1702276322362, 'level': 'ALL', 'message': '12-11 08:26:06.391 10247 10247 E MaintenanceMessagesApi: \tat com.android.volley.toolbox.BasicNetwork.performRequest(Unknown Source:119)'}
{'timestamp': 1702276322362, 'level': 'ALL', 'message': '12-11 08:26:06.391 10247 10247 E MaintenanceMessagesApi: \tat com.android.volley.NetworkDispatcher.processRequest(Unknown Source:39)'}
{'timestamp': 1702276322362, 'level': 'ALL', 'message': '12-11 08:26:06.391 10247 10247 E MaintenanceMessagesApi: \tat com.android.volley.NetworkDispatcher.processRequest(Unknown Source:8)'}
{'timestamp': 1702276322362, 'level': 'ALL', 'message': '12-11 08:26:06.391 10247 10247 E MaintenanceMessagesApi: \tat com.android.volley.NetworkDispatcher.run(Unknown Source:5)'}
{'timestamp': 1702276322362, 'level': 'ALL', 'message': '12-11 08:26:28.527 10197 10233 I appium  : READER_IDLE: closing the channel'}
{'timestamp': 1702276322362, 'level': 'ALL', 'message': '12-11 08:26:36.297 32604  4253 I NearbySharing: Advertising has stopped [CONTEXT service_id=194 ]'}
{'timestamp': 1702276322362, 'level': 'ALL', 'message': '12-11 08:26:36.317 32604 32649 I NearbyConnections: Client 97826294 requested advertising to stop.'}
{'timestamp': 1702276322362, 'level': 'ALL', 'message': '12-11 08:26:36.322 32604  4253 I NearbySharing: (REDACTED) Start advertising with mode %s certificate visibility %s data usage preference %s, and bt advertising %s'}
{'timestamp': 1702276322362, 'level': 'ALL', 'message': '12-11 08:26:36.329 32604  4253 I NearbySharing: (REDACTED) Advertising has started with mode %s, Bt enabled : %s'}
{'timestamp': 1702276322362, 'level': 'ALL', 'message': '12-11 08:26:36.330 32604 32647 I NearbySharing: (REDACTED) Failed to log %s, due to checkbox consent is not opt in.'}
{'timestamp': 1702276322362, 'level': 'ALL', 'message': '12-11 08:26:36.332 32604 10490 I NearbySharing: NearbyConnectionsManager cleared incoming payload tracking [CONTEXT service_id=194 ]'}
{'timestamp': 1702276322362, 'level': 'ALL', 'message': "12-11 08:26:36.367 32604 10491 I NearbyMediums: Unable to stop the advertisement GATT server because it's not running."}
{'timestamp': 1702276322362, 'level': 'ALL', 'message': '12-11 08:26:36.368 32604 10491 I NearbyMediums: Successfully stopped BLE advertising for service NearbySharing'}
{'timestamp': 1702276322362, 'level': 'ALL', 'message': "12-11 08:26:36.368 32604 10491 I NearbyMediums: Can't stop accepting BLE connections because it was never started, service-id=NearbySharing"}
{'timestamp': 1702276322362, 'level': 'ALL', 'message': '12-11 08:26:36.373 32604 10491 D BluetoothSocket: close() this: android.bluetooth.BluetoothSocket@e624823, channel: 7, mSocketIS: android.net.LocalSocketImpl$SocketInputStream@fe59120, mSocketOS: android.net.LocalSocketImpl$SocketOutputStream@5b6bad9mSocket: android.net.LocalSocket@891dc9e impl:android.net.LocalSocketImpl@787437f fd:java.io.FileDescriptor@43b24aa, mSocketState: LISTENING'}
{'timestamp': 1702276322362, 'level': 'ALL', 'message': '12-11 08:26:36.378 32604 10491 I NearbyMediums: Stopped accepting Bluetooth Classic connections for NearbySharing.'}
{'timestamp': 1702276322362, 'level': 'ALL', 'message': '12-11 08:26:36.381 32604  5319 D BluetoothSocket: close() this: android.bluetooth.BluetoothSocket@e624823, channel: 7, mSocketIS: android.net.LocalSocketImpl$SocketInputStream@fe59120, mSocketOS: android.net.LocalSocketImpl$SocketOutputStream@5b6bad9mSocket: null, mSocketState: CLOSED'}
{'timestamp': 1702276322362, 'level': 'ALL', 'message': "12-11 08:26:36.383 32604 10491 I NearbyMediums: Can't stop LAN advertising because we're not currently advertising."}
{'timestamp': 1702276322362, 'level': 'ALL', 'message': "12-11 08:26:36.384 32604 10491 I NearbyMediums: Can't stop accepting Wifi connections because it was never started."}
{'timestamp': 1702276322362, 'level': 'ALL', 'message': "12-11 08:26:36.384 32604 10491 I NearbyMediums: Can't stop WiFi Aware publishing because it was never started."}
{'timestamp': 1702276322362, 'level': 'ALL', 'message': "12-11 08:26:36.385 32604 10491 I NearbyMediums: Can't stop accepting WiFi connections because it was never started."}
{'timestamp': 1702276322362, 'level': 'ALL', 'message': "12-11 08:26:36.388 32604 10491 I NearbyMediums: Can't stop NFC advertising because it was never started."}
{'timestamp': 1702276322362, 'level': 'ALL', 'message': '12-11 08:26:36.389 32604 10491 I NearbyMediums: Skipping stop accepting connections: we are not currently accepting WebRTC connections for NearbySharing.'}
{'timestamp': 1702276322362, 'level': 'ALL', 'message': '12-11 08:26:36.407 32106 32528 I bt_stack: [INFO:port_api.cc(289)] RFCOMM_RemoveServer: handle=17'}
{'timestamp': 1702276322362, 'level': 'ALL', 'message': '12-11 08:26:36.410 32604 10491 I Nearby  : (REDACTED) Successfully shutdown executor %s.'}
{'timestamp': 1702276322362, 'level': 'ALL', 'message': '12-11 08:26:36.426 32604 10490 I NearbySharing: (REDACTED) Loading certificates with visibility %s'}
{'timestamp': 1702276322362, 'level': 'ALL', 'message': '12-11 08:26:36.432 32604 10490 I NearbySharing: (REDACTED) Saving the private certificate to file %s.'}
{'timestamp': 1702276322362, 'level': 'ALL', 'message': '12-11 08:26:36.438 32604 10490 I NearbySharing: (REDACTED) Created endpointInfo: %s'}
{'timestamp': 1702276322362, 'level': 'ALL', 'message': '12-11 08:26:36.446 32604 10490 I NearbySharing: (REDACTED) Started advertising with power level = %s and isAllowGattConnections = %s and advertising mediums %s.'}
{'timestamp': 1702276322362, 'level': 'ALL', 'message': '12-11 08:26:36.453 32604 32649 I NearbyConnections: Client 97826294 requested advertising to start.'}
{'timestamp': 1702276322362, 'level': 'ALL', 'message': '12-11 08:26:36.458 32604  5087 I NearbyConnections: Generated local endpoint id UYCG for client 97826294'}
{'timestamp': 1702276322362, 'level': 'ALL', 'message': '12-11 08:26:36.459 32604  5087 I NearbyConnections: In startBleAdvertising([ 0x32 0x27 0x4b 0x9e 0x6a 0x72 0x32 0xba 0xfa 0x23 0x96 0x39 0xf9 0x3e 0x66 0x80 0xea ]), client 97826294 not allowed to listen for incoming BLE connections to ServiceID NearbySharing'}
{'timestamp': 1702276322362, 'level': 'ALL', 'message': '12-11 08:26:36.476 32604  5087 W BluetoothAdapter: getBluetoothService() called with no BluetoothManagerCallback'}
{'timestamp': 1702276322362, 'level': 'ALL', 'message': '12-11 08:26:36.498 32106 32528 I bt_stack: [INFO:port_api.cc(216)] RFCOMM_CreateConnection: bd_addr=ff:ff:ff:ff:ff:ff, scn=7, is_server=1, mtu=990, uuid=0x003f, dlci=14, signal_state=0x0b, p_port=0xbec54c90'}
{'timestamp': 1702276322362, 'level': 'ALL', 'message': '12-11 08:26:36.500 32604  5087 I NearbyMediums: Started accepting Bluetooth Classic connections for NearbySharing.'}
{'timestamp': 1702276322362, 'level': 'ALL', 'message': '12-11 08:26:36.520 32604  5087 D BluetoothAdapter: isLeEnabled(): ON'}
{'timestamp': 1702276322362, 'level': 'ALL', 'message': '12-11 08:26:36.521 32604  5087 D BluetoothAdapter: isLeEnabled(): ON'}
{'timestamp': 1702276322362, 'level': 'ALL', 'message': '12-11 08:26:36.525 32106 32550 D BluetoothAdapterService: getAdapterService() - returning com.android.bluetooth.btservice.AdapterService@17fa1b5'}
{'timestamp': 1702276322362, 'level': 'ALL', 'message': '12-11 08:26:36.557 10247 10308 E Volley  : [688] NetworkUtility.shouldRetryException: Unexpected response code 403 for https://in-app-message.prod.ajax.systems/v1/prod/main/en/plashka.json'}
{'timestamp': 1702276322362, 'level': 'ALL', 'message': '12-11 08:26:36.689 10247 10308 E Volley  : [688] NetworkUtility.shouldRetryException: Unexpected response code 403 for https://in-app-message.prod.ajax.systems/v1/prod/main/en/plashka.json'}
{'timestamp': 1702276322362, 'level': 'ALL', 'message': '12-11 08:26:36.691 10247 10247 E MaintenanceMessagesApi: Cannot get maintenance messages'}
{'timestamp': 1702276322362, 'level': 'ALL', 'message': '12-11 08:26:36.691 10247 10247 E MaintenanceMessagesApi: com.android.volley.AuthFailureError'}
{'timestamp': 1702276322362, 'level': 'ALL', 'message': '12-11 08:26:36.691 10247 10247 E MaintenanceMessagesApi: \tat com.android.volley.toolbox.NetworkUtility.shouldRetryException(Unknown Source:134)'}
{'timestamp': 1702276322362, 'level': 'ALL', 'message': '12-11 08:26:36.691 10247 10247 E MaintenanceMessagesApi: \tat com.android.volley.toolbox.BasicNetwork.performRequest(Unknown Source:119)'}
{'timestamp': 1702276322362, 'level': 'ALL', 'message': '12-11 08:26:36.691 10247 10247 E MaintenanceMessagesApi: \tat com.android.volley.NetworkDispatcher.processRequest(Unknown Source:39)'}
{'timestamp': 1702276322362, 'level': 'ALL', 'message': '12-11 08:26:36.691 10247 10247 E MaintenanceMessagesApi: \tat com.android.volley.NetworkDispatcher.processRequest(Unknown Source:8)'}
{'timestamp': 1702276322362, 'level': 'ALL', 'message': '12-11 08:26:36.691 10247 10247 E MaintenanceMessagesApi: \tat com.android.volley.NetworkDispatcher.run(Unknown Source:5)'}
{'timestamp': 1702276322362, 'level': 'ALL', 'message': '12-11 08:26:38.338 32604 10471 W Nearby  : Method is still running after 2007 millis. [CONTEXT service_id=49 ]'}
{'timestamp': 1702276322362, 'level': 'ALL', 'message': '12-11 08:26:38.338 32604 10471 W Nearby  : bkqq: bkqq'}
{'timestamp': 1702276322362, 'level': 'ALL', 'message': '12-11 08:26:38.338 32604 10471 W Nearby  : \tat sun.misc.Unsafe.park(Native Method)'}
{'timestamp': 1702276322362, 'level': 'ALL', 'message': '12-11 08:26:38.338 32604 10471 W Nearby  : \tat java.util.concurrent.locks.LockSupport.parkNanos(LockSupport.java:230)'}
{'timestamp': 1702276322362, 'level': 'ALL', 'message': '12-11 08:26:38.338 32604 10471 W Nearby  : \tat java.util.concurrent.locks.AbstractQueuedSynchronizer.doAcquireSharedNanos(AbstractQueuedSynchronizer.java:1063)'}
{'timestamp': 1702276322362, 'level': 'ALL', 'message': '12-11 08:26:38.338 32604 10471 W Nearby  : \tat java.util.concurrent.locks.AbstractQueuedSynchronizer.tryAcquireSharedNanos(AbstractQueuedSynchronizer.java:1358)'}
{'timestamp': 1702276322362, 'level': 'ALL', 'message': '12-11 08:26:38.338 32604 10471 W Nearby  : \tat java.util.concurrent.CountDownLatch.await(CountDownLatch.java:278)'}
{'timestamp': 1702276322362, 'level': 'ALL', 'message': '12-11 08:26:38.338 32604 10471 W Nearby  : \tat chwi.p(:com.google.android.gms@234523034@23.45.23 (150700-587848529):38)'}
{'timestamp': 1702276322362, 'level': 'ALL', 'message': '12-11 08:26:38.338 32604 10471 W Nearby  : \tat bkrp.c(:com.google.android.gms@234523034@23.45.23 (150700-587848529):3)'}
{'timestamp': 1702276322362, 'level': 'ALL', 'message': '12-11 08:26:38.338 32604 10471 W Nearby  : \tat bsna.K(:com.google.android.gms@234523034@23.45.23 (150700-587848529):58)'}
{'timestamp': 1702276322362, 'level': 'ALL', 'message': '12-11 08:26:38.338 32604 10471 W Nearby  : \tat bsoo.run(:com.google.android.gms@234523034@23.45.23 (150700-587848529):145)'}
{'timestamp': 1702276322362, 'level': 'ALL', 'message': '12-11 08:26:38.338 32604 10471 W Nearby  : \tat bkqo.run(:com.google.android.gms@234523034@23.45.23 (150700-587848529):15)'}
{'timestamp': 1702276322362, 'level': 'ALL', 'message': '12-11 08:26:38.338 32604 10471 W Nearby  : \tat aiwb.c(:com.google.android.gms@234523034@23.45.23 (150700-587848529):50)'}
{'timestamp': 1702276322362, 'level': 'ALL', 'message': '12-11 08:26:38.338 32604 10471 W Nearby  : \tat aiwb.run(:com.google.android.gms@234523034@23.45.23 (150700-587848529):76)'}
{'timestamp': 1702276322362, 'level': 'ALL', 'message': '12-11 08:26:38.338 32604 10471 W Nearby  : \tat java.util.concurrent.ThreadPoolExecutor.runWorker(ThreadPoolExecutor.java:1167)'}
{'timestamp': 1702276322362, 'level': 'ALL', 'message': '12-11 08:26:38.338 32604 10471 W Nearby  : \tat java.util.concurrent.ThreadPoolExecutor$Worker.run(ThreadPoolExecutor.java:641)'}
{'timestamp': 1702276322362, 'level': 'ALL', 'message': '12-11 08:26:38.338 32604 10471 W Nearby  : \tat ajbh.run(:com.google.android.gms@234523034@23.45.23 (150700-587848529):8)'}
{'timestamp': 1702276322362, 'level': 'ALL', 'message': '12-11 08:26:38.338 32604 10471 W Nearby  : \tat java.lang.Thread.run(Thread.java:923)'}
{'timestamp': 1702276322362, 'level': 'ALL', 'message': '12-11 08:26:38.338 32604 10471 W Nearby  : Caused by: bkqq'}
{'timestamp': 1702276322362, 'level': 'ALL', 'message': '12-11 08:26:38.338 32604 10471 W Nearby  : \tat bkqr.a(:com.google.android.gms@234523034@23.45.23 (150700-587848529):3)'}
{'timestamp': 1702276322362, 'level': 'ALL', 'message': '12-11 08:26:38.338 32604 10471 W Nearby  : \tat bkqs.a(:com.google.android.gms@234523034@23.45.23 (150700-587848529):3)'}
{'timestamp': 1702276322362, 'level': 'ALL', 'message': '12-11 08:26:38.338 32604 10471 W Nearby  : \tat bkrs.execute(:com.google.android.gms@234523034@23.45.23 (150700-587848529):5)'}
{'timestamp': 1702276322362, 'level': 'ALL', 'message': '12-11 08:26:38.338 32604 10471 W Nearby  : \tat com.google.android.gms.nearby.sharing.provider.connections.NearbySharingProvider.aT(:com.google.android.gms@234523034@23.45.23 (150700-587848529):3)'}
{'timestamp': 1702276322362, 'level': 'ALL', 'message': '12-11 08:26:38.338 32604 10471 W Nearby  : \tat com.google.android.gms.nearby.sharing.provider.connections.NearbySharingProvider.A(:com.google.android.gms@234523034@23.45.23 (150700-587848529):12)'}
{'timestamp': 1702276322362, 'level': 'ALL', 'message': '12-11 08:26:38.338 32604 10471 W Nearby  : \tat com.google.android.gms.nearby.sharing.NearbySharingChimeraService.F(:com.google.android.gms@234523034@23.45.23 (150700-587848529):1062)'}
{'timestamp': 1702276322362, 'level': 'ALL', 'message': '12-11 08:26:38.338 32604 10471 W Nearby  : \tat brfa.run(:com.google.android.gms@234523034@23.45.23 (150700-587848529):6)'}
{'timestamp': 1702276322362, 'level': 'ALL', 'message': '12-11 08:26:38.338 32604 10471 W Nearby  : \tat bkmm.run(:com.google.android.gms@234523034@23.45.23 (150700-587848529):14)'}
{'timestamp': 1702276322362, 'level': 'ALL', 'message': '12-11 08:26:38.338 32604 10471 W Nearby  : \tat bkqo.run(:com.google.android.gms@234523034@23.45.23 (150700-587848529):15)'}
{'timestamp': 1702276322362, 'level': 'ALL', 'message': '12-11 08:26:38.338 32604 10471 W Nearby  : \tat java.util.concurrent.Executors$RunnableAdapter.call(Executors.java:462)'}
{'timestamp': 1702276322362, 'level': 'ALL', 'message': '12-11 08:26:38.338 32604 10471 W Nearby  : \tat java.util.concurrent.FutureTask.run(FutureTask.java:266)'}
{'timestamp': 1702276322362, 'level': 'ALL', 'message': '12-11 08:26:38.338 32604 10471 W Nearby  : \t... 6 more'}
{'timestamp': 1702276322362, 'level': 'ALL', 'message': '12-11 08:26:39.529 32604  5087 E NearbyMediums: MEDIUM_ERROR [SYSTEM][BLE][START_ADVERTISING][START_LEGACY_ADVERTISING_FAILED][TIMEOUT], service-id=NearbySharing'}
{'timestamp': 1702276322362, 'level': 'ALL', 'message': '12-11 08:26:39.531 32604  5087 I NearbyMediums: Started fast BLE advertisement with: { mode: legacy, txPowerLevel: MEDIUM, advertiseMode: LOW_POWER}'}
{'timestamp': 1702276322362, 'level': 'ALL', 'message': '12-11 08:26:39.531 32604  5087 I NearbyMediums: Successfully started BLE advertising of size 23 for service NearbySharing, deviceToken : [ 0xd4 0xc9 ].'}
{'timestamp': 1702276322362, 'level': 'ALL', 'message': '12-11 08:26:39.571 32604 10490 I NearbySharing: (REDACTED) Successfully started advertising over Nearby Connections: %s, %s, %s'}
{'timestamp': 1702276322362, 'level': 'ALL', 'message': '12-11 08:26:39.575 32604 10471 W Nearby  : Method finished running after 3243 millis. [CONTEXT service_id=49 ]'}
{'timestamp': 1702276322362, 'level': 'ALL', 'message': '12-11 08:26:39.575 32604 10471 W Nearby  : bkqq: bkqq'}
{'timestamp': 1702276322362, 'level': 'ALL', 'message': '12-11 08:26:39.575 32604 10471 W Nearby  : \tat java.lang.Thread.isInterrupted(Native Method)'}
{'timestamp': 1702276322362, 'level': 'ALL', 'message': '12-11 08:26:39.575 32604 10471 W Nearby  : \tat java.util.concurrent.SynchronousQueue$TransferStack.awaitFulfill(SynchronousQueue.java:442)'}
{'timestamp': 1702276322362, 'level': 'ALL', 'message': '12-11 08:26:39.575 32604 10471 W Nearby  : \tat java.util.concurrent.SynchronousQueue$TransferStack.transfer(SynchronousQueue.java:362)'}
{'timestamp': 1702276322362, 'level': 'ALL', 'message': '12-11 08:26:39.575 32604 10471 W Nearby  : \tat java.util.concurrent.SynchronousQueue.poll(SynchronousQueue.java:937)'}
{'timestamp': 1702276322362, 'level': 'ALL', 'message': '12-11 08:26:39.575 32604 10471 W Nearby  : \tat java.util.concurrent.ThreadPoolExecutor.getTask(ThreadPoolExecutor.java:1091)'}
{'timestamp': 1702276322362, 'level': 'ALL', 'message': '12-11 08:26:39.575 32604 10471 W Nearby  : \tat java.util.concurrent.ThreadPoolExecutor.runWorker(ThreadPoolExecutor.java:1152)'}
{'timestamp': 1702276322362, 'level': 'ALL', 'message': '12-11 08:26:39.575 32604 10471 W Nearby  : \tat java.util.concurrent.ThreadPoolExecutor$Worker.run(ThreadPoolExecutor.java:641)'}
{'timestamp': 1702276322362, 'level': 'ALL', 'message': '12-11 08:26:39.575 32604 10471 W Nearby  : \tat ajbh.run(:com.google.android.gms@234523034@23.45.23 (150700-587848529):8)'}
{'timestamp': 1702276322362, 'level': 'ALL', 'message': '12-11 08:26:39.575 32604 10471 W Nearby  : \tat java.lang.Thread.run(Thread.java:923)'}
{'timestamp': 1702276322362, 'level': 'ALL', 'message': '12-11 08:26:39.575 32604 10471 W Nearby  : Caused by: bkqq'}
{'timestamp': 1702276322362, 'level': 'ALL', 'message': '12-11 08:26:39.575 32604 10471 W Nearby  : \tat bkqr.a(:com.google.android.gms@234523034@23.45.23 (150700-587848529):3)'}
{'timestamp': 1702276322362, 'level': 'ALL', 'message': '12-11 08:26:39.575 32604 10471 W Nearby  : \tat bkqs.a(:com.google.android.gms@234523034@23.45.23 (150700-587848529):3)'}
{'timestamp': 1702276322362, 'level': 'ALL', 'message': '12-11 08:26:39.575 32604 10471 W Nearby  : \tat bkrs.execute(:com.google.android.gms@234523034@23.45.23 (150700-587848529):5)'}
{'timestamp': 1702276322362, 'level': 'ALL', 'message': '12-11 08:26:39.575 32604 10471 W Nearby  : \tat com.google.android.gms.nearby.sharing.provider.connections.NearbySharingProvider.aT(:com.google.android.gms@234523034@23.45.23 (150700-587848529):3)'}
{'timestamp': 1702276322362, 'level': 'ALL', 'message': '12-11 08:26:39.575 32604 10471 W Nearby  : \tat com.google.android.gms.nearby.sharing.provider.connections.NearbySharingProvider.A(:com.google.android.gms@234523034@23.45.23 (150700-587848529):12)'}
{'timestamp': 1702276322362, 'level': 'ALL', 'message': '12-11 08:26:39.575 32604 10471 W Nearby  : \tat com.google.android.gms.nearby.sharing.NearbySharingChimeraService.F(:com.google.android.gms@234523034@23.45.23 (150700-587848529):1062)'}
{'timestamp': 1702276322362, 'level': 'ALL', 'message': '12-11 08:26:39.575 32604 10471 W Nearby  : \tat brfa.run(:com.google.android.gms@234523034@23.45.23 (150700-587848529):6)'}
{'timestamp': 1702276322362, 'level': 'ALL', 'message': '12-11 08:26:39.575 32604 10471 W Nearby  : \tat bkmm.run(:com.google.android.gms@234523034@23.45.23 (150700-587848529):14)'}
{'timestamp': 1702276322362, 'level': 'ALL', 'message': '12-11 08:26:39.575 32604 10471 W Nearby  : \tat bkqo.run(:com.google.android.gms@234523034@23.45.23 (150700-587848529):15)'}
{'timestamp': 1702276322362, 'level': 'ALL', 'message': '12-11 08:26:39.575 32604 10471 W Nearby  : \tat java.util.concurrent.Executors$RunnableAdapter.call(Executors.java:462)'}
{'timestamp': 1702276322362, 'level': 'ALL', 'message': '12-11 08:26:39.575 32604 10471 W Nearby  : \tat java.util.concurrent.FutureTask.run(FutureTask.java:266)'}
{'timestamp': 1702276322362, 'level': 'ALL', 'message': '12-11 08:26:39.575 32604 10471 W Nearby  : \tat aiwb.c(:com.google.android.gms@234523034@23.45.23 (150700-587848529):50)'}
{'timestamp': 1702276322362, 'level': 'ALL', 'message': '12-11 08:26:39.575 32604 10471 W Nearby  : \tat aiwb.run(:com.google.android.gms@234523034@23.45.23 (150700-587848529):76)'}
{'timestamp': 1702276322362, 'level': 'ALL', 'message': '12-11 08:26:39.575 32604 10471 W Nearby  : \tat java.util.concurrent.ThreadPoolExecutor.runWorker(ThreadPoolExecutor.java:1167)'}
{'timestamp': 1702276322362, 'level': 'ALL', 'message': '12-11 08:26:39.575 32604 10471 W Nearby  : \t... 3 more'}
{'timestamp': 1702276322362, 'level': 'ALL', 'message': '12-11 08:26:39.577 32604  5319 I NearbySharing: (REDACTED) Failed to log %s, due to checkbox consent is not opt in.'}
{'timestamp': 1702276322362, 'level': 'ALL', 'message': '12-11 08:26:39.894 10247 10290 W DELETE  : 0 hubs will be deleted'}
{'timestamp': 1702276322362, 'level': 'ALL', 'message': '12-11 08:26:44.533 32604  5319 D BluetoothAdapter: isLeEnabled(): ON'}
{'timestamp': 1702276322362, 'level': 'ALL', 'message': '12-11 08:26:44.533 32604  5319 D BluetoothAdapter: isLeEnabled(): ON'}
{'timestamp': 1702276322362, 'level': 'ALL', 'message': '12-11 08:26:44.536 32106 32550 D BluetoothAdapterService: getAdapterService() - returning com.android.bluetooth.btservice.AdapterService@17fa1b5'}
{'timestamp': 1702276322362, 'level': 'ALL', 'message': '12-11 08:26:47.539 32604  5319 E NearbyMediums: MEDIUM_ERROR [SYSTEM][BLE][START_ADVERTISING][START_LEGACY_ADVERTISING_FAILED][TIMEOUT], service-id=NearbySharing'}
{'timestamp': 1702276322362, 'level': 'ALL', 'message': "12-11 08:26:50.807   469   469 E netmgr  : qemu_pipe_open_ns:62: Could not connect to the 'pipe:qemud:network' service: Invalid argument"}
{'timestamp': 1702276322362, 'level': 'ALL', 'message': "12-11 08:26:50.807   469   469 E netmgr  : Failed to open QEMU pipe 'qemud:network': Invalid argument"}
{'timestamp': 1702276322362, 'level': 'ALL', 'message': "12-11 08:26:52.537   477   477 E wifi_forwarder: qemu_pipe_open_ns:62: Could not connect to the 'pipe:qemud:wififorward' service: Invalid argument"}
{'timestamp': 1702276322362, 'level': 'ALL', 'message': '12-11 08:26:52.537   477   477 E wifi_forwarder: RemoteConnection failed to initialize: RemoteConnection failed to open pipe'}
{'timestamp': 1702276322362, 'level': 'ALL', 'message': '12-11 08:26:54.363 31652 31712 D EventSequenceValidator: Transition from INTENT_FAILED to INTENT_STARTED'}
{'timestamp': 1702276322362, 'level': 'ALL', 'message': '12-11 08:26:54.364 31652   995 I ActivityTaskManager: START u0 {flg=0x10000000 cmp=com.ajaxsystems/.account.presentation.root.AccountActivity} from uid 10158'}
{'timestamp': 1702276322362, 'level': 'ALL', 'message': '12-11 08:26:54.389 31652 31712 D EventSequenceValidator: Transition from INTENT_STARTED to INTENT_FAILED'}
{'timestamp': 1702276322362, 'level': 'ALL', 'message': '12-11 08:26:54.391   421   421 I perfetto: ing_service_impl.cc:758 Configured tracing session 492, #sources:1, duration:5000 ms, #buffers:1, total buffer size:4096 KB, total sessions:1, uid:1071 session name: ""'}
{'timestamp': 1702276322362, 'level': 'ALL', 'message': '12-11 08:26:54.393   410   410 I perfetto: probes_producer.cc:230  Ftrace setup (target_buf=492)'}
{'timestamp': 1702276322362, 'level': 'ALL', 'message': '12-11 08:26:54.448   410   410 I perfetto: ftrace_procfs.cc:176    enabled ftrace'}
{'timestamp': 1702276322362, 'level': 'ALL', 'message': '12-11 08:26:54.452 31652   995 W ActivityTaskManager: Tried to set launchTime (0) < mLastActivityLaunchTime (27782051)'}
{'timestamp': 1702276322362, 'level': 'ALL', 'message': '12-11 08:26:54.453 31652   995 W InputReader: Device virtio_input_multi_touch_10 is associated with display ADISPLAY_ID_NONE.'}
{'timestamp': 1702276322362, 'level': 'ALL', 'message': '12-11 08:26:54.453 31652   995 W InputReader: Device virtio_input_multi_touch_4 is associated with display ADISPLAY_ID_NONE.'}
{'timestamp': 1702276322362, 'level': 'ALL', 'message': '12-11 08:26:54.453 31652   995 W InputReader: Device virtio_input_multi_touch_11 is associated with display ADISPLAY_ID_NONE.'}
{'timestamp': 1702276322362, 'level': 'ALL', 'message': '12-11 08:26:54.453 31652   995 W InputReader: Device virtio_input_multi_touch_5 is associated with display ADISPLAY_ID_NONE.'}
{'timestamp': 1702276322362, 'level': 'ALL', 'message': '12-11 08:26:54.453 31652   995 W InputReader: Device virtio_input_multi_touch_2 is associated with display ADISPLAY_ID_NONE.'}
{'timestamp': 1702276322362, 'level': 'ALL', 'message': '12-11 08:26:54.453 31652   995 W InputReader: Device virtio_input_multi_touch_9 is associated with display ADISPLAY_ID_NONE.'}
{'timestamp': 1702276322362, 'level': 'ALL', 'message': '12-11 08:26:54.453 31652   995 W InputReader: Device virtio_input_multi_touch_6 is associated with display ADISPLAY_ID_NONE.'}
{'timestamp': 1702276322362, 'level': 'ALL', 'message': '12-11 08:26:54.453 31652   995 W InputReader: Device virtio_input_multi_touch_7 is associated with display ADISPLAY_ID_NONE.'}
{'timestamp': 1702276322362, 'level': 'ALL', 'message': '12-11 08:26:54.453 31652   995 W InputReader: Device virtio_input_multi_touch_3 is associated with display ADISPLAY_ID_NONE.'}
{'timestamp': 1702276322362, 'level': 'ALL', 'message': '12-11 08:26:54.453 31652   995 W InputReader: Device virtio_input_multi_touch_8 is associated with display ADISPLAY_ID_NONE.'}
{'timestamp': 1702276322362, 'level': 'ALL', 'message': '12-11 08:26:54.461 31652   995 W InputReader: Device virtio_input_multi_touch_10 is associated with display ADISPLAY_ID_NONE.'}
{'timestamp': 1702276322362, 'level': 'ALL', 'message': '12-11 08:26:54.461 31652   995 W InputReader: Device virtio_input_multi_touch_4 is associated with display ADISPLAY_ID_NONE.'}
{'timestamp': 1702276322362, 'level': 'ALL', 'message': '12-11 08:26:54.461 31652   995 W InputReader: Device virtio_input_multi_touch_11 is associated with display ADISPLAY_ID_NONE.'}
{'timestamp': 1702276322362, 'level': 'ALL', 'message': '12-11 08:26:54.461 31652   995 W InputReader: Device virtio_input_multi_touch_5 is associated with display ADISPLAY_ID_NONE.'}
{'timestamp': 1702276322362, 'level': 'ALL', 'message': '12-11 08:26:54.461 31652   995 W InputReader: Device virtio_input_multi_touch_2 is associated with display ADISPLAY_ID_NONE.'}
{'timestamp': 1702276322362, 'level': 'ALL', 'message': '12-11 08:26:54.461 31652   995 W InputReader: Device virtio_input_multi_touch_9 is associated with display ADISPLAY_ID_NONE.'}
{'timestamp': 1702276322362, 'level': 'ALL', 'message': '12-11 08:26:54.461 31652   995 W InputReader: Device virtio_input_multi_touch_6 is associated with display ADISPLAY_ID_NONE.'}
{'timestamp': 1702276322362, 'level': 'ALL', 'message': '12-11 08:26:54.461 31652   995 W InputReader: Device virtio_input_multi_touch_7 is associated with display ADISPLAY_ID_NONE.'}
{'timestamp': 1702276322362, 'level': 'ALL', 'message': '12-11 08:26:54.461 31652   995 W InputReader: Device virtio_input_multi_touch_3 is associated with display ADISPLAY_ID_NONE.'}
{'timestamp': 1702276322362, 'level': 'ALL', 'message': '12-11 08:26:54.461 31652   995 W InputReader: Device virtio_input_multi_touch_8 is associated with display ADISPLAY_ID_NONE.'}
{'timestamp': 1702276322362, 'level': 'ALL', 'message': '12-11 08:26:54.521   396   396 D BoundBrokerSvc: onBind: Intent { act=com.google.android.gms.measurement.START pkg=com.google.android.gms }'}
{'timestamp': 1702276322362, 'level': 'ALL', 'message': '12-11 08:26:54.521   396   396 D BoundBrokerSvc: Loading bound service for intent: Intent { act=com.google.android.gms.measurement.START pkg=com.google.android.gms }'}
{'timestamp': 1702276322362, 'level': 'ALL', 'message': '12-11 08:26:54.681 10247 10247 E LOCK_APP: Cannot find lock for account 663548140'}
{'timestamp': 1702276322363, 'level': 'ALL', 'message': '12-11 08:26:54.721   320   320 D goldfish-address-space: claimShared: Ask to claim region [0x3f0fc2000 0x3f19a6000]'}
{'timestamp': 1702276322363, 'level': 'ALL', 'message': '12-11 08:26:54.746   320   354 D goldfish-address-space: claimShared: Ask to claim region [0x3f19a6000 0x3f238a000]'}
{'timestamp': 1702276322363, 'level': 'ALL', 'message': '12-11 08:26:54.787   320   320 D goldfish-address-space: claimShared: Ask to claim region [0x3f238a000 0x3f2d6e000]'}
{'timestamp': 1702276322363, 'level': 'ALL', 'message': '12-11 08:26:54.807 31652 31742 I ActivityTaskManager: Displayed com.ajaxsystems/.account.presentation.root.AccountActivity: +438ms'}
{'timestamp': 1702276322363, 'level': 'ALL', 'message': '12-11 08:26:54.900 10247 10247 W Glide   : Failed to find GeneratedAppGlideModule. You should include an annotationProcessor compile dependency on com.github.bumptech.glide:compiler in your application and a @GlideModule annotated AppGlideModule implementation or LibraryGlideModules will be silently ignored'}
{'timestamp': 1702276322363, 'level': 'ALL', 'message': '12-11 08:26:54.919 31652  1218 D ConnectivityService: requestNetwork for uid/pid:10158/10247 NetworkRequest [ TRACK_DEFAULT id=99, [ Capabilities: INTERNET&NOT_RESTRICTED&TRUSTED Uid: 10158 AdministratorUids: [] RequestorUid: 10158 RequestorPackageName: com.ajaxsystems] ]'}
{'timestamp': 1702276322363, 'level': 'ALL', 'message': '12-11 08:26:54.920 31652 31995 D ConnectivityService: NetReassign [99 : null → 100]'}
{'timestamp': 1702276322363, 'level': 'ALL', 'message': '12-11 08:26:54.922 32351 32351 D PhoneSwitcherNetworkRequstListener: got request NetworkRequest [ TRACK_DEFAULT id=99, [ Capabilities: INTERNET&NOT_RESTRICTED&TRUSTED Uid: 10158 AdministratorUids: [] RequestorUid: 10158 RequestorPackageName: com.ajaxsystems] ] with score 50 and providerId 2'}
{'timestamp': 1702276322363, 'level': 'ALL', 'message': '12-11 08:26:54.930 32351 32351 D Telephony: isEmergencyPreferredAccount: subId=1, activeData=1'}
{'timestamp': 1702276322363, 'level': 'ALL', 'message': '12-11 08:26:54.930 32351 32351 D Telephony: isEmergencyPreferredAccount: Device does not require preference.'}
{'timestamp': 1702276322363, 'level': 'ALL', 'message': '12-11 08:26:55.044 32604 32647 D BluetoothAdapter: isLeEnabled(): ON'}
{'timestamp': 1702276322363, 'level': 'ALL', 'message': '12-11 08:26:55.044 32604 32647 D BluetoothAdapter: isLeEnabled(): ON'}
{'timestamp': 1702276322363, 'level': 'ALL', 'message': '12-11 08:26:55.051 32106 32550 D BluetoothAdapterService: getAdapterService() - returning com.android.bluetooth.btservice.AdapterService@17fa1b5'}
{'timestamp': 1702276322363, 'level': 'ALL', 'message': '12-11 08:26:55.157 10247 10247 W Glide   : Load failed for [] with dimensions [357x357]'}
{'timestamp': 1702276322363, 'level': 'ALL', 'message': '12-11 08:26:55.157 10247 10247 W Glide   : class com.bumptech.glide.load.engine.GlideException: Failed to load resource'}
{'timestamp': 1702276322363, 'level': 'ALL', 'message': '12-11 08:26:55.157 10247 10247 W Glide   :   Cause (1 of 1): class com.bumptech.glide.load.engine.GlideException: Failed LoadPath{StringUri->Bitmap->Bitmap}, LOCAL'}
{'timestamp': 1702276322363, 'level': 'ALL', 'message': '12-11 08:26:55.157 10247 10247 W Glide   :     Cause (1 of 1): class com.bumptech.glide.load.engine.GlideException: Failed DecodePath{StringUri->Bitmap->Bitmap}'}
{'timestamp': 1702276322363, 'level': 'ALL', 'message': '12-11 08:26:57.282 10247 10247 D k2s     : Finding badger'}
{'timestamp': 1702276322363, 'level': 'ALL', 'message': '12-11 08:26:57.286 10247 10247 D k2s     : Current badger:oqa'}
{'timestamp': 1702276322363, 'level': 'ALL', 'message': '12-11 08:26:57.318 31652  2862 D HostConnection: HostConnection::get() New Host Connection established 0xed897ee0, tid 2862'}
{'timestamp': 1702276322363, 'level': 'ALL', 'message': '12-11 08:26:57.327 31652  2862 D HostConnection: HostComposition ext ANDROID_EMU_CHECKSUM_HELPER_v1 ANDROID_EMU_native_sync_v2 ANDROID_EMU_native_sync_v3 ANDROID_EMU_native_sync_v4 ANDROID_EMU_dma_v1 ANDROID_EMU_direct_mem ANDROID_EMU_vulkan ANDROID_EMU_deferred_vulkan_commands ANDROID_EMU_vulkan_null_optional_strings ANDROID_EMU_vulkan_create_resources_with_requirements ANDROID_EMU_YUV_Cache ANDROID_EMU_vulkan_ignored_handles ANDROID_EMU_has_shared_slots_host_memory_allocator ANDROID_EMU_vulkan_free_memory_sync ANDROID_EMU_vulkan_shader_float16_int8 ANDROID_EMU_vulkan_async_queue_submit ANDROID_EMU_sync_buffer_data ANDROID_EMU_vulkan_async_qsri ANDROID_EMU_read_color_buffer_dma GL_OES_vertex_array_object GL_KHR_texture_compression_astc_ldr ANDROID_EMU_host_side_tracing ANDROID_EMU_gles_max_version_2'}
{'timestamp': 1702276322363, 'level': 'ALL', 'message': '12-11 08:26:57.331 31652  2862 W OpenGLRenderer: Failed to choose config with EGL_SWAP_BEHAVIOR_PRESERVED, retrying without...'}
{'timestamp': 1702276322363, 'level': 'ALL', 'message': '12-11 08:26:57.359 31652  2862 D EGL_emulation: eglCreateContext: 0xb2660a70: maj 2 min 0 rcv 2'}
{'timestamp': 1702276322363, 'level': 'ALL', 'message': '12-11 08:26:57.369 31652  2862 D EGL_emulation: eglMakeCurrent: 0xb2660a70: ver 2 0 (tinfo 0xaf947b50) (first time)'}
{'timestamp': 1702276322363, 'level': 'ALL', 'message': '12-11 08:26:57.378   320   320 D goldfish-address-space: claimShared: Ask to claim region [0x3f4b2f000 0x3f5183000]'}
{'timestamp': 1702276322363, 'level': 'ALL', 'message': '12-11 08:26:57.396 31652  2862 E FrameEvents: updateAcquireFence: Did not find frame.'}
{'timestamp': 1702276322363, 'level': 'ALL', 'message': '12-11 08:26:57.397   320   320 D goldfish-address-space: claimShared: Ask to claim region [0x3f5183000 0x3f57d7000]'}
{'timestamp': 1702276322363, 'level': 'ALL', 'message': '12-11 08:26:57.412 31652 32570 I ActivityTaskManager: START u0 {flg=0x10008000 cmp=com.ajaxsystems/.bootstrap.presentation.splash.SplashActivity} from uid 10158'}
{'timestamp': 1702276322363, 'level': 'ALL', 'message': '12-11 08:26:57.462 31652 31712 D EventSequenceValidator: Transition from INTENT_FAILED to INTENT_STARTED'}
{'timestamp': 1702276322363, 'level': 'ALL', 'message': '12-11 08:26:57.468   421   421 I perfetto: ing_service_impl.cc:758 Configured tracing session 493, #sources:1, duration:5000 ms, #buffers:1, total buffer size:4096 KB, total sessions:2, uid:1071 session name: ""'}
{'timestamp': 1702276322363, 'level': 'ALL', 'message': '12-11 08:26:57.470   410   410 I perfetto: probes_producer.cc:230  Ftrace setup (target_buf=493)'}
{'timestamp': 1702276322363, 'level': 'ALL', 'message': '12-11 08:26:57.481 31652 31712 D EventSequenceValidator: Transition from INTENT_STARTED to INTENT_FAILED'}
{'timestamp': 1702276322363, 'level': 'ALL', 'message': '12-11 08:26:57.510 31652  1218 D ConnectivityService: requestNetwork for uid/pid:10158/10247 NetworkRequest [ TRACK_DEFAULT id=100, [ Capabilities: INTERNET&NOT_RESTRICTED&TRUSTED Uid: 10158 AdministratorUids: [] RequestorUid: 10158 RequestorPackageName: com.ajaxsystems] ]'}
{'timestamp': 1702276322363, 'level': 'ALL', 'message': '12-11 08:26:57.511 31652 31995 D ConnectivityService: NetReassign [100 : null → 100]'}
{'timestamp': 1702276322363, 'level': 'ALL', 'message': '12-11 08:26:57.523 32351 32351 D PhoneSwitcherNetworkRequstListener: got request NetworkRequest [ TRACK_DEFAULT id=100, [ Capabilities: INTERNET&NOT_RESTRICTED&TRUSTED Uid: 10158 AdministratorUids: [] RequestorUid: 10158 RequestorPackageName: com.ajaxsystems] ] with score 50 and providerId 2'}
{'timestamp': 1702276322363, 'level': 'ALL', 'message': '12-11 08:26:57.530   320   320 D goldfish-address-space: claimShared: Ask to claim region [0x3f5183000 0x3f5b67000]'}
{'timestamp': 1702276322363, 'level': 'ALL', 'message': '12-11 08:26:57.539   685   685 D NLService: Successfully marked the removed notification identified by 1'}
{'timestamp': 1702276322363, 'level': 'ALL', 'message': '12-11 08:26:57.547 32351 32351 D Telephony: isEmergencyPreferredAccount: subId=1, activeData=1'}
{'timestamp': 1702276322363, 'level': 'ALL', 'message': '12-11 08:26:57.547 32351 32351 D Telephony: isEmergencyPreferredAccount: Device does not require preference.'}
{'timestamp': 1702276322363, 'level': 'ALL', 'message': '12-11 08:26:57.591 31652   995 W ActivityTaskManager: Tried to set launchTime (0) < mLastActivityLaunchTime (27881737)'}
{'timestamp': 1702276322363, 'level': 'ALL', 'message': '12-11 08:26:57.592 31652   995 W InputReader: Device virtio_input_multi_touch_10 is associated with display ADISPLAY_ID_NONE.'}
{'timestamp': 1702276322363, 'level': 'ALL', 'message': '12-11 08:26:57.592 31652   995 W InputReader: Device virtio_input_multi_touch_4 is associated with display ADISPLAY_ID_NONE.'}
{'timestamp': 1702276322363, 'level': 'ALL', 'message': '12-11 08:26:57.592 31652   995 W InputReader: Device virtio_input_multi_touch_11 is associated with display ADISPLAY_ID_NONE.'}
{'timestamp': 1702276322363, 'level': 'ALL', 'message': '12-11 08:26:57.592 31652   995 W InputReader: Device virtio_input_multi_touch_5 is associated with display ADISPLAY_ID_NONE.'}
{'timestamp': 1702276322363, 'level': 'ALL', 'message': '12-11 08:26:57.592 31652   995 W InputReader: Device virtio_input_multi_touch_2 is associated with display ADISPLAY_ID_NONE.'}
{'timestamp': 1702276322363, 'level': 'ALL', 'message': '12-11 08:26:57.592 31652   995 W InputReader: Device virtio_input_multi_touch_9 is associated with display ADISPLAY_ID_NONE.'}
{'timestamp': 1702276322363, 'level': 'ALL', 'message': '12-11 08:26:57.592 31652   995 W InputReader: Device virtio_input_multi_touch_6 is associated with display ADISPLAY_ID_NONE.'}
{'timestamp': 1702276322363, 'level': 'ALL', 'message': '12-11 08:26:57.592 31652   995 W InputReader: Device virtio_input_multi_touch_7 is associated with display ADISPLAY_ID_NONE.'}
{'timestamp': 1702276322363, 'level': 'ALL', 'message': '12-11 08:26:57.592 31652   995 W InputReader: Device virtio_input_multi_touch_3 is associated with display ADISPLAY_ID_NONE.'}
{'timestamp': 1702276322363, 'level': 'ALL', 'message': '12-11 08:26:57.593 31652   995 W InputReader: Device virtio_input_multi_touch_8 is associated with display ADISPLAY_ID_NONE.'}
{'timestamp': 1702276322363, 'level': 'ALL', 'message': '12-11 08:26:57.593 31652   995 W InputReader: Device virtio_input_multi_touch_10 is associated with display ADISPLAY_ID_NONE.'}
{'timestamp': 1702276322363, 'level': 'ALL', 'message': '12-11 08:26:57.593 31652   995 W InputReader: Device virtio_input_multi_touch_4 is associated with display ADISPLAY_ID_NONE.'}
{'timestamp': 1702276322363, 'level': 'ALL', 'message': '12-11 08:26:57.593 31652   995 W InputReader: Device virtio_input_multi_touch_11 is associated with display ADISPLAY_ID_NONE.'}
{'timestamp': 1702276322363, 'level': 'ALL', 'message': '12-11 08:26:57.593 31652   995 W InputReader: Device virtio_input_multi_touch_5 is associated with display ADISPLAY_ID_NONE.'}
{'timestamp': 1702276322363, 'level': 'ALL', 'message': '12-11 08:26:57.593 31652   995 W InputReader: Device virtio_input_multi_touch_2 is associated with display ADISPLAY_ID_NONE.'}
{'timestamp': 1702276322363, 'level': 'ALL', 'message': '12-11 08:26:57.593 31652   995 W InputReader: Device virtio_input_multi_touch_9 is associated with display ADISPLAY_ID_NONE.'}
{'timestamp': 1702276322363, 'level': 'ALL', 'message': '12-11 08:26:57.593 31652   995 W InputReader: Device virtio_input_multi_touch_6 is associated with display ADISPLAY_ID_NONE.'}
{'timestamp': 1702276322363, 'level': 'ALL', 'message': '12-11 08:26:57.593 31652   995 W InputReader: Device virtio_input_multi_touch_7 is associated with display ADISPLAY_ID_NONE.'}
{'timestamp': 1702276322363, 'level': 'ALL', 'message': '12-11 08:26:57.593 31652   995 W InputReader: Device virtio_input_multi_touch_3 is associated with display ADISPLAY_ID_NONE.'}
{'timestamp': 1702276322363, 'level': 'ALL', 'message': '12-11 08:26:57.593 31652   995 W InputReader: Device virtio_input_multi_touch_8 is associated with display ADISPLAY_ID_NONE.'}
{'timestamp': 1702276322363, 'level': 'ALL', 'message': '12-11 08:26:57.622 10247 10247 W BaseDashboardActivity: UnBind from HubContextService'}
{'timestamp': 1702276322363, 'level': 'ALL', 'message': '12-11 08:26:57.843 32604 10492 E GmsConnectionFactory: UID for network attribution might be misset for tag 536871943 [CONTEXT service_id=39 ]'}
{'timestamp': 1702276322363, 'level': 'ALL', 'message': '12-11 08:26:57.843 32604 10492 E GmsConnectionFactory: diig: FULL'}
{'timestamp': 1702276322363, 'level': 'ALL', 'message': '12-11 08:26:57.843 32604 10492 E GmsConnectionFactory: \tat a.P(:com.google.android.gms@234523034@23.45.23 (150700-587848529):9)'}
{'timestamp': 1702276322363, 'level': 'ALL', 'message': '12-11 08:26:57.843 32604 10492 E GmsConnectionFactory: \tat avfc.a(:com.google.android.gms@234523034@23.45.23 (150700-587848529):148)'}
{'timestamp': 1702276322363, 'level': 'ALL', 'message': '12-11 08:26:57.843 32604 10492 E GmsConnectionFactory: \tat ayfv.c(:com.google.android.gms@234523034@23.45.23 (150700-587848529):119)'}
{'timestamp': 1702276322363, 'level': 'ALL', 'message': '12-11 08:26:57.843 32604 10492 E GmsConnectionFactory: \tat ayfm.d(:com.google.android.gms@234523034@23.45.23 (150700-587848529):11)'}
{'timestamp': 1702276322363, 'level': 'ALL', 'message': '12-11 08:26:57.843 32604 10492 E GmsConnectionFactory: \tat ayfr.a(:com.google.android.gms@234523034@23.45.23 (150700-587848529):4)'}
{'timestamp': 1702276322363, 'level': 'ALL', 'message': '12-11 08:26:57.843 32604 10492 E GmsConnectionFactory: \tat ayfm.b(:com.google.android.gms@234523034@23.45.23 (150700-587848529):86)'}
{'timestamp': 1702276322363, 'level': 'ALL', 'message': '12-11 08:26:57.843 32604 10492 E GmsConnectionFactory: \tat ayfm.execute(:com.google.android.gms@234523034@23.45.23 (150700-587848529):8)'}
{'timestamp': 1702276322363, 'level': 'ALL', 'message': '12-11 08:26:57.843 32604 10492 E GmsConnectionFactory: \tat ayfm.execute(:com.google.android.gms@234523034@23.45.23 (150700-587848529):5)'}
{'timestamp': 1702276322363, 'level': 'ALL', 'message': '12-11 08:26:57.843 32604 10492 E GmsConnectionFactory: \tat awky.h(:com.google.android.gms@234523034@23.45.23 (150700-587848529):516)'}
{'timestamp': 1702276322363, 'level': 'ALL', 'message': '12-11 08:26:57.843 32604 10492 E GmsConnectionFactory: \tat awks.run(:com.google.android.gms@234523034@23.45.23 (150700-587848529):13)'}
{'timestamp': 1702276322363, 'level': 'ALL', 'message': '12-11 08:26:57.843 32604 10492 E GmsConnectionFactory: \tat aiwb.c(:com.google.android.gms@234523034@23.45.23 (150700-587848529):50)'}
{'timestamp': 1702276322363, 'level': 'ALL', 'message': '12-11 08:26:57.843 32604 10492 E GmsConnectionFactory: \tat aiwb.run(:com.google.android.gms@234523034@23.45.23 (150700-587848529):76)'}
{'timestamp': 1702276322363, 'level': 'ALL', 'message': '12-11 08:26:57.843 32604 10492 E GmsConnectionFactory: \tat java.util.concurrent.ThreadPoolExecutor.runWorker(ThreadPoolExecutor.java:1167)'}
{'timestamp': 1702276322363, 'level': 'ALL', 'message': '12-11 08:26:57.843 32604 10492 E GmsConnectionFactory: \tat java.util.concurrent.ThreadPoolExecutor$Worker.run(ThreadPoolExecutor.java:641)'}
{'timestamp': 1702276322363, 'level': 'ALL', 'message': '12-11 08:26:57.843 32604 10492 E GmsConnectionFactory: \tat ajbh.run(:com.google.android.gms@234523034@23.45.23 (150700-587848529):8)'}
{'timestamp': 1702276322363, 'level': 'ALL', 'message': '12-11 08:26:57.843 32604 10492 E GmsConnectionFactory: \tat java.lang.Thread.run(Thread.java:923)'}
{'timestamp': 1702276322363, 'level': 'ALL', 'message': '12-11 08:26:57.884   320   320 D goldfish-address-space: claimShared: Ask to claim region [0x3f5b67000 0x3f654b000]'}
{'timestamp': 1702276322363, 'level': 'ALL', 'message': '12-11 08:26:57.895   320   320 D goldfish-address-space: claimShared: Ask to claim region [0x3f654b000 0x3f6f2f000]'}
{'timestamp': 1702276322363, 'level': 'ALL', 'message': '12-11 08:26:57.900   320   320 D goldfish-address-space: claimShared: Ask to claim region [0x3f8000000 0x3f89e4000]'}
{'timestamp': 1702276322363, 'level': 'ALL', 'message': '12-11 08:26:57.927 31652 31742 I ActivityTaskManager: Displayed com.ajaxsystems/.bootstrap.presentation.splash.SplashActivity: +516ms'}
{'timestamp': 1702276322363, 'level': 'ALL', 'message': '12-11 08:26:57.982 10247 10318 I WM-WorkerWrapper: Worker result SUCCESS for Work [ id=eed457a5-2fc7-4ea8-b792-d41ae95a0e60, tags={ com.ajaxsystems.geofence.GeofenceUnregisterWorker } ]'}
{'timestamp': 1702276322363, 'level': 'ALL', 'message': '12-11 08:26:58.057 32604 32647 E NearbyMediums: MEDIUM_ERROR [SYSTEM][BLE][START_ADVERTISING][START_LEGACY_ADVERTISING_FAILED][TIMEOUT], service-id=NearbySharing'}
{'timestamp': 1702276322363, 'level': 'ALL', 'message': '12-11 08:26:58.092 10247 10259 I com.ajaxsystem: Background young concurrent copying GC freed 147549(7147KB) AllocSpace objects, 66(2776KB) LOS objects, 39% free, 15MB/25MB, paused 3.205ms total 152.244ms'}
{'timestamp': 1702276322363, 'level': 'ALL', 'message': '12-11 08:26:58.144 31652 31995 D ConnectivityService: releasing NetworkRequest [ TRACK_DEFAULT id=100, [ Capabilities: INTERNET&NOT_RESTRICTED&TRUSTED Uid: 10158 AdministratorUids: [] RequestorUid: 10158 RequestorPackageName: com.ajaxsystems] ] (release request)'}
{'timestamp': 1702276322363, 'level': 'ALL', 'message': '12-11 08:26:58.228 32351 32351 D Telephony: isEmergencyPreferredAccount: subId=1, activeData=1'}
{'timestamp': 1702276322363, 'level': 'ALL', 'message': '12-11 08:26:58.228 32351 32351 D Telephony: isEmergencyPreferredAccount: Device does not require preference.'}
{'timestamp': 1702276322363, 'level': 'ALL', 'message': '12-11 08:26:58.239 31652 31995 D ConnectivityService: releasing NetworkRequest [ TRACK_DEFAULT id=99, [ Capabilities: INTERNET&NOT_RESTRICTED&TRUSTED Uid: 10158 AdministratorUids: [] RequestorUid: 10158 RequestorPackageName: com.ajaxsystems] ] (release request)'}
{'timestamp': 1702276322363, 'level': 'ALL', 'message': '12-11 08:26:58.249 32351 32351 D Telephony: isEmergencyPreferredAccount: subId=1, activeData=1'}
{'timestamp': 1702276322363, 'level': 'ALL', 'message': '12-11 08:26:58.249 32351 32351 D Telephony: isEmergencyPreferredAccount: Device does not require preference.'}
{'timestamp': 1702276322363, 'level': 'ALL', 'message': '12-11 08:26:59.396   410   410 I perfetto: probes_producer.cc:329  Producer stop (id=492)'}
{'timestamp': 1702276322363, 'level': 'ALL', 'message': '12-11 08:26:59.399   421   421 I perfetto: ng_service_impl.cc:1948 Tracing session 492 ended, total sessions:1'}
{'timestamp': 1702276322363, 'level': 'ALL', 'message': '12-11 08:27:00.121 32722 32763 I PeriodicStatsRunner: PeriodicStatsRunner.call():180 call()'}
{'timestamp': 1702276322363, 'level': 'ALL', 'message': '12-11 08:27:00.121 32722 32763 I PeriodicStatsRunner: PeriodicStatsRunner.call():184 No submit PeriodicStats since input started.'}
{'timestamp': 1702276322363, 'level': 'ALL', 'message': '12-11 08:27:00.461 31652 31663 W System  : A resource failed to call release.'}
{'timestamp': 1702276322363, 'level': 'ALL', 'message': '12-11 08:27:00.462 31652 31663 W System  : A resource failed to call dispose.'}
{'timestamp': 1702276322363, 'level': 'ALL', 'message': '12-11 08:27:00.466 31652 31663 W System  : A resource failed to call close.'}
{'timestamp': 1702276322363, 'level': 'ALL', 'message': '12-11 08:27:00.513 31652 31709 I ActivityTaskManager: START u0 {act=android.intent.action.MAIN cat=[android.intent.category.HOME] flg=0x10000100 cmp=com.google.android.apps.nexuslauncher/.NexusLauncherActivity (has extras)} from uid 0'}
{'timestamp': 1702276322363, 'level': 'ALL', 'message': '12-11 08:27:00.513 31652 31712 D EventSequenceValidator: Transition from INTENT_FAILED to INTENT_STARTED'}
{'timestamp': 1702276322363, 'level': 'ALL', 'message': '12-11 08:27:00.521   421   421 I perfetto: ing_service_impl.cc:758 Configured tracing session 494, #sources:1, duration:5000 ms, #buffers:1, total buffer size:4096 KB, total sessions:2, uid:1071 session name: ""'}
{'timestamp': 1702276322363, 'level': 'ALL', 'message': '12-11 08:27:00.522   410   410 I perfetto: probes_producer.cc:230  Ftrace setup (target_buf=494)'}
{'timestamp': 1702276322363, 'level': 'ALL', 'message': '12-11 08:27:00.523 31652 31709 W InputReader: Device virtio_input_multi_touch_10 is associated with display ADISPLAY_ID_NONE.'}
{'timestamp': 1702276322363, 'level': 'ALL', 'message': '12-11 08:27:00.523 31652 31709 W InputReader: Device virtio_input_multi_touch_4 is associated with display ADISPLAY_ID_NONE.'}
{'timestamp': 1702276322363, 'level': 'ALL', 'message': '12-11 08:27:00.524 31652 31709 W InputReader: Device virtio_input_multi_touch_11 is associated with display ADISPLAY_ID_NONE.'}
{'timestamp': 1702276322363, 'level': 'ALL', 'message': '12-11 08:27:00.524 31652 31709 W InputReader: Device virtio_input_multi_touch_5 is associated with display ADISPLAY_ID_NONE.'}
{'timestamp': 1702276322363, 'level': 'ALL', 'message': '12-11 08:27:00.524 31652 31709 W InputReader: Device virtio_input_multi_touch_2 is associated with display ADISPLAY_ID_NONE.'}
{'timestamp': 1702276322363, 'level': 'ALL', 'message': '12-11 08:27:00.524 31652 31709 W InputReader: Device virtio_input_multi_touch_9 is associated with display ADISPLAY_ID_NONE.'}
{'timestamp': 1702276322363, 'level': 'ALL', 'message': '12-11 08:27:00.524 31652 31709 W InputReader: Device virtio_input_multi_touch_6 is associated with display ADISPLAY_ID_NONE.'}
{'timestamp': 1702276322363, 'level': 'ALL', 'message': '12-11 08:27:00.525 31652 31709 W InputReader: Device virtio_input_multi_touch_7 is associated with display ADISPLAY_ID_NONE.'}
{'timestamp': 1702276322363, 'level': 'ALL', 'message': '12-11 08:27:00.525 31652 31709 W InputReader: Device virtio_input_multi_touch_3 is associated with display ADISPLAY_ID_NONE.'}
{'timestamp': 1702276322363, 'level': 'ALL', 'message': '12-11 08:27:00.525 31652 31709 W InputReader: Device virtio_input_multi_touch_8 is associated with display ADISPLAY_ID_NONE.'}
{'timestamp': 1702276322363, 'level': 'ALL', 'message': '12-11 08:27:00.525 31652 31709 W InputReader: Device virtio_input_multi_touch_10 is associated with display ADISPLAY_ID_NONE.'}
{'timestamp': 1702276322363, 'level': 'ALL', 'message': '12-11 08:27:00.525 31652 31709 W InputReader: Device virtio_input_multi_touch_4 is associated with display ADISPLAY_ID_NONE.'}
{'timestamp': 1702276322363, 'level': 'ALL', 'message': '12-11 08:27:00.525 31652 31709 W InputReader: Device virtio_input_multi_touch_11 is associated with display ADISPLAY_ID_NONE.'}
{'timestamp': 1702276322363, 'level': 'ALL', 'message': '12-11 08:27:00.525 31652 31709 W InputReader: Device virtio_input_multi_touch_5 is associated with display ADISPLAY_ID_NONE.'}
{'timestamp': 1702276322363, 'level': 'ALL', 'message': '12-11 08:27:00.525 31652 31709 W InputReader: Device virtio_input_multi_touch_2 is associated with display ADISPLAY_ID_NONE.'}
{'timestamp': 1702276322363, 'level': 'ALL', 'message': '12-11 08:27:00.525 31652 31709 W InputReader: Device virtio_input_multi_touch_9 is associated with display ADISPLAY_ID_NONE.'}
{'timestamp': 1702276322363, 'level': 'ALL', 'message': '12-11 08:27:00.525 31652 31709 W InputReader: Device virtio_input_multi_touch_6 is associated with display ADISPLAY_ID_NONE.'}
{'timestamp': 1702276322363, 'level': 'ALL', 'message': '12-11 08:27:00.525 31652 31709 W InputReader: Device virtio_input_multi_touch_7 is associated with display ADISPLAY_ID_NONE.'}
{'timestamp': 1702276322363, 'level': 'ALL', 'message': '12-11 08:27:00.525 31652 31709 W InputReader: Device virtio_input_multi_touch_3 is associated with display ADISPLAY_ID_NONE.'}
{'timestamp': 1702276322363, 'level': 'ALL', 'message': '12-11 08:27:00.525 31652 31709 W InputReader: Device virtio_input_multi_touch_8 is associated with display ADISPLAY_ID_NONE.'}
{'timestamp': 1702276322363, 'level': 'ALL', 'message': '12-11 08:27:00.562   320   320 D goldfish-address-space: claimShared: Ask to claim region [0x3f0fc2000 0x3f19a6000]'}
{'timestamp': 1702276322363, 'level': 'ALL', 'message': '12-11 08:27:00.583 31652 31712 D EventSequenceValidator: Transition from INTENT_STARTED to ACTIVITY_LAUNCHED'}
{'timestamp': 1702276322363, 'level': 'ALL', 'message': '12-11 08:27:00.604   320   320 D goldfish-address-space: claimShared: Ask to claim region [0x3f19a6000 0x3f238a000]'}
{'timestamp': 1702276322363, 'level': 'ALL', 'message': '12-11 08:27:00.606   320   320 D goldfish-address-space: claimShared: Ask to claim region [0x3f238a000 0x3f2d6e000]'}
{'timestamp': 1702276322363, 'level': 'ALL', 'message': '12-11 08:27:00.675   320   320 D goldfish-address-space: claimShared: Ask to claim region [0x3f5183000 0x3f5b67000]'}
{'timestamp': 1702276322363, 'level': 'ALL', 'message': '12-11 08:27:00.679   653   653 I dnpg    : onStart'}
{'timestamp': 1702276322363, 'level': 'ALL', 'message': '12-11 08:27:00.683   653   653 I dnpg    : onResume'}
{'timestamp': 1702276322363, 'level': 'ALL', 'message': '12-11 08:27:00.714   320   320 D goldfish-address-space: claimShared: Ask to claim region [0x3f89e4000 0x3f93c8000]'}
{'timestamp': 1702276322363, 'level': 'ALL', 'message': '12-11 08:27:00.718   320   320 D goldfish-address-space: claimShared: Ask to claim region [0x3f93c8000 0x3f9dac000]'}
{'timestamp': 1702276322363, 'level': 'ALL', 'message': '12-11 08:27:00.762 31652  1218 W ActivityManager: Unable to start service Intent { act=android.service.appprediction.AppPredictionService cmp=com.google.android.as/com.google.android.apps.miphone.aiai.app.AiAiPredictionService } U=0: not found'}
{'timestamp': 1702276322363, 'level': 'ALL', 'message': '12-11 08:27:00.762 31652  1218 W RemoteAppPredictionService: could not bind to Intent { act=android.service.appprediction.AppPredictionService cmp=com.google.android.as/com.google.android.apps.miphone.aiai.app.AiAiPredictionService } using flags 67108865'}
{'timestamp': 1702276322363, 'level': 'ALL', 'message': '12-11 08:27:00.775 31652  2862 D HostConnection: HostConnection::get() New Host Connection established 0xb2653a30, tid 2862'}
{'timestamp': 1702276322363, 'level': 'ALL', 'message': '12-11 08:27:00.783 31652  2862 D HostConnection: HostComposition ext ANDROID_EMU_CHECKSUM_HELPER_v1 ANDROID_EMU_native_sync_v2 ANDROID_EMU_native_sync_v3 ANDROID_EMU_native_sync_v4 ANDROID_EMU_dma_v1 ANDROID_EMU_direct_mem ANDROID_EMU_vulkan ANDROID_EMU_deferred_vulkan_commands ANDROID_EMU_vulkan_null_optional_strings ANDROID_EMU_vulkan_create_resources_with_requirements ANDROID_EMU_YUV_Cache ANDROID_EMU_vulkan_ignored_handles ANDROID_EMU_has_shared_slots_host_memory_allocator ANDROID_EMU_vulkan_free_memory_sync ANDROID_EMU_vulkan_shader_float16_int8 ANDROID_EMU_vulkan_async_queue_submit ANDROID_EMU_sync_buffer_data ANDROID_EMU_vulkan_async_qsri ANDROID_EMU_read_color_buffer_dma GL_OES_vertex_array_object GL_KHR_texture_compression_astc_ldr ANDROID_EMU_host_side_tracing ANDROID_EMU_gles_max_version_2'}
{'timestamp': 1702276322363, 'level': 'ALL', 'message': '12-11 08:27:00.790 31652  2862 W OpenGLRenderer: Failed to choose config with EGL_SWAP_BEHAVIOR_PRESERVED, retrying without...'}
{'timestamp': 1702276322363, 'level': 'ALL', 'message': '12-11 08:27:00.823 31652  2862 D EGL_emulation: eglCreateContext: 0xed8b1a90: maj 2 min 0 rcv 2'}
{'timestamp': 1702276322363, 'level': 'ALL', 'message': '12-11 08:27:00.829 31652  2862 D EGL_emulation: eglMakeCurrent: 0xed8b1a90: ver 2 0 (tinfo 0xaf947b50) (first time)'}
{'timestamp': 1702276322363, 'level': 'ALL', 'message': '12-11 08:27:00.839   320   320 D goldfish-address-space: claimShared: Ask to claim region [0x3f6f2f000 0x3f7583000]'}
{'timestamp': 1702276322363, 'level': 'ALL', 'message': '12-11 08:27:00.866 31652  2862 E FrameEvents: updateAcquireFence: Did not find frame.'}
{'timestamp': 1702276322363, 'level': 'ALL', 'message': '12-11 08:27:00.867   320   320 D goldfish-address-space: claimShared: Ask to claim region [0x3f9dac000 0x3fa400000]'}
{'timestamp': 1702276322363, 'level': 'ALL', 'message': "12-11 08:27:00.889 31652 31742 D ArtManagerInternalImpl: /data/misc/iorapd/com.google.android.apps.nexuslauncher/821/com.google.android.apps.nexuslauncher.NexusLauncherActivity/compiled_traces/compiled_trace.pb doesn't exist"}
{'timestamp': 1702276322363, 'level': 'ALL', 'message': '12-11 08:27:00.898 31652 31712 D EventSequenceValidator: Transition from ACTIVITY_LAUNCHED to ACTIVITY_FINISHED'}
{'timestamp': 1702276322363, 'level': 'ALL', 'message': '12-11 08:27:01.629 10247 10247 E LOCK_APP: Cannot find account'}
{'timestamp': 1702276322363, 'level': 'ALL', 'message': '12-11 08:27:01.645   517  1067 I azpt    : (REDACTED) getHotwordActive::active query: %s, watch: %s, devices connected: %s'}
{'timestamp': 1702276322363, 'level': 'ALL', 'message': '12-11 08:27:02.026  7279  7328 I Finsky  : [534] mvr.run(392): Stats for Executor: BlockingExecutor oqg@1ee3fa5[Running, pool size = 0, active threads = 0, queued tasks = 0, completed tasks = 16]'}
{'timestamp': 1702276322363, 'level': 'ALL', 'message': '12-11 08:27:02.026  7279  7328 I Finsky  : [534] mvr.run(392): Stats for Executor: LightweightExecutor oqg@8738f7a[Running, pool size = 3, active threads = 0, queued tasks = 0, completed tasks = 136]'}
{'timestamp': 1702276322363, 'level': 'ALL', 'message': '12-11 08:27:02.474   410   410 I perfetto: probes_producer.cc:329  Producer stop (id=493)'}
{'timestamp': 1702276322363, 'level': 'ALL', 'message': '12-11 08:27:02.477   421   421 I perfetto: ng_service_impl.cc:1948 Tracing session 493 ended, total sessions:1'}
{'timestamp': 1702276322363, 'level': 'ALL', 'message': '12-11 08:27:02.548  7279  7328 I Finsky  : [534] mvr.run(392): Stats for Executor: bgExecutor oqg@147732b[Running, pool size = 4, active threads = 0, queued tasks = 0, completed tasks = 151]'}
{'timestamp': 1702276322363, 'level': 'ALL', 'message': '12-11 08:27:02.747 10247 10511 I FA      : Application backgrounded at: timestamp_millis: 1702276020711'}
{'timestamp': 1702276322363, 'level': 'ALL', 'message': '12-11 08:27:03.267 32722 32763 I PeriodicStatsRunner: PeriodicStatsRunner.call():180 call()'}
{'timestamp': 1702276322363, 'level': 'ALL', 'message': '12-11 08:27:03.267 32722 32763 I PeriodicStatsRunner: PeriodicStatsRunner.call():184 No submit PeriodicStats since input started.'}
{'timestamp': 1702276322363, 'level': 'ALL', 'message': '12-11 08:27:04.388  7395  7416 I Finsky:background: [540] mvr.run(392): Stats for Executor: bgExecutor oqg@33d63be[Running, pool size = 0, active threads = 0, queued tasks = 0, completed tasks = 0]'}
{'timestamp': 1702276322363, 'level': 'ALL', 'message': '12-11 08:27:04.467  7395  7416 I Finsky:background: [540] mvr.run(392): Stats for Executor: LightweightExecutor oqg@87b8c1f[Running, pool size = 3, active threads = 0, queued tasks = 0, completed tasks = 10]'}
{'timestamp': 1702276322363, 'level': 'ALL', 'message': '12-11 08:27:04.785  7395  7416 I Finsky:background: [540] mvr.run(392): Stats for Executor: BlockingExecutor oqg@464b6c[Running, pool size = 0, active threads = 0, queued tasks = 0, completed tasks = 0]'}
{'timestamp': 1702276322363, 'level': 'ALL', 'message': '12-11 08:27:05.556   410   410 I perfetto: probes_producer.cc:329  Producer stop (id=494)'}
{'timestamp': 1702276322363, 'level': 'ALL', 'message': '12-11 08:27:05.559   421   421 I perfetto: ng_service_impl.cc:1948 Tracing session 494 ended, total sessions:0'}
{'timestamp': 1702276322363, 'level': 'ALL', 'message': '12-11 08:27:05.560   410   410 I perfetto: ftrace_procfs.cc:183    disabled ftrace'}
{'timestamp': 1702276322363, 'level': 'ALL', 'message': '12-11 08:27:05.941 32722 32763 I PeriodicStatsRunner: PeriodicStatsRunner.call():180 call()'}
{'timestamp': 1702276322363, 'level': 'ALL', 'message': '12-11 08:27:05.942 32722 32763 I PeriodicStatsRunner: PeriodicStatsRunner.call():184 No submit PeriodicStats since input started.'}
{'timestamp': 1702276322363, 'level': 'ALL', 'message': '12-11 08:27:06.662 10247 10266 I com.ajaxsystem: Waiting for a blocking GC ProfileSaver'}
{'timestamp': 1702276322363, 'level': 'ALL', 'message': '12-11 08:27:06.722 10247 10266 I com.ajaxsystem: WaitForGcToComplete blocked ProfileSaver on HeapTrim for 59.924ms'}
{'timestamp': 1702276322363, 'level': 'ALL', 'message': '12-11 08:27:06.967 10247 10306 E Volley  : [686] NetworkUtility.shouldRetryException: Unexpected response code 403 for https://in-app-message.prod.ajax.systems/v1/prod/main/en/plashka.json'}
{'timestamp': 1702276322363, 'level': 'ALL', 'message': '12-11 08:27:07.107 10247 10306 E Volley  : [686] NetworkUtility.shouldRetryException: Unexpected response code 403 for https://in-app-message.prod.ajax.systems/v1/prod/main/en/plashka.json'}
{'timestamp': 1702276322363, 'level': 'ALL', 'message': '12-11 08:27:07.109 10247 10247 E MaintenanceMessagesApi: Cannot get maintenance messages'}
{'timestamp': 1702276322363, 'level': 'ALL', 'message': '12-11 08:27:07.109 10247 10247 E MaintenanceMessagesApi: com.android.volley.AuthFailureError'}
{'timestamp': 1702276322363, 'level': 'ALL', 'message': '12-11 08:27:07.109 10247 10247 E MaintenanceMessagesApi: \tat com.android.volley.toolbox.NetworkUtility.shouldRetryException(Unknown Source:134)'}
{'timestamp': 1702276322363, 'level': 'ALL', 'message': '12-11 08:27:07.109 10247 10247 E MaintenanceMessagesApi: \tat com.android.volley.toolbox.BasicNetwork.performRequest(Unknown Source:119)'}
{'timestamp': 1702276322363, 'level': 'ALL', 'message': '12-11 08:27:07.109 10247 10247 E MaintenanceMessagesApi: \tat com.android.volley.NetworkDispatcher.processRequest(Unknown Source:39)'}
{'timestamp': 1702276322363, 'level': 'ALL', 'message': '12-11 08:27:07.109 10247 10247 E MaintenanceMessagesApi: \tat com.android.volley.NetworkDispatcher.processRequest(Unknown Source:8)'}
{'timestamp': 1702276322363, 'level': 'ALL', 'message': '12-11 08:27:07.109 10247 10247 E MaintenanceMessagesApi: \tat com.android.volley.NetworkDispatcher.run(Unknown Source:5)'}
{'timestamp': 1702276322363, 'level': 'ALL', 'message': '12-11 08:27:09.311 32604  5319 D BluetoothAdapter: isLeEnabled(): ON'}
{'timestamp': 1702276322363, 'level': 'ALL', 'message': '12-11 08:27:09.311 32604  5319 D BluetoothAdapter: isLeEnabled(): ON'}
{'timestamp': 1702276322363, 'level': 'ALL', 'message': '12-11 08:27:09.314 32106 32571 D BluetoothAdapterService: getAdapterService() - returning com.android.bluetooth.btservice.AdapterService@17fa1b5'}
{'timestamp': 1702276322363, 'level': 'ALL', 'message': '12-11 08:27:10.789   396   396 D BoundBrokerSvc: onUnbind: Intent { act=com.google.android.gms.measurement.START pkg=com.google.android.gms }'}
{'timestamp': 1702276322363, 'level': 'ALL', 'message': '12-11 08:27:10.927 10570 10572 I cmd     : oneway function results will be dropped but finished with status OK and parcel size 4'}
{'timestamp': 1702276322363, 'level': 'ALL', 'message': '12-11 08:27:12.316 32604  5319 E NearbyMediums: MEDIUM_ERROR [SYSTEM][BLE][START_ADVERTISING][START_LEGACY_ADVERTISING_FAILED][TIMEOUT], service-id=NearbySharing'}
{'timestamp': 1702276322363, 'level': 'ALL', 'message': '12-11 08:27:12.467 10615 10617 I cmd     : oneway function results will be dropped but finished with status OK and parcel size 4'}
{'timestamp': 1702276322363, 'level': 'ALL', 'message': '12-11 08:27:12.519 31652  1218 I ActivityManager: Force stopping com.ajaxsystems appid=10158 user=0: from pid 10620'}
{'timestamp': 1702276322363, 'level': 'ALL', 'message': '12-11 08:27:12.522 31652  1218 I ActivityManager: Killing 10247:com.ajaxsystems/u0a158 (adj 700): stop com.ajaxsystems due to from pid 10620'}
{'timestamp': 1702276322363, 'level': 'ALL', 'message': '12-11 08:27:12.532 31652  1218 W ActivityTaskManager: Force removing ActivityRecord{e8f2f4e u0 com.ajaxsystems/.bootstrap.presentation.splash.SplashActivity t198 f}}: app died, no saved state'}
{'timestamp': 1702276322363, 'level': 'ALL', 'message': '12-11 08:27:12.543 10620 10622 I cmd     : oneway function results will be dropped but finished with status OK and parcel size 4'}
{'timestamp': 1702276322363, 'level': 'ALL', 'message': '12-11 08:27:12.557 32351 32351 D CarrierSvcBindHelper: No carrier app for: 0'}
{'timestamp': 1702276322363, 'level': 'ALL', 'message': '12-11 08:27:12.578 31652 32570 W WindowManager: Cannot find window which accessibility connection is added to'}
{'timestamp': 1702276322363, 'level': 'ALL', 'message': '12-11 08:27:12.579 31652 31712 W ActivityManager: setHasOverlayUi called on unknown pid: 10247'}
{'timestamp': 1702276322363, 'level': 'ALL', 'message': '12-11 08:27:12.581 31506 31506 I Zygote  : Process 10247 exited due to signal 9 (Killed)'}
{'timestamp': 1702276322363, 'level': 'ALL', 'message': '12-11 08:27:12.597 31652 31748 I libprocessgroup: Successfully killed process cgroup uid 10158 pid 10247 in 67ms'}
{'timestamp': 1702276322363, 'level': 'ALL', 'message': '12-11 08:27:12.620 31652  1218 I ActivityManager: Force stopping com.ajaxsystems appid=10158 user=0: clear data'}
{'timestamp': 1702276322363, 'level': 'ALL', 'message': '12-11 08:27:12.624 31652 31743 I ActivityManager: Force stopping com.ajaxsystems appid=10158 user=-1: clearApplicationUserData'}
{'timestamp': 1702276322363, 'level': 'ALL', 'message': '12-11 08:27:12.691   445  6549 I MediaProvider: Invalidating LocalCallingIdentity cache for package com.ajaxsystems. Reason: op android:read_external_storage'}
{'timestamp': 1702276322363, 'level': 'ALL', 'message': '12-11 08:27:12.706   436   436 I keystore: clear_uid 10158'}
{'timestamp': 1702276322363, 'level': 'ALL', 'message': '12-11 08:27:12.716 32351 32351 D CarrierSvcBindHelper: No carrier app for: 0'}
{'timestamp': 1702276322363, 'level': 'ALL', 'message': '12-11 08:27:12.720 32106 32106 V AvrcpMediaPlayerList: mPackageChangedBroadcastReceiver: action: android.intent.action.PACKAGE_DATA_CLEARED'}
{'timestamp': 1702276322363, 'level': 'ALL', 'message': '12-11 08:27:12.724  1356  1356 I CarrierServices: [2] RcsAutoStartReceiver.a: enableRcs changed from true to true'}
{'timestamp': 1702276322363, 'level': 'ALL', 'message': '12-11 08:27:12.726 10624 10626 I cmd     : oneway function results will be dropped but finished with status OK and parcel size 4'}
{'timestamp': 1702276322363, 'level': 'ALL', 'message': '12-11 08:27:12.778 32604 10632 I Fitness : (REDACTED) FitCleanupIntentOperation received Intent %s'}
{'timestamp': 1702276322363, 'level': 'ALL', 'message': '12-11 08:27:12.785   445  5935 I MediaProvider: Begin Intent { act=android.intent.action.PACKAGE_DATA_CLEARED dat=package:com.ajaxsystems flg=0x1000010 cmp=com.google.android.providers.media.module/com.android.providers.media.MediaService (has extras) }'}
{'timestamp': 1702276322363, 'level': 'ALL', 'message': '12-11 08:27:12.798   445  5935 I MediaProvider: End Intent { act=android.intent.action.PACKAGE_DATA_CLEARED dat=package:com.ajaxsystems flg=0x1000010 cmp=com.google.android.providers.media.module/com.android.providers.media.MediaService (has extras) }'}
{'timestamp': 1702276322363, 'level': 'ALL', 'message': '12-11 08:27:12.819   396  5413 I Icing   : doRemovePackageData com.ajaxsystems'}
{'timestamp': 1702276322363, 'level': 'ALL', 'message': '12-11 08:27:12.877 10650 10651 I cmd     : oneway function results will be dropped but finished with status OK and parcel size 4'}
{'timestamp': 1702276322363, 'level': 'ALL', 'message': '12-11 08:27:12.894 10655 10657 I cmd     : oneway function results will be dropped but finished with status OK and parcel size 4'}
{'timestamp': 1702276322363, 'level': 'ALL', 'message': '12-11 08:27:12.916 10659 10661 I cmd     : oneway function results will be dropped but finished with status OK and parcel size 4'}
{'timestamp': 1702276322363, 'level': 'ALL', 'message': '12-11 08:27:12.916   445  6663 I MediaProvider: Invalidating LocalCallingIdentity cache for package com.ajaxsystems. Reason: op android:read_external_storage'}
{'timestamp': 1702276322363, 'level': 'ALL', 'message': '12-11 08:27:12.931 10663 10665 I cmd     : oneway function results will be dropped but finished with status OK and parcel size 4'}
{'timestamp': 1702276322363, 'level': 'ALL', 'message': '12-11 08:27:12.949 10667 10669 I cmd     : oneway function results will be dropped but finished with status OK and parcel size 4'}
{'timestamp': 1702276322363, 'level': 'ALL', 'message': '12-11 08:27:12.964 10671 10673 I cmd     : oneway function results will be dropped but finished with status OK and parcel size 4'}
{'timestamp': 1702276322363, 'level': 'ALL', 'message': '12-11 08:27:12.981 10675 10677 I cmd     : oneway function results will be dropped but finished with status OK and parcel size 4'}
{'timestamp': 1702276322363, 'level': 'ALL', 'message': '12-11 08:27:12.999 10679 10681 I cmd     : oneway function results will be dropped but finished with status OK and parcel size 4'}
{'timestamp': 1702276322363, 'level': 'ALL', 'message': '12-11 08:27:13.049 10691 10693 I cmd     : oneway function results will be dropped but finished with status OK and parcel size 4'}
{'timestamp': 1702276322363, 'level': 'ALL', 'message': '12-11 08:27:13.064 10695 10697 I cmd     : oneway function results will be dropped but finished with status OK and parcel size 4'}
{'timestamp': 1702276322363, 'level': 'ALL', 'message': '12-11 08:27:13.160 10713 10715 I cmd     : oneway function results will be dropped but finished with status OK and parcel size 4'}
{'timestamp': 1702276322363, 'level': 'ALL', 'message': '12-11 08:27:13.178 10717 10719 I cmd     : oneway function results will be dropped but finished with status OK and parcel size 4'}
{'timestamp': 1702276322363, 'level': 'ALL', 'message': '12-11 08:27:13.197 10721 10722 I cmd     : oneway function results will be dropped but finished with status OK and parcel size 4'}
{'timestamp': 1702276322363, 'level': 'ALL', 'message': '12-11 08:27:13.216 10197 10725 I appium  : channel read: GET /sessions'}
{'timestamp': 1702276322363, 'level': 'ALL', 'message': '12-11 08:27:13.216 10197 10725 I appium  : GetSessions command'}
{'timestamp': 1702276322363, 'level': 'ALL', 'message': '12-11 08:27:13.222 10197 10725 I appium  : AppiumResponse: {"sessionId":"None","value":[{"id":"4f7bac3f-2d55-48aa-be40-f282e6443e4e","capabilities":{"appPackage":"com.ajaxsystems","networkConnectionEnabled":true,"noSign":true,"warnings":{},"databaseEnabled":false,"deviceName":"emulator-5554","platform":"LINUX","deviceUDID":"emulator-5554","appActivity":"com…'}
{'timestamp': 1702276322363, 'level': 'ALL', 'message': '12-11 08:27:13.237 10197 10726 I appium  : channel read: DELETE /session/4f7bac3f-2d55-48aa-be40-f282e6443e4e'}
{'timestamp': 1702276322363, 'level': 'ALL', 'message': '12-11 08:27:13.237 10197 10726 I appium  : DeleteSession command'}
{'timestamp': 1702276322363, 'level': 'ALL', 'message': '12-11 08:27:13.240 10197 10726 I appium  : Stopping uiautomator2 io.appium.uiautomator2.http io.appium.uiautomator2.server'}
{'timestamp': 1702276322363, 'level': 'ALL', 'message': '12-11 08:27:13.246 10197 10726 I appium  : AppiumResponse: {"sessionId":"4f7bac3f-2d55-48aa-be40-f282e6443e4e","value":null}'}
{'timestamp': 1702276322363, 'level': 'ALL', 'message': '12-11 08:27:13.731 10197 10222 I TestRunner: finished: startServer(io.appium.uiautomator2.server.test.AppiumUiAutomator2Server)'}
{'timestamp': 1702276322363, 'level': 'ALL', 'message': '12-11 08:27:13.735 10197 10222 I TestRunner: run finished: 1 tests, 0 failed, 0 ignored'}
{'timestamp': 1702276322363, 'level': 'ALL', 'message': '12-11 08:27:13.741 31652  1231 W WindowManager: removeWindowToken: Attempted to remove non-existing token: android.os.Binder@f00957f'}
{'timestamp': 1702276322363, 'level': 'ALL', 'message': '12-11 08:27:13.752   517   929 I fvbt    : (REDACTED) #onAccessibilityStateChanged enabled: %s'}
{'timestamp': 1702276322363, 'level': 'ALL', 'message': '12-11 08:27:13.753   517   979 I fvbt    : #onChange'}
{'timestamp': 1702276322363, 'level': 'ALL', 'message': '12-11 08:27:13.753   517   979 I cmrs    : #FCF: onChange'}
{'timestamp': 1702276322363, 'level': 'ALL', 'message': '12-11 08:27:13.753   517   979 I cmrw    : (REDACTED) FCF System FeatureName to check: %s'}
{'timestamp': 1702276322363, 'level': 'ALL', 'message': '12-11 08:27:13.753   517   979 I cmrw    : (REDACTED) FCF: Device model check status : %s'}
{'timestamp': 1702276322363, 'level': 'ALL', 'message': '12-11 08:27:13.754   517  1099 I cmrt    : FCF A11y Checker - readyForTngMa'}
{'timestamp': 1702276322363, 'level': 'ALL', 'message': '12-11 08:27:13.755 10182 10182 D AndroidRuntime: Shutting down VM'}
{'timestamp': 1702276322363, 'level': 'ALL', 'message': '12-11 08:27:13.755 31652  1231 I ActivityManager: Force stopping io.appium.uiautomator2.server appid=10157 user=0: finished inst'}
{'timestamp': 1702276322363, 'level': 'ALL', 'message': '12-11 08:27:13.759   517  1099 I cmrc    : (REDACTED) #FCF: Assistant primary locale : %s'}
{'timestamp': 1702276322363, 'level': 'ALL', 'message': '12-11 08:27:13.759   517  1099 I cmrc    : (REDACTED) #FCF: Assistant Primary locale check status : %s'}
{'timestamp': 1702276322363, 'level': 'ALL', 'message': '12-11 08:27:13.759   517  1099 I cmuj    : (REDACTED) [%d] productivity accounts setup for current account.'}
{'timestamp': 1702276322363, 'level': 'ALL', 'message': '12-11 08:27:13.762 31652  1231 I ActivityManager: Killing 10197:io.appium.uiautomator2.server/u0a157 (adj 0): stop io.appium.uiautomator2.server due to finished inst'}
{'timestamp': 1702276322363, 'level': 'ALL', 'message': '12-11 08:27:13.768   653   830 I bfxf    : NGA enabled in interactor.'}
{'timestamp': 1702276322363, 'level': 'ALL', 'message': '12-11 08:27:13.769   653   830 I bfxf    : (REDACTED) Nga state changed to %s'}
{'timestamp': 1702276322363, 'level': 'ALL', 'message': '12-11 08:27:13.769   653   830 I bfxf    : (REDACTED) isTngActive=%s'}
{'timestamp': 1702276322363, 'level': 'ALL', 'message': '12-11 08:27:13.770   653  8458 I aoso    : (REDACTED) Successfully received auth token for scope: %s in time %d ms'}
{'timestamp': 1702276322363, 'level': 'ALL', 'message': '12-11 08:27:13.775   517   543 I yvl     : Initializing all components'}
{'timestamp': 1702276322363, 'level': 'ALL', 'message': '12-11 08:27:13.776   517  1099 I afzp    : (REDACTED) onIsEnabledChanged, isEnabled: %s'}
{'timestamp': 1702276322363, 'level': 'ALL', 'message': '12-11 08:27:13.777   517  1099 W akjq    : Disposing empty manager. Did you forgot to subscribe observables?'}
{'timestamp': 1702276322363, 'level': 'ALL', 'message': '12-11 08:27:13.777   517  1099 I chatty  : uid=10109(com.google.android.googlequicksearchbox) Lite Thread #1 identical 9 lines'}
{'timestamp': 1702276322363, 'level': 'ALL', 'message': '12-11 08:27:13.778   517  1099 W akjq    : Disposing empty manager. Did you forgot to subscribe observables?'}
{'timestamp': 1702276322363, 'level': 'ALL', 'message': '12-11 08:27:13.778   517  1099 I agvp    : (REDACTED) Setting session to type: %s'}
{'timestamp': 1702276322363, 'level': 'ALL', 'message': '12-11 08:27:13.778   517  1099 W akjq    : Disposing empty manager. Did you forgot to subscribe observables?'}
{'timestamp': 1702276322363, 'level': 'ALL', 'message': '12-11 08:27:13.779   517  1099 I chatty  : uid=10109(com.google.android.googlequicksearchbox) Lite Thread #1 identical 10 lines'}
{'timestamp': 1702276322363, 'level': 'ALL', 'message': '12-11 08:27:13.779   517  1099 W akjq    : Disposing empty manager. Did you forgot to subscribe observables?'}
{'timestamp': 1702276322363, 'level': 'ALL', 'message': '12-11 08:27:13.780   517  1099 I zvn     : (REDACTED) Nga on-device enabled based on TNG:MA active state: %b'}
{'timestamp': 1702276322363, 'level': 'ALL', 'message': '12-11 08:27:13.780   517  1099 I adnn    : (REDACTED) State changed: %s => %s by %s and %s with %s'}
{'timestamp': 1702276322363, 'level': 'ALL', 'message': '12-11 08:27:13.781   517  1099 I adwu    : (REDACTED) Recognizer choice: (recognizer_type: %s, recognizer_mode: %s, choice_reason: %s)'}
{'timestamp': 1702276322363, 'level': 'ALL', 'message': '12-11 08:27:13.790   517   979 I bltl    : setupConnection'}
{'timestamp': 1702276322363, 'level': 'ALL', 'message': '12-11 08:27:13.799   517   979 I bltl    : (REDACTED) State changed: %s => %s'}
{'timestamp': 1702276322363, 'level': 'ALL', 'message': '12-11 08:27:13.800   517   979 I zvn     : (REDACTED) Nga on-device enabled based on TNG:MA active state: %b'}
{'timestamp': 1702276322363, 'level': 'ALL', 'message': '12-11 08:27:13.815   517  1099 I agqa    : (REDACTED) onActiveStateChangeEvent: %s => %s'}
{'timestamp': 1702276322363, 'level': 'ALL', 'message': '12-11 08:27:13.815   517  1099 I adgh    : (REDACTED) #onActiveStateChangeEvent, newState: %s, previousState: %s.'}
{'timestamp': 1702276322363, 'level': 'ALL', 'message': '12-11 08:27:13.819   517  1099 I aajs    : (REDACTED) on opa visibility changed %s'}
{'timestamp': 1702276322363, 'level': 'ALL', 'message': '12-11 08:27:13.819   517   979 I zps     : Initialize'}
{'timestamp': 1702276322363, 'level': 'ALL', 'message': '12-11 08:27:13.819   517  1099 I afnp    : (REDACTED) stopListening(%s, %s)'}
{'timestamp': 1702276322363, 'level': 'ALL', 'message': '12-11 08:27:13.819   517  1099 I aajs    : (REDACTED) on opa visibility changed %s'}
{'timestamp': 1702276322363, 'level': 'ALL', 'message': '12-11 08:27:13.819   517  1099 I bltl    : onServiceConnected'}
{'timestamp': 1702276322363, 'level': 'ALL', 'message': '12-11 08:27:13.822   653  1856 I A       : Calling beginBinderSession().'}
{'timestamp': 1702276322363, 'level': 'ALL', 'message': '12-11 08:27:13.825   653  1856 I A       : beginBinderSession(): calling binder'}
{'timestamp': 1702276322363, 'level': 'ALL', 'message': '12-11 08:27:13.826   517  1099 I bltl    : (REDACTED) State changed: %s => %s'}
{'timestamp': 1702276322363, 'level': 'ALL', 'message': '12-11 08:27:13.834   517   979 I cmuh    : (REDACTED) #FCF: Managed profile check status : %s'}
{'timestamp': 1702276322363, 'level': 'ALL', 'message': '12-11 08:27:13.834   517   979 I cmug    : (REDACTED) #FCF: Demo mode check status : %s'}
{'timestamp': 1702276322363, 'level': 'ALL', 'message': '12-11 08:27:13.849   517  1099 I yvl     : Successfully initialized all components'}
{'timestamp': 1702276322363, 'level': 'ALL', 'message': '12-11 08:27:13.857 31506 31506 I Zygote  : Process 10197 exited due to signal 9 (Killed)'}
{'timestamp': 1702276322363, 'level': 'ALL', 'message': '12-11 08:27:13.859 31652 31748 I libprocessgroup: Successfully killed process cgroup uid 10157 pid 10197 in 94ms'}
{'timestamp': 1702276322363, 'level': 'ALL', 'message': '12-11 08:27:13.866   517   979 I cmya    : (REDACTED) #FCF evaluate: %s'}
{'timestamp': 1702276322363, 'level': 'ALL', 'message': '12-11 08:27:13.867   517   979 I cmya    : (REDACTED) TngMaStatusChecker#evaluateInternal completed in %s millis'}
{'timestamp': 1702276322363, 'level': 'ALL', 'message': '12-11 08:27:13.867   517   979 I cmcg    : (REDACTED) TNG:MA status updated: %s'}
{'timestamp': 1702276322363, 'level': 'ALL', 'message': '12-11 08:27:13.868   517   979 I cmcg    : TNG:MA became eligible, Calling connect'}
{'timestamp': 1702276322363, 'level': 'ALL', 'message': '12-11 08:27:13.869   517   979 I cmcg    : (REDACTED) Connecting: %s'}
{'timestamp': 1702276322363, 'level': 'ALL', 'message': '12-11 08:27:13.869   517   979 I cmhx    : #unregisterBluetoothDevicesAvailabilityListener'}
{'timestamp': 1702276322363, 'level': 'ALL', 'message': '12-11 08:27:13.870   517   979 I cmya    : #invalidationSource: adding saa update checker'}
{'timestamp': 1702276322363, 'level': 'ALL', 'message': '12-11 08:27:13.870   517   979 I cmhx    : #unregisterBistoDevicesAvailabilityListener'}
{'timestamp': 1702276322363, 'level': 'ALL', 'message': '12-11 08:27:13.870   517   979 I cmhx    : enableBistoRouteIntegration disabled'}
{'timestamp': 1702276322363, 'level': 'ALL', 'message': '12-11 08:27:13.870   653   944 W atdn    : Invalid input from icing corpus JSON flag.'}
{'timestamp': 1702276322363, 'level': 'ALL', 'message': '12-11 08:27:13.870   653   944 W atdn    : android.util.MalformedJsonException: Use JsonReader.setLenient(true) to accept malformed JSON at line 123 column 2'}
{'timestamp': 1702276322363, 'level': 'ALL', 'message': '12-11 08:27:13.870   653   944 W atdn    : \tat android.util.JsonReader.syntaxError(JsonReader.java:1162)'}
{'timestamp': 1702276322363, 'level': 'ALL', 'message': '12-11 08:27:13.870   653   944 W atdn    : \tat android.util.JsonReader.checkLenient(JsonReader.java:840)'}
{'timestamp': 1702276322363, 'level': 'ALL', 'message': '12-11 08:27:13.870   653   944 W atdn    : \tat android.util.JsonReader.nextInArray(JsonReader.java:615)'}
{'timestamp': 1702276322363, 'level': 'ALL', 'message': '12-11 08:27:13.870   653   944 W atdn    : \tat android.util.JsonReader.peek(JsonReader.java:345)'}
{'timestamp': 1702276322363, 'level': 'ALL', 'message': '12-11 08:27:13.870   653   944 W atdn    : \tat android.util.JsonReader.hasNext(JsonReader.java:321)'}
{'timestamp': 1702276322363, 'level': 'ALL', 'message': '12-11 08:27:13.870   653   944 W atdn    : \tat atdn.c(PG:7)'}
{'timestamp': 1702276322363, 'level': 'ALL', 'message': '12-11 08:27:13.870   653   944 W atdn    : \tat atdn.<init>(PG:5)'}
{'timestamp': 1702276322363, 'level': 'ALL', 'message': '12-11 08:27:13.870   653   944 W atdn    : \tat bxey.<init>(PG:16)'}
{'timestamp': 1702276322363, 'level': 'ALL', 'message': '12-11 08:27:13.870   653   944 W atdn    : \tat bwzu.a(PG:14)'}
{'timestamp': 1702276322363, 'level': 'ALL', 'message': '12-11 08:27:13.870   653   944 W atdn    : \tat bxap.<init>(PG:7)'}
{'timestamp': 1702276322363, 'level': 'ALL', 'message': '12-11 08:27:13.870   653   944 W atdn    : \tat wju.b(PG:11)'}
{'timestamp': 1702276322363, 'level': 'ALL', 'message': '12-11 08:27:13.870   653   944 W atdn    : \tat iofm.b(PG:1)'}
{'timestamp': 1702276322363, 'level': 'ALL', 'message': '12-11 08:27:13.870   653   944 W atdn    : \tat bxfn.a(PG:3)'}
{'timestamp': 1702276322363, 'level': 'ALL', 'message': '12-11 08:27:13.870   653   944 W atdn    : \tat vwj.a(Unknown Source:3021)'}
{'timestamp': 1702276322363, 'level': 'ALL', 'message': '12-11 08:27:13.870   653   944 W atdn    : \tat vwj.b(PG:4)'}
{'timestamp': 1702276322363, 'level': 'ALL', 'message': '12-11 08:27:13.870   653   944 W atdn    : \tat appc.a(PG:2)'}
{'timestamp': 1702276322363, 'level': 'ALL', 'message': '12-11 08:27:13.870   653   944 W atdn    : \tat fcvo.a(PG:2)'}
{'timestamp': 1702276322363, 'level': 'ALL', 'message': '12-11 08:27:13.870   653   944 W atdn    : \tat htad.a(PG:1)'}
{'timestamp': 1702276322363, 'level': 'ALL', 'message': '12-11 08:27:13.870   653   944 W atdn    : \tat hsza.run(PG:4)'}
{'timestamp': 1702276322363, 'level': 'ALL', 'message': '12-11 08:27:13.870   653   944 W atdn    : \tat htaf.run(PG:1)'}
{'timestamp': 1702276322363, 'level': 'ALL', 'message': '12-11 08:27:13.870   653   944 W atdn    : \tat exhk.run(PG:1)'}
{'timestamp': 1702276322363, 'level': 'ALL', 'message': '12-11 08:27:13.870   653   944 W atdn    : \tat java.util.concurrent.ThreadPoolExecutor.runWorker(ThreadPoolExecutor.java:1167)'}
{'timestamp': 1702276322363, 'level': 'ALL', 'message': '12-11 08:27:13.870   653   944 W atdn    : \tat java.util.concurrent.ThreadPoolExecutor$Worker.run(ThreadPoolExecutor.java:641)'}
{'timestamp': 1702276322363, 'level': 'ALL', 'message': '12-11 08:27:13.870   653   944 W atdn    : \tat exgp.run(PG:2)'}
{'timestamp': 1702276322363, 'level': 'ALL', 'message': '12-11 08:27:13.870   653   944 W atdn    : \tat java.lang.Thread.run(Thread.java:923)'}
{'timestamp': 1702276322363, 'level': 'ALL', 'message': '12-11 08:27:13.870   653   944 W atdn    : \tat exhp.run(PG:5)'}
{'timestamp': 1702276322363, 'level': 'ALL', 'message': '12-11 08:27:13.870   517   979 I cmhx    : #unregisterActivityTransitions'}
{'timestamp': 1702276322363, 'level': 'ALL', 'message': '12-11 08:27:13.870   517   979 I cmhx    : #unsubscribeFromHeadsetEventsForEarcons'}
{'timestamp': 1702276322363, 'level': 'ALL', 'message': '12-11 08:27:13.870   517   979 I cmhx    : #enableGmmTravelModeLogging flag disabled.'}
{'timestamp': 1702276322363, 'level': 'ALL', 'message': '12-11 08:27:13.870   653   959 W avsu    : (REDACTED) Queue length for executor %s is now %d. Perhaps some tasks are too long, or the pool is too small.'}
{'timestamp': 1702276322363, 'level': 'ALL', 'message': '12-11 08:27:13.871   517   979 I cqpb    : #unregisterShellAppInstallationReceiver'}
{'timestamp': 1702276322363, 'level': 'ALL', 'message': '12-11 08:27:13.871   517   979 I cmhx    : (REDACTED) Disconnect Reasons: %s'}
{'timestamp': 1702276322363, 'level': 'ALL', 'message': '12-11 08:27:13.871   517   979 I cmhx    : Client Already disconnected'}
{'timestamp': 1702276322363, 'level': 'ALL', 'message': '12-11 08:27:13.871   517   979 I cmib    : (REDACTED) Updated TngActivationStateResult %s'}
{'timestamp': 1702276322363, 'level': 'ALL', 'message': '12-11 08:27:13.871   517   979 I cmib    : (REDACTED) Emit result=%s'}
{'timestamp': 1702276322363, 'level': 'ALL', 'message': '12-11 08:27:13.871   517   979 I cmgb    : Scheduling removing Phenotype experience experiments id'}
{'timestamp': 1702276322363, 'level': 'ALL', 'message': '12-11 08:27:13.872   517   979 I cmhx    : #registerBluetoothDevicesAvailabilityListener'}
{'timestamp': 1702276322363, 'level': 'ALL', 'message': '12-11 08:27:13.873   517  1099 I cmhx    : Listening for setting changes changes'}
{'timestamp': 1702276322363, 'level': 'ALL', 'message': '12-11 08:27:13.873   517  1099 I cmhx    : #registerBistoDevicesAvailabilityListener'}
{'timestamp': 1702276322363, 'level': 'ALL', 'message': '12-11 08:27:13.873   517  1099 I cmhx    : enableBistoRouteIntegration disabled'}
{'timestamp': 1702276322363, 'level': 'ALL', 'message': '12-11 08:27:13.873   517  1099 I cmhx    : #subscribeToHeadsetEventsForEarcons subscribing for headset events'}
{'timestamp': 1702276322363, 'level': 'ALL', 'message': '12-11 08:27:13.873   517  1099 I cmhx    : #registerActivityTransitions'}
{'timestamp': 1702276322363, 'level': 'ALL', 'message': '12-11 08:27:13.874   517  1099 I cmhx    : #enableGmmTravelModeLogging flag disabled.'}
{'timestamp': 1702276322363, 'level': 'ALL', 'message': '12-11 08:27:13.874   517  1099 I cqpb    : #registerShellAppInstallationReceiver'}
{'timestamp': 1702276322363, 'level': 'ALL', 'message': '12-11 08:27:13.875   517   929 I cntb    : (REDACTED) #onAudioDevicesAdded count: %s'}
{'timestamp': 1702276322363, 'level': 'ALL', 'message': '12-11 08:27:13.877   517   979 I cmhx    : #onBluetoothAudioInputDevicesChanged'}
{'timestamp': 1702276322363, 'level': 'ALL', 'message': '12-11 08:27:13.878   653  1036 I axcj    : (REDACTED) isOpaHotwordEnabled: %b'}
{'timestamp': 1702276322363, 'level': 'ALL', 'message': '12-11 08:27:13.878   653  1036 I axcj    : Disabling the hotword detector.'}
{'timestamp': 1702276322363, 'level': 'ALL', 'message': '12-11 08:27:13.878   517   979 I cmhx    : (REDACTED) starting updateConfig, reason: %s'}
{'timestamp': 1702276322363, 'level': 'ALL', 'message': '12-11 08:27:13.881   517  1099 I cmhx    : (REDACTED) Connect Reason: %s'}
{'timestamp': 1702276322363, 'level': 'ALL', 'message': '12-11 08:27:13.881   517  1099 I cmhx    : Connecting to Triggering Service.'}
{'timestamp': 1702276322363, 'level': 'ALL', 'message': '12-11 08:27:13.882   653  1036 I aqdh    : (REDACTED) Updating hotword opa ineligibility to %b'}
{'timestamp': 1702276322363, 'level': 'ALL', 'message': '12-11 08:27:13.884   517   979 I cmqy    : #getEarcons'}
{'timestamp': 1702276322363, 'level': 'ALL', 'message': '12-11 08:27:13.884   517  1099 I cmqy    : #getEarcons'}
{'timestamp': 1702276322363, 'level': 'ALL', 'message': '12-11 08:27:13.885   517   979 I cnsv    : (REDACTED) #isBluetoothOrWiredHeadsetConnected Number of connected audio devices: %s'}
{'timestamp': 1702276322363, 'level': 'ALL', 'message': '12-11 08:27:13.885   517  1099 I cnsv    : (REDACTED) #isBluetoothOrWiredHeadsetConnected Number of connected audio devices: %s'}
{'timestamp': 1702276322363, 'level': 'ALL', 'message': '12-11 08:27:13.886   517  1099 I gcss    : (REDACTED) New connection(%s) added, total(%d).'}
{'timestamp': 1702276322363, 'level': 'ALL', 'message': '12-11 08:27:13.886   517  1099 I cmzy    : (REDACTED) Robin eligibility : forceEnableRobinForSuwOptin %b'}
{'timestamp': 1702276322363, 'level': 'ALL', 'message': '12-11 08:27:13.887   517  1099 I cmzy    : Robin eligibility: Robin experiment flag is disabled.'}
{'timestamp': 1702276322363, 'level': 'ALL', 'message': '12-11 08:27:13.887   517  1099 I cmzy    : (REDACTED) Robin eligibility #evaluate: isEnabled = %s failure reasons: %s'}
{'timestamp': 1702276322365, 'level': 'ALL', 'message': '12-11 08:27:13.887   517   979 I gckv    : (REDACTED) Client connections changed: %s.'}
{'timestamp': 1702276322365, 'level': 'ALL', 'message': '12-11 08:27:13.888   517  1099 I gcur    : (REDACTED) Initialize triggering managed lifecycle(%s)'}
{'timestamp': 1702276322365, 'level': 'ALL', 'message': '12-11 08:27:13.888   517  1065 I ugl     : no assistant invocation found, returning 0.'}
{'timestamp': 1702276322365, 'level': 'ALL', 'message': '12-11 08:27:13.888   653  1036 I awzr    : getLocaleToModelSpecsMap'}
{'timestamp': 1702276322365, 'level': 'ALL', 'message': '12-11 08:27:13.889   517  1099 I gcur    : (REDACTED) Initialize triggering managed lifecycle(%s)'}
{'timestamp': 1702276322365, 'level': 'ALL', 'message': '12-11 08:27:13.889   653  1036 I awzr    : Fetching latest config from MDD...'}
{'timestamp': 1702276322365, 'level': 'ALL', 'message': '12-11 08:27:13.889   653  1036 I awzr    : (REDACTED) Found map of size: %d'}
{'timestamp': 1702276322365, 'level': 'ALL', 'message': '12-11 08:27:13.889   517  1099 I gcur    : (REDACTED) Initialize triggering managed lifecycle(%s)'}
{'timestamp': 1702276322365, 'level': 'ALL', 'message': '12-11 08:27:13.889   517  1099 I chatty  : uid=10109(com.google.android.googlequicksearchbox) Lite Thread #1 identical 3 lines'}
{'timestamp': 1702276322365, 'level': 'ALL', 'message': '12-11 08:27:13.889   517  1099 I gcur    : (REDACTED) Initialize triggering managed lifecycle(%s)'}
{'timestamp': 1702276322365, 'level': 'ALL', 'message': "12-11 08:27:13.889   517  1099 I gcrs    : (REDACTED) Using '%s' policy for same client allowance check."}
{'timestamp': 1702276322365, 'level': 'ALL', 'message': '12-11 08:27:13.889   517  1099 I gcur    : (REDACTED) Initialize triggering managed lifecycle(%s)'}
{'timestamp': 1702276322365, 'level': 'ALL', 'message': '12-11 08:27:13.890   517  1099 I gcur    : (REDACTED) Initialize triggering managed lifecycle(%s)'}
{'timestamp': 1702276322365, 'level': 'ALL', 'message': '12-11 08:27:13.891   517   979 I gckv    : (REDACTED) Connection state changed: %s.'}
{'timestamp': 1702276322365, 'level': 'ALL', 'message': '12-11 08:27:13.893   517   517 I hvbt    : (REDACTED) Created gRPC endpoint for service %s'}
{'timestamp': 1702276322365, 'level': 'ALL', 'message': '12-11 08:27:13.894   517  1099 I zvn     : (REDACTED) Nga on-device enabled based on TNG:MA active state: %b'}
{'timestamp': 1702276322365, 'level': 'ALL', 'message': '12-11 08:27:13.895   517  1099 I gckv    : (REDACTED) Invocations routing has changed'}
{'timestamp': 1702276322365, 'level': 'ALL', 'message': '12-11 08:27:13.895   517  1099 I gckv    : %s'}
{'timestamp': 1702276322365, 'level': 'ALL', 'message': '12-11 08:27:13.898   517   979 I bltl    : (REDACTED) State changed: %s => %s (%s)'}
{'timestamp': 1702276322365, 'level': 'ALL', 'message': '12-11 08:27:13.898   517  1099 I cqpb    : (REDACTED) isRobinEligible:%s, isRobinOptIn:%s, isRobinIconEnabled:%s, isImageComponentEnabled:%s'}
{'timestamp': 1702276322365, 'level': 'ALL', 'message': '12-11 08:27:13.898   517   979 I cmzy    : (REDACTED) Robin eligibility : forceEnableRobinForSuwOptin %b'}
{'timestamp': 1702276322365, 'level': 'ALL', 'message': '12-11 08:27:13.898   517   979 I cmzy    : Robin eligibility: Robin experiment flag is disabled.'}
{'timestamp': 1702276322365, 'level': 'ALL', 'message': '12-11 08:27:13.899   517   979 I cmzy    : (REDACTED) Robin eligibility #evaluate: isEnabled = %s failure reasons: %s'}
{'timestamp': 1702276322365, 'level': 'ALL', 'message': '12-11 08:27:13.899   517   979 I cmzy    : (REDACTED) Robin eligibility : forceEnableRobinForSuwOptin %b'}
{'timestamp': 1702276322365, 'level': 'ALL', 'message': '12-11 08:27:13.899   517   979 I cmzy    : Robin eligibility: Robin experiment flag is disabled.'}
{'timestamp': 1702276322365, 'level': 'ALL', 'message': '12-11 08:27:13.900   517   979 I cmzy    : (REDACTED) Robin eligibility #evaluate: isEnabled = %s failure reasons: %s'}
{'timestamp': 1702276322365, 'level': 'ALL', 'message': '12-11 08:27:13.901   517   979 I cmzy    : (REDACTED) Robin eligibility : forceEnableRobinForSuwOptin %b'}
{'timestamp': 1702276322365, 'level': 'ALL', 'message': '12-11 08:27:13.901   517   979 I cmzy    : Robin eligibility: Robin experiment flag is disabled.'}
{'timestamp': 1702276322365, 'level': 'ALL', 'message': '12-11 08:27:13.901   517   979 I cmzy    : (REDACTED) Robin eligibility #evaluate: isEnabled = %s failure reasons: %s'}
{'timestamp': 1702276322365, 'level': 'ALL', 'message': '12-11 08:27:13.901   517   979 I cmzy    : (REDACTED) Robin eligibility : forceEnableRobinForSuwOptin %b'}
{'timestamp': 1702276322365, 'level': 'ALL', 'message': '12-11 08:27:13.901   517   979 I cmzy    : Robin eligibility: Robin experiment flag is disabled.'}
{'timestamp': 1702276322365, 'level': 'ALL', 'message': '12-11 08:27:13.901   517   979 I cmzy    : (REDACTED) Robin eligibility #evaluate: isEnabled = %s failure reasons: %s'}
{'timestamp': 1702276322365, 'level': 'ALL', 'message': '12-11 08:27:13.902   517   979 I gcvj    : (REDACTED) Platform configuration for connection(%s) has changed(@%s):%s'}
{'timestamp': 1702276322365, 'level': 'ALL', 'message': '12-11 08:27:13.902   517   979 I gcsi    : (REDACTED) On platform configuration update(@%s) in connection(%s).'}
{'timestamp': 1702276322365, 'level': 'ALL', 'message': '12-11 08:27:13.902   517   979 I cmrc    : (REDACTED) #FCF: Preferred assistant locale set %s'}
{'timestamp': 1702276322365, 'level': 'ALL', 'message': '12-11 08:27:13.902   517   979 I cmrc    : (REDACTED) #FCF: Preferred assistant locale set %s'}
{'timestamp': 1702276322365, 'level': 'ALL', 'message': '12-11 08:27:13.903   517   979 I cmhx    : (REDACTED) On platform configuration update(%s).'}
{'timestamp': 1702276322365, 'level': 'ALL', 'message': '12-11 08:27:13.903   517   979 I cmhx    : Received ConfigurationUpdate from Triggering API'}
{'timestamp': 1702276322365, 'level': 'ALL', 'message': '12-11 08:27:13.903   517   979 I cmrc    : (REDACTED) #FCF: Assistant primary locale : %s'}
{'timestamp': 1702276322365, 'level': 'ALL', 'message': '12-11 08:27:13.903   517   979 I cmrc    : (REDACTED) #FCF: Assistant Primary locale check status : %s'}
{'timestamp': 1702276322365, 'level': 'ALL', 'message': '12-11 08:27:13.904   517   979 I cmrw    : (REDACTED) FCF System FeatureName to check: %s'}
{'timestamp': 1702276322365, 'level': 'ALL', 'message': '12-11 08:27:13.904   517   979 I cmrw    : (REDACTED) FCF: Device model check status : %s'}
{'timestamp': 1702276322365, 'level': 'ALL', 'message': '12-11 08:27:13.904   517   979 I cmrc    : (REDACTED) #FCF: Assistant primary locale : %s'}
{'timestamp': 1702276322365, 'level': 'ALL', 'message': '12-11 08:27:13.904   517   979 I cmrc    : (REDACTED) #FCF: Assistant Primary locale check status : %s'}
{'timestamp': 1702276322365, 'level': 'ALL', 'message': '12-11 08:27:13.904   517   979 I cmrw    : (REDACTED) FCF System FeatureName to check: %s'}
{'timestamp': 1702276322365, 'level': 'ALL', 'message': '12-11 08:27:13.904   517   979 I cmrw    : (REDACTED) FCF: Device model check status : %s'}
{'timestamp': 1702276322365, 'level': 'ALL', 'message': '12-11 08:27:13.904   517   979 I gqel    : (REDACTED) #onConfigUpdate. requester: %s'}
{'timestamp': 1702276322365, 'level': 'ALL', 'message': '12-11 08:27:13.905   517  1099 I cqpb    : (REDACTED) %s was not found: %s'}
{'timestamp': 1702276322365, 'level': 'ALL', 'message': '12-11 08:27:13.907   517  1066 I ugl     : no assistant invocation found, returning 0.'}
{'timestamp': 1702276322365, 'level': 'ALL', 'message': '12-11 08:27:13.907   517  1099 I cmrw    : (REDACTED) FCF System FeatureName to check: %s'}
{'timestamp': 1702276322365, 'level': 'ALL', 'message': '12-11 08:27:13.907   517  1099 I cmrw    : (REDACTED) FCF: Device model check status : %s'}
{'timestamp': 1702276322365, 'level': 'ALL', 'message': '12-11 08:27:13.907   517  1099 I cmyg    : (REDACTED) #evaluate: isEnabled = %s failure reasons: %s'}
{'timestamp': 1702276322365, 'level': 'ALL', 'message': '12-11 08:27:13.907   517   979 I gqel    : #onConfigUpdate inside sequencer'}
{'timestamp': 1702276322365, 'level': 'ALL', 'message': '12-11 08:27:13.907   517  1099 I cmfn    : (REDACTED) #initialConfig Current Locale set to: %s'}
{'timestamp': 1702276322365, 'level': 'ALL', 'message': '12-11 08:27:13.908   517  1099 I cmfn    : (REDACTED) #initialConfig Assistant is currently enabled: %s'}
{'timestamp': 1702276322365, 'level': 'ALL', 'message': '12-11 08:27:13.908   517   979 I gqel    : (REDACTED) getAllConfigAndTakeAction called because of %s'}
{'timestamp': 1702276322365, 'level': 'ALL', 'message': '12-11 08:27:13.908   517  1099 I cmfn    : (REDACTED) #initialConfig InputModality is currently: %s'}
{'timestamp': 1702276322365, 'level': 'ALL', 'message': '12-11 08:27:13.908   517  1099 I cmfn    : (REDACTED) #initialConfig Speed Bump entry points: %s'}
{'timestamp': 1702276322365, 'level': 'ALL', 'message': '12-11 08:27:13.908   517  1099 I cmfn    : (REDACTED) #initialConfig Blocking oobe entrypoints: %s'}
{'timestamp': 1702276322365, 'level': 'ALL', 'message': '12-11 08:27:13.908   517  1099 I cmfn    : (REDACTED) #initialConfig Long Press Power Education entrypoints: %s'}
{'timestamp': 1702276322365, 'level': 'ALL', 'message': '12-11 08:27:13.908   517  1099 I cmfn    : (REDACTED) #initialConfig Robin entrypoints: %s'}
{'timestamp': 1702276322365, 'level': 'ALL', 'message': '12-11 08:27:13.908   517   979 I gqhi    : #getHotwordInformation'}
{'timestamp': 1702276322365, 'level': 'ALL', 'message': '12-11 08:27:13.913   517  1099 I cmfn    : (REDACTED) #initialConfig Preferred audio route type: %s'}
{'timestamp': 1702276322365, 'level': 'ALL', 'message': '12-11 08:27:13.913   517  1099 I cmfn    : (REDACTED) #initialConfig Earcons to be added: %s'}
{'timestamp': 1702276322365, 'level': 'ALL', 'message': '12-11 08:27:13.913   517  1099 I cmfn    : (REDACTED) #initialConfig Mic occupied behavior: %s'}
{'timestamp': 1702276322365, 'level': 'ALL', 'message': '12-11 08:27:13.914   517  1099 I cmfn    : (REDACTED) #initialConfig Headphone voice queries and spoken notifications status: %s'}
{'timestamp': 1702276322365, 'level': 'ALL', 'message': '12-11 08:27:13.915   517  1099 I cmib    : (REDACTED) Updated TngActivationStateResult %s'}
{'timestamp': 1702276322365, 'level': 'ALL', 'message': '12-11 08:27:13.915   517  1099 I cmib    : (REDACTED) Emit result=%s'}
{'timestamp': 1702276322365, 'level': 'ALL', 'message': '12-11 08:27:13.916   517  1099 I cmgb    : Scheduling setting Phenotype experience experiments id'}
{'timestamp': 1702276322365, 'level': 'ALL', 'message': '12-11 08:27:13.916   517  1099 I cmhx    : Client successfully connected!'}
{'timestamp': 1702276322365, 'level': 'ALL', 'message': '12-11 08:27:13.917   517   979 I gqhi    : #getHotwordInformation bindService'}
{'timestamp': 1702276322365, 'level': 'ALL', 'message': '12-11 08:27:13.919   517   979 I cmrw    : (REDACTED) FCF System FeatureName to check: %s'}
{'timestamp': 1702276322365, 'level': 'ALL', 'message': '12-11 08:27:13.919   517   979 I cmrw    : (REDACTED) FCF: Device model check status : %s'}
{'timestamp': 1702276322365, 'level': 'ALL', 'message': '12-11 08:27:13.919   517   979 I cmyg    : (REDACTED) #evaluate: isEnabled = %s failure reasons: %s'}
{'timestamp': 1702276322365, 'level': 'ALL', 'message': '12-11 08:27:13.919   517   979 I cmfn    : (REDACTED) #initialConfig Current Locale set to: %s'}
{'timestamp': 1702276322365, 'level': 'ALL', 'message': '12-11 08:27:13.919   517   979 I cmfn    : (REDACTED) #initialConfig Assistant is currently enabled: %s'}
{'timestamp': 1702276322365, 'level': 'ALL', 'message': '12-11 08:27:13.919   517   979 I cmfn    : (REDACTED) #initialConfig InputModality is currently: %s'}
{'timestamp': 1702276322365, 'level': 'ALL', 'message': '12-11 08:27:13.919   517   979 I cmfn    : (REDACTED) #initialConfig Speed Bump entry points: %s'}
{'timestamp': 1702276322365, 'level': 'ALL', 'message': '12-11 08:27:13.920   517   979 I cmfn    : (REDACTED) #initialConfig Blocking oobe entrypoints: %s'}
{'timestamp': 1702276322365, 'level': 'ALL', 'message': '12-11 08:27:13.920   517   979 I cmfn    : (REDACTED) #initialConfig Long Press Power Education entrypoints: %s'}
{'timestamp': 1702276322365, 'level': 'ALL', 'message': '12-11 08:27:13.920   517   979 I cmfn    : (REDACTED) #initialConfig Robin entrypoints: %s'}
{'timestamp': 1702276322365, 'level': 'ALL', 'message': '12-11 08:27:13.920   517   979 I cmfn    : (REDACTED) #initialConfig Preferred audio route type: %s'}
{'timestamp': 1702276322365, 'level': 'ALL', 'message': '12-11 08:27:13.920   517   979 I cmfn    : (REDACTED) #initialConfig Earcons to be added: %s'}
{'timestamp': 1702276322365, 'level': 'ALL', 'message': '12-11 08:27:13.920   517   979 I cmfn    : (REDACTED) #initialConfig Mic occupied behavior: %s'}
{'timestamp': 1702276322365, 'level': 'ALL', 'message': '12-11 08:27:13.920   517   979 I cmfn    : (REDACTED) #initialConfig Headphone voice queries and spoken notifications status: %s'}
{'timestamp': 1702276322365, 'level': 'ALL', 'message': '12-11 08:27:13.922   517   517 I gqhi    : (REDACTED) Connected to HotwordService. ComponentName %s, service %s'}
{'timestamp': 1702276322365, 'level': 'ALL', 'message': '12-11 08:27:13.922   517 10731 I gqhi    : Handing HotwordService connection in executor.'}
{'timestamp': 1702276322365, 'level': 'ALL', 'message': '12-11 08:27:13.924   517   979 I cmhx    : (REDACTED) starting updateConfig, reason: %s'}
{'timestamp': 1702276322365, 'level': 'ALL', 'message': '12-11 08:27:13.928   517  1099 I cmcg    : Calling speech biasing context session'}
{'timestamp': 1702276322365, 'level': 'ALL', 'message': '12-11 08:27:13.929   517  1099 I gcsi    : (REDACTED) New message(%s, @%s) received at connection(%s).'}
{'timestamp': 1702276322365, 'level': 'ALL', 'message': '12-11 08:27:13.931   517   979 I cmrw    : (REDACTED) FCF System FeatureName to check: %s'}
{'timestamp': 1702276322365, 'level': 'ALL', 'message': '12-11 08:27:13.931   517   979 I cmrw    : (REDACTED) FCF: Device model check status : %s'}
{'timestamp': 1702276322365, 'level': 'ALL', 'message': '12-11 08:27:13.932   517   979 I cmrw    : (REDACTED) FCF System FeatureName to check: %s'}
{'timestamp': 1702276322365, 'level': 'ALL', 'message': '12-11 08:27:13.932   517   979 I cmrw    : (REDACTED) FCF: Device model check status : %s'}
{'timestamp': 1702276322365, 'level': 'ALL', 'message': '12-11 08:27:13.932   517   979 I cmyg    : (REDACTED) #evaluate: isEnabled = %s failure reasons: %s'}
{'timestamp': 1702276322365, 'level': 'ALL', 'message': '12-11 08:27:13.932   517  1099 I gcsi    : (REDACTED) Setting client id(%s) at connection(%s).'}
{'timestamp': 1702276322365, 'level': 'ALL', 'message': '12-11 08:27:13.933   517   979 I cmrw    : (REDACTED) FCF System FeatureName to check: %s'}
{'timestamp': 1702276322365, 'level': 'ALL', 'message': '12-11 08:27:13.933   517  1099 I gcsi    : (REDACTED) Message(%s, @%s) has been successfully processed at connection(%s).'}
{'timestamp': 1702276322365, 'level': 'ALL', 'message': '12-11 08:27:13.933   517  1067 I cmrw    : (REDACTED) FCF System FeatureName to check: %s'}
{'timestamp': 1702276322365, 'level': 'ALL', 'message': '12-11 08:27:13.933   517  1067 I cmrw    : (REDACTED) FCF: Device model check status : %s'}
{'timestamp': 1702276322365, 'level': 'ALL', 'message': '12-11 08:27:13.938   517  1067 I cmrw    : (REDACTED) FCF System FeatureName to check: %s'}
{'timestamp': 1702276322365, 'level': 'ALL', 'message': '12-11 08:27:13.938   517  1067 I cmrw    : (REDACTED) FCF: Device model check status : %s'}
{'timestamp': 1702276322365, 'level': 'ALL', 'message': '12-11 08:27:13.938   517  1099 I cmqy    : #getEarcons'}
{'timestamp': 1702276322365, 'level': 'ALL', 'message': '12-11 08:27:13.938   517  1067 I cmyg    : (REDACTED) #evaluate: isEnabled = %s failure reasons: %s'}
{'timestamp': 1702276322365, 'level': 'ALL', 'message': '12-11 08:27:13.938   517  1067 I cmyi    : (REDACTED) #evaluate: isEnabled = %s failure reasons: %s'}
{'timestamp': 1702276322365, 'level': 'ALL', 'message': '12-11 08:27:13.938   517  1067 I cmrw    : (REDACTED) FCF System FeatureName to check: %s'}
{'timestamp': 1702276322365, 'level': 'ALL', 'message': '12-11 08:27:13.939   517  1067 I cmrw    : (REDACTED) FCF: Device model check status : %s'}
{'timestamp': 1702276322365, 'level': 'ALL', 'message': '12-11 08:27:13.939   517  1067 I cmyt    : (REDACTED) #evaluate: isEnabled[ = %s failure reasons: %s'}
{'timestamp': 1702276322365, 'level': 'ALL', 'message': '12-11 08:27:13.939   517  1067 I ckxv    : Not connecting: not eligible for ondevice ASR and fulfillment'}
{'timestamp': 1702276322365, 'level': 'ALL', 'message': '12-11 08:27:13.939   517   979 I cmrw    : (REDACTED) FCF: Device model check status : %s'}
{'timestamp': 1702276322365, 'level': 'ALL', 'message': '12-11 08:27:13.939   517   979 I cmyg    : (REDACTED) #evaluate: isEnabled = %s failure reasons: %s'}
{'timestamp': 1702276322365, 'level': 'ALL', 'message': '12-11 08:27:13.939   517   979 I cmrc    : (REDACTED) #FCF: Assistant primary locale : %s'}
{'timestamp': 1702276322365, 'level': 'ALL', 'message': '12-11 08:27:13.940   517   979 I cmrc    : (REDACTED) #FCF: Assistant Primary locale check status : %s'}
{'timestamp': 1702276322365, 'level': 'ALL', 'message': '12-11 08:27:13.940   517   979 I cmrc    : (REDACTED) #FCF: Preferred assistant locale set %s'}
{'timestamp': 1702276322365, 'level': 'ALL', 'message': '12-11 08:27:13.940   517   979 I cmrw    : (REDACTED) FCF System FeatureName to check: %s'}
{'timestamp': 1702276322365, 'level': 'ALL', 'message': '12-11 08:27:13.940   517   979 I cmrw    : (REDACTED) FCF: Device model check status : %s'}
{'timestamp': 1702276322365, 'level': 'ALL', 'message': '12-11 08:27:13.940   517   979 I cmrw    : (REDACTED) FCF System FeatureName to check: %s'}
{'timestamp': 1702276322365, 'level': 'ALL', 'message': '12-11 08:27:13.940   517   979 I cmrw    : (REDACTED) FCF: Device model check status : %s'}
{'timestamp': 1702276322365, 'level': 'ALL', 'message': '12-11 08:27:13.940   517   979 I cmyg    : (REDACTED) #evaluate: isEnabled = %s failure reasons: %s'}
{'timestamp': 1702276322365, 'level': 'ALL', 'message': '12-11 08:27:13.941   517  1099 I cnsv    : (REDACTED) #isBluetoothOrWiredHeadsetConnected Number of connected audio devices: %s'}
{'timestamp': 1702276322365, 'level': 'ALL', 'message': '12-11 08:27:13.941   517   979 I cmyi    : (REDACTED) #evaluate: isEnabled = %s failure reasons: %s'}
{'timestamp': 1702276322365, 'level': 'ALL', 'message': '12-11 08:27:13.941   517  1099 I gckv    : (REDACTED) Connection state changed: %s.'}
{'timestamp': 1702276322365, 'level': 'ALL', 'message': '12-11 08:27:13.931   653 10470 I awzr    : getLocaleToModelSpecsMap'}
{'timestamp': 1702276322365, 'level': 'ALL', 'message': '12-11 08:27:13.942   517  1099 I cmwf    : (REDACTED) #evaluate: isEnabled = %s failure reasons: %s'}
{'timestamp': 1702276322365, 'level': 'ALL', 'message': '12-11 08:27:13.942   517   979 I cmyn    : (REDACTED) #evaluate: isEnabled = %s failure reasons: %s'}
{'timestamp': 1702276322365, 'level': 'ALL', 'message': '12-11 08:27:13.942   653  1036 W aryj    : (REDACTED) %s task was not run. Callback from Service received after client was disposed.'}
{'timestamp': 1702276322365, 'level': 'ALL', 'message': '12-11 08:27:13.942   517   979 I cmrw    : (REDACTED) FCF System FeatureName to check: %s'}
{'timestamp': 1702276322365, 'level': 'ALL', 'message': '12-11 08:27:13.942   517   979 I cmrw    : (REDACTED) FCF: Device model check status : %s'}
{'timestamp': 1702276322365, 'level': 'ALL', 'message': '12-11 08:27:13.942   517   979 I cmrw    : (REDACTED) FCF System FeatureName to check: %s'}
{'timestamp': 1702276322365, 'level': 'ALL', 'message': '12-11 08:27:13.942   517  1099 I cmrc    : (REDACTED) #FCF: Preferred assistant locale set %s'}
{'timestamp': 1702276322365, 'level': 'ALL', 'message': '12-11 08:27:13.942   517   979 I cmrw    : (REDACTED) FCF: Device model check status : %s'}
{'timestamp': 1702276322365, 'level': 'ALL', 'message': '12-11 08:27:13.942   517   979 I cmrw    : (REDACTED) FCF System FeatureName to check: %s'}
{'timestamp': 1702276322365, 'level': 'ALL', 'message': '12-11 08:27:13.942   517   979 I cmrw    : (REDACTED) FCF: Device model check status : %s'}
{'timestamp': 1702276322365, 'level': 'ALL', 'message': '12-11 08:27:13.943   517  1099 I cmrw    : (REDACTED) FCF System FeatureName to check: %s'}
{'timestamp': 1702276322365, 'level': 'ALL', 'message': '12-11 08:27:13.943   517  1099 I cmrw    : (REDACTED) FCF: Device model check status : %s'}
{'timestamp': 1702276322365, 'level': 'ALL', 'message': '12-11 08:27:13.943   517  1099 I cmyt    : (REDACTED) #evaluate: isEnabled[ = %s failure reasons: %s'}
{'timestamp': 1702276322365, 'level': 'ALL', 'message': '12-11 08:27:13.943   517  1099 I cmys    : (REDACTED) #evaluate: isEnabled = %s failure reasons: %s'}
{'timestamp': 1702276322365, 'level': 'ALL', 'message': '12-11 08:27:13.943   653  1036 W aryj    : (REDACTED) %s task was not run. Callback from Service received after client was disposed.'}
{'timestamp': 1702276322365, 'level': 'ALL', 'message': '12-11 08:27:13.943   653  1036 W aryj    : (REDACTED) %s task was not run. Callback from Service received after client was disposed.'}
{'timestamp': 1702276322365, 'level': 'ALL', 'message': '12-11 08:27:13.943   517   979 I cmfn    : (REDACTED) Needs to download files: %s'}
{'timestamp': 1702276322365, 'level': 'ALL', 'message': '12-11 08:27:13.943   653  1036 W aryj    : (REDACTED) %s task was not run. Callback from Service received after client was disposed.'}
{'timestamp': 1702276322365, 'level': 'ALL', 'message': '12-11 08:27:13.943   517  1065 I ugl     : no assistant invocation found, returning 0.'}
{'timestamp': 1702276322365, 'level': 'ALL', 'message': '12-11 08:27:13.943   517  1099 I gckv    : (REDACTED) Invocations routing has changed'}
{'timestamp': 1702276322365, 'level': 'ALL', 'message': '12-11 08:27:13.943   517  1099 I gckv    : %s'}
{'timestamp': 1702276322365, 'level': 'ALL', 'message': '12-11 08:27:13.944   653  1036 W aryj    : (REDACTED) %s task was not run. Callback from Service received after client was disposed.'}
{'timestamp': 1702276322365, 'level': 'ALL', 'message': '12-11 08:27:13.944   653  1036 I chatty  : uid=10109(com.google.android.googlequicksearchbox) EventBus0 identical 1 line'}
{'timestamp': 1702276322365, 'level': 'ALL', 'message': '12-11 08:27:13.944   653  1036 W aryj    : (REDACTED) %s task was not run. Callback from Service received after client was disposed.'}
{'timestamp': 1702276322365, 'level': 'ALL', 'message': '12-11 08:27:13.944   517  1099 I cmzy    : (REDACTED) Robin eligibility : forceEnableRobinForSuwOptin %b'}
{'timestamp': 1702276322365, 'level': 'ALL', 'message': '12-11 08:27:13.944   517  1099 I cmzy    : Robin eligibility: Robin experiment flag is disabled.'}
{'timestamp': 1702276322365, 'level': 'ALL', 'message': '12-11 08:27:13.944   653  1036 W aryj    : (REDACTED) %s task was not run. Callback from Service received after client was disposed.'}
{'timestamp': 1702276322365, 'level': 'ALL', 'message': '12-11 08:27:13.950   517   979 I cmhx    : No changes in config detected'}
{'timestamp': 1702276322365, 'level': 'ALL', 'message': '12-11 08:27:13.950   517  1099 I cmzy    : (REDACTED) Robin eligibility #evaluate: isEnabled = %s failure reasons: %s'}
{'timestamp': 1702276322365, 'level': 'ALL', 'message': '12-11 08:27:13.950   517   979 I cmzy    : (REDACTED) Robin eligibility : forceEnableRobinForSuwOptin %b'}
{'timestamp': 1702276322365, 'level': 'ALL', 'message': '12-11 08:27:13.951   517   979 I cmzy    : Robin eligibility: Robin experiment flag is disabled.'}
{'timestamp': 1702276322365, 'level': 'ALL', 'message': '12-11 08:27:13.951   517  1099 I cmzy    : (REDACTED) Robin eligibility : forceEnableRobinForSuwOptin %b'}
{'timestamp': 1702276322365, 'level': 'ALL', 'message': '12-11 08:27:13.951   517   979 I cmzy    : (REDACTED) Robin eligibility #evaluate: isEnabled = %s failure reasons: %s'}
{'timestamp': 1702276322365, 'level': 'ALL', 'message': '12-11 08:27:13.951   517  1099 I cmzy    : Robin eligibility: Robin experiment flag is disabled.'}
{'timestamp': 1702276322365, 'level': 'ALL', 'message': '12-11 08:27:13.952   517  1099 I cmzy    : (REDACTED) Robin eligibility #evaluate: isEnabled = %s failure reasons: %s'}
{'timestamp': 1702276322365, 'level': 'ALL', 'message': '12-11 08:27:13.954   517  1099 I gcvj    : (REDACTED) Platform configuration for connection(%s) has changed(@%s):%s'}
{'timestamp': 1702276322365, 'level': 'ALL', 'message': '12-11 08:27:13.955   517  1099 I gcsi    : (REDACTED) On platform configuration update(@%s) in connection(%s).'}
{'timestamp': 1702276322365, 'level': 'ALL', 'message': '12-11 08:27:13.955   517  1099 I cmhx    : (REDACTED) On platform configuration update(%s).'}
{'timestamp': 1702276322365, 'level': 'ALL', 'message': '12-11 08:27:13.955   517  1099 I cmhx    : Received ConfigurationUpdate from Triggering API'}
{'timestamp': 1702276322365, 'level': 'ALL', 'message': '12-11 08:27:13.955   517  1099 I gdbo    : (REDACTED) On hotword consumer changed: %s.'}
{'timestamp': 1702276322365, 'level': 'ALL', 'message': '12-11 08:27:13.956   517  1065 I gcyb    : (REDACTED) Hotword consumer configuration has changed: %s.'}
{'timestamp': 1702276322365, 'level': 'ALL', 'message': '12-11 08:27:13.956   653 10470 I awzr    : Fetching latest config from MDD...'}
{'timestamp': 1702276322365, 'level': 'ALL', 'message': '12-11 08:27:13.957   517   979 I cmrc    : (REDACTED) #FCF: Preferred assistant locale set %s'}
{'timestamp': 1702276322365, 'level': 'ALL', 'message': '12-11 08:27:13.957   653 10470 I awzr    : (REDACTED) Found map of size: %d'}
{'timestamp': 1702276322365, 'level': 'ALL', 'message': '12-11 08:27:13.957   517  1065 I gczx    : (REDACTED) Updating HDM frontend with configuration=@%s.'}
{'timestamp': 1702276322365, 'level': 'ALL', 'message': '12-11 08:27:13.958   517   979 I cmrc    : (REDACTED) #FCF: Assistant primary locale : %s'}
{'timestamp': 1702276322365, 'level': 'ALL', 'message': '12-11 08:27:13.958   517   979 I cmrc    : (REDACTED) #FCF: Assistant Primary locale check status : %s'}
{'timestamp': 1702276322365, 'level': 'ALL', 'message': '12-11 08:27:13.958   653 10470 I axcj    : (REDACTED) hasHotwordEverywhere-%b'}
{'timestamp': 1702276322365, 'level': 'ALL', 'message': '12-11 08:27:13.958   517   979 I cmrw    : (REDACTED) FCF System FeatureName to check: %s'}
{'timestamp': 1702276322365, 'level': 'ALL', 'message': '12-11 08:27:13.958   517   979 I cmrw    : (REDACTED) FCF: Device model check status : %s'}
{'timestamp': 1702276322365, 'level': 'ALL', 'message': '12-11 08:27:13.959   517  1065 I gqel    : (REDACTED) #update. Operational mode passed in HotwordConfig is %s'}
{'timestamp': 1702276322365, 'level': 'ALL', 'message': '12-11 08:27:13.961   517  1099 I gqel    : (REDACTED) Receive Accountid: %s'}
{'timestamp': 1702276322365, 'level': 'ALL', 'message': '12-11 08:27:13.965   517   979 I cmrw    : (REDACTED) FCF System FeatureName to check: %s'}
{'timestamp': 1702276322365, 'level': 'ALL', 'message': '12-11 08:27:13.965   653 10470 I axed    : (REDACTED) #getHotwordModelFromMobstore [mobstoreUri: %s]'}
{'timestamp': 1702276322365, 'level': 'ALL', 'message': '12-11 08:27:13.965   517   979 I cmrw    : (REDACTED) FCF: Device model check status : %s'}
{'timestamp': 1702276322365, 'level': 'ALL', 'message': '12-11 08:27:13.965   517   979 I cmyg    : (REDACTED) #evaluate: isEnabled = %s failure reasons: %s'}
{'timestamp': 1702276322365, 'level': 'ALL', 'message': '12-11 08:27:13.965   517   979 I cmfn    : (REDACTED) #initialConfig Current Locale set to: %s'}
{'timestamp': 1702276322365, 'level': 'ALL', 'message': '12-11 08:27:13.965   517   979 I cmfn    : (REDACTED) #initialConfig Assistant is currently enabled: %s'}
{'timestamp': 1702276322365, 'level': 'ALL', 'message': '12-11 08:27:13.965   517   979 I cmfn    : (REDACTED) #initialConfig InputModality is currently: %s'}
{'timestamp': 1702276322365, 'level': 'ALL', 'message': '12-11 08:27:13.965   517   979 I cmfn    : (REDACTED) #initialConfig Speed Bump entry points: %s'}
{'timestamp': 1702276322365, 'level': 'ALL', 'message': '12-11 08:27:13.966   517   979 I cmfn    : (REDACTED) #initialConfig Blocking oobe entrypoints: %s'}
{'timestamp': 1702276322365, 'level': 'ALL', 'message': '12-11 08:27:13.966   517   979 I cmfn    : (REDACTED) #initialConfig Long Press Power Education entrypoints: %s'}
{'timestamp': 1702276322365, 'level': 'ALL', 'message': '12-11 08:27:13.966   517   979 I cmfn    : (REDACTED) #initialConfig Robin entrypoints: %s'}
{'timestamp': 1702276322365, 'level': 'ALL', 'message': '12-11 08:27:13.966   517   979 I cmfn    : (REDACTED) #initialConfig Preferred audio route type: %s'}
{'timestamp': 1702276322365, 'level': 'ALL', 'message': '12-11 08:27:13.966   517   979 I cmfn    : (REDACTED) #initialConfig Earcons to be added: %s'}
{'timestamp': 1702276322365, 'level': 'ALL', 'message': '12-11 08:27:13.966   517   979 I cmfn    : (REDACTED) #initialConfig Mic occupied behavior: %s'}
{'timestamp': 1702276322365, 'level': 'ALL', 'message': '12-11 08:27:13.966   517   979 I cmfn    : (REDACTED) #initialConfig Headphone voice queries and spoken notifications status: %s'}
{'timestamp': 1702276322365, 'level': 'ALL', 'message': '12-11 08:27:13.969   517  1099 I cmrw    : (REDACTED) FCF System FeatureName to check: %s'}
{'timestamp': 1702276322365, 'level': 'ALL', 'message': '12-11 08:27:13.969   517  1099 I cmrw    : (REDACTED) FCF: Device model check status : %s'}
{'timestamp': 1702276322365, 'level': 'ALL', 'message': '12-11 08:27:13.969   517   979 I cmrw    : (REDACTED) FCF System FeatureName to check: %s'}
{'timestamp': 1702276322365, 'level': 'ALL', 'message': '12-11 08:27:13.970   517  1099 I cmyg    : (REDACTED) #evaluate: isEnabled = %s failure reasons: %s'}
{'timestamp': 1702276322365, 'level': 'ALL', 'message': '12-11 08:27:13.970   517   979 I cmrw    : (REDACTED) FCF: Device model check status : %s'}
{'timestamp': 1702276322365, 'level': 'ALL', 'message': '12-11 08:27:13.970   517   979 I cmyg    : (REDACTED) #evaluate: isEnabled = %s failure reasons: %s'}
{'timestamp': 1702276322365, 'level': 'ALL', 'message': '12-11 08:27:13.970   517  1099 I cmrc    : (REDACTED) #FCF: Preferred assistant locale set %s'}
{'timestamp': 1702276322365, 'level': 'ALL', 'message': '12-11 08:27:13.970   517  1099 I cmrw    : (REDACTED) FCF System FeatureName to check: %s'}
{'timestamp': 1702276322365, 'level': 'ALL', 'message': '12-11 08:27:13.970   517  1099 I cmrw    : (REDACTED) FCF: Device model check status : %s'}
{'timestamp': 1702276322365, 'level': 'ALL', 'message': '12-11 08:27:13.970   517  1099 I cmrw    : (REDACTED) FCF System FeatureName to check: %s'}
{'timestamp': 1702276322365, 'level': 'ALL', 'message': '12-11 08:27:13.970   517  1099 I cmrw    : (REDACTED) FCF: Device model check status : %s'}
{'timestamp': 1702276322365, 'level': 'ALL', 'message': '12-11 08:27:13.971   517  1099 I cmyg    : (REDACTED) #evaluate: isEnabled = %s failure reasons: %s'}
{'timestamp': 1702276322365, 'level': 'ALL', 'message': '12-11 08:27:13.971   517  1099 I cmyi    : (REDACTED) #evaluate: isEnabled = %s failure reasons: %s'}
{'timestamp': 1702276322365, 'level': 'ALL', 'message': '12-11 08:27:13.971   517  1099 I cmyn    : (REDACTED) #evaluate: isEnabled = %s failure reasons: %s'}
{'timestamp': 1702276322365, 'level': 'ALL', 'message': '12-11 08:27:13.972   517   979 I cmrc    : (REDACTED) #FCF: Preferred assistant locale set %s'}
{'timestamp': 1702276322365, 'level': 'ALL', 'message': '12-11 08:27:13.973   517   979 I cmrw    : (REDACTED) FCF System FeatureName to check: %s'}
{'timestamp': 1702276322365, 'level': 'ALL', 'message': '12-11 08:27:13.973   517   979 I cmrw    : (REDACTED) FCF: Device model check status : %s'}
{'timestamp': 1702276322365, 'level': 'ALL', 'message': '12-11 08:27:13.973   517   979 I cmyt    : (REDACTED) #evaluate: isEnabled[ = %s failure reasons: %s'}
{'timestamp': 1702276322365, 'level': 'ALL', 'message': '12-11 08:27:13.973   517   979 I cmys    : (REDACTED) #evaluate: isEnabled = %s failure reasons: %s'}
{'timestamp': 1702276322365, 'level': 'ALL', 'message': '12-11 08:27:13.973   517   979 I cmfn    : (REDACTED) Needs to download files: %s'}
{'timestamp': 1702276322365, 'level': 'ALL', 'message': '12-11 08:27:13.973   517   979 I cmhx    : No changes in config detected'}
{'timestamp': 1702276322365, 'level': 'ALL', 'message': '12-11 08:27:13.983   653 10470 I HotwordService: (REDACTED) Model ID: %s'}
{'timestamp': 1702276322365, 'level': 'ALL', 'message': '12-11 08:27:13.983   653 10470 I HotwordService: (REDACTED) hotwordModelLocation is null %b, locale is %s, re-mapped Chinese locale %s'}
{'timestamp': 1702276322365, 'level': 'ALL', 'message': '12-11 08:27:13.984   653 10470 I HotwordService: (REDACTED) isOpaEligibleAndUserEnabled: %b'}
{'timestamp': 1702276322365, 'level': 'ALL', 'message': '12-11 08:27:13.996   517 10731 I gqhi    : HotwordInformation fetch will try to save hotword model.'}
{'timestamp': 1702276322365, 'level': 'ALL', 'message': '12-11 08:27:13.999   653  1036 W aryj    : (REDACTED) %s task was not run. Callback from Service received after client was disposed.'}
{'timestamp': 1702276322365, 'level': 'ALL', 'message': '12-11 08:27:13.999   653  1036 I bfqg    : (REDACTED) Initializing MicroDataManager InitializeType-%d, isForced-%b, isActivePhoneEnrollment-%b isActiveGoogleHomeEnrollment-%b'}
{'timestamp': 1702276322365, 'level': 'ALL', 'message': '12-11 08:27:14.000   653  1036 I awzr    : getLocaleToModelSpecsMap'}
{'timestamp': 1702276322365, 'level': 'ALL', 'message': '12-11 08:27:14.000   653  1036 I awzr    : Fetching latest config from MDD...'}
{'timestamp': 1702276322365, 'level': 'ALL', 'message': '12-11 08:27:14.000   653  1036 I awzr    : (REDACTED) Found map of size: %d'}
{'timestamp': 1702276322365, 'level': 'ALL', 'message': '12-11 08:27:14.000   653  1036 I axdu    : (REDACTED) Location for model with model type: %s and locale: %s, is : %s'}
{'timestamp': 1702276322365, 'level': 'ALL', 'message': '12-11 08:27:14.001   517   979 I gqhi    : Save the hotword model in the HotwordInformation.'}
{'timestamp': 1702276322365, 'level': 'ALL', 'message': '12-11 08:27:14.002   517   979 I gqel    : getHotwordInformationWithRetry returned.'}
{'timestamp': 1702276322365, 'level': 'ALL', 'message': '12-11 08:27:14.004   653  1036 I axcj    : (REDACTED) isOpaHotwordEnabled: %b'}
{'timestamp': 1702276322365, 'level': 'ALL', 'message': '12-11 08:27:14.005   653  1036 I axcj    : Disabling the hotword detector.'}
{'timestamp': 1702276322365, 'level': 'ALL', 'message': '12-11 08:27:14.008   653  1036 I aqdh    : (REDACTED) #takeChangeMicroDetectorMode [mIsBargeInEnabled: %b, mCurrentDetectionMode: %s]'}
{'timestamp': 1702276322366, 'level': 'ALL', 'message': '12-11 08:27:14.008   653  1036 I aqdh    : (REDACTED) Should stop hotword detection immediately - %b'}
{'timestamp': 1702276322366, 'level': 'ALL', 'message': '12-11 08:27:14.009   653  1036 I axcj    : (REDACTED) isOpaHotwordEnabled: %b'}
{'timestamp': 1702276322366, 'level': 'ALL', 'message': '12-11 08:27:14.009   653  1036 I axcj    : Disabling the hotword detector.'}
{'timestamp': 1702276322366, 'level': 'ALL', 'message': '12-11 08:27:14.010   653   653 I hvbt    : (REDACTED) Created gRPC endpoint for service %s'}
{'timestamp': 1702276322366, 'level': 'ALL', 'message': '12-11 08:27:14.010   517  1099 I gqel    : (REDACTED) #onConfigUpdate. requester: %s'}
{'timestamp': 1702276322366, 'level': 'ALL', 'message': '12-11 08:27:14.011   517 10731 I gqhi    : onSuccess getHotwordInformation'}
{'timestamp': 1702276322366, 'level': 'ALL', 'message': '12-11 08:27:14.012   653  1036 I aqdh    : (REDACTED) #takeChangeMicroDetectorMode [mIsBargeInEnabled: %b, mCurrentDetectionMode: %s]'}
{'timestamp': 1702276322366, 'level': 'ALL', 'message': '12-11 08:27:14.012   653  1036 I aqdh    : (REDACTED) Should stop hotword detection immediately - %b'}
{'timestamp': 1702276322366, 'level': 'ALL', 'message': '12-11 08:27:14.013   653  1036 W aryj    : (REDACTED) %s task was not run. Callback from Service received after client was disposed.'}
{'timestamp': 1702276322366, 'level': 'ALL', 'message': '12-11 08:27:14.013   653  1036 I chatty  : uid=10109(com.google.android.googlequicksearchbox) EventBus0 identical 1 line'}
{'timestamp': 1702276322366, 'level': 'ALL', 'message': '12-11 08:27:14.015   653  1036 W aryj    : (REDACTED) %s task was not run. Callback from Service received after client was disposed.'}
{'timestamp': 1702276322366, 'level': 'ALL', 'message': '12-11 08:27:14.021   517  1099 I gqel    : (REDACTED) #onConfigUpdate. requester: %s'}
{'timestamp': 1702276322366, 'level': 'ALL', 'message': '12-11 08:27:14.024   653  8458 I bxhq    : (REDACTED) Deleted sessionId[%d] from persistence.'}
{'timestamp': 1702276322366, 'level': 'ALL', 'message': '12-11 08:27:14.026   653  1036 W apkf    : Abort, client detached.'}
{'timestamp': 1702276322366, 'level': 'ALL', 'message': '12-11 08:27:14.030   653  1036 I bnpw    : (REDACTED) taskGraphFactory: %s#%d'}
{'timestamp': 1702276322366, 'level': 'ALL', 'message': '12-11 08:27:14.036   653  1036 I axcj    : (REDACTED) isOpaHotwordEnabled: %b'}
{'timestamp': 1702276322366, 'level': 'ALL', 'message': '12-11 08:27:14.036   653  1036 I axcj    : Disabling the hotword detector.'}
{'timestamp': 1702276322366, 'level': 'ALL', 'message': '12-11 08:27:14.038   653  1036 I aqdh    : (REDACTED) #takeChangeMicroDetectorMode [mIsBargeInEnabled: %b, mCurrentDetectionMode: %s]'}
{'timestamp': 1702276322366, 'level': 'ALL', 'message': '12-11 08:27:14.038   653  1036 I aqdh    : (REDACTED) Should stop hotword detection immediately - %b'}
{'timestamp': 1702276322366, 'level': 'ALL', 'message': '12-11 08:27:14.041   653  1036 I awzr    : getLocaleToModelSpecsMap'}
{'timestamp': 1702276322366, 'level': 'ALL', 'message': '12-11 08:27:14.041   517  1099 I gqel    : (REDACTED) #onConfigUpdate. requester: %s'}
{'timestamp': 1702276322366, 'level': 'ALL', 'message': '12-11 08:27:14.041   653  1036 I awzr    : Fetching latest config from MDD...'}
{'timestamp': 1702276322366, 'level': 'ALL', 'message': '12-11 08:27:14.041   653  1036 I awzr    : (REDACTED) Found map of size: %d'}
{'timestamp': 1702276322366, 'level': 'ALL', 'message': '12-11 08:27:14.041   653  1036 W apln    : (REDACTED) Client : %s has no associated SessionController'}
{'timestamp': 1702276322366, 'level': 'ALL', 'message': '12-11 08:27:14.046   517  1099 I gqel    : getHotwordConfig and getHotwordSettingState returned.'}
{'timestamp': 1702276322366, 'level': 'ALL', 'message': "12-11 08:27:14.046   517  1099 W KeyphraseEnrollmentInfo: No enrollment application supports the given keyphrase/locale: 'X Google'/ru_RU"}
{'timestamp': 1702276322366, 'level': 'ALL', 'message': "12-11 08:27:14.046   517  1099 W KeyphraseEnrollmentInfo: No enrollment application supports the given keyphrase/locale: 'X Google'/ru_RU"}
{'timestamp': 1702276322366, 'level': 'ALL', 'message': "12-11 08:27:14.046   517  1099 W KeyphraseEnrollmentInfo: No enrollment application supports the given keyphrase/locale: 'X Google'/ar_EG"}
{'timestamp': 1702276322366, 'level': 'ALL', 'message': "12-11 08:27:14.046   517  1099 W KeyphraseEnrollmentInfo: No enrollment application supports the given keyphrase/locale: 'X Google'/en_US"}
{'timestamp': 1702276322366, 'level': 'ALL', 'message': '12-11 08:27:14.046   517  1099 W gqat    : (REDACTED) #getDspEnrollmentFallbackLocale cannot find a fallback locale for %s.'}
{'timestamp': 1702276322366, 'level': 'ALL', 'message': "12-11 08:27:14.046   517  1099 W KeyphraseEnrollmentInfo: No enrollment application supports the given keyphrase/locale: 'Ok Google'/ru_RU"}
{'timestamp': 1702276322366, 'level': 'ALL', 'message': "12-11 08:27:14.046   517  1099 W KeyphraseEnrollmentInfo: No enrollment application supports the given keyphrase/locale: 'Ok Google'/ar_EG"}
{'timestamp': 1702276322366, 'level': 'ALL', 'message': "12-11 08:27:14.046   517  1099 W KeyphraseEnrollmentInfo: No enrollment application supports the given keyphrase/locale: 'Ok Google'/en_US"}
{'timestamp': 1702276322366, 'level': 'ALL', 'message': '12-11 08:27:14.046   517  1099 W gqat    : (REDACTED) #getDspEnrollmentFallbackLocale cannot find a fallback locale for %s.'}
{'timestamp': 1702276322366, 'level': 'ALL', 'message': '12-11 08:27:14.046   517  1099 I gqel    : (REDACTED) #getAllConfigAndTakeAction KeyphraseAndLocaleSupportResult. locale : %s, dsp locale : %s, keyphrase : %s, DSP keyphrase : %s, isKeyphraseAndLocaleSupported : %b.'}
{'timestamp': 1702276322366, 'level': 'ALL', 'message': '12-11 08:27:14.047   517  1099 I gqat    : #canUseDownloadDspModel: no DspModelInformationAvailable'}
{'timestamp': 1702276322366, 'level': 'ALL', 'message': '12-11 08:27:14.047   517  1099 I gqel    : (REDACTED) isDspHotwordSupportedByPlatform = %b, isDspHotwordModelAvailable = %b'}
{'timestamp': 1702276322366, 'level': 'ALL', 'message': '12-11 08:27:14.047   517  1099 I gqay    : (REDACTED) Voice Match (Speaker-id) supported : %b'}
{'timestamp': 1702276322366, 'level': 'ALL', 'message': '12-11 08:27:14.047   517  1099 I gqay    : (REDACTED) hotword enrollment state is enrolled:  %b, speakerId model exist: %b. Voice Match supported : %b'}
{'timestamp': 1702276322366, 'level': 'ALL', 'message': '12-11 08:27:14.047   517  1099 I gqay    : (REDACTED) isHotwordAvailable():  %b, isHotwordEnabled() %b'}
{'timestamp': 1702276322366, 'level': 'ALL', 'message': '12-11 08:27:14.047   517  1099 I gqay    : (REDACTED) Hotword enrollment state : %s.'}
{'timestamp': 1702276322366, 'level': 'ALL', 'message': '12-11 08:27:14.047   517  1099 I gqay    : (REDACTED) Voice Match (Speaker-id) supported : %b'}
{'timestamp': 1702276322366, 'level': 'ALL', 'message': '12-11 08:27:14.047   517  1099 I gqay    : (REDACTED) Hotword enrollment state : %s.'}
{'timestamp': 1702276322366, 'level': 'ALL', 'message': '12-11 08:27:14.049   517  1099 I gqfh    : (REDACTED) Operational mode passed in HotwordConfig is %s'}
{'timestamp': 1702276322366, 'level': 'ALL', 'message': '12-11 08:27:14.049   517  1099 I gqay    : (REDACTED) Voice Match (Speaker-id) supported : %b'}
{'timestamp': 1702276322366, 'level': 'ALL', 'message': '12-11 08:27:14.050   517  1099 I gqay    : (REDACTED) Voice Match (Speaker-id) supported : %b'}
{'timestamp': 1702276322366, 'level': 'ALL', 'message': '12-11 08:27:14.050   517  1099 I gqay    : (REDACTED) hotword enrollment state is enrolled:  %b, speakerId model exist: %b, voice match supported : %b'}
{'timestamp': 1702276322366, 'level': 'ALL', 'message': '12-11 08:27:14.050   517  1099 I gqay    : (REDACTED) Hotword enrollment state : %s.'}
{'timestamp': 1702276322366, 'level': 'ALL', 'message': '12-11 08:27:14.050   517  1099 I gqay    : (REDACTED) Hotword isNonVoiceMatchHotwordEnabled: %b, isHotwordAvailable: %b, isHotwordEnabled: %b, isVoiceMatchSupported: %b, isHotwordEnrolled: %b,'}
{'timestamp': 1702276322366, 'level': 'ALL', 'message': '12-11 08:27:14.050   517  1099 I gqay    : (REDACTED) Hotword enrollment state : %s.'}
{'timestamp': 1702276322366, 'level': 'ALL', 'message': '12-11 08:27:14.050   517  1099 I gqez    : (REDACTED) #getNextAction. Voice match enabled: %b. Hotword (non-Voice Match) enabled: %b, incomplete enrollment state: %b, screen on: %b, screen locked: %b dsp available: %b'}
{'timestamp': 1702276322366, 'level': 'ALL', 'message': '12-11 08:27:14.050   517  1099 I gqez    : (REDACTED) No operation needed since hotword detection is not running. Voice match enabled : %b. Hotword (non-Voice Match) enabled : %b, Is screen on : %b.'}
{'timestamp': 1702276322366, 'level': 'ALL', 'message': '12-11 08:27:14.050   517  1099 I gqel    : No detectors created before, no need to reconfig.'}
{'timestamp': 1702276322366, 'level': 'ALL', 'message': '12-11 08:27:14.050   517  1099 I gqel    : (REDACTED) Get the next action %s for requester %s.'}
{'timestamp': 1702276322366, 'level': 'ALL', 'message': '12-11 08:27:14.050   517  1099 I gqel    : (REDACTED) Hotword detection is running : %b, no further operation required.'}
{'timestamp': 1702276322366, 'level': 'ALL', 'message': '12-11 08:27:14.051   517  1099 I gqay    : (REDACTED) isHotwordAvailable():  %b, isHotwordEnabled() %b'}
{'timestamp': 1702276322366, 'level': 'ALL', 'message': '12-11 08:27:14.051   517  1099 I gqel    : #logRequestHandlingNonErrorEndEvent. Reset requestIdOfFirstError, firstStartErrorCausesRetry and numOfRetriesDoneForDspStartErrors!'}
{'timestamp': 1702276322366, 'level': 'ALL', 'message': '12-11 08:27:14.051   517   979 I gqel    : #update inside sequencer'}
{'timestamp': 1702276322366, 'level': 'ALL', 'message': '12-11 08:27:14.051   517   979 I gqel    : #update inside sequencer after logAppFlowAfterAccountHandled finished.'}
{'timestamp': 1702276322366, 'level': 'ALL', 'message': '12-11 08:27:14.051   517   979 I gqel    : (REDACTED) needRefetchHotwordConfig: %b, accountChanged: %b, currentLocale: %s, newLocale: %s'}
{'timestamp': 1702276322366, 'level': 'ALL', 'message': '12-11 08:27:14.051   517   979 I gqel    : (REDACTED) getAllConfigAndTakeAction called because of %s'}
{'timestamp': 1702276322366, 'level': 'ALL', 'message': '12-11 08:27:14.051   653   944 I gqii    : (REDACTED) Calling setIsModelTypeDspSupported %s'}
{'timestamp': 1702276322366, 'level': 'ALL', 'message': "12-11 08:27:14.052   517   979 W KeyphraseEnrollmentInfo: No enrollment application supports the given keyphrase/locale: 'X Google'/ru_RU"}
{'timestamp': 1702276322366, 'level': 'ALL', 'message': "12-11 08:27:14.052   517   979 W KeyphraseEnrollmentInfo: No enrollment application supports the given keyphrase/locale: 'X Google'/ru_RU"}
{'timestamp': 1702276322366, 'level': 'ALL', 'message': "12-11 08:27:14.052   517   979 W KeyphraseEnrollmentInfo: No enrollment application supports the given keyphrase/locale: 'X Google'/ar_EG"}
{'timestamp': 1702276322366, 'level': 'ALL', 'message': "12-11 08:27:14.052   517   979 W KeyphraseEnrollmentInfo: No enrollment application supports the given keyphrase/locale: 'X Google'/en_US"}
{'timestamp': 1702276322366, 'level': 'ALL', 'message': '12-11 08:27:14.052   517   979 W gqat    : (REDACTED) #getDspEnrollmentFallbackLocale cannot find a fallback locale for %s.'}
{'timestamp': 1702276322366, 'level': 'ALL', 'message': "12-11 08:27:14.052   517   979 W KeyphraseEnrollmentInfo: No enrollment application supports the given keyphrase/locale: 'Ok Google'/ru_RU"}
{'timestamp': 1702276322366, 'level': 'ALL', 'message': "12-11 08:27:14.052   517   979 W KeyphraseEnrollmentInfo: No enrollment application supports the given keyphrase/locale: 'Ok Google'/ar_EG"}
{'timestamp': 1702276322366, 'level': 'ALL', 'message': "12-11 08:27:14.052   517   979 W KeyphraseEnrollmentInfo: No enrollment application supports the given keyphrase/locale: 'Ok Google'/en_US"}
{'timestamp': 1702276322366, 'level': 'ALL', 'message': '12-11 08:27:14.052   517   979 W gqat    : (REDACTED) #getDspEnrollmentFallbackLocale cannot find a fallback locale for %s.'}
{'timestamp': 1702276322366, 'level': 'ALL', 'message': '12-11 08:27:14.052   517   979 I gqel    : (REDACTED) #getAllConfigAndTakeAction KeyphraseAndLocaleSupportResult. locale : %s, dsp locale : %s, keyphrase : %s, DSP keyphrase : %s, isKeyphraseAndLocaleSupported : %b.'}
{'timestamp': 1702276322366, 'level': 'ALL', 'message': '12-11 08:27:14.052   517   979 I gqat    : #canUseDownloadDspModel: no DspModelInformationAvailable'}
{'timestamp': 1702276322366, 'level': 'ALL', 'message': '12-11 08:27:14.052   517   979 I gqel    : (REDACTED) isDspHotwordSupportedByPlatform = %b, isDspHotwordModelAvailable = %b'}
{'timestamp': 1702276322366, 'level': 'ALL', 'message': '12-11 08:27:14.052   517  1099 I gqay    : (REDACTED) Voice Match (Speaker-id) supported : %b'}
{'timestamp': 1702276322366, 'level': 'ALL', 'message': '12-11 08:27:14.052   517  1099 I gqay    : (REDACTED) hotword enrollment state is enrolled:  %b, speakerId model exist: %b. Voice Match supported : %b'}
{'timestamp': 1702276322366, 'level': 'ALL', 'message': '12-11 08:27:14.052   517  1099 I gqay    : (REDACTED) isHotwordAvailable():  %b, isHotwordEnabled() %b'}
{'timestamp': 1702276322366, 'level': 'ALL', 'message': '12-11 08:27:14.052   517  1099 I gqay    : (REDACTED) Hotword enrollment state : %s.'}
{'timestamp': 1702276322366, 'level': 'ALL', 'message': '12-11 08:27:14.053   517  1099 I gqay    : (REDACTED) Voice Match (Speaker-id) supported : %b'}
{'timestamp': 1702276322366, 'level': 'ALL', 'message': '12-11 08:27:14.053   517  1099 I gqay    : (REDACTED) Hotword enrollment state : %s.'}
{'timestamp': 1702276322366, 'level': 'ALL', 'message': '12-11 08:27:14.055   517  1099 I gqfh    : (REDACTED) Operational mode passed in HotwordConfig is %s'}
{'timestamp': 1702276322366, 'level': 'ALL', 'message': '12-11 08:27:14.056   517  1099 I gqay    : (REDACTED) Voice Match (Speaker-id) supported : %b'}
{'timestamp': 1702276322366, 'level': 'ALL', 'message': '12-11 08:27:14.056   517  1099 I gqay    : (REDACTED) Voice Match (Speaker-id) supported : %b'}
{'timestamp': 1702276322366, 'level': 'ALL', 'message': '12-11 08:27:14.056   517  1099 I gqay    : (REDACTED) hotword enrollment state is enrolled:  %b, speakerId model exist: %b, voice match supported : %b'}
{'timestamp': 1702276322366, 'level': 'ALL', 'message': '12-11 08:27:14.056   517  1099 I gqay    : (REDACTED) Hotword enrollment state : %s.'}
{'timestamp': 1702276322366, 'level': 'ALL', 'message': '12-11 08:27:14.056   517  1099 I gqay    : (REDACTED) Hotword isNonVoiceMatchHotwordEnabled: %b, isHotwordAvailable: %b, isHotwordEnabled: %b, isVoiceMatchSupported: %b, isHotwordEnrolled: %b,'}
{'timestamp': 1702276322366, 'level': 'ALL', 'message': '12-11 08:27:14.056   517  1099 I gqay    : (REDACTED) Hotword enrollment state : %s.'}
{'timestamp': 1702276322366, 'level': 'ALL', 'message': '12-11 08:27:14.056   517  1099 I gqez    : (REDACTED) #getNextAction. Voice match enabled: %b. Hotword (non-Voice Match) enabled: %b, incomplete enrollment state: %b, screen on: %b, screen locked: %b dsp available: %b'}
{'timestamp': 1702276322366, 'level': 'ALL', 'message': '12-11 08:27:14.057   517  1099 I gqez    : (REDACTED) No operation needed since hotword detection is not running. Voice match enabled : %b. Hotword (non-Voice Match) enabled : %b, Is screen on : %b.'}
{'timestamp': 1702276322366, 'level': 'ALL', 'message': '12-11 08:27:14.057   517  1099 I gqel    : No detectors created before, no need to reconfig.'}
{'timestamp': 1702276322366, 'level': 'ALL', 'message': '12-11 08:27:14.057   517  1099 I gqel    : (REDACTED) Get the next action %s for requester %s.'}
{'timestamp': 1702276322366, 'level': 'ALL', 'message': '12-11 08:27:14.058   517  1099 I gqel    : (REDACTED) Hotword detection is running : %b, no further operation required.'}
{'timestamp': 1702276322366, 'level': 'ALL', 'message': '12-11 08:27:14.058   517  1099 I gqay    : (REDACTED) isHotwordAvailable():  %b, isHotwordEnabled() %b'}
{'timestamp': 1702276322366, 'level': 'ALL', 'message': '12-11 08:27:14.058   517  1099 I gqel    : #logRequestHandlingNonErrorEndEvent. Reset requestIdOfFirstError, firstStartErrorCausesRetry and numOfRetriesDoneForDspStartErrors!'}
{'timestamp': 1702276322366, 'level': 'ALL', 'message': '12-11 08:27:14.059   653   959 I gqii    : (REDACTED) Calling setIsModelTypeDspSupported %s'}
{'timestamp': 1702276322366, 'level': 'ALL', 'message': '12-11 08:27:14.059   517   979 I gqel    : #onConfigUpdate inside sequencer'}
{'timestamp': 1702276322366, 'level': 'ALL', 'message': '12-11 08:27:14.059   517   979 I gqel    : (REDACTED) getAllConfigAndTakeAction called because of %s'}
{'timestamp': 1702276322366, 'level': 'ALL', 'message': '12-11 08:27:14.059   517   979 I gqhi    : #getHotwordInformation'}
{'timestamp': 1702276322366, 'level': 'ALL', 'message': '12-11 08:27:14.062   517  1065 I gczx    : (REDACTED) Frontend=%s has been updated to configuration=%s.'}
{'timestamp': 1702276322366, 'level': 'ALL', 'message': '12-11 08:27:14.067   517   979 I gqhi    : #getHotwordInformation bindService'}
{'timestamp': 1702276322366, 'level': 'ALL', 'message': '12-11 08:27:14.071   517   517 I gqhi    : (REDACTED) Connected to HotwordService. ComponentName %s, service %s'}
{'timestamp': 1702276322366, 'level': 'ALL', 'message': '12-11 08:27:14.073   517 10731 I gqhi    : Handing HotwordService connection in executor.'}
{'timestamp': 1702276322366, 'level': 'ALL', 'message': '12-11 08:27:14.076   653  1856 I awzr    : getLocaleToModelSpecsMap'}
{'timestamp': 1702276322366, 'level': 'ALL', 'message': '12-11 08:27:14.077   653  1856 I awzr    : Fetching latest config from MDD...'}
{'timestamp': 1702276322366, 'level': 'ALL', 'message': '12-11 08:27:14.078   653  1856 I awzr    : (REDACTED) Found map of size: %d'}
{'timestamp': 1702276322366, 'level': 'ALL', 'message': '12-11 08:27:14.081   653  1856 I axcj    : (REDACTED) hasHotwordEverywhere-%b'}
{'timestamp': 1702276322366, 'level': 'ALL', 'message': '12-11 08:27:14.086   653  1856 I axed    : (REDACTED) #getHotwordModelFromMobstore [mobstoreUri: %s]'}
{'timestamp': 1702276322366, 'level': 'ALL', 'message': '12-11 08:27:14.097   653  1856 I HotwordService: (REDACTED) Model ID: %s'}
{'timestamp': 1702276322366, 'level': 'ALL', 'message': '12-11 08:27:14.097   653  1856 I HotwordService: (REDACTED) hotwordModelLocation is null %b, locale is %s, re-mapped Chinese locale %s'}
{'timestamp': 1702276322366, 'level': 'ALL', 'message': '12-11 08:27:14.097   653  1856 I HotwordService: (REDACTED) isOpaEligibleAndUserEnabled: %b'}
{'timestamp': 1702276322366, 'level': 'ALL', 'message': '12-11 08:27:14.102   517 10731 I gqhi    : HotwordInformation fetch will try to save hotword model.'}
{'timestamp': 1702276322366, 'level': 'ALL', 'message': '12-11 08:27:14.104   517 10731 I gqhi    : onSuccess getHotwordInformation'}
{'timestamp': 1702276322366, 'level': 'ALL', 'message': '12-11 08:27:14.104   653  1036 W apln    : (REDACTED) Client : %s has no associated SessionController'}
{'timestamp': 1702276322366, 'level': 'ALL', 'message': '12-11 08:27:14.107   517  1099 I gqhi    : Save the hotword model in the HotwordInformation.'}
{'timestamp': 1702276322366, 'level': 'ALL', 'message': '12-11 08:27:14.107   517  1099 I gqel    : getHotwordInformationWithRetry returned.'}
{'timestamp': 1702276322366, 'level': 'ALL', 'message': '12-11 08:27:14.115   517   979 I gqel    : getHotwordConfig and getHotwordSettingState returned.'}
{'timestamp': 1702276322366, 'level': 'ALL', 'message': "12-11 08:27:14.116   517   979 W KeyphraseEnrollmentInfo: No enrollment application supports the given keyphrase/locale: 'X Google'/ru_RU"}
{'timestamp': 1702276322366, 'level': 'ALL', 'message': "12-11 08:27:14.116   517   979 W KeyphraseEnrollmentInfo: No enrollment application supports the given keyphrase/locale: 'X Google'/ru_RU"}
{'timestamp': 1702276322366, 'level': 'ALL', 'message': "12-11 08:27:14.116   517   979 W KeyphraseEnrollmentInfo: No enrollment application supports the given keyphrase/locale: 'X Google'/ar_EG"}
{'timestamp': 1702276322366, 'level': 'ALL', 'message': "12-11 08:27:14.116   517   979 W KeyphraseEnrollmentInfo: No enrollment application supports the given keyphrase/locale: 'X Google'/en_US"}
{'timestamp': 1702276322366, 'level': 'ALL', 'message': '12-11 08:27:14.116   517   979 W gqat    : (REDACTED) #getDspEnrollmentFallbackLocale cannot find a fallback locale for %s.'}
{'timestamp': 1702276322366, 'level': 'ALL', 'message': "12-11 08:27:14.116   517   979 W KeyphraseEnrollmentInfo: No enrollment application supports the given keyphrase/locale: 'Ok Google'/ru_RU"}
{'timestamp': 1702276322366, 'level': 'ALL', 'message': "12-11 08:27:14.116   517   979 W KeyphraseEnrollmentInfo: No enrollment application supports the given keyphrase/locale: 'Ok Google'/ar_EG"}
{'timestamp': 1702276322366, 'level': 'ALL', 'message': "12-11 08:27:14.116   517   979 W KeyphraseEnrollmentInfo: No enrollment application supports the given keyphrase/locale: 'Ok Google'/en_US"}
{'timestamp': 1702276322366, 'level': 'ALL', 'message': '12-11 08:27:14.116   517   979 W gqat    : (REDACTED) #getDspEnrollmentFallbackLocale cannot find a fallback locale for %s.'}
{'timestamp': 1702276322366, 'level': 'ALL', 'message': '12-11 08:27:14.116   517   979 I gqel    : (REDACTED) #getAllConfigAndTakeAction KeyphraseAndLocaleSupportResult. locale : %s, dsp locale : %s, keyphrase : %s, DSP keyphrase : %s, isKeyphraseAndLocaleSupported : %b.'}
{'timestamp': 1702276322366, 'level': 'ALL', 'message': '12-11 08:27:14.117   517   979 I gqat    : #canUseDownloadDspModel: no DspModelInformationAvailable'}
{'timestamp': 1702276322366, 'level': 'ALL', 'message': '12-11 08:27:14.117   517   979 I gqel    : (REDACTED) isDspHotwordSupportedByPlatform = %b, isDspHotwordModelAvailable = %b'}
{'timestamp': 1702276322366, 'level': 'ALL', 'message': '12-11 08:27:14.117   517   979 I gqay    : (REDACTED) Voice Match (Speaker-id) supported : %b'}
{'timestamp': 1702276322366, 'level': 'ALL', 'message': '12-11 08:27:14.117   517   979 I gqay    : (REDACTED) hotword enrollment state is enrolled:  %b, speakerId model exist: %b. Voice Match supported : %b'}
{'timestamp': 1702276322366, 'level': 'ALL', 'message': '12-11 08:27:14.117   517   979 I gqay    : (REDACTED) isHotwordAvailable():  %b, isHotwordEnabled() %b'}
{'timestamp': 1702276322366, 'level': 'ALL', 'message': '12-11 08:27:14.117   517   979 I gqay    : (REDACTED) Hotword enrollment state : %s.'}
{'timestamp': 1702276322366, 'level': 'ALL', 'message': '12-11 08:27:14.117   517   979 I gqay    : (REDACTED) Voice Match (Speaker-id) supported : %b'}
{'timestamp': 1702276322366, 'level': 'ALL', 'message': '12-11 08:27:14.117   517   979 I gqay    : (REDACTED) Hotword enrollment state : %s.'}
{'timestamp': 1702276322366, 'level': 'ALL', 'message': '12-11 08:27:14.118   517   979 I gqfh    : (REDACTED) Operational mode passed in HotwordConfig is %s'}
{'timestamp': 1702276322366, 'level': 'ALL', 'message': '12-11 08:27:14.119   517   979 I gqay    : (REDACTED) Voice Match (Speaker-id) supported : %b'}
{'timestamp': 1702276322366, 'level': 'ALL', 'message': '12-11 08:27:14.119   517   979 I gqay    : (REDACTED) Voice Match (Speaker-id) supported : %b'}
{'timestamp': 1702276322366, 'level': 'ALL', 'message': '12-11 08:27:14.119   517   979 I gqay    : (REDACTED) hotword enrollment state is enrolled:  %b, speakerId model exist: %b, voice match supported : %b'}
{'timestamp': 1702276322366, 'level': 'ALL', 'message': '12-11 08:27:14.120   517   979 I gqay    : (REDACTED) Hotword enrollment state : %s.'}
{'timestamp': 1702276322366, 'level': 'ALL', 'message': '12-11 08:27:14.120   517   979 I gqay    : (REDACTED) Hotword isNonVoiceMatchHotwordEnabled: %b, isHotwordAvailable: %b, isHotwordEnabled: %b, isVoiceMatchSupported: %b, isHotwordEnrolled: %b,'}
{'timestamp': 1702276322366, 'level': 'ALL', 'message': '12-11 08:27:14.120   653   944 I gqii    : (REDACTED) Calling setIsModelTypeDspSupported %s'}
{'timestamp': 1702276322366, 'level': 'ALL', 'message': '12-11 08:27:14.120   517   979 I gqay    : (REDACTED) Hotword enrollment state : %s.'}
{'timestamp': 1702276322366, 'level': 'ALL', 'message': '12-11 08:27:14.121   517   979 I gqez    : (REDACTED) #getNextAction. Voice match enabled: %b. Hotword (non-Voice Match) enabled: %b, incomplete enrollment state: %b, screen on: %b, screen locked: %b dsp available: %b'}
{'timestamp': 1702276322366, 'level': 'ALL', 'message': '12-11 08:27:14.121   517   979 I gqez    : (REDACTED) No operation needed since hotword detection is not running. Voice match enabled : %b. Hotword (non-Voice Match) enabled : %b, Is screen on : %b.'}
{'timestamp': 1702276322366, 'level': 'ALL', 'message': '12-11 08:27:14.121   517   979 I gqel    : No detectors created before, no need to reconfig.'}
{'timestamp': 1702276322366, 'level': 'ALL', 'message': '12-11 08:27:14.127   517   979 I gqel    : (REDACTED) Get the next action %s for requester %s.'}
{'timestamp': 1702276322366, 'level': 'ALL', 'message': '12-11 08:27:14.128   517   979 I gqel    : (REDACTED) Hotword detection is running : %b, no further operation required.'}
{'timestamp': 1702276322366, 'level': 'ALL', 'message': '12-11 08:27:14.128   517   979 I gqay    : (REDACTED) isHotwordAvailable():  %b, isHotwordEnabled() %b'}
{'timestamp': 1702276322366, 'level': 'ALL', 'message': '12-11 08:27:14.129   517   979 I gqel    : #logRequestHandlingNonErrorEndEvent. Reset requestIdOfFirstError, firstStartErrorCausesRetry and numOfRetriesDoneForDspStartErrors!'}
{'timestamp': 1702276322366, 'level': 'ALL', 'message': '12-11 08:27:14.129   517  1099 I gqel    : #onConfigUpdate inside sequencer'}
{'timestamp': 1702276322366, 'level': 'ALL', 'message': '12-11 08:27:14.130   517  1099 I gqel    : (REDACTED) getAllConfigAndTakeAction called because of %s'}
{'timestamp': 1702276322366, 'level': 'ALL', 'message': '12-11 08:27:14.130   517  1099 I gqhi    : #getHotwordInformation'}
{'timestamp': 1702276322366, 'level': 'ALL', 'message': '12-11 08:27:14.135   517  1099 I gqhi    : #getHotwordInformation bindService'}
{'timestamp': 1702276322366, 'level': 'ALL', 'message': '12-11 08:27:14.142   517   517 I gqhi    : (REDACTED) Connected to HotwordService. ComponentName %s, service %s'}
{'timestamp': 1702276322366, 'level': 'ALL', 'message': '12-11 08:27:14.142   517 10731 I gqhi    : Handing HotwordService connection in executor.'}
{'timestamp': 1702276322366, 'level': 'ALL', 'message': '12-11 08:27:14.144   653  1856 I awzr    : getLocaleToModelSpecsMap'}
{'timestamp': 1702276322366, 'level': 'ALL', 'message': '12-11 08:27:14.144   653  1856 I awzr    : Fetching latest config from MDD...'}
{'timestamp': 1702276322366, 'level': 'ALL', 'message': '12-11 08:27:14.144   653  1856 I awzr    : (REDACTED) Found map of size: %d'}
{'timestamp': 1702276322366, 'level': 'ALL', 'message': '12-11 08:27:14.145   653  1856 I axcj    : (REDACTED) hasHotwordEverywhere-%b'}
{'timestamp': 1702276322366, 'level': 'ALL', 'message': '12-11 08:27:14.148   653  1856 I axed    : (REDACTED) #getHotwordModelFromMobstore [mobstoreUri: %s]'}
{'timestamp': 1702276322366, 'level': 'ALL', 'message': '12-11 08:27:14.154   653  1856 I HotwordService: (REDACTED) Model ID: %s'}
{'timestamp': 1702276322366, 'level': 'ALL', 'message': '12-11 08:27:14.154   653  1856 I HotwordService: (REDACTED) hotwordModelLocation is null %b, locale is %s, re-mapped Chinese locale %s'}
{'timestamp': 1702276322366, 'level': 'ALL', 'message': '12-11 08:27:14.154   653  1856 I HotwordService: (REDACTED) isOpaEligibleAndUserEnabled: %b'}
{'timestamp': 1702276322366, 'level': 'ALL', 'message': '12-11 08:27:14.156   517 10731 I gqhi    : HotwordInformation fetch will try to save hotword model.'}
{'timestamp': 1702276322366, 'level': 'ALL', 'message': '12-11 08:27:14.157   653  1036 W apln    : (REDACTED) Client : %s has no associated SessionController'}
{'timestamp': 1702276322366, 'level': 'ALL', 'message': '12-11 08:27:14.157   517 10731 I gqhi    : onSuccess getHotwordInformation'}
{'timestamp': 1702276322366, 'level': 'ALL', 'message': '12-11 08:27:14.159   517   979 I gqhi    : Save the hotword model in the HotwordInformation.'}
{'timestamp': 1702276322366, 'level': 'ALL', 'message': '12-11 08:27:14.159   517   979 I gqel    : getHotwordInformationWithRetry returned.'}
{'timestamp': 1702276322366, 'level': 'ALL', 'message': '12-11 08:27:14.162   517   979 I gqel    : getHotwordConfig and getHotwordSettingState returned.'}
{'timestamp': 1702276322366, 'level': 'ALL', 'message': "12-11 08:27:14.162   517   979 W KeyphraseEnrollmentInfo: No enrollment application supports the given keyphrase/locale: 'X Google'/ru_RU"}
{'timestamp': 1702276322366, 'level': 'ALL', 'message': "12-11 08:27:14.162   517   979 W KeyphraseEnrollmentInfo: No enrollment application supports the given keyphrase/locale: 'X Google'/ru_RU"}
{'timestamp': 1702276322366, 'level': 'ALL', 'message': "12-11 08:27:14.162   517   979 W KeyphraseEnrollmentInfo: No enrollment application supports the given keyphrase/locale: 'X Google'/ar_EG"}
{'timestamp': 1702276322366, 'level': 'ALL', 'message': "12-11 08:27:14.162   517   979 W KeyphraseEnrollmentInfo: No enrollment application supports the given keyphrase/locale: 'X Google'/en_US"}
{'timestamp': 1702276322366, 'level': 'ALL', 'message': '12-11 08:27:14.162   517   979 W gqat    : (REDACTED) #getDspEnrollmentFallbackLocale cannot find a fallback locale for %s.'}
{'timestamp': 1702276322366, 'level': 'ALL', 'message': "12-11 08:27:14.162   517   979 W KeyphraseEnrollmentInfo: No enrollment application supports the given keyphrase/locale: 'Ok Google'/ru_RU"}
{'timestamp': 1702276322366, 'level': 'ALL', 'message': "12-11 08:27:14.162   517   979 W KeyphraseEnrollmentInfo: No enrollment application supports the given keyphrase/locale: 'Ok Google'/ar_EG"}
{'timestamp': 1702276322366, 'level': 'ALL', 'message': "12-11 08:27:14.162   517   979 W KeyphraseEnrollmentInfo: No enrollment application supports the given keyphrase/locale: 'Ok Google'/en_US"}
{'timestamp': 1702276322366, 'level': 'ALL', 'message': '12-11 08:27:14.162   517   979 W gqat    : (REDACTED) #getDspEnrollmentFallbackLocale cannot find a fallback locale for %s.'}
{'timestamp': 1702276322366, 'level': 'ALL', 'message': '12-11 08:27:14.163   517   979 I gqel    : (REDACTED) #getAllConfigAndTakeAction KeyphraseAndLocaleSupportResult. locale : %s, dsp locale : %s, keyphrase : %s, DSP keyphrase : %s, isKeyphraseAndLocaleSupported : %b.'}
{'timestamp': 1702276322366, 'level': 'ALL', 'message': '12-11 08:27:14.163   517   979 I gqat    : #canUseDownloadDspModel: no DspModelInformationAvailable'}
{'timestamp': 1702276322366, 'level': 'ALL', 'message': '12-11 08:27:14.163   517   979 I gqel    : (REDACTED) isDspHotwordSupportedByPlatform = %b, isDspHotwordModelAvailable = %b'}
{'timestamp': 1702276322366, 'level': 'ALL', 'message': '12-11 08:27:14.163   517   979 I gqay    : (REDACTED) Voice Match (Speaker-id) supported : %b'}
{'timestamp': 1702276322366, 'level': 'ALL', 'message': '12-11 08:27:14.163   517   979 I gqay    : (REDACTED) hotword enrollment state is enrolled:  %b, speakerId model exist: %b. Voice Match supported : %b'}
{'timestamp': 1702276322366, 'level': 'ALL', 'message': '12-11 08:27:14.164   517   979 I gqay    : (REDACTED) isHotwordAvailable():  %b, isHotwordEnabled() %b'}
{'timestamp': 1702276322366, 'level': 'ALL', 'message': '12-11 08:27:14.164   517   979 I gqay    : (REDACTED) Hotword enrollment state : %s.'}
{'timestamp': 1702276322366, 'level': 'ALL', 'message': '12-11 08:27:14.164   517   979 I gqay    : (REDACTED) Voice Match (Speaker-id) supported : %b'}
{'timestamp': 1702276322366, 'level': 'ALL', 'message': '12-11 08:27:14.164   517   979 I gqay    : (REDACTED) Hotword enrollment state : %s.'}
{'timestamp': 1702276322366, 'level': 'ALL', 'message': '12-11 08:27:14.165   517   979 I gqfh    : (REDACTED) Operational mode passed in HotwordConfig is %s'}
{'timestamp': 1702276322366, 'level': 'ALL', 'message': '12-11 08:27:14.166   517   979 I gqay    : (REDACTED) Voice Match (Speaker-id) supported : %b'}
{'timestamp': 1702276322366, 'level': 'ALL', 'message': '12-11 08:27:14.166   653   944 I gqii    : (REDACTED) Calling setIsModelTypeDspSupported %s'}
{'timestamp': 1702276322366, 'level': 'ALL', 'message': '12-11 08:27:14.167   517   979 I gqay    : (REDACTED) Voice Match (Speaker-id) supported : %b'}
{'timestamp': 1702276322366, 'level': 'ALL', 'message': '12-11 08:27:14.167   517   979 I gqay    : (REDACTED) hotword enrollment state is enrolled:  %b, speakerId model exist: %b, voice match supported : %b'}
{'timestamp': 1702276322366, 'level': 'ALL', 'message': '12-11 08:27:14.168   517   979 I gqay    : (REDACTED) Hotword enrollment state : %s.'}
{'timestamp': 1702276322366, 'level': 'ALL', 'message': '12-11 08:27:14.168   517   979 I gqay    : (REDACTED) Hotword isNonVoiceMatchHotwordEnabled: %b, isHotwordAvailable: %b, isHotwordEnabled: %b, isVoiceMatchSupported: %b, isHotwordEnrolled: %b,'}
{'timestamp': 1702276322366, 'level': 'ALL', 'message': '12-11 08:27:14.168   517   979 I gqay    : (REDACTED) Hotword enrollment state : %s.'}
{'timestamp': 1702276322366, 'level': 'ALL', 'message': '12-11 08:27:14.169   517   979 I gqez    : (REDACTED) #getNextAction. Voice match enabled: %b. Hotword (non-Voice Match) enabled: %b, incomplete enrollment state: %b, screen on: %b, screen locked: %b dsp available: %b'}
{'timestamp': 1702276322366, 'level': 'ALL', 'message': '12-11 08:27:14.169   517   979 I gqez    : (REDACTED) No operation needed since hotword detection is not running. Voice match enabled : %b. Hotword (non-Voice Match) enabled : %b, Is screen on : %b.'}
{'timestamp': 1702276322366, 'level': 'ALL', 'message': '12-11 08:27:14.169   517   979 I gqel    : No detectors created before, no need to reconfig.'}
{'timestamp': 1702276322366, 'level': 'ALL', 'message': '12-11 08:27:14.169   517   979 I gqel    : (REDACTED) Get the next action %s for requester %s.'}
{'timestamp': 1702276322366, 'level': 'ALL', 'message': '12-11 08:27:14.169   517   979 I gqel    : (REDACTED) Hotword detection is running : %b, no further operation required.'}
{'timestamp': 1702276322366, 'level': 'ALL', 'message': '12-11 08:27:14.169   517   979 I gqay    : (REDACTED) isHotwordAvailable():  %b, isHotwordEnabled() %b'}
{'timestamp': 1702276322366, 'level': 'ALL', 'message': '12-11 08:27:14.169   517   979 I gqel    : #logRequestHandlingNonErrorEndEvent. Reset requestIdOfFirstError, firstStartErrorCausesRetry and numOfRetriesDoneForDspStartErrors!'}
{'timestamp': 1702276322366, 'level': 'ALL', 'message': '12-11 08:27:14.170   517  1099 I gqel    : #onConfigUpdate inside sequencer'}
{'timestamp': 1702276322366, 'level': 'ALL', 'message': '12-11 08:27:14.170   517  1099 I gqel    : (REDACTED) getAllConfigAndTakeAction called because of %s'}
{'timestamp': 1702276322366, 'level': 'ALL', 'message': '12-11 08:27:14.170   517  1099 I gqhi    : #getHotwordInformation'}
{'timestamp': 1702276322366, 'level': 'ALL', 'message': '12-11 08:27:14.174   517  1099 I gqhi    : #getHotwordInformation bindService'}
{'timestamp': 1702276322366, 'level': 'ALL', 'message': '12-11 08:27:14.176   517   517 I gqhi    : (REDACTED) Connected to HotwordService. ComponentName %s, service %s'}
{'timestamp': 1702276322366, 'level': 'ALL', 'message': '12-11 08:27:14.177   517 10731 I gqhi    : Handing HotwordService connection in executor.'}
{'timestamp': 1702276322366, 'level': 'ALL', 'message': '12-11 08:27:14.179   653 10470 I awzr    : getLocaleToModelSpecsMap'}
{'timestamp': 1702276322366, 'level': 'ALL', 'message': '12-11 08:27:14.179   653 10470 I awzr    : Fetching latest config from MDD...'}
{'timestamp': 1702276322366, 'level': 'ALL', 'message': '12-11 08:27:14.179   653 10470 I awzr    : (REDACTED) Found map of size: %d'}
{'timestamp': 1702276322366, 'level': 'ALL', 'message': '12-11 08:27:14.180   653 10470 I axcj    : (REDACTED) hasHotwordEverywhere-%b'}
{'timestamp': 1702276322366, 'level': 'ALL', 'message': '12-11 08:27:14.184   653 10470 I axed    : (REDACTED) #getHotwordModelFromMobstore [mobstoreUri: %s]'}
{'timestamp': 1702276322366, 'level': 'ALL', 'message': '12-11 08:27:14.190   653 10470 I HotwordService: (REDACTED) Model ID: %s'}
{'timestamp': 1702276322366, 'level': 'ALL', 'message': '12-11 08:27:14.190   653 10470 I HotwordService: (REDACTED) hotwordModelLocation is null %b, locale is %s, re-mapped Chinese locale %s'}
{'timestamp': 1702276322366, 'level': 'ALL', 'message': '12-11 08:27:14.190   653 10470 I HotwordService: (REDACTED) isOpaEligibleAndUserEnabled: %b'}
{'timestamp': 1702276322366, 'level': 'ALL', 'message': '12-11 08:27:14.197   517 10731 I gqhi    : HotwordInformation fetch will try to save hotword model.'}
{'timestamp': 1702276322366, 'level': 'ALL', 'message': '12-11 08:27:14.198   517 10731 I gqhi    : onSuccess getHotwordInformation'}
{'timestamp': 1702276322366, 'level': 'ALL', 'message': '12-11 08:27:14.199   653  1036 W apln    : (REDACTED) Client : %s has no associated SessionController'}
{'timestamp': 1702276322366, 'level': 'ALL', 'message': '12-11 08:27:14.210   517   979 I gqhi    : Save the hotword model in the HotwordInformation.'}
{'timestamp': 1702276322366, 'level': 'ALL', 'message': '12-11 08:27:14.210   517   979 I gqel    : getHotwordInformationWithRetry returned.'}
{'timestamp': 1702276322366, 'level': 'ALL', 'message': '12-11 08:27:14.215   517  1099 I gqel    : getHotwordConfig and getHotwordSettingState returned.'}
{'timestamp': 1702276322366, 'level': 'ALL', 'message': "12-11 08:27:14.215   517  1099 W KeyphraseEnrollmentInfo: No enrollment application supports the given keyphrase/locale: 'X Google'/ru_RU"}
{'timestamp': 1702276322366, 'level': 'ALL', 'message': "12-11 08:27:14.215   517  1099 W KeyphraseEnrollmentInfo: No enrollment application supports the given keyphrase/locale: 'X Google'/ru_RU"}
{'timestamp': 1702276322366, 'level': 'ALL', 'message': "12-11 08:27:14.215   517  1099 W KeyphraseEnrollmentInfo: No enrollment application supports the given keyphrase/locale: 'X Google'/ar_EG"}
{'timestamp': 1702276322366, 'level': 'ALL', 'message': "12-11 08:27:14.215   517  1099 W KeyphraseEnrollmentInfo: No enrollment application supports the given keyphrase/locale: 'X Google'/en_US"}
{'timestamp': 1702276322366, 'level': 'ALL', 'message': '12-11 08:27:14.215   517  1099 W gqat    : (REDACTED) #getDspEnrollmentFallbackLocale cannot find a fallback locale for %s.'}
{'timestamp': 1702276322366, 'level': 'ALL', 'message': "12-11 08:27:14.215   517  1099 W KeyphraseEnrollmentInfo: No enrollment application supports the given keyphrase/locale: 'Ok Google'/ru_RU"}
{'timestamp': 1702276322366, 'level': 'ALL', 'message': "12-11 08:27:14.215   517  1099 W KeyphraseEnrollmentInfo: No enrollment application supports the given keyphrase/locale: 'Ok Google'/ar_EG"}
{'timestamp': 1702276322366, 'level': 'ALL', 'message': "12-11 08:27:14.216   517  1099 W KeyphraseEnrollmentInfo: No enrollment application supports the given keyphrase/locale: 'Ok Google'/en_US"}
{'timestamp': 1702276322366, 'level': 'ALL', 'message': '12-11 08:27:14.216   517  1099 W gqat    : (REDACTED) #getDspEnrollmentFallbackLocale cannot find a fallback locale for %s.'}
{'timestamp': 1702276322366, 'level': 'ALL', 'message': '12-11 08:27:14.216   517  1099 I gqel    : (REDACTED) #getAllConfigAndTakeAction KeyphraseAndLocaleSupportResult. locale : %s, dsp locale : %s, keyphrase : %s, DSP keyphrase : %s, isKeyphraseAndLocaleSupported : %b.'}
{'timestamp': 1702276322366, 'level': 'ALL', 'message': '12-11 08:27:14.216   517  1099 I gqat    : #canUseDownloadDspModel: no DspModelInformationAvailable'}
{'timestamp': 1702276322366, 'level': 'ALL', 'message': '12-11 08:27:14.216   517  1099 I gqel    : (REDACTED) isDspHotwordSupportedByPlatform = %b, isDspHotwordModelAvailable = %b'}
{'timestamp': 1702276322366, 'level': 'ALL', 'message': '12-11 08:27:14.216   517  1099 I gqay    : (REDACTED) Voice Match (Speaker-id) supported : %b'}
{'timestamp': 1702276322366, 'level': 'ALL', 'message': '12-11 08:27:14.216   517  1099 I gqay    : (REDACTED) hotword enrollment state is enrolled:  %b, speakerId model exist: %b. Voice Match supported : %b'}
{'timestamp': 1702276322366, 'level': 'ALL', 'message': '12-11 08:27:14.216   517  1099 I gqay    : (REDACTED) isHotwordAvailable():  %b, isHotwordEnabled() %b'}
{'timestamp': 1702276322366, 'level': 'ALL', 'message': '12-11 08:27:14.216   517  1099 I gqay    : (REDACTED) Hotword enrollment state : %s.'}
{'timestamp': 1702276322366, 'level': 'ALL', 'message': '12-11 08:27:14.216   517  1099 I gqay    : (REDACTED) Voice Match (Speaker-id) supported : %b'}
{'timestamp': 1702276322366, 'level': 'ALL', 'message': '12-11 08:27:14.216   517  1099 I gqay    : (REDACTED) Hotword enrollment state : %s.'}
{'timestamp': 1702276322366, 'level': 'ALL', 'message': '12-11 08:27:14.218   517  1099 I gqfh    : (REDACTED) Operational mode passed in HotwordConfig is %s'}
{'timestamp': 1702276322366, 'level': 'ALL', 'message': '12-11 08:27:14.219   517  1099 I gqay    : (REDACTED) Voice Match (Speaker-id) supported : %b'}
{'timestamp': 1702276322366, 'level': 'ALL', 'message': '12-11 08:27:14.219   517  1099 I gqay    : (REDACTED) Voice Match (Speaker-id) supported : %b'}
{'timestamp': 1702276322366, 'level': 'ALL', 'message': '12-11 08:27:14.219   517  1099 I gqay    : (REDACTED) hotword enrollment state is enrolled:  %b, speakerId model exist: %b, voice match supported : %b'}
{'timestamp': 1702276322366, 'level': 'ALL', 'message': '12-11 08:27:14.219   517  1099 I gqay    : (REDACTED) Hotword enrollment state : %s.'}
{'timestamp': 1702276322366, 'level': 'ALL', 'message': '12-11 08:27:14.219   517  1099 I gqay    : (REDACTED) Hotword isNonVoiceMatchHotwordEnabled: %b, isHotwordAvailable: %b, isHotwordEnabled: %b, isVoiceMatchSupported: %b, isHotwordEnrolled: %b,'}
{'timestamp': 1702276322366, 'level': 'ALL', 'message': '12-11 08:27:14.219   517  1099 I gqay    : (REDACTED) Hotword enrollment state : %s.'}
{'timestamp': 1702276322366, 'level': 'ALL', 'message': '12-11 08:27:14.219   517  1099 I gqez    : (REDACTED) #getNextAction. Voice match enabled: %b. Hotword (non-Voice Match) enabled: %b, incomplete enrollment state: %b, screen on: %b, screen locked: %b dsp available: %b'}
{'timestamp': 1702276322366, 'level': 'ALL', 'message': '12-11 08:27:14.219   517  1099 I gqez    : (REDACTED) No operation needed since hotword detection is not running. Voice match enabled : %b. Hotword (non-Voice Match) enabled : %b, Is screen on : %b.'}
{'timestamp': 1702276322366, 'level': 'ALL', 'message': '12-11 08:27:14.219   517  1099 I gqel    : No detectors created before, no need to reconfig.'}
{'timestamp': 1702276322366, 'level': 'ALL', 'message': '12-11 08:27:14.219   517  1099 I gqel    : (REDACTED) Get the next action %s for requester %s.'}
{'timestamp': 1702276322366, 'level': 'ALL', 'message': '12-11 08:27:14.219   517  1099 I gqel    : (REDACTED) Hotword detection is running : %b, no further operation required.'}
{'timestamp': 1702276322366, 'level': 'ALL', 'message': '12-11 08:27:14.219   517  1099 I gqay    : (REDACTED) isHotwordAvailable():  %b, isHotwordEnabled() %b'}
{'timestamp': 1702276322366, 'level': 'ALL', 'message': '12-11 08:27:14.219   517  1099 I gqel    : #logRequestHandlingNonErrorEndEvent. Reset requestIdOfFirstError, firstStartErrorCausesRetry and numOfRetriesDoneForDspStartErrors!'}
{'timestamp': 1702276322366, 'level': 'ALL', 'message': '12-11 08:27:14.223   653   944 I gqii    : (REDACTED) Calling setIsModelTypeDspSupported %s'}
{'timestamp': 1702276322366, 'level': 'ALL', 'message': '12-11 08:27:14.306 31652 32485 I ActivityManager: Force stopping io.appium.uiautomator2.server.test appid=10156 user=0: from pid 10742'}
{'timestamp': 1702276322366, 'level': 'ALL', 'message': '12-11 08:27:14.310 10742 10744 I cmd     : oneway function results will be dropped but finished with status OK and parcel size 4'}
{'timestamp': 1702276322366, 'level': 'ALL', 'message': '12-11 08:27:14.318 32351 32351 D CarrierSvcBindHelper: No carrier app for: 0'}
{'timestamp': 1702276322366, 'level': 'ALL', 'message': "12-11 08:27:14.327  1912  1912 E adbd    : failed to connect to socket 'tcp:6790': Connection refused"}
{'timestamp': 1702276322366, 'level': 'ALL', 'message': "12-11 08:27:14.350  1912  1912 E adbd    : failed to connect to socket 'tcp:6790': Connection refused"}
{'timestamp': 1702276322366, 'level': 'ALL', 'message': '12-11 08:27:14.434 10745 10745 D AndroidRuntime: >>>>>> START com.android.internal.os.RuntimeInit uid 2000 <<<<<<'}
{'timestamp': 1702276322366, 'level': 'ALL', 'message': '12-11 08:27:14.435 10745 10745 E libc    : Access denied finding property "persist.device_config.runtime_native_boot.profilebootclasspath"'}
{'timestamp': 1702276322366, 'level': 'ALL', 'message': '12-11 08:27:14.436 10745 10745 E libc    : Access denied finding property "persist.device_config.runtime_native_boot.enable_apex_image"'}
{'timestamp': 1702276322366, 'level': 'ALL', 'message': '12-11 08:27:14.436 10745 10745 I AndroidRuntime: Using default boot image'}
{'timestamp': 1702276322366, 'level': 'ALL', 'message': '12-11 08:27:14.436 10745 10745 E libc    : Access denied finding property "persist.device_config.runtime_native_boot.disable_lock_profiling"'}
{'timestamp': 1702276322366, 'level': 'ALL', 'message': '12-11 08:27:14.436 10745 10745 I AndroidRuntime: Leaving lock profiling enabled'}
{'timestamp': 1702276322366, 'level': 'ALL', 'message': '12-11 08:27:14.436 10745 10745 E libc    : Access denied finding property "persist.device_config.runtime_native_boot.enable_generational_cc"'}
{'timestamp': 1702276322366, 'level': 'ALL', 'message': '12-11 08:27:14.438 10745 10745 W app_process: Could not reserve sentinel fault page'}
{'timestamp': 1702276322366, 'level': 'ALL', 'message': '12-11 08:27:14.434 10745 10745 W app_process: type=1400 audit(0.0:4413): avc: denied { read } for name="u:object_r:device_config_runtime_native_boot_prop:s0" dev="tmpfs" ino=10387 scontext=u:r:shell:s0 tcontext=u:object_r:device_config_runtime_native_boot_prop:s0 tclass=file permissive=0'}
{'timestamp': 1702276322366, 'level': 'ALL', 'message': '12-11 08:27:14.434 10745 10745 I chatty  : uid=2000(shell) app_process identical 2 lines'}
{'timestamp': 1702276322366, 'level': 'ALL', 'message': '12-11 08:27:14.434 10745 10745 W app_process: type=1400 audit(0.0:4416): avc: denied { read } for name="u:object_r:device_config_runtime_native_boot_prop:s0" dev="tmpfs" ino=10387 scontext=u:r:shell:s0 tcontext=u:object_r:device_config_runtime_native_boot_prop:s0 tclass=file permissive=0'}
{'timestamp': 1702276322366, 'level': 'ALL', 'message': '12-11 08:27:14.493 10745 10745 D app_process: Time zone APEX ICU file found: /apex/com.android.tzdata/etc/icu/icu_tzdata.dat'}
{'timestamp': 1702276322366, 'level': 'ALL', 'message': '12-11 08:27:14.494 10745 10745 D app_process: I18n APEX ICU file found: /apex/com.android.i18n/etc/icu/icudt66l.dat'}
{'timestamp': 1702276322366, 'level': 'ALL', 'message': '12-11 08:27:14.498 10745 10745 W app_process: Unexpected CPU variant for X86 using defaults: x86'}
{'timestamp': 1702276322366, 'level': 'ALL', 'message': '12-11 08:27:14.499 10745 10745 I app_process: The ClassLoaderContext is a special shared library.'}
{'timestamp': 1702276322366, 'level': 'ALL', 'message': '12-11 08:27:14.517 10745 10745 W app_process: JNI RegisterNativeMethods: attempt to register 0 native methods for android.media.AudioAttributes'}
{'timestamp': 1702276322366, 'level': 'ALL', 'message': '12-11 08:27:14.523 10745 10745 D AndroidRuntime: Calling main entry com.android.commands.am.Am'}
{'timestamp': 1702276322366, 'level': 'ALL', 'message': '12-11 08:27:14.533 31652 32485 I ActivityManager: Force stopping io.appium.uiautomator2.server appid=10157 user=0: start instr'}
{'timestamp': 1702276322366, 'level': 'ALL', 'message': '12-11 08:27:14.534 31652 32485 D CompatibilityChangeReporter: Compat change id reported: 135634846; UID 10157; state: DISABLED'}
{'timestamp': 1702276322366, 'level': 'ALL', 'message': '12-11 08:27:14.535 31652 31745 D CompatibilityChangeReporter: Compat change id reported: 143937733; UID 10157; state: ENABLED'}
{'timestamp': 1702276322366, 'level': 'ALL', 'message': '12-11 08:27:14.544 31506 31506 D Zygote  : Forked child process 10760'}
{'timestamp': 1702276322366, 'level': 'ALL', 'message': '12-11 08:27:14.550 31652 31745 I ActivityManager: Start proc 10760:io.appium.uiautomator2.server/u0a157 for added application io.appium.uiautomator2.server'}
{'timestamp': 1702276322366, 'level': 'ALL', 'message': '12-11 08:27:14.552 10760 10760 I tomator2.serve: Late-enabling -Xcheck:jni'}
{'timestamp': 1702276322366, 'level': 'ALL', 'message': '12-11 08:27:14.563 10760 10760 I tomator2.serve: Unquickening 12 vdex files!'}
{'timestamp': 1702276322366, 'level': 'ALL', 'message': '12-11 08:27:14.564 10760 10760 W tomator2.serve: Unexpected CPU variant for X86 using defaults: x86'}
{'timestamp': 1702276322366, 'level': 'ALL', 'message': '12-11 08:27:14.581  1912  1939 I adbd    : jdwp connection from 10760'}
{'timestamp': 1702276322366, 'level': 'ALL', 'message': '12-11 08:27:14.625 10760 10760 I tomator2.serve: The ClassLoaderContext is a special shared library.'}
{'timestamp': 1702276322366, 'level': 'ALL', 'message': '12-11 08:27:14.628 10760 10760 I chatty  : uid=10157(io.appium.uiautomator2.server) identical 1 line'}
{'timestamp': 1702276322366, 'level': 'ALL', 'message': '12-11 08:27:14.631 10760 10760 I tomator2.serve: The ClassLoaderContext is a special shared library.'}
{'timestamp': 1702276322366, 'level': 'ALL', 'message': '12-11 08:27:14.632 10760 10760 W tomator2.serve: ClassLoaderContext classpath size mismatch. expected=0, found=3 (PCL[]{PCL[/system/framework/android.test.base.jar*315452938]#PCL[/system/framework/android.test.mock.jar*239297726]{PCL[/system/framework/android.test.base.jar*315452938]}#PCL[/system/framework/android.test.runner.jar*2931394026]{PCL[/system/framework/android.test.base.jar*315452938]#PCL[/system/framework/android.test.mock.jar*239297726]{PCL[/system/framework/android.test.base.jar*315452938]}}} | PCL[/system/framework/android.test.runner.jar*2931394026:/system/framework/android.test.mock.jar*239297726:/system/framework/android.test.base.jar*315452938])'}
{'timestamp': 1702276322366, 'level': 'ALL', 'message': '12-11 08:27:14.634 10760 10760 W tomator2.serve: ClassLoaderContext classpath size mismatch. expected=0, found=7 (PCL[] | PCL[/system/framework/android.test.runner.jar*2931394026:/system/framework/android.test.mock.jar*239297726:/system/framework/android.test.base.jar*315452938:/data/app/~~H-ZZcCtrcyZ8YvQ8dbNL0w==/io.appium.uiautomator2.server.test-HtlBHOEB9spqg6V8nxbMvA==/base.apk*687247646:/data/app/~~H-ZZcCtrcyZ8YvQ8dbNL0w==/io.appium.uiautomator2.server.test-HtlBHOEB9spqg6V8nxbMvA==/base.apk!classes2.dex*4100630800:/data/app/~~H-ZZcCtrcyZ8YvQ8dbNL0w==/io.appium.uiautomator2.server.test-HtlBHOEB9spqg6V8nxbMvA==/base.apk!classes3.dex*453249084:/data/app/~~H-ZZcCtrcyZ8YvQ8dbNL0w==/io.appium.uiautomator2.server.test-HtlBHOEB9spqg6V8nxbMvA==/base.apk!classes4.dex*3854027553])'}
{'timestamp': 1702276322366, 'level': 'ALL', 'message': '12-11 08:27:14.646 10760 10760 W tomator2.serve: Found duplicate classes, falling back to extracting from APK : /data/app/~~hXRTy2FDcTfFwNIuEDVqvA==/io.appium.uiautomator2.server-0sYJHyDtLwZBVo4NIPDNQg==/base.apk'}
{'timestamp': 1702276322366, 'level': 'ALL', 'message': '12-11 08:27:14.646 10760 10760 W tomator2.serve: NOTE: This wastes RAM and hurts startup performance.'}
{'timestamp': 1702276322366, 'level': 'ALL', 'message': "12-11 08:27:14.646 10760 10760 W tomator2.serve: Found duplicated class when checking oat files: 'Ljunit/framework/Assert;' in /system/framework/android.test.base.jar and /data/app/~~hXRTy2FDcTfFwNIuEDVqvA==/io.appium.uiautomator2.server-0sYJHyDtLwZBVo4NIPDNQg==/base.apk"}
{'timestamp': 1702276322366, 'level': 'ALL', 'message': '12-11 08:27:14.783 10760 10760 D ApplicationLoaders: Returning zygote-cached class loader: /system/framework/android.test.base.jar'}
{'timestamp': 1702276322366, 'level': 'ALL', 'message': '12-11 08:27:14.783 10760 10760 D ApplicationLoaders: Returning zygote-cached class loader: /system/framework/android.test.base.jar'}
{'timestamp': 1702276322366, 'level': 'ALL', 'message': '12-11 08:27:14.786 10760 10760 I tomator2.serve: The ClassLoaderContext is a special shared library.'}
{'timestamp': 1702276322366, 'level': 'ALL', 'message': '12-11 08:27:14.788 10760 10760 D ApplicationLoaders: Returning zygote-cached class loader: /system/framework/android.test.base.jar'}
{'timestamp': 1702276322366, 'level': 'ALL', 'message': '12-11 08:27:14.789 10760 10760 D ApplicationLoaders: Returning zygote-cached class loader: /system/framework/android.test.base.jar'}
{'timestamp': 1702276322366, 'level': 'ALL', 'message': '12-11 08:27:14.790 10760 10760 I tomator2.serve: The ClassLoaderContext is a special shared library.'}
{'timestamp': 1702276322366, 'level': 'ALL', 'message': '12-11 08:27:14.795 10760 10760 I chatty  : uid=10157(io.appium.uiautomator2.server) identical 2 lines'}
{'timestamp': 1702276322366, 'level': 'ALL', 'message': '12-11 08:27:14.795 10760 10760 I tomator2.serve: The ClassLoaderContext is a special shared library.'}
{'timestamp': 1702276322366, 'level': 'ALL', 'message': '12-11 08:27:14.796 10760 10760 W tomator2.serve: ClassLoaderContext classpath size mismatch. expected=0, found=3 (PCL[]{PCL[/system/framework/android.test.base.jar*315452938]#PCL[/system/framework/android.test.mock.jar*239297726]{PCL[/system/framework/android.test.base.jar*315452938]}#PCL[/system/framework/android.test.runner.jar*2931394026]{PCL[/system/framework/android.test.base.jar*315452938]#PCL[/system/framework/android.test.mock.jar*239297726]{PCL[/system/framework/android.test.base.jar*315452938]}}} | PCL[/system/framework/android.test.runner.jar*2931394026:/system/framework/android.test.mock.jar*239297726:/system/framework/android.test.base.jar*315452938]{PCL[/system/framework/android.test.base.jar*315452938]#PCL[/system/framework/android.test.mock.jar*239297726]{PCL[/system/framework/android.test.base.jar*315452938]}#PCL[/system/framework/android.test.runner.jar*2931394026]{PCL[/system/framework/android.test.base.jar*315452938]#PCL[/system/framework/android.test.mock.jar*239297726]{PCL[/system/framework/android.test.base.jar*315452938]}}};PCL[/system/framework/android.test.runner.jar*2931394026:/system/framework/android.test.mock.jar*239297726:/system/framework/android.test.base.jar*315452938:/data/app/~~H-ZZcCtrcyZ8YvQ8dbNL0w==/io.appium.uiautomator2.server.test-HtlBHOEB9spqg6V8nxbMvA==/base.apk*687247646:/data/app/~~H-ZZcCtrcyZ8YvQ8dbNL0w==/io.appium.uiautomator2.server.test-HtlBHOEB9spqg6V8nxbMvA==/base.apk!classes2.dex*4100630800:/data/app/~~H-ZZcCtrcyZ8YvQ8dbNL0w==/io.appium.uiautomator2.server.test-HtlBHOEB9spqg6V8nxbMvA==/base.apk!classes3.dex*453249084:/data/app/~~H-ZZcCtrcyZ8YvQ8dbNL0w==/io.appium.uiautomator2.server.test-HtlBHOEB9spqg6V8nxbMvA==/base.apk!classes4.dex*3854027553:/data/app/~~hXRTy2FDcTfFwNIuEDVqvA==/io.appium.uiautomator2.server-0sYJHyDtLwZBVo4NIPDNQg==/base.apk*1922397569:/data/app/~~hXRTy2FDcTfFwNIuEDVqvA==/io.appium.uiautomator2.server-0sYJHyDtLwZBVo4NIPDNQg==/base.apk!classes2.dex*3876754:/data/app/~~hXRTy2FDcTfFwNIuEDVqvA==/io.appium.uiautomator2.server-0sYJHyDtLwZBVo4NIPDNQg==/base.apk!classes3.dex*2970867877:/data/app/~~hXRTy2FDcTfFwNIuEDVqvA==/io.appium.uiautomator2.server-0sYJHyDtLwZBVo4NIPDNQg==/base.apk!classes4.dex*2531160953:/data/app/~~hXRTy2FDcTfFwNIuEDVqvA==/io.appium.uiautomator2.server-0sYJHyDtLwZBVo4NIPDNQg==/base.apk!classes5.dex*2767942814:/data/app/~~hXRTy2FDcTfFwNIuEDVqvA==/io.appium.uiautomator2.server-0sYJHyDtLwZBVo4NIPDNQg==/base.apk!classes6.dex*186635361:/data/app/~~hXRTy2FDcTfFwNIuEDVqvA==/io.appium.uiautomator2.server-0sYJHyDtLwZBVo4NIPDNQg==/base.apk!classes7.dex*2618031622:/data/app/~~hXRTy2FDcTfFwNIuEDVqvA==/io.appium.uiautomator2.server-0sYJHyDtLwZBVo4NIPDNQg==/base.apk!classes8.dex*360180399:/data/app/~~hXRTy2FDcTfFwNIuEDVqvA==/io.appium.uiautomator2.server-0sYJHyDtLwZBVo4NIPDNQg==/base.apk!classes9.dex*2382545440:/data/app/~~hXRTy2FDcTfFwNIuEDVqvA==/io.appium.uiautomator2.server-0sYJHyDtLwZBVo4NIPDNQg==/base.apk!classes10.dex*3493382844:/data/app/~~hXRTy2FDcTfFwNIuEDVqvA==/io.appium.uiautomator2.server-0sYJHyDtLwZBVo4NIPDNQg==/base.apk!classes11.dex*2965076158:/data/app/~~hXRTy2FDcTfFwNIuEDVqvA==/io.appium.uiautomator2.server-0sYJHyDtLwZBVo4NIPDNQg==/base.apk!classes12.dex*1142898992:/data/app/~~hXRTy2FDcTfFwNIuEDVqvA==/io.appium.uiautomator2.server-0sYJHyDtLwZBVo4NIPDNQg==/base.apk!classes13.dex*2435156123:/data/app/~~hXRTy2FDcTfFwNIuEDVqvA==/io.appium.uiautomator2.server-0sYJHyDtLwZBVo4NIPDNQg==/base.apk!classes14.dex*4011978266:/data/app/~~hXRTy2FDcTfFwNIuEDVqvA==/io.appium.uiautomator2.server-0sYJHyDtLwZBVo4NIPDNQg==/base.apk!classes15.dex*4162793483:/data/app/~~hXRTy2FDcTfFwNIuEDVqvA==/io.appium.uiautomator2.server-0sYJHyDtLwZBVo4NIPDNQg==/base.apk!classes16.dex*2209479777])'}
{'timestamp': 1702276322366, 'level': 'ALL', 'message': '12-11 08:27:14.797 10760 10760 W tomator2.serve: Found duplicate classes, falling back to extracting from APK : /data/app/~~H-ZZcCtrcyZ8YvQ8dbNL0w==/io.appium.uiautomator2.server.test-HtlBHOEB9spqg6V8nxbMvA==/base.apk'}
{'timestamp': 1702276322366, 'level': 'ALL', 'message': '12-11 08:27:14.797 10760 10760 W tomator2.serve: NOTE: This wastes RAM and hurts startup performance.'}
{'timestamp': 1702276322366, 'level': 'ALL', 'message': "12-11 08:27:14.797 10760 10760 W tomator2.serve: Found duplicated class when checking oat files: 'Landroidx/test/ext/junit/R$style;' in /data/app/~~H-ZZcCtrcyZ8YvQ8dbNL0w==/io.appium.uiautomator2.server.test-HtlBHOEB9spqg6V8nxbMvA==/base.apk!classes2.dex and /data/app/~~H-ZZcCtrcyZ8YvQ8dbNL0w==/io.appium.uiautomator2.server.test-HtlBHOEB9spqg6V8nxbMvA==/base.apk!classes2.dex"}
{'timestamp': 1702276322366, 'level': 'ALL', 'message': '12-11 08:27:14.804 10760 10760 W tomator2.serve: ClassLoaderContext classpath size mismatch. expected=0, found=7 (PCL[] | PCL[/system/framework/android.test.runner.jar*2931394026:/system/framework/android.test.mock.jar*239297726:/system/framework/android.test.base.jar*315452938:/data/app/~~H-ZZcCtrcyZ8YvQ8dbNL0w==/io.appium.uiautomator2.server.test-HtlBHOEB9spqg6V8nxbMvA==/base.apk*687247646:/data/app/~~H-ZZcCtrcyZ8YvQ8dbNL0w==/io.appium.uiautomator2.server.test-HtlBHOEB9spqg6V8nxbMvA==/base.apk!classes2.dex*4100630800:/data/app/~~H-ZZcCtrcyZ8YvQ8dbNL0w==/io.appium.uiautomator2.server.test-HtlBHOEB9spqg6V8nxbMvA==/base.apk!classes3.dex*453249084:/data/app/~~H-ZZcCtrcyZ8YvQ8dbNL0w==/io.appium.uiautomator2.server.test-HtlBHOEB9spqg6V8nxbMvA==/base.apk!classes4.dex*3854027553]{PCL[/system/framework/android.test.base.jar*315452938]#PCL[/system/framework/android.test.mock.jar*239297726]{PCL[/system/framework/android.test.base.jar*315452938]}#PCL[/system/framework/android.test.runner.jar*2931394026]{PCL[/system/framework/android.test.base.jar*315452938]#PCL[/system/framework/android.test.mock.jar*239297726]{PCL[/system/framework/android.test.base.jar*315452938]}}};PCL[/system/framework/android.test.runner.jar*2931394026:/system/framework/android.test.mock.jar*239297726:/system/framework/android.test.base.jar*315452938:/data/app/~~H-ZZcCtrcyZ8YvQ8dbNL0w==/io.appium.uiautomator2.server.test-HtlBHOEB9spqg6V8nxbMvA==/base.apk*687247646:/data/app/~~H-ZZcCtrcyZ8YvQ8dbNL0w==/io.appium.uiautomator2.server.test-HtlBHOEB9spqg6V8nxbMvA==/base.apk!classes2.dex*4100630800:/data/app/~~H-ZZcCtrcyZ8YvQ8dbNL0w==/io.appium.uiautomator2.server.test-HtlBHOEB9spqg6V8nxbMvA==/base.apk!classes3.dex*453249084:/data/app/~~H-ZZcCtrcyZ8YvQ8dbNL0w==/io.appium.uiautomator2.server.test-HtlBHOEB9spqg6V8nxbMvA==/base.apk!classes4.dex*3854027553:/data/app/~~hXRTy2FDcTfFwNIuEDVqvA==/io.appium.uiautomator2.server-0sYJHyDtLwZBVo4NIPDNQg==/base.apk*1922397569:/data/app/~~hXRTy2FDcTfFwNIuEDVqvA==/io.appium.uiautomator2.server-0sYJHyDtLwZBVo4NIPDNQg==/base.apk!classes2.dex*3876754:/data/app/~~hXRTy2FDcTfFwNIuEDVqvA==/io.appium.uiautomator2.server-0sYJHyDtLwZBVo4NIPDNQg==/base.apk!classes3.dex*2970867877:/data/app/~~hXRTy2FDcTfFwNIuEDVqvA==/io.appium.uiautomator2.server-0sYJHyDtLwZBVo4NIPDNQg==/base.apk!classes4.dex*2531160953:/data/app/~~hXRTy2FDcTfFwNIuEDVqvA==/io.appium.uiautomator2.server-0sYJHyDtLwZBVo4NIPDNQg==/base.apk!classes5.dex*2767942814:/data/app/~~hXRTy2FDcTfFwNIuEDVqvA==/io.appium.uiautomator2.server-0sYJHyDtLwZBVo4NIPDNQg==/base.apk!classes6.dex*186635361:/data/app/~~hXRTy2FDcTfFwNIuEDVqvA==/io.appium.uiautomator2.server-0sYJHyDtLwZBVo4NIPDNQg==/base.apk!classes7.dex*2618031622:/data/app/~~hXRTy2FDcTfFwNIuEDVqvA==/io.appium.uiautomator2.server-0sYJHyDtLwZBVo4NIPDNQg==/base.apk!classes8.dex*360180399:/data/app/~~hXRTy2FDcTfFwNIuEDVqvA==/io.appium.uiautomator2.server-0sYJHyDtLwZBVo4NIPDNQg==/base.apk!classes9.dex*2382545440:/data/app/~~hXRTy2FDcTfFwNIuEDVqvA==/io.appium.uiautomator2.server-0sYJHyDtLwZBVo4NIPDNQg==/base.apk!classes10.dex*3493382844:/data/app/~~hXRTy2FDcTfFwNIuEDVqvA==/io.appium.uiautomator2.server-0sYJHyDtLwZBVo4NIPDNQg==/base.apk!classes11.dex*2965076158:/data/app/~~hXRTy2FDcTfFwNIuEDVqvA==/io.appium.uiautomator2.server-0sYJHyDtLwZBVo4NIPDNQg==/base.apk!classes12.dex*1142898992:/data/app/~~hXRTy2FDcTfFwNIuEDVqvA==/io.appium.uiautomator2.server-0sYJHyDtLwZBVo4NIPDNQg==/base.apk!classes13.dex*2435156123:/data/app/~~hXRTy2FDcTfFwNIuEDVqvA==/io.appium.uiautomator2.server-0sYJHyDtLwZBVo4NIPDNQg==/base.apk!classes14.dex*4011978266:/data/app/~~hXRTy2FDcTfFwNIuEDVqvA==/io.appium.uiautomator2.server-0sYJHyDtLwZBVo4NIPDNQg==/base.apk!classes15.dex*4162793483:/data/app/~~hXRTy2FDcTfFwNIuEDVqvA==/io.appium.uiautomator2.server-0sYJHyDtLwZBVo4NIPDNQg==/base.apk!classes16.dex*2209479777])'}
{'timestamp': 1702276322366, 'level': 'ALL', 'message': '12-11 08:27:14.805 10760 10760 W tomator2.serve: Found duplicate classes, falling back to extracting from APK : /data/app/~~hXRTy2FDcTfFwNIuEDVqvA==/io.appium.uiautomator2.server-0sYJHyDtLwZBVo4NIPDNQg==/base.apk'}
{'timestamp': 1702276322366, 'level': 'ALL', 'message': '12-11 08:27:14.805 10760 10760 W tomator2.serve: NOTE: This wastes RAM and hurts startup performance.'}
{'timestamp': 1702276322366, 'level': 'ALL', 'message': "12-11 08:27:14.805 10760 10760 W tomator2.serve: Found duplicated class when checking oat files: 'Landroid_libs/ub_uiautomator/R;' in /data/app/~~hXRTy2FDcTfFwNIuEDVqvA==/io.appium.uiautomator2.server-0sYJHyDtLwZBVo4NIPDNQg==/base.apk!classes2.dex and /data/app/~~hXRTy2FDcTfFwNIuEDVqvA==/io.appium.uiautomator2.server-0sYJHyDtLwZBVo4NIPDNQg==/base.apk!classes2.dex"}
{'timestamp': 1702276322366, 'level': 'ALL', 'message': '12-11 08:27:14.925 10760 10760 W tomator2.serve: Accessing hidden method Landroid/app/Instrumentation;->execStartActivity(Landroid/content/Context;Landroid/os/IBinder;Landroid/os/IBinder;Landroid/app/Activity;Landroid/content/Intent;ILandroid/os/Bundle;)Landroid/app/Instrumentation$ActivityResult; (greylist, linking, allowed)'}
{'timestamp': 1702276322366, 'level': 'ALL', 'message': '12-11 08:27:14.925 10760 10760 W tomator2.serve: Accessing hidden method Landroid/app/Instrumentation;->execStartActivity(Landroid/content/Context;Landroid/os/IBinder;Landroid/os/IBinder;Ljava/lang/String;Landroid/content/Intent;ILandroid/os/Bundle;)Landroid/app/Instrumentation$ActivityResult; (greylist, linking, allowed)'}
{'timestamp': 1702276322366, 'level': 'ALL', 'message': '12-11 08:27:14.940 10760 10760 D NetworkSecurityConfig: No Network Security Config specified, using platform default'}
{'timestamp': 1702276322366, 'level': 'ALL', 'message': '12-11 08:27:14.940 10760 10760 D NetworkSecurityConfig: No Network Security Config specified, using platform default'}
{'timestamp': 1702276322366, 'level': 'ALL', 'message': '12-11 08:27:14.940 10760 10760 I MonitoringInstr: newApplication called!'}
{'timestamp': 1702276322366, 'level': 'ALL', 'message': '12-11 08:27:14.942 10760 10760 I MonitoringInstr: Instrumentation started!'}
{'timestamp': 1702276322366, 'level': 'ALL', 'message': '12-11 08:27:14.955 10760 10760 I AndroidJUnitRunner: onCreate Bundle[{disableAnalytics=true}]'}
{'timestamp': 1702276322366, 'level': 'ALL', 'message': '12-11 08:27:14.959 10760 10760 V TestEventClient: No service name argument was given (testDiscoveryService, testRunEventService or orchestratorService)'}
{'timestamp': 1702276322366, 'level': 'ALL', 'message': '12-11 08:27:14.962 10760 10782 D AndroidJUnitRunner: onStart is called.'}
{'timestamp': 1702276322366, 'level': 'ALL', 'message': '12-11 08:27:14.963 10760 10760 I MonitoringInstr: No JSBridge.'}
{'timestamp': 1702276322366, 'level': 'ALL', 'message': '12-11 08:27:14.984 10760 10782 D TestRequestBuilder: Using class path scanning to discover tests'}
{'timestamp': 1702276322366, 'level': 'ALL', 'message': '12-11 08:27:14.984 10760 10782 I TestRequestBuilder: Scanning classpath to find tests in paths [/data/app/~~H-ZZcCtrcyZ8YvQ8dbNL0w==/io.appium.uiautomator2.server.test-HtlBHOEB9spqg6V8nxbMvA==/base.apk]'}
{'timestamp': 1702276322366, 'level': 'ALL', 'message': '12-11 08:27:14.986 10760 10782 W tomator2.serve: Opening an oat file without a class loader. Are you using the deprecated DexFile APIs?'}
{'timestamp': 1702276322366, 'level': 'ALL', 'message': '12-11 08:27:15.041 10760 10782 D AndroidJUnitRunner: Use the raw file system for managing file I/O.'}
{'timestamp': 1702276322366, 'level': 'ALL', 'message': '12-11 08:27:15.051 10760 10782 D TestExecutor: Adding listener androidx.test.internal.runner.listener.LogRunListener'}
{'timestamp': 1702276322366, 'level': 'ALL', 'message': '12-11 08:27:15.052 10760 10782 D TestExecutor: Adding listener androidx.test.internal.runner.listener.InstrumentationResultPrinter'}
{'timestamp': 1702276322366, 'level': 'ALL', 'message': '12-11 08:27:15.052 10760 10782 D TestExecutor: Adding listener androidx.test.internal.runner.listener.ActivityFinisherRunListener'}
{'timestamp': 1702276322366, 'level': 'ALL', 'message': '12-11 08:27:15.052 10760 10782 D TestExecutor: Adding listener androidx.test.internal.runner.listener.TraceRunListener'}
{'timestamp': 1702276322366, 'level': 'ALL', 'message': '12-11 08:27:15.058 10760 10782 I TestRunner: run started: 1 tests'}
{'timestamp': 1702276322366, 'level': 'ALL', 'message': '12-11 08:27:15.063 10760 10782 I TestRunner: started: startServer(io.appium.uiautomator2.server.test.AppiumUiAutomator2Server)'}
{'timestamp': 1702276322366, 'level': 'ALL', 'message': '12-11 08:27:15.073 10760 10782 I appium  : [AppiumUiAutomator2Server] Starting Server'}
{'timestamp': 1702276322366, 'level': 'ALL', 'message': "12-11 08:27:15.361  1912  1912 E adbd    : failed to connect to socket 'tcp:6790': Connection refused"}
{'timestamp': 1702276322366, 'level': 'ALL', 'message': '12-11 08:27:16.075 10760 10782 I appium  : Starting MJPEG Server'}
{'timestamp': 1702276322366, 'level': 'ALL', 'message': '12-11 08:27:16.080 10760 10782 I appium  : MJPEG Server started'}
{'timestamp': 1702276322366, 'level': 'ALL', 'message': '12-11 08:27:16.085 10760 10784 I appium  : ServerSocket created on port 7810'}
{'timestamp': 1702276322366, 'level': 'ALL', 'message': '12-11 08:27:16.121 10760 10782 I appium  : AndroidServer created on port 6790'}
{'timestamp': 1702276322367, 'level': 'ALL', 'message': '12-11 08:27:16.122 10760 10782 I appium  : io.appium.uiautomator2.server started:'}
{'timestamp': 1702276322367, 'level': 'ALL', 'message': '12-11 08:27:16.152   517   929 I fvbt    : (REDACTED) #onAccessibilityStateChanged enabled: %s'}
{'timestamp': 1702276322367, 'level': 'ALL', 'message': '12-11 08:27:16.155   517   979 I fvbt    : #onChange'}
{'timestamp': 1702276322367, 'level': 'ALL', 'message': '12-11 08:27:16.155   517   979 I cmrs    : #FCF: onChange'}
{'timestamp': 1702276322367, 'level': 'ALL', 'message': '12-11 08:27:16.156   517   979 I cmrw    : (REDACTED) FCF System FeatureName to check: %s'}
{'timestamp': 1702276322367, 'level': 'ALL', 'message': '12-11 08:27:16.157   517   979 I cmrw    : (REDACTED) FCF: Device model check status : %s'}
{'timestamp': 1702276322367, 'level': 'ALL', 'message': '12-11 08:27:16.157   517   979 I cmrt    : FCF A11y Checker - readyForTngMa'}
{'timestamp': 1702276322367, 'level': 'ALL', 'message': '12-11 08:27:16.163   517  1099 I cmuh    : (REDACTED) #FCF: Managed profile check status : %s'}
{'timestamp': 1702276322367, 'level': 'ALL', 'message': '12-11 08:27:16.163   517  1099 I cmug    : (REDACTED) #FCF: Demo mode check status : %s'}
{'timestamp': 1702276322367, 'level': 'ALL', 'message': '12-11 08:27:16.166   517   979 I cmrc    : (REDACTED) #FCF: Assistant primary locale : %s'}
{'timestamp': 1702276322367, 'level': 'ALL', 'message': '12-11 08:27:16.166   517   979 I cmrc    : (REDACTED) #FCF: Assistant Primary locale check status : %s'}
{'timestamp': 1702276322367, 'level': 'ALL', 'message': '12-11 08:27:16.167   517   979 I cmuj    : (REDACTED) [%d] productivity accounts setup for current account.'}
{'timestamp': 1702276322367, 'level': 'ALL', 'message': "12-11 08:27:16.186   653   830 I bfxf    : NGA disabled since it's running Panthera and at least one a11y feature is on."}
{'timestamp': 1702276322367, 'level': 'ALL', 'message': '12-11 08:27:16.186   653   830 I bfxf    : (REDACTED) Nga state changed to %s'}
{'timestamp': 1702276322367, 'level': 'ALL', 'message': '12-11 08:27:16.186   653   830 I bfxf    : (REDACTED) isTngActive=%s'}
{'timestamp': 1702276322367, 'level': 'ALL', 'message': '12-11 08:27:16.187   653 10737 I aoso    : (REDACTED) Successfully received auth token for scope: %s in time %d ms'}
{'timestamp': 1702276322367, 'level': 'ALL', 'message': '12-11 08:27:16.200   517   979 I zvn     : (REDACTED) Nga on-device enabled based on TNG:MA active state: %b'}
{'timestamp': 1702276322367, 'level': 'ALL', 'message': '12-11 08:27:16.201   517   979 I zvn     : (REDACTED) Nga on-device enabled based on TNG:MA active state: %b'}
{'timestamp': 1702276322367, 'level': 'ALL', 'message': '12-11 08:27:16.202   517   979 I zvn     : Unsubscribed to apa or classic variant change.'}
{'timestamp': 1702276322367, 'level': 'ALL', 'message': '12-11 08:27:16.213 10760 10786 I appium  : Started UiAutomator2 io.appium.uiautomator2.http io.appium.uiautomator2.server on port 6790'}
{'timestamp': 1702276322367, 'level': 'ALL', 'message': '12-11 08:27:16.242   517  1099 I cmya    : (REDACTED) #FCF evaluate: %s'}
{'timestamp': 1702276322367, 'level': 'ALL', 'message': '12-11 08:27:16.242   517  1099 I cmya    : (REDACTED) TngMaStatusChecker#evaluateInternal completed in %s millis'}
{'timestamp': 1702276322367, 'level': 'ALL', 'message': '12-11 08:27:16.243   517  1099 I cmcg    : (REDACTED) TNG:MA status updated: %s'}
{'timestamp': 1702276322367, 'level': 'ALL', 'message': '12-11 08:27:16.243   517  1099 I cmcg    : TNG:MA became ineligible, client should disconnect'}
{'timestamp': 1702276322367, 'level': 'ALL', 'message': '12-11 08:27:16.244   517  1099 I cmcg    : (REDACTED) Disconnecting: %s'}
{'timestamp': 1702276322367, 'level': 'ALL', 'message': '12-11 08:27:16.245   517  1099 I cmhx    : #unregisterBluetoothDevicesAvailabilityListener'}
{'timestamp': 1702276322367, 'level': 'ALL', 'message': '12-11 08:27:16.246   517  1099 I cmya    : #invalidationSource: adding saa update checker'}
{'timestamp': 1702276322367, 'level': 'ALL', 'message': '12-11 08:27:16.247   517  1099 I cmhx    : #unregisterBistoDevicesAvailabilityListener'}
{'timestamp': 1702276322367, 'level': 'ALL', 'message': '12-11 08:27:16.247   517  1099 I cmhx    : enableBistoRouteIntegration disabled'}
{'timestamp': 1702276322367, 'level': 'ALL', 'message': '12-11 08:27:16.247   517  1099 I cmhx    : #unregisterActivityTransitions'}
{'timestamp': 1702276322367, 'level': 'ALL', 'message': '12-11 08:27:16.247   517  1099 I cmhx    : #unsubscribeFromHeadsetEventsForEarcons'}
{'timestamp': 1702276322367, 'level': 'ALL', 'message': '12-11 08:27:16.247   517  1099 I cmhx    : #enableGmmTravelModeLogging flag disabled.'}
{'timestamp': 1702276322367, 'level': 'ALL', 'message': '12-11 08:27:16.248   517  1099 I cqpb    : #unregisterShellAppInstallationReceiver'}
{'timestamp': 1702276322367, 'level': 'ALL', 'message': '12-11 08:27:16.249   517  1099 I cmhx    : (REDACTED) Disconnect Reasons: %s'}
{'timestamp': 1702276322367, 'level': 'ALL', 'message': '12-11 08:27:16.251   517   979 I gcsr    : (REDACTED) Connection(%s) completed.'}
{'timestamp': 1702276322367, 'level': 'ALL', 'message': '12-11 08:27:16.251   517   979 I gcss    : (REDACTED) Connection(%s) removed, total(%d).'}
{'timestamp': 1702276322367, 'level': 'ALL', 'message': '12-11 08:27:16.252   517   979 I gckv    : (REDACTED) Client connections changed: %s.'}
{'timestamp': 1702276322367, 'level': 'ALL', 'message': '12-11 08:27:16.253   517   979 I gcur    : (REDACTED) Shutdown triggering managed lifecycle(%s)'}
{'timestamp': 1702276322367, 'level': 'ALL', 'message': '12-11 08:27:16.255   517   979 I chatty  : uid=10109(com.google.android.googlequicksearchbox) Lite Thread #0 identical 5 lines'}
{'timestamp': 1702276322367, 'level': 'ALL', 'message': '12-11 08:27:16.256   517   979 I gcur    : (REDACTED) Shutdown triggering managed lifecycle(%s)'}
{'timestamp': 1702276322367, 'level': 'ALL', 'message': '12-11 08:27:16.258   517  1099 I cmhx    : Client successfully disconnected'}
{'timestamp': 1702276322367, 'level': 'ALL', 'message': '12-11 08:27:16.258   517  1099 I cmib    : (REDACTED) Updated TngActivationStateResult %s'}
{'timestamp': 1702276322367, 'level': 'ALL', 'message': '12-11 08:27:16.258   517  1099 I cmib    : (REDACTED) Emit result=%s'}
{'timestamp': 1702276322367, 'level': 'ALL', 'message': '12-11 08:27:16.259   517  1099 I cmgb    : Scheduling removing Phenotype experience experiments id'}
{'timestamp': 1702276322367, 'level': 'ALL', 'message': '12-11 08:27:16.261   517  1099 I cmcg    : Disconnected'}
{'timestamp': 1702276322367, 'level': 'ALL', 'message': '12-11 08:27:16.262   517  1099 I gcur    : (REDACTED) Shutdown triggering managed lifecycle(%s)'}
{'timestamp': 1702276322367, 'level': 'ALL', 'message': '12-11 08:27:16.262   517  1099 I gcur    : (REDACTED) Shutdown triggering managed lifecycle(%s)'}
{'timestamp': 1702276322367, 'level': 'ALL', 'message': '12-11 08:27:16.263   517  1099 I cmhx    : Subscription was cancelled.'}
{'timestamp': 1702276322367, 'level': 'ALL', 'message': '12-11 08:27:16.267   517   979 I gckv    : (REDACTED) Invocations routing has changed'}
{'timestamp': 1702276322367, 'level': 'ALL', 'message': '12-11 08:27:16.267   517   979 I gckv    : %s'}
{'timestamp': 1702276322367, 'level': 'ALL', 'message': '12-11 08:27:16.269   517  1066 I ckxv    : Disconnecting'}
{'timestamp': 1702276322367, 'level': 'ALL', 'message': '12-11 08:27:16.271   517  1099 I gdbo    : (REDACTED) On hotword consumer changed: %s.'}
{'timestamp': 1702276322367, 'level': 'ALL', 'message': '12-11 08:27:16.272   517  1067 I gcyb    : (REDACTED) Hotword consumer configuration has changed: %s.'}
{'timestamp': 1702276322367, 'level': 'ALL', 'message': '12-11 08:27:16.272   517  1067 I gczx    : (REDACTED) Updating HDM frontend with configuration=@%s.'}
{'timestamp': 1702276322367, 'level': 'ALL', 'message': '12-11 08:27:16.272   517  1067 I gqel    : (REDACTED) #update. Operational mode passed in HotwordConfig is %s'}
{'timestamp': 1702276322367, 'level': 'ALL', 'message': '12-11 08:27:16.274   517  1099 I gqel    : (REDACTED) Receive Accountid: %s'}
{'timestamp': 1702276322367, 'level': 'ALL', 'message': '12-11 08:27:16.274   517  1099 I gqel    : #update inside sequencer'}
{'timestamp': 1702276322367, 'level': 'ALL', 'message': '12-11 08:27:16.274   517  1099 I gqel    : #update inside sequencer after logAppFlowAfterAccountHandled finished.'}
{'timestamp': 1702276322367, 'level': 'ALL', 'message': '12-11 08:27:16.274   517  1099 I gqel    : (REDACTED) needRefetchHotwordConfig: %b, accountChanged: %b, currentLocale: %s, newLocale: %s'}
{'timestamp': 1702276322367, 'level': 'ALL', 'message': '12-11 08:27:16.274   517  1099 I gqel    : (REDACTED) getAllConfigAndTakeAction called because of %s'}
{'timestamp': 1702276322367, 'level': 'ALL', 'message': "12-11 08:27:16.275   517  1099 W KeyphraseEnrollmentInfo: No enrollment application supports the given keyphrase/locale: 'X Google'/ru_RU"}
{'timestamp': 1702276322367, 'level': 'ALL', 'message': "12-11 08:27:16.275   517  1099 W KeyphraseEnrollmentInfo: No enrollment application supports the given keyphrase/locale: 'X Google'/ru_RU"}
{'timestamp': 1702276322367, 'level': 'ALL', 'message': "12-11 08:27:16.275   517  1099 W KeyphraseEnrollmentInfo: No enrollment application supports the given keyphrase/locale: 'X Google'/ar_EG"}
{'timestamp': 1702276322367, 'level': 'ALL', 'message': "12-11 08:27:16.275   517  1099 W KeyphraseEnrollmentInfo: No enrollment application supports the given keyphrase/locale: 'X Google'/en_US"}
{'timestamp': 1702276322367, 'level': 'ALL', 'message': '12-11 08:27:16.275   517  1099 W gqat    : (REDACTED) #getDspEnrollmentFallbackLocale cannot find a fallback locale for %s.'}
{'timestamp': 1702276322367, 'level': 'ALL', 'message': "12-11 08:27:16.275   517  1099 W KeyphraseEnrollmentInfo: No enrollment application supports the given keyphrase/locale: 'Ok Google'/ru_RU"}
{'timestamp': 1702276322367, 'level': 'ALL', 'message': "12-11 08:27:16.276   517  1099 W KeyphraseEnrollmentInfo: No enrollment application supports the given keyphrase/locale: 'Ok Google'/ar_EG"}
{'timestamp': 1702276322367, 'level': 'ALL', 'message': "12-11 08:27:16.276   517  1099 W KeyphraseEnrollmentInfo: No enrollment application supports the given keyphrase/locale: 'Ok Google'/en_US"}
{'timestamp': 1702276322367, 'level': 'ALL', 'message': '12-11 08:27:16.276   517  1099 W gqat    : (REDACTED) #getDspEnrollmentFallbackLocale cannot find a fallback locale for %s.'}
{'timestamp': 1702276322367, 'level': 'ALL', 'message': '12-11 08:27:16.276   517  1099 I gqel    : (REDACTED) #getAllConfigAndTakeAction KeyphraseAndLocaleSupportResult. locale : %s, dsp locale : %s, keyphrase : %s, DSP keyphrase : %s, isKeyphraseAndLocaleSupported : %b.'}
{'timestamp': 1702276322367, 'level': 'ALL', 'message': '12-11 08:27:16.276   517  1099 I gqat    : #canUseDownloadDspModel: no DspModelInformationAvailable'}
{'timestamp': 1702276322367, 'level': 'ALL', 'message': '12-11 08:27:16.276   517  1099 I gqel    : (REDACTED) isDspHotwordSupportedByPlatform = %b, isDspHotwordModelAvailable = %b'}
{'timestamp': 1702276322367, 'level': 'ALL', 'message': '12-11 08:27:16.277   517  1099 I gqay    : (REDACTED) Voice Match (Speaker-id) supported : %b'}
{'timestamp': 1702276322367, 'level': 'ALL', 'message': '12-11 08:27:16.277   517  1099 I gqay    : (REDACTED) hotword enrollment state is enrolled:  %b, speakerId model exist: %b. Voice Match supported : %b'}
{'timestamp': 1702276322367, 'level': 'ALL', 'message': '12-11 08:27:16.277   517  1099 I gqay    : (REDACTED) isHotwordAvailable():  %b, isHotwordEnabled() %b'}
{'timestamp': 1702276322368, 'level': 'ALL', 'message': '12-11 08:27:16.277   517  1099 I gqay    : (REDACTED) Hotword enrollment state : %s.'}
{'timestamp': 1702276322368, 'level': 'ALL', 'message': '12-11 08:27:16.277   517  1099 I gqay    : (REDACTED) Voice Match (Speaker-id) supported : %b'}
{'timestamp': 1702276322368, 'level': 'ALL', 'message': '12-11 08:27:16.277   517  1099 I gqay    : (REDACTED) Hotword enrollment state : %s.'}
{'timestamp': 1702276322368, 'level': 'ALL', 'message': '12-11 08:27:16.288   517  1099 I gqfh    : (REDACTED) Operational mode passed in HotwordConfig is %s'}
{'timestamp': 1702276322368, 'level': 'ALL', 'message': '12-11 08:27:16.289   517  1099 I gqay    : (REDACTED) Voice Match (Speaker-id) supported : %b'}
{'timestamp': 1702276322368, 'level': 'ALL', 'message': '12-11 08:27:16.289   517  1099 I gqay    : (REDACTED) Voice Match (Speaker-id) supported : %b'}
{'timestamp': 1702276322368, 'level': 'ALL', 'message': '12-11 08:27:16.289   517  1099 I gqay    : (REDACTED) hotword enrollment state is enrolled:  %b, speakerId model exist: %b, voice match supported : %b'}
{'timestamp': 1702276322368, 'level': 'ALL', 'message': '12-11 08:27:16.290   517  1099 I gqay    : (REDACTED) Hotword enrollment state : %s.'}
{'timestamp': 1702276322368, 'level': 'ALL', 'message': '12-11 08:27:16.290   517  1099 I gqay    : (REDACTED) Hotword isNonVoiceMatchHotwordEnabled: %b, isHotwordAvailable: %b, isHotwordEnabled: %b, isVoiceMatchSupported: %b, isHotwordEnrolled: %b,'}
{'timestamp': 1702276322368, 'level': 'ALL', 'message': '12-11 08:27:16.290   517  1099 I gqay    : (REDACTED) Hotword enrollment state : %s.'}
{'timestamp': 1702276322368, 'level': 'ALL', 'message': '12-11 08:27:16.290   517  1099 I gqez    : (REDACTED) #getNextAction. Voice match enabled: %b. Hotword (non-Voice Match) enabled: %b, incomplete enrollment state: %b, screen on: %b, screen locked: %b dsp available: %b'}
{'timestamp': 1702276322368, 'level': 'ALL', 'message': '12-11 08:27:16.290   517  1099 I gqez    : (REDACTED) No operation needed since hotword detection is not running. Voice match enabled : %b. Hotword (non-Voice Match) enabled : %b, Is screen on : %b.'}
{'timestamp': 1702276322368, 'level': 'ALL', 'message': '12-11 08:27:16.290   517  1099 I gqel    : No detectors created before, no need to reconfig.'}
{'timestamp': 1702276322368, 'level': 'ALL', 'message': '12-11 08:27:16.290   517  1099 I gqel    : (REDACTED) Get the next action %s for requester %s.'}
{'timestamp': 1702276322368, 'level': 'ALL', 'message': '12-11 08:27:16.290   517  1099 I gqel    : (REDACTED) Hotword detection is running : %b, no further operation required.'}
{'timestamp': 1702276322368, 'level': 'ALL', 'message': '12-11 08:27:16.290   517  1099 I gqay    : (REDACTED) isHotwordAvailable():  %b, isHotwordEnabled() %b'}
{'timestamp': 1702276322368, 'level': 'ALL', 'message': '12-11 08:27:16.290   517  1099 I gqel    : #logRequestHandlingNonErrorEndEvent. Reset requestIdOfFirstError, firstStartErrorCausesRetry and numOfRetriesDoneForDspStartErrors!'}
{'timestamp': 1702276322368, 'level': 'ALL', 'message': '12-11 08:27:16.294   653   959 I gqii    : (REDACTED) Calling setIsModelTypeDspSupported %s'}
{'timestamp': 1702276322368, 'level': 'ALL', 'message': '12-11 08:27:16.294   517   938 I gczx    : (REDACTED) Frontend=%s has been updated to configuration=%s.'}
{'timestamp': 1702276322368, 'level': 'ALL', 'message': '12-11 08:27:16.339 10760 10789 W tomator2.serve: Accessing hidden method Lsun/misc/VM;->maxDirectMemory()J (greylist, reflection, allowed)'}
{'timestamp': 1702276322368, 'level': 'ALL', 'message': "12-11 08:27:16.379  1912  1912 E adbd    : failed to connect to socket 'tcp:6790': Connection refused"}
{'timestamp': 1702276322368, 'level': 'ALL', 'message': '12-11 08:27:16.402 10760 10789 W tomator2.serve: Accessing hidden field Lsun/nio/ch/SelectorImpl;->selectedKeys:Ljava/util/Set; (greylist, reflection, allowed)'}
{'timestamp': 1702276322368, 'level': 'ALL', 'message': '12-11 08:27:16.402 10760 10789 W tomator2.serve: Accessing hidden field Lsun/nio/ch/SelectorImpl;->publicSelectedKeys:Ljava/util/Set; (greylist, reflection, allowed)'}
{'timestamp': 1702276322368, 'level': 'ALL', 'message': '12-11 08:27:16.490 10760 10760 W Thread-5: type=1400 audit(0.0:4417): avc: denied { read } for name="somaxconn" dev="proc" ino=1621418 scontext=u:r:untrusted_app:s0:c157,c256,c512,c768 tcontext=u:object_r:proc_net:s0 tclass=file permissive=0 app=io.appium.uiautomator2.server'}
{'timestamp': 1702276322368, 'level': 'ALL', 'message': '12-11 08:27:17.537 10760 10791 I appium  : channel read: GET /status'}
{'timestamp': 1702276322368, 'level': 'ALL', 'message': '12-11 08:27:17.544 10760 10791 I appium  : Status command'}
{'timestamp': 1702276322368, 'level': 'ALL', 'message': '12-11 08:27:17.607 10760 10791 I appium  : AppiumResponse: {"sessionId":"None","value":{"message":"UiAutomator2 Server is ready to accept commands","ready":true}}'}
{'timestamp': 1702276322368, 'level': 'ALL', 'message': '12-11 08:27:17.628 10760 10791 I appium  : channel read: POST /session'}
{'timestamp': 1702276322368, 'level': 'ALL', 'message': '12-11 08:27:17.629 10760 10791 I appium  : NewSession command'}
{'timestamp': 1702276322368, 'level': 'ALL', 'message': '12-11 08:27:17.664 10760 10791 W tomator2.serve: Accessing hidden field Landroid/app/UiAutomation;->mOnAccessibilityEventListener:Landroid/app/UiAutomation$OnAccessibilityEventListener; (greylist-max-o, reflection, allowed)'}
{'timestamp': 1702276322368, 'level': 'ALL', 'message': '12-11 08:27:17.674 10760 10791 I appium  : Created the new session with id c663e8f0-d784-4d7e-a094-c1467fade7dd and capabilities {appPackage=com.ajaxsystems, networkConnectionEnabled=true, noSign=true, warnings={}, databaseEnabled=false, deviceName=emulator-5554, platform=LINUX, deviceUDID=emulator-5554, appActivity=com.ajaxsystems.ui.activity.LauncherActivity, desired={platformName=Android, automationName=uiautomator2, autoGrantPermissions=true, newCommandTimeout=500.0, noSign=true, platformVersion=11, resetKeyboard=true, systemPort=8378.0, takesScreenshot=true, udid=emulator-5554, appPackage=com.ajaxsystems, appActivity=com.ajaxsystems.ui.activity.LauncherActivity}, newCommandTimeout=500.0, platformVersion=11, automationName=uiautomator2, webStorageEnabled=false, locationContextEnabled=false, autoGrantPermissions=true, takesScreenshot=true, javascriptEnabled=true, platformName=Android, udid=emulator-5554, resetKeyboard=true, systemPort=8378.0}'}
{'timestamp': 1702276322368, 'level': 'ALL', 'message': '12-11 08:27:17.685 10760 10791 I appium  : AppiumResponse: {"sessionId":"c663e8f0-d784-4d7e-a094-c1467fade7dd","value":{"capabilities":{"firstMatch":[{"platformName":"Android","automationName":"uiautomator2","autoGrantPermissions":true,"newCommandTimeout":500.0,"noSign":true,"platformVersion":"11","resetKeyboard":true,"systemPort":8378.0,"takesScreenshot":t…'}
{'timestamp': 1702276322368, 'level': 'ALL', 'message': '12-11 08:27:17.735 10760 10791 I appium  : channel read: GET /session/c663e8f0-d784-4d7e-a094-c1467fade7dd/appium/device/pixel_ratio'}
{'timestamp': 1702276322368, 'level': 'ALL', 'message': '12-11 08:27:17.735 10760 10791 I appium  : GetDevicePixelRatio command'}
{'timestamp': 1702276322368, 'level': 'ALL', 'message': '12-11 08:27:17.741 10760 10791 I appium  : AppiumResponse: {"sessionId":"c663e8f0-d784-4d7e-a094-c1467fade7dd","value":2.625}'}
{'timestamp': 1702276322368, 'level': 'ALL', 'message': '12-11 08:27:17.760 10760 10792 I appium  : channel read: GET /session/c663e8f0-d784-4d7e-a094-c1467fade7dd/appium/device/system_bars'}
{'timestamp': 1702276322368, 'level': 'ALL', 'message': '12-11 08:27:17.762 10760 10792 I appium  : GetSystemBars command'}
{'timestamp': 1702276322368, 'level': 'ALL', 'message': '12-11 08:27:17.764 10760 10793 I appium  : channel read: GET /session/c663e8f0-d784-4d7e-a094-c1467fade7dd/window/current/size'}
{'timestamp': 1702276322368, 'level': 'ALL', 'message': '12-11 08:27:17.766 10760 10792 I appium  : AppiumResponse: {"sessionId":"c663e8f0-d784-4d7e-a094-c1467fade7dd","value":{"statusBar":136}}'}
{'timestamp': 1702276322368, 'level': 'ALL', 'message': '12-11 08:27:17.767 10760 10793 I appium  : GetDeviceSize command'}
{'timestamp': 1702276322368, 'level': 'ALL', 'message': '12-11 08:27:17.767 10760 10793 I appium  : Get window size of the device'}
{'timestamp': 1702276322368, 'level': 'ALL', 'message': '12-11 08:27:17.770 10760 10794 I appium  : channel read: GET /session/c663e8f0-d784-4d7e-a094-c1467fade7dd/appium/device/info'}
{'timestamp': 1702276322368, 'level': 'ALL', 'message': '12-11 08:27:17.771 10760 10794 I appium  : GetDeviceInfo command'}
{'timestamp': 1702276322368, 'level': 'ALL', 'message': '12-11 08:27:17.771 10760 10793 I appium  : AppiumResponse: {"sessionId":"c663e8f0-d784-4d7e-a094-c1467fade7dd","value":{"height":2138,"width":1080}}'}
{'timestamp': 1702276322368, 'level': 'ALL', 'message': '12-11 08:27:17.789 10760 10794 I TetheringManager: registerTetheringEventCallback:io.appium.uiautomator2.server'}
{'timestamp': 1702276322368, 'level': 'ALL', 'message': '12-11 08:27:17.808 10760 10794 W tomator2.serve: Accessing hidden field Landroid/net/NetworkCapabilities;->mSignalStrength:I (greylist-max-p, reflection, allowed)'}
{'timestamp': 1702276322368, 'level': 'ALL', 'message': '12-11 08:27:17.808 10760 10794 W tomator2.serve: Accessing hidden field Landroid/net/NetworkCapabilities;->mSSID:Ljava/lang/String; (greylist-max-o, reflection, allowed)'}
{'timestamp': 1702276322368, 'level': 'ALL', 'message': '12-11 08:27:17.827 10760 10794 I appium  : AppiumResponse: {"sessionId":"c663e8f0-d784-4d7e-a094-c1467fade7dd","value":{"androidId":"5d496a92f3e8c1c9","apiVersion":"30","bluetooth":{"state":"ON"},"brand":"google","carrierName":"Android","displayDensity":420,"locale":"en_US","manufacturer":"Google","model":"sdk_gphone_x86","networks":[{"capabilities":{"SSID"…'}
{'timestamp': 1702276322368, 'level': 'ALL', 'message': '12-11 08:27:17.883 31652 31661 I system_server: Background young concurrent copying GC freed 137617(7520KB) AllocSpace objects, 108(3824KB) LOS objects, 32% free, 22MB/33MB, paused 5.701ms total 56.986ms'}
{'timestamp': 1702276322368, 'level': 'ALL', 'message': '12-11 08:27:17.898 31652 31663 W System  : A resource failed to call close.'}
{'timestamp': 1702276322368, 'level': 'ALL', 'message': '12-11 08:27:17.920 31652 31666 I ActivityManager: Force stopping com.ajaxsystems appid=10158 user=0: from pid 10801'}
{'timestamp': 1702276322368, 'level': 'ALL', 'message': '12-11 08:27:17.936 32351 32351 D CarrierSvcBindHelper: No carrier app for: 0'}
{'timestamp': 1702276322368, 'level': 'ALL', 'message': '12-11 08:27:18.174 31652 31666 I ActivityTaskManager: START u0 {act=android.intent.action.MAIN cat=[android.intent.category.LAUNCHER] flg=0x10200000 cmp=com.ajaxsystems/.ui.activity.LauncherActivity} from uid 2000'}
{'timestamp': 1702276322368, 'level': 'ALL', 'message': '12-11 08:27:18.175 31652 31712 D EventSequenceValidator: Transition from ACTIVITY_FINISHED to INTENT_STARTED'}
{'timestamp': 1702276322368, 'level': 'ALL', 'message': '12-11 08:27:18.184   421   421 I perfetto: ing_service_impl.cc:758 Configured tracing session 495, #sources:1, duration:5000 ms, #buffers:1, total buffer size:4096 KB, total sessions:1, uid:1071 session name: ""'}
{'timestamp': 1702276322368, 'level': 'ALL', 'message': '12-11 08:27:18.185   410   410 I perfetto: probes_producer.cc:230  Ftrace setup (target_buf=495)'}
{'timestamp': 1702276322368, 'level': 'ALL', 'message': '12-11 08:27:18.203 31652 31712 D CompatibilityChangeReporter: Compat change id reported: 135634846; UID 10158; state: DISABLED'}
{'timestamp': 1702276322368, 'level': 'ALL', 'message': '12-11 08:27:18.204 31652 31745 D CompatibilityChangeReporter: Compat change id reported: 143937733; UID 10158; state: ENABLED'}
{'timestamp': 1702276322368, 'level': 'ALL', 'message': '12-11 08:27:18.207 31652 31712 D EventSequenceValidator: Transition from INTENT_STARTED to ACTIVITY_LAUNCHED'}
{'timestamp': 1702276322368, 'level': 'ALL', 'message': '12-11 08:27:18.254   320   320 D goldfish-address-space: claimShared: Ask to claim region [0x3f5b67000 0x3f654b000]'}
{'timestamp': 1702276322368, 'level': 'ALL', 'message': '12-11 08:27:18.256 31506 31506 D Zygote  : Forked child process 10812'}
{'timestamp': 1702276322368, 'level': 'ALL', 'message': '12-11 08:27:18.282 31652 31745 W ActivityManager: Slow operation: 80ms so far, now at startProcess: returned from zygote!'}
{'timestamp': 1702276322368, 'level': 'ALL', 'message': '12-11 08:27:18.283 31652 31745 W ActivityManager: Slow operation: 81ms so far, now at startProcess: done updating battery stats'}
{'timestamp': 1702276322368, 'level': 'ALL', 'message': '12-11 08:27:18.283 31652 31745 W ActivityManager: Slow operation: 81ms so far, now at startProcess: building log message'}
{'timestamp': 1702276322368, 'level': 'ALL', 'message': '12-11 08:27:18.283 31652 31745 I ActivityManager: Start proc 10812:com.ajaxsystems/u0a158 for pre-top-activity {com.ajaxsystems/com.ajaxsystems.ui.activity.LauncherActivity}'}
{'timestamp': 1702276322368, 'level': 'ALL', 'message': '12-11 08:27:18.283 31652 31745 W ActivityManager: Slow operation: 81ms so far, now at startProcess: starting to update pids map'}
{'timestamp': 1702276322368, 'level': 'ALL', 'message': '12-11 08:27:18.288 31652 31745 W ActivityManager: Slow operation: 85ms so far, now at startProcess: done updating pids map'}
{'timestamp': 1702276322368, 'level': 'ALL', 'message': '12-11 08:27:18.307   410   410 I perfetto: ftrace_procfs.cc:176    enabled ftrace'}
{'timestamp': 1702276322368, 'level': 'ALL', 'message': '12-11 08:27:18.315   653   653 I dnpg    : onPause'}
{'timestamp': 1702276322368, 'level': 'ALL', 'message': '12-11 08:27:18.324 10812 10812 W com.ajaxsystem: Unexpected CPU variant for X86 using defaults: x86'}
{'timestamp': 1702276322368, 'level': 'ALL', 'message': '12-11 08:27:18.332 10812 10812 E com.ajaxsystem: Not starting debugger since process cannot load the jdwp agent.'}
{'timestamp': 1702276322368, 'level': 'ALL', 'message': '12-11 08:27:18.358 31652  1218 W InputReader: Device virtio_input_multi_touch_10 is associated with display ADISPLAY_ID_NONE.'}
{'timestamp': 1702276322368, 'level': 'ALL', 'message': '12-11 08:27:18.358 31652  1218 W InputReader: Device virtio_input_multi_touch_4 is associated with display ADISPLAY_ID_NONE.'}
{'timestamp': 1702276322368, 'level': 'ALL', 'message': '12-11 08:27:18.358 31652  1218 W InputReader: Device virtio_input_multi_touch_11 is associated with display ADISPLAY_ID_NONE.'}
{'timestamp': 1702276322368, 'level': 'ALL', 'message': '12-11 08:27:18.358 31652  1218 W InputReader: Device virtio_input_multi_touch_5 is associated with display ADISPLAY_ID_NONE.'}
{'timestamp': 1702276322368, 'level': 'ALL', 'message': '12-11 08:27:18.358 31652  1218 W InputReader: Device virtio_input_multi_touch_2 is associated with display ADISPLAY_ID_NONE.'}
{'timestamp': 1702276322368, 'level': 'ALL', 'message': '12-11 08:27:18.358 31652  1218 W InputReader: Device virtio_input_multi_touch_9 is associated with display ADISPLAY_ID_NONE.'}
{'timestamp': 1702276322368, 'level': 'ALL', 'message': '12-11 08:27:18.358 31652  1218 W InputReader: Device virtio_input_multi_touch_6 is associated with display ADISPLAY_ID_NONE.'}
{'timestamp': 1702276322368, 'level': 'ALL', 'message': '12-11 08:27:18.358 31652  1218 W InputReader: Device virtio_input_multi_touch_7 is associated with display ADISPLAY_ID_NONE.'}
{'timestamp': 1702276322368, 'level': 'ALL', 'message': '12-11 08:27:18.358 31652  1218 W InputReader: Device virtio_input_multi_touch_3 is associated with display ADISPLAY_ID_NONE.'}
{'timestamp': 1702276322368, 'level': 'ALL', 'message': '12-11 08:27:18.358 31652  1218 W InputReader: Device virtio_input_multi_touch_8 is associated with display ADISPLAY_ID_NONE.'}
{'timestamp': 1702276322368, 'level': 'ALL', 'message': '12-11 08:27:18.358 31652  1218 W InputReader: Device virtio_input_multi_touch_10 is associated with display ADISPLAY_ID_NONE.'}
{'timestamp': 1702276322368, 'level': 'ALL', 'message': '12-11 08:27:18.358 31652  1218 W InputReader: Device virtio_input_multi_touch_4 is associated with display ADISPLAY_ID_NONE.'}
{'timestamp': 1702276322368, 'level': 'ALL', 'message': '12-11 08:27:18.358 31652  1218 W InputReader: Device virtio_input_multi_touch_11 is associated with display ADISPLAY_ID_NONE.'}
{'timestamp': 1702276322368, 'level': 'ALL', 'message': '12-11 08:27:18.358 31652  1218 W InputReader: Device virtio_input_multi_touch_5 is associated with display ADISPLAY_ID_NONE.'}
{'timestamp': 1702276322368, 'level': 'ALL', 'message': '12-11 08:27:18.358 31652  1218 W InputReader: Device virtio_input_multi_touch_2 is associated with display ADISPLAY_ID_NONE.'}
{'timestamp': 1702276322368, 'level': 'ALL', 'message': '12-11 08:27:18.358 31652  1218 W InputReader: Device virtio_input_multi_touch_9 is associated with display ADISPLAY_ID_NONE.'}
{'timestamp': 1702276322368, 'level': 'ALL', 'message': '12-11 08:27:18.358 31652  1218 W InputReader: Device virtio_input_multi_touch_6 is associated with display ADISPLAY_ID_NONE.'}
{'timestamp': 1702276322368, 'level': 'ALL', 'message': '12-11 08:27:18.358 31652  1218 W InputReader: Device virtio_input_multi_touch_7 is associated with display ADISPLAY_ID_NONE.'}
{'timestamp': 1702276322368, 'level': 'ALL', 'message': '12-11 08:27:18.358 31652  1218 W InputReader: Device virtio_input_multi_touch_3 is associated with display ADISPLAY_ID_NONE.'}
{'timestamp': 1702276322368, 'level': 'ALL', 'message': '12-11 08:27:18.358 31652  1218 W InputReader: Device virtio_input_multi_touch_8 is associated with display ADISPLAY_ID_NONE.'}
{'timestamp': 1702276322368, 'level': 'ALL', 'message': '12-11 08:27:18.396 10812 10812 I com.ajaxsystem: The ClassLoaderContext is a special shared library.'}
{'timestamp': 1702276322368, 'level': 'ALL', 'message': '12-11 08:27:18.399 10812 10812 I com.ajaxsystem: The ClassLoaderContext is a special shared library.'}
{'timestamp': 1702276322368, 'level': 'ALL', 'message': '12-11 08:27:18.455 10812 10812 W com.ajaxsystem: JIT profile information will not be recorded: profile file does not exist.'}
{'timestamp': 1702276322368, 'level': 'ALL', 'message': '12-11 08:27:18.455 10812 10812 W com.ajaxsystem: JIT profile information will not be recorded: profile file does not exist.'}
{'timestamp': 1702276322368, 'level': 'ALL', 'message': '12-11 08:27:18.498 10812 10812 D NetworkSecurityConfig: No Network Security Config specified, using platform default'}
{'timestamp': 1702276322368, 'level': 'ALL', 'message': '12-11 08:27:18.499 10812 10812 D NetworkSecurityConfig: No Network Security Config specified, using platform default'}
{'timestamp': 1702276322368, 'level': 'ALL', 'message': '12-11 08:27:18.543 10812 10812 I FirebaseApp: Device unlocked: initializing all Firebase APIs for app [DEFAULT]'}
{'timestamp': 1702276322368, 'level': 'ALL', 'message': '12-11 08:27:18.555 10812 10812 I FirebaseCrashlytics: Initializing Firebase Crashlytics 18.3.6 for com.ajaxsystems'}
{'timestamp': 1702276322368, 'level': 'ALL', 'message': '12-11 08:27:18.630 10812 10835 I DynamiteModule: Considering local module com.google.android.gms.measurement.dynamite:89 and remote module com.google.android.gms.measurement.dynamite:97'}
{'timestamp': 1702276322368, 'level': 'ALL', 'message': '12-11 08:27:18.631 10812 10835 I DynamiteModule: Selected remote version of com.google.android.gms.measurement.dynamite, version >= 97'}
{'timestamp': 1702276322368, 'level': 'ALL', 'message': '12-11 08:27:18.631 10812 10835 V DynamiteModule: Dynamite loader version >= 2, using loadModule2NoCrashUtils'}
{'timestamp': 1702276322368, 'level': 'ALL', 'message': '12-11 08:27:18.671 10812 10812 I FirebaseInitProvider: FirebaseApp initialization successful'}
{'timestamp': 1702276322368, 'level': 'ALL', 'message': '12-11 08:27:18.714 31652  1218 D CompatibilityChangeReporter: Compat change id reported: 149924527; UID 10158; state: ENABLED'}
{'timestamp': 1702276322368, 'level': 'ALL', 'message': '12-11 08:27:18.716 31652  1218 D CompatibilityChangeReporter: Compat change id reported: 132649864; UID 10158; state: DISABLED'}
{'timestamp': 1702276322368, 'level': 'ALL', 'message': '12-11 08:27:18.734 10812 10836 D libcrashlytics: Initializing libcrashlytics version 3.2.0'}
{'timestamp': 1702276322368, 'level': 'ALL', 'message': '12-11 08:27:18.822 10812 10836 D libcrashlytics: Initializing native crash handling successful.'}
{'timestamp': 1702276322368, 'level': 'ALL', 'message': "12-11 08:27:18.858 10812 10812 V NativeCrypto: Registering org/conscrypt/NativeCrypto's 288 native methods..."}
{'timestamp': 1702276322368, 'level': 'ALL', 'message': '12-11 08:27:18.999 10812 10857 I FA      : App measurement initialized, version: 82020'}
{'timestamp': 1702276322368, 'level': 'ALL', 'message': '12-11 08:27:19.000 10812 10857 I FA      : To enable debug logging run: adb shell setprop log.tag.FA VERBOSE'}
{'timestamp': 1702276322368, 'level': 'ALL', 'message': '12-11 08:27:19.000 10812 10857 I FA      : To enable faster debug mode event logging run:'}
{'timestamp': 1702276322368, 'level': 'ALL', 'message': '12-11 08:27:19.000 10812 10857 I FA      :   adb shell setprop debug.firebase.analytics.app com.ajaxsystems'}
{'timestamp': 1702276322368, 'level': 'ALL', 'message': '12-11 08:27:19.151 10812 10812 I TetheringManager: registerTetheringEventCallback:com.ajaxsystems'}
{'timestamp': 1702276322368, 'level': 'ALL', 'message': '12-11 08:27:19.156 31652  1218 D CompatibilityChangeReporter: Compat change id reported: 136274596; UID 10158; state: ENABLED'}
{'timestamp': 1702276322368, 'level': 'ALL', 'message': '12-11 08:27:19.163   396   396 D BoundBrokerSvc: onBind: Intent { act=com.google.android.gms.measurement.START pkg=com.google.android.gms }'}
{'timestamp': 1702276322368, 'level': 'ALL', 'message': '12-11 08:27:19.163   396   396 D BoundBrokerSvc: Loading bound service for intent: Intent { act=com.google.android.gms.measurement.START pkg=com.google.android.gms }'}
{'timestamp': 1702276322368, 'level': 'ALL', 'message': '12-11 08:27:19.224 10812 10857 I FA      : Tag Manager is not found and thus will not be used'}
{'timestamp': 1702276322368, 'level': 'ALL', 'message': '12-11 08:27:19.650 10812 10812 I org.webrtc.Logging: NativeLibrary: Loading native library: jingle_peerconnection_so'}
{'timestamp': 1702276322368, 'level': 'ALL', 'message': '12-11 08:27:19.650 10812 10812 I org.webrtc.Logging: NativeLibrary: Loading library: jingle_peerconnection_so'}
{'timestamp': 1702276322368, 'level': 'ALL', 'message': '12-11 08:27:19.653 10812 10812 I org.webrtc.Logging: PeerConnectionFactory: PeerConnectionFactory was initialized without an injected Loggable. Any existing Loggable will be deleted.'}
{'timestamp': 1702276322368, 'level': 'ALL', 'message': '12-11 08:27:19.655 10812 10812 I org.webrtc.Logging: EglBase14Impl: SDK version: 30. isEGL14Supported: true'}
{'timestamp': 1702276322368, 'level': 'ALL', 'message': '12-11 08:27:19.656 10812 10812 D libEGL  : loaded /vendor/lib/egl/libEGL_emulation.so'}
{'timestamp': 1702276322368, 'level': 'ALL', 'message': '12-11 08:27:19.658 10812 10812 D libEGL  : loaded /vendor/lib/egl/libGLESv1_CM_emulation.so'}
{'timestamp': 1702276322368, 'level': 'ALL', 'message': '12-11 08:27:19.660 10812 10812 D libEGL  : loaded /vendor/lib/egl/libGLESv2_emulation.so'}
{'timestamp': 1702276322368, 'level': 'ALL', 'message': '12-11 08:27:19.681 10812 10812 D HostConnection: HostConnection::get() New Host Connection established 0xed8adf80, tid 10812'}
{'timestamp': 1702276322368, 'level': 'ALL', 'message': '12-11 08:27:19.686 10812 10812 D HostConnection: HostComposition ext ANDROID_EMU_CHECKSUM_HELPER_v1 ANDROID_EMU_native_sync_v2 ANDROID_EMU_native_sync_v3 ANDROID_EMU_native_sync_v4 ANDROID_EMU_dma_v1 ANDROID_EMU_direct_mem ANDROID_EMU_vulkan ANDROID_EMU_deferred_vulkan_commands ANDROID_EMU_vulkan_null_optional_strings ANDROID_EMU_vulkan_create_resources_with_requirements ANDROID_EMU_YUV_Cache ANDROID_EMU_vulkan_ignored_handles ANDROID_EMU_has_shared_slots_host_memory_allocator ANDROID_EMU_vulkan_free_memory_sync ANDROID_EMU_vulkan_shader_float16_int8 ANDROID_EMU_vulkan_async_queue_submit ANDROID_EMU_sync_buffer_data ANDROID_EMU_vulkan_async_qsri ANDROID_EMU_read_color_buffer_dma GL_OES_vertex_array_object GL_KHR_texture_compression_astc_ldr ANDROID_EMU_host_side_tracing ANDROID_EMU_gles_max_version_2'}
{'timestamp': 1702276322368, 'level': 'ALL', 'message': '12-11 08:27:19.688   179   179 I hwservicemanager: getTransport: Cannot find entry android.hardware.configstore@1.0::ISurfaceFlingerConfigs/default in either framework or device manifest.'}
{'timestamp': 1702276322368, 'level': 'ALL', 'message': '12-11 08:27:19.690 10812 10812 I org.webrtc.Logging: EglBase14Impl: Using OpenGL ES version 2'}
{'timestamp': 1702276322368, 'level': 'ALL', 'message': '12-11 08:27:19.715 10812 10812 D EGL_emulation: eglCreateContext: 0xed8ae370: maj 2 min 0 rcv 2'}
{'timestamp': 1702276322368, 'level': 'ALL', 'message': '12-11 08:27:19.752 10812 10812 I VideoCapabilities: Unsupported profile 4 for video/mp4v-es'}
{'timestamp': 1702276322368, 'level': 'ALL', 'message': '12-11 08:27:19.761 31652  1218 I system_server: oneway function results will be dropped but finished with status OK and parcel size 4'}
{'timestamp': 1702276322368, 'level': 'ALL', 'message': '12-11 08:27:19.761 31652 32346 I system_server: oneway function results will be dropped but finished with status OK and parcel size 4'}
{'timestamp': 1702276322368, 'level': 'ALL', 'message': '12-11 08:27:19.763 31652  1231 I system_server: oneway function results will be dropped but finished with status OK and parcel size 4'}
{'timestamp': 1702276322368, 'level': 'ALL', 'message': '12-11 08:27:19.764 31652  1231 I system_server: oneway function results will be dropped but finished with status OK and parcel size 4'}
{'timestamp': 1702276322368, 'level': 'ALL', 'message': '12-11 08:27:19.774 10812 10812 I org.webrtc.Logging: WebRtcAudioManagerExternal: Sample rate is set to 44100 Hz'}
{'timestamp': 1702276322368, 'level': 'ALL', 'message': '12-11 08:27:19.775 10812 10812 I org.webrtc.Logging: WebRtcAudioManagerExternal: Sample rate is set to 44100 Hz'}
{'timestamp': 1702276322368, 'level': 'ALL', 'message': '12-11 08:27:19.775 10812 10812 I org.webrtc.Logging: JavaAudioDeviceModule: createAudioDeviceModule'}
{'timestamp': 1702276322368, 'level': 'ALL', 'message': '12-11 08:27:19.775 10812 10812 I org.webrtc.Logging: JavaAudioDeviceModule: HW NS will not be used.'}
{'timestamp': 1702276322368, 'level': 'ALL', 'message': '12-11 08:27:19.775 10812 10812 I org.webrtc.Logging: JavaAudioDeviceModule: HW AEC will not be used.'}
{'timestamp': 1702276322368, 'level': 'ALL', 'message': '12-11 08:27:19.777 10812 10812 I org.webrtc.Logging: WebRtcAudioEffectsExternal: ctor@[name=main, id=2]'}
{'timestamp': 1702276322368, 'level': 'ALL', 'message': '12-11 08:27:19.777 10812 10812 I org.webrtc.Logging: WebRtcAudioRecordExternal: ctor@[name=main, id=2]'}
{'timestamp': 1702276322368, 'level': 'ALL', 'message': '12-11 08:27:19.777 10812 10812 I org.webrtc.Logging: WebRtcAudioTrackExternal: ctor@[name=main, id=2]'}
{'timestamp': 1702276322368, 'level': 'ALL', 'message': '12-11 08:27:19.801 10812 10890 I org.webrtc.Logging: PeerConnectionFactory: onWorkerThreadReady'}
{'timestamp': 1702276322368, 'level': 'ALL', 'message': '12-11 08:27:19.802 10812 10889 I org.webrtc.Logging: PeerConnectionFactory: onNetworkThreadReady'}
{'timestamp': 1702276322368, 'level': 'ALL', 'message': '12-11 08:27:19.806 10812 10891 I org.webrtc.Logging: PeerConnectionFactory: onSignalingThreadReady'}
{'timestamp': 1702276322368, 'level': 'ALL', 'message': '12-11 08:27:19.992 10812 10812 D AppCompatDelegate: Checking for metadata for AppLocalesMetadataHolderService : Service not found'}
{'timestamp': 1702276322368, 'level': 'ALL', 'message': '12-11 08:27:20.008 10812 10855 I ins     : ---- SNTP successful response from time.google.com'}
{'timestamp': 1702276322368, 'level': 'ALL', 'message': '12-11 08:27:20.008 10812 10855 D trb     : Caching true time info to disk sntp [1702276039240] device [27907283] boot [1702248131957]'}
{'timestamp': 1702276322368, 'level': 'ALL', 'message': '12-11 08:27:20.095 10812 10812 I Choreographer: Skipped 83 frames!  The application may be doing too much work on its main thread.'}
{'timestamp': 1702276322369, 'level': 'ALL', 'message': '12-11 08:27:20.132 10812 10910 D HostConnection: HostConnection::get() New Host Connection established 0xed8b2ac0, tid 10910'}
{'timestamp': 1702276322369, 'level': 'ALL', 'message': '12-11 08:27:20.141 10812 10910 D HostConnection: HostComposition ext ANDROID_EMU_CHECKSUM_HELPER_v1 ANDROID_EMU_native_sync_v2 ANDROID_EMU_native_sync_v3 ANDROID_EMU_native_sync_v4 ANDROID_EMU_dma_v1 ANDROID_EMU_direct_mem ANDROID_EMU_vulkan ANDROID_EMU_deferred_vulkan_commands ANDROID_EMU_vulkan_null_optional_strings ANDROID_EMU_vulkan_create_resources_with_requirements ANDROID_EMU_YUV_Cache ANDROID_EMU_vulkan_ignored_handles ANDROID_EMU_has_shared_slots_host_memory_allocator ANDROID_EMU_vulkan_free_memory_sync ANDROID_EMU_vulkan_shader_float16_int8 ANDROID_EMU_vulkan_async_queue_submit ANDROID_EMU_sync_buffer_data ANDROID_EMU_vulkan_async_qsri ANDROID_EMU_read_color_buffer_dma GL_OES_vertex_array_object GL_KHR_texture_compression_astc_ldr ANDROID_EMU_host_side_tracing ANDROID_EMU_gles_max_version_2'}
{'timestamp': 1702276322369, 'level': 'ALL', 'message': '12-11 08:27:20.142 10812 10910 W OpenGLRenderer: Failed to choose config with EGL_SWAP_BEHAVIOR_PRESERVED, retrying without...'}
{'timestamp': 1702276322369, 'level': 'ALL', 'message': '12-11 08:27:20.169 10812 10910 D EGL_emulation: eglCreateContext: 0xed8b4030: maj 2 min 0 rcv 2'}
{'timestamp': 1702276322369, 'level': 'ALL', 'message': '12-11 08:27:20.174 10812 10910 D EGL_emulation: eglMakeCurrent: 0xed8b4030: ver 2 0 (tinfo 0xb48f3fd0) (first time)'}
{'timestamp': 1702276322369, 'level': 'ALL', 'message': '12-11 08:27:20.183   320   320 D goldfish-address-space: claimShared: Ask to claim region [0x3f19a6000 0x3f238a000]'}
{'timestamp': 1702276322369, 'level': 'ALL', 'message': '12-11 08:27:20.188   179   179 I hwservicemanager: getTransport: Cannot find entry android.hardware.graphics.mapper@4.0::IMapper/default in either framework or device manifest.'}
{'timestamp': 1702276322369, 'level': 'ALL', 'message': '12-11 08:27:20.189 10812 10910 I Gralloc4: mapper 4.x is not supported'}
{'timestamp': 1702276322369, 'level': 'ALL', 'message': '12-11 08:27:20.190 10812 10910 D HostConnection: createUnique: call'}
{'timestamp': 1702276322369, 'level': 'ALL', 'message': '12-11 08:27:20.191 10812 10910 D HostConnection: HostConnection::get() New Host Connection established 0xed8b3c40, tid 10910'}
{'timestamp': 1702276322369, 'level': 'ALL', 'message': '12-11 08:27:20.192 10812 10910 D goldfish-address-space: allocate: Ask for block of size 0x100'}
{'timestamp': 1702276322369, 'level': 'ALL', 'message': '12-11 08:27:20.192 10812 10910 D goldfish-address-space: allocate: ioctl allocate returned offset 0x3efffe000 size 0x2000'}
{'timestamp': 1702276322369, 'level': 'ALL', 'message': '12-11 08:27:20.198 10812 10910 D HostConnection: HostComposition ext ANDROID_EMU_CHECKSUM_HELPER_v1 ANDROID_EMU_native_sync_v2 ANDROID_EMU_native_sync_v3 ANDROID_EMU_native_sync_v4 ANDROID_EMU_dma_v1 ANDROID_EMU_direct_mem ANDROID_EMU_vulkan ANDROID_EMU_deferred_vulkan_commands ANDROID_EMU_vulkan_null_optional_strings ANDROID_EMU_vulkan_create_resources_with_requirements ANDROID_EMU_YUV_Cache ANDROID_EMU_vulkan_ignored_handles ANDROID_EMU_has_shared_slots_host_memory_allocator ANDROID_EMU_vulkan_free_memory_sync ANDROID_EMU_vulkan_shader_float16_int8 ANDROID_EMU_vulkan_async_queue_submit ANDROID_EMU_sync_buffer_data ANDROID_EMU_vulkan_async_qsri ANDROID_EMU_read_color_buffer_dma GL_OES_vertex_array_object GL_KHR_texture_compression_astc_ldr ANDROID_EMU_host_side_tracing ANDROID_EMU_gles_max_version_2'}
{'timestamp': 1702276322369, 'level': 'ALL', 'message': '12-11 08:27:20.204   320   320 D goldfish-address-space: claimShared: Ask to claim region [0x3f238a000 0x3f2d6e000]'}
{'timestamp': 1702276322369, 'level': 'ALL', 'message': '12-11 08:27:20.207   320   320 D goldfish-address-space: claimShared: Ask to claim region [0x3f654b000 0x3f6f2f000]'}
{'timestamp': 1702276322369, 'level': 'ALL', 'message': '12-11 08:27:20.253 10812 10910 I OpenGLRenderer: Davey! duration=1541ms; Flags=1, IntendedVsync=27905978451897, Vsync=27907361785175, OldestInputEvent=9223372036854775807, NewestInputEvent=0, HandleInputStart=27907371072760, AnimationStart=27907371124560, PerformTraversalsStart=27907371709560, DrawStart=27907479317960, SyncQueued=27907479610960, SyncStart=27907488836260, IssueDrawCommandsStart=27907488978360, SwapBuffers=27907501242860, FrameCompleted=27907529430660, DequeueBufferDuration=836500, QueueBufferDuration=963800, GpuCompleted=0,'}
{'timestamp': 1702276322369, 'level': 'ALL', 'message': "12-11 08:27:20.274 31652 31742 D ArtManagerInternalImpl: /data/misc/iorapd/com.ajaxsystems/2334272/com.ajaxsystems.ui.activity.LauncherActivity/compiled_traces/compiled_trace.pb doesn't exist"}
{'timestamp': 1702276322369, 'level': 'ALL', 'message': '12-11 08:27:20.275 31652 31742 I ActivityTaskManager: Displayed com.ajaxsystems/.ui.activity.LauncherActivity: +2s95ms'}
{'timestamp': 1702276322369, 'level': 'ALL', 'message': '12-11 08:27:20.282 10801 10803 I cmd     : oneway function results will be dropped but finished with status OK and parcel size 4'}
{'timestamp': 1702276322369, 'level': 'ALL', 'message': '12-11 08:27:20.304 31652 31712 D EventSequenceValidator: Transition from ACTIVITY_LAUNCHED to ACTIVITY_FINISHED'}
{'timestamp': 1702276322369, 'level': 'ALL', 'message': '12-11 08:27:20.334 31652 31712 D EventSequenceValidator: Transition from ACTIVITY_FINISHED to INTENT_STARTED'}
{'timestamp': 1702276322369, 'level': 'ALL', 'message': '12-11 08:27:20.334 31652  1226 I ActivityTaskManager: START u0 {flg=0x10000000 cmp=com.ajaxsystems/.bootstrap.presentation.splash.SplashActivity} from uid 10158'}
{'timestamp': 1702276322369, 'level': 'ALL', 'message': '12-11 08:27:20.346 31652 31712 D EventSequenceValidator: Transition from INTENT_STARTED to INTENT_FAILED'}
{'timestamp': 1702276322369, 'level': 'ALL', 'message': '12-11 08:27:20.406 31652  1231 W ActivityTaskManager: Tried to set launchTime (0) < mLastActivityLaunchTime (27905634)'}
{'timestamp': 1702276322369, 'level': 'ALL', 'message': '12-11 08:27:20.406 31652  1231 W InputReader: Device virtio_input_multi_touch_10 is associated with display ADISPLAY_ID_NONE.'}
{'timestamp': 1702276322369, 'level': 'ALL', 'message': '12-11 08:27:20.407 31652  1231 W InputReader: Device virtio_input_multi_touch_4 is associated with display ADISPLAY_ID_NONE.'}
{'timestamp': 1702276322369, 'level': 'ALL', 'message': '12-11 08:27:20.407 31652  1231 W InputReader: Device virtio_input_multi_touch_11 is associated with display ADISPLAY_ID_NONE.'}
{'timestamp': 1702276322369, 'level': 'ALL', 'message': '12-11 08:27:20.407 31652  1231 W InputReader: Device virtio_input_multi_touch_5 is associated with display ADISPLAY_ID_NONE.'}
{'timestamp': 1702276322369, 'level': 'ALL', 'message': '12-11 08:27:20.407 31652  1231 W InputReader: Device virtio_input_multi_touch_2 is associated with display ADISPLAY_ID_NONE.'}
{'timestamp': 1702276322369, 'level': 'ALL', 'message': '12-11 08:27:20.407 31652  1231 W InputReader: Device virtio_input_multi_touch_9 is associated with display ADISPLAY_ID_NONE.'}
{'timestamp': 1702276322369, 'level': 'ALL', 'message': '12-11 08:27:20.407 31652  1231 W InputReader: Device virtio_input_multi_touch_6 is associated with display ADISPLAY_ID_NONE.'}
{'timestamp': 1702276322369, 'level': 'ALL', 'message': '12-11 08:27:20.407 31652  1231 W InputReader: Device virtio_input_multi_touch_7 is associated with display ADISPLAY_ID_NONE.'}
{'timestamp': 1702276322369, 'level': 'ALL', 'message': '12-11 08:27:20.407 31652  1231 W InputReader: Device virtio_input_multi_touch_3 is associated with display ADISPLAY_ID_NONE.'}
{'timestamp': 1702276322369, 'level': 'ALL', 'message': '12-11 08:27:20.407 31652  1231 W InputReader: Device virtio_input_multi_touch_8 is associated with display ADISPLAY_ID_NONE.'}
{'timestamp': 1702276322369, 'level': 'ALL', 'message': '12-11 08:27:20.407 31652  1231 W InputReader: Device virtio_input_multi_touch_10 is associated with display ADISPLAY_ID_NONE.'}
{'timestamp': 1702276322369, 'level': 'ALL', 'message': '12-11 08:27:20.407 31652  1231 W InputReader: Device virtio_input_multi_touch_4 is associated with display ADISPLAY_ID_NONE.'}
{'timestamp': 1702276322369, 'level': 'ALL', 'message': '12-11 08:27:20.407 31652  1231 W InputReader: Device virtio_input_multi_touch_11 is associated with display ADISPLAY_ID_NONE.'}
{'timestamp': 1702276322369, 'level': 'ALL', 'message': '12-11 08:27:20.407 31652  1231 W InputReader: Device virtio_input_multi_touch_5 is associated with display ADISPLAY_ID_NONE.'}
{'timestamp': 1702276322369, 'level': 'ALL', 'message': '12-11 08:27:20.408 31652  1231 W InputReader: Device virtio_input_multi_touch_2 is associated with display ADISPLAY_ID_NONE.'}
{'timestamp': 1702276322369, 'level': 'ALL', 'message': '12-11 08:27:20.408 31652  1231 W InputReader: Device virtio_input_multi_touch_9 is associated with display ADISPLAY_ID_NONE.'}
{'timestamp': 1702276322369, 'level': 'ALL', 'message': '12-11 08:27:20.408 31652  1231 W InputReader: Device virtio_input_multi_touch_6 is associated with display ADISPLAY_ID_NONE.'}
{'timestamp': 1702276322369, 'level': 'ALL', 'message': '12-11 08:27:20.408 31652  1231 W InputReader: Device virtio_input_multi_touch_7 is associated with display ADISPLAY_ID_NONE.'}
{'timestamp': 1702276322369, 'level': 'ALL', 'message': '12-11 08:27:20.408 31652  1231 W InputReader: Device virtio_input_multi_touch_3 is associated with display ADISPLAY_ID_NONE.'}
{'timestamp': 1702276322369, 'level': 'ALL', 'message': '12-11 08:27:20.408 31652  1231 W InputReader: Device virtio_input_multi_touch_8 is associated with display ADISPLAY_ID_NONE.'}
{'timestamp': 1702276322369, 'level': 'ALL', 'message': '12-11 08:27:20.511 10812 10886 I WM-WorkerWrapper: Worker result SUCCESS for Work [ id=41450f8a-a7bc-4fa9-93a8-006ff0c386c7, tags={ systems.ajax.logger.job.LoggerJob } ]'}
{'timestamp': 1702276322369, 'level': 'ALL', 'message': '12-11 08:27:20.738 10812 10824 I com.ajaxsystem: Background young concurrent copying GC freed 124045(7907KB) AllocSpace objects, 43(1628KB) LOS objects, 76% free, 7727KB/31MB, paused 817us total 405.868ms'}
{'timestamp': 1702276322369, 'level': 'ALL', 'message': '12-11 08:27:20.825 32604   948 I FontLog : (REDACTED) Received query %s, URI %s'}
{'timestamp': 1702276322369, 'level': 'ALL', 'message': '12-11 08:27:20.826 32604   948 I FontLog : (REDACTED) Query [%s] resolved to %s'}
{'timestamp': 1702276322369, 'level': 'ALL', 'message': '12-11 08:27:20.828 32604   948 I FontLog : (REDACTED) Fetch %s end status %s'}
{'timestamp': 1702276322369, 'level': 'ALL', 'message': '12-11 08:27:20.832 32604   948 I FontLog : (REDACTED) Pulling font file for id = %d, cache size = %d'}
{'timestamp': 1702276322369, 'level': 'ALL', 'message': '12-11 08:27:20.846 32604   948 I FontLog : (REDACTED) Pulling font file for id = %d, cache size = %d'}
{'timestamp': 1702276322369, 'level': 'ALL', 'message': '12-11 08:27:20.877 10812 10812 W com.ajaxsystem: Class androidx.compose.runtime.snapshots.SnapshotStateMap failed lock verification and will run slower.'}
{'timestamp': 1702276322369, 'level': 'ALL', 'message': '12-11 08:27:20.877 10812 10812 W com.ajaxsystem: Common causes for lock verification issues are non-optimized dex code'}
{'timestamp': 1702276322369, 'level': 'ALL', 'message': '12-11 08:27:20.877 10812 10812 W com.ajaxsystem: and incorrect proguard optimizations.'}
{'timestamp': 1702276322369, 'level': 'ALL', 'message': '12-11 08:27:20.975 10812 10812 W com.ajaxsystem: Class androidx.compose.runtime.snapshots.SnapshotStateList failed lock verification and will run slower.'}
{'timestamp': 1702276322369, 'level': 'ALL', 'message': '12-11 08:27:21.174   320   320 D goldfish-address-space: claimShared: Ask to claim region [0x3f5b67000 0x3f654b000]'}
{'timestamp': 1702276322369, 'level': 'ALL', 'message': '12-11 08:27:21.183   320   320 D goldfish-address-space: claimShared: Ask to claim region [0x3f8000000 0x3f89e4000]'}
{'timestamp': 1702276322369, 'level': 'ALL', 'message': '12-11 08:27:21.186   320   320 D goldfish-address-space: claimShared: Ask to claim region [0x3f89e4000 0x3f93c8000]'}
{'timestamp': 1702276322369, 'level': 'ALL', 'message': '12-11 08:27:21.274 31652 31742 I ActivityTaskManager: Displayed com.ajaxsystems/.bootstrap.presentation.splash.SplashActivity: +927ms'}
{'timestamp': 1702276322369, 'level': 'ALL', 'message': '12-11 08:27:21.338   653   653 I dnpg    : onStop'}
{'timestamp': 1702276322369, 'level': 'ALL', 'message': '12-11 08:27:21.412   653   679 I earchbox:searc: Background young concurrent copying GC freed 62160(2771KB) AllocSpace objects, 9(2588KB) LOS objects, 46% free, 21MB/40MB, paused 8.479ms total 71.798ms'}
{'timestamp': 1702276322369, 'level': 'ALL', 'message': '12-11 08:27:21.551 10812 10872 E Volley  : [697] NetworkUtility.shouldRetryException: Unexpected response code 403 for https://in-app-message.prod.ajax.systems/v1/prod/main/en/plashka.json'}
{'timestamp': 1702276322369, 'level': 'ALL', 'message': '12-11 08:27:21.853 10812 10872 E Volley  : [697] NetworkUtility.shouldRetryException: Unexpected response code 403 for https://in-app-message.prod.ajax.systems/v1/prod/main/en/plashka.json'}
{'timestamp': 1702276322369, 'level': 'ALL', 'message': '12-11 08:27:21.854 10812 10812 E MaintenanceMessagesApi: Cannot get maintenance messages'}
{'timestamp': 1702276322369, 'level': 'ALL', 'message': '12-11 08:27:21.854 10812 10812 E MaintenanceMessagesApi: com.android.volley.AuthFailureError'}
{'timestamp': 1702276322369, 'level': 'ALL', 'message': '12-11 08:27:21.854 10812 10812 E MaintenanceMessagesApi: \tat com.android.volley.toolbox.NetworkUtility.shouldRetryException(Unknown Source:134)'}
{'timestamp': 1702276322369, 'level': 'ALL', 'message': '12-11 08:27:21.854 10812 10812 E MaintenanceMessagesApi: \tat com.android.volley.toolbox.BasicNetwork.performRequest(Unknown Source:119)'}
{'timestamp': 1702276322369, 'level': 'ALL', 'message': '12-11 08:27:21.854 10812 10812 E MaintenanceMessagesApi: \tat com.android.volley.NetworkDispatcher.processRequest(Unknown Source:39)'}
{'timestamp': 1702276322369, 'level': 'ALL', 'message': '12-11 08:27:21.854 10812 10812 E MaintenanceMessagesApi: \tat com.android.volley.NetworkDispatcher.processRequest(Unknown Source:8)'}
{'timestamp': 1702276322369, 'level': 'ALL', 'message': '12-11 08:27:21.854 10812 10812 E MaintenanceMessagesApi: \tat com.android.volley.NetworkDispatcher.run(Unknown Source:5)'}
{'timestamp': 1702276322369, 'level': 'ALL', 'message': '12-11 08:27:22.764 31652  1231 I system_server: oneway function results will be dropped but finished with status OK and parcel size 4'}
{'timestamp': 1702276322369, 'level': 'ALL', 'message': '12-11 08:27:22.765 31652  1231 I system_server: oneway function results will be dropped but finished with status OK and parcel size 4'}
{'timestamp': 1702276322369, 'level': 'ALL', 'message': '12-11 08:27:23.190   410   410 I perfetto: probes_producer.cc:329  Producer stop (id=495)'}
{'timestamp': 1702276322369, 'level': 'ALL', 'message': '12-11 08:27:23.194   421   421 I perfetto: ng_service_impl.cc:1948 Tracing session 495 ended, total sessions:0'}
{'timestamp': 1702276322369, 'level': 'ALL', 'message': '12-11 08:27:23.197   410   410 I perfetto: ftrace_procfs.cc:183    disabled ftrace'}
{'timestamp': 1702276322369, 'level': 'ALL', 'message': '12-11 08:27:23.218   433 10808 I iorapd  : Perfetto TraceBuffer saved to file: /data/misc/iorapd/com.ajaxsystems/2334272/com.ajaxsystems.ui.activity.LauncherActivity/raw_traces/1702276043217885200.perfetto_trace.pb'}
{'timestamp': 1702276322369, 'level': 'ALL', 'message': '12-11 08:27:23.463 10812 10824 I com.ajaxsystem: WaitForGcToComplete blocked RunEmptyCheckpoint on ProfileSaver for 5.530ms'}
{'timestamp': 1702276322369, 'level': 'ALL', 'message': '12-11 08:27:25.442 32722 32763 I PeriodicStatsRunner: PeriodicStatsRunner.call():180 call()'}
{'timestamp': 1702276322369, 'level': 'ALL', 'message': '12-11 08:27:25.442 32722 32763 I PeriodicStatsRunner: PeriodicStatsRunner.call():184 No submit PeriodicStats since input started.'}
{'timestamp': 1702276322369, 'level': 'ALL', 'message': '12-11 08:27:25.548 10812 10933 D ProfileInstaller: Installing profile for com.ajaxsystems'}
{'timestamp': 1702276322369, 'level': 'ALL', 'message': '12-11 08:27:26.333 32722 32763 I PeriodicStatsRunner: PeriodicStatsRunner.call():180 call()'}
{'timestamp': 1702276322369, 'level': 'ALL', 'message': '12-11 08:27:26.333 32722 32763 I PeriodicStatsRunner: PeriodicStatsRunner.call():184 No submit PeriodicStats since input started.'}
{'timestamp': 1702276322369, 'level': 'ALL', 'message': '12-11 08:27:29.194 32604  5319 D BluetoothAdapter: isLeEnabled(): ON'}
{'timestamp': 1702276322369, 'level': 'ALL', 'message': '12-11 08:27:29.195 32604  5319 D BluetoothAdapter: isLeEnabled(): ON'}
{'timestamp': 1702276322369, 'level': 'ALL', 'message': '12-11 08:27:29.202 32106 32550 D BluetoothAdapterService: getAdapterService() - returning com.android.bluetooth.btservice.AdapterService@17fa1b5'}
{'timestamp': 1702276322369, 'level': 'ALL', 'message': '12-11 08:27:31.070   396   396 D BoundBrokerSvc: onUnbind: Intent { act=com.google.android.gms.measurement.START pkg=com.google.android.gms }'}
{'timestamp': 1702276322369, 'level': 'ALL', 'message': '12-11 08:27:32.205 32604  5319 E NearbyMediums: MEDIUM_ERROR [SYSTEM][BLE][START_ADVERTISING][START_LEGACY_ADVERTISING_FAILED][TIMEOUT], service-id=NearbySharing'}
{'timestamp': 1702276322369, 'level': 'ALL', 'message': '12-11 08:27:34.031   653  1036 I appm    : dispose()'}
{'timestamp': 1702276322369, 'level': 'ALL', 'message': '12-11 08:27:34.036   653  1036 W avsu    : (REDACTED) Queue length for executor %s is now %d. Perhaps some tasks are too long, or the pool is too small.'}
{'timestamp': 1702276322369, 'level': 'ALL', 'message': '12-11 08:27:38.150 31652 31663 W System  : A resource failed to call release.'}
{'timestamp': 1702276322369, 'level': 'ALL', 'message': '12-11 08:27:38.151 31652 31663 W System  : A resource failed to call release.'}
{'timestamp': 1702276322369, 'level': 'ALL', 'message': '12-11 08:27:38.151 31652 31663 W System  : A resource failed to call dispose.'}
{'timestamp': 1702276322369, 'level': 'ALL', 'message': '12-11 08:27:43.842   653   653 I blvr    : (REDACTED) disposing SearchServiceClient after timeout %s'}
{'timestamp': 1702276322369, 'level': 'ALL', 'message': '12-11 08:27:45.761   179   179 E SELinux : avc:  denied  { find } for interface=android.hardware.memtrack::IMemtrack sid=u:r:gmscore_app:s0:c512,c768 pid=9680 scontext=u:r:gmscore_app:s0:c512,c768 tcontext=u:object_r:hal_memtrack_hwservice:s0 tclass=hwservice_manager permissive=0'}
{'timestamp': 1702276322369, 'level': 'ALL', 'message': "12-11 08:27:45.761  9680 10949 E memtrack: Couldn't load memtrack module"}
{'timestamp': 1702276322369, 'level': 'ALL', 'message': "12-11 08:27:50.816   469   469 E netmgr  : qemu_pipe_open_ns:62: Could not connect to the 'pipe:qemud:network' service: Invalid argument"}
{'timestamp': 1702276322369, 'level': 'ALL', 'message': "12-11 08:27:50.817   469   469 E netmgr  : Failed to open QEMU pipe 'qemud:network': Invalid argument"}
{'timestamp': 1702276322369, 'level': 'ALL', 'message': '12-11 08:27:52.273 10812 10870 E Volley  : [695] NetworkUtility.shouldRetryException: Unexpected response code 403 for https://in-app-message.prod.ajax.systems/v1/prod/main/en/plashka.json'}
{'timestamp': 1702276322369, 'level': 'ALL', 'message': '12-11 08:27:52.472 10812 10870 E Volley  : [695] NetworkUtility.shouldRetryException: Unexpected response code 403 for https://in-app-message.prod.ajax.systems/v1/prod/main/en/plashka.json'}
{'timestamp': 1702276322369, 'level': 'ALL', 'message': '12-11 08:27:52.473 10812 10812 E MaintenanceMessagesApi: Cannot get maintenance messages'}
{'timestamp': 1702276322369, 'level': 'ALL', 'message': '12-11 08:27:52.473 10812 10812 E MaintenanceMessagesApi: com.android.volley.AuthFailureError'}
{'timestamp': 1702276322369, 'level': 'ALL', 'message': '12-11 08:27:52.473 10812 10812 E MaintenanceMessagesApi: \tat com.android.volley.toolbox.NetworkUtility.shouldRetryException(Unknown Source:134)'}
{'timestamp': 1702276322369, 'level': 'ALL', 'message': '12-11 08:27:52.473 10812 10812 E MaintenanceMessagesApi: \tat com.android.volley.toolbox.BasicNetwork.performRequest(Unknown Source:119)'}
{'timestamp': 1702276322369, 'level': 'ALL', 'message': '12-11 08:27:52.473 10812 10812 E MaintenanceMessagesApi: \tat com.android.volley.NetworkDispatcher.processRequest(Unknown Source:39)'}
{'timestamp': 1702276322369, 'level': 'ALL', 'message': '12-11 08:27:52.473 10812 10812 E MaintenanceMessagesApi: \tat com.android.volley.NetworkDispatcher.processRequest(Unknown Source:8)'}
{'timestamp': 1702276322369, 'level': 'ALL', 'message': '12-11 08:27:52.473 10812 10812 E MaintenanceMessagesApi: \tat com.android.volley.NetworkDispatcher.run(Unknown Source:5)'}
{'timestamp': 1702276322369, 'level': 'ALL', 'message': "12-11 08:27:52.579   477   477 E wifi_forwarder: qemu_pipe_open_ns:62: Could not connect to the 'pipe:qemud:wififorward' service: Invalid argument"}
{'timestamp': 1702276322369, 'level': 'ALL', 'message': '12-11 08:27:52.579   477   477 E wifi_forwarder: RemoteConnection failed to initialize: RemoteConnection failed to open pipe'}
{'timestamp': 1702276322369, 'level': 'ALL', 'message': '12-11 08:27:52.945 32604 10471 I .gms.persisten: Explicit concurrent copying GC freed 170870(6190KB) AllocSpace objects, 0(0B) LOS objects, 49% free, 13MB/27MB, paused 637us total 89.941ms'}
{'timestamp': 1702276322369, 'level': 'ALL', 'message': '12-11 08:27:52.969 32604 32619 D BluetoothSocket: close() this: android.bluetooth.BluetoothSocket@e624823, channel: 7, mSocketIS: android.net.LocalSocketImpl$SocketInputStream@fe59120, mSocketOS: android.net.LocalSocketImpl$SocketOutputStream@5b6bad9mSocket: null, mSocketState: CLOSED'}
{'timestamp': 1702276322369, 'level': 'ALL', 'message': '12-11 08:27:57.520 32604 32647 D BluetoothAdapter: isLeEnabled(): ON'}
{'timestamp': 1702276322370, 'level': 'ALL', 'message': '12-11 08:27:57.520 32604 32647 D BluetoothAdapter: isLeEnabled(): ON'}
{'timestamp': 1702276322370, 'level': 'ALL', 'message': '12-11 08:27:57.525 32106 32550 D BluetoothAdapterService: getAdapterService() - returning com.android.bluetooth.btservice.AdapterService@17fa1b5'}
{'timestamp': 1702276322370, 'level': 'ALL', 'message': '12-11 08:28:00.221   396  5413 I gle.android.gm: Explicit concurrent copying GC freed 26710(1617KB) AllocSpace objects, 12(624KB) LOS objects, 49% free, 13MB/27MB, paused 1.170ms total 126.209ms'}
{'timestamp': 1702276322370, 'level': 'ALL', 'message': '12-11 08:28:00.529 32604 32647 E NearbyMediums: MEDIUM_ERROR [SYSTEM][BLE][START_ADVERTISING][START_LEGACY_ADVERTISING_FAILED][TIMEOUT], service-id=NearbySharing'}
{'timestamp': 1702276322370, 'level': 'ALL', 'message': '12-11 08:28:01.642   517   938 I azpt    : (REDACTED) getHotwordActive::active query: %s, watch: %s, devices connected: %s'}
{'timestamp': 1702276322370, 'level': 'ALL', 'message': '12-11 08:28:03.491 10812 10832 W com.ajaxsystem: Checksum mismatch for dex base.apk!classes3.dex'}
{'timestamp': 1702276322370, 'level': 'ALL', 'message': '12-11 08:28:03.491 10812 10832 W com.ajaxsystem: Could not add methods to the existing profiler. Clearing the profile data.'}
{'timestamp': 1702276322370, 'level': 'ALL', 'message': '12-11 08:28:12.548 31652 31743 W ActivityManager: Timeout executing service: ServiceRecord{326c007 u0 com.android.systemui/.dump.SystemUIAuxiliaryDumpService}'}
{'timestamp': 1702276322370, 'level': 'ALL', 'message': '12-11 08:28:12.549 31652 31743 W ActivityManager: Timeout executing service: ServiceRecord{326c007 u0 com.android.systemui/.dump.SystemUIAuxiliaryDumpService}'}
{'timestamp': 1702276322370, 'level': 'ALL', 'message': '12-11 08:28:12.573 31652 10962 I ActivityManager: dumpStackTraces pids={327=true, 396=true, 445=true, 517=true, 653=true, 685=true, 872=true, 1356=true, 3173=true, 5859=true, 5910=true, 6852=true, 7279=true, 7395=true, 7432=true, 7550=true, 7798=true, 7873=true, 7929=true, 8283=true, 8436=true, 9680=true, 10760=true, 10812=true, 32106=true, 32421=true, 32473=true, 32604=true, 32722=true} nativepids=[187, 299, 388, 427, 440, 442, 451, 456, 31508, 31509, 31510, 31702, 32106]'}
{'timestamp': 1702276322370, 'level': 'ALL', 'message': '12-11 08:28:12.954 31652 10962 I ActivityManager: Skipping next CPU consuming process, not a java proc: 31652'}
{'timestamp': 1702276322370, 'level': 'ALL', 'message': '12-11 08:28:12.954 31652 10962 I ActivityManager: Skipping next CPU consuming process, not a java proc: 308'}
{'timestamp': 1702276322370, 'level': 'ALL', 'message': '12-11 08:28:12.955 31652 10962 I ActivityManager: Dumping to /data/anr/anr_2023-12-11-08-28-12-955'}
{'timestamp': 1702276322370, 'level': 'ALL', 'message': '12-11 08:28:12.955 31652 10962 I ActivityManager: Collecting stacks for pid 9929'}
{'timestamp': 1702276322370, 'level': 'ALL', 'message': '12-11 08:28:12.958 31652 10962 I system_server: libdebuggerd_client: started dumping process 9929'}
{'timestamp': 1702276322370, 'level': 'ALL', 'message': '12-11 08:28:12.961   294   294 I tombstoned: registered intercept for pid 9929 and type kDebuggerdJavaBacktrace'}
{'timestamp': 1702276322370, 'level': 'ALL', 'message': '12-11 08:28:12.962  9929  9939 I ndroid.systemu: Thread[6,tid=9939,WaitingInMainSignalCatcherLoop,Thread*=0xdfc81c10,peer=0x13980078,"Signal Catcher"]: reacting to signal 3'}
{'timestamp': 1702276322370, 'level': 'ALL', 'message': '12-11 08:28:12.962  9929  9939 I ndroid.systemu:'}
{'timestamp': 1702276322370, 'level': 'ALL', 'message': '12-11 08:28:13.143   294   294 I tombstoned: received crash request for pid 9929'}
{'timestamp': 1702276322370, 'level': 'ALL', 'message': '12-11 08:28:13.143   294   294 I tombstoned: found intercept fd 512 for pid 9929 and type kDebuggerdJavaBacktrace'}
{'timestamp': 1702276322370, 'level': 'ALL', 'message': '12-11 08:28:13.144  9929  9939 I ndroid.systemu: Wrote stack traces to tombstoned'}
{'timestamp': 1702276322370, 'level': 'ALL', 'message': '12-11 08:28:13.151 31652 10962 I system_server: libdebuggerd_client: done dumping process 9929'}
{'timestamp': 1702276322370, 'level': 'ALL', 'message': '12-11 08:28:13.185 31652 10962 I ActivityManager: Collecting stacks for pid 31652'}
{'timestamp': 1702276322370, 'level': 'ALL', 'message': '12-11 08:28:13.190 31652 10962 I system_server: libdebuggerd_client: started dumping process 31652'}
{'timestamp': 1702276322370, 'level': 'ALL', 'message': '12-11 08:28:13.190   294   294 I tombstoned: registered intercept for pid 31652 and type kDebuggerdJavaBacktrace'}
{'timestamp': 1702276322370, 'level': 'ALL', 'message': '12-11 08:28:13.191 31652 31658 I system_server: Thread[2,tid=31658,WaitingInMainSignalCatcherLoop,Thread*=0xdfc85410,peer=0x13600150,"Signal Catcher"]: reacting to signal 3'}
{'timestamp': 1702276322370, 'level': 'ALL', 'message': '12-11 08:28:13.191 31652 31658 I system_server:'}
{'timestamp': 1702276322370, 'level': 'ALL', 'message': '12-11 08:28:13.574   294   294 I tombstoned: received crash request for pid 31652'}
{'timestamp': 1702276322370, 'level': 'ALL', 'message': '12-11 08:28:13.574   294   294 I tombstoned: found intercept fd 512 for pid 31652 and type kDebuggerdJavaBacktrace'}
{'timestamp': 1702276322370, 'level': 'ALL', 'message': '12-11 08:28:13.575 31652 31658 I system_server: Wrote stack traces to tombstoned'}
{'timestamp': 1702276322370, 'level': 'ALL', 'message': '12-11 08:28:13.601 31652 10962 I system_server: libdebuggerd_client: done dumping process 31652'}
{'timestamp': 1702276322370, 'level': 'ALL', 'message': '12-11 08:28:13.609 31652 10962 I ActivityManager: Collecting stacks for pid 565'}
{'timestamp': 1702276322370, 'level': 'ALL', 'message': '12-11 08:28:13.610 31652 10962 I system_server: libdebuggerd_client: started dumping process 565'}
{'timestamp': 1702276322370, 'level': 'ALL', 'message': '12-11 08:28:13.610   294   294 I tombstoned: registered intercept for pid 565 and type kDebuggerdJavaBacktrace'}
{'timestamp': 1702276322370, 'level': 'ALL', 'message': '12-11 08:28:13.616   565   585 I or.multidispla: Thread[3,tid=585,WaitingInMainSignalCatcherLoop,Thread*=0xdfc82a10,peer=0x12c801b0,"Signal Catcher"]: reacting to signal 3'}
{'timestamp': 1702276322370, 'level': 'ALL', 'message': '12-11 08:28:13.616   565   585 I or.multidispla:'}
{'timestamp': 1702276322370, 'level': 'ALL', 'message': '12-11 08:28:13.655   294   294 I tombstoned: received crash request for pid 565'}
{'timestamp': 1702276322370, 'level': 'ALL', 'message': '12-11 08:28:13.655   294   294 I tombstoned: found intercept fd 512 for pid 565 and type kDebuggerdJavaBacktrace'}
{'timestamp': 1702276322370, 'level': 'ALL', 'message': '12-11 08:28:13.656   565   585 I or.multidispla: Wrote stack traces to tombstoned'}
{'timestamp': 1702276322370, 'level': 'ALL', 'message': '12-11 08:28:13.660 31652 10962 I system_server: libdebuggerd_client: done dumping process 565'}
{'timestamp': 1702276322370, 'level': 'ALL', 'message': '12-11 08:28:13.668 31652 10962 I ActivityManager: Collecting stacks for pid 546'}
{'timestamp': 1702276322370, 'level': 'ALL', 'message': '12-11 08:28:13.669 31652 10962 I system_server: libdebuggerd_client: started dumping process 546'}
{'timestamp': 1702276322370, 'level': 'ALL', 'message': '12-11 08:28:13.670   294   294 I tombstoned: registered intercept for pid 546 and type kDebuggerdJavaBacktrace'}
{'timestamp': 1702276322370, 'level': 'ALL', 'message': '12-11 08:28:13.672   546   566 I .ims.rcsservic: Thread[6,tid=566,WaitingInMainSignalCatcherLoop,Thread*=0xdfc8c410,peer=0x12cc01b0,"Signal Catcher"]: reacting to signal 3'}
{'timestamp': 1702276322370, 'level': 'ALL', 'message': '12-11 08:28:13.673   546   566 I .ims.rcsservic:'}
{'timestamp': 1702276322370, 'level': 'ALL', 'message': '12-11 08:28:13.718   294   294 I tombstoned: received crash request for pid 546'}
{'timestamp': 1702276322370, 'level': 'ALL', 'message': '12-11 08:28:13.718   294   294 I tombstoned: found intercept fd 512 for pid 546 and type kDebuggerdJavaBacktrace'}
{'timestamp': 1702276322370, 'level': 'ALL', 'message': '12-11 08:28:13.719   546   566 I .ims.rcsservic: Wrote stack traces to tombstoned'}
{'timestamp': 1702276322370, 'level': 'ALL', 'message': '12-11 08:28:13.723 31652 10962 I system_server: libdebuggerd_client: done dumping process 546'}
{'timestamp': 1702276322370, 'level': 'ALL', 'message': '12-11 08:28:13.731 31652 10962 I ActivityManager: Collecting stacks for pid 32351'}
{'timestamp': 1702276322370, 'level': 'ALL', 'message': '12-11 08:28:13.767 31652 10962 I system_server: libdebuggerd_client: started dumping process 32351'}
{'timestamp': 1702276322370, 'level': 'ALL', 'message': '12-11 08:28:13.768   294   294 I tombstoned: registered intercept for pid 32351 and type kDebuggerdJavaBacktrace'}
{'timestamp': 1702276322370, 'level': 'ALL', 'message': '12-11 08:28:13.774 32351 32361 I m.android.phon: Thread[5,tid=32361,WaitingInMainSignalCatcherLoop,Thread*=0xdfc83810,peer=0x12ec01b0,"Signal Catcher"]: reacting to signal 3'}
{'timestamp': 1702276322370, 'level': 'ALL', 'message': '12-11 08:28:13.774 32351 32361 I m.android.phon:'}
{'timestamp': 1702276322370, 'level': 'ALL', 'message': '12-11 08:28:13.851   294   294 I tombstoned: received crash request for pid 32351'}
{'timestamp': 1702276322370, 'level': 'ALL', 'message': '12-11 08:28:13.852   294   294 I tombstoned: found intercept fd 512 for pid 32351 and type kDebuggerdJavaBacktrace'}
{'timestamp': 1702276322370, 'level': 'ALL', 'message': '12-11 08:28:13.852 32351 32361 I m.android.phon: Wrote stack traces to tombstoned'}
{'timestamp': 1702276322370, 'level': 'ALL', 'message': '12-11 08:28:13.870 31652 10962 I system_server: libdebuggerd_client: done dumping process 32351'}
{'timestamp': 1702276322370, 'level': 'ALL', 'message': '12-11 08:28:13.877 31652 10962 I ActivityManager: Collecting stacks for pid 32276'}
{'timestamp': 1702276322370, 'level': 'ALL', 'message': '12-11 08:28:13.878 31652 10962 I system_server: libdebuggerd_client: started dumping process 32276'}
{'timestamp': 1702276322370, 'level': 'ALL', 'message': '12-11 08:28:13.879   294   294 I tombstoned: registered intercept for pid 32276 and type kDebuggerdJavaBacktrace'}
{'timestamp': 1702276322370, 'level': 'ALL', 'message': '12-11 08:28:13.882 32276 32293 I com.android.se: Thread[6,tid=32293,WaitingInMainSignalCatcherLoop,Thread*=0xdfc87010,peer=0x12cc01b0,"Signal Catcher"]: reacting to signal 3'}
{'timestamp': 1702276322370, 'level': 'ALL', 'message': '12-11 08:28:13.882 32276 32293 I com.android.se:'}
{'timestamp': 1702276322370, 'level': 'ALL', 'message': '12-11 08:28:13.922   294   294 I tombstoned: received crash request for pid 32276'}
{'timestamp': 1702276322370, 'level': 'ALL', 'message': '12-11 08:28:13.922   294   294 I tombstoned: found intercept fd 512 for pid 32276 and type kDebuggerdJavaBacktrace'}
{'timestamp': 1702276322370, 'level': 'ALL', 'message': '12-11 08:28:13.922 32276 32293 I com.android.se: Wrote stack traces to tombstoned'}
{'timestamp': 1702276322370, 'level': 'ALL', 'message': '12-11 08:28:13.927 31652 10962 I system_server: libdebuggerd_client: done dumping process 32276'}
{'timestamp': 1702276322370, 'level': 'ALL', 'message': '12-11 08:28:13.934 31652 10962 I ActivityManager: Collecting stacks for pid 32243'}
{'timestamp': 1702276322370, 'level': 'ALL', 'message': '12-11 08:28:13.934 31652 10962 I system_server: libdebuggerd_client: started dumping process 32243'}
{'timestamp': 1702276322370, 'level': 'ALL', 'message': '12-11 08:28:13.935   294   294 I tombstoned: registered intercept for pid 32243 and type kDebuggerdJavaBacktrace'}
{'timestamp': 1702276322370, 'level': 'ALL', 'message': '12-11 08:28:13.939 32243 32254 I rkstack.proces: Thread[5,tid=32254,WaitingInMainSignalCatcherLoop,Thread*=0xdfc88c10,peer=0x12f401b0,"Signal Catcher"]: reacting to signal 3'}
{'timestamp': 1702276322370, 'level': 'ALL', 'message': '12-11 08:28:13.939 32243 32254 I rkstack.proces:'}
{'timestamp': 1702276322370, 'level': 'ALL', 'message': '12-11 08:28:14.014   294   294 I tombstoned: received crash request for pid 32243'}
{'timestamp': 1702276322370, 'level': 'ALL', 'message': '12-11 08:28:14.014   294   294 I tombstoned: found intercept fd 512 for pid 32243 and type kDebuggerdJavaBacktrace'}
{'timestamp': 1702276322370, 'level': 'ALL', 'message': '12-11 08:28:14.015 32243 32254 I rkstack.proces: Wrote stack traces to tombstoned'}
{'timestamp': 1702276322370, 'level': 'ALL', 'message': '12-11 08:28:14.020 31652 10962 I system_server: libdebuggerd_client: done dumping process 32243'}
{'timestamp': 1702276322370, 'level': 'ALL', 'message': '12-11 08:28:14.028 31652 10962 I ActivityManager: Collecting stacks for native pid 187'}
{'timestamp': 1702276322370, 'level': 'ALL', 'message': '12-11 08:28:14.028 31652 10962 I system_server: libdebuggerd_client: started dumping process 187'}
{'timestamp': 1702276322370, 'level': 'ALL', 'message': '12-11 08:28:14.029   294   294 I tombstoned: registered intercept for pid 187 and type kDebuggerdNativeBacktrace'}
{'timestamp': 1702276322370, 'level': 'ALL', 'message': '12-11 08:28:14.029   187   187 I libc    : Requested dump for tid 187 (Binder:187_2)'}
{'timestamp': 1702276322370, 'level': 'ALL', 'message': '12-11 08:28:14.046 10966 10966 F crash_dump32: crash_dump.cpp:474] failed to attach to thread 187: Permission denied'}
{'timestamp': 1702276322371, 'level': 'ALL', 'message': '12-11 08:28:14.048   294   294 I tombstoned: received crash request for pid 187'}
{'timestamp': 1702276322371, 'level': 'ALL', 'message': '12-11 08:28:14.048   294   294 I tombstoned: found registered intercept of type kDebuggerdNativeBacktrace for requested type kDebuggerdAnyIntercept'}
{'timestamp': 1702276322371, 'level': 'ALL', 'message': '12-11 08:28:14.048   294   294 I tombstoned: found intercept fd 512 for pid 187 and type kDebuggerdNativeBacktrace'}
{'timestamp': 1702276322371, 'level': 'ALL', 'message': '12-11 08:28:14.050   294   294 W tombstoned: crash socket received short read of length 0 (expected 12)'}
{'timestamp': 1702276322371, 'level': 'ALL', 'message': '12-11 08:28:14.051   187   187 F libc    : crash_dump helper failed to exec'}
{'timestamp': 1702276322371, 'level': 'ALL', 'message': '12-11 08:28:14.054 31652 10962 I system_server: libdebuggerd_client: done dumping process 187'}
{'timestamp': 1702276322371, 'level': 'ALL', 'message': '12-11 08:28:14.042 10966 10966 W crash_dump32: type=1400 audit(0.0:4418): avc: denied { ptrace } for scontext=u:r:crash_dump:s0 tcontext=u:r:vold:s0 tclass=process permissive=0'}
{'timestamp': 1702276322371, 'level': 'ALL', 'message': '12-11 08:28:14.059 31652 10962 I ActivityManager: Collecting stacks for native pid 299'}
{'timestamp': 1702276322371, 'level': 'ALL', 'message': '12-11 08:28:14.059 31652 10962 I system_server: libdebuggerd_client: started dumping process 299'}
{'timestamp': 1702276322371, 'level': 'ALL', 'message': '12-11 08:28:14.060   294   294 I tombstoned: registered intercept for pid 299 and type kDebuggerdNativeBacktrace'}
{'timestamp': 1702276322371, 'level': 'ALL', 'message': '12-11 08:28:14.060   299   299 I libc    : Requested dump for tid 299 (Binder:299_2)'}
{'timestamp': 1702276322371, 'level': 'ALL', 'message': '12-11 08:28:14.087 10969 10969 I crash_dump32: obtaining output fd from tombstoned, type: kDebuggerdNativeBacktrace'}
{'timestamp': 1702276322371, 'level': 'ALL', 'message': '12-11 08:28:14.089   294   294 I tombstoned: received crash request for pid 299'}
{'timestamp': 1702276322371, 'level': 'ALL', 'message': '12-11 08:28:14.089   294   294 I tombstoned: found intercept fd 512 for pid 299 and type kDebuggerdNativeBacktrace'}
{'timestamp': 1702276322371, 'level': 'ALL', 'message': '12-11 08:28:14.089 10969 10969 I crash_dump32: performing dump of process 299 (target tid = 299)'}
{'timestamp': 1702276322371, 'level': 'ALL', 'message': '12-11 08:28:14.105 31652 10962 I system_server: libdebuggerd_client: done dumping process 299'}
{'timestamp': 1702276322371, 'level': 'ALL', 'message': '12-11 08:28:14.111 31652 10962 I ActivityManager: Collecting stacks for native pid 388'}
{'timestamp': 1702276322371, 'level': 'ALL', 'message': '12-11 08:28:14.112 31652 10962 I system_server: libdebuggerd_client: started dumping process 388'}
{'timestamp': 1702276322371, 'level': 'ALL', 'message': '12-11 08:28:14.113   294   294 I tombstoned: registered intercept for pid 388 and type kDebuggerdNativeBacktrace'}
{'timestamp': 1702276322371, 'level': 'ALL', 'message': '12-11 08:28:14.114   388   388 I libc    : Requested dump for tid 388 (surfaceflinger)'}
{'timestamp': 1702276322371, 'level': 'ALL', 'message': '12-11 08:28:14.144 10974 10974 I crash_dump32: obtaining output fd from tombstoned, type: kDebuggerdNativeBacktrace'}
{'timestamp': 1702276322371, 'level': 'ALL', 'message': '12-11 08:28:14.150   294   294 I tombstoned: received crash request for pid 388'}
{'timestamp': 1702276322371, 'level': 'ALL', 'message': '12-11 08:28:14.150   294   294 I tombstoned: found intercept fd 512 for pid 388 and type kDebuggerdNativeBacktrace'}
{'timestamp': 1702276322371, 'level': 'ALL', 'message': '12-11 08:28:14.151 10974 10974 I crash_dump32: performing dump of process 388 (target tid = 388)'}
{'timestamp': 1702276322371, 'level': 'ALL', 'message': '12-11 08:28:14.177 31652 10962 I system_server: libdebuggerd_client: done dumping process 388'}
{'timestamp': 1702276322371, 'level': 'ALL', 'message': '12-11 08:28:14.181 31652 10962 I ActivityManager: Collecting stacks for native pid 427'}
{'timestamp': 1702276322371, 'level': 'ALL', 'message': '12-11 08:28:14.182 31652 10962 I system_server: libdebuggerd_client: started dumping process 427'}
{'timestamp': 1702276322371, 'level': 'ALL', 'message': '12-11 08:28:14.182   294   294 I tombstoned: registered intercept for pid 427 and type kDebuggerdNativeBacktrace'}
{'timestamp': 1702276322371, 'level': 'ALL', 'message': '12-11 08:28:14.183   427   427 I libc    : Requested dump for tid 427 (drmserver)'}
{'timestamp': 1702276322371, 'level': 'ALL', 'message': '12-11 08:28:14.207 10979 10979 I crash_dump32: obtaining output fd from tombstoned, type: kDebuggerdNativeBacktrace'}
{'timestamp': 1702276322371, 'level': 'ALL', 'message': '12-11 08:28:14.208   294   294 I tombstoned: received crash request for pid 427'}
{'timestamp': 1702276322371, 'level': 'ALL', 'message': '12-11 08:28:14.208   294   294 I tombstoned: found intercept fd 512 for pid 427 and type kDebuggerdNativeBacktrace'}
{'timestamp': 1702276322371, 'level': 'ALL', 'message': '12-11 08:28:14.208 10979 10979 I crash_dump32: performing dump of process 427 (target tid = 427)'}
{'timestamp': 1702276322371, 'level': 'ALL', 'message': '12-11 08:28:14.218 31652 10962 I system_server: libdebuggerd_client: done dumping process 427'}
{'timestamp': 1702276322371, 'level': 'ALL', 'message': '12-11 08:28:14.222 31652 10962 I ActivityManager: Collecting stacks for native pid 440'}
{'timestamp': 1702276322371, 'level': 'ALL', 'message': '12-11 08:28:14.223 31652 10962 I system_server: libdebuggerd_client: started dumping process 440'}
{'timestamp': 1702276322371, 'level': 'ALL', 'message': '12-11 08:28:14.224   294   294 I tombstoned: registered intercept for pid 440 and type kDebuggerdNativeBacktrace'}
{'timestamp': 1702276322371, 'level': 'ALL', 'message': '12-11 08:28:14.225   294   294 I tombstoned: received crash request for pid 440'}
{'timestamp': 1702276322371, 'level': 'ALL', 'message': '12-11 08:28:14.225   294   294 I tombstoned: found intercept fd 512 for pid 440 and type kDebuggerdNativeBacktrace'}
{'timestamp': 1702276322371, 'level': 'ALL', 'message': '12-11 08:28:14.275 31652 10962 I system_server: libdebuggerd_client: done dumping process 440'}
{'timestamp': 1702276322371, 'level': 'ALL', 'message': '12-11 08:28:14.282 31652 10962 I ActivityManager: Collecting stacks for native pid 442'}
{'timestamp': 1702276322371, 'level': 'ALL', 'message': '12-11 08:28:14.282 31652 10962 I system_server: libdebuggerd_client: started dumping process 442'}
{'timestamp': 1702276322371, 'level': 'ALL', 'message': '12-11 08:28:14.283   294   294 I tombstoned: registered intercept for pid 442 and type kDebuggerdNativeBacktrace'}
{'timestamp': 1702276322371, 'level': 'ALL', 'message': '12-11 08:28:14.285   442   442 I libc    : Requested dump for tid 442 (mediametrics)'}
{'timestamp': 1702276322371, 'level': 'ALL', 'message': '12-11 08:28:14.314 10984 10984 I crash_dump32: obtaining output fd from tombstoned, type: kDebuggerdNativeBacktrace'}
{'timestamp': 1702276322371, 'level': 'ALL', 'message': '12-11 08:28:14.315   294   294 I tombstoned: received crash request for pid 442'}
{'timestamp': 1702276322371, 'level': 'ALL', 'message': '12-11 08:28:14.315   294   294 I tombstoned: found intercept fd 512 for pid 442 and type kDebuggerdNativeBacktrace'}
{'timestamp': 1702276322371, 'level': 'ALL', 'message': '12-11 08:28:14.318 10984 10984 I crash_dump32: performing dump of process 442 (target tid = 442)'}
{'timestamp': 1702276322371, 'level': 'ALL', 'message': '12-11 08:28:14.338 31652 10962 I system_server: libdebuggerd_client: done dumping process 442'}
{'timestamp': 1702276322371, 'level': 'ALL', 'message': '12-11 08:28:14.345 31652 10962 I ActivityManager: Collecting stacks for native pid 451'}
{'timestamp': 1702276322371, 'level': 'ALL', 'message': '12-11 08:28:14.346 31652 10962 I system_server: libdebuggerd_client: started dumping process 451'}
{'timestamp': 1702276322371, 'level': 'ALL', 'message': '12-11 08:28:14.346   294   294 I tombstoned: registered intercept for pid 451 and type kDebuggerdNativeBacktrace'}
{'timestamp': 1702276322371, 'level': 'ALL', 'message': '12-11 08:28:14.349   294   294 I tombstoned: received crash request for pid 451'}
{'timestamp': 1702276322371, 'level': 'ALL', 'message': '12-11 08:28:14.349   294   294 I tombstoned: found intercept fd 512 for pid 451 and type kDebuggerdNativeBacktrace'}
{'timestamp': 1702276322371, 'level': 'ALL', 'message': '12-11 08:28:14.397 31652 10962 I system_server: libdebuggerd_client: done dumping process 451'}
{'timestamp': 1702276322371, 'level': 'ALL', 'message': '12-11 08:28:14.403 31652 10962 I ActivityManager: Collecting stacks for native pid 456'}
{'timestamp': 1702276322371, 'level': 'ALL', 'message': '12-11 08:28:14.403 31652 10962 I system_server: libdebuggerd_client: started dumping process 456'}
{'timestamp': 1702276322371, 'level': 'ALL', 'message': '12-11 08:28:14.404   294   294 I tombstoned: registered intercept for pid 456 and type kDebuggerdNativeBacktrace'}
{'timestamp': 1702276322371, 'level': 'ALL', 'message': '12-11 08:28:14.412   294   294 I tombstoned: received crash request for pid 456'}
{'timestamp': 1702276322371, 'level': 'ALL', 'message': '12-11 08:28:14.412   294   294 I tombstoned: found intercept fd 512 for pid 456 and type kDebuggerdNativeBacktrace'}
{'timestamp': 1702276322371, 'level': 'ALL', 'message': '12-11 08:28:14.521 31652 10962 I system_server: libdebuggerd_client: done dumping process 456'}
{'timestamp': 1702276322371, 'level': 'ALL', 'message': '12-11 08:28:14.527 31652 10962 I ActivityManager: Collecting stacks for native pid 31508'}
{'timestamp': 1702276322371, 'level': 'ALL', 'message': '12-11 08:28:14.527 31652 10962 I system_server: libdebuggerd_client: started dumping process 31508'}
{'timestamp': 1702276322371, 'level': 'ALL', 'message': '12-11 08:28:14.528   294   294 I tombstoned: registered intercept for pid 31508 and type kDebuggerdNativeBacktrace'}
{'timestamp': 1702276322371, 'level': 'ALL', 'message': '12-11 08:28:14.530 31508 31508 I libc    : Requested dump for tid 31508 (cameraserver)'}
{'timestamp': 1702276322371, 'level': 'ALL', 'message': '12-11 08:28:14.556 10989 10989 I crash_dump32: obtaining output fd from tombstoned, type: kDebuggerdNativeBacktrace'}
{'timestamp': 1702276322371, 'level': 'ALL', 'message': '12-11 08:28:14.556   294   294 I tombstoned: received crash request for pid 31508'}
{'timestamp': 1702276322371, 'level': 'ALL', 'message': '12-11 08:28:14.556   294   294 I tombstoned: found intercept fd 512 for pid 31508 and type kDebuggerdNativeBacktrace'}
{'timestamp': 1702276322371, 'level': 'ALL', 'message': '12-11 08:28:14.557 10989 10989 I crash_dump32: performing dump of process 31508 (target tid = 31508)'}
{'timestamp': 1702276322371, 'level': 'ALL', 'message': '12-11 08:28:14.571 31652 10962 I system_server: libdebuggerd_client: done dumping process 31508'}
{'timestamp': 1702276322371, 'level': 'ALL', 'message': '12-11 08:28:14.577 31652 10962 I ActivityManager: Collecting stacks for native pid 31509'}
{'timestamp': 1702276322371, 'level': 'ALL', 'message': '12-11 08:28:14.578 31652 10962 I system_server: libdebuggerd_client: started dumping process 31509'}
{'timestamp': 1702276322371, 'level': 'ALL', 'message': '12-11 08:28:14.579   294   294 I tombstoned: registered intercept for pid 31509 and type kDebuggerdNativeBacktrace'}
{'timestamp': 1702276322371, 'level': 'ALL', 'message': '12-11 08:28:14.583 31509 31509 I libc    : Requested dump for tid 31509 (mediaserver)'}
{'timestamp': 1702276322371, 'level': 'ALL', 'message': '12-11 08:28:14.636 10994 10994 I crash_dump32: obtaining output fd from tombstoned, type: kDebuggerdNativeBacktrace'}
{'timestamp': 1702276322371, 'level': 'ALL', 'message': '12-11 08:28:14.637   294   294 I tombstoned: received crash request for pid 31509'}
{'timestamp': 1702276322371, 'level': 'ALL', 'message': '12-11 08:28:14.637   294   294 I tombstoned: found intercept fd 512 for pid 31509 and type kDebuggerdNativeBacktrace'}
{'timestamp': 1702276322371, 'level': 'ALL', 'message': '12-11 08:28:14.638 10994 10994 I crash_dump32: performing dump of process 31509 (target tid = 31509)'}
{'timestamp': 1702276322371, 'level': 'ALL', 'message': '12-11 08:28:14.653 31652 10962 I system_server: libdebuggerd_client: done dumping process 31509'}
{'timestamp': 1702276322371, 'level': 'ALL', 'message': '12-11 08:28:14.659 31652 10962 I ActivityManager: Collecting stacks for native pid 31510'}
{'timestamp': 1702276322371, 'level': 'ALL', 'message': '12-11 08:28:14.659 31652 10962 I system_server: libdebuggerd_client: started dumping process 31510'}
{'timestamp': 1702276322371, 'level': 'ALL', 'message': '12-11 08:28:14.660   294   294 I tombstoned: registered intercept for pid 31510 and type kDebuggerdNativeBacktrace'}
{'timestamp': 1702276322371, 'level': 'ALL', 'message': '12-11 08:28:14.661 31510 31510 I libc    : Requested dump for tid 31510 (Binder:31510_3)'}
{'timestamp': 1702276322371, 'level': 'ALL', 'message': '12-11 08:28:14.684 10999 10999 I crash_dump32: obtaining output fd from tombstoned, type: kDebuggerdNativeBacktrace'}
{'timestamp': 1702276322371, 'level': 'ALL', 'message': '12-11 08:28:14.685   294   294 I tombstoned: received crash request for pid 31510'}
{'timestamp': 1702276322371, 'level': 'ALL', 'message': '12-11 08:28:14.685   294   294 I tombstoned: found intercept fd 512 for pid 31510 and type kDebuggerdNativeBacktrace'}
{'timestamp': 1702276322371, 'level': 'ALL', 'message': '12-11 08:28:14.686 10999 10999 I crash_dump32: performing dump of process 31510 (target tid = 31510)'}
{'timestamp': 1702276322371, 'level': 'ALL', 'message': '12-11 08:28:14.709 31652 10962 I system_server: libdebuggerd_client: done dumping process 31510'}
{'timestamp': 1702276322371, 'level': 'ALL', 'message': '12-11 08:28:14.712 31652 10962 I ActivityManager: Collecting stacks for native pid 31702'}
{'timestamp': 1702276322371, 'level': 'ALL', 'message': '12-11 08:28:14.713 31652 10962 I system_server: libdebuggerd_client: started dumping process 31702'}
{'timestamp': 1702276322371, 'level': 'ALL', 'message': '12-11 08:28:14.713   294   294 I tombstoned: registered intercept for pid 31702 and type kDebuggerdNativeBacktrace'}
{'timestamp': 1702276322371, 'level': 'ALL', 'message': '12-11 08:28:14.714 31702 31702 I libc    : Requested dump for tid 31702 (audioserver)'}
{'timestamp': 1702276322371, 'level': 'ALL', 'message': '12-11 08:28:14.738 11004 11004 I crash_dump32: obtaining output fd from tombstoned, type: kDebuggerdNativeBacktrace'}
{'timestamp': 1702276322371, 'level': 'ALL', 'message': '12-11 08:28:14.739   294   294 I tombstoned: received crash request for pid 31702'}
{'timestamp': 1702276322371, 'level': 'ALL', 'message': '12-11 08:28:14.739   294   294 I tombstoned: found intercept fd 512 for pid 31702 and type kDebuggerdNativeBacktrace'}
{'timestamp': 1702276322371, 'level': 'ALL', 'message': '12-11 08:28:14.739 11004 11004 I crash_dump32: performing dump of process 31702 (target tid = 31702)'}
{'timestamp': 1702276322371, 'level': 'ALL', 'message': '12-11 08:28:14.759 31652 10962 I system_server: libdebuggerd_client: done dumping process 31702'}
{'timestamp': 1702276322371, 'level': 'ALL', 'message': '12-11 08:28:14.764 31652 10962 I ActivityManager: Collecting stacks for native pid 32106'}
{'timestamp': 1702276322371, 'level': 'ALL', 'message': '12-11 08:28:14.765 31652 10962 I system_server: libdebuggerd_client: started dumping process 32106'}
{'timestamp': 1702276322371, 'level': 'ALL', 'message': '12-11 08:28:14.766   294   294 I tombstoned: registered intercept for pid 32106 and type kDebuggerdNativeBacktrace'}
{'timestamp': 1702276322371, 'level': 'ALL', 'message': '12-11 08:28:14.766 32106 32106 I libc    : Requested dump for tid 32106 (droid.bluetooth)'}
{'timestamp': 1702276322371, 'level': 'ALL', 'message': '12-11 08:28:14.847 11009 11009 I crash_dump32: obtaining output fd from tombstoned, type: kDebuggerdNativeBacktrace'}
{'timestamp': 1702276322371, 'level': 'ALL', 'message': '12-11 08:28:14.850   294   294 I tombstoned: received crash request for pid 32106'}
{'timestamp': 1702276322371, 'level': 'ALL', 'message': '12-11 08:28:14.850   294   294 I tombstoned: found intercept fd 512 for pid 32106 and type kDebuggerdNativeBacktrace'}
{'timestamp': 1702276322371, 'level': 'ALL', 'message': '12-11 08:28:14.853 11009 11009 I crash_dump32: performing dump of process 32106 (target tid = 32106)'}
{'timestamp': 1702276322371, 'level': 'ALL', 'message': '12-11 08:28:15.076 31652 10962 I system_server: libdebuggerd_client: done dumping process 32106'}
{'timestamp': 1702276322371, 'level': 'ALL', 'message': '12-11 08:28:15.084 31652 10962 I ActivityManager: Done dumping'}
{'timestamp': 1702276322371, 'level': 'ALL', 'message': '12-11 08:28:15.085 31652 10962 E ActivityManager: ANR in com.android.systemui'}
{'timestamp': 1702276322371, 'level': 'ALL', 'message': '12-11 08:28:15.085 31652 10962 E ActivityManager: PID: 9929'}
{'timestamp': 1702276322371, 'level': 'ALL', 'message': '12-11 08:28:15.085 31652 10962 E ActivityManager: Reason: executing service com.android.systemui/.dump.SystemUIAuxiliaryDumpService'}
{'timestamp': 1702276322371, 'level': 'ALL', 'message': '12-11 08:28:15.085 31652 10962 E ActivityManager: Load: 0.28 / 0.94 / 1.46'}
{'timestamp': 1702276322371, 'level': 'ALL', 'message': '12-11 08:28:15.085 31652 10962 E ActivityManager: ----- Output from /proc/pressure/memory -----'}
{'timestamp': 1702276322371, 'level': 'ALL', 'message': '12-11 08:28:15.085 31652 10962 E ActivityManager: some avg10=0.00 avg60=0.00 avg300=0.35 total=88419618'}
{'timestamp': 1702276322371, 'level': 'ALL', 'message': '12-11 08:28:15.085 31652 10962 E ActivityManager: full avg10=0.00 avg60=0.00 avg300=0.05 total=20774059'}
{'timestamp': 1702276322371, 'level': 'ALL', 'message': '12-11 08:28:15.085 31652 10962 E ActivityManager: ----- End output from /proc/pressure/memory -----'}
{'timestamp': 1702276322371, 'level': 'ALL', 'message': '12-11 08:28:15.085 31652 10962 E ActivityManager:'}
{'timestamp': 1702276322371, 'level': 'ALL', 'message': '12-11 08:28:15.085 31652 10962 E ActivityManager: CPU usage from 78826ms to 0ms ago (2023-12-11 08:26:53.724 to 2023-12-11 08:28:12.550):'}
{'timestamp': 1702276322371, 'level': 'ALL', 'message': '12-11 08:28:15.085 31652 10962 E ActivityManager:   6.1% 31652/system_server: 1.7% user + 4.3% kernel / faults: 30556 minor 6 major'}
{'timestamp': 1702276322371, 'level': 'ALL', 'message': '12-11 08:28:15.085 31652 10962 E ActivityManager:   5.3% 308/android.hardware.bluetooth@1.1-service.sim: 0.3% user + 5% kernel'}
{'timestamp': 1702276322371, 'level': 'ALL', 'message': '12-11 08:28:15.085 31652 10962 E ActivityManager:   4.7% 388/surfaceflinger: 0.2% user + 4.4% kernel / faults: 77 minor 1 major'}
{'timestamp': 1702276322371, 'level': 'ALL', 'message': '12-11 08:28:15.085 31652 10962 E ActivityManager:   3.5% 1912/adbd: 0.1% user + 3.4% kernel / faults: 2945 minor'}
{'timestamp': 1702276322371, 'level': 'ALL', 'message': '12-11 08:28:15.085 31652 10962 E ActivityManager:   1.5% 326/android.hardware.graphics.composer@2.3-service: 0.1% user + 1.3% kernel'}
{'timestamp': 1702276322371, 'level': 'ALL', 'message': '12-11 08:28:15.085 31652 10962 E ActivityManager:   1.4% 32604/com.google.android.gms.persistent: 0.3% user + 1% kernel / faults: 6491 minor'}
{'timestamp': 1702276322371, 'level': 'ALL', 'message': '12-11 08:28:15.085 31652 10962 E ActivityManager:   1% 358/android.hardware.sensors@2.1-service.multihal: 0% user + 0.9% kernel'}
{'timestamp': 1702276322371, 'level': 'ALL', 'message': '12-11 08:28:15.085 31652 10962 E ActivityManager:   0.9% 396/com.google.android.gms: 0.3% user + 0.5% kernel / faults: 5972 minor 9 major'}
{'timestamp': 1702276322371, 'level': 'ALL', 'message': '12-11 08:28:15.085 31652 10962 E ActivityManager:   0.8% 176/logd: 0.2% user + 0.6% kernel / faults: 5 minor 3 major'}
{'timestamp': 1702276322371, 'level': 'ALL', 'message': '12-11 08:28:15.085 31652 10962 E ActivityManager:   0.8% 653/com.google.android.googlequicksearchbox:search: 0.3% user + 0.5% kernel / faults: 4752 minor 28 major'}
{'timestamp': 1702276322371, 'level': 'ALL', 'message': '12-11 08:28:15.085 31652 10962 E ActivityManager:   0.5% 32473/com.google.android.apps.nexuslauncher: 0.1% user + 0.4% kernel / faults: 659 minor 5 major'}
{'timestamp': 1702276322371, 'level': 'ALL', 'message': '12-11 08:28:15.085 31652 10962 E ActivityManager:   0.5% 517/com.google.android.googlequicksearchbox:interactor: 0.1% user + 0.4% kernel / faults: 2430 minor 2 major'}
{'timestamp': 1702276322371, 'level': 'ALL', 'message': '12-11 08:28:15.085 31652 10962 E ActivityManager:   0.3% 217/jbd2/dm-5-8: 0% user + 0.3% kernel'}
{'timestamp': 1702276322371, 'level': 'ALL', 'message': '12-11 08:28:15.085 31652 10962 E ActivityManager:   0.3% 32106/com.android.bluetooth: 0.1% user + 0.2% kernel / faults: 181 minor'}
{'timestamp': 1702276322371, 'level': 'ALL', 'message': '12-11 08:28:15.085 31652 10962 E ActivityManager:   0.2% 31703/android.hardware.audio.service.ranchu: 0% user + 0.2% kernel / faults: 3 minor'}
{'timestamp': 1702276322371, 'level': 'ALL', 'message': '12-11 08:28:15.085 31652 10962 E ActivityManager:   0.2% 410/traced_probes: 0% user + 0.2% kernel / faults: 9 minor'}
{'timestamp': 1702276322371, 'level': 'ALL', 'message': '12-11 08:28:15.085 31652 10962 E ActivityManager:   0.2% 32351/com.android.phone: 0% user + 0.1% kernel / faults: 127 minor'}
{'timestamp': 1702276322371, 'level': 'ALL', 'message': '12-11 08:28:15.085 31652 10962 E ActivityManager:   0.1% 9/ksoftirqd/0: 0% user + 0.1% kernel'}
{'timestamp': 1702276322371, 'level': 'ALL', 'message': '12-11 08:28:15.085 31652 10962 E ActivityManager:   0.1% 10/rcu_preempt: 0% user + 0.1% kernel'}
{'timestamp': 1702276322371, 'level': 'ALL', 'message': '12-11 08:28:15.085 31652 10962 E ActivityManager:   0.1% 31702/audioserver: 0% user + 0.1% kernel'}
{'timestamp': 1702276322371, 'level': 'ALL', 'message': '12-11 08:28:15.085 31652 10962 E ActivityManager:   0.1% 6852/com.google.android.youtube: 0% user + 0.1% kernel / faults: 13 minor'}
{'timestamp': 1702276322371, 'level': 'ALL', 'message': '12-11 08:28:15.085 31652 10962 E ActivityManager:   0.1% 32722/com.google.android.inputmethod.latin: 0% user + 0% kernel / faults: 23 minor'}
{'timestamp': 1702276322371, 'level': 'ALL', 'message': '12-11 08:28:15.085 31652 10962 E ActivityManager:   0.1% 16/ksoftirqd/1: 0% user + 0.1% kernel'}
{'timestamp': 1702276322371, 'level': 'ALL', 'message': '12-11 08:28:15.085 31652 10962 E ActivityManager:   0.1% 9929/com.android.systemui: 0% user + 0% kernel / faults: 275 minor'}
{'timestamp': 1702276322371, 'level': 'ALL', 'message': '12-11 08:28:15.085 31652 10962 E ActivityManager:   0.1% 26/ksoftirqd/3: 0% user + 0.1% kernel'}
{'timestamp': 1702276322371, 'level': 'ALL', 'message': '12-11 08:28:15.085 31652 10962 E ActivityManager:   0.1% 392/logcat: 0% user + 0.1% kernel'}
{'timestamp': 1702276322371, 'level': 'ALL', 'message': '12-11 08:28:15.085 31652 10962 E ActivityManager:   0.1% 320/android.hardware.graphics.allocator@3.0-service: 0% user + 0.1% kernel'}
{'timestamp': 1702276322371, 'level': 'ALL', 'message': '12-11 08:28:15.085 31652 10962 E ActivityManager:   0.1% 433/iorapd: 0% user + 0% kernel / faults: 229 minor 55 major'}
{'timestamp': 1702276322371, 'level': 'ALL', 'message': '12-11 08:28:15.085 31652 10962 E ActivityManager:   0% 31114/kworker/u8:2-phy0: 0% user + 0% kernel'}
{'timestamp': 1702276322371, 'level': 'ALL', 'message': '12-11 08:28:15.085 31652 10962 E ActivityManager:   0% 30738/kworker/u8:1-kverityd: 0% user + 0% kernel'}
{'timestamp': 1702276322371, 'level': 'ALL', 'message': '12-11 08:28:15.085 31652 10962 E ActivityManager:   0% 9680/com.google.android.gms.unstable: 0% user + 0% kernel / faults: 325 minor'}
{'timestamp': 1702276322371, 'level': 'ALL', 'message': '12-11 08:28:15.085 31652 10962 E ActivityManager:   0% 31510/netd: 0% user + 0% kernel / faults: 48 minor'}
{'timestamp': 1702276322371, 'level': 'ALL', 'message': '12-11 08:28:15.085 31652 10962 E ActivityManager:   0% 21/ksoftirqd/2: 0% user + 0% kernel'}
{'timestamp': 1702276322371, 'level': 'ALL', 'message': '12-11 08:28:15.085 31652 10962 E ActivityManager:   0% 178/servicemanager: 0% user + 0% kernel'}
{'timestamp': 1702276322371, 'level': 'ALL', 'message': '12-11 08:28:15.085 31652 10962 E ActivityManager:   0% 299/statsd: 0% user + 0% kernel / faults: 7 minor'}
{'timestamp': 1702276322371, 'level': 'ALL', 'message': '12-11 08:28:15.085 31652 10962 E ActivityManager:   0% 8436/com.google.android.apps.tachyon: 0% user + 0% kernel / faults: 668 minor'}
{'timestamp': 1702276322371, 'level': 'ALL', 'message': '12-11 08:28:15.085 31652 10962 E ActivityManager:   0% 9928/kworker/1:1-mm_percpu_wq: 0% user + 0% kernel'}
{'timestamp': 1702276322371, 'level': 'ALL', 'message': '12-11 08:28:15.085 31652 10962 E ActivityManager:   0% 10031/logcat: 0% user + 0% kernel'}
{'timestamp': 1702276322371, 'level': 'ALL', 'message': '12-11 08:28:15.085 31652 10962 E ActivityManager:   0% 10070/kworker/0:0-events: 0% user + 0% kernel'}
{'timestamp': 1702276322371, 'level': 'ALL', 'message': '12-11 08:28:15.085 31652 10962 E ActivityManager:   0% 421/traced: 0% user + 0% kernel / faults: 58 minor'}
{'timestamp': 1702276322371, 'level': 'ALL', 'message': '12-11 08:28:15.085 31652 10962 E ActivityManager:   0% 7758/logcat: 0% user + 0% kernel'}
{'timestamp': 1702276322371, 'level': 'ALL', 'message': '12-11 08:28:15.085 31652 10962 E ActivityManager:   0% 8249/logcat: 0% user + 0% kernel'}
{'timestamp': 1702276322371, 'level': 'ALL', 'message': '12-11 08:28:15.085 31652 10962 E ActivityManager:   0% 9264/logcat: 0% user + 0% kernel'}
{'timestamp': 1702276322371, 'level': 'ALL', 'message': '12-11 08:28:15.085 31652 10962 E ActivityManager:   0% 9539/kworker/2:0-events_power_efficient: 0% user + 0% kernel'}
{'timestamp': 1702276322371, 'level': 'ALL', 'message': '12-11 08:28:15.085 31652 10962 E ActivityManager:   0% 31506/zygote: 0% user + 0% kernel / faults: 340 minor'}
{'timestamp': 1702276322371, 'level': 'ALL', 'message': '12-11 08:28:15.085 31652 10962 E ActivityManager:   0% 32191/android.hardware.gnss@2.0-service.ranchu: 0% user + 0% kernel'}
{'timestamp': 1702276322371, 'level': 'ALL', 'message': '12-11 08:28:15.085 31652 10962 E ActivityManager:   0% 1/init: 0% user + 0% kernel'}
{'timestamp': 1702276322371, 'level': 'ALL', 'message': '12-11 08:28:15.085 31652 10962 E ActivityManager:   0% 128/kworker/3:1H-kblockd: 0% user + 0% kernel'}
{'timestamp': 1702276322371, 'level': 'ALL', 'message': '12-11 08:28:15.085 31652 10962 E ActivityManager:   0% 142/kworker/1:1H-kblockd: 0% user + 0% kernel'}
{'timestamp': 1702276322371, 'level': 'ALL', 'message': '12-11 08:28:15.085 31652 10962 E ActivityManager:   0% 177/lmkd: 0% user + 0% kernel'}
{'timestamp': 1702276322371, 'level': 'ALL', 'message': '12-11 08:28:15.085 31652 10962 E ActivityManager:   0% 445/com.google.android.providers.media.module: 0% user + 0% kernel / faults: 9 minor'}
{'timestamp': 1702276322371, 'level': 'ALL', 'message': '12-11 08:28:15.085 31652 10962 E ActivityManager:   0% 8698/kworker/3:2-mm_percpu_wq: 0% user + 0% kernel'}
{'timestamp': 1702276322371, 'level': 'ALL', 'message': '12-11 08:28:15.085 31652 10962 E ActivityManager:   0% 8818/logcat: 0% user + 0% kernel'}
{'timestamp': 1702276322371, 'level': 'ALL', 'message': '12-11 08:28:15.085 31652 10962 E ActivityManager:   0% 15/migration/1: 0% user + 0% kernel'}
{'timestamp': 1702276322371, 'level': 'ALL', 'message': '12-11 08:28:15.085 31652 10962 E ActivityManager:   0% 25/migration/3: 0% user + 0% kernel'}
{'timestamp': 1702276322371, 'level': 'ALL', 'message': '12-11 08:28:15.085 31652 10962 E ActivityManager:   0% 141/kworker/0:1H-kblockd: 0% user + 0% kernel'}
{'timestamp': 1702276322371, 'level': 'ALL', 'message': '12-11 08:28:15.085 31652 10962 E ActivityManager:   0% 148/kworker/2:1H-kblockd: 0% user + 0% kernel'}
{'timestamp': 1702276322371, 'level': 'ALL', 'message': '12-11 08:28:15.085 31652 10962 E ActivityManager:   0% 179/hwservicemanager: 0% user + 0% kernel'}
{'timestamp': 1702276322371, 'level': 'ALL', 'message': '12-11 08:28:15.085 31652 10962 E ActivityManager:   0% 431/installd: 0% user + 0% kernel / faults: 1 minor'}
{'timestamp': 1702276322371, 'level': 'ALL', 'message': '12-11 08:28:15.085 31652 10962 E ActivityManager:   0% 436/keystore: 0% user + 0% kernel / faults: 1 minor 1 major'}
{'timestamp': 1702276322371, 'level': 'ALL', 'message': '12-11 08:28:15.085 31652 10962 E ActivityManager:   0% 469/netmgr: 0% user + 0% kernel'}
{'timestamp': 1702276322371, 'level': 'ALL', 'message': '12-11 08:28:15.085 31652 10962 E ActivityManager:   0% 483/dhcpclient: 0% user + 0% kernel'}
{'timestamp': 1702276322371, 'level': 'ALL', 'message': '12-11 08:28:15.085 31652 10962 E ActivityManager:   0% 1356/com.google.android.ims: 0% user + 0% kernel / faults: 10 minor 1 major'}
{'timestamp': 1702276322371, 'level': 'ALL', 'message': '12-11 08:28:15.085 31652 10962 E ActivityManager:   0% 5910/com.google.android.apps.photos: 0% user + 0% kernel / faults: 3 minor'}
{'timestamp': 1702276322371, 'level': 'ALL', 'message': '12-11 08:28:15.085 31652 10962 E ActivityManager:   0% 7873/com.google.android.documentsui: 0% user + 0% kernel / faults: 67 minor'}
{'timestamp': 1702276322371, 'level': 'ALL', 'message': '12-11 08:28:15.085 31652 10962 E ActivityManager:   0% 30234/kworker/u9:1-blk_crypto_wq: 0% user + 0% kernel'}
{'timestamp': 1702276322371, 'level': 'ALL', 'message': '12-11 08:28:15.085 31652 10962 E ActivityManager:   0% 31509/mediaserver: 0% user + 0% kernel'}
{'timestamp': 1702276322371, 'level': 'ALL', 'message': '12-11 08:28:15.085 31652 10962 E ActivityManager:   0% 32243/com.android.networkstack.process: 0% user + 0% kernel / faults: 55 minor'}
{'timestamp': 1702276322371, 'level': 'ALL', 'message': '12-11 08:28:15.085 31652 10962 E ActivityManager:   0% 32421/com.google.android.ext.services: 0% user + 0% kernel / faults: 2 minor'}
{'timestamp': 1702276322371, 'level': 'ALL', 'message': '12-11 08:28:15.085 31652 10962 E ActivityManager:  +0% 10588/logcat: 0% user + 0% kernel'}
{'timestamp': 1702276322371, 'level': 'ALL', 'message': '12-11 08:28:15.085 31652 10962 E ActivityManager:  +0% 10745/app_process: 0% user + 0% kernel'}
{'timestamp': 1702276322371, 'level': 'ALL', 'message': '12-11 08:28:15.085 31652 10962 E ActivityManager:  +0% 10760/io.appium.uiautomator2.server: 0% user + 0% kernel'}
{'timestamp': 1702276322371, 'level': 'ALL', 'message': '12-11 08:28:15.085 31652 10962 E ActivityManager:  +0% 10812/com.ajaxsystems: 0% user + 0% kernel'}
{'timestamp': 1702276322371, 'level': 'ALL', 'message': '12-11 08:28:15.085 31652 10962 E ActivityManager: 8.6% TOTAL: 2% user + 6.2% kernel + 0.2% iowait + 0% softirq'}
{'timestamp': 1702276322371, 'level': 'ALL', 'message': '12-11 08:28:15.085 31652 10962 E ActivityManager: CPU usage from 23ms to 382ms later (2023-12-11 08:28:12.573 to 2023-12-11 08:28:12.932):'}
{'timestamp': 1702276322371, 'level': 'ALL', 'message': '12-11 08:28:15.085 31652 10962 E ActivityManager:   12% 31652/system_server: 0% user + 12% kernel / faults: 101 minor'}
{'timestamp': 1702276322371, 'level': 'ALL', 'message': '12-11 08:28:15.085 31652 10962 E ActivityManager:     12% 10962/AnrConsumer: 0% user + 12% kernel'}
{'timestamp': 1702276322371, 'level': 'ALL', 'message': '12-11 08:28:15.085 31652 10962 E ActivityManager:     4.2% 31709/android.ui: 0% user + 4.2% kernel'}
{'timestamp': 1702276322371, 'level': 'ALL', 'message': '12-11 08:28:15.085 31652 10962 E ActivityManager:   6% 308/android.hardware.bluetooth@1.1-service.sim: 0% user + 6% kernel'}
{'timestamp': 1702276322371, 'level': 'ALL', 'message': '12-11 08:28:15.085 31652 10962 E ActivityManager:     3% 1221/bluetooth@1.1-s: 0% user + 3% kernel'}
{'timestamp': 1702276322371, 'level': 'ALL', 'message': '12-11 08:28:15.085 31652 10962 E ActivityManager: 15% TOTAL: 2.8% user + 12% kernel'}
{'timestamp': 1702276322371, 'level': 'ALL', 'message': '12-11 08:28:15.098 31652 10962 D ActivityManager: Completed ANR of com.android.systemui in 2548ms, latency 1ms'}
{'timestamp': 1702276322371, 'level': 'ALL', 'message': '12-11 08:28:15.098 31652 10962 I ActivityManager: Skipping duplicate ANR: ProcessRecord{2b4b2c8 9929:com.android.systemui/u0a144} executing service com.android.systemui/.dump.SystemUIAuxiliaryDumpService'}
{'timestamp': 1702276322371, 'level': 'ALL', 'message': '12-11 08:28:15.098 31652 10962 D ActivityManager: Completed ANR of com.android.systemui in 1ms, latency 2548ms'}
{'timestamp': 1702276322371, 'level': 'ALL', 'message': '12-11 08:28:15.109 31652 11012 I DropBoxManagerService: add tag=system_app_anr isTagEnabled=true flags=0x2'}
{'timestamp': 1702276322371, 'level': 'ALL', 'message': '12-11 08:28:15.132 31652 31743 W BroadcastQueue: Background execution not allowed: receiving Intent { act=android.intent.action.DROPBOX_ENTRY_ADDED flg=0x10 (has extras) } to com.google.android.gms/.stats.service.DropBoxEntryAddedReceiver'}
{'timestamp': 1702276322371, 'level': 'ALL', 'message': '12-11 08:28:15.133 31652 31743 W BroadcastQueue: Background execution not allowed: receiving Intent { act=android.intent.action.DROPBOX_ENTRY_ADDED flg=0x10 (has extras) } to com.google.android.gms/.chimera.GmsIntentOperationService$PersistentTrustedReceiver'}
{'timestamp': 1702276322371, 'level': 'ALL', 'message': '12-11 08:28:15.195 31652  2862 D HostConnection: HostConnection::get() New Host Connection established 0xed8be360, tid 2862'}
{'timestamp': 1702276322371, 'level': 'ALL', 'message': '12-11 08:28:15.202 31652  2862 D HostConnection: HostComposition ext ANDROID_EMU_CHECKSUM_HELPER_v1 ANDROID_EMU_native_sync_v2 ANDROID_EMU_native_sync_v3 ANDROID_EMU_native_sync_v4 ANDROID_EMU_dma_v1 ANDROID_EMU_direct_mem ANDROID_EMU_vulkan ANDROID_EMU_deferred_vulkan_commands ANDROID_EMU_vulkan_null_optional_strings ANDROID_EMU_vulkan_create_resources_with_requirements ANDROID_EMU_YUV_Cache ANDROID_EMU_vulkan_ignored_handles ANDROID_EMU_has_shared_slots_host_memory_allocator ANDROID_EMU_vulkan_free_memory_sync ANDROID_EMU_vulkan_shader_float16_int8 ANDROID_EMU_vulkan_async_queue_submit ANDROID_EMU_sync_buffer_data ANDROID_EMU_vulkan_async_qsri ANDROID_EMU_read_color_buffer_dma GL_OES_vertex_array_object GL_KHR_texture_compression_astc_ldr ANDROID_EMU_host_side_tracing ANDROID_EMU_gles_max_version_2'}
{'timestamp': 1702276322371, 'level': 'ALL', 'message': '12-11 08:28:15.203 31652  2862 W OpenGLRenderer: Failed to choose config with EGL_SWAP_BEHAVIOR_PRESERVED, retrying without...'}
{'timestamp': 1702276322371, 'level': 'ALL', 'message': '12-11 08:28:15.245 31652  2862 D EGL_emulation: eglCreateContext: 0xed894440: maj 2 min 0 rcv 2'}
{'timestamp': 1702276322371, 'level': 'ALL', 'message': '12-11 08:28:15.253 31652  2862 D EGL_emulation: eglMakeCurrent: 0xed894440: ver 2 0 (tinfo 0xaf947b50) (first time)'}
{'timestamp': 1702276322371, 'level': 'ALL', 'message': '12-11 08:28:15.267   320   320 D goldfish-address-space: claimShared: Ask to claim region [0x3f0654000 0x3f096e000]'}
{'timestamp': 1702276322371, 'level': 'ALL', 'message': '12-11 08:28:15.279   320   320 D goldfish-address-space: claimShared: Ask to claim region [0x3f3895000 0x3f3baf000]'}
{'timestamp': 1702276322371, 'level': 'ALL', 'message': '12-11 08:28:15.283   320   320 D goldfish-address-space: claimShared: Ask to claim region [0x3f0fc2000 0x3f12dc000]'}
{'timestamp': 1702276322371, 'level': 'ALL', 'message': '12-11 08:28:15.350 31652 31709 W Looper  : Slow dispatch took 207ms android.ui h=android.view.Choreographer$FrameHandler c=android.view.Choreographer$FrameDisplayEventReceiver@3044f7 m=0'}
{'timestamp': 1702276322371, 'level': 'ALL', 'message': '12-11 08:28:15.362 31652 31709 W Looper  : Slow delivery took 218ms android.ui h=com.android.server.wm.DisplayPolicy$PolicyHandler c=com.android.server.wm.-$$Lambda$DisplayPolicy$HbdRZfPpJ53Wnk7_Ueb0ycyz_AQ@4a94759 m=0'}
{'timestamp': 1702276322371, 'level': 'ALL', 'message': '12-11 08:28:15.375 31652 31709 W Looper  : Drained'}
{'timestamp': 1702276322371, 'level': 'ALL', 'message': '12-11 08:28:17.746 10760 10791 I appium  : READER_IDLE: closing the channel'}
{'timestamp': 1702276322371, 'level': 'ALL', 'message': '12-11 08:28:17.800 10760 10792 I appium  : READER_IDLE: closing the channel'}
{'timestamp': 1702276322371, 'level': 'ALL', 'message': '12-11 08:28:17.804 10760 10793 I appium  : READER_IDLE: closing the channel'}
{'timestamp': 1702276322371, 'level': 'ALL', 'message': '12-11 08:28:17.832 10760 10794 I appium  : READER_IDLE: closing the channel'}
{'timestamp': 1702276322371, 'level': 'ALL', 'message': '12-11 08:28:19.049   653   684 I earchbox:searc: oneway function results will be dropped but finished with status UNKNOWN_TRANSACTION and parcel size 0'}
{'timestamp': 1702276322371, 'level': 'ALL', 'message': '12-11 08:28:21.300   517 10798 I hbox:interacto: oneway function results will be dropped but finished with status UNKNOWN_TRANSACTION and parcel size 0'}
{'timestamp': 1702276322371, 'level': 'ALL', 'message': '12-11 08:28:22.886 10812 10873 E Volley  : [698] NetworkUtility.shouldRetryException: Unexpected response code 403 for https://in-app-message.prod.ajax.systems/v1/prod/main/en/plashka.json'}
{'timestamp': 1702276322371, 'level': 'ALL', 'message': '12-11 08:28:23.402 10812 10873 E Volley  : [698] NetworkUtility.shouldRetryException: Unexpected response code 403 for https://in-app-message.prod.ajax.systems/v1/prod/main/en/plashka.json'}
{'timestamp': 1702276322371, 'level': 'ALL', 'message': '12-11 08:28:23.403 10812 10812 E MaintenanceMessagesApi: Cannot get maintenance messages'}
{'timestamp': 1702276322371, 'level': 'ALL', 'message': '12-11 08:28:23.403 10812 10812 E MaintenanceMessagesApi: com.android.volley.AuthFailureError'}
{'timestamp': 1702276322371, 'level': 'ALL', 'message': '12-11 08:28:23.403 10812 10812 E MaintenanceMessagesApi: \tat com.android.volley.toolbox.NetworkUtility.shouldRetryException(Unknown Source:134)'}
{'timestamp': 1702276322371, 'level': 'ALL', 'message': '12-11 08:28:23.403 10812 10812 E MaintenanceMessagesApi: \tat com.android.volley.toolbox.BasicNetwork.performRequest(Unknown Source:119)'}
{'timestamp': 1702276322371, 'level': 'ALL', 'message': '12-11 08:28:23.403 10812 10812 E MaintenanceMessagesApi: \tat com.android.volley.NetworkDispatcher.processRequest(Unknown Source:39)'}
{'timestamp': 1702276322371, 'level': 'ALL', 'message': '12-11 08:28:23.403 10812 10812 E MaintenanceMessagesApi: \tat com.android.volley.NetworkDispatcher.processRequest(Unknown Source:8)'}
{'timestamp': 1702276322371, 'level': 'ALL', 'message': '12-11 08:28:23.403 10812 10812 E MaintenanceMessagesApi: \tat com.android.volley.NetworkDispatcher.run(Unknown Source:5)'}
{'timestamp': 1702276322371, 'level': 'ALL', 'message': '12-11 08:28:24.502 31652  1230 I system_server: oneway function results will be dropped but finished with status OK and parcel size 4'}
{'timestamp': 1702276322371, 'level': 'ALL', 'message': '12-11 08:28:24.503 31652  1230 I system_server: oneway function results will be dropped but finished with status OK and parcel size 4'}
{'timestamp': 1702276322371, 'level': 'ALL', 'message': '12-11 08:28:24.507 31702 31727 D AudioFlinger: mixer(0xeed1c030) throttle end: throttle time(41)'}
{'timestamp': 1702276322371, 'level': 'ALL', 'message': '12-11 08:28:24.531 31652  2862 D OpenGLRenderer: endAllActiveAnimators on 0xe76a9030 (RippleDrawable) with handle 0xaff21fd0'}
{'timestamp': 1702276322371, 'level': 'ALL', 'message': '12-11 08:28:24.570 31652  1231 I system_server: oneway function results will be dropped but finished with status OK and parcel size 4'}
{'timestamp': 1702276322371, 'level': 'ALL', 'message': '12-11 08:28:24.641 31652 31709 I ActivityManager: Killing 9929:com.android.systemui/u0a144 (adj -800): user request after error'}
{'timestamp': 1702276322371, 'level': 'ALL', 'message': '12-11 08:28:24.643 31652 31709 W Looper  : Slow dispatch took 147ms android.ui h=com.android.server.am.AppNotRespondingDialog$1 c=null m=1'}
{'timestamp': 1702276322371, 'level': 'ALL', 'message': "12-11 08:28:24.708 31652 31963 W InputDispatcher: channel '298c996 com.android.systemui.ImageWallpaper (server)' ~ Consumer closed input channel or an error occurred.  events=0x9"}
{'timestamp': 1702276322371, 'level': 'ALL', 'message': "12-11 08:28:24.708 31652 31963 E InputDispatcher: channel '298c996 com.android.systemui.ImageWallpaper (server)' ~ Channel is unrecoverably broken and will be disposed!"}
{'timestamp': 1702276322371, 'level': 'ALL', 'message': "12-11 08:28:24.708 31652 31963 W InputDispatcher: channel '98f31c5 ScreenDecorOverlay (server)' ~ Consumer closed input channel or an error occurred.  events=0x9"}
{'timestamp': 1702276322371, 'level': 'ALL', 'message': '12-11 08:28:24.708 31506 31506 I Zygote  : Process 9929 exited due to signal 9 (Killed)'}
{'timestamp': 1702276322371, 'level': 'ALL', 'message': "12-11 08:28:24.708 31652 31963 E InputDispatcher: channel '98f31c5 ScreenDecorOverlay (server)' ~ Channel is unrecoverably broken and will be disposed!"}
{'timestamp': 1702276322371, 'level': 'ALL', 'message': '12-11 08:28:24.717 31652 31748 I libprocessgroup: Successfully killed process cgroup uid 10144 pid 9929 in 43ms'}
{'timestamp': 1702276322371, 'level': 'ALL', 'message': '12-11 08:28:24.734 31652  1231 I WindowManager: WIN DEATH: Window{298c996 u0 com.android.systemui.ImageWallpaper}'}
{'timestamp': 1702276322371, 'level': 'ALL', 'message': "12-11 08:28:24.734 31652  1231 W InputDispatcher: Attempted to unregister already unregistered input channel '298c996 com.android.systemui.ImageWallpaper (server)'"}
{'timestamp': 1702276322371, 'level': 'ALL', 'message': '12-11 08:28:24.748 31652  1218 D ConnectivityService: ConnectivityService NetworkRequestInfo binderDied(NetworkRequest [ LISTEN id=96, [ AdministratorUids: [] RequestorUid: 10144 RequestorPackageName: com.android.systemui] ], android.os.BinderProxy@ba9966)'}
{'timestamp': 1702276322371, 'level': 'ALL', 'message': '12-11 08:28:24.749 31652  1224 D NotificationListeners: Removing active service ComponentInfo{com.android.systemui/com.android.systemui.statusbar.NotificationListener}'}
{'timestamp': 1702276322371, 'level': 'ALL', 'message': '12-11 08:28:24.749   456   983 D BufferPoolAccessor2.0: bufferpool2 0xf2740bd8 : 0(0 size) total buffers - 0(0 size) used buffers - 5/7 (recycle/alloc) - 2/6 (fetch/transfer)'}
{'timestamp': 1702276322371, 'level': 'ALL', 'message': '12-11 08:28:24.749   456   983 D BufferPoolAccessor2.0: Destruction - bufferpool2 0xf2740bd8 cached: 0/0M, 0/0% in use; allocs: 7, 71% recycled; transfers: 6, 67% unfetched'}
{'timestamp': 1702276322371, 'level': 'ALL', 'message': '12-11 08:28:24.750   456   983 D BufferPoolAccessor2.0: bufferpool2 0xf2742008 : 0(0 size) total buffers - 0(0 size) used buffers - 9/16 (recycle/alloc) - 7/15 (fetch/transfer)'}
{'timestamp': 1702276322371, 'level': 'ALL', 'message': '12-11 08:28:24.750   456   983 D BufferPoolAccessor2.0: Destruction - bufferpool2 0xf2742008 cached: 0/0M, 0/0% in use; allocs: 16, 56% recycled; transfers: 15, 53% unfetched'}
{'timestamp': 1702276322371, 'level': 'ALL', 'message': '12-11 08:28:24.750   456   983 D BufferPoolAccessor2.0: bufferpool2 0xf27461e8 : 0(0 size) total buffers - 0(0 size) used buffers - 14/17 (recycle/alloc) - 3/16 (fetch/transfer)'}
{'timestamp': 1702276322371, 'level': 'ALL', 'message': '12-11 08:28:24.750   456   983 D BufferPoolAccessor2.0: Destruction - bufferpool2 0xf27461e8 cached: 0/0M, 0/0% in use; allocs: 17, 82% recycled; transfers: 16, 81% unfetched'}
{'timestamp': 1702276322371, 'level': 'ALL', 'message': '12-11 08:28:24.752 31652 32570 E FingerprintService: Lockout reset callback binder died'}
{'timestamp': 1702276322371, 'level': 'ALL', 'message': '12-11 08:28:24.753 31652 31748 I libprocessgroup: Successfully killed process cgroup uid 10144 pid 9929 in 0ms'}
{'timestamp': 1702276322371, 'level': 'ALL', 'message': '12-11 08:28:24.754 31652  1225 I ActivityManager: Process com.android.systemui (pid 9929) has died: pers PER'}
{'timestamp': 1702276322371, 'level': 'ALL', 'message': '12-11 08:28:24.761 31652  1229 E BiometricService: Enabled callback binder died'}
{'timestamp': 1702276322371, 'level': 'ALL', 'message': '12-11 08:28:24.762 31652  1229 I StatusBarManagerService: binder died for pkg=com.android.systemui'}
{'timestamp': 1702276322371, 'level': 'ALL', 'message': '12-11 08:28:24.762 31652 31652 W WallpaperManagerService: Wallpaper service gone: ComponentInfo{com.android.systemui/com.android.systemui.ImageWallpaper}'}
{'timestamp': 1702276322371, 'level': 'ALL', 'message': '12-11 08:28:24.763 31652 31652 W WallpaperManagerService: Wallpaper service gone: ComponentInfo{com.android.systemui/com.android.systemui.ImageWallpaper}'}
{'timestamp': 1702276322371, 'level': 'ALL', 'message': '12-11 08:28:24.765 31652 31667 I WindowManager: WIN DEATH: Window{99885fe u0 StatusBar}'}
{'timestamp': 1702276322371, 'level': 'ALL', 'message': "12-11 08:28:24.765 31652 31667 W InputDispatcher: Attempted to unregister already unregistered input channel '99885fe StatusBar (server)'"}
{'timestamp': 1702276322371, 'level': 'ALL', 'message': '12-11 08:28:24.776 31652  1229 W AS.AudioService: Current remote volume controller died, unregistering'}
{'timestamp': 1702276322371, 'level': 'ALL', 'message': '12-11 08:28:24.800 31652 32570 D ConnectivityService: ConnectivityService NetworkRequestInfo binderDied(NetworkRequest [ TRACK_DEFAULT id=94, [ Capabilities: INTERNET&NOT_RESTRICTED&TRUSTED Uid: 10144 AdministratorUids: [] RequestorUid: 10144 RequestorPackageName: com.android.systemui] ], android.os.BinderProxy@7d96f3e)'}
{'timestamp': 1702276322371, 'level': 'ALL', 'message': "12-11 08:28:24.800 31652 31667 W WindowManager: Failed to report 'resized' to Window{98f31c5 u0 ScreenDecorOverlay} due to android.os.DeadObjectException"}
{'timestamp': 1702276322371, 'level': 'ALL', 'message': '12-11 08:28:24.800 31652   991 D ConnectivityService: ConnectivityService NetworkRequestInfo binderDied(NetworkRequest [ TRACK_DEFAULT id=95, [ Capabilities: INTERNET&NOT_RESTRICTED&TRUSTED Uid: 10144 AdministratorUids: [] RequestorUid: 10144 RequestorPackageName: com.android.systemui] ], android.os.BinderProxy@f6d719f)'}
{'timestamp': 1702276322371, 'level': 'ALL', 'message': '12-11 08:28:24.800 31652  1231 D ConnectivityService: ConnectivityService NetworkRequestInfo binderDied(NetworkRequest [ LISTEN id=93, [ Transports: WIFI Capabilities: NOT_VPN AdministratorUids: [] RequestorUid: 10144 RequestorPackageName: com.android.systemui] ], android.os.BinderProxy@a3202ec)'}
{'timestamp': 1702276322371, 'level': 'ALL', 'message': '12-11 08:28:24.802 31652  1229 W VolumeController: Error calling dismiss'}
{'timestamp': 1702276322371, 'level': 'ALL', 'message': '12-11 08:28:24.802 31652  1229 W VolumeController: android.os.DeadObjectException'}
{'timestamp': 1702276322371, 'level': 'ALL', 'message': '12-11 08:28:24.802 31652  1229 W VolumeController: \tat android.os.BinderProxy.transactNative(Native Method)'}
{'timestamp': 1702276322371, 'level': 'ALL', 'message': '12-11 08:28:24.802 31652  1229 W VolumeController: \tat android.os.BinderProxy.transact(BinderProxy.java:540)'}
{'timestamp': 1702276322371, 'level': 'ALL', 'message': '12-11 08:28:24.802 31652  1229 W VolumeController: \tat android.media.IVolumeController$Stub$Proxy.dismiss(IVolumeController.java:260)'}
{'timestamp': 1702276322371, 'level': 'ALL', 'message': '12-11 08:28:24.802 31652  1229 W VolumeController: \tat com.android.server.audio.AudioService$VolumeController.postDismiss(AudioService.java:7743)'}
{'timestamp': 1702276322371, 'level': 'ALL', 'message': '12-11 08:28:24.802 31652  1229 W VolumeController: \tat com.android.server.audio.AudioService.setVolumeController(AudioService.java:7569)'}
{'timestamp': 1702276322371, 'level': 'ALL', 'message': '12-11 08:28:24.802 31652  1229 W VolumeController: \tat com.android.server.audio.AudioService$4.binderDied(AudioService.java:7578)'}
{'timestamp': 1702276322371, 'level': 'ALL', 'message': '12-11 08:28:24.802 31652  1229 W VolumeController: \tat android.os.IBinder$DeathRecipient.binderDied(IBinder.java:305)'}
{'timestamp': 1702276322371, 'level': 'ALL', 'message': '12-11 08:28:24.802 31652  1229 W VolumeController: \tat android.os.BinderProxy.sendDeathNotice(BinderProxy.java:654)'}
{'timestamp': 1702276322371, 'level': 'ALL', 'message': '12-11 08:28:24.804 31652 31995 D ConnectivityService: releasing NetworkRequest [ TRACK_DEFAULT id=94, [ Capabilities: INTERNET&NOT_RESTRICTED&TRUSTED Uid: 10144 AdministratorUids: [] RequestorUid: 10144 RequestorPackageName: com.android.systemui] ] (release request)'}
{'timestamp': 1702276322371, 'level': 'ALL', 'message': '12-11 08:28:24.805 31652 31995 D ConnectivityService: releasing NetworkRequest [ TRACK_DEFAULT id=95, [ Capabilities: INTERNET&NOT_RESTRICTED&TRUSTED Uid: 10144 AdministratorUids: [] RequestorUid: 10144 RequestorPackageName: com.android.systemui] ] (release request)'}
{'timestamp': 1702276322371, 'level': 'ALL', 'message': '12-11 08:28:24.807 31652  1226 I WindowManager: WIN DEATH: Window{fab977c u0 NavigationBar0}'}
{'timestamp': 1702276322371, 'level': 'ALL', 'message': "12-11 08:28:24.807 31652  1226 W InputDispatcher: Attempted to unregister already unregistered input channel 'fab977c NavigationBar0 (server)'"}
{'timestamp': 1702276322371, 'level': 'ALL', 'message': '12-11 08:28:24.818 31652 31666 I WindowManager: WIN DEATH: Window{c09a2bd u0 NotificationShade}'}
{'timestamp': 1702276322371, 'level': 'ALL', 'message': "12-11 08:28:24.818 31652 31666 W InputDispatcher: Attempted to unregister already unregistered input channel 'c09a2bd NotificationShade (server)'"}
{'timestamp': 1702276322371, 'level': 'ALL', 'message': '12-11 08:28:24.822 31652   995 I WindowManager: WIN DEATH: Window{6d00c4d u0 AssistPreviewPanel}'}
{'timestamp': 1702276322371, 'level': 'ALL', 'message': "12-11 08:28:24.822 31652   995 W InputDispatcher: Attempted to unregister already unregistered input channel '6d00c4d AssistPreviewPanel (server)'"}
{'timestamp': 1702276322371, 'level': 'ALL', 'message': '12-11 08:28:24.839 31652 31709 D ActivityTaskManager: Top Process State changed to PROCESS_STATE_TOP_SLEEPING'}
{'timestamp': 1702276322371, 'level': 'ALL', 'message': '12-11 08:28:24.849 32351 32351 D Telephony: isEmergencyPreferredAccount: subId=1, activeData=1'}
{'timestamp': 1702276322371, 'level': 'ALL', 'message': '12-11 08:28:24.849 32351 32351 D Telephony: isEmergencyPreferredAccount: Device does not require preference.'}
{'timestamp': 1702276322371, 'level': 'ALL', 'message': '12-11 08:28:24.850 32351 32351 D Telephony: isEmergencyPreferredAccount: subId=1, activeData=1'}
{'timestamp': 1702276322371, 'level': 'ALL', 'message': '12-11 08:28:24.850 32351 32351 D Telephony: isEmergencyPreferredAccount: Device does not require preference.'}
{'timestamp': 1702276322371, 'level': 'ALL', 'message': '12-11 08:28:24.850 31652  2862 D HostConnection: HostConnection::get() New Host Connection established 0xed8be360, tid 2862'}
{'timestamp': 1702276322371, 'level': 'ALL', 'message': '12-11 08:28:24.860 31652  2862 D HostConnection: HostComposition ext ANDROID_EMU_CHECKSUM_HELPER_v1 ANDROID_EMU_native_sync_v2 ANDROID_EMU_native_sync_v3 ANDROID_EMU_native_sync_v4 ANDROID_EMU_dma_v1 ANDROID_EMU_direct_mem ANDROID_EMU_vulkan ANDROID_EMU_deferred_vulkan_commands ANDROID_EMU_vulkan_null_optional_strings ANDROID_EMU_vulkan_create_resources_with_requirements ANDROID_EMU_YUV_Cache ANDROID_EMU_vulkan_ignored_handles ANDROID_EMU_has_shared_slots_host_memory_allocator ANDROID_EMU_vulkan_free_memory_sync ANDROID_EMU_vulkan_shader_float16_int8 ANDROID_EMU_vulkan_async_queue_submit ANDROID_EMU_sync_buffer_data ANDROID_EMU_vulkan_async_qsri ANDROID_EMU_read_color_buffer_dma GL_OES_vertex_array_object GL_KHR_texture_compression_astc_ldr ANDROID_EMU_host_side_tracing ANDROID_EMU_gles_max_version_2'}
{'timestamp': 1702276322371, 'level': 'ALL', 'message': '12-11 08:28:24.938 31652  2862 W OpenGLRenderer: Failed to choose config with EGL_SWAP_BEHAVIOR_PRESERVED, retrying without...'}
{'timestamp': 1702276322371, 'level': 'ALL', 'message': '12-11 08:28:24.945   320   320 D goldfish-address-space: claimShared: Ask to claim region [0x3f0fc2000 0x3f19a6000]'}
{'timestamp': 1702276322371, 'level': 'ALL', 'message': '12-11 08:28:24.968 31652  2862 D EGL_emulation: eglCreateContext: 0xb265f490: maj 2 min 0 rcv 2'}
{'timestamp': 1702276322371, 'level': 'ALL', 'message': '12-11 08:28:24.972 31652  2862 D EGL_emulation: eglMakeCurrent: 0xb265f490: ver 2 0 (tinfo 0xaf947b50) (first time)'}
{'timestamp': 1702276322371, 'level': 'ALL', 'message': '12-11 08:28:24.988   320   320 D goldfish-address-space: claimShared: Ask to claim region [0x3f19a6000 0x3f1ffa000]'}
{'timestamp': 1702276322371, 'level': 'ALL', 'message': '12-11 08:28:25.070 31652  2862 E FrameEvents: updateAcquireFence: Did not find frame.'}
{'timestamp': 1702276322371, 'level': 'ALL', 'message': '12-11 08:28:25.073   320   320 D goldfish-address-space: claimShared: Ask to claim region [0x3f1ffa000 0x3f264e000]'}
{'timestamp': 1702276322371, 'level': 'ALL', 'message': '12-11 08:28:25.082   320   320 D goldfish-address-space: claimShared: Ask to claim region [0x3f5183000 0x3f5b67000]'}
{'timestamp': 1702276322371, 'level': 'ALL', 'message': '12-11 08:28:25.090 31652 31709 W Looper  : Slow dispatch took 337ms android.ui h=android.os.Handler c=com.android.server.policy.keyguard.-$$Lambda$KeyguardServiceDelegate$1$ZQ5qG3EmC57J43br9oobeNISXyE@44fe052 m=0'}
{'timestamp': 1702276322371, 'level': 'ALL', 'message': '12-11 08:28:25.090 31652 31709 W Looper  : Slow delivery took 325ms android.ui h=com.android.server.wm.DisplayPolicy$PolicyHandler c=com.android.server.wm.-$$Lambda$DisplayPolicy$HbdRZfPpJ53Wnk7_Ueb0ycyz_AQ@7d7c384 m=0'}
{'timestamp': 1702276322371, 'level': 'ALL', 'message': '12-11 08:28:25.091 31652 32346 I WindowManager: WIN DEATH: Window{98f31c5 u0 ScreenDecorOverlay}'}
{'timestamp': 1702276322371, 'level': 'ALL', 'message': "12-11 08:28:25.091 31652 32346 W InputDispatcher: Attempted to unregister already unregistered input channel '98f31c5 ScreenDecorOverlay (server)'"}
{'timestamp': 1702276322371, 'level': 'ALL', 'message': '12-11 08:28:25.098 31652  1218 W WindowManager: Cannot find window which accessibility connection is added to'}
{'timestamp': 1702276322372, 'level': 'ALL', 'message': '12-11 08:28:25.099 31652  1224 W WindowManager: Cannot find window which accessibility connection is added to'}
{'timestamp': 1702276322372, 'level': 'ALL', 'message': '12-11 08:28:25.100 31652  1225 W ActivityManager: Scheduling restart of crashed service com.android.systemui/.ImageWallpaper in 0ms for persistent'}
{'timestamp': 1702276322372, 'level': 'ALL', 'message': '12-11 08:28:25.100 31652  1225 W ActivityManager: Scheduling restart of crashed service com.android.systemui/.SystemUIService in 0ms for persistent'}
{'timestamp': 1702276322372, 'level': 'ALL', 'message': '12-11 08:28:25.100 31652  1225 W ActivityManager: Scheduling restart of crashed service com.android.systemui/.keyguard.KeyguardService in 0ms for persistent'}
{'timestamp': 1702276322372, 'level': 'ALL', 'message': '12-11 08:28:25.100 31652  1225 W ActivityManager: Scheduling restart of crashed service com.android.systemui/.dump.SystemUIAuxiliaryDumpService in 0ms for persistent'}
{'timestamp': 1702276322372, 'level': 'ALL', 'message': '12-11 08:28:25.101 31652  1225 W ActivityManager: Re-adding persistent process ProcessRecord{2b4b2c8 9929:com.android.systemui/u0a144}'}
{'timestamp': 1702276322372, 'level': 'ALL', 'message': '12-11 08:28:25.102 31652 31992 W WindowManager: Cannot find window which accessibility connection is added to'}
{'timestamp': 1702276322372, 'level': 'ALL', 'message': '12-11 08:28:25.110 31652  1225 D CompatibilityChangeReporter: Compat change id reported: 135634846; UID 10144; state: DISABLED'}
{'timestamp': 1702276322372, 'level': 'ALL', 'message': '12-11 08:28:25.111 31652 31709 W Looper  : Drained'}
{'timestamp': 1702276322372, 'level': 'ALL', 'message': '12-11 08:28:25.114 31652 31745 D CompatibilityChangeReporter: Compat change id reported: 143937733; UID 10144; state: ENABLED'}
{'timestamp': 1702276322372, 'level': 'ALL', 'message': '12-11 08:28:25.119 31652  1225 I ActivityManager: Killing 3173:com.google.process.gapps/u0a108 (adj 985): empty #17'}
{'timestamp': 1702276322372, 'level': 'ALL', 'message': '12-11 08:28:25.151 31652 31712 W ActivityManager: setHasOverlayUi called on unknown pid: 9929'}
{'timestamp': 1702276322372, 'level': 'ALL', 'message': '12-11 08:28:25.165 31506 31506 D Zygote  : Forked child process 11030'}
{'timestamp': 1702276322372, 'level': 'ALL', 'message': '12-11 08:28:25.166 31652 31745 W ActivityManager: Slow operation: 65ms so far, now at startProcess: returned from zygote!'}
{'timestamp': 1702276322372, 'level': 'ALL', 'message': '12-11 08:28:25.166 31652 31745 W ActivityManager: Slow operation: 65ms so far, now at startProcess: done updating battery stats'}
{'timestamp': 1702276322372, 'level': 'ALL', 'message': '12-11 08:28:25.166 31652 31745 W ActivityManager: Slow operation: 65ms so far, now at startProcess: building log message'}
{'timestamp': 1702276322372, 'level': 'ALL', 'message': '12-11 08:28:25.167 31652 31745 I ActivityManager: Start proc 11030:com.android.systemui/u0a144 for restart com.android.systemui'}
{'timestamp': 1702276322372, 'level': 'ALL', 'message': '12-11 08:28:25.167 31652 31745 W ActivityManager: Slow operation: 65ms so far, now at startProcess: starting to update pids map'}
{'timestamp': 1702276322372, 'level': 'ALL', 'message': '12-11 08:28:25.167 31652 31745 W ActivityManager: Slow operation: 66ms so far, now at startProcess: done updating pids map'}
{'timestamp': 1702276322372, 'level': 'ALL', 'message': '12-11 08:28:25.180 11030 11030 W ndroid.systemu: Unexpected CPU variant for X86 using defaults: x86'}
{'timestamp': 1702276322372, 'level': 'ALL', 'message': '12-11 08:28:25.184 32473 32489 W System  : A resource failed to call release.'}
{'timestamp': 1702276322372, 'level': 'ALL', 'message': '12-11 08:28:25.196 31652  1225 W ProcessStats: Tracking association SourceState{bf677e5 com.ajaxsystems/10158 Top #8224} whose proc state 1 is better than process ProcessState{ff2f98e com.google.android.gms/10108 pkg=com.google.android.gms} proc state 5 (5 skipped)'}
{'timestamp': 1702276322372, 'level': 'ALL', 'message': '12-11 08:28:25.184 32473 32489 I chatty  : uid=10138(com.google.android.apps.nexuslauncher) FinalizerDaemon identical 1 line'}
{'timestamp': 1702276322372, 'level': 'ALL', 'message': '12-11 08:28:25.184 32473 32489 W System  : A resource failed to call release.'}
{'timestamp': 1702276322372, 'level': 'ALL', 'message': '12-11 08:28:25.200 11030 11030 E ndroid.systemu: Not starting debugger since process cannot load the jdwp agent.'}
{'timestamp': 1702276322372, 'level': 'ALL', 'message': '12-11 08:28:25.204   396   396 D BoundBrokerSvc: onBind: Intent { act=com.google.android.gms.measurement.START pkg=com.google.android.gms }'}
{'timestamp': 1702276322372, 'level': 'ALL', 'message': '12-11 08:28:25.205   396   396 D BoundBrokerSvc: Loading bound service for intent: Intent { act=com.google.android.gms.measurement.START pkg=com.google.android.gms }'}
{'timestamp': 1702276322372, 'level': 'ALL', 'message': '12-11 08:28:25.246 31506 31506 I Zygote  : Process 3173 exited due to signal 9 (Killed)'}
{'timestamp': 1702276322372, 'level': 'ALL', 'message': '12-11 08:28:25.268 11030 11030 I ndroid.systemu: The ClassLoaderContext is a special shared library.'}
{'timestamp': 1702276322372, 'level': 'ALL', 'message': '12-11 08:28:25.273 31652 31748 I libprocessgroup: Successfully killed process cgroup uid 10108 pid 3173 in 138ms'}
{'timestamp': 1702276322372, 'level': 'ALL', 'message': '12-11 08:28:25.294 11030 11030 D NetworkSecurityConfig: No Network Security Config specified, using platform default'}
{'timestamp': 1702276322372, 'level': 'ALL', 'message': '12-11 08:28:25.297 11030 11030 D NetworkSecurityConfig: No Network Security Config specified, using platform default'}
{'timestamp': 1702276322372, 'level': 'ALL', 'message': '12-11 08:28:25.298 11030 11030 V SystemUIService: SystemUIApplication constructed.'}
{'timestamp': 1702276322372, 'level': 'ALL', 'message': '12-11 08:28:25.322 31703  3386 W android.hardware.audio.service.ranchu: TinyalsaSink::write:125 pcm_write was late reading frames, dropping 22131 us of audio'}
{'timestamp': 1702276322372, 'level': 'ALL', 'message': '12-11 08:28:25.367 31703  3386 I chatty  : uid=1041(audioserver) audio.service.r identical 1 line'}
{'timestamp': 1702276322372, 'level': 'ALL', 'message': '12-11 08:28:25.398 31703  3386 W android.hardware.audio.service.ranchu: TinyalsaSink::write:125 pcm_write was late reading frames, dropping 22131 us of audio'}
{'timestamp': 1702276322372, 'level': 'ALL', 'message': '12-11 08:28:25.447 11030 11049 D TelephonyRegistryManager: onSubscriptionsChangedListener callback received.'}
{'timestamp': 1702276322372, 'level': 'ALL', 'message': '12-11 08:28:25.456 31652 31652 D TrustManagerService: Removing dead TrustListener.'}
{'timestamp': 1702276322372, 'level': 'ALL', 'message': '12-11 08:28:25.461 31703  3386 W android.hardware.audio.service.ranchu: TinyalsaSink::write:125 pcm_write was late reading frames, dropping 22131 us of audio'}
{'timestamp': 1702276322372, 'level': 'ALL', 'message': '12-11 08:28:25.495 11030 11030 D CompatibilityChangeReporter: Compat change id reported: 147600208; UID 10144; state: ENABLED'}
{'timestamp': 1702276322372, 'level': 'ALL', 'message': '12-11 08:28:25.506 31703  3386 W android.hardware.audio.service.ranchu: TinyalsaSink::write:125 pcm_write was late reading frames, dropping 22131 us of audio'}
{'timestamp': 1702276322372, 'level': 'ALL', 'message': "12-11 08:28:25.515 11030 11030 D skia    : --- Failed to create image decoder with message 'unimplemented'"}
{'timestamp': 1702276322372, 'level': 'ALL', 'message': '12-11 08:28:25.539 31703  3386 W android.hardware.audio.service.ranchu: TinyalsaSink::write:125 pcm_write was late reading frames, dropping 22131 us of audio'}
{'timestamp': 1702276322372, 'level': 'ALL', 'message': '12-11 08:28:25.556 11030 11030 D MediaResumeListener: loaded resume components []'}
{'timestamp': 1702276322372, 'level': 'ALL', 'message': '12-11 08:28:25.579 11030 11030 W AlarmManager: Unrecognized alarm listener com.android.systemui.keyguard.-$$Lambda$KeyguardSliceProvider$IhzByd8TsqFuOrSyuGurVskyPLo@f69d648'}
{'timestamp': 1702276322372, 'level': 'ALL', 'message': '12-11 08:28:25.593 11030 11030 V SystemUIService: SystemUIApplication created.'}
{'timestamp': 1702276322372, 'level': 'ALL', 'message': '12-11 08:28:25.600 31703  3386 W android.hardware.audio.service.ranchu: TinyalsaSink::write:125 pcm_write was late reading frames, dropping 22131 us of audio'}
{'timestamp': 1702276322372, 'level': 'ALL', 'message': '12-11 08:28:25.604 31652 31652 W WindowManager: addWindowToken: Attempted to add binder token: android.os.Binder@177703c for already created window token: WallpaperWindowToken{555371a token=android.os.Binder@177703c} displayId=0'}
{'timestamp': 1702276322372, 'level': 'ALL', 'message': '12-11 08:28:25.608 11030 11030 V SystemUIService: Starting SystemUI services for user 0.'}
{'timestamp': 1702276322372, 'level': 'ALL', 'message': '12-11 08:28:25.619 31703  3386 W android.hardware.audio.service.ranchu: TinyalsaSink::write:125 pcm_write was late reading frames, dropping 22131 us of audio'}
{'timestamp': 1702276322372, 'level': 'ALL', 'message': '12-11 08:28:25.647 11030 11030 E ActivityThread: Failed to find provider info for com.google.android.apps.turbo.estimated_time_remaining'}
{'timestamp': 1702276322372, 'level': 'ALL', 'message': '12-11 08:28:25.658 11030 11030 D InterruptionStateProvider: heads up is enabled'}
{'timestamp': 1702276322372, 'level': 'ALL', 'message': '12-11 08:28:25.663 11030 11030 I FalsingManager: xdpi, ydpi: 420.0, 420.0'}
{'timestamp': 1702276322372, 'level': 'ALL', 'message': '12-11 08:28:25.663 11030 11030 I FalsingManager: width, height: 1080, 2138'}
{'timestamp': 1702276322372, 'level': 'ALL', 'message': '12-11 08:28:25.675 11030 11030 D NavigationModeController: getCurrentUserContext: contextUser=0 currentUser=0'}
{'timestamp': 1702276322372, 'level': 'ALL', 'message': '12-11 08:28:25.675 11030 11030 D NavigationModeController: getCurrentInteractionMode: mode=0 contextUser=0'}
{'timestamp': 1702276322372, 'level': 'ALL', 'message': '12-11 08:28:25.675 11030 11030 E NavigationModeController: updateCurrentInteractionMode: mode=0'}
{'timestamp': 1702276322372, 'level': 'ALL', 'message': '12-11 08:28:25.675 11030 11030 D NavigationModeController:   contextUser=0'}
{'timestamp': 1702276322372, 'level': 'ALL', 'message': '12-11 08:28:25.675 11030 11030 D NavigationModeController:   assetPaths='}
{'timestamp': 1702276322372, 'level': 'ALL', 'message': '12-11 08:28:25.675 11030 11030 D NavigationModeController:     /system/framework/framework-res.apk'}
{'timestamp': 1702276322372, 'level': 'ALL', 'message': '12-11 08:28:25.675 11030 11030 D NavigationModeController:     /product/overlay/GoogleConfigOverlay.apk'}
{'timestamp': 1702276322372, 'level': 'ALL', 'message': '12-11 08:28:25.675 11030 11030 D NavigationModeController:     /product/overlay/GoogleWebViewOverlay.apk'}
{'timestamp': 1702276322372, 'level': 'ALL', 'message': '12-11 08:28:25.675 11030 11030 D NavigationModeController:     /product/overlay/PixelConfigOverlayCommon.apk'}
{'timestamp': 1702276322372, 'level': 'ALL', 'message': '12-11 08:28:25.675 11030 11030 D NavigationModeController:     /product/overlay/framework-res__auto_generated_rro_product.apk'}
{'timestamp': 1702276322372, 'level': 'ALL', 'message': '12-11 08:28:25.675 11030 11030 D NavigationModeController:     /product/overlay/EmulatorConfigOverlay.apk'}
{'timestamp': 1702276322372, 'level': 'ALL', 'message': '12-11 08:28:25.675 11030 11030 D NavigationModeController:     /system_ext/priv-app/SystemUIGoogle/SystemUIGoogle.apk'}
{'timestamp': 1702276322372, 'level': 'ALL', 'message': '12-11 08:28:25.675 11030 11030 D NavigationModeController:     /product/overlay/DisplayCutoutEmulationHole/DisplayCutoutEmulationHoleOverlay.apk'}
{'timestamp': 1702276322372, 'level': 'ALL', 'message': '12-11 08:28:25.675 11030 11030 D NavigationModeController:     /product/overlay/SystemUIGoogle__auto_generated_rro_product.apk'}
{'timestamp': 1702276322372, 'level': 'ALL', 'message': '12-11 08:28:25.678 11030 11030 D NavigationModeController: getCurrentInteractionMode: mode=0 contextUser=0'}
{'timestamp': 1702276322372, 'level': 'ALL', 'message': '12-11 08:28:25.703 11030 11030 V MediaRouter: Selecting route: RouteInfo{ name=Phone, description=null, status=null, category=RouteCategory{ name=System types=ROUTE_TYPE_LIVE_AUDIO ROUTE_TYPE_LIVE_VIDEO  groupable=false }, supportedTypes=ROUTE_TYPE_LIVE_AUDIO ROUTE_TYPE_LIVE_VIDEO , presentationDisplay=null }'}
{'timestamp': 1702276322372, 'level': 'ALL', 'message': '12-11 08:28:25.705 31703  3386 W android.hardware.audio.service.ranchu: TinyalsaSink::write:125 pcm_write was late reading frames, dropping 22131 us of audio'}
{'timestamp': 1702276322372, 'level': 'ALL', 'message': '12-11 08:28:25.719 11030 11062 D KeyguardViewMediator: updateActivityLockScreenState(false, false)'}
{'timestamp': 1702276322372, 'level': 'ALL', 'message': '12-11 08:28:25.720 31652 32485 D ActivityTaskManager: Top Process State changed to PROCESS_STATE_TOP'}
{'timestamp': 1702276322372, 'level': 'ALL', 'message': '12-11 08:28:25.722 31652 32485 W InputReader: Device virtio_input_multi_touch_10 is associated with display ADISPLAY_ID_NONE.'}
{'timestamp': 1702276322372, 'level': 'ALL', 'message': '12-11 08:28:25.722 31652 32485 W InputReader: Device virtio_input_multi_touch_4 is associated with display ADISPLAY_ID_NONE.'}
{'timestamp': 1702276322372, 'level': 'ALL', 'message': '12-11 08:28:25.722 31652 32485 W InputReader: Device virtio_input_multi_touch_11 is associated with display ADISPLAY_ID_NONE.'}
{'timestamp': 1702276322372, 'level': 'ALL', 'message': '12-11 08:28:25.722 31652 32485 W InputReader: Device virtio_input_multi_touch_5 is associated with display ADISPLAY_ID_NONE.'}
{'timestamp': 1702276322372, 'level': 'ALL', 'message': '12-11 08:28:25.722 31652 32485 W InputReader: Device virtio_input_multi_touch_2 is associated with display ADISPLAY_ID_NONE.'}
{'timestamp': 1702276322372, 'level': 'ALL', 'message': '12-11 08:28:25.722 31652 32485 W InputReader: Device virtio_input_multi_touch_9 is associated with display ADISPLAY_ID_NONE.'}
{'timestamp': 1702276322372, 'level': 'ALL', 'message': '12-11 08:28:25.722 31652 32485 W InputReader: Device virtio_input_multi_touch_6 is associated with display ADISPLAY_ID_NONE.'}
{'timestamp': 1702276322372, 'level': 'ALL', 'message': '12-11 08:28:25.722 31652 32485 W InputReader: Device virtio_input_multi_touch_7 is associated with display ADISPLAY_ID_NONE.'}
{'timestamp': 1702276322372, 'level': 'ALL', 'message': '12-11 08:28:25.722 31652 32485 W InputReader: Device virtio_input_multi_touch_3 is associated with display ADISPLAY_ID_NONE.'}
{'timestamp': 1702276322372, 'level': 'ALL', 'message': '12-11 08:28:25.722 31652 32485 W InputReader: Device virtio_input_multi_touch_8 is associated with display ADISPLAY_ID_NONE.'}
{'timestamp': 1702276322372, 'level': 'ALL', 'message': '12-11 08:28:25.722 31652 32485 W InputReader: Device virtio_input_multi_touch_10 is associated with display ADISPLAY_ID_NONE.'}
{'timestamp': 1702276322372, 'level': 'ALL', 'message': '12-11 08:28:25.722 31652 32485 W InputReader: Device virtio_input_multi_touch_4 is associated with display ADISPLAY_ID_NONE.'}
{'timestamp': 1702276322372, 'level': 'ALL', 'message': '12-11 08:28:25.722 31652 32485 W InputReader: Device virtio_input_multi_touch_11 is associated with display ADISPLAY_ID_NONE.'}
{'timestamp': 1702276322372, 'level': 'ALL', 'message': '12-11 08:28:25.722 31652 32485 W InputReader: Device virtio_input_multi_touch_5 is associated with display ADISPLAY_ID_NONE.'}
{'timestamp': 1702276322372, 'level': 'ALL', 'message': '12-11 08:28:25.722 31652 32485 W InputReader: Device virtio_input_multi_touch_2 is associated with display ADISPLAY_ID_NONE.'}
{'timestamp': 1702276322372, 'level': 'ALL', 'message': '12-11 08:28:25.722 31652 32485 W InputReader: Device virtio_input_multi_touch_9 is associated with display ADISPLAY_ID_NONE.'}
{'timestamp': 1702276322372, 'level': 'ALL', 'message': '12-11 08:28:25.722 31652 32485 W InputReader: Device virtio_input_multi_touch_6 is associated with display ADISPLAY_ID_NONE.'}
{'timestamp': 1702276322372, 'level': 'ALL', 'message': '12-11 08:28:25.722 31652 32485 W InputReader: Device virtio_input_multi_touch_7 is associated with display ADISPLAY_ID_NONE.'}
{'timestamp': 1702276322372, 'level': 'ALL', 'message': '12-11 08:28:25.722 31652 32485 W InputReader: Device virtio_input_multi_touch_3 is associated with display ADISPLAY_ID_NONE.'}
{'timestamp': 1702276322372, 'level': 'ALL', 'message': '12-11 08:28:25.722 31652 32485 W InputReader: Device virtio_input_multi_touch_8 is associated with display ADISPLAY_ID_NONE.'}
{'timestamp': 1702276322372, 'level': 'ALL', 'message': '12-11 08:28:25.736 31703  3386 W android.hardware.audio.service.ranchu: TinyalsaSink::write:125 pcm_write was late reading frames, dropping 22131 us of audio'}
{'timestamp': 1702276322372, 'level': 'ALL', 'message': '12-11 08:28:25.752   320   320 D goldfish-address-space: claimShared: Ask to claim region [0x3f0fc2000 0x3f19a6000]'}
{'timestamp': 1702276322372, 'level': 'ALL', 'message': '12-11 08:28:25.768 31703  3386 W android.hardware.audio.service.ranchu: TinyalsaSink::write:125 pcm_write was late reading frames, dropping 22131 us of audio'}
{'timestamp': 1702276322372, 'level': 'ALL', 'message': '12-11 08:28:25.769   320   320 D goldfish-address-space: claimShared: Ask to claim region [0x3f1ffa000 0x3f29de000]'}
{'timestamp': 1702276322372, 'level': 'ALL', 'message': '12-11 08:28:25.771   320   320 D goldfish-address-space: claimShared: Ask to claim region [0x3f4000000 0x3f49e4000]'}
{'timestamp': 1702276322372, 'level': 'ALL', 'message': '12-11 08:28:25.817 31703  3386 W android.hardware.audio.service.ranchu: TinyalsaSink::write:125 pcm_write was late reading frames, dropping 22131 us of audio'}
{'timestamp': 1702276322372, 'level': 'ALL', 'message': '12-11 08:28:25.821 11030 11030 D KeyguardViewMediator: adjustStatusBarLocked: mShowing=false mOccluded=false isSecure=false force=false --> flags=0x0'}
{'timestamp': 1702276322372, 'level': 'ALL', 'message': '12-11 08:28:25.865 11030 11065 D CCodec  : allocate(c2.android.vorbis.decoder)'}
{'timestamp': 1702276322372, 'level': 'ALL', 'message': '12-11 08:28:25.867 11030 11067 D CCodec  : allocate(c2.android.vorbis.decoder)'}
{'timestamp': 1702276322372, 'level': 'ALL', 'message': '12-11 08:28:25.883 11030 11065 I Codec2Client: Available Codec2 services: "software"'}
{'timestamp': 1702276322372, 'level': 'ALL', 'message': '12-11 08:28:25.901 31703  3386 W android.hardware.audio.service.ranchu: TinyalsaSink::write:125 pcm_write was late reading frames, dropping 22131 us of audio'}
{'timestamp': 1702276322372, 'level': 'ALL', 'message': '12-11 08:28:25.902   456   981 V C2Store : in init'}
{'timestamp': 1702276322372, 'level': 'ALL', 'message': '12-11 08:28:25.904   456   981 V C2Store : loading dll'}
{'timestamp': 1702276322372, 'level': 'ALL', 'message': '12-11 08:28:25.909 11030 11067 I CCodec  : Created component [c2.android.vorbis.decoder]'}
{'timestamp': 1702276322372, 'level': 'ALL', 'message': '12-11 08:28:25.914 11030 11067 D CCodecConfig: read media type: audio/vorbis'}
{'timestamp': 1702276322372, 'level': 'ALL', 'message': '12-11 08:28:25.920 11030 11067 D ReflectedParamUpdater: extent() != 1 for single value type: algo.buffers.max-count.values'}
{'timestamp': 1702276322372, 'level': 'ALL', 'message': '12-11 08:28:25.920 11030 11067 D ReflectedParamUpdater: extent() != 1 for single value type: output.subscribed-indices.values'}
{'timestamp': 1702276322372, 'level': 'ALL', 'message': '12-11 08:28:25.920 11030 11067 D ReflectedParamUpdater: extent() != 1 for single value type: input.buffers.allocator-ids.values'}
{'timestamp': 1702276322372, 'level': 'ALL', 'message': '12-11 08:28:25.920 11030 11067 D ReflectedParamUpdater: extent() != 1 for single value type: output.buffers.allocator-ids.values'}
{'timestamp': 1702276322372, 'level': 'ALL', 'message': '12-11 08:28:25.920 11030 11067 D ReflectedParamUpdater: extent() != 1 for single value type: algo.buffers.allocator-ids.values'}
{'timestamp': 1702276322372, 'level': 'ALL', 'message': '12-11 08:28:25.920 11030 11067 D ReflectedParamUpdater: extent() != 1 for single value type: output.buffers.pool-ids.values'}
{'timestamp': 1702276322372, 'level': 'ALL', 'message': '12-11 08:28:25.920 11030 11067 D ReflectedParamUpdater: extent() != 1 for single value type: algo.buffers.pool-ids.values'}
{'timestamp': 1702276322372, 'level': 'ALL', 'message': '12-11 08:28:25.922 11030 11067 I CCodecConfig: query failed after returning 7 values (BAD_INDEX)'}
{'timestamp': 1702276322372, 'level': 'ALL', 'message': '12-11 08:28:25.922 11030 11067 D CCodecConfig: c2 config diff is Dict {'}
{'timestamp': 1702276322372, 'level': 'ALL', 'message': '12-11 08:28:25.922 11030 11067 D CCodecConfig:   c2::u32 coded.bitrate.value = 64000'}
{'timestamp': 1702276322372, 'level': 'ALL', 'message': '12-11 08:28:25.922 11030 11067 D CCodecConfig:   c2::u32 input.buffers.max-size.value = 32768'}
{'timestamp': 1702276322372, 'level': 'ALL', 'message': '12-11 08:28:25.922 11030 11067 D CCodecConfig:   c2::u32 input.delay.value = 0'}
{'timestamp': 1702276322372, 'level': 'ALL', 'message': '12-11 08:28:25.922 11030 11067 D CCodecConfig:   string input.media-type.value = "audio/vorbis"'}
{'timestamp': 1702276322372, 'level': 'ALL', 'message': '12-11 08:28:25.922 11030 11067 D CCodecConfig:   string output.media-type.value = "audio/raw"'}
{'timestamp': 1702276322372, 'level': 'ALL', 'message': '12-11 08:28:25.922 11030 11067 D CCodecConfig:   c2::u32 raw.channel-count.value = 1'}
{'timestamp': 1702276322372, 'level': 'ALL', 'message': '12-11 08:28:25.922 11030 11067 D CCodecConfig:   c2::u32 raw.sample-rate.value = 48000'}
{'timestamp': 1702276322372, 'level': 'ALL', 'message': '12-11 08:28:25.922 11030 11067 D CCodecConfig: }'}
{'timestamp': 1702276322372, 'level': 'ALL', 'message': '12-11 08:28:25.923 11030 11067 D CCodec  : [c2.android.vorbis.decoder] buffers are bound to CCodec for this session'}
{'timestamp': 1702276322372, 'level': 'ALL', 'message': '12-11 08:28:25.923 11030 11067 D CCodecConfig: no c2 equivalents for durationUs'}
{'timestamp': 1702276322372, 'level': 'ALL', 'message': '12-11 08:28:25.923 11030 11067 D CCodecConfig: no c2 equivalents for track-id'}
{'timestamp': 1702276322372, 'level': 'ALL', 'message': '12-11 08:28:25.923 11030 11067 D CCodecConfig: no c2 equivalents for csd-1'}
{'timestamp': 1702276322372, 'level': 'ALL', 'message': '12-11 08:28:25.924 11030 11067 D CCodecConfig: no c2 equivalents for channel-mask'}
{'timestamp': 1702276322372, 'level': 'ALL', 'message': '12-11 08:28:25.924 11030 11067 D CCodecConfig: no c2 equivalents for flags'}
{'timestamp': 1702276322372, 'level': 'ALL', 'message': '12-11 08:28:25.924 11030 11067 D CCodecConfig: c2 config diff is   c2::u32 raw.channel-count.value = 2'}
{'timestamp': 1702276322372, 'level': 'ALL', 'message': '12-11 08:28:25.924 11030 11067 D CCodecConfig:   c2::u32 raw.sample-rate.value = 44100'}
{'timestamp': 1702276322372, 'level': 'ALL', 'message': '12-11 08:28:25.925 11030 11065 I CCodec  : Created component [c2.android.vorbis.decoder]'}
{'timestamp': 1702276322372, 'level': 'ALL', 'message': '12-11 08:28:25.927 11030 11067 W Codec2Client: query -- param skipped: index = 1107298332.'}
{'timestamp': 1702276322372, 'level': 'ALL', 'message': '12-11 08:28:25.928 11030 11067 D CCodec  : setup formats input: AMessage(what = 0x00000000) = {'}
{'timestamp': 1702276322372, 'level': 'ALL', 'message': '12-11 08:28:25.928 11030 11067 D CCodec  :   int32_t channel-count = 2'}
{'timestamp': 1702276322372, 'level': 'ALL', 'message': '12-11 08:28:25.928 11030 11067 D CCodec  :   int32_t max-input-size = 32768'}
{'timestamp': 1702276322372, 'level': 'ALL', 'message': '12-11 08:28:25.928 11030 11067 D CCodec  :   string mime = "audio/vorbis"'}
{'timestamp': 1702276322372, 'level': 'ALL', 'message': '12-11 08:28:25.928 11030 11067 D CCodec  :   int32_t sample-rate = 44100'}
{'timestamp': 1702276322372, 'level': 'ALL', 'message': '12-11 08:28:25.928 11030 11067 D CCodec  : } and output: AMessage(what = 0x00000000) = {'}
{'timestamp': 1702276322372, 'level': 'ALL', 'message': '12-11 08:28:25.928 11030 11067 D CCodec  :   int32_t channel-count = 2'}
{'timestamp': 1702276322372, 'level': 'ALL', 'message': '12-11 08:28:25.928 11030 11067 D CCodec  :   string mime = "audio/raw"'}
{'timestamp': 1702276322372, 'level': 'ALL', 'message': '12-11 08:28:25.928 11030 11067 D CCodec  :   int32_t sample-rate = 44100'}
{'timestamp': 1702276322372, 'level': 'ALL', 'message': '12-11 08:28:25.928 11030 11067 D CCodec  :   int32_t channel-mask = 3'}
{'timestamp': 1702276322372, 'level': 'ALL', 'message': '12-11 08:28:25.928 11030 11067 D CCodec  : }'}
{'timestamp': 1702276322372, 'level': 'ALL', 'message': '12-11 08:28:25.929 11030 11065 D CCodecConfig: read media type: audio/vorbis'}
{'timestamp': 1702276322372, 'level': 'ALL', 'message': '12-11 08:28:25.930 11030 11067 W Codec2Client: query -- param skipped: index = 1342179345.'}
{'timestamp': 1702276322372, 'level': 'ALL', 'message': '12-11 08:28:25.930 11030 11067 W Codec2Client: query -- param skipped: index = 2415921170.'}
{'timestamp': 1702276322372, 'level': 'ALL', 'message': '12-11 08:28:25.932 11030 11030 D NavigationModeController: getCurrentInteractionMode: mode=0 contextUser=0'}
{'timestamp': 1702276322372, 'level': 'ALL', 'message': '12-11 08:28:25.933 11030 11067 E FMQ     : grantorIdx must be less than 3'}
{'timestamp': 1702276322372, 'level': 'ALL', 'message': '12-11 08:28:25.934 11030 11067 E FMQ     : grantorIdx must be less than 3'}
{'timestamp': 1702276322372, 'level': 'ALL', 'message': '12-11 08:28:25.934 11030 11067 D CCodecBufferChannel: [c2.android.vorbis.decoder#443] Created input block pool with allocatorID 16 => poolID 17 - OK (0)'}
{'timestamp': 1702276322372, 'level': 'ALL', 'message': '12-11 08:28:25.935   456   981 E FMQ     : grantorIdx must be less than 3'}
{'timestamp': 1702276322372, 'level': 'ALL', 'message': '12-11 08:28:25.935   456   981 E FMQ     : grantorIdx must be less than 3'}
{'timestamp': 1702276322372, 'level': 'ALL', 'message': '12-11 08:28:25.938 11030 11067 I CCodecBufferChannel: [c2.android.vorbis.decoder#443] Created output block pool with allocatorID 16 => poolID 127 - OK'}
{'timestamp': 1702276322372, 'level': 'ALL', 'message': '12-11 08:28:25.940 11030 11067 D CCodecBufferChannel: [c2.android.vorbis.decoder#443] Configured output block pool ids 127 => OK'}
{'timestamp': 1702276322372, 'level': 'ALL', 'message': '12-11 08:28:25.941 11030 11067 E ion     : ioctl c0044901 failed with code -1: Inappropriate ioctl for device'}
{'timestamp': 1702276322372, 'level': 'ALL', 'message': '12-11 08:28:25.944 11030 11067 E FMQ     : grantorIdx must be less than 3'}
{'timestamp': 1702276322372, 'level': 'ALL', 'message': '12-11 08:28:25.949   456 11073 D SimpleC2Component: Using output block pool with poolID 127 => got 127 - 0'}
{'timestamp': 1702276322372, 'level': 'ALL', 'message': '12-11 08:28:25.951   456   935 E FMQ     : grantorIdx must be less than 3'}
{'timestamp': 1702276322372, 'level': 'ALL', 'message': '12-11 08:28:25.958 11030 11065 D ReflectedParamUpdater: extent() != 1 for single value type: algo.buffers.max-count.values'}
{'timestamp': 1702276322372, 'level': 'ALL', 'message': '12-11 08:28:25.960 11030 11065 D ReflectedParamUpdater: extent() != 1 for single value type: output.subscribed-indices.values'}
{'timestamp': 1702276322372, 'level': 'ALL', 'message': '12-11 08:28:25.961 11030 11065 D ReflectedParamUpdater: extent() != 1 for single value type: input.buffers.allocator-ids.values'}
{'timestamp': 1702276322372, 'level': 'ALL', 'message': '12-11 08:28:25.962 11030 11065 D ReflectedParamUpdater: extent() != 1 for single value type: output.buffers.allocator-ids.values'}
{'timestamp': 1702276322372, 'level': 'ALL', 'message': '12-11 08:28:25.962 11030 11030 I vol.Events: writeEvent collection_started'}
{'timestamp': 1702276322372, 'level': 'ALL', 'message': '12-11 08:28:25.963 11030 11065 D ReflectedParamUpdater: extent() != 1 for single value type: algo.buffers.allocator-ids.values'}
{'timestamp': 1702276322372, 'level': 'ALL', 'message': '12-11 08:28:25.964 11030 11065 D ReflectedParamUpdater: extent() != 1 for single value type: output.buffers.pool-ids.values'}
{'timestamp': 1702276322372, 'level': 'ALL', 'message': '12-11 08:28:25.965 11030 11065 D ReflectedParamUpdater: extent() != 1 for single value type: algo.buffers.pool-ids.values'}
{'timestamp': 1702276322372, 'level': 'ALL', 'message': '12-11 08:28:25.967 31703  3386 W android.hardware.audio.service.ranchu: TinyalsaSink::write:125 pcm_write was late reading frames, dropping 22131 us of audio'}
{'timestamp': 1702276322372, 'level': 'ALL', 'message': '12-11 08:28:25.981   381   381 I android.hardware.vibrator-service.example: Vibrator reporting capabilities'}
{'timestamp': 1702276322372, 'level': 'ALL', 'message': '12-11 08:28:25.983 11030 11065 I CCodecConfig: query failed after returning 7 values (BAD_INDEX)'}
{'timestamp': 1702276322372, 'level': 'ALL', 'message': '12-11 08:28:25.984 11030 11065 D CCodecConfig: c2 config diff is Dict {'}
{'timestamp': 1702276322372, 'level': 'ALL', 'message': '12-11 08:28:25.984 11030 11065 D CCodecConfig:   c2::u32 coded.bitrate.value = 64000'}
{'timestamp': 1702276322372, 'level': 'ALL', 'message': '12-11 08:28:25.984 11030 11065 D CCodecConfig:   c2::u32 input.buffers.max-size.value = 32768'}
{'timestamp': 1702276322372, 'level': 'ALL', 'message': '12-11 08:28:25.984 11030 11065 D CCodecConfig:   c2::u32 input.delay.value = 0'}
{'timestamp': 1702276322372, 'level': 'ALL', 'message': '12-11 08:28:25.984 11030 11065 D CCodecConfig:   string input.media-type.value = "audio/vorbis"'}
{'timestamp': 1702276322372, 'level': 'ALL', 'message': '12-11 08:28:25.984 11030 11065 D CCodecConfig:   string output.media-type.value = "audio/raw"'}
{'timestamp': 1702276322372, 'level': 'ALL', 'message': '12-11 08:28:25.984 11030 11065 D CCodecConfig:   c2::u32 raw.channel-count.value = 1'}
{'timestamp': 1702276322372, 'level': 'ALL', 'message': '12-11 08:28:25.984 11030 11065 D CCodecConfig:   c2::u32 raw.sample-rate.value = 48000'}
{'timestamp': 1702276322372, 'level': 'ALL', 'message': '12-11 08:28:25.984 11030 11065 D CCodecConfig: }'}
{'timestamp': 1702276322372, 'level': 'ALL', 'message': '12-11 08:28:25.988 11030 11065 D CCodec  : [c2.android.vorbis.decoder] buffers are bound to CCodec for this session'}
{'timestamp': 1702276322372, 'level': 'ALL', 'message': '12-11 08:28:25.988 11030 11065 D CCodecConfig: no c2 equivalents for durationUs'}
{'timestamp': 1702276322372, 'level': 'ALL', 'message': '12-11 08:28:25.988 11030 11065 D CCodecConfig: no c2 equivalents for track-id'}
{'timestamp': 1702276322372, 'level': 'ALL', 'message': '12-11 08:28:25.989 31703  3386 W android.hardware.audio.service.ranchu: TinyalsaSink::write:125 pcm_write was late reading frames, dropping 22131 us of audio'}
{'timestamp': 1702276322372, 'level': 'ALL', 'message': '12-11 08:28:25.996 11030 11065 D CCodecConfig: no c2 equivalents for csd-1'}
{'timestamp': 1702276322372, 'level': 'ALL', 'message': '12-11 08:28:25.996 11030 11065 D CCodecConfig: no c2 equivalents for channel-mask'}
{'timestamp': 1702276322372, 'level': 'ALL', 'message': '12-11 08:28:25.996 11030 11065 D CCodecConfig: no c2 equivalents for flags'}
{'timestamp': 1702276322372, 'level': 'ALL', 'message': '12-11 08:28:25.999 11030 11065 D CCodecConfig: c2 config diff is   c2::u32 raw.channel-count.value = 2'}
{'timestamp': 1702276322372, 'level': 'ALL', 'message': '12-11 08:28:25.999 11030 11065 D CCodecConfig:   c2::u32 raw.sample-rate.value = 44100'}
{'timestamp': 1702276322372, 'level': 'ALL', 'message': '12-11 08:28:26.003 11030 11065 W Codec2Client: query -- param skipped: index = 1107298332.'}
{'timestamp': 1702276322372, 'level': 'ALL', 'message': '12-11 08:28:26.006 31703  3386 W android.hardware.audio.service.ranchu: TinyalsaSink::write:125 pcm_write was late reading frames, dropping 22131 us of audio'}
{'timestamp': 1702276322372, 'level': 'ALL', 'message': '12-11 08:28:26.008   456 11073 E FMQ     : grantorIdx must be less than 3'}
{'timestamp': 1702276322372, 'level': 'ALL', 'message': '12-11 08:28:26.009 11030 11071 E FMQ     : grantorIdx must be less than 3'}
{'timestamp': 1702276322372, 'level': 'ALL', 'message': '12-11 08:28:26.011 11030 11065 D CCodec  : setup formats input: AMessage(what = 0x00000000) = {'}
{'timestamp': 1702276322372, 'level': 'ALL', 'message': '12-11 08:28:26.011 11030 11065 D CCodec  :   int32_t channel-count = 2'}
{'timestamp': 1702276322372, 'level': 'ALL', 'message': '12-11 08:28:26.011 11030 11065 D CCodec  :   int32_t max-input-size = 32768'}
{'timestamp': 1702276322372, 'level': 'ALL', 'message': '12-11 08:28:26.011 11030 11065 D CCodec  :   string mime = "audio/vorbis"'}
{'timestamp': 1702276322372, 'level': 'ALL', 'message': '12-11 08:28:26.011 11030 11065 D CCodec  :   int32_t sample-rate = 44100'}
{'timestamp': 1702276322372, 'level': 'ALL', 'message': '12-11 08:28:26.011 11030 11065 D CCodec  : } and output: AMessage(what = 0x00000000) = {'}
{'timestamp': 1702276322372, 'level': 'ALL', 'message': '12-11 08:28:26.011 11030 11065 D CCodec  :   int32_t channel-count = 2'}
{'timestamp': 1702276322372, 'level': 'ALL', 'message': '12-11 08:28:26.011 11030 11065 D CCodec  :   string mime = "audio/raw"'}
{'timestamp': 1702276322372, 'level': 'ALL', 'message': '12-11 08:28:26.011 11030 11065 D CCodec  :   int32_t sample-rate = 44100'}
{'timestamp': 1702276322372, 'level': 'ALL', 'message': '12-11 08:28:26.011 11030 11065 D CCodec  :   int32_t channel-mask = 3'}
{'timestamp': 1702276322372, 'level': 'ALL', 'message': '12-11 08:28:26.011 11030 11065 D CCodec  : }'}
{'timestamp': 1702276322372, 'level': 'ALL', 'message': '12-11 08:28:26.017 11030 11065 W Codec2Client: query -- param skipped: index = 1342179345.'}
{'timestamp': 1702276322372, 'level': 'ALL', 'message': '12-11 08:28:26.017 11030 11065 W Codec2Client: query -- param skipped: index = 2415921170.'}
{'timestamp': 1702276322372, 'level': 'ALL', 'message': '12-11 08:28:26.018 11030 11065 E FMQ     : grantorIdx must be less than 3'}
{'timestamp': 1702276322372, 'level': 'ALL', 'message': '12-11 08:28:26.038 32473 32473 D TouchInteractionService: Touch service connected'}
{'timestamp': 1702276322372, 'level': 'ALL', 'message': '12-11 08:28:26.044 11030 11065 E FMQ     : grantorIdx must be less than 3'}
{'timestamp': 1702276322372, 'level': 'ALL', 'message': '12-11 08:28:26.050 11030 11065 D CCodecBufferChannel: [c2.android.vorbis.decoder#342] Created input block pool with allocatorID 16 => poolID 18 - OK (0)'}
{'timestamp': 1702276322372, 'level': 'ALL', 'message': '12-11 08:28:26.057   456   933 E FMQ     : grantorIdx must be less than 3'}
{'timestamp': 1702276322372, 'level': 'ALL', 'message': '12-11 08:28:26.057   456   933 E FMQ     : grantorIdx must be less than 3'}
{'timestamp': 1702276322372, 'level': 'ALL', 'message': '12-11 08:28:26.059 11030 11065 I CCodecBufferChannel: [c2.android.vorbis.decoder#342] Created output block pool with allocatorID 16 => poolID 128 - OK'}
{'timestamp': 1702276322372, 'level': 'ALL', 'message': '12-11 08:28:26.060 11030 11065 D CCodecBufferChannel: [c2.android.vorbis.decoder#342] Configured output block pool ids 128 => OK'}
{'timestamp': 1702276322372, 'level': 'ALL', 'message': '12-11 08:28:26.083 31703  3386 W android.hardware.audio.service.ranchu: TinyalsaSink::write:125 pcm_write was late reading frames, dropping 22131 us of audio'}
{'timestamp': 1702276322372, 'level': 'ALL', 'message': '12-11 08:28:26.084   456 11072 D SimpleC2Component: Using output block pool with poolID 128 => got 128 - 0'}
{'timestamp': 1702276322372, 'level': 'ALL', 'message': '12-11 08:28:26.086 11030 11065 E FMQ     : grantorIdx must be less than 3'}
{'timestamp': 1702276322372, 'level': 'ALL', 'message': '12-11 08:28:26.087   456   933 E FMQ     : grantorIdx must be less than 3'}
{'timestamp': 1702276322372, 'level': 'ALL', 'message': '12-11 08:28:26.162   456 11072 E FMQ     : grantorIdx must be less than 3'}
{'timestamp': 1702276322372, 'level': 'ALL', 'message': '12-11 08:28:26.163 11030 11071 E FMQ     : grantorIdx must be less than 3'}
{'timestamp': 1702276322372, 'level': 'ALL', 'message': '12-11 08:28:26.185 11030 11074 E vol.VolumeDialogControl: isCaptionsServiceEnabled failed to check for captions component'}
{'timestamp': 1702276322372, 'level': 'ALL', 'message': '12-11 08:28:26.185 11030 11074 E vol.VolumeDialogControl: java.lang.IllegalArgumentException: Unknown component: ComponentInfo{com.google.android.as/com.google.android.apps.miphone.aiai.captions.CaptionsService}'}
{'timestamp': 1702276322372, 'level': 'ALL', 'message': '12-11 08:28:26.185 11030 11074 E vol.VolumeDialogControl: \tat android.os.Parcel.createExceptionOrNull(Parcel.java:2377)'}
{'timestamp': 1702276322372, 'level': 'ALL', 'message': '12-11 08:28:26.185 11030 11074 E vol.VolumeDialogControl: \tat android.os.Parcel.createException(Parcel.java:2357)'}
{'timestamp': 1702276322372, 'level': 'ALL', 'message': '12-11 08:28:26.185 11030 11074 E vol.VolumeDialogControl: \tat android.os.Parcel.readException(Parcel.java:2340)'}
{'timestamp': 1702276322372, 'level': 'ALL', 'message': '12-11 08:28:26.185 11030 11074 E vol.VolumeDialogControl: \tat android.os.Parcel.readException(Parcel.java:2282)'}
{'timestamp': 1702276322372, 'level': 'ALL', 'message': '12-11 08:28:26.185 11030 11074 E vol.VolumeDialogControl: \tat android.content.pm.IPackageManager$Stub$Proxy.getComponentEnabledSetting(IPackageManager.java:6804)'}
{'timestamp': 1702276322372, 'level': 'ALL', 'message': '12-11 08:28:26.185 11030 11074 E vol.VolumeDialogControl: \tat android.app.ApplicationPackageManager.getComponentEnabledSetting(ApplicationPackageManager.java:2723)'}
{'timestamp': 1702276322372, 'level': 'ALL', 'message': '12-11 08:28:26.185 11030 11074 E vol.VolumeDialogControl: \tat com.android.systemui.volume.VolumeDialogControllerImpl.onGetCaptionsComponentStateW(VolumeDialogControllerImpl.java:441)'}
{'timestamp': 1702276322372, 'level': 'ALL', 'message': '12-11 08:28:26.185 11030 11074 E vol.VolumeDialogControl: \tat com.android.systemui.volume.VolumeDialogControllerImpl.access$2000(VolumeDialogControllerImpl.java:92)'}
{'timestamp': 1702276322372, 'level': 'ALL', 'message': '12-11 08:28:26.185 11030 11074 E vol.VolumeDialogControl: \tat com.android.systemui.volume.VolumeDialogControllerImpl$W.handleMessage(VolumeDialogControllerImpl.java:825)'}
{'timestamp': 1702276322372, 'level': 'ALL', 'message': '12-11 08:28:26.185 11030 11074 E vol.VolumeDialogControl: \tat android.os.Handler.dispatchMessage(Handler.java:106)'}
{'timestamp': 1702276322372, 'level': 'ALL', 'message': '12-11 08:28:26.185 11030 11074 E vol.VolumeDialogControl: \tat android.os.Looper.loop(Looper.java:223)'}
{'timestamp': 1702276322372, 'level': 'ALL', 'message': '12-11 08:28:26.185 11030 11074 E vol.VolumeDialogControl: \tat android.os.HandlerThread.run(HandlerThread.java:67)'}
{'timestamp': 1702276322372, 'level': 'ALL', 'message': '12-11 08:28:26.185 11030 11074 E vol.VolumeDialogControl: Caused by: android.os.RemoteException: Remote stack trace:'}
{'timestamp': 1702276322372, 'level': 'ALL', 'message': '12-11 08:28:26.185 11030 11074 E vol.VolumeDialogControl: \tat com.android.server.pm.PackageManagerService.getComponentEnabledSetting(PackageManagerService.java:21394)'}
{'timestamp': 1702276322372, 'level': 'ALL', 'message': '12-11 08:28:26.185 11030 11074 E vol.VolumeDialogControl: \tat android.content.pm.IPackageManager$Stub.onTransact(IPackageManager.java:3216)'}
{'timestamp': 1702276322372, 'level': 'ALL', 'message': '12-11 08:28:26.185 11030 11074 E vol.VolumeDialogControl: \tat com.android.server.pm.PackageManagerService.onTransact(PackageManagerService.java:4302)'}
{'timestamp': 1702276322372, 'level': 'ALL', 'message': '12-11 08:28:26.185 11030 11074 E vol.VolumeDialogControl: \tat android.os.Binder.execTransactInternal(Binder.java:1159)'}
{'timestamp': 1702276322372, 'level': 'ALL', 'message': '12-11 08:28:26.185 11030 11074 E vol.VolumeDialogControl: \tat android.os.Binder.execTransact(Binder.java:1123)'}
{'timestamp': 1702276322372, 'level': 'ALL', 'message': '12-11 08:28:26.185 11030 11074 E vol.VolumeDialogControl:'}
{'timestamp': 1702276322372, 'level': 'ALL', 'message': '12-11 08:28:26.192 31703  3386 W android.hardware.audio.service.ranchu: TinyalsaSink::write:125 pcm_write was late reading frames, dropping 22131 us of audio'}
{'timestamp': 1702276322372, 'level': 'ALL', 'message': '12-11 08:28:26.195 11030 11074 I vol.Events: writeEvent level_changed STREAM_VOICE_CALL 3'}
{'timestamp': 1702276322372, 'level': 'ALL', 'message': '12-11 08:28:26.211 31703  3386 W android.hardware.audio.service.ranchu: TinyalsaSink::write:125 pcm_write was late reading frames, dropping 22131 us of audio'}
{'timestamp': 1702276322372, 'level': 'ALL', 'message': '12-11 08:28:26.228 11030 11074 I vol.Events: writeEvent level_changed STREAM_SYSTEM 5'}
{'timestamp': 1702276322372, 'level': 'ALL', 'message': '12-11 08:28:26.243 11030 11074 I vol.Events: writeEvent level_changed STREAM_RING 5'}
{'timestamp': 1702276322372, 'level': 'ALL', 'message': '12-11 08:28:26.245 11030 11074 I vol.Events: writeEvent level_changed STREAM_MUSIC 5'}
{'timestamp': 1702276322372, 'level': 'ALL', 'message': '12-11 08:28:26.256 31703  3386 W android.hardware.audio.service.ranchu: TinyalsaSink::write:125 pcm_write was late reading frames, dropping 22131 us of audio'}
{'timestamp': 1702276322372, 'level': 'ALL', 'message': '12-11 08:28:26.274 11030 11074 I vol.Events: writeEvent level_changed STREAM_ALARM 6'}
{'timestamp': 1702276322372, 'level': 'ALL', 'message': '12-11 08:28:26.298 31703  3386 W android.hardware.audio.service.ranchu: TinyalsaSink::write:125 pcm_write was late reading frames, dropping 22131 us of audio'}
{'timestamp': 1702276322372, 'level': 'ALL', 'message': '12-11 08:28:26.310 11030 11074 I vol.Events: writeEvent level_changed STREAM_BLUETOOTH_SCO 7'}
{'timestamp': 1702276322372, 'level': 'ALL', 'message': '12-11 08:28:26.316 31703  3386 W android.hardware.audio.service.ranchu: TinyalsaSink::write:125 pcm_write was late reading frames, dropping 22131 us of audio'}
{'timestamp': 1702276322372, 'level': 'ALL', 'message': '12-11 08:28:26.319 11030 11067 D CCodecBufferChannel: [c2.android.vorbis.decoder#443] MediaCodec discarded an unknown buffer'}
{'timestamp': 1702276322372, 'level': 'ALL', 'message': '12-11 08:28:26.319 11030 11067 I chatty  : uid=10144(com.android.systemui) identical 1 line'}
{'timestamp': 1702276322372, 'level': 'ALL', 'message': '12-11 08:28:26.328 11030 11067 D CCodecBufferChannel: [c2.android.vorbis.decoder#443] MediaCodec discarded an unknown buffer'}
{'timestamp': 1702276322372, 'level': 'ALL', 'message': '12-11 08:28:26.334 11030 11067 I hw-BpHwBinder: onLastStrongRef automatically unlinking death recipients'}
{'timestamp': 1702276322372, 'level': 'ALL', 'message': '12-11 08:28:26.358 11030 11074 I vol.Events: writeEvent external_ringer_mode_changed unknown'}
{'timestamp': 1702276322372, 'level': 'ALL', 'message': '12-11 08:28:26.360 11030 11074 I vol.Events: writeEvent zen_mode_config_changed [disallowAlarms=false disallowMedia=false disallowSystem=true disallowRinger=false]'}
{'timestamp': 1702276322372, 'level': 'ALL', 'message': '12-11 08:28:26.382 31703  3386 W android.hardware.audio.service.ranchu: TinyalsaSink::write:125 pcm_write was late reading frames, dropping 22131 us of audio'}
{'timestamp': 1702276322372, 'level': 'ALL', 'message': '12-11 08:28:26.399 31703  3386 W android.hardware.audio.service.ranchu: TinyalsaSink::write:125 pcm_write was late reading frames, dropping 22131 us of audio'}
{'timestamp': 1702276322372, 'level': 'ALL', 'message': '12-11 08:28:26.412 11030 11080 D CCodec  : allocate(c2.android.vorbis.decoder)'}
{'timestamp': 1702276322372, 'level': 'ALL', 'message': '12-11 08:28:26.418 11030 11030 D NavigationModeController: getCurrentInteractionMode: mode=0 contextUser=0'}
{'timestamp': 1702276322372, 'level': 'ALL', 'message': '12-11 08:28:26.420 11030 11080 I CCodec  : Created component [c2.android.vorbis.decoder]'}
{'timestamp': 1702276322372, 'level': 'ALL', 'message': '12-11 08:28:26.422 11030 11080 D CCodecConfig: read media type: audio/vorbis'}
{'timestamp': 1702276322372, 'level': 'ALL', 'message': '12-11 08:28:26.440 11030 11080 D ReflectedParamUpdater: extent() != 1 for single value type: algo.buffers.max-count.values'}
{'timestamp': 1702276322372, 'level': 'ALL', 'message': '12-11 08:28:26.444 11030 11080 D ReflectedParamUpdater: extent() != 1 for single value type: output.subscribed-indices.values'}
{'timestamp': 1702276322372, 'level': 'ALL', 'message': '12-11 08:28:26.446 11030 11080 D ReflectedParamUpdater: extent() != 1 for single value type: input.buffers.allocator-ids.values'}
{'timestamp': 1702276322372, 'level': 'ALL', 'message': '12-11 08:28:26.448 11030 11080 D ReflectedParamUpdater: extent() != 1 for single value type: output.buffers.allocator-ids.values'}
{'timestamp': 1702276322372, 'level': 'ALL', 'message': '12-11 08:28:26.456 31703  3386 W android.hardware.audio.service.ranchu: TinyalsaSink::write:125 pcm_write was late reading frames, dropping 22131 us of audio'}
{'timestamp': 1702276322372, 'level': 'ALL', 'message': '12-11 08:28:26.458 11030 11080 D ReflectedParamUpdater: extent() != 1 for single value type: algo.buffers.allocator-ids.values'}
{'timestamp': 1702276322372, 'level': 'ALL', 'message': '12-11 08:28:26.459 11030 11080 D ReflectedParamUpdater: extent() != 1 for single value type: output.buffers.pool-ids.values'}
{'timestamp': 1702276322372, 'level': 'ALL', 'message': '12-11 08:28:26.460 11030 11080 D ReflectedParamUpdater: extent() != 1 for single value type: algo.buffers.pool-ids.values'}
{'timestamp': 1702276322372, 'level': 'ALL', 'message': '12-11 08:28:26.469 11030 11080 I CCodecConfig: query failed after returning 7 values (BAD_INDEX)'}
{'timestamp': 1702276322372, 'level': 'ALL', 'message': '12-11 08:28:26.470 11030 11080 D CCodecConfig: c2 config diff is Dict {'}
{'timestamp': 1702276322372, 'level': 'ALL', 'message': '12-11 08:28:26.470 11030 11080 D CCodecConfig:   c2::u32 coded.bitrate.value = 64000'}
{'timestamp': 1702276322372, 'level': 'ALL', 'message': '12-11 08:28:26.470 11030 11080 D CCodecConfig:   c2::u32 input.buffers.max-size.value = 32768'}
{'timestamp': 1702276322372, 'level': 'ALL', 'message': '12-11 08:28:26.470 11030 11080 D CCodecConfig:   c2::u32 input.delay.value = 0'}
{'timestamp': 1702276322372, 'level': 'ALL', 'message': '12-11 08:28:26.470 11030 11080 D CCodecConfig:   string input.media-type.value = "audio/vorbis"'}
{'timestamp': 1702276322372, 'level': 'ALL', 'message': '12-11 08:28:26.470 11030 11080 D CCodecConfig:   string output.media-type.value = "audio/raw"'}
{'timestamp': 1702276322372, 'level': 'ALL', 'message': '12-11 08:28:26.470 11030 11080 D CCodecConfig:   c2::u32 raw.channel-count.value = 1'}
{'timestamp': 1702276322372, 'level': 'ALL', 'message': '12-11 08:28:26.470 11030 11080 D CCodecConfig:   c2::u32 raw.sample-rate.value = 48000'}
{'timestamp': 1702276322372, 'level': 'ALL', 'message': '12-11 08:28:26.470 11030 11080 D CCodecConfig: }'}
{'timestamp': 1702276322372, 'level': 'ALL', 'message': '12-11 08:28:26.474 11030 11080 D CCodec  : [c2.android.vorbis.decoder] buffers are bound to CCodec for this session'}
{'timestamp': 1702276322372, 'level': 'ALL', 'message': '12-11 08:28:26.474 11030 11080 D CCodecConfig: no c2 equivalents for durationUs'}
{'timestamp': 1702276322372, 'level': 'ALL', 'message': '12-11 08:28:26.474 11030 11080 D CCodecConfig: no c2 equivalents for track-id'}
{'timestamp': 1702276322372, 'level': 'ALL', 'message': '12-11 08:28:26.474 11030 11080 D CCodecConfig: no c2 equivalents for csd-1'}
{'timestamp': 1702276322372, 'level': 'ALL', 'message': '12-11 08:28:26.474 11030 11080 D CCodecConfig: no c2 equivalents for channel-mask'}
{'timestamp': 1702276322372, 'level': 'ALL', 'message': '12-11 08:28:26.474 11030 11080 D CCodecConfig: no c2 equivalents for flags'}
{'timestamp': 1702276322372, 'level': 'ALL', 'message': '12-11 08:28:26.477 11030 11080 D CCodecConfig: c2 config diff is   c2::u32 raw.channel-count.value = 2'}
{'timestamp': 1702276322372, 'level': 'ALL', 'message': '12-11 08:28:26.480 11030 11080 W Codec2Client: query -- param skipped: index = 1107298332.'}
{'timestamp': 1702276322372, 'level': 'ALL', 'message': '12-11 08:28:26.480 11030 11080 D CCodec  : setup formats input: AMessage(what = 0x00000000) = {'}
{'timestamp': 1702276322372, 'level': 'ALL', 'message': '12-11 08:28:26.480 11030 11080 D CCodec  :   int32_t channel-count = 2'}
{'timestamp': 1702276322372, 'level': 'ALL', 'message': '12-11 08:28:26.480 11030 11080 D CCodec  :   int32_t max-input-size = 32768'}
{'timestamp': 1702276322372, 'level': 'ALL', 'message': '12-11 08:28:26.480 11030 11080 D CCodec  :   string mime = "audio/vorbis"'}
{'timestamp': 1702276322372, 'level': 'ALL', 'message': '12-11 08:28:26.480 11030 11080 D CCodec  :   int32_t sample-rate = 48000'}
{'timestamp': 1702276322372, 'level': 'ALL', 'message': '12-11 08:28:26.480 11030 11080 D CCodec  : } and output: AMessage(what = 0x00000000) = {'}
{'timestamp': 1702276322372, 'level': 'ALL', 'message': '12-11 08:28:26.480 11030 11080 D CCodec  :   int32_t channel-count = 2'}
{'timestamp': 1702276322372, 'level': 'ALL', 'message': '12-11 08:28:26.480 11030 11080 D CCodec  :   string mime = "audio/raw"'}
{'timestamp': 1702276322372, 'level': 'ALL', 'message': '12-11 08:28:26.480 11030 11080 D CCodec  :   int32_t sample-rate = 48000'}
{'timestamp': 1702276322372, 'level': 'ALL', 'message': '12-11 08:28:26.480 11030 11080 D CCodec  :   int32_t channel-mask = 3'}
{'timestamp': 1702276322372, 'level': 'ALL', 'message': '12-11 08:28:26.480 11030 11080 D CCodec  : }'}
{'timestamp': 1702276322372, 'level': 'ALL', 'message': '12-11 08:28:26.484 11030 11080 W Codec2Client: query -- param skipped: index = 1342179345.'}
{'timestamp': 1702276322372, 'level': 'ALL', 'message': '12-11 08:28:26.484 11030 11080 W Codec2Client: query -- param skipped: index = 2415921170.'}
{'timestamp': 1702276322372, 'level': 'ALL', 'message': '12-11 08:28:26.485 31703  3386 W android.hardware.audio.service.ranchu: TinyalsaSink::write:125 pcm_write was late reading frames, dropping 22131 us of audio'}
{'timestamp': 1702276322372, 'level': 'ALL', 'message': '12-11 08:28:26.491 11030 11080 E FMQ     : grantorIdx must be less than 3'}
{'timestamp': 1702276322372, 'level': 'ALL', 'message': '12-11 08:28:26.494 11030 11065 D CCodecBufferChannel: [c2.android.vorbis.decoder#342] MediaCodec discarded an unknown buffer'}
{'timestamp': 1702276322372, 'level': 'ALL', 'message': '12-11 08:28:26.495 11030 11080 E FMQ     : grantorIdx must be less than 3'}
{'timestamp': 1702276322372, 'level': 'ALL', 'message': '12-11 08:28:26.497 11030 11065 D CCodecBufferChannel: [c2.android.vorbis.decoder#342] MediaCodec discarded an unknown buffer'}
{'timestamp': 1702276322372, 'level': 'ALL', 'message': '12-11 08:28:26.498 11030 11065 D CCodecBufferChannel: [c2.android.vorbis.decoder#342] MediaCodec discarded an unknown buffer'}
{'timestamp': 1702276322372, 'level': 'ALL', 'message': '12-11 08:28:26.499 11030 11080 D CCodecBufferChannel: [c2.android.vorbis.decoder#36] Created input block pool with allocatorID 16 => poolID 19 - OK (0)'}
{'timestamp': 1702276322372, 'level': 'ALL', 'message': '12-11 08:28:26.504   456   933 E FMQ     : grantorIdx must be less than 3'}
{'timestamp': 1702276322372, 'level': 'ALL', 'message': '12-11 08:28:26.504   456   933 E FMQ     : grantorIdx must be less than 3'}
{'timestamp': 1702276322372, 'level': 'ALL', 'message': '12-11 08:28:26.505 11030 11080 I CCodecBufferChannel: [c2.android.vorbis.decoder#36] Created output block pool with allocatorID 16 => poolID 129 - OK'}
{'timestamp': 1702276322372, 'level': 'ALL', 'message': '12-11 08:28:26.506 11030 11080 D CCodecBufferChannel: [c2.android.vorbis.decoder#36] Configured output block pool ids 129 => OK'}
{'timestamp': 1702276322372, 'level': 'ALL', 'message': '12-11 08:28:26.516   456 11081 D SimpleC2Component: Using output block pool with poolID 129 => got 129 - 0'}
{'timestamp': 1702276322372, 'level': 'ALL', 'message': '12-11 08:28:26.520 11030 11065 I hw-BpHwBinder: onLastStrongRef automatically unlinking death recipients'}
{'timestamp': 1702276322372, 'level': 'ALL', 'message': '12-11 08:28:26.523 11030 11080 E FMQ     : grantorIdx must be less than 3'}
{'timestamp': 1702276322372, 'level': 'ALL', 'message': '12-11 08:28:26.526   456   456 E FMQ     : grantorIdx must be less than 3'}
{'timestamp': 1702276322372, 'level': 'ALL', 'message': '12-11 08:28:26.539 11030 11030 I TetheringManager: registerTetheringEventCallback:com.android.systemui'}
{'timestamp': 1702276322372, 'level': 'ALL', 'message': '12-11 08:28:26.541 31703  3386 W android.hardware.audio.service.ranchu: TinyalsaSink::write:125 pcm_write was late reading frames, dropping 22131 us of audio'}
{'timestamp': 1702276322372, 'level': 'ALL', 'message': '12-11 08:28:26.569   456 11081 E FMQ     : grantorIdx must be less than 3'}
{'timestamp': 1702276322372, 'level': 'ALL', 'message': '12-11 08:28:26.572 11030 11071 E FMQ     : grantorIdx must be less than 3'}
{'timestamp': 1702276322372, 'level': 'ALL', 'message': '12-11 08:28:26.582 31703  3386 W android.hardware.audio.service.ranchu: TinyalsaSink::write:125 pcm_write was late reading frames, dropping 22131 us of audio'}
{'timestamp': 1702276322372, 'level': 'ALL', 'message': '12-11 08:28:26.638 31652 31995 D ConnectivityService: NetReassign [no changes]'}
{'timestamp': 1702276322372, 'level': 'ALL', 'message': '12-11 08:28:26.639 31652  1225 D ConnectivityService: requestNetwork for uid/pid:10144/11030 NetworkRequest [ TRACK_DEFAULT id=102, [ Capabilities: INTERNET&NOT_RESTRICTED&TRUSTED Uid: 10144 AdministratorUids: [] RequestorUid: 10144 RequestorPackageName: com.android.systemui] ]'}
{'timestamp': 1702276322372, 'level': 'ALL', 'message': '12-11 08:28:26.625 31703  3386 W android.hardware.audio.service.ranchu: TinyalsaSink::write:125 pcm_write was late reading frames, dropping 22131 us of audio'}
{'timestamp': 1702276322372, 'level': 'ALL', 'message': '12-11 08:28:26.640 11030 11080 D CCodecBufferChannel: [c2.android.vorbis.decoder#36] MediaCodec discarded an unknown buffer'}
{'timestamp': 1702276322373, 'level': 'ALL', 'message': '12-11 08:28:26.640 11030 11080 I chatty  : uid=10144(com.android.systemui) identical 1 line'}
{'timestamp': 1702276322373, 'level': 'ALL', 'message': '12-11 08:28:26.640 11030 11080 D CCodecBufferChannel: [c2.android.vorbis.decoder#36] MediaCodec discarded an unknown buffer'}
{'timestamp': 1702276322373, 'level': 'ALL', 'message': '12-11 08:28:26.643 11030 11030 V WifiManager: registerTrafficStateCallback: callback=com.android.systemui.statusbar.policy.WifiSignalController$WifiTrafficStateCallback@f4f246, executor=android.os.HandlerExecutor@bc82721'}
{'timestamp': 1702276322373, 'level': 'ALL', 'message': '12-11 08:28:26.650 31652 31995 D ConnectivityService: NetReassign [102 : null → 100]'}
{'timestamp': 1702276322373, 'level': 'ALL', 'message': '12-11 08:28:26.651 11030 11080 I hw-BpHwBinder: onLastStrongRef automatically unlinking death recipients'}
{'timestamp': 1702276322373, 'level': 'ALL', 'message': '12-11 08:28:26.651   456   981 I hw-BpHwBinder: onLastStrongRef automatically unlinking death recipients'}
{'timestamp': 1702276322373, 'level': 'ALL', 'message': '12-11 08:28:26.652   456   981 V C2Store : in ~ComponentModule'}
{'timestamp': 1702276322373, 'level': 'ALL', 'message': '12-11 08:28:26.652   456   981 V C2Store : unloading dll'}
{'timestamp': 1702276322373, 'level': 'ALL', 'message': '12-11 08:28:26.652 32351 32351 D PhoneSwitcherNetworkRequstListener: got request NetworkRequest [ TRACK_DEFAULT id=102, [ Capabilities: INTERNET&NOT_RESTRICTED&TRUSTED Uid: 10144 AdministratorUids: [] RequestorUid: 10144 RequestorPackageName: com.android.systemui] ] with score 50 and providerId 2'}
{'timestamp': 1702276322373, 'level': 'ALL', 'message': '12-11 08:28:26.657 31703  3386 W android.hardware.audio.service.ranchu: TinyalsaSink::write:125 pcm_write was late reading frames, dropping 22131 us of audio'}
{'timestamp': 1702276322373, 'level': 'ALL', 'message': '12-11 08:28:26.675 32351 32351 D Telephony: isEmergencyPreferredAccount: subId=1, activeData=1'}
{'timestamp': 1702276322373, 'level': 'ALL', 'message': '12-11 08:28:26.675 32351 32351 D Telephony: isEmergencyPreferredAccount: Device does not require preference.'}
{'timestamp': 1702276322373, 'level': 'ALL', 'message': '12-11 08:28:26.675 31652   826 D ConnectivityService: requestNetwork for uid/pid:10144/11030 NetworkRequest [ TRACK_DEFAULT id=103, [ Capabilities: INTERNET&NOT_RESTRICTED&TRUSTED Uid: 10144 AdministratorUids: [] RequestorUid: 10144 RequestorPackageName: com.android.systemui] ]'}
{'timestamp': 1702276322373, 'level': 'ALL', 'message': '12-11 08:28:26.678 31652 31995 D ConnectivityService: NetReassign [103 : null → 100]'}
{'timestamp': 1702276322373, 'level': 'ALL', 'message': '12-11 08:28:26.682 11030 11079 D TelephonyRegistryManager: onSubscriptionsChangedListener callback received.'}
{'timestamp': 1702276322373, 'level': 'ALL', 'message': '12-11 08:28:26.691 32351 32351 D PhoneSwitcherNetworkRequstListener: got request NetworkRequest [ TRACK_DEFAULT id=103, [ Capabilities: INTERNET&NOT_RESTRICTED&TRUSTED Uid: 10144 AdministratorUids: [] RequestorUid: 10144 RequestorPackageName: com.android.systemui] ] with score 50 and providerId 2'}
{'timestamp': 1702276322373, 'level': 'ALL', 'message': '12-11 08:28:26.699 31703  3386 W android.hardware.audio.service.ranchu: TinyalsaSink::write:125 pcm_write was late reading frames, dropping 22131 us of audio'}
{'timestamp': 1702276322373, 'level': 'ALL', 'message': '12-11 08:28:26.718 32351 32351 D Telephony: isEmergencyPreferredAccount: subId=1, activeData=1'}
{'timestamp': 1702276322373, 'level': 'ALL', 'message': '12-11 08:28:26.718 32351 32351 D Telephony: isEmergencyPreferredAccount: Device does not require preference.'}
{'timestamp': 1702276322373, 'level': 'ALL', 'message': '12-11 08:28:26.718 11030 11030 D NavigationModeController: getCurrentInteractionMode: mode=0 contextUser=0'}
{'timestamp': 1702276322373, 'level': 'ALL', 'message': '12-11 08:28:26.730 31703  3386 W android.hardware.audio.service.ranchu: TinyalsaSink::write:125 pcm_write was late reading frames, dropping 22131 us of audio'}
{'timestamp': 1702276322373, 'level': 'ALL', 'message': '12-11 08:28:26.739 11030 11030 I TetheringManager: registerTetheringEventCallback caller:com.android.systemui'}
{'timestamp': 1702276322373, 'level': 'ALL', 'message': '12-11 08:28:26.751 11030 11030 D LocalBluetoothProfileManager: LocalBluetoothProfileManager construction complete'}
{'timestamp': 1702276322373, 'level': 'ALL', 'message': '12-11 08:28:26.753 11030 11030 D LocalBluetoothProfileManager: Adding local A2DP profile'}
{'timestamp': 1702276322373, 'level': 'ALL', 'message': '12-11 08:28:26.757 11030 11030 D BluetoothA2dp: Binding service...'}
{'timestamp': 1702276322373, 'level': 'ALL', 'message': '12-11 08:28:26.763 11030 11030 D LocalBluetoothProfileManager: Adding local HEADSET profile'}
{'timestamp': 1702276322373, 'level': 'ALL', 'message': '12-11 08:28:26.769 11030 11030 D LocalBluetoothProfileManager: Adding local MAP profile'}
{'timestamp': 1702276322373, 'level': 'ALL', 'message': '12-11 08:28:26.769 11030 11030 D BluetoothMap: Create BluetoothMap proxy object'}
{'timestamp': 1702276322373, 'level': 'ALL', 'message': '12-11 08:28:26.771 11030 11030 D BluetoothMap: Binding service...'}
{'timestamp': 1702276322373, 'level': 'ALL', 'message': '12-11 08:28:26.775 11030 11030 D LocalBluetoothProfileManager: Adding local OPP profile'}
{'timestamp': 1702276322373, 'level': 'ALL', 'message': '12-11 08:28:26.775 11030 11030 D LocalBluetoothProfileManager: Adding local HID_HOST profile'}
{'timestamp': 1702276322373, 'level': 'ALL', 'message': '12-11 08:28:26.779 11030 11030 D BluetoothHidHost: Binding service...'}
{'timestamp': 1702276322373, 'level': 'ALL', 'message': '12-11 08:28:26.784 31703  3386 W android.hardware.audio.service.ranchu: TinyalsaSink::write:125 pcm_write was late reading frames, dropping 22131 us of audio'}
{'timestamp': 1702276322373, 'level': 'ALL', 'message': '12-11 08:28:26.784 11030 11030 D LocalBluetoothProfileManager: Adding local HID_DEVICE profile'}
{'timestamp': 1702276322373, 'level': 'ALL', 'message': '12-11 08:28:26.786 11030 11030 D BluetoothHidDevice: Binding service...'}
{'timestamp': 1702276322373, 'level': 'ALL', 'message': '12-11 08:28:26.792 11030 11030 D LocalBluetoothProfileManager: Adding local PAN profile'}
{'timestamp': 1702276322373, 'level': 'ALL', 'message': '12-11 08:28:26.795 11030 11030 D BluetoothPan: Binding service...'}
{'timestamp': 1702276322373, 'level': 'ALL', 'message': '12-11 08:28:26.799 11030 11030 D LocalBluetoothProfileManager: Adding local PBAP profile'}
{'timestamp': 1702276322373, 'level': 'ALL', 'message': '12-11 08:28:26.814 31652  1225 W ActivityManager: Receiver with filter android.content.IntentFilter@d7b25d6 already registered for pid 11030, callerPackage is com.android.systemui'}
{'timestamp': 1702276322373, 'level': 'ALL', 'message': '12-11 08:28:26.823 32351 32364 I m.android.phon: Background young concurrent copying GC freed 31678(2362KB) AllocSpace objects, 0(0B) LOS objects, 48% free, 2632KB/5093KB, paused 7.188ms total 31.349ms'}
{'timestamp': 1702276322373, 'level': 'ALL', 'message': '12-11 08:28:26.827 31703  3386 W android.hardware.audio.service.ranchu: TinyalsaSink::write:125 pcm_write was late reading frames, dropping 22131 us of audio'}
{'timestamp': 1702276322373, 'level': 'ALL', 'message': '12-11 08:28:26.841 11030 11030 D StatusBar: disable<e i a s b h r c s > disable2<q i n >'}
{'timestamp': 1702276322373, 'level': 'ALL', 'message': '12-11 08:28:26.843 31652   826 I StatusBarManagerService: registerStatusBar bar=com.android.internal.statusbar.IStatusBar$Stub$Proxy@eaaa3b0'}
{'timestamp': 1702276322373, 'level': 'ALL', 'message': '12-11 08:28:26.844 31703  3386 W android.hardware.audio.service.ranchu: TinyalsaSink::write:125 pcm_write was late reading frames, dropping 22131 us of audio'}
{'timestamp': 1702276322373, 'level': 'ALL', 'message': '12-11 08:28:26.870 11030 11049 D BluetoothHeadset: Proxy object connected'}
{'timestamp': 1702276322373, 'level': 'ALL', 'message': '12-11 08:28:26.877 31703  3386 W android.hardware.audio.service.ranchu: TinyalsaSink::write:125 pcm_write was late reading frames, dropping 22131 us of audio'}
{'timestamp': 1702276322373, 'level': 'ALL', 'message': '12-11 08:28:26.935 31703  3386 W android.hardware.audio.service.ranchu: TinyalsaSink::write:125 pcm_write was late reading frames, dropping 22131 us of audio'}
{'timestamp': 1702276322373, 'level': 'ALL', 'message': '12-11 08:28:26.946 11030 11030 I CameraManagerGlobal: Connecting to camera service'}
{'timestamp': 1702276322374, 'level': 'ALL', 'message': '12-11 08:28:26.961 11030 11030 W System  : ClassLoader referenced unknown path:'}
{'timestamp': 1702276322374, 'level': 'ALL', 'message': '12-11 08:28:26.965 31703  3386 W android.hardware.audio.service.ranchu: TinyalsaSink::write:125 pcm_write was late reading frames, dropping 22131 us of audio'}
{'timestamp': 1702276322374, 'level': 'ALL', 'message': '12-11 08:28:27.003 11030 11030 D NavigationModeController: getCurrentInteractionMode: mode=0 contextUser=0'}
{'timestamp': 1702276322374, 'level': 'ALL', 'message': '12-11 08:28:27.006 31703  3386 W android.hardware.audio.service.ranchu: TinyalsaSink::write:125 pcm_write was late reading frames, dropping 22131 us of audio'}
{'timestamp': 1702276322374, 'level': 'ALL', 'message': '12-11 08:28:27.013 11030 11030 D NavigationModeController: getCurrentInteractionMode: mode=0 contextUser=0'}
{'timestamp': 1702276322374, 'level': 'ALL', 'message': '12-11 08:28:27.018 11030 11030 D RenderScript HIDL Adaptation: IRenderScriptDevice::getService()'}
{'timestamp': 1702276322374, 'level': 'ALL', 'message': '12-11 08:28:27.018   179   179 I hwservicemanager: getTransport: Cannot find entry android.hardware.renderscript@1.0::IDevice/default in either framework or device manifest.'}
{'timestamp': 1702276322374, 'level': 'ALL', 'message': '12-11 08:28:27.019 11030 11030 D RenderScript HIDL Adaptation: IRenderScriptDevice::getService() returned 0x0'}
{'timestamp': 1702276322374, 'level': 'ALL', 'message': '12-11 08:28:27.019 11030 11030 D RenderScript HIDL Adaptation: Using Fallback Path.'}
{'timestamp': 1702276322374, 'level': 'ALL', 'message': '12-11 08:28:27.034 31703  3386 W android.hardware.audio.service.ranchu: TinyalsaSink::write:125 pcm_write was late reading frames, dropping 22131 us of audio'}
{'timestamp': 1702276322374, 'level': 'ALL', 'message': '12-11 08:28:27.054 11030 11030 D ndroid.systemu: Successfully queried cache dir: /data/user_de/0/com.android.systemui/code_cache'}
{'timestamp': 1702276322374, 'level': 'ALL', 'message': '12-11 08:28:27.054 11030 11030 D RenderScript: Setting cache dir: /data/user_de/0/com.android.systemui/code_cache'}
{'timestamp': 1702276322374, 'level': 'ALL', 'message': '12-11 08:28:27.071 11030 11030 D NavigationModeController: getCurrentInteractionMode: mode=0 contextUser=0'}
{'timestamp': 1702276322374, 'level': 'ALL', 'message': '12-11 08:28:27.088 31703  3386 W android.hardware.audio.service.ranchu: TinyalsaSink::write:125 pcm_write was late reading frames, dropping 22131 us of audio'}
{'timestamp': 1702276322374, 'level': 'ALL', 'message': '12-11 08:28:27.116 31703  3386 W android.hardware.audio.service.ranchu: TinyalsaSink::write:125 pcm_write was late reading frames, dropping 22131 us of audio'}
{'timestamp': 1702276322374, 'level': 'ALL', 'message': '12-11 08:28:27.135 11030 11030 D NavigationModeController: getCurrentInteractionMode: mode=0 contextUser=0'}
{'timestamp': 1702276322374, 'level': 'ALL', 'message': '12-11 08:28:27.146 11030 11030 D NavigationModeController: getCurrentInteractionMode: mode=0 contextUser=0'}
{'timestamp': 1702276322374, 'level': 'ALL', 'message': '12-11 08:28:27.158 31703  3386 W android.hardware.audio.service.ranchu: TinyalsaSink::write:125 pcm_write was late reading frames, dropping 22131 us of audio'}
{'timestamp': 1702276322374, 'level': 'ALL', 'message': '12-11 08:28:27.208 11030 11030 D StatusBar: mUserSetupObserver - DeviceProvisionedListener called for user 0'}
{'timestamp': 1702276322374, 'level': 'ALL', 'message': '12-11 08:28:27.210 11030 11030 D StatusBar: updateQsExpansionEnabled - QS Expand enabled: true'}
{'timestamp': 1702276322374, 'level': 'ALL', 'message': '12-11 08:28:27.212 11030 11030 D StatusBar: mUserSetupObserver - DeviceProvisionedListener called for user 0'}
{'timestamp': 1702276322374, 'level': 'ALL', 'message': '12-11 08:28:27.226 11030 11095 D OpenGLRenderer: profile bars disabled'}
{'timestamp': 1702276322374, 'level': 'ALL', 'message': '12-11 08:28:27.227 11030 11095 D OpenGLRenderer: ambientRatio = 1.50'}
{'timestamp': 1702276322374, 'level': 'ALL', 'message': '12-11 08:28:27.229 31703  3386 W android.hardware.audio.service.ranchu: TinyalsaSink::write:125 pcm_write was late reading frames, dropping 22131 us of audio'}
{'timestamp': 1702276322374, 'level': 'ALL', 'message': '12-11 08:28:27.260 31703  3386 W android.hardware.audio.service.ranchu: TinyalsaSink::write:125 pcm_write was late reading frames, dropping 22131 us of audio'}
{'timestamp': 1702276322374, 'level': 'ALL', 'message': '12-11 08:28:27.284 11030 11030 D NotifPipeline: Notif pipeline initialized'}
{'timestamp': 1702276322374, 'level': 'ALL', 'message': '12-11 08:28:27.299 11030 11030 V WifiManager: registerSoftApCallback: callback=com.android.systemui.statusbar.policy.HotspotControllerImpl@3752140, executor=android.os.HandlerExecutor@80d879'}
{'timestamp': 1702276322374, 'level': 'ALL', 'message': '12-11 08:28:27.304 31703  3386 W android.hardware.audio.service.ranchu: TinyalsaSink::write:125 pcm_write was late reading frames, dropping 22131 us of audio'}
{'timestamp': 1702276322374, 'level': 'ALL', 'message': '12-11 08:28:27.317 31652 31995 D ConnectivityService: NetReassign [no changes]'}
{'timestamp': 1702276322374, 'level': 'ALL', 'message': '12-11 08:28:27.321 31703  3386 W android.hardware.audio.service.ranchu: TinyalsaSink::write:125 pcm_write was late reading frames, dropping 22131 us of audio'}
{'timestamp': 1702276322374, 'level': 'ALL', 'message': '12-11 08:28:27.326 11030 11030 D KeyguardViewMediator: adjustStatusBarLocked: mShowing=false mOccluded=false isSecure=false force=false --> flags=0x0'}
{'timestamp': 1702276322374, 'level': 'ALL', 'message': '12-11 08:28:27.328 11030 11030 D NavigationModeController: getCurrentInteractionMode: mode=0 contextUser=0'}
{'timestamp': 1702276322374, 'level': 'ALL', 'message': '12-11 08:28:27.342 11030 11030 W DockAlignmentController: wirelessCharger is null'}
{'timestamp': 1702276322374, 'level': 'ALL', 'message': '12-11 08:28:27.345 11030 11030 W SystemUIService: Initialization of com.android.systemui.statusbar.phone.StatusBar took 1087 ms'}
{'timestamp': 1702276322374, 'level': 'ALL', 'message': '12-11 08:28:27.361 11030 11030 D StorageNotification: Notifying about private volume: VolumeInfo{private}:'}
{'timestamp': 1702276322374, 'level': 'ALL', 'message': '12-11 08:28:27.361 11030 11030 D StorageNotification:     type=PRIVATE diskId=null partGuid=null mountFlags=0 mountUserId=-10000'}
{'timestamp': 1702276322374, 'level': 'ALL', 'message': '12-11 08:28:27.361 11030 11030 D StorageNotification:     state=MOUNTED'}
{'timestamp': 1702276322374, 'level': 'ALL', 'message': '12-11 08:28:27.361 11030 11030 D StorageNotification:     fsType=null fsUuid=null fsLabel=null'}
{'timestamp': 1702276322374, 'level': 'ALL', 'message': '12-11 08:28:27.361 11030 11030 D StorageNotification:     path=/data internalPath=null'}
{'timestamp': 1702276322374, 'level': 'ALL', 'message': '12-11 08:28:27.364 11030 11030 D StorageNotification: Notifying about public volume: VolumeInfo{public:251,80}:'}
{'timestamp': 1702276322374, 'level': 'ALL', 'message': '12-11 08:28:27.364 11030 11030 D StorageNotification:     type=PUBLIC diskId=disk:251,80 partGuid= mountFlags=VISIBLE mountUserId=0'}
{'timestamp': 1702276322374, 'level': 'ALL', 'message': '12-11 08:28:27.364 11030 11030 D StorageNotification:     state=MOUNTED'}
{'timestamp': 1702276322374, 'level': 'ALL', 'message': '12-11 08:28:27.364 11030 11030 D StorageNotification:     fsType=vfat fsUuid=141C-470A fsLabel=SDCARD'}
{'timestamp': 1702276322374, 'level': 'ALL', 'message': '12-11 08:28:27.364 11030 11030 D StorageNotification:     path=/storage/141C-470A internalPath=/mnt/media_rw/141C-470A'}
{'timestamp': 1702276322374, 'level': 'ALL', 'message': '12-11 08:28:27.366 31703  3386 W android.hardware.audio.service.ranchu: TinyalsaSink::write:125 pcm_write was late reading frames, dropping 22131 us of audio'}
{'timestamp': 1702276322374, 'level': 'ALL', 'message': '12-11 08:28:27.451 31703  3386 I chatty  : uid=1041(audioserver) audio.service.r identical 2 lines'}
{'timestamp': 1702276322374, 'level': 'ALL', 'message': '12-11 08:28:27.470 31703  3386 W android.hardware.audio.service.ranchu: TinyalsaSink::write:125 pcm_write was late reading frames, dropping 22131 us of audio'}
{'timestamp': 1702276322374, 'level': 'ALL', 'message': '12-11 08:28:27.516 11030 11095 D libEGL  : loaded /vendor/lib/egl/libEGL_emulation.so'}
{'timestamp': 1702276322374, 'level': 'ALL', 'message': '12-11 08:28:27.532 31703  3386 W android.hardware.audio.service.ranchu: TinyalsaSink::write:125 pcm_write was late reading frames, dropping 22131 us of audio'}
{'timestamp': 1702276322374, 'level': 'ALL', 'message': '12-11 08:28:27.550 11030 11095 D libEGL  : loaded /vendor/lib/egl/libGLESv1_CM_emulation.so'}
{'timestamp': 1702276322374, 'level': 'ALL', 'message': '12-11 08:28:27.553 11030 11095 D libEGL  : loaded /vendor/lib/egl/libGLESv2_emulation.so'}
{'timestamp': 1702276322374, 'level': 'ALL', 'message': '12-11 08:28:27.560 31652  1230 I system_server: oneway function results will be dropped but finished with status OK and parcel size 4'}
{'timestamp': 1702276322374, 'level': 'ALL', 'message': "12-11 08:28:27.589 11030 11030 D skia    : --- Failed to create image decoder with message 'unimplemented'"}
{'timestamp': 1702276322374, 'level': 'ALL', 'message': '12-11 08:28:27.604 11030 11030 D StatusBar: disable<e i a s b h r c s > disable2<q i n >'}
{'timestamp': 1702276322374, 'level': 'ALL', 'message': '12-11 08:28:27.614 11030 11095 D HostConnection: HostConnection::get() New Host Connection established 0xed8a8b80, tid 11095'}
{'timestamp': 1702276322374, 'level': 'ALL', 'message': '12-11 08:28:27.621 11030 11047 D KeyguardViewMediator: onStartedWakingUp, seq = 1'}
{'timestamp': 1702276322374, 'level': 'ALL', 'message': '12-11 08:28:27.621 11030 11047 D KeyguardViewMediator: notifyStartedWakingUp'}
{'timestamp': 1702276322374, 'level': 'ALL', 'message': '12-11 08:28:27.622 11030 11078 D KeyguardViewMediator: notifyScreenOn'}
{'timestamp': 1702276322374, 'level': 'ALL', 'message': '12-11 08:28:27.622 11030 11078 D KeyguardViewMediator: notifyScreenTurnedOn'}
{'timestamp': 1702276322374, 'level': 'ALL', 'message': '12-11 08:28:27.625 11030 11079 D KeyguardViewMediator: adjustStatusBarLocked: mShowing=false mOccluded=false isSecure=false force=false --> flags=0x0'}
{'timestamp': 1702276322374, 'level': 'ALL', 'message': '12-11 08:28:27.626 11030 11095 D HostConnection: HostComposition ext ANDROID_EMU_CHECKSUM_HELPER_v1 ANDROID_EMU_native_sync_v2 ANDROID_EMU_native_sync_v3 ANDROID_EMU_native_sync_v4 ANDROID_EMU_dma_v1 ANDROID_EMU_direct_mem ANDROID_EMU_vulkan ANDROID_EMU_deferred_vulkan_commands ANDROID_EMU_vulkan_null_optional_strings ANDROID_EMU_vulkan_create_resources_with_requirements ANDROID_EMU_YUV_Cache ANDROID_EMU_vulkan_ignored_handles ANDROID_EMU_has_shared_slots_host_memory_allocator ANDROID_EMU_vulkan_free_memory_sync ANDROID_EMU_vulkan_shader_float16_int8 ANDROID_EMU_vulkan_async_queue_submit ANDROID_EMU_sync_buffer_data ANDROID_EMU_vulkan_async_qsri ANDROID_EMU_read_color_buffer_dma GL_OES_vertex_array_object GL_KHR_texture_compression_astc_ldr ANDROID_EMU_host_side_tracing ANDROID_EMU_gles_max_version_2'}
{'timestamp': 1702276322374, 'level': 'ALL', 'message': '12-11 08:28:27.630   179   179 I hwservicemanager: getTransport: Cannot find entry android.hardware.configstore@1.0::ISurfaceFlingerConfigs/default in either framework or device manifest.'}
{'timestamp': 1702276322374, 'level': 'ALL', 'message': '12-11 08:28:27.632 11030 11095 W OpenGLRenderer: Failed to choose config with EGL_SWAP_BEHAVIOR_PRESERVED, retrying without...'}
{'timestamp': 1702276322374, 'level': 'ALL', 'message': '12-11 08:28:27.646 11030 11030 D KeyguardUpdateMonitor: handleSimStateChange(subId=1, slotId=0, state=5)'}
{'timestamp': 1702276322374, 'level': 'ALL', 'message': '12-11 08:28:27.647 11030 11030 D Tonal   : Tonal Palette - index: 10. Main color: ffe590b7'}
{'timestamp': 1702276322374, 'level': 'ALL', 'message': '12-11 08:28:27.647 11030 11030 D Tonal   : Colors: ff060104, ff1b0613, ff2f0b23, ff481135, ff671850, ff861f5d, ffa42773, ffbe4d91, ffd85a9e, ffde73aa, ffe590b7, ffefb9d1, fff5d6e5'}
{'timestamp': 1702276322374, 'level': 'ALL', 'message': '12-11 08:28:27.647 11030 11030 D Tonal   : Gradients:'}
{'timestamp': 1702276322374, 'level': 'ALL', 'message': '12-11 08:28:27.647 11030 11030 D Tonal   : \tNormal GradientColors(ffe590b7, ffe590b7)'}
{'timestamp': 1702276322374, 'level': 'ALL', 'message': '12-11 08:28:27.647 11030 11030 D Tonal   : \tDark GradientColors(ff481135, ff481135)'}
{'timestamp': 1702276322374, 'level': 'ALL', 'message': '12-11 08:28:27.647 11030 11030 D Tonal   : \tExtra dark: GradientColors(ff2f0b23, ff2f0b23)'}
{'timestamp': 1702276322374, 'level': 'ALL', 'message': '12-11 08:28:27.647 11030 11030 D Tonal   : Tonal Palette - index: 10. Main color: ffe590b7'}
{'timestamp': 1702276322374, 'level': 'ALL', 'message': '12-11 08:28:27.647 11030 11030 D Tonal   : Colors: ff060104, ff1b0613, ff2f0b23, ff481135, ff671850, ff861f5d, ffa42773, ffbe4d91, ffd85a9e, ffde73aa, ffe590b7, ffefb9d1, fff5d6e5'}
{'timestamp': 1702276322374, 'level': 'ALL', 'message': '12-11 08:28:27.647 11030 11030 D Tonal   : Gradients:'}
{'timestamp': 1702276322374, 'level': 'ALL', 'message': '12-11 08:28:27.647 11030 11030 D Tonal   : \tNormal GradientColors(ffe590b7, ffe590b7)'}
{'timestamp': 1702276322374, 'level': 'ALL', 'message': '12-11 08:28:27.647 11030 11030 D Tonal   : \tDark GradientColors(ff481135, ff481135)'}
{'timestamp': 1702276322374, 'level': 'ALL', 'message': '12-11 08:28:27.647 11030 11030 D Tonal   : \tExtra dark: GradientColors(ff2f0b23, ff2f0b23)'}
{'timestamp': 1702276322374, 'level': 'ALL', 'message': '12-11 08:28:27.665 11030 11095 D EGL_emulation: eglCreateContext: 0xed8a9c20: maj 2 min 0 rcv 2'}
{'timestamp': 1702276322374, 'level': 'ALL', 'message': '12-11 08:28:27.669 11030 11095 D EGL_emulation: eglMakeCurrent: 0xed8a9c20: ver 2 0 (tinfo 0xedbf75b0) (first time)'}
{'timestamp': 1702276322374, 'level': 'ALL', 'message': '12-11 08:28:27.684   320   320 D goldfish-address-space: claimShared: Ask to claim region [0x3f3d77000 0x3f3e07000]'}
{'timestamp': 1702276322374, 'level': 'ALL', 'message': '12-11 08:28:27.690   179   179 I hwservicemanager: getTransport: Cannot find entry android.hardware.graphics.mapper@4.0::IMapper/default in either framework or device manifest.'}
{'timestamp': 1702276322374, 'level': 'ALL', 'message': '12-11 08:28:27.690 11030 11095 I Gralloc4: mapper 4.x is not supported'}
{'timestamp': 1702276322374, 'level': 'ALL', 'message': '12-11 08:28:27.693 11030 11095 D HostConnection: createUnique: call'}
{'timestamp': 1702276322374, 'level': 'ALL', 'message': '12-11 08:28:27.693 11030 11095 D HostConnection: HostConnection::get() New Host Connection established 0xed885640, tid 11095'}
{'timestamp': 1702276322374, 'level': 'ALL', 'message': '12-11 08:28:27.694 11030 11095 D goldfish-address-space: allocate: Ask for block of size 0x100'}
{'timestamp': 1702276322374, 'level': 'ALL', 'message': '12-11 08:28:27.694 11030 11095 D goldfish-address-space: allocate: ioctl allocate returned offset 0x3efffe000 size 0x2000'}
{'timestamp': 1702276322374, 'level': 'ALL', 'message': '12-11 08:28:27.709 11030 11095 D HostConnection: HostComposition ext ANDROID_EMU_CHECKSUM_HELPER_v1 ANDROID_EMU_native_sync_v2 ANDROID_EMU_native_sync_v3 ANDROID_EMU_native_sync_v4 ANDROID_EMU_dma_v1 ANDROID_EMU_direct_mem ANDROID_EMU_vulkan ANDROID_EMU_deferred_vulkan_commands ANDROID_EMU_vulkan_null_optional_strings ANDROID_EMU_vulkan_create_resources_with_requirements ANDROID_EMU_YUV_Cache ANDROID_EMU_vulkan_ignored_handles ANDROID_EMU_has_shared_slots_host_memory_allocator ANDROID_EMU_vulkan_free_memory_sync ANDROID_EMU_vulkan_shader_float16_int8 ANDROID_EMU_vulkan_async_queue_submit ANDROID_EMU_sync_buffer_data ANDROID_EMU_vulkan_async_qsri ANDROID_EMU_read_color_buffer_dma GL_OES_vertex_array_object GL_KHR_texture_compression_astc_ldr ANDROID_EMU_host_side_tracing ANDROID_EMU_gles_max_version_2'}
{'timestamp': 1702276322374, 'level': 'ALL', 'message': '12-11 08:28:27.720   320   320 D goldfish-address-space: claimShared: Ask to claim region [0x3f3e07000 0x3f3e97000]'}
{'timestamp': 1702276322374, 'level': 'ALL', 'message': '12-11 08:28:27.731   320   320 D goldfish-address-space: claimShared: Ask to claim region [0x3f3e97000 0x3f3f27000]'}
{'timestamp': 1702276322374, 'level': 'ALL', 'message': '12-11 08:28:27.769 11030 11058 D HostConnection: HostConnection::get() New Host Connection established 0xed8ab430, tid 11058'}
{'timestamp': 1702276322374, 'level': 'ALL', 'message': '12-11 08:28:27.794 11030 11058 D HostConnection: HostComposition ext ANDROID_EMU_CHECKSUM_HELPER_v1 ANDROID_EMU_native_sync_v2 ANDROID_EMU_native_sync_v3 ANDROID_EMU_native_sync_v4 ANDROID_EMU_dma_v1 ANDROID_EMU_direct_mem ANDROID_EMU_vulkan ANDROID_EMU_deferred_vulkan_commands ANDROID_EMU_vulkan_null_optional_strings ANDROID_EMU_vulkan_create_resources_with_requirements ANDROID_EMU_YUV_Cache ANDROID_EMU_vulkan_ignored_handles ANDROID_EMU_has_shared_slots_host_memory_allocator ANDROID_EMU_vulkan_free_memory_sync ANDROID_EMU_vulkan_shader_float16_int8 ANDROID_EMU_vulkan_async_queue_submit ANDROID_EMU_sync_buffer_data ANDROID_EMU_vulkan_async_qsri ANDROID_EMU_read_color_buffer_dma GL_OES_vertex_array_object GL_KHR_texture_compression_astc_ldr ANDROID_EMU_host_side_tracing ANDROID_EMU_gles_max_version_2'}
{'timestamp': 1702276322374, 'level': 'ALL', 'message': '12-11 08:28:27.794 11030 11058 D EglHelper: createEglContext start'}
{'timestamp': 1702276322374, 'level': 'ALL', 'message': '12-11 08:28:27.829 11030 11058 D EGL_emulation: eglCreateContext: 0xed8b0bb0: maj 2 min 0 rcv 2'}
{'timestamp': 1702276322374, 'level': 'ALL', 'message': '12-11 08:28:27.829 11030 11058 D EglHelper: createEglContext done'}
{'timestamp': 1702276322374, 'level': 'ALL', 'message': '12-11 08:28:27.829 11030 11058 D EglHelper: createEglSurface start'}
{'timestamp': 1702276322374, 'level': 'ALL', 'message': '12-11 08:28:27.832   320   320 D goldfish-address-space: claimShared: Ask to claim region [0x3f29de000 0x3f2eb9000]'}
{'timestamp': 1702276322374, 'level': 'ALL', 'message': '12-11 08:28:27.849 11030 11058 D EGL_emulation: eglMakeCurrent: 0xed8b0bb0: ver 2 0 (tinfo 0xedbe8f70) (first time)'}
{'timestamp': 1702276322374, 'level': 'ALL', 'message': '12-11 08:28:27.858 11030 11058 D EglHelper: createEglSurface done'}
{'timestamp': 1702276322374, 'level': 'ALL', 'message': '12-11 08:28:27.964   320   320 D goldfish-address-space: claimShared: Ask to claim region [0x3f49e4000 0x3f4ebf000]'}
{'timestamp': 1702276322374, 'level': 'ALL', 'message': '12-11 08:28:28.230 31652 31661 I system_server: Background young concurrent copying GC freed 115625(6815KB) AllocSpace objects, 18(3152KB) LOS objects, 24% free, 25MB/33MB, paused 3.629ms total 128.181ms'}
{'timestamp': 1702276322375, 'level': 'ALL', 'message': '12-11 08:28:28.262 31652 31663 W System  : A resource failed to call release.'}
{'timestamp': 1702276322375, 'level': 'ALL', 'message': '12-11 08:28:28.263 31652 31663 I chatty  : uid=1000(system) FinalizerDaemon identical 3 lines'}
{'timestamp': 1702276322375, 'level': 'ALL', 'message': '12-11 08:28:28.263 31652 31663 W System  : A resource failed to call release.'}
{'timestamp': 1702276322375, 'level': 'ALL', 'message': '12-11 08:28:28.264 31652 31663 W System  : A resource failed to call close.'}
{'timestamp': 1702276322375, 'level': 'ALL', 'message': '12-11 08:28:28.264 31652 31663 W System  : A resource failed to call release.'}
{'timestamp': 1702276322375, 'level': 'ALL', 'message': '12-11 08:28:28.264 31652 31663 W System  : A resource failed to call release.'}
{'timestamp': 1702276322375, 'level': 'ALL', 'message': '12-11 08:28:29.775   456   889 D BufferPoolAccessor2.0: evictor expired: 3, evicted: 0'}
{'timestamp': 1702276322375, 'level': 'ALL', 'message': '12-11 08:28:30.891 32722 32763 I PeriodicStatsRunner: PeriodicStatsRunner.call():180 call()'}
{'timestamp': 1702276322375, 'level': 'ALL', 'message': '12-11 08:28:30.892 32722 32763 I PeriodicStatsRunner: PeriodicStatsRunner.call():184 No submit PeriodicStats since input started.'}
{'timestamp': 1702276322375, 'level': 'ALL', 'message': '12-11 08:28:30.941 11030 11070 D BufferPoolAccessor2.0: bufferpool2 0xed5c8a48 : 0(0 size) total buffers - 0(0 size) used buffers - 2/9 (recycle/alloc) - 12/38 (fetch/transfer)'}
{'timestamp': 1702276322375, 'level': 'ALL', 'message': '12-11 08:28:30.941 11030 11070 D BufferPoolAccessor2.0: evictor expired: 1, evicted: 1'}
{'timestamp': 1702276322375, 'level': 'ALL', 'message': '12-11 08:28:31.780   456   889 D BufferPoolAccessor2.0: bufferpool2 0xf2742008 : 0(0 size) total buffers - 0(0 size) used buffers - 14/17 (recycle/alloc) - 4/16 (fetch/transfer)'}
{'timestamp': 1702276322375, 'level': 'ALL', 'message': '12-11 08:28:31.780   456   889 D BufferPoolAccessor2.0: bufferpool2 0xf2744868 : 0(0 size) total buffers - 0(0 size) used buffers - 14/16 (recycle/alloc) - 2/15 (fetch/transfer)'}
{'timestamp': 1702276322375, 'level': 'ALL', 'message': '12-11 08:28:31.780   456   889 D BufferPoolAccessor2.0: bufferpool2 0xf2742668 : 0(0 size) total buffers - 0(0 size) used buffers - 5/7 (recycle/alloc) - 2/6 (fetch/transfer)'}
{'timestamp': 1702276322375, 'level': 'ALL', 'message': '12-11 08:28:31.780   456   889 D BufferPoolAccessor2.0: evictor expired: 3, evicted: 3'}
{'timestamp': 1702276322375, 'level': 'ALL', 'message': '12-11 08:28:31.943 11030 11070 D BufferPoolAccessor2.0: bufferpool2 0xed5c8608 : 0(0 size) total buffers - 0(0 size) used buffers - 3/9 (recycle/alloc) - 6/18 (fetch/transfer)'}
{'timestamp': 1702276322375, 'level': 'ALL', 'message': '12-11 08:28:31.943 11030 11070 D BufferPoolAccessor2.0: bufferpool2 0xed5c9d68 : 0(0 size) total buffers - 0(0 size) used buffers - 2/9 (recycle/alloc) - 7/36 (fetch/transfer)'}
{'timestamp': 1702276322375, 'level': 'ALL', 'message': '12-11 08:28:31.943 11030 11070 D BufferPoolAccessor2.0: evictor expired: 2, evicted: 2'}
{'timestamp': 1702276322375, 'level': 'ALL', 'message': '12-11 08:28:34.734 31652 31712 D EventSequenceValidator: Transition from INTENT_FAILED to INTENT_STARTED'}
{'timestamp': 1702276322375, 'level': 'ALL', 'message': '12-11 08:28:34.735 31652 31709 I ActivityTaskManager: START u0 {act=android.intent.action.MAIN cat=[android.intent.category.HOME] flg=0x10000100 cmp=com.google.android.apps.nexuslauncher/.NexusLauncherActivity (has extras)} from uid 0'}
{'timestamp': 1702276322375, 'level': 'ALL', 'message': '12-11 08:28:34.744   421   421 I perfetto: ing_service_impl.cc:758 Configured tracing session 496, #sources:1, duration:5000 ms, #buffers:1, total buffer size:4096 KB, total sessions:1, uid:1071 session name: ""'}
{'timestamp': 1702276322375, 'level': 'ALL', 'message': '12-11 08:28:34.746   410   410 I perfetto: probes_producer.cc:230  Ftrace setup (target_buf=496)'}
{'timestamp': 1702276322375, 'level': 'ALL', 'message': '12-11 08:28:34.748 31652 31709 W InputReader: Device virtio_input_multi_touch_10 is associated with display ADISPLAY_ID_NONE.'}
{'timestamp': 1702276322375, 'level': 'ALL', 'message': '12-11 08:28:34.748 31652 31709 W InputReader: Device virtio_input_multi_touch_4 is associated with display ADISPLAY_ID_NONE.'}
{'timestamp': 1702276322375, 'level': 'ALL', 'message': '12-11 08:28:34.749 31652 31709 W InputReader: Device virtio_input_multi_touch_11 is associated with display ADISPLAY_ID_NONE.'}
{'timestamp': 1702276322375, 'level': 'ALL', 'message': '12-11 08:28:34.749 31652 31709 W InputReader: Device virtio_input_multi_touch_5 is associated with display ADISPLAY_ID_NONE.'}
{'timestamp': 1702276322375, 'level': 'ALL', 'message': '12-11 08:28:34.749 31652 31709 W InputReader: Device virtio_input_multi_touch_2 is associated with display ADISPLAY_ID_NONE.'}
{'timestamp': 1702276322375, 'level': 'ALL', 'message': '12-11 08:28:34.749 31652 31709 W InputReader: Device virtio_input_multi_touch_9 is associated with display ADISPLAY_ID_NONE.'}
{'timestamp': 1702276322375, 'level': 'ALL', 'message': '12-11 08:28:34.749 31652 31709 W InputReader: Device virtio_input_multi_touch_6 is associated with display ADISPLAY_ID_NONE.'}
{'timestamp': 1702276322375, 'level': 'ALL', 'message': '12-11 08:28:34.749 31652 31709 W InputReader: Device virtio_input_multi_touch_7 is associated with display ADISPLAY_ID_NONE.'}
{'timestamp': 1702276322375, 'level': 'ALL', 'message': '12-11 08:28:34.749 31652 31709 W InputReader: Device virtio_input_multi_touch_3 is associated with display ADISPLAY_ID_NONE.'}
{'timestamp': 1702276322375, 'level': 'ALL', 'message': '12-11 08:28:34.749 31652 31709 W InputReader: Device virtio_input_multi_touch_8 is associated with display ADISPLAY_ID_NONE.'}
{'timestamp': 1702276322375, 'level': 'ALL', 'message': '12-11 08:28:34.749 31652 31709 W InputReader: Device virtio_input_multi_touch_10 is associated with display ADISPLAY_ID_NONE.'}
{'timestamp': 1702276322375, 'level': 'ALL', 'message': '12-11 08:28:34.749 31652 31709 W InputReader: Device virtio_input_multi_touch_4 is associated with display ADISPLAY_ID_NONE.'}
{'timestamp': 1702276322375, 'level': 'ALL', 'message': '12-11 08:28:34.749 31652 31709 W InputReader: Device virtio_input_multi_touch_11 is associated with display ADISPLAY_ID_NONE.'}
{'timestamp': 1702276322375, 'level': 'ALL', 'message': '12-11 08:28:34.749 31652 31709 W InputReader: Device virtio_input_multi_touch_5 is associated with display ADISPLAY_ID_NONE.'}
{'timestamp': 1702276322375, 'level': 'ALL', 'message': '12-11 08:28:34.749 31652 31709 W InputReader: Device virtio_input_multi_touch_2 is associated with display ADISPLAY_ID_NONE.'}
{'timestamp': 1702276322375, 'level': 'ALL', 'message': '12-11 08:28:34.749 31652 31709 W InputReader: Device virtio_input_multi_touch_9 is associated with display ADISPLAY_ID_NONE.'}
{'timestamp': 1702276322375, 'level': 'ALL', 'message': '12-11 08:28:34.749 31652 31709 W InputReader: Device virtio_input_multi_touch_6 is associated with display ADISPLAY_ID_NONE.'}
{'timestamp': 1702276322375, 'level': 'ALL', 'message': '12-11 08:28:34.750 31652 31709 W InputReader: Device virtio_input_multi_touch_7 is associated with display ADISPLAY_ID_NONE.'}
{'timestamp': 1702276322375, 'level': 'ALL', 'message': '12-11 08:28:34.750 31652 31709 W InputReader: Device virtio_input_multi_touch_3 is associated with display ADISPLAY_ID_NONE.'}
{'timestamp': 1702276322375, 'level': 'ALL', 'message': '12-11 08:28:34.750 31652 31709 W InputReader: Device virtio_input_multi_touch_8 is associated with display ADISPLAY_ID_NONE.'}
{'timestamp': 1702276322375, 'level': 'ALL', 'message': '12-11 08:28:34.803   410   410 I perfetto: ftrace_procfs.cc:176    enabled ftrace'}
{'timestamp': 1702276322375, 'level': 'ALL', 'message': '12-11 08:28:34.809   320   320 D goldfish-address-space: claimShared: Ask to claim region [0x3f49e4000 0x3f53c8000]'}
{'timestamp': 1702276322375, 'level': 'ALL', 'message': '12-11 08:28:34.860   320   320 D goldfish-address-space: claimShared: Ask to claim region [0x3f53c8000 0x3f5dac000]'}
{'timestamp': 1702276322375, 'level': 'ALL', 'message': '12-11 08:28:34.870 31652 31712 D EventSequenceValidator: Transition from INTENT_STARTED to ACTIVITY_LAUNCHED'}
{'timestamp': 1702276322375, 'level': 'ALL', 'message': '12-11 08:28:34.871   320   320 D goldfish-address-space: claimShared: Ask to claim region [0x3f5dac000 0x3f6790000]'}
{'timestamp': 1702276322375, 'level': 'ALL', 'message': '12-11 08:28:34.905   320   354 D goldfish-address-space: claimShared: Ask to claim region [0x3f6790000 0x3f7174000]'}
{'timestamp': 1702276322375, 'level': 'ALL', 'message': '12-11 08:28:34.911   320   320 D goldfish-address-space: claimShared: Ask to claim region [0x3f8000000 0x3f89e4000]'}
{'timestamp': 1702276322375, 'level': 'ALL', 'message': '12-11 08:28:34.934   320   320 D goldfish-address-space: claimShared: Ask to claim region [0x3f89e4000 0x3f93c8000]'}
{'timestamp': 1702276322375, 'level': 'ALL', 'message': '12-11 08:28:34.950   653   653 I dnpg    : onStart'}
{'timestamp': 1702276322375, 'level': 'ALL', 'message': '12-11 08:28:34.956   653   653 I dnpg    : onResume'}
{'timestamp': 1702276322375, 'level': 'ALL', 'message': '12-11 08:28:35.000   320   320 D goldfish-address-space: claimShared: Ask to claim region [0x3f7174000 0x3f77c8000]'}
{'timestamp': 1702276322375, 'level': 'ALL', 'message': '12-11 08:28:35.028 31652  2862 E FrameEvents: updateAcquireFence: Did not find frame.'}
{'timestamp': 1702276322375, 'level': 'ALL', 'message': '12-11 08:28:35.028   320   320 D goldfish-address-space: claimShared: Ask to claim region [0x3f93c8000 0x3f9a1c000]'}
{'timestamp': 1702276322375, 'level': 'ALL', 'message': "12-11 08:28:35.044 31652 31742 D ArtManagerInternalImpl: /data/misc/iorapd/com.google.android.apps.nexuslauncher/821/com.google.android.apps.nexuslauncher.NexusLauncherActivity/compiled_traces/compiled_trace.pb doesn't exist"}
{'timestamp': 1702276322375, 'level': 'ALL', 'message': '12-11 08:28:35.069 31652  1229 W ActivityManager: Unable to start service Intent { act=android.service.appprediction.AppPredictionService cmp=com.google.android.as/com.google.android.apps.miphone.aiai.app.AiAiPredictionService } U=0: not found'}
{'timestamp': 1702276322375, 'level': 'ALL', 'message': '12-11 08:28:35.073 31652  1229 W RemoteAppPredictionService: could not bind to Intent { act=android.service.appprediction.AppPredictionService cmp=com.google.android.as/com.google.android.apps.miphone.aiai.app.AiAiPredictionService } using flags 67108865'}
{'timestamp': 1702276322375, 'level': 'ALL', 'message': '12-11 08:28:35.104 31652 31712 D EventSequenceValidator: Transition from ACTIVITY_LAUNCHED to ACTIVITY_FINISHED'}
{'timestamp': 1702276322375, 'level': 'ALL', 'message': '12-11 08:28:35.802 10812 10812 E LOCK_APP: Cannot find account'}
{'timestamp': 1702276322375, 'level': 'ALL', 'message': '12-11 08:28:36.951 10812 11028 I FA      : Application backgrounded at: timestamp_millis: 1702276114929'}
{'timestamp': 1702276322375, 'level': 'ALL', 'message': '12-11 08:28:38.343 11121 11123 I cmd     : oneway function results will be dropped but finished with status OK and parcel size 4'}
{'timestamp': 1702276322375, 'level': 'ALL', 'message': '12-11 08:28:38.363 11125 11127 I cmd     : oneway function results will be dropped but finished with status OK and parcel size 4'}
{'timestamp': 1702276322375, 'level': 'ALL', 'message': '12-11 08:28:38.381 11129 11131 I cmd     : oneway function results will be dropped but finished with status OK and parcel size 4'}
{'timestamp': 1702276322375, 'level': 'ALL', 'message': '12-11 08:28:38.501 32604  5319 D BluetoothAdapter: isLeEnabled(): ON'}
{'timestamp': 1702276322375, 'level': 'ALL', 'message': '12-11 08:28:38.501 32604  5319 D BluetoothAdapter: isLeEnabled(): ON'}
{'timestamp': 1702276322375, 'level': 'ALL', 'message': '12-11 08:28:38.505 32106   467 D BluetoothAdapterService: getAdapterService() - returning com.android.bluetooth.btservice.AdapterService@17fa1b5'}
{'timestamp': 1702276322375, 'level': 'ALL', 'message': '12-11 08:28:38.821 11148 11149 I cmd     : oneway function results will be dropped but finished with status OK and parcel size 4'}
{'timestamp': 1702276322375, 'level': 'ALL', 'message': '12-11 08:28:39.711 11156 11158 I cmd     : oneway function results will be dropped but finished with status OK and parcel size 4'}
{'timestamp': 1702276322375, 'level': 'ALL', 'message': '12-11 08:28:39.750   410   410 I perfetto: probes_producer.cc:329  Producer stop (id=496)'}
{'timestamp': 1702276322375, 'level': 'ALL', 'message': '12-11 08:28:39.752   421   421 I perfetto: ng_service_impl.cc:1948 Tracing session 496 ended, total sessions:0'}
{'timestamp': 1702276322375, 'level': 'ALL', 'message': '12-11 08:28:39.755   410   410 I perfetto: ftrace_procfs.cc:183    disabled ftrace'}
{'timestamp': 1702276322375, 'level': 'ALL', 'message': '12-11 08:28:39.845 11169 11170 I cmd     : oneway function results will be dropped but finished with status OK and parcel size 4'}
{'timestamp': 1702276322375, 'level': 'ALL', 'message': '12-11 08:28:39.907 31652 31666 I ActivityManager: Force stopping com.ajaxsystems appid=10158 user=0: from pid 11175'}
{'timestamp': 1702276322375, 'level': 'ALL', 'message': '12-11 08:28:39.907 31652 31666 I ActivityManager: Killing 10812:com.ajaxsystems/u0a158 (adj 700): stop com.ajaxsystems due to from pid 11175'}
{'timestamp': 1702276322375, 'level': 'ALL', 'message': '12-11 08:28:39.911   396   396 D BoundBrokerSvc: onUnbind: Intent { act=com.google.android.gms.measurement.START pkg=com.google.android.gms }'}
{'timestamp': 1702276322375, 'level': 'ALL', 'message': '12-11 08:28:39.915 31652 31666 W ActivityTaskManager: Force removing ActivityRecord{dec348 u0 com.ajaxsystems/.bootstrap.presentation.splash.SplashActivity t199 f}}: app died, no saved state'}
{'timestamp': 1702276322375, 'level': 'ALL', 'message': '12-11 08:28:39.929 11175 11177 I cmd     : oneway function results will be dropped but finished with status OK and parcel size 4'}
{'timestamp': 1702276322375, 'level': 'ALL', 'message': '12-11 08:28:39.951 32351 32351 D CarrierSvcBindHelper: No carrier app for: 0'}
{'timestamp': 1702276322375, 'level': 'ALL', 'message': '12-11 08:28:39.977 31652 32485 W WindowManager: Cannot find window which accessibility connection is added to'}
{'timestamp': 1702276322375, 'level': 'ALL', 'message': '12-11 08:28:39.978 31506 31506 I Zygote  : Process 10812 exited due to signal 9 (Killed)'}
{'timestamp': 1702276322375, 'level': 'ALL', 'message': '12-11 08:28:39.979 31652 31712 W ActivityManager: setHasOverlayUi called on unknown pid: 10812'}
{'timestamp': 1702276322375, 'level': 'ALL', 'message': '12-11 08:28:39.994 31652   826 I ActivityManager: Force stopping com.ajaxsystems appid=10158 user=0: clear data'}
{'timestamp': 1702276322375, 'level': 'ALL', 'message': '12-11 08:28:40.002 31652 31748 I libprocessgroup: Successfully killed process cgroup uid 10158 pid 10812 in 92ms'}
{'timestamp': 1702276322375, 'level': 'ALL', 'message': '12-11 08:28:40.003 31652 31743 I ActivityManager: Force stopping com.ajaxsystems appid=10158 user=-1: clearApplicationUserData'}
{'timestamp': 1702276322375, 'level': 'ALL', 'message': '12-11 08:28:40.016   445  6663 I MediaProvider: Invalidating LocalCallingIdentity cache for package com.ajaxsystems. Reason: op android:read_external_storage'}
{'timestamp': 1702276322375, 'level': 'ALL', 'message': '12-11 08:28:40.111   436   436 I keystore: clear_uid 10158'}
{'timestamp': 1702276322375, 'level': 'ALL', 'message': '12-11 08:28:40.119 11180 11182 I cmd     : oneway function results will be dropped but finished with status OK and parcel size 4'}
{'timestamp': 1702276322375, 'level': 'ALL', 'message': '12-11 08:28:40.128 32106 32106 V AvrcpMediaPlayerList: mPackageChangedBroadcastReceiver: action: android.intent.action.PACKAGE_DATA_CLEARED'}
{'timestamp': 1702276322375, 'level': 'ALL', 'message': '12-11 08:28:40.129  1356  1356 I CarrierServices: [2] RcsAutoStartReceiver.a: enableRcs changed from true to true'}
{'timestamp': 1702276322375, 'level': 'ALL', 'message': '12-11 08:28:40.142 32351 32351 D CarrierSvcBindHelper: No carrier app for: 0'}
{'timestamp': 1702276322375, 'level': 'ALL', 'message': '12-11 08:28:40.162 32722 32763 I PeriodicStatsRunner: PeriodicStatsRunner.call():180 call()'}
{'timestamp': 1702276322375, 'level': 'ALL', 'message': '12-11 08:28:40.162 32722 32763 I PeriodicStatsRunner: PeriodicStatsRunner.call():184 No submit PeriodicStats since input started.'}
{'timestamp': 1702276322375, 'level': 'ALL', 'message': '12-11 08:28:40.223   445  5935 I MediaProvider: Begin Intent { act=android.intent.action.PACKAGE_DATA_CLEARED dat=package:com.ajaxsystems flg=0x1000010 cmp=com.google.android.providers.media.module/com.android.providers.media.MediaService (has extras) }'}
{'timestamp': 1702276322375, 'level': 'ALL', 'message': '12-11 08:28:40.227   445  5935 I MediaProvider: End Intent { act=android.intent.action.PACKAGE_DATA_CLEARED dat=package:com.ajaxsystems flg=0x1000010 cmp=com.google.android.providers.media.module/com.android.providers.media.MediaService (has extras) }'}
{'timestamp': 1702276322375, 'level': 'ALL', 'message': '12-11 08:28:40.244 32604 11196 I Fitness : (REDACTED) FitCleanupIntentOperation received Intent %s'}
{'timestamp': 1702276322375, 'level': 'ALL', 'message': '12-11 08:28:40.253   396  9736 I Icing   : doRemovePackageData com.ajaxsystems'}
{'timestamp': 1702276322375, 'level': 'ALL', 'message': '12-11 08:28:40.271 11201 11203 I cmd     : oneway function results will be dropped but finished with status OK and parcel size 4'}
{'timestamp': 1702276322375, 'level': 'ALL', 'message': '12-11 08:28:40.304   445  6549 I MediaProvider: Invalidating LocalCallingIdentity cache for package com.ajaxsystems. Reason: op android:read_external_storage'}
{'timestamp': 1702276322375, 'level': 'ALL', 'message': '12-11 08:28:40.333 11217 11219 I cmd     : oneway function results will be dropped but finished with status OK and parcel size 4'}
{'timestamp': 1702276322375, 'level': 'ALL', 'message': '12-11 08:28:40.350 11221 11223 I cmd     : oneway function results will be dropped but finished with status OK and parcel size 4'}
{'timestamp': 1702276322375, 'level': 'ALL', 'message': '12-11 08:28:40.368 11225 11227 I cmd     : oneway function results will be dropped but finished with status OK and parcel size 4'}
{'timestamp': 1702276322375, 'level': 'ALL', 'message': '12-11 08:28:40.384 11229 11231 I cmd     : oneway function results will be dropped but finished with status OK and parcel size 4'}
{'timestamp': 1702276322375, 'level': 'ALL', 'message': '12-11 08:28:40.418 11237 11239 I cmd     : oneway function results will be dropped but finished with status OK and parcel size 4'}
{'timestamp': 1702276322375, 'level': 'ALL', 'message': '12-11 08:28:40.451 11245 11247 I cmd     : oneway function results will be dropped but finished with status OK and parcel size 4'}
{'timestamp': 1702276322375, 'level': 'ALL', 'message': '12-11 08:28:40.481 11253 11255 I cmd     : oneway function results will be dropped but finished with status OK and parcel size 4'}
{'timestamp': 1702276322375, 'level': 'ALL', 'message': '12-11 08:28:40.499 11257 11259 I cmd     : oneway function results will be dropped but finished with status OK and parcel size 4'}
{'timestamp': 1702276322375, 'level': 'ALL', 'message': '12-11 08:28:40.546 11263 11265 I cmd     : oneway function results will be dropped but finished with status OK and parcel size 4'}
{'timestamp': 1702276322375, 'level': 'ALL', 'message': '12-11 08:28:40.564 11267 11269 I cmd     : oneway function results will be dropped but finished with status OK and parcel size 4'}
{'timestamp': 1702276322375, 'level': 'ALL', 'message': '12-11 08:28:40.582 11271 11273 I cmd     : oneway function results will be dropped but finished with status OK and parcel size 4'}
{'timestamp': 1702276322375, 'level': 'ALL', 'message': '12-11 08:28:40.629 10760 11274 I appium  : channel read: GET /sessions'}
{'timestamp': 1702276322375, 'level': 'ALL', 'message': '12-11 08:28:40.630 10760 11274 I appium  : GetSessions command'}
{'timestamp': 1702276322375, 'level': 'ALL', 'message': '12-11 08:28:40.635 10760 11274 I appium  : AppiumResponse: {"sessionId":"None","value":[{"id":"c663e8f0-d784-4d7e-a094-c1467fade7dd","capabilities":{"appPackage":"com.ajaxsystems","networkConnectionEnabled":true,"noSign":true,"warnings":{},"databaseEnabled":false,"deviceName":"emulator-5554","platform":"LINUX","deviceUDID":"emulator-5554","appActivity":"com…'}
{'timestamp': 1702276322375, 'level': 'ALL', 'message': '12-11 08:28:40.648 10760 11275 I appium  : channel read: DELETE /session/c663e8f0-d784-4d7e-a094-c1467fade7dd'}
{'timestamp': 1702276322375, 'level': 'ALL', 'message': '12-11 08:28:40.648 10760 11275 I appium  : DeleteSession command'}
{'timestamp': 1702276322375, 'level': 'ALL', 'message': '12-11 08:28:40.651 10760 11275 I appium  : Stopping uiautomator2 io.appium.uiautomator2.http io.appium.uiautomator2.server'}
{'timestamp': 1702276322375, 'level': 'ALL', 'message': '12-11 08:28:40.656 10760 11275 I appium  : AppiumResponse: {"sessionId":"c663e8f0-d784-4d7e-a094-c1467fade7dd","value":null}'}
{'timestamp': 1702276322375, 'level': 'ALL', 'message': '12-11 08:28:41.287 10760 10782 I TestRunner: finished: startServer(io.appium.uiautomator2.server.test.AppiumUiAutomator2Server)'}
{'timestamp': 1702276322375, 'level': 'ALL', 'message': '12-11 08:28:41.293 10760 10782 I TestRunner: run finished: 1 tests, 0 failed, 0 ignored'}
{'timestamp': 1702276322375, 'level': 'ALL', 'message': '12-11 08:28:41.298 31652 32346 W WindowManager: removeWindowToken: Attempted to remove non-existing token: android.os.Binder@35c3d76'}
{'timestamp': 1702276322375, 'level': 'ALL', 'message': '12-11 08:28:41.307   517   929 I fvbt    : (REDACTED) #onAccessibilityStateChanged enabled: %s'}
{'timestamp': 1702276322375, 'level': 'ALL', 'message': '12-11 08:28:41.308   517   979 I fvbt    : #onChange'}
{'timestamp': 1702276322375, 'level': 'ALL', 'message': '12-11 08:28:41.308   517   979 I cmrs    : #FCF: onChange'}
{'timestamp': 1702276322375, 'level': 'ALL', 'message': '12-11 08:28:41.309   517   979 I cmrw    : (REDACTED) FCF System FeatureName to check: %s'}
{'timestamp': 1702276322375, 'level': 'ALL', 'message': '12-11 08:28:41.309   517   979 I cmrw    : (REDACTED) FCF: Device model check status : %s'}
{'timestamp': 1702276322375, 'level': 'ALL', 'message': '12-11 08:28:41.310   517   979 I cmrt    : FCF A11y Checker - readyForTngMa'}
{'timestamp': 1702276322375, 'level': 'ALL', 'message': '12-11 08:28:41.310 31652 32346 I ActivityManager: Force stopping io.appium.uiautomator2.server appid=10157 user=0: finished inst'}
{'timestamp': 1702276322375, 'level': 'ALL', 'message': '12-11 08:28:41.312   517  1099 I cmuh    : (REDACTED) #FCF: Managed profile check status : %s'}
{'timestamp': 1702276322375, 'level': 'ALL', 'message': '12-11 08:28:41.314   517  1099 I cmug    : (REDACTED) #FCF: Demo mode check status : %s'}
{'timestamp': 1702276322375, 'level': 'ALL', 'message': '12-11 08:28:41.314   517  1099 I cmrc    : (REDACTED) #FCF: Assistant primary locale : %s'}
{'timestamp': 1702276322375, 'level': 'ALL', 'message': '12-11 08:28:41.314   517  1099 I cmrc    : (REDACTED) #FCF: Assistant Primary locale check status : %s'}
{'timestamp': 1702276322375, 'level': 'ALL', 'message': '12-11 08:28:41.315 31652 32346 I ActivityManager: Killing 10760:io.appium.uiautomator2.server/u0a157 (adj 0): stop io.appium.uiautomator2.server due to finished inst'}
{'timestamp': 1702276322375, 'level': 'ALL', 'message': '12-11 08:28:41.315   517  1099 I cmuj    : (REDACTED) [%d] productivity accounts setup for current account.'}
{'timestamp': 1702276322375, 'level': 'ALL', 'message': '12-11 08:28:41.315 10745 10745 D AndroidRuntime: Shutting down VM'}
{'timestamp': 1702276322375, 'level': 'ALL', 'message': '12-11 08:28:41.331   653   833 I bfxf    : NGA enabled in interactor.'}
{'timestamp': 1702276322375, 'level': 'ALL', 'message': '12-11 08:28:41.331   653   833 I bfxf    : (REDACTED) Nga state changed to %s'}
{'timestamp': 1702276322375, 'level': 'ALL', 'message': '12-11 08:28:41.331   653   833 I bfxf    : (REDACTED) isTngActive=%s'}
{'timestamp': 1702276322375, 'level': 'ALL', 'message': '12-11 08:28:41.333   517 10798 I yvl     : Initializing all components'}
{'timestamp': 1702276322375, 'level': 'ALL', 'message': '12-11 08:28:41.334   517  1099 I afzp    : (REDACTED) onIsEnabledChanged, isEnabled: %s'}
{'timestamp': 1702276322375, 'level': 'ALL', 'message': '12-11 08:28:41.334   653 10737 I aoso    : (REDACTED) Successfully received auth token for scope: %s in time %d ms'}
{'timestamp': 1702276322375, 'level': 'ALL', 'message': '12-11 08:28:41.334   517  1099 W akjq    : Disposing empty manager. Did you forgot to subscribe observables?'}
{'timestamp': 1702276322375, 'level': 'ALL', 'message': '12-11 08:28:41.336   517  1099 I chatty  : uid=10109(com.google.android.googlequicksearchbox) Lite Thread #1 identical 9 lines'}
{'timestamp': 1702276322375, 'level': 'ALL', 'message': '12-11 08:28:41.337   517  1099 W akjq    : Disposing empty manager. Did you forgot to subscribe observables?'}
{'timestamp': 1702276322375, 'level': 'ALL', 'message': '12-11 08:28:41.338   517  1099 I agvp    : (REDACTED) Setting session to type: %s'}
{'timestamp': 1702276322375, 'level': 'ALL', 'message': '12-11 08:28:41.339   517  1099 W akjq    : Disposing empty manager. Did you forgot to subscribe observables?'}
{'timestamp': 1702276322375, 'level': 'ALL', 'message': '12-11 08:28:41.341   517  1099 I chatty  : uid=10109(com.google.android.googlequicksearchbox) Lite Thread #1 identical 10 lines'}
{'timestamp': 1702276322375, 'level': 'ALL', 'message': '12-11 08:28:41.341   517  1099 W akjq    : Disposing empty manager. Did you forgot to subscribe observables?'}
{'timestamp': 1702276322375, 'level': 'ALL', 'message': '12-11 08:28:41.342   517  1099 I zvn     : (REDACTED) Nga on-device enabled based on TNG:MA active state: %b'}
{'timestamp': 1702276322375, 'level': 'ALL', 'message': '12-11 08:28:41.342   517  1099 I adnn    : (REDACTED) State changed: %s => %s by %s and %s with %s'}
{'timestamp': 1702276322375, 'level': 'ALL', 'message': '12-11 08:28:41.342   517  1099 I adwu    : (REDACTED) Recognizer choice: (recognizer_type: %s, recognizer_mode: %s, choice_reason: %s)'}
{'timestamp': 1702276322375, 'level': 'ALL', 'message': '12-11 08:28:41.343   517  1099 I agqa    : (REDACTED) onActiveStateChangeEvent: %s => %s'}
{'timestamp': 1702276322375, 'level': 'ALL', 'message': '12-11 08:28:41.344   517  1099 I adgh    : (REDACTED) #onActiveStateChangeEvent, newState: %s, previousState: %s.'}
{'timestamp': 1702276322375, 'level': 'ALL', 'message': '12-11 08:28:41.349   517  1099 I bltl    : setupConnection'}
{'timestamp': 1702276322375, 'level': 'ALL', 'message': '12-11 08:28:41.365 31506 31506 I Zygote  : Process 10760 exited due to signal 9 (Killed)'}
{'timestamp': 1702276322375, 'level': 'ALL', 'message': '12-11 08:28:41.382   517  1099 I bltl    : (REDACTED) State changed: %s => %s'}
{'timestamp': 1702276322375, 'level': 'ALL', 'message': '12-11 08:28:41.382 32604 32604 W SystemServiceRegistry: No service published for: persistent_data_block'}
{'timestamp': 1702276322375, 'level': 'ALL', 'message': '12-11 08:28:41.382   517  1099 I zvn     : (REDACTED) Nga on-device enabled based on TNG:MA active state: %b'}
{'timestamp': 1702276322375, 'level': 'ALL', 'message': '12-11 08:28:41.401   517  1099 I zps     : Initialize'}
{'timestamp': 1702276322375, 'level': 'ALL', 'message': '12-11 08:28:41.401   517  1099 I aajs    : (REDACTED) on opa visibility changed %s'}
{'timestamp': 1702276322375, 'level': 'ALL', 'message': '12-11 08:28:41.401   517  1099 I aajs    : (REDACTED) on opa visibility changed %s'}
{'timestamp': 1702276322375, 'level': 'ALL', 'message': '12-11 08:28:41.402   517  1099 I afnp    : (REDACTED) stopListening(%s, %s)'}
{'timestamp': 1702276322375, 'level': 'ALL', 'message': '12-11 08:28:41.408 31652 31748 I libprocessgroup: Successfully killed process cgroup uid 10157 pid 10760 in 92ms'}
{'timestamp': 1702276322375, 'level': 'ALL', 'message': '12-11 08:28:41.414   517  1099 I bltl    : onServiceConnected'}
{'timestamp': 1702276322375, 'level': 'ALL', 'message': '12-11 08:28:41.415   653   683 I A       : Calling beginBinderSession().'}
{'timestamp': 1702276322375, 'level': 'ALL', 'message': '12-11 08:28:41.416   653   683 I A       : beginBinderSession(): calling binder'}
{'timestamp': 1702276322375, 'level': 'ALL', 'message': '12-11 08:28:41.417   517  1099 I bltl    : (REDACTED) State changed: %s => %s'}
{'timestamp': 1702276322375, 'level': 'ALL', 'message': '12-11 08:28:41.418   517   979 I cmya    : (REDACTED) #FCF evaluate: %s'}
{'timestamp': 1702276322375, 'level': 'ALL', 'message': '12-11 08:28:41.418   517   979 I cmya    : (REDACTED) TngMaStatusChecker#evaluateInternal completed in %s millis'}
{'timestamp': 1702276322375, 'level': 'ALL', 'message': '12-11 08:28:41.419   517   979 I cmcg    : (REDACTED) TNG:MA status updated: %s'}
{'timestamp': 1702276322375, 'level': 'ALL', 'message': '12-11 08:28:41.419   517   979 I cmcg    : TNG:MA became eligible, Calling connect'}
{'timestamp': 1702276322375, 'level': 'ALL', 'message': '12-11 08:28:41.419   517   979 I cmcg    : (REDACTED) Connecting: %s'}
{'timestamp': 1702276322375, 'level': 'ALL', 'message': '12-11 08:28:41.419   517   979 I cmhx    : #unregisterBluetoothDevicesAvailabilityListener'}
{'timestamp': 1702276322375, 'level': 'ALL', 'message': '12-11 08:28:41.420   517   979 I cmya    : #invalidationSource: adding saa update checker'}
{'timestamp': 1702276322375, 'level': 'ALL', 'message': '12-11 08:28:41.421   517   979 I zvn     : (REDACTED) Nga on-device enabled based on TNG:MA active state: %b'}
{'timestamp': 1702276322375, 'level': 'ALL', 'message': '12-11 08:28:41.422   517   979 I cmhx    : #unregisterBistoDevicesAvailabilityListener'}
{'timestamp': 1702276322375, 'level': 'ALL', 'message': '12-11 08:28:41.426   517   979 I cmhx    : enableBistoRouteIntegration disabled'}
{'timestamp': 1702276322375, 'level': 'ALL', 'message': '12-11 08:28:41.427   517   979 I cmhx    : #unregisterActivityTransitions'}
{'timestamp': 1702276322375, 'level': 'ALL', 'message': '12-11 08:28:41.427   517   979 I cmhx    : #unsubscribeFromHeadsetEventsForEarcons'}
{'timestamp': 1702276322375, 'level': 'ALL', 'message': '12-11 08:28:41.427   517   979 I cmhx    : #enableGmmTravelModeLogging flag disabled.'}
{'timestamp': 1702276322375, 'level': 'ALL', 'message': '12-11 08:28:41.427   517   979 I cqpb    : #unregisterShellAppInstallationReceiver'}
{'timestamp': 1702276322375, 'level': 'ALL', 'message': '12-11 08:28:41.427   517   979 I cmhx    : (REDACTED) Disconnect Reasons: %s'}
{'timestamp': 1702276322375, 'level': 'ALL', 'message': '12-11 08:28:41.428   517   979 I cmhx    : Client Already disconnected'}
{'timestamp': 1702276322375, 'level': 'ALL', 'message': '12-11 08:28:41.428   517   979 I cmib    : (REDACTED) Updated TngActivationStateResult %s'}
{'timestamp': 1702276322375, 'level': 'ALL', 'message': '12-11 08:28:41.428   517   979 I cmib    : (REDACTED) Emit result=%s'}
{'timestamp': 1702276322375, 'level': 'ALL', 'message': '12-11 08:28:41.429   517   979 I cmgb    : Scheduling removing Phenotype experience experiments id'}
{'timestamp': 1702276322375, 'level': 'ALL', 'message': '12-11 08:28:41.429   517   979 I cmhx    : #registerBluetoothDevicesAvailabilityListener'}
{'timestamp': 1702276322375, 'level': 'ALL', 'message': '12-11 08:28:41.430   517   979 I cmhx    : Listening for setting changes changes'}
{'timestamp': 1702276322375, 'level': 'ALL', 'message': '12-11 08:28:41.430   517   979 I cmhx    : #registerBistoDevicesAvailabilityListener'}
{'timestamp': 1702276322375, 'level': 'ALL', 'message': '12-11 08:28:41.430   517   979 I cmhx    : enableBistoRouteIntegration disabled'}
{'timestamp': 1702276322375, 'level': 'ALL', 'message': '12-11 08:28:41.430   517   979 I cmhx    : #subscribeToHeadsetEventsForEarcons subscribing for headset events'}
{'timestamp': 1702276322375, 'level': 'ALL', 'message': '12-11 08:28:41.430   517   979 I cmhx    : #registerActivityTransitions'}
{'timestamp': 1702276322375, 'level': 'ALL', 'message': '12-11 08:28:41.430   517   979 I cmhx    : #enableGmmTravelModeLogging flag disabled.'}
{'timestamp': 1702276322375, 'level': 'ALL', 'message': '12-11 08:28:41.430   517   979 I cqpb    : #registerShellAppInstallationReceiver'}
{'timestamp': 1702276322375, 'level': 'ALL', 'message': '12-11 08:28:41.430   517   929 I cntb    : (REDACTED) #onAudioDevicesAdded count: %s'}
{'timestamp': 1702276322375, 'level': 'ALL', 'message': '12-11 08:28:41.433   517  1099 I cmhx    : #onBluetoothAudioInputDevicesChanged'}
{'timestamp': 1702276322375, 'level': 'ALL', 'message': '12-11 08:28:41.434   517  1099 I cmhx    : (REDACTED) starting updateConfig, reason: %s'}
{'timestamp': 1702276322375, 'level': 'ALL', 'message': '12-11 08:28:41.439   653   959 W atdn    : Invalid input from icing corpus JSON flag.'}
{'timestamp': 1702276322375, 'level': 'ALL', 'message': '12-11 08:28:41.439   653   959 W atdn    : android.util.MalformedJsonException: Use JsonReader.setLenient(true) to accept malformed JSON at line 123 column 2'}
{'timestamp': 1702276322375, 'level': 'ALL', 'message': '12-11 08:28:41.439   653   959 W atdn    : \tat android.util.JsonReader.syntaxError(JsonReader.java:1162)'}
{'timestamp': 1702276322375, 'level': 'ALL', 'message': '12-11 08:28:41.439   653   959 W atdn    : \tat android.util.JsonReader.checkLenient(JsonReader.java:840)'}
{'timestamp': 1702276322375, 'level': 'ALL', 'message': '12-11 08:28:41.439   653   959 W atdn    : \tat android.util.JsonReader.nextInArray(JsonReader.java:615)'}
{'timestamp': 1702276322375, 'level': 'ALL', 'message': '12-11 08:28:41.439   653   959 W atdn    : \tat android.util.JsonReader.peek(JsonReader.java:345)'}
{'timestamp': 1702276322375, 'level': 'ALL', 'message': '12-11 08:28:41.439   653   959 W atdn    : \tat android.util.JsonReader.hasNext(JsonReader.java:321)'}
{'timestamp': 1702276322375, 'level': 'ALL', 'message': '12-11 08:28:41.439   653   959 W atdn    : \tat atdn.c(PG:7)'}
{'timestamp': 1702276322375, 'level': 'ALL', 'message': '12-11 08:28:41.439   653   959 W atdn    : \tat atdn.<init>(PG:5)'}
{'timestamp': 1702276322375, 'level': 'ALL', 'message': '12-11 08:28:41.439   653   959 W atdn    : \tat bxey.<init>(PG:16)'}
{'timestamp': 1702276322375, 'level': 'ALL', 'message': '12-11 08:28:41.439   653   959 W atdn    : \tat bwzu.a(PG:14)'}
{'timestamp': 1702276322375, 'level': 'ALL', 'message': '12-11 08:28:41.439   653   959 W atdn    : \tat bxap.<init>(PG:7)'}
{'timestamp': 1702276322375, 'level': 'ALL', 'message': '12-11 08:28:41.439   653   959 W atdn    : \tat wju.b(PG:11)'}
{'timestamp': 1702276322375, 'level': 'ALL', 'message': '12-11 08:28:41.439   653   959 W atdn    : \tat iofm.b(PG:1)'}
{'timestamp': 1702276322375, 'level': 'ALL', 'message': '12-11 08:28:41.439   653   959 W atdn    : \tat bxfn.a(PG:3)'}
{'timestamp': 1702276322375, 'level': 'ALL', 'message': '12-11 08:28:41.439   653   959 W atdn    : \tat vwj.a(Unknown Source:3021)'}
{'timestamp': 1702276322375, 'level': 'ALL', 'message': '12-11 08:28:41.439   653   959 W atdn    : \tat vwj.b(PG:4)'}
{'timestamp': 1702276322375, 'level': 'ALL', 'message': '12-11 08:28:41.439   653   959 W atdn    : \tat appc.a(PG:2)'}
{'timestamp': 1702276322375, 'level': 'ALL', 'message': '12-11 08:28:41.439   653   959 W atdn    : \tat fcvo.a(PG:2)'}
{'timestamp': 1702276322375, 'level': 'ALL', 'message': '12-11 08:28:41.439   653   959 W atdn    : \tat htad.a(PG:1)'}
{'timestamp': 1702276322375, 'level': 'ALL', 'message': '12-11 08:28:41.439   653   959 W atdn    : \tat hsza.run(PG:4)'}
{'timestamp': 1702276322375, 'level': 'ALL', 'message': '12-11 08:28:41.439   653   959 W atdn    : \tat htaf.run(PG:1)'}
{'timestamp': 1702276322375, 'level': 'ALL', 'message': '12-11 08:28:41.439   653   959 W atdn    : \tat exhk.run(PG:1)'}
{'timestamp': 1702276322375, 'level': 'ALL', 'message': '12-11 08:28:41.439   653   959 W atdn    : \tat java.util.concurrent.ThreadPoolExecutor.runWorker(ThreadPoolExecutor.java:1167)'}
{'timestamp': 1702276322375, 'level': 'ALL', 'message': '12-11 08:28:41.439   653   959 W atdn    : \tat java.util.concurrent.ThreadPoolExecutor$Worker.run(ThreadPoolExecutor.java:641)'}
{'timestamp': 1702276322375, 'level': 'ALL', 'message': '12-11 08:28:41.439   653   959 W atdn    : \tat exgp.run(PG:2)'}
{'timestamp': 1702276322375, 'level': 'ALL', 'message': '12-11 08:28:41.439   653   959 W atdn    : \tat java.lang.Thread.run(Thread.java:923)'}
{'timestamp': 1702276322375, 'level': 'ALL', 'message': '12-11 08:28:41.439   653   959 W atdn    : \tat exhp.run(PG:5)'}
{'timestamp': 1702276322375, 'level': 'ALL', 'message': '12-11 08:28:41.442   653   959 W avsu    : (REDACTED) Queue length for executor %s is now %d. Perhaps some tasks are too long, or the pool is too small.'}
{'timestamp': 1702276322375, 'level': 'ALL', 'message': '12-11 08:28:41.443   653  1036 I axcj    : (REDACTED) isOpaHotwordEnabled: %b'}
{'timestamp': 1702276322375, 'level': 'ALL', 'message': '12-11 08:28:41.444   653  1036 I axcj    : Disabling the hotword detector.'}
{'timestamp': 1702276322375, 'level': 'ALL', 'message': '12-11 08:28:41.445   653  1036 I aqdh    : (REDACTED) Updating hotword opa ineligibility to %b'}
{'timestamp': 1702276322375, 'level': 'ALL', 'message': '12-11 08:28:41.449   653  1036 I awzr    : getLocaleToModelSpecsMap'}
{'timestamp': 1702276322375, 'level': 'ALL', 'message': '12-11 08:28:41.449   653  1036 I awzr    : Fetching latest config from MDD...'}
{'timestamp': 1702276322375, 'level': 'ALL', 'message': '12-11 08:28:41.450   653  1036 I awzr    : (REDACTED) Found map of size: %d'}
{'timestamp': 1702276322375, 'level': 'ALL', 'message': '12-11 08:28:41.455   517   979 I cmhx    : (REDACTED) Connect Reason: %s'}
{'timestamp': 1702276322375, 'level': 'ALL', 'message': '12-11 08:28:41.456   517   979 I cmhx    : Connecting to Triggering Service.'}
{'timestamp': 1702276322375, 'level': 'ALL', 'message': '12-11 08:28:41.459   517  1099 I yvl     : Successfully initialized all components'}
{'timestamp': 1702276322377, 'level': 'ALL', 'message': '12-11 08:28:41.460   517   979 I cmqy    : #getEarcons'}
{'timestamp': 1702276322377, 'level': 'ALL', 'message': '12-11 08:28:41.468   517   979 I cnsv    : (REDACTED) #isBluetoothOrWiredHeadsetConnected Number of connected audio devices: %s'}
{'timestamp': 1702276322377, 'level': 'ALL', 'message': '12-11 08:28:41.468   517  1099 I bltl    : (REDACTED) State changed: %s => %s (%s)'}
{'timestamp': 1702276322377, 'level': 'ALL', 'message': '12-11 08:28:41.468   517   517 I hvbt    : (REDACTED) Created gRPC endpoint for service %s'}
{'timestamp': 1702276322377, 'level': 'ALL', 'message': '12-11 08:28:41.469   653  1036 W aryj    : (REDACTED) %s task was not run. Callback from Service received after client was disposed.'}
{'timestamp': 1702276322377, 'level': 'ALL', 'message': '12-11 08:28:41.473   653  1036 I chatty  : uid=10109(com.google.android.googlequicksearchbox) EventBus0 identical 6 lines'}
{'timestamp': 1702276322377, 'level': 'ALL', 'message': '12-11 08:28:41.473   653  1036 W aryj    : (REDACTED) %s task was not run. Callback from Service received after client was disposed.'}
{'timestamp': 1702276322377, 'level': 'ALL', 'message': '12-11 08:28:41.492   517  1066 I ugl     : no assistant invocation found, returning 0.'}
{'timestamp': 1702276322377, 'level': 'ALL', 'message': '12-11 08:28:41.495   517  1099 I cmqy    : #getEarcons'}
{'timestamp': 1702276322377, 'level': 'ALL', 'message': '12-11 08:28:41.496   517  1099 I cnsv    : (REDACTED) #isBluetoothOrWiredHeadsetConnected Number of connected audio devices: %s'}
{'timestamp': 1702276322377, 'level': 'ALL', 'message': '12-11 08:28:41.499   517   979 I cmzy    : (REDACTED) Robin eligibility : forceEnableRobinForSuwOptin %b'}
{'timestamp': 1702276322377, 'level': 'ALL', 'message': '12-11 08:28:41.499   517   979 I cmzy    : Robin eligibility: Robin experiment flag is disabled.'}
{'timestamp': 1702276322377, 'level': 'ALL', 'message': '12-11 08:28:41.501   517   979 I cmzy    : (REDACTED) Robin eligibility #evaluate: isEnabled = %s failure reasons: %s'}
{'timestamp': 1702276322377, 'level': 'ALL', 'message': '12-11 08:28:41.502   517   979 I cmzy    : (REDACTED) Robin eligibility : forceEnableRobinForSuwOptin %b'}
{'timestamp': 1702276322377, 'level': 'ALL', 'message': '12-11 08:28:41.502   517   979 I cmzy    : Robin eligibility: Robin experiment flag is disabled.'}
{'timestamp': 1702276322377, 'level': 'ALL', 'message': '12-11 08:28:41.502   517   979 I cmzy    : (REDACTED) Robin eligibility #evaluate: isEnabled = %s failure reasons: %s'}
{'timestamp': 1702276322377, 'level': 'ALL', 'message': '12-11 08:28:41.502   517  1099 I gqel    : (REDACTED) #onConfigUpdate. requester: %s'}
{'timestamp': 1702276322377, 'level': 'ALL', 'message': '12-11 08:28:41.502   517  1065 I ugl     : no assistant invocation found, returning 0.'}
{'timestamp': 1702276322377, 'level': 'ALL', 'message': '12-11 08:28:41.503   517   979 I gcss    : (REDACTED) New connection(%s) added, total(%d).'}
{'timestamp': 1702276322377, 'level': 'ALL', 'message': '12-11 08:28:41.503   517   979 I cmzy    : (REDACTED) Robin eligibility : forceEnableRobinForSuwOptin %b'}
{'timestamp': 1702276322377, 'level': 'ALL', 'message': '12-11 08:28:41.503   517   979 I cmzy    : Robin eligibility: Robin experiment flag is disabled.'}
{'timestamp': 1702276322377, 'level': 'ALL', 'message': '12-11 08:28:41.503   517   979 I cmzy    : (REDACTED) Robin eligibility #evaluate: isEnabled = %s failure reasons: %s'}
{'timestamp': 1702276322377, 'level': 'ALL', 'message': '12-11 08:28:41.503   517   979 I cqpb    : (REDACTED) isRobinEligible:%s, isRobinOptIn:%s, isRobinIconEnabled:%s, isImageComponentEnabled:%s'}
{'timestamp': 1702276322377, 'level': 'ALL', 'message': '12-11 08:28:41.507   517  1099 I gckv    : (REDACTED) Client connections changed: %s.'}
{'timestamp': 1702276322377, 'level': 'ALL', 'message': '12-11 08:28:41.508 32604  5319 E NearbyMediums: MEDIUM_ERROR [SYSTEM][BLE][START_ADVERTISING][START_LEGACY_ADVERTISING_FAILED][TIMEOUT], service-id=NearbySharing'}
{'timestamp': 1702276322377, 'level': 'ALL', 'message': '12-11 08:28:41.508   517  1099 I gqel    : #onConfigUpdate inside sequencer'}
{'timestamp': 1702276322377, 'level': 'ALL', 'message': '12-11 08:28:41.508   517  1099 I gqel    : (REDACTED) getAllConfigAndTakeAction called because of %s'}
{'timestamp': 1702276322377, 'level': 'ALL', 'message': '12-11 08:28:41.508   517  1099 I gcur    : (REDACTED) Initialize triggering managed lifecycle(%s)'}
{'timestamp': 1702276322377, 'level': 'ALL', 'message': '12-11 08:28:41.509   517  1099 I chatty  : uid=10109(com.google.android.googlequicksearchbox) Lite Thread #1 identical 5 lines'}
{'timestamp': 1702276322377, 'level': 'ALL', 'message': '12-11 08:28:41.509   517  1099 I gcur    : (REDACTED) Initialize triggering managed lifecycle(%s)'}
{'timestamp': 1702276322377, 'level': 'ALL', 'message': "12-11 08:28:41.509   517  1099 I gcrs    : (REDACTED) Using '%s' policy for same client allowance check."}
{'timestamp': 1702276322377, 'level': 'ALL', 'message': '12-11 08:28:41.509   517  1099 I gcur    : (REDACTED) Initialize triggering managed lifecycle(%s)'}
{'timestamp': 1702276322377, 'level': 'ALL', 'message': '12-11 08:28:41.510   517  1099 I gcur    : (REDACTED) Initialize triggering managed lifecycle(%s)'}
{'timestamp': 1702276322377, 'level': 'ALL', 'message': '12-11 08:28:41.511   517  1099 I cmzy    : (REDACTED) Robin eligibility : forceEnableRobinForSuwOptin %b'}
{'timestamp': 1702276322377, 'level': 'ALL', 'message': '12-11 08:28:41.511   517  1099 I cmzy    : Robin eligibility: Robin experiment flag is disabled.'}
{'timestamp': 1702276322377, 'level': 'ALL', 'message': '12-11 08:28:41.511   517   979 I cqpb    : (REDACTED) %s was not found: %s'}
{'timestamp': 1702276322377, 'level': 'ALL', 'message': '12-11 08:28:41.511   517   979 I gckv    : (REDACTED) Connection state changed: %s.'}
{'timestamp': 1702276322377, 'level': 'ALL', 'message': '12-11 08:28:41.511   517  1099 I cmzy    : (REDACTED) Robin eligibility #evaluate: isEnabled = %s failure reasons: %s'}
{'timestamp': 1702276322377, 'level': 'ALL', 'message': '12-11 08:28:41.512   517   979 I gqhi    : #getHotwordInformation'}
{'timestamp': 1702276322377, 'level': 'ALL', 'message': '12-11 08:28:41.512   517  1099 I cmrc    : (REDACTED) #FCF: Preferred assistant locale set %s'}
{'timestamp': 1702276322377, 'level': 'ALL', 'message': '12-11 08:28:41.514   517  1099 I cmrc    : (REDACTED) #FCF: Assistant primary locale : %s'}
{'timestamp': 1702276322377, 'level': 'ALL', 'message': '12-11 08:28:41.514   517  1099 I cmrc    : (REDACTED) #FCF: Assistant Primary locale check status : %s'}
{'timestamp': 1702276322377, 'level': 'ALL', 'message': '12-11 08:28:41.514   517  1099 I cmrw    : (REDACTED) FCF System FeatureName to check: %s'}
{'timestamp': 1702276322377, 'level': 'ALL', 'message': '12-11 08:28:41.515   517  1099 I cmrw    : (REDACTED) FCF: Device model check status : %s'}
{'timestamp': 1702276322377, 'level': 'ALL', 'message': '12-11 08:28:41.516   517  1099 I cmrw    : (REDACTED) FCF System FeatureName to check: %s'}
{'timestamp': 1702276322377, 'level': 'ALL', 'message': '12-11 08:28:41.516   517  1099 I cmrw    : (REDACTED) FCF: Device model check status : %s'}
{'timestamp': 1702276322377, 'level': 'ALL', 'message': '12-11 08:28:41.516   517  1099 I cmyg    : (REDACTED) #evaluate: isEnabled = %s failure reasons: %s'}
{'timestamp': 1702276322377, 'level': 'ALL', 'message': '12-11 08:28:41.516   517  1099 I cmfn    : (REDACTED) #initialConfig Current Locale set to: %s'}
{'timestamp': 1702276322377, 'level': 'ALL', 'message': '12-11 08:28:41.517   517  1099 I cmfn    : (REDACTED) #initialConfig Assistant is currently enabled: %s'}
{'timestamp': 1702276322377, 'level': 'ALL', 'message': '12-11 08:28:41.517   517  1099 I cmfn    : (REDACTED) #initialConfig InputModality is currently: %s'}
{'timestamp': 1702276322377, 'level': 'ALL', 'message': '12-11 08:28:41.517   517  1099 I cmfn    : (REDACTED) #initialConfig Speed Bump entry points: %s'}
{'timestamp': 1702276322377, 'level': 'ALL', 'message': '12-11 08:28:41.517   517  1099 I cmfn    : (REDACTED) #initialConfig Blocking oobe entrypoints: %s'}
{'timestamp': 1702276322377, 'level': 'ALL', 'message': '12-11 08:28:41.517   517  1099 I cmfn    : (REDACTED) #initialConfig Long Press Power Education entrypoints: %s'}
{'timestamp': 1702276322377, 'level': 'ALL', 'message': '12-11 08:28:41.517   517  1099 I cmfn    : (REDACTED) #initialConfig Robin entrypoints: %s'}
{'timestamp': 1702276322377, 'level': 'ALL', 'message': '12-11 08:28:41.517   517  1099 I cmfn    : (REDACTED) #initialConfig Preferred audio route type: %s'}
{'timestamp': 1702276322377, 'level': 'ALL', 'message': '12-11 08:28:41.517   517  1099 I cmfn    : (REDACTED) #initialConfig Earcons to be added: %s'}
{'timestamp': 1702276322377, 'level': 'ALL', 'message': '12-11 08:28:41.517   517  1099 I cmfn    : (REDACTED) #initialConfig Mic occupied behavior: %s'}
{'timestamp': 1702276322377, 'level': 'ALL', 'message': '12-11 08:28:41.517   517  1099 I cmfn    : (REDACTED) #initialConfig Headphone voice queries and spoken notifications status: %s'}
{'timestamp': 1702276322377, 'level': 'ALL', 'message': '12-11 08:28:41.518   517  1099 I gckv    : (REDACTED) Invocations routing has changed'}
{'timestamp': 1702276322377, 'level': 'ALL', 'message': '12-11 08:28:41.518   517  1099 I gckv    : %s'}
{'timestamp': 1702276322377, 'level': 'ALL', 'message': '12-11 08:28:41.518   517  1099 I cmrw    : (REDACTED) FCF System FeatureName to check: %s'}
{'timestamp': 1702276322377, 'level': 'ALL', 'message': '12-11 08:28:41.518   517  1099 I cmrw    : (REDACTED) FCF: Device model check status : %s'}
{'timestamp': 1702276322377, 'level': 'ALL', 'message': '12-11 08:28:41.518   517  1099 I cmyg    : (REDACTED) #evaluate: isEnabled = %s failure reasons: %s'}
{'timestamp': 1702276322377, 'level': 'ALL', 'message': '12-11 08:28:41.518   517  1099 I cmrw    : (REDACTED) FCF System FeatureName to check: %s'}
{'timestamp': 1702276322377, 'level': 'ALL', 'message': '12-11 08:28:41.519   517  1099 I cmrw    : (REDACTED) FCF: Device model check status : %s'}
{'timestamp': 1702276322377, 'level': 'ALL', 'message': '12-11 08:28:41.519   517  1099 I cmyg    : (REDACTED) #evaluate: isEnabled = %s failure reasons: %s'}
{'timestamp': 1702276322377, 'level': 'ALL', 'message': '12-11 08:28:41.520   517  1099 I cmrc    : (REDACTED) #FCF: Preferred assistant locale set %s'}
{'timestamp': 1702276322377, 'level': 'ALL', 'message': '12-11 08:28:41.520   517  1099 I cmrw    : (REDACTED) FCF System FeatureName to check: %s'}
{'timestamp': 1702276322377, 'level': 'ALL', 'message': '12-11 08:28:41.520   517  1099 I cmrw    : (REDACTED) FCF: Device model check status : %s'}
{'timestamp': 1702276322377, 'level': 'ALL', 'message': '12-11 08:28:41.520   517  1099 I cmrw    : (REDACTED) FCF System FeatureName to check: %s'}
{'timestamp': 1702276322377, 'level': 'ALL', 'message': '12-11 08:28:41.520   517  1099 I cmrw    : (REDACTED) FCF: Device model check status : %s'}
{'timestamp': 1702276322377, 'level': 'ALL', 'message': '12-11 08:28:41.521   517  1099 I cmyg    : (REDACTED) #evaluate: isEnabled = %s failure reasons: %s'}
{'timestamp': 1702276322377, 'level': 'ALL', 'message': '12-11 08:28:41.521   517  1099 I cmyi    : (REDACTED) #evaluate: isEnabled = %s failure reasons: %s'}
{'timestamp': 1702276322377, 'level': 'ALL', 'message': '12-11 08:28:41.521   517  1099 I cmyn    : (REDACTED) #evaluate: isEnabled = %s failure reasons: %s'}
{'timestamp': 1702276322377, 'level': 'ALL', 'message': '12-11 08:28:41.522   517  1099 I gcvj    : (REDACTED) Platform configuration for connection(%s) has changed(@%s):%s'}
{'timestamp': 1702276322377, 'level': 'ALL', 'message': '12-11 08:28:41.522   517  1099 I gcsi    : (REDACTED) On platform configuration update(@%s) in connection(%s).'}
{'timestamp': 1702276322377, 'level': 'ALL', 'message': '12-11 08:28:41.522   517  1099 I cmrc    : (REDACTED) #FCF: Preferred assistant locale set %s'}
{'timestamp': 1702276322377, 'level': 'ALL', 'message': '12-11 08:28:41.523   517  1099 I cmrw    : (REDACTED) FCF System FeatureName to check: %s'}
{'timestamp': 1702276322377, 'level': 'ALL', 'message': '12-11 08:28:41.523   517  1099 I cmrw    : (REDACTED) FCF: Device model check status : %s'}
{'timestamp': 1702276322377, 'level': 'ALL', 'message': '12-11 08:28:41.523   517  1099 I cmyt    : (REDACTED) #evaluate: isEnabled[ = %s failure reasons: %s'}
{'timestamp': 1702276322377, 'level': 'ALL', 'message': '12-11 08:28:41.523   517  1099 I cmys    : (REDACTED) #evaluate: isEnabled = %s failure reasons: %s'}
{'timestamp': 1702276322377, 'level': 'ALL', 'message': '12-11 08:28:41.523   517  1099 I cmhx    : (REDACTED) On platform configuration update(%s).'}
{'timestamp': 1702276322377, 'level': 'ALL', 'message': '12-11 08:28:41.523   517  1099 I cmhx    : Received ConfigurationUpdate from Triggering API'}
{'timestamp': 1702276322377, 'level': 'ALL', 'message': '12-11 08:28:41.523   517  1099 I cmfn    : (REDACTED) Needs to download files: %s'}
{'timestamp': 1702276322377, 'level': 'ALL', 'message': '12-11 08:28:41.524   517   979 I gqhi    : #getHotwordInformation bindService'}
{'timestamp': 1702276322377, 'level': 'ALL', 'message': '12-11 08:28:41.525   517   517 I gqhi    : (REDACTED) Connected to HotwordService. ComponentName %s, service %s'}
{'timestamp': 1702276322377, 'level': 'ALL', 'message': '12-11 08:28:41.525   517  1099 I cmzy    : (REDACTED) Robin eligibility : forceEnableRobinForSuwOptin %b'}
{'timestamp': 1702276322377, 'level': 'ALL', 'message': '12-11 08:28:41.526   517  1099 I cmzy    : Robin eligibility: Robin experiment flag is disabled.'}
{'timestamp': 1702276322377, 'level': 'ALL', 'message': '12-11 08:28:41.526   517  1099 I cmzy    : (REDACTED) Robin eligibility #evaluate: isEnabled = %s failure reasons: %s'}
{'timestamp': 1702276322377, 'level': 'ALL', 'message': '12-11 08:28:41.526   517  1099 I cmrc    : (REDACTED) #FCF: Preferred assistant locale set %s'}
{'timestamp': 1702276322377, 'level': 'ALL', 'message': '12-11 08:28:41.526   517  1099 I cmrc    : (REDACTED) #FCF: Assistant primary locale : %s'}
{'timestamp': 1702276322377, 'level': 'ALL', 'message': '12-11 08:28:41.527   517  1099 I cmrc    : (REDACTED) #FCF: Assistant Primary locale check status : %s'}
{'timestamp': 1702276322377, 'level': 'ALL', 'message': '12-11 08:28:41.527   517  1099 I cmrw    : (REDACTED) FCF System FeatureName to check: %s'}
{'timestamp': 1702276322377, 'level': 'ALL', 'message': '12-11 08:28:41.527   517  1099 I cmrw    : (REDACTED) FCF: Device model check status : %s'}
{'timestamp': 1702276322377, 'level': 'ALL', 'message': '12-11 08:28:41.527   517  1099 I cmrw    : (REDACTED) FCF System FeatureName to check: %s'}
{'timestamp': 1702276322377, 'level': 'ALL', 'message': '12-11 08:28:41.527   517  1099 I cmrw    : (REDACTED) FCF: Device model check status : %s'}
{'timestamp': 1702276322377, 'level': 'ALL', 'message': '12-11 08:28:41.527   517  1099 I cmyg    : (REDACTED) #evaluate: isEnabled = %s failure reasons: %s'}
{'timestamp': 1702276322377, 'level': 'ALL', 'message': '12-11 08:28:41.527   517  1099 I cmfn    : (REDACTED) #initialConfig Current Locale set to: %s'}
{'timestamp': 1702276322377, 'level': 'ALL', 'message': '12-11 08:28:41.527   517  1099 I cmfn    : (REDACTED) #initialConfig Assistant is currently enabled: %s'}
{'timestamp': 1702276322377, 'level': 'ALL', 'message': '12-11 08:28:41.527   517  1099 I cmfn    : (REDACTED) #initialConfig InputModality is currently: %s'}
{'timestamp': 1702276322377, 'level': 'ALL', 'message': '12-11 08:28:41.527   517  1099 I cmfn    : (REDACTED) #initialConfig Speed Bump entry points: %s'}
{'timestamp': 1702276322377, 'level': 'ALL', 'message': '12-11 08:28:41.527   517  1099 I cmfn    : (REDACTED) #initialConfig Blocking oobe entrypoints: %s'}
{'timestamp': 1702276322377, 'level': 'ALL', 'message': '12-11 08:28:41.527   517  1099 I cmfn    : (REDACTED) #initialConfig Long Press Power Education entrypoints: %s'}
{'timestamp': 1702276322377, 'level': 'ALL', 'message': '12-11 08:28:41.527   517  1099 I cmfn    : (REDACTED) #initialConfig Robin entrypoints: %s'}
{'timestamp': 1702276322377, 'level': 'ALL', 'message': '12-11 08:28:41.527   517  1099 I cmfn    : (REDACTED) #initialConfig Preferred audio route type: %s'}
{'timestamp': 1702276322377, 'level': 'ALL', 'message': '12-11 08:28:41.527   517  1099 I cmfn    : (REDACTED) #initialConfig Earcons to be added: %s'}
{'timestamp': 1702276322377, 'level': 'ALL', 'message': '12-11 08:28:41.527   517  1099 I cmfn    : (REDACTED) #initialConfig Mic occupied behavior: %s'}
{'timestamp': 1702276322377, 'level': 'ALL', 'message': '12-11 08:28:41.527   517  1099 I cmfn    : (REDACTED) #initialConfig Headphone voice queries and spoken notifications status: %s'}
{'timestamp': 1702276322377, 'level': 'ALL', 'message': '12-11 08:28:41.528   517  1099 I cmib    : (REDACTED) Updated TngActivationStateResult %s'}
{'timestamp': 1702276322377, 'level': 'ALL', 'message': '12-11 08:28:41.528   517   979 I cmhx    : (REDACTED) starting updateConfig, reason: %s'}
{'timestamp': 1702276322377, 'level': 'ALL', 'message': '12-11 08:28:41.528   517  1099 I cmib    : (REDACTED) Emit result=%s'}
{'timestamp': 1702276322377, 'level': 'ALL', 'message': '12-11 08:28:41.528   517  1099 I cmgb    : Scheduling setting Phenotype experience experiments id'}
{'timestamp': 1702276322377, 'level': 'ALL', 'message': '12-11 08:28:41.528   517  1099 I cmhx    : Client successfully connected!'}
{'timestamp': 1702276322377, 'level': 'ALL', 'message': '12-11 08:28:41.529   517   979 I cmhx    : No changes in config detected'}
{'timestamp': 1702276322377, 'level': 'ALL', 'message': '12-11 08:28:41.529   517   979 I gcsi    : (REDACTED) New message(%s, @%s) received at connection(%s).'}
{'timestamp': 1702276322377, 'level': 'ALL', 'message': '12-11 08:28:41.538   517 11280 I gqhi    : Handing HotwordService connection in executor.'}
{'timestamp': 1702276322377, 'level': 'ALL', 'message': '12-11 08:28:41.538   517  1099 I cmcg    : Calling speech biasing context session'}
{'timestamp': 1702276322377, 'level': 'ALL', 'message': '12-11 08:28:41.539   517   979 I gcsi    : (REDACTED) Setting client id(%s) at connection(%s).'}
{'timestamp': 1702276322377, 'level': 'ALL', 'message': '12-11 08:28:41.539   517   979 I gcsi    : (REDACTED) Message(%s, @%s) has been successfully processed at connection(%s).'}
{'timestamp': 1702276322377, 'level': 'ALL', 'message': '12-11 08:28:41.539   517   979 I cmqy    : #getEarcons'}
{'timestamp': 1702276322377, 'level': 'ALL', 'message': '12-11 08:28:41.540   517   979 I cnsv    : (REDACTED) #isBluetoothOrWiredHeadsetConnected Number of connected audio devices: %s'}
{'timestamp': 1702276322377, 'level': 'ALL', 'message': '12-11 08:28:41.540   517   979 I cmrw    : (REDACTED) FCF System FeatureName to check: %s'}
{'timestamp': 1702276322377, 'level': 'ALL', 'message': '12-11 08:28:41.540   517   979 I cmrw    : (REDACTED) FCF: Device model check status : %s'}
{'timestamp': 1702276322377, 'level': 'ALL', 'message': '12-11 08:28:41.541   517   979 I cmrc    : (REDACTED) #FCF: Assistant primary locale : %s'}
{'timestamp': 1702276322377, 'level': 'ALL', 'message': '12-11 08:28:41.541   517   979 I cmrc    : (REDACTED) #FCF: Assistant Primary locale check status : %s'}
{'timestamp': 1702276322377, 'level': 'ALL', 'message': '12-11 08:28:41.541   517   979 I cmwf    : (REDACTED) #evaluate: isEnabled = %s failure reasons: %s'}
{'timestamp': 1702276322377, 'level': 'ALL', 'message': '12-11 08:28:41.541   517  1065 I ugl     : no assistant invocation found, returning 0.'}
{'timestamp': 1702276322377, 'level': 'ALL', 'message': '12-11 08:28:41.541   517   979 I cmrw    : (REDACTED) FCF System FeatureName to check: %s'}
{'timestamp': 1702276322377, 'level': 'ALL', 'message': '12-11 08:28:41.542   517   979 I cmrw    : (REDACTED) FCF: Device model check status : %s'}
{'timestamp': 1702276322377, 'level': 'ALL', 'message': '12-11 08:28:41.542   517  1065 I cmrw    : (REDACTED) FCF System FeatureName to check: %s'}
{'timestamp': 1702276322377, 'level': 'ALL', 'message': '12-11 08:28:41.542   517   979 I cmrw    : (REDACTED) FCF System FeatureName to check: %s'}
{'timestamp': 1702276322377, 'level': 'ALL', 'message': '12-11 08:28:41.542   517  1065 I cmrw    : (REDACTED) FCF: Device model check status : %s'}
{'timestamp': 1702276322377, 'level': 'ALL', 'message': '12-11 08:28:41.542   517   979 I cmrw    : (REDACTED) FCF: Device model check status : %s'}
{'timestamp': 1702276322377, 'level': 'ALL', 'message': '12-11 08:28:41.542   517  1065 I cmrw    : (REDACTED) FCF System FeatureName to check: %s'}
{'timestamp': 1702276322377, 'level': 'ALL', 'message': '12-11 08:28:41.542   517   979 I cmrw    : (REDACTED) FCF System FeatureName to check: %s'}
{'timestamp': 1702276322377, 'level': 'ALL', 'message': '12-11 08:28:41.542   517  1065 I cmrw    : (REDACTED) FCF: Device model check status : %s'}
{'timestamp': 1702276322377, 'level': 'ALL', 'message': '12-11 08:28:41.542   517   979 I cmrw    : (REDACTED) FCF: Device model check status : %s'}
{'timestamp': 1702276322377, 'level': 'ALL', 'message': '12-11 08:28:41.545   517  1099 I gckv    : (REDACTED) Connection state changed: %s.'}
{'timestamp': 1702276322377, 'level': 'ALL', 'message': '12-11 08:28:41.545   517   979 I cmzy    : (REDACTED) Robin eligibility : forceEnableRobinForSuwOptin %b'}
{'timestamp': 1702276322377, 'level': 'ALL', 'message': '12-11 08:28:41.545   517   979 I cmzy    : Robin eligibility: Robin experiment flag is disabled.'}
{'timestamp': 1702276322377, 'level': 'ALL', 'message': '12-11 08:28:41.545   517   979 I cmzy    : (REDACTED) Robin eligibility #evaluate: isEnabled = %s failure reasons: %s'}
{'timestamp': 1702276322377, 'level': 'ALL', 'message': '12-11 08:28:41.545   653   683 I awzr    : getLocaleToModelSpecsMap'}
{'timestamp': 1702276322377, 'level': 'ALL', 'message': '12-11 08:28:41.545   653   683 I awzr    : Fetching latest config from MDD...'}
{'timestamp': 1702276322377, 'level': 'ALL', 'message': '12-11 08:28:41.546   653   683 I awzr    : (REDACTED) Found map of size: %d'}
{'timestamp': 1702276322377, 'level': 'ALL', 'message': '12-11 08:28:41.546   653   683 I axcj    : (REDACTED) hasHotwordEverywhere-%b'}
{'timestamp': 1702276322377, 'level': 'ALL', 'message': '12-11 08:28:41.546   517  1099 I cmzy    : (REDACTED) Robin eligibility : forceEnableRobinForSuwOptin %b'}
{'timestamp': 1702276322377, 'level': 'ALL', 'message': '12-11 08:28:41.546   517  1099 I cmzy    : Robin eligibility: Robin experiment flag is disabled.'}
{'timestamp': 1702276322377, 'level': 'ALL', 'message': '12-11 08:28:41.546   517   979 I gckv    : (REDACTED) Invocations routing has changed'}
{'timestamp': 1702276322377, 'level': 'ALL', 'message': '12-11 08:28:41.546   517   979 I gckv    : %s'}
{'timestamp': 1702276322377, 'level': 'ALL', 'message': '12-11 08:28:41.546   517  1099 I cmzy    : (REDACTED) Robin eligibility #evaluate: isEnabled = %s failure reasons: %s'}
{'timestamp': 1702276322377, 'level': 'ALL', 'message': '12-11 08:28:41.546   517  1099 I cmzy    : (REDACTED) Robin eligibility : forceEnableRobinForSuwOptin %b'}
{'timestamp': 1702276322377, 'level': 'ALL', 'message': '12-11 08:28:41.546   517  1099 I cmzy    : Robin eligibility: Robin experiment flag is disabled.'}
{'timestamp': 1702276322377, 'level': 'ALL', 'message': '12-11 08:28:41.546   517  1099 I cmzy    : (REDACTED) Robin eligibility #evaluate: isEnabled = %s failure reasons: %s'}
{'timestamp': 1702276322377, 'level': 'ALL', 'message': '12-11 08:28:41.547   653   683 I axed    : (REDACTED) #getHotwordModelFromMobstore [mobstoreUri: %s]'}
{'timestamp': 1702276322377, 'level': 'ALL', 'message': '12-11 08:28:41.548   517  1099 I cmrc    : (REDACTED) #FCF: Preferred assistant locale set %s'}
{'timestamp': 1702276322377, 'level': 'ALL', 'message': '12-11 08:28:41.549   517  1099 I cmrc    : (REDACTED) #FCF: Assistant primary locale : %s'}
{'timestamp': 1702276322377, 'level': 'ALL', 'message': '12-11 08:28:41.549   517  1099 I cmrc    : (REDACTED) #FCF: Assistant Primary locale check status : %s'}
{'timestamp': 1702276322377, 'level': 'ALL', 'message': '12-11 08:28:41.549   517  1099 I cmrw    : (REDACTED) FCF System FeatureName to check: %s'}
{'timestamp': 1702276322377, 'level': 'ALL', 'message': '12-11 08:28:41.549   517  1099 I cmrw    : (REDACTED) FCF: Device model check status : %s'}
{'timestamp': 1702276322377, 'level': 'ALL', 'message': '12-11 08:28:41.549   517  1099 I cmrw    : (REDACTED) FCF System FeatureName to check: %s'}
{'timestamp': 1702276322377, 'level': 'ALL', 'message': '12-11 08:28:41.549   517  1099 I cmrw    : (REDACTED) FCF: Device model check status : %s'}
{'timestamp': 1702276322378, 'level': 'ALL', 'message': '12-11 08:28:41.549   517  1099 I cmyg    : (REDACTED) #evaluate: isEnabled = %s failure reasons: %s'}
{'timestamp': 1702276322378, 'level': 'ALL', 'message': '12-11 08:28:41.549   517  1099 I cmfn    : (REDACTED) #initialConfig Current Locale set to: %s'}
{'timestamp': 1702276322378, 'level': 'ALL', 'message': '12-11 08:28:41.549   517  1099 I cmfn    : (REDACTED) #initialConfig Assistant is currently enabled: %s'}
{'timestamp': 1702276322378, 'level': 'ALL', 'message': '12-11 08:28:41.549   517  1099 I cmfn    : (REDACTED) #initialConfig InputModality is currently: %s'}
{'timestamp': 1702276322378, 'level': 'ALL', 'message': '12-11 08:28:41.549   517  1099 I cmfn    : (REDACTED) #initialConfig Speed Bump entry points: %s'}
{'timestamp': 1702276322378, 'level': 'ALL', 'message': '12-11 08:28:41.549   517  1099 I cmfn    : (REDACTED) #initialConfig Blocking oobe entrypoints: %s'}
{'timestamp': 1702276322378, 'level': 'ALL', 'message': '12-11 08:28:41.550   517  1099 I cmfn    : (REDACTED) #initialConfig Long Press Power Education entrypoints: %s'}
{'timestamp': 1702276322378, 'level': 'ALL', 'message': '12-11 08:28:41.550   517  1099 I cmfn    : (REDACTED) #initialConfig Robin entrypoints: %s'}
{'timestamp': 1702276322378, 'level': 'ALL', 'message': '12-11 08:28:41.550   517  1099 I cmfn    : (REDACTED) #initialConfig Preferred audio route type: %s'}
{'timestamp': 1702276322378, 'level': 'ALL', 'message': '12-11 08:28:41.550   517  1065 I cmyg    : (REDACTED) #evaluate: isEnabled = %s failure reasons: %s'}
{'timestamp': 1702276322379, 'level': 'ALL', 'message': '12-11 08:28:41.550   517  1065 I cmyi    : (REDACTED) #evaluate: isEnabled = %s failure reasons: %s'}
{'timestamp': 1702276322379, 'level': 'ALL', 'message': '12-11 08:28:41.550   653  1036 W aryj    : (REDACTED) %s task was not run. Callback from Service received after client was disposed.'}
{'timestamp': 1702276322379, 'level': 'ALL', 'message': '12-11 08:28:41.550   517  1065 I cmrw    : (REDACTED) FCF System FeatureName to check: %s'}
{'timestamp': 1702276322379, 'level': 'ALL', 'message': '12-11 08:28:41.550   517  1065 I cmrw    : (REDACTED) FCF: Device model check status : %s'}
{'timestamp': 1702276322379, 'level': 'ALL', 'message': '12-11 08:28:41.550   517  1065 I cmyt    : (REDACTED) #evaluate: isEnabled[ = %s failure reasons: %s'}
{'timestamp': 1702276322379, 'level': 'ALL', 'message': '12-11 08:28:41.550   517  1065 I ckxv    : Not connecting: not eligible for ondevice ASR and fulfillment'}
{'timestamp': 1702276322379, 'level': 'ALL', 'message': '12-11 08:28:41.550   653  1036 I bfqg    : (REDACTED) Initializing MicroDataManager InitializeType-%d, isForced-%b, isActivePhoneEnrollment-%b isActiveGoogleHomeEnrollment-%b'}
{'timestamp': 1702276322379, 'level': 'ALL', 'message': '12-11 08:28:41.551   653  1036 I awzr    : getLocaleToModelSpecsMap'}
{'timestamp': 1702276322379, 'level': 'ALL', 'message': '12-11 08:28:41.551   653  1036 I awzr    : Fetching latest config from MDD...'}
{'timestamp': 1702276322379, 'level': 'ALL', 'message': '12-11 08:28:41.551   653  1036 I awzr    : (REDACTED) Found map of size: %d'}
{'timestamp': 1702276322379, 'level': 'ALL', 'message': '12-11 08:28:41.551   653  1036 I axdu    : (REDACTED) Location for model with model type: %s and locale: %s, is : %s'}
{'timestamp': 1702276322379, 'level': 'ALL', 'message': '12-11 08:28:41.551   653  1036 I axcj    : (REDACTED) isOpaHotwordEnabled: %b'}
{'timestamp': 1702276322379, 'level': 'ALL', 'message': '12-11 08:28:41.551   653  1036 I axcj    : Disabling the hotword detector.'}
{'timestamp': 1702276322379, 'level': 'ALL', 'message': '12-11 08:28:41.552   517  1099 I cmfn    : (REDACTED) #initialConfig Earcons to be added: %s'}
{'timestamp': 1702276322379, 'level': 'ALL', 'message': '12-11 08:28:41.552   517  1099 I cmfn    : (REDACTED) #initialConfig Mic occupied behavior: %s'}
{'timestamp': 1702276322379, 'level': 'ALL', 'message': '12-11 08:28:41.552   517  1099 I cmfn    : (REDACTED) #initialConfig Headphone voice queries and spoken notifications status: %s'}
{'timestamp': 1702276322379, 'level': 'ALL', 'message': '12-11 08:28:41.552   653   683 I HotwordService: (REDACTED) Model ID: %s'}
{'timestamp': 1702276322379, 'level': 'ALL', 'message': '12-11 08:28:41.552   517  1099 I gdbo    : (REDACTED) On hotword consumer changed: %s.'}
{'timestamp': 1702276322379, 'level': 'ALL', 'message': '12-11 08:28:41.553   517  1099 I cmrw    : (REDACTED) FCF System FeatureName to check: %s'}
{'timestamp': 1702276322379, 'level': 'ALL', 'message': '12-11 08:28:41.553   517  1099 I cmrw    : (REDACTED) FCF: Device model check status : %s'}
{'timestamp': 1702276322379, 'level': 'ALL', 'message': '12-11 08:28:41.553   517   938 I gcyb    : (REDACTED) Hotword consumer configuration has changed: %s.'}
{'timestamp': 1702276322379, 'level': 'ALL', 'message': '12-11 08:28:41.553   517  1099 I cmyg    : (REDACTED) #evaluate: isEnabled = %s failure reasons: %s'}
{'timestamp': 1702276322379, 'level': 'ALL', 'message': '12-11 08:28:41.553   517  1099 I cmrw    : (REDACTED) FCF System FeatureName to check: %s'}
{'timestamp': 1702276322379, 'level': 'ALL', 'message': '12-11 08:28:41.553   517  1099 I cmrw    : (REDACTED) FCF: Device model check status : %s'}
{'timestamp': 1702276322379, 'level': 'ALL', 'message': '12-11 08:28:41.554   517  1099 I cmyg    : (REDACTED) #evaluate: isEnabled = %s failure reasons: %s'}
{'timestamp': 1702276322379, 'level': 'ALL', 'message': '12-11 08:28:41.554   517   938 I gczx    : (REDACTED) Updating HDM frontend with configuration=@%s.'}
{'timestamp': 1702276322379, 'level': 'ALL', 'message': '12-11 08:28:41.554   517  1099 I cmrc    : (REDACTED) #FCF: Preferred assistant locale set %s'}
{'timestamp': 1702276322379, 'level': 'ALL', 'message': '12-11 08:28:41.554   517  1099 I cmrw    : (REDACTED) FCF System FeatureName to check: %s'}
{'timestamp': 1702276322379, 'level': 'ALL', 'message': '12-11 08:28:41.554   517  1099 I cmrw    : (REDACTED) FCF: Device model check status : %s'}
{'timestamp': 1702276322379, 'level': 'ALL', 'message': '12-11 08:28:41.554   517  1099 I cmrw    : (REDACTED) FCF System FeatureName to check: %s'}
{'timestamp': 1702276322379, 'level': 'ALL', 'message': '12-11 08:28:41.554   517  1099 I cmrw    : (REDACTED) FCF: Device model check status : %s'}
{'timestamp': 1702276322379, 'level': 'ALL', 'message': '12-11 08:28:41.554   517   938 I gqel    : (REDACTED) #update. Operational mode passed in HotwordConfig is %s'}
{'timestamp': 1702276322379, 'level': 'ALL', 'message': '12-11 08:28:41.554   517  1099 I cmyg    : (REDACTED) #evaluate: isEnabled = %s failure reasons: %s'}
{'timestamp': 1702276322379, 'level': 'ALL', 'message': '12-11 08:28:41.554   517  1099 I cmyi    : (REDACTED) #evaluate: isEnabled = %s failure reasons: %s'}
{'timestamp': 1702276322379, 'level': 'ALL', 'message': '12-11 08:28:41.554   517  1099 I cmyn    : (REDACTED) #evaluate: isEnabled = %s failure reasons: %s'}
{'timestamp': 1702276322379, 'level': 'ALL', 'message': '12-11 08:28:41.555   517  1099 I gqel    : (REDACTED) Receive Accountid: %s'}
{'timestamp': 1702276322379, 'level': 'ALL', 'message': '12-11 08:28:41.555   517  1099 I cmrc    : (REDACTED) #FCF: Preferred assistant locale set %s'}
{'timestamp': 1702276322379, 'level': 'ALL', 'message': '12-11 08:28:41.555   517  1099 I cmrw    : (REDACTED) FCF System FeatureName to check: %s'}
{'timestamp': 1702276322379, 'level': 'ALL', 'message': '12-11 08:28:41.555   517  1099 I cmrw    : (REDACTED) FCF: Device model check status : %s'}
{'timestamp': 1702276322379, 'level': 'ALL', 'message': '12-11 08:28:41.555   517  1099 I cmyt    : (REDACTED) #evaluate: isEnabled[ = %s failure reasons: %s'}
{'timestamp': 1702276322379, 'level': 'ALL', 'message': '12-11 08:28:41.555   517  1099 I cmys    : (REDACTED) #evaluate: isEnabled = %s failure reasons: %s'}
{'timestamp': 1702276322379, 'level': 'ALL', 'message': '12-11 08:28:41.559   653  1036 I aqdh    : (REDACTED) #takeChangeMicroDetectorMode [mIsBargeInEnabled: %b, mCurrentDetectionMode: %s]'}
{'timestamp': 1702276322379, 'level': 'ALL', 'message': '12-11 08:28:41.559   653  1036 I aqdh    : (REDACTED) Should stop hotword detection immediately - %b'}
{'timestamp': 1702276322379, 'level': 'ALL', 'message': '12-11 08:28:41.560   653  1036 I axcj    : (REDACTED) isOpaHotwordEnabled: %b'}
{'timestamp': 1702276322379, 'level': 'ALL', 'message': '12-11 08:28:41.560   653  1036 I axcj    : Disabling the hotword detector.'}
{'timestamp': 1702276322379, 'level': 'ALL', 'message': '12-11 08:28:41.560   653  1036 I aqdh    : (REDACTED) #takeChangeMicroDetectorMode [mIsBargeInEnabled: %b, mCurrentDetectionMode: %s]'}
{'timestamp': 1702276322379, 'level': 'ALL', 'message': '12-11 08:28:41.561   653  1036 I aqdh    : (REDACTED) Should stop hotword detection immediately - %b'}
{'timestamp': 1702276322379, 'level': 'ALL', 'message': '12-11 08:28:41.561   653   683 I HotwordService: (REDACTED) hotwordModelLocation is null %b, locale is %s, re-mapped Chinese locale %s'}
{'timestamp': 1702276322379, 'level': 'ALL', 'message': '12-11 08:28:41.561   653  1036 W aryj    : (REDACTED) %s task was not run. Callback from Service received after client was disposed.'}
{'timestamp': 1702276322379, 'level': 'ALL', 'message': '12-11 08:28:41.561   653  1036 W aryj    : (REDACTED) %s task was not run. Callback from Service received after client was disposed.'}
{'timestamp': 1702276322379, 'level': 'ALL', 'message': '12-11 08:28:41.561   653   683 I HotwordService: (REDACTED) isOpaEligibleAndUserEnabled: %b'}
{'timestamp': 1702276322379, 'level': 'ALL', 'message': '12-11 08:28:41.566   653  1036 W aryj    : (REDACTED) %s task was not run. Callback from Service received after client was disposed.'}
{'timestamp': 1702276322379, 'level': 'ALL', 'message': '12-11 08:28:41.567   653 10737 I bxhq    : (REDACTED) Deleted sessionId[%d] from persistence.'}
{'timestamp': 1702276322379, 'level': 'ALL', 'message': '12-11 08:28:41.568   517   979 I gcvj    : (REDACTED) Platform configuration for connection(%s) has changed(@%s):%s'}
{'timestamp': 1702276322379, 'level': 'ALL', 'message': '12-11 08:28:41.568   517   979 I gcsi    : (REDACTED) On platform configuration update(@%s) in connection(%s).'}
{'timestamp': 1702276322379, 'level': 'ALL', 'message': '12-11 08:28:41.571   653  1036 W apkf    : Abort, client detached.'}
{'timestamp': 1702276322379, 'level': 'ALL', 'message': '12-11 08:28:41.572   653  1036 I bnpw    : (REDACTED) taskGraphFactory: %s#%d'}
{'timestamp': 1702276322379, 'level': 'ALL', 'message': '12-11 08:28:41.574   653  1036 I axcj    : (REDACTED) isOpaHotwordEnabled: %b'}
{'timestamp': 1702276322379, 'level': 'ALL', 'message': '12-11 08:28:41.574   653  1036 I axcj    : Disabling the hotword detector.'}
{'timestamp': 1702276322379, 'level': 'ALL', 'message': '12-11 08:28:41.575   517 11280 I gqhi    : HotwordInformation fetch will try to save hotword model.'}
{'timestamp': 1702276322379, 'level': 'ALL', 'message': '12-11 08:28:41.577   517   979 I gqel    : (REDACTED) #onConfigUpdate. requester: %s'}
{'timestamp': 1702276322379, 'level': 'ALL', 'message': '12-11 08:28:41.578   517   979 I gqel    : (REDACTED) #onConfigUpdate. requester: %s'}
{'timestamp': 1702276322379, 'level': 'ALL', 'message': '12-11 08:28:41.579   517   979 I cmfn    : (REDACTED) Needs to download files: %s'}
{'timestamp': 1702276322379, 'level': 'ALL', 'message': '12-11 08:28:41.579   517   979 I cmhx    : No changes in config detected'}
{'timestamp': 1702276322379, 'level': 'ALL', 'message': '12-11 08:28:41.580   517 11280 I gqhi    : onSuccess getHotwordInformation'}
{'timestamp': 1702276322379, 'level': 'ALL', 'message': '12-11 08:28:41.580   653  1036 I aqdh    : (REDACTED) #takeChangeMicroDetectorMode [mIsBargeInEnabled: %b, mCurrentDetectionMode: %s]'}
{'timestamp': 1702276322379, 'level': 'ALL', 'message': '12-11 08:28:41.581   653  1036 I aqdh    : (REDACTED) Should stop hotword detection immediately - %b'}
{'timestamp': 1702276322379, 'level': 'ALL', 'message': '12-11 08:28:41.582   653  1036 I awzr    : getLocaleToModelSpecsMap'}
{'timestamp': 1702276322379, 'level': 'ALL', 'message': '12-11 08:28:41.582   517   979 I gqhi    : Save the hotword model in the HotwordInformation.'}
{'timestamp': 1702276322379, 'level': 'ALL', 'message': '12-11 08:28:41.582   653  1036 I awzr    : Fetching latest config from MDD...'}
{'timestamp': 1702276322379, 'level': 'ALL', 'message': '12-11 08:28:41.582   653  1036 I awzr    : (REDACTED) Found map of size: %d'}
{'timestamp': 1702276322379, 'level': 'ALL', 'message': '12-11 08:28:41.583   517   979 I gqel    : (REDACTED) #onConfigUpdate. requester: %s'}
{'timestamp': 1702276322379, 'level': 'ALL', 'message': '12-11 08:28:41.583   517   979 I gqel    : getHotwordInformationWithRetry returned.'}
{'timestamp': 1702276322379, 'level': 'ALL', 'message': '12-11 08:28:41.583   653  1036 W apln    : (REDACTED) Client : %s has no associated SessionController'}
{'timestamp': 1702276322379, 'level': 'ALL', 'message': '12-11 08:28:41.583   517  1099 I cmhx    : (REDACTED) On platform configuration update(%s).'}
{'timestamp': 1702276322379, 'level': 'ALL', 'message': '12-11 08:28:41.583   517  1099 I cmhx    : Received ConfigurationUpdate from Triggering API'}
{'timestamp': 1702276322379, 'level': 'ALL', 'message': '12-11 08:28:41.587   653   653 I hvbt    : (REDACTED) Created gRPC endpoint for service %s'}
{'timestamp': 1702276322379, 'level': 'ALL', 'message': '12-11 08:28:41.596   517   979 I gqel    : getHotwordConfig and getHotwordSettingState returned.'}
{'timestamp': 1702276322379, 'level': 'ALL', 'message': "12-11 08:28:41.597   517  1099 W KeyphraseEnrollmentInfo: No enrollment application supports the given keyphrase/locale: 'X Google'/ru_RU"}
{'timestamp': 1702276322379, 'level': 'ALL', 'message': "12-11 08:28:41.597   517  1099 W KeyphraseEnrollmentInfo: No enrollment application supports the given keyphrase/locale: 'X Google'/ru_RU"}
{'timestamp': 1702276322379, 'level': 'ALL', 'message': "12-11 08:28:41.597   517  1099 W KeyphraseEnrollmentInfo: No enrollment application supports the given keyphrase/locale: 'X Google'/ar_EG"}
{'timestamp': 1702276322379, 'level': 'ALL', 'message': "12-11 08:28:41.597   517  1099 W KeyphraseEnrollmentInfo: No enrollment application supports the given keyphrase/locale: 'X Google'/en_US"}
{'timestamp': 1702276322379, 'level': 'ALL', 'message': '12-11 08:28:41.597   517  1099 W gqat    : (REDACTED) #getDspEnrollmentFallbackLocale cannot find a fallback locale for %s.'}
{'timestamp': 1702276322379, 'level': 'ALL', 'message': "12-11 08:28:41.597   517  1099 W KeyphraseEnrollmentInfo: No enrollment application supports the given keyphrase/locale: 'Ok Google'/ru_RU"}
{'timestamp': 1702276322379, 'level': 'ALL', 'message': "12-11 08:28:41.597   517  1099 W KeyphraseEnrollmentInfo: No enrollment application supports the given keyphrase/locale: 'Ok Google'/ar_EG"}
{'timestamp': 1702276322379, 'level': 'ALL', 'message': "12-11 08:28:41.597   517  1099 W KeyphraseEnrollmentInfo: No enrollment application supports the given keyphrase/locale: 'Ok Google'/en_US"}
{'timestamp': 1702276322379, 'level': 'ALL', 'message': '12-11 08:28:41.597   517  1099 W gqat    : (REDACTED) #getDspEnrollmentFallbackLocale cannot find a fallback locale for %s.'}
{'timestamp': 1702276322379, 'level': 'ALL', 'message': '12-11 08:28:41.597   517  1099 I gqel    : (REDACTED) #getAllConfigAndTakeAction KeyphraseAndLocaleSupportResult. locale : %s, dsp locale : %s, keyphrase : %s, DSP keyphrase : %s, isKeyphraseAndLocaleSupported : %b.'}
{'timestamp': 1702276322379, 'level': 'ALL', 'message': '12-11 08:28:41.597   517  1099 I gqat    : #canUseDownloadDspModel: no DspModelInformationAvailable'}
{'timestamp': 1702276322379, 'level': 'ALL', 'message': '12-11 08:28:41.597   517  1099 I gqel    : (REDACTED) isDspHotwordSupportedByPlatform = %b, isDspHotwordModelAvailable = %b'}
{'timestamp': 1702276322379, 'level': 'ALL', 'message': '12-11 08:28:41.598   517  1099 I gqay    : (REDACTED) Voice Match (Speaker-id) supported : %b'}
{'timestamp': 1702276322379, 'level': 'ALL', 'message': '12-11 08:28:41.598   517  1099 I gqay    : (REDACTED) hotword enrollment state is enrolled:  %b, speakerId model exist: %b. Voice Match supported : %b'}
{'timestamp': 1702276322379, 'level': 'ALL', 'message': '12-11 08:28:41.598   517  1099 I gqay    : (REDACTED) isHotwordAvailable():  %b, isHotwordEnabled() %b'}
{'timestamp': 1702276322379, 'level': 'ALL', 'message': '12-11 08:28:41.598   517  1099 I gqay    : (REDACTED) Hotword enrollment state : %s.'}
{'timestamp': 1702276322379, 'level': 'ALL', 'message': '12-11 08:28:41.599   517  1099 I gqay    : (REDACTED) Voice Match (Speaker-id) supported : %b'}
{'timestamp': 1702276322379, 'level': 'ALL', 'message': '12-11 08:28:41.599   517  1099 I gqay    : (REDACTED) Hotword enrollment state : %s.'}
{'timestamp': 1702276322379, 'level': 'ALL', 'message': '12-11 08:28:41.601   517  1099 I gqfh    : (REDACTED) Operational mode passed in HotwordConfig is %s'}
{'timestamp': 1702276322379, 'level': 'ALL', 'message': '12-11 08:28:41.602   517  1099 I gqay    : (REDACTED) Voice Match (Speaker-id) supported : %b'}
{'timestamp': 1702276322379, 'level': 'ALL', 'message': '12-11 08:28:41.602   517  1099 I gqay    : (REDACTED) Voice Match (Speaker-id) supported : %b'}
{'timestamp': 1702276322379, 'level': 'ALL', 'message': '12-11 08:28:41.603   517  1099 I gqay    : (REDACTED) hotword enrollment state is enrolled:  %b, speakerId model exist: %b, voice match supported : %b'}
{'timestamp': 1702276322379, 'level': 'ALL', 'message': '12-11 08:28:41.603   517  1099 I gqay    : (REDACTED) Hotword enrollment state : %s.'}
{'timestamp': 1702276322379, 'level': 'ALL', 'message': '12-11 08:28:41.603   517  1099 I gqay    : (REDACTED) Hotword isNonVoiceMatchHotwordEnabled: %b, isHotwordAvailable: %b, isHotwordEnabled: %b, isVoiceMatchSupported: %b, isHotwordEnrolled: %b,'}
{'timestamp': 1702276322379, 'level': 'ALL', 'message': '12-11 08:28:41.603   517  1099 I gqay    : (REDACTED) Hotword enrollment state : %s.'}
{'timestamp': 1702276322379, 'level': 'ALL', 'message': '12-11 08:28:41.603   653   959 I gqii    : (REDACTED) Calling setIsModelTypeDspSupported %s'}
{'timestamp': 1702276322379, 'level': 'ALL', 'message': '12-11 08:28:41.603   517  1099 I gqez    : (REDACTED) #getNextAction. Voice match enabled: %b. Hotword (non-Voice Match) enabled: %b, incomplete enrollment state: %b, screen on: %b, screen locked: %b dsp available: %b'}
{'timestamp': 1702276322379, 'level': 'ALL', 'message': '12-11 08:28:41.603   517  1099 I gqez    : (REDACTED) No operation needed since hotword detection is not running. Voice match enabled : %b. Hotword (non-Voice Match) enabled : %b, Is screen on : %b.'}
{'timestamp': 1702276322379, 'level': 'ALL', 'message': '12-11 08:28:41.604   517  1099 I gqel    : No detectors created before, no need to reconfig.'}
{'timestamp': 1702276322379, 'level': 'ALL', 'message': '12-11 08:28:41.604   517  1099 I gqel    : (REDACTED) Get the next action %s for requester %s.'}
{'timestamp': 1702276322379, 'level': 'ALL', 'message': '12-11 08:28:41.605   517  1099 I gqel    : (REDACTED) Hotword detection is running : %b, no further operation required.'}
{'timestamp': 1702276322379, 'level': 'ALL', 'message': '12-11 08:28:41.605   517  1099 I gqay    : (REDACTED) isHotwordAvailable():  %b, isHotwordEnabled() %b'}
{'timestamp': 1702276322379, 'level': 'ALL', 'message': '12-11 08:28:41.606   517  1099 I gqel    : #logRequestHandlingNonErrorEndEvent. Reset requestIdOfFirstError, firstStartErrorCausesRetry and numOfRetriesDoneForDspStartErrors!'}
{'timestamp': 1702276322379, 'level': 'ALL', 'message': '12-11 08:28:41.606   517  1099 I gqel    : #update inside sequencer'}
{'timestamp': 1702276322379, 'level': 'ALL', 'message': '12-11 08:28:41.607   517  1099 I gqel    : #update inside sequencer after logAppFlowAfterAccountHandled finished.'}
{'timestamp': 1702276322379, 'level': 'ALL', 'message': '12-11 08:28:41.607   517  1099 I gqel    : (REDACTED) needRefetchHotwordConfig: %b, accountChanged: %b, currentLocale: %s, newLocale: %s'}
{'timestamp': 1702276322379, 'level': 'ALL', 'message': '12-11 08:28:41.607   517  1099 I gqel    : (REDACTED) getAllConfigAndTakeAction called because of %s'}
{'timestamp': 1702276322379, 'level': 'ALL', 'message': "12-11 08:28:41.607   517  1099 W KeyphraseEnrollmentInfo: No enrollment application supports the given keyphrase/locale: 'X Google'/ru_RU"}
{'timestamp': 1702276322379, 'level': 'ALL', 'message': "12-11 08:28:41.607   517  1099 W KeyphraseEnrollmentInfo: No enrollment application supports the given keyphrase/locale: 'X Google'/ru_RU"}
{'timestamp': 1702276322379, 'level': 'ALL', 'message': "12-11 08:28:41.607   517  1099 W KeyphraseEnrollmentInfo: No enrollment application supports the given keyphrase/locale: 'X Google'/ar_EG"}
{'timestamp': 1702276322379, 'level': 'ALL', 'message': "12-11 08:28:41.607   517  1099 W KeyphraseEnrollmentInfo: No enrollment application supports the given keyphrase/locale: 'X Google'/en_US"}
{'timestamp': 1702276322379, 'level': 'ALL', 'message': '12-11 08:28:41.607   517  1099 W gqat    : (REDACTED) #getDspEnrollmentFallbackLocale cannot find a fallback locale for %s.'}
{'timestamp': 1702276322379, 'level': 'ALL', 'message': "12-11 08:28:41.607   517  1099 W KeyphraseEnrollmentInfo: No enrollment application supports the given keyphrase/locale: 'Ok Google'/ru_RU"}
{'timestamp': 1702276322379, 'level': 'ALL', 'message': "12-11 08:28:41.607   517  1099 W KeyphraseEnrollmentInfo: No enrollment application supports the given keyphrase/locale: 'Ok Google'/ar_EG"}
{'timestamp': 1702276322379, 'level': 'ALL', 'message': "12-11 08:28:41.607   517  1099 W KeyphraseEnrollmentInfo: No enrollment application supports the given keyphrase/locale: 'Ok Google'/en_US"}
{'timestamp': 1702276322379, 'level': 'ALL', 'message': '12-11 08:28:41.607   517  1099 W gqat    : (REDACTED) #getDspEnrollmentFallbackLocale cannot find a fallback locale for %s.'}
{'timestamp': 1702276322379, 'level': 'ALL', 'message': '12-11 08:28:41.607   517  1099 I gqel    : (REDACTED) #getAllConfigAndTakeAction KeyphraseAndLocaleSupportResult. locale : %s, dsp locale : %s, keyphrase : %s, DSP keyphrase : %s, isKeyphraseAndLocaleSupported : %b.'}
{'timestamp': 1702276322379, 'level': 'ALL', 'message': '12-11 08:28:41.608   517  1099 I gqat    : #canUseDownloadDspModel: no DspModelInformationAvailable'}
{'timestamp': 1702276322379, 'level': 'ALL', 'message': '12-11 08:28:41.608   517  1099 I gqel    : (REDACTED) isDspHotwordSupportedByPlatform = %b, isDspHotwordModelAvailable = %b'}
{'timestamp': 1702276322379, 'level': 'ALL', 'message': '12-11 08:28:41.609   517   979 I gqay    : (REDACTED) Voice Match (Speaker-id) supported : %b'}
{'timestamp': 1702276322379, 'level': 'ALL', 'message': '12-11 08:28:41.609   517   979 I gqay    : (REDACTED) hotword enrollment state is enrolled:  %b, speakerId model exist: %b. Voice Match supported : %b'}
{'timestamp': 1702276322379, 'level': 'ALL', 'message': '12-11 08:28:41.609   517   979 I gqay    : (REDACTED) isHotwordAvailable():  %b, isHotwordEnabled() %b'}
{'timestamp': 1702276322379, 'level': 'ALL', 'message': '12-11 08:28:41.609   517   979 I gqay    : (REDACTED) Hotword enrollment state : %s.'}
{'timestamp': 1702276322379, 'level': 'ALL', 'message': '12-11 08:28:41.609   517   979 I gqay    : (REDACTED) Voice Match (Speaker-id) supported : %b'}
{'timestamp': 1702276322379, 'level': 'ALL', 'message': '12-11 08:28:41.609   517   979 I gqay    : (REDACTED) Hotword enrollment state : %s.'}
{'timestamp': 1702276322379, 'level': 'ALL', 'message': '12-11 08:28:41.610   517   979 I gqfh    : (REDACTED) Operational mode passed in HotwordConfig is %s'}
{'timestamp': 1702276322379, 'level': 'ALL', 'message': '12-11 08:28:41.611   517   979 I gqay    : (REDACTED) Voice Match (Speaker-id) supported : %b'}
{'timestamp': 1702276322379, 'level': 'ALL', 'message': '12-11 08:28:41.611   517   979 I gqay    : (REDACTED) Voice Match (Speaker-id) supported : %b'}
{'timestamp': 1702276322379, 'level': 'ALL', 'message': '12-11 08:28:41.611   517   979 I gqay    : (REDACTED) hotword enrollment state is enrolled:  %b, speakerId model exist: %b, voice match supported : %b'}
{'timestamp': 1702276322379, 'level': 'ALL', 'message': '12-11 08:28:41.611   517   979 I gqay    : (REDACTED) Hotword enrollment state : %s.'}
{'timestamp': 1702276322379, 'level': 'ALL', 'message': '12-11 08:28:41.611   517   979 I gqay    : (REDACTED) Hotword isNonVoiceMatchHotwordEnabled: %b, isHotwordAvailable: %b, isHotwordEnabled: %b, isVoiceMatchSupported: %b, isHotwordEnrolled: %b,'}
{'timestamp': 1702276322379, 'level': 'ALL', 'message': '12-11 08:28:41.612   517   979 I gqay    : (REDACTED) Hotword enrollment state : %s.'}
{'timestamp': 1702276322379, 'level': 'ALL', 'message': '12-11 08:28:41.612   517   979 I gqez    : (REDACTED) #getNextAction. Voice match enabled: %b. Hotword (non-Voice Match) enabled: %b, incomplete enrollment state: %b, screen on: %b, screen locked: %b dsp available: %b'}
{'timestamp': 1702276322379, 'level': 'ALL', 'message': '12-11 08:28:41.612   517   979 I gqez    : (REDACTED) No operation needed since hotword detection is not running. Voice match enabled : %b. Hotword (non-Voice Match) enabled : %b, Is screen on : %b.'}
{'timestamp': 1702276322379, 'level': 'ALL', 'message': '12-11 08:28:41.612   517   979 I gqel    : No detectors created before, no need to reconfig.'}
{'timestamp': 1702276322379, 'level': 'ALL', 'message': '12-11 08:28:41.612   517   979 I gqel    : (REDACTED) Get the next action %s for requester %s.'}
{'timestamp': 1702276322379, 'level': 'ALL', 'message': '12-11 08:28:41.612   517   979 I gqel    : (REDACTED) Hotword detection is running : %b, no further operation required.'}
{'timestamp': 1702276322379, 'level': 'ALL', 'message': '12-11 08:28:41.612   517   979 I gqay    : (REDACTED) isHotwordAvailable():  %b, isHotwordEnabled() %b'}
{'timestamp': 1702276322379, 'level': 'ALL', 'message': '12-11 08:28:41.613   517   979 I gqel    : #logRequestHandlingNonErrorEndEvent. Reset requestIdOfFirstError, firstStartErrorCausesRetry and numOfRetriesDoneForDspStartErrors!'}
{'timestamp': 1702276322379, 'level': 'ALL', 'message': '12-11 08:28:41.613   517   979 I gqel    : #onConfigUpdate inside sequencer'}
{'timestamp': 1702276322379, 'level': 'ALL', 'message': '12-11 08:28:41.613   517   979 I gqel    : (REDACTED) getAllConfigAndTakeAction called because of %s'}
{'timestamp': 1702276322379, 'level': 'ALL', 'message': '12-11 08:28:41.613   517   979 I gqhi    : #getHotwordInformation'}
{'timestamp': 1702276322379, 'level': 'ALL', 'message': '12-11 08:28:41.614   653   959 I gqii    : (REDACTED) Calling setIsModelTypeDspSupported %s'}
{'timestamp': 1702276322379, 'level': 'ALL', 'message': '12-11 08:28:41.615   517  1065 I gczx    : (REDACTED) Frontend=%s has been updated to configuration=%s.'}
{'timestamp': 1702276322379, 'level': 'ALL', 'message': '12-11 08:28:41.618   517   979 I gqhi    : #getHotwordInformation bindService'}
{'timestamp': 1702276322379, 'level': 'ALL', 'message': '12-11 08:28:41.619   517   517 I gqhi    : (REDACTED) Connected to HotwordService. ComponentName %s, service %s'}
{'timestamp': 1702276322379, 'level': 'ALL', 'message': '12-11 08:28:41.620   517 11280 I gqhi    : Handing HotwordService connection in executor.'}
{'timestamp': 1702276322379, 'level': 'ALL', 'message': '12-11 08:28:41.628   653 10470 I awzr    : getLocaleToModelSpecsMap'}
{'timestamp': 1702276322379, 'level': 'ALL', 'message': '12-11 08:28:41.628   653 10470 I awzr    : Fetching latest config from MDD...'}
{'timestamp': 1702276322379, 'level': 'ALL', 'message': '12-11 08:28:41.628   653 10470 I awzr    : (REDACTED) Found map of size: %d'}
{'timestamp': 1702276322379, 'level': 'ALL', 'message': '12-11 08:28:41.628   653 10470 I axcj    : (REDACTED) hasHotwordEverywhere-%b'}
{'timestamp': 1702276322379, 'level': 'ALL', 'message': '12-11 08:28:41.632   653 10470 I axed    : (REDACTED) #getHotwordModelFromMobstore [mobstoreUri: %s]'}
{'timestamp': 1702276322379, 'level': 'ALL', 'message': '12-11 08:28:41.642   653 10470 I HotwordService: (REDACTED) Model ID: %s'}
{'timestamp': 1702276322379, 'level': 'ALL', 'message': '12-11 08:28:41.642   653 10470 I HotwordService: (REDACTED) hotwordModelLocation is null %b, locale is %s, re-mapped Chinese locale %s'}
{'timestamp': 1702276322379, 'level': 'ALL', 'message': '12-11 08:28:41.642   653 10470 I HotwordService: (REDACTED) isOpaEligibleAndUserEnabled: %b'}
{'timestamp': 1702276322379, 'level': 'ALL', 'message': '12-11 08:28:41.649   517 11280 I gqhi    : HotwordInformation fetch will try to save hotword model.'}
{'timestamp': 1702276322379, 'level': 'ALL', 'message': '12-11 08:28:41.654   653  1036 W apln    : (REDACTED) Client : %s has no associated SessionController'}
{'timestamp': 1702276322379, 'level': 'ALL', 'message': '12-11 08:28:41.655   517 11280 I gqhi    : onSuccess getHotwordInformation'}
{'timestamp': 1702276322379, 'level': 'ALL', 'message': '12-11 08:28:41.659   517  1099 I gqhi    : Save the hotword model in the HotwordInformation.'}
{'timestamp': 1702276322379, 'level': 'ALL', 'message': '12-11 08:28:41.659   517   979 I gqel    : getHotwordInformationWithRetry returned.'}
{'timestamp': 1702276322379, 'level': 'ALL', 'message': '12-11 08:28:41.665   517  1099 I gqel    : getHotwordConfig and getHotwordSettingState returned.'}
{'timestamp': 1702276322379, 'level': 'ALL', 'message': "12-11 08:28:41.665   517  1099 W KeyphraseEnrollmentInfo: No enrollment application supports the given keyphrase/locale: 'X Google'/ru_RU"}
{'timestamp': 1702276322379, 'level': 'ALL', 'message': "12-11 08:28:41.665   517  1099 W KeyphraseEnrollmentInfo: No enrollment application supports the given keyphrase/locale: 'X Google'/ru_RU"}
{'timestamp': 1702276322379, 'level': 'ALL', 'message': "12-11 08:28:41.665   517  1099 W KeyphraseEnrollmentInfo: No enrollment application supports the given keyphrase/locale: 'X Google'/ar_EG"}
{'timestamp': 1702276322379, 'level': 'ALL', 'message': "12-11 08:28:41.665   517  1099 W KeyphraseEnrollmentInfo: No enrollment application supports the given keyphrase/locale: 'X Google'/en_US"}
{'timestamp': 1702276322379, 'level': 'ALL', 'message': '12-11 08:28:41.665   517  1099 W gqat    : (REDACTED) #getDspEnrollmentFallbackLocale cannot find a fallback locale for %s.'}
{'timestamp': 1702276322379, 'level': 'ALL', 'message': "12-11 08:28:41.666   517  1099 W KeyphraseEnrollmentInfo: No enrollment application supports the given keyphrase/locale: 'Ok Google'/ru_RU"}
{'timestamp': 1702276322379, 'level': 'ALL', 'message': "12-11 08:28:41.666   517  1099 W KeyphraseEnrollmentInfo: No enrollment application supports the given keyphrase/locale: 'Ok Google'/ar_EG"}
{'timestamp': 1702276322379, 'level': 'ALL', 'message': "12-11 08:28:41.666   517  1099 W KeyphraseEnrollmentInfo: No enrollment application supports the given keyphrase/locale: 'Ok Google'/en_US"}
{'timestamp': 1702276322379, 'level': 'ALL', 'message': '12-11 08:28:41.666   517  1099 W gqat    : (REDACTED) #getDspEnrollmentFallbackLocale cannot find a fallback locale for %s.'}
{'timestamp': 1702276322379, 'level': 'ALL', 'message': '12-11 08:28:41.666   517  1099 I gqel    : (REDACTED) #getAllConfigAndTakeAction KeyphraseAndLocaleSupportResult. locale : %s, dsp locale : %s, keyphrase : %s, DSP keyphrase : %s, isKeyphraseAndLocaleSupported : %b.'}
{'timestamp': 1702276322379, 'level': 'ALL', 'message': '12-11 08:28:41.666   517  1099 I gqat    : #canUseDownloadDspModel: no DspModelInformationAvailable'}
{'timestamp': 1702276322379, 'level': 'ALL', 'message': '12-11 08:28:41.666   517  1099 I gqel    : (REDACTED) isDspHotwordSupportedByPlatform = %b, isDspHotwordModelAvailable = %b'}
{'timestamp': 1702276322379, 'level': 'ALL', 'message': '12-11 08:28:41.666   517  1099 I gqay    : (REDACTED) Voice Match (Speaker-id) supported : %b'}
{'timestamp': 1702276322379, 'level': 'ALL', 'message': '12-11 08:28:41.666   517  1099 I gqay    : (REDACTED) hotword enrollment state is enrolled:  %b, speakerId model exist: %b. Voice Match supported : %b'}
{'timestamp': 1702276322379, 'level': 'ALL', 'message': '12-11 08:28:41.666   517  1099 I gqay    : (REDACTED) isHotwordAvailable():  %b, isHotwordEnabled() %b'}
{'timestamp': 1702276322379, 'level': 'ALL', 'message': '12-11 08:28:41.666   517  1099 I gqay    : (REDACTED) Hotword enrollment state : %s.'}
{'timestamp': 1702276322379, 'level': 'ALL', 'message': '12-11 08:28:41.666   517  1099 I gqay    : (REDACTED) Voice Match (Speaker-id) supported : %b'}
{'timestamp': 1702276322379, 'level': 'ALL', 'message': '12-11 08:28:41.667   517  1099 I gqay    : (REDACTED) Hotword enrollment state : %s.'}
{'timestamp': 1702276322379, 'level': 'ALL', 'message': '12-11 08:28:41.669   517  1099 I gqfh    : (REDACTED) Operational mode passed in HotwordConfig is %s'}
{'timestamp': 1702276322379, 'level': 'ALL', 'message': '12-11 08:28:41.669   517  1099 I gqay    : (REDACTED) Voice Match (Speaker-id) supported : %b'}
{'timestamp': 1702276322379, 'level': 'ALL', 'message': '12-11 08:28:41.669   517  1099 I gqay    : (REDACTED) Voice Match (Speaker-id) supported : %b'}
{'timestamp': 1702276322379, 'level': 'ALL', 'message': '12-11 08:28:41.670   517  1099 I gqay    : (REDACTED) hotword enrollment state is enrolled:  %b, speakerId model exist: %b, voice match supported : %b'}
{'timestamp': 1702276322379, 'level': 'ALL', 'message': '12-11 08:28:41.670   517  1099 I gqay    : (REDACTED) Hotword enrollment state : %s.'}
{'timestamp': 1702276322379, 'level': 'ALL', 'message': '12-11 08:28:41.670   517  1099 I gqay    : (REDACTED) Hotword isNonVoiceMatchHotwordEnabled: %b, isHotwordAvailable: %b, isHotwordEnabled: %b, isVoiceMatchSupported: %b, isHotwordEnrolled: %b,'}
{'timestamp': 1702276322379, 'level': 'ALL', 'message': '12-11 08:28:41.670   517  1099 I gqay    : (REDACTED) Hotword enrollment state : %s.'}
{'timestamp': 1702276322379, 'level': 'ALL', 'message': '12-11 08:28:41.670   517  1099 I gqez    : (REDACTED) #getNextAction. Voice match enabled: %b. Hotword (non-Voice Match) enabled: %b, incomplete enrollment state: %b, screen on: %b, screen locked: %b dsp available: %b'}
{'timestamp': 1702276322379, 'level': 'ALL', 'message': '12-11 08:28:41.670   517  1099 I gqez    : (REDACTED) No operation needed since hotword detection is not running. Voice match enabled : %b. Hotword (non-Voice Match) enabled : %b, Is screen on : %b.'}
{'timestamp': 1702276322379, 'level': 'ALL', 'message': '12-11 08:28:41.670   517  1099 I gqel    : No detectors created before, no need to reconfig.'}
{'timestamp': 1702276322379, 'level': 'ALL', 'message': '12-11 08:28:41.671   517  1099 I gqel    : (REDACTED) Get the next action %s for requester %s.'}
{'timestamp': 1702276322379, 'level': 'ALL', 'message': '12-11 08:28:41.671   517  1099 I gqel    : (REDACTED) Hotword detection is running : %b, no further operation required.'}
{'timestamp': 1702276322379, 'level': 'ALL', 'message': '12-11 08:28:41.671   517  1099 I gqay    : (REDACTED) isHotwordAvailable():  %b, isHotwordEnabled() %b'}
{'timestamp': 1702276322379, 'level': 'ALL', 'message': '12-11 08:28:41.671   517  1099 I gqel    : #logRequestHandlingNonErrorEndEvent. Reset requestIdOfFirstError, firstStartErrorCausesRetry and numOfRetriesDoneForDspStartErrors!'}
{'timestamp': 1702276322379, 'level': 'ALL', 'message': '12-11 08:28:41.671   517   979 I gqel    : #onConfigUpdate inside sequencer'}
{'timestamp': 1702276322379, 'level': 'ALL', 'message': '12-11 08:28:41.671   517   979 I gqel    : (REDACTED) getAllConfigAndTakeAction called because of %s'}
{'timestamp': 1702276322379, 'level': 'ALL', 'message': '12-11 08:28:41.671   517   979 I gqhi    : #getHotwordInformation'}
{'timestamp': 1702276322379, 'level': 'ALL', 'message': '12-11 08:28:41.672   653   944 I gqii    : (REDACTED) Calling setIsModelTypeDspSupported %s'}
{'timestamp': 1702276322379, 'level': 'ALL', 'message': '12-11 08:28:41.679   517   979 I gqhi    : #getHotwordInformation bindService'}
{'timestamp': 1702276322379, 'level': 'ALL', 'message': '12-11 08:28:41.687   517   517 I gqhi    : (REDACTED) Connected to HotwordService. ComponentName %s, service %s'}
{'timestamp': 1702276322379, 'level': 'ALL', 'message': '12-11 08:28:41.688   517 11280 I gqhi    : Handing HotwordService connection in executor.'}
{'timestamp': 1702276322379, 'level': 'ALL', 'message': '12-11 08:28:41.694   653   683 I awzr    : getLocaleToModelSpecsMap'}
{'timestamp': 1702276322379, 'level': 'ALL', 'message': '12-11 08:28:41.694   653   683 I awzr    : Fetching latest config from MDD...'}
{'timestamp': 1702276322379, 'level': 'ALL', 'message': '12-11 08:28:41.694   653   683 I awzr    : (REDACTED) Found map of size: %d'}
{'timestamp': 1702276322379, 'level': 'ALL', 'message': '12-11 08:28:41.695   653   683 I axcj    : (REDACTED) hasHotwordEverywhere-%b'}
{'timestamp': 1702276322379, 'level': 'ALL', 'message': '12-11 08:28:41.701   653   683 I axed    : (REDACTED) #getHotwordModelFromMobstore [mobstoreUri: %s]'}
{'timestamp': 1702276322379, 'level': 'ALL', 'message': '12-11 08:28:41.711   653   683 I HotwordService: (REDACTED) Model ID: %s'}
{'timestamp': 1702276322379, 'level': 'ALL', 'message': '12-11 08:28:41.711   653   683 I HotwordService: (REDACTED) hotwordModelLocation is null %b, locale is %s, re-mapped Chinese locale %s'}
{'timestamp': 1702276322379, 'level': 'ALL', 'message': '12-11 08:28:41.712   653   683 I HotwordService: (REDACTED) isOpaEligibleAndUserEnabled: %b'}
{'timestamp': 1702276322379, 'level': 'ALL', 'message': '12-11 08:28:41.715   517 11280 I gqhi    : HotwordInformation fetch will try to save hotword model.'}
{'timestamp': 1702276322379, 'level': 'ALL', 'message': '12-11 08:28:41.719   517 11280 I gqhi    : onSuccess getHotwordInformation'}
{'timestamp': 1702276322379, 'level': 'ALL', 'message': '12-11 08:28:41.721   653  1036 W apln    : (REDACTED) Client : %s has no associated SessionController'}
{'timestamp': 1702276322379, 'level': 'ALL', 'message': '12-11 08:28:41.724   517  1099 I gqhi    : Save the hotword model in the HotwordInformation.'}
{'timestamp': 1702276322379, 'level': 'ALL', 'message': '12-11 08:28:41.724   517  1099 I gqel    : getHotwordInformationWithRetry returned.'}
{'timestamp': 1702276322379, 'level': 'ALL', 'message': '12-11 08:28:41.726 31652   826 I ActivityManager: Force stopping io.appium.uiautomator2.server.test appid=10156 user=0: from pid 11289'}
{'timestamp': 1702276322379, 'level': 'ALL', 'message': '12-11 08:28:41.730 11289 11290 I cmd     : oneway function results will be dropped but finished with status OK and parcel size 4'}
{'timestamp': 1702276322379, 'level': 'ALL', 'message': '12-11 08:28:41.739   517  1099 I gqel    : getHotwordConfig and getHotwordSettingState returned.'}
{'timestamp': 1702276322379, 'level': 'ALL', 'message': "12-11 08:28:41.739   517   979 W KeyphraseEnrollmentInfo: No enrollment application supports the given keyphrase/locale: 'X Google'/ru_RU"}
{'timestamp': 1702276322379, 'level': 'ALL', 'message': "12-11 08:28:41.739   517   979 W KeyphraseEnrollmentInfo: No enrollment application supports the given keyphrase/locale: 'X Google'/ru_RU"}
{'timestamp': 1702276322379, 'level': 'ALL', 'message': "12-11 08:28:41.739   517   979 W KeyphraseEnrollmentInfo: No enrollment application supports the given keyphrase/locale: 'X Google'/ar_EG"}
{'timestamp': 1702276322379, 'level': 'ALL', 'message': "12-11 08:28:41.739   517   979 W KeyphraseEnrollmentInfo: No enrollment application supports the given keyphrase/locale: 'X Google'/en_US"}
{'timestamp': 1702276322379, 'level': 'ALL', 'message': '12-11 08:28:41.739   517   979 W gqat    : (REDACTED) #getDspEnrollmentFallbackLocale cannot find a fallback locale for %s.'}
{'timestamp': 1702276322379, 'level': 'ALL', 'message': "12-11 08:28:41.739   517   979 W KeyphraseEnrollmentInfo: No enrollment application supports the given keyphrase/locale: 'Ok Google'/ru_RU"}
{'timestamp': 1702276322379, 'level': 'ALL', 'message': "12-11 08:28:41.739   517   979 W KeyphraseEnrollmentInfo: No enrollment application supports the given keyphrase/locale: 'Ok Google'/ar_EG"}
{'timestamp': 1702276322379, 'level': 'ALL', 'message': "12-11 08:28:41.739   517   979 W KeyphraseEnrollmentInfo: No enrollment application supports the given keyphrase/locale: 'Ok Google'/en_US"}
{'timestamp': 1702276322379, 'level': 'ALL', 'message': '12-11 08:28:41.739   517   979 W gqat    : (REDACTED) #getDspEnrollmentFallbackLocale cannot find a fallback locale for %s.'}
{'timestamp': 1702276322379, 'level': 'ALL', 'message': '12-11 08:28:41.740   517   979 I gqel    : (REDACTED) #getAllConfigAndTakeAction KeyphraseAndLocaleSupportResult. locale : %s, dsp locale : %s, keyphrase : %s, DSP keyphrase : %s, isKeyphraseAndLocaleSupported : %b.'}
{'timestamp': 1702276322379, 'level': 'ALL', 'message': '12-11 08:28:41.740   517   979 I gqat    : #canUseDownloadDspModel: no DspModelInformationAvailable'}
{'timestamp': 1702276322379, 'level': 'ALL', 'message': '12-11 08:28:41.740   517   979 I gqel    : (REDACTED) isDspHotwordSupportedByPlatform = %b, isDspHotwordModelAvailable = %b'}
{'timestamp': 1702276322379, 'level': 'ALL', 'message': '12-11 08:28:41.741   517   979 I gqay    : (REDACTED) Voice Match (Speaker-id) supported : %b'}
{'timestamp': 1702276322379, 'level': 'ALL', 'message': '12-11 08:28:41.741   517   979 I gqay    : (REDACTED) hotword enrollment state is enrolled:  %b, speakerId model exist: %b. Voice Match supported : %b'}
{'timestamp': 1702276322379, 'level': 'ALL', 'message': '12-11 08:28:41.741   517   979 I gqay    : (REDACTED) isHotwordAvailable():  %b, isHotwordEnabled() %b'}
{'timestamp': 1702276322379, 'level': 'ALL', 'message': '12-11 08:28:41.741   517   979 I gqay    : (REDACTED) Hotword enrollment state : %s.'}
{'timestamp': 1702276322379, 'level': 'ALL', 'message': '12-11 08:28:41.741   517   979 I gqay    : (REDACTED) Voice Match (Speaker-id) supported : %b'}
{'timestamp': 1702276322379, 'level': 'ALL', 'message': '12-11 08:28:41.741   517   979 I gqay    : (REDACTED) Hotword enrollment state : %s.'}
{'timestamp': 1702276322379, 'level': 'ALL', 'message': '12-11 08:28:41.742   517   979 I gqfh    : (REDACTED) Operational mode passed in HotwordConfig is %s'}
{'timestamp': 1702276322379, 'level': 'ALL', 'message': '12-11 08:28:41.742   517   979 I gqay    : (REDACTED) Voice Match (Speaker-id) supported : %b'}
{'timestamp': 1702276322379, 'level': 'ALL', 'message': '12-11 08:28:41.743   517   979 I gqay    : (REDACTED) Voice Match (Speaker-id) supported : %b'}
{'timestamp': 1702276322379, 'level': 'ALL', 'message': '12-11 08:28:41.743   517   979 I gqay    : (REDACTED) hotword enrollment state is enrolled:  %b, speakerId model exist: %b, voice match supported : %b'}
{'timestamp': 1702276322379, 'level': 'ALL', 'message': '12-11 08:28:41.743   517   979 I gqay    : (REDACTED) Hotword enrollment state : %s.'}
{'timestamp': 1702276322379, 'level': 'ALL', 'message': '12-11 08:28:41.743   517   979 I gqay    : (REDACTED) Hotword isNonVoiceMatchHotwordEnabled: %b, isHotwordAvailable: %b, isHotwordEnabled: %b, isVoiceMatchSupported: %b, isHotwordEnrolled: %b,'}
{'timestamp': 1702276322379, 'level': 'ALL', 'message': '12-11 08:28:41.743   517   979 I gqay    : (REDACTED) Hotword enrollment state : %s.'}
{'timestamp': 1702276322379, 'level': 'ALL', 'message': '12-11 08:28:41.743   517   979 I gqez    : (REDACTED) #getNextAction. Voice match enabled: %b. Hotword (non-Voice Match) enabled: %b, incomplete enrollment state: %b, screen on: %b, screen locked: %b dsp available: %b'}
{'timestamp': 1702276322379, 'level': 'ALL', 'message': '12-11 08:28:41.743   517   979 I gqez    : (REDACTED) No operation needed since hotword detection is not running. Voice match enabled : %b. Hotword (non-Voice Match) enabled : %b, Is screen on : %b.'}
{'timestamp': 1702276322379, 'level': 'ALL', 'message': '12-11 08:28:41.744   653   959 I gqii    : (REDACTED) Calling setIsModelTypeDspSupported %s'}
{'timestamp': 1702276322379, 'level': 'ALL', 'message': '12-11 08:28:41.743   517   979 I gqel    : No detectors created before, no need to reconfig.'}
{'timestamp': 1702276322379, 'level': 'ALL', 'message': '12-11 08:28:41.745   517   979 I gqel    : (REDACTED) Get the next action %s for requester %s.'}
{'timestamp': 1702276322379, 'level': 'ALL', 'message': '12-11 08:28:41.745 32351 32351 D CarrierSvcBindHelper: No carrier app for: 0'}
{'timestamp': 1702276322379, 'level': 'ALL', 'message': '12-11 08:28:41.745   517   979 I gqel    : (REDACTED) Hotword detection is running : %b, no further operation required.'}
{'timestamp': 1702276322379, 'level': 'ALL', 'message': '12-11 08:28:41.745   517   979 I gqay    : (REDACTED) isHotwordAvailable():  %b, isHotwordEnabled() %b'}
{'timestamp': 1702276322379, 'level': 'ALL', 'message': '12-11 08:28:41.745   517   979 I gqel    : #logRequestHandlingNonErrorEndEvent. Reset requestIdOfFirstError, firstStartErrorCausesRetry and numOfRetriesDoneForDspStartErrors!'}
{'timestamp': 1702276322379, 'level': 'ALL', 'message': '12-11 08:28:41.745   517  1099 I gqel    : #onConfigUpdate inside sequencer'}
{'timestamp': 1702276322379, 'level': 'ALL', 'message': '12-11 08:28:41.745   517  1099 I gqel    : (REDACTED) getAllConfigAndTakeAction called because of %s'}
{'timestamp': 1702276322379, 'level': 'ALL', 'message': '12-11 08:28:41.745   517  1099 I gqhi    : #getHotwordInformation'}
{'timestamp': 1702276322379, 'level': 'ALL', 'message': '12-11 08:28:41.750   517  1099 I gqhi    : #getHotwordInformation bindService'}
{'timestamp': 1702276322379, 'level': 'ALL', 'message': '12-11 08:28:41.751   517   517 I gqhi    : (REDACTED) Connected to HotwordService. ComponentName %s, service %s'}
{'timestamp': 1702276322379, 'level': 'ALL', 'message': '12-11 08:28:41.752   517 11280 I gqhi    : Handing HotwordService connection in executor.'}
{'timestamp': 1702276322379, 'level': 'ALL', 'message': "12-11 08:28:41.752  1912  1912 E adbd    : failed to connect to socket 'tcp:6790': Connection refused"}
{'timestamp': 1702276322379, 'level': 'ALL', 'message': '12-11 08:28:41.754   653 10470 I awzr    : getLocaleToModelSpecsMap'}
{'timestamp': 1702276322379, 'level': 'ALL', 'message': '12-11 08:28:41.754   653 10470 I awzr    : Fetching latest config from MDD...'}
{'timestamp': 1702276322379, 'level': 'ALL', 'message': '12-11 08:28:41.754   653 10470 I awzr    : (REDACTED) Found map of size: %d'}
{'timestamp': 1702276322379, 'level': 'ALL', 'message': '12-11 08:28:41.755   653 10470 I axcj    : (REDACTED) hasHotwordEverywhere-%b'}
{'timestamp': 1702276322379, 'level': 'ALL', 'message': '12-11 08:28:41.761   653 10470 I axed    : (REDACTED) #getHotwordModelFromMobstore [mobstoreUri: %s]'}
{'timestamp': 1702276322379, 'level': 'ALL', 'message': '12-11 08:28:41.768   653 10470 I HotwordService: (REDACTED) Model ID: %s'}
{'timestamp': 1702276322379, 'level': 'ALL', 'message': '12-11 08:28:41.768   653 10470 I HotwordService: (REDACTED) hotwordModelLocation is null %b, locale is %s, re-mapped Chinese locale %s'}
{'timestamp': 1702276322379, 'level': 'ALL', 'message': "12-11 08:28:41.768  1912  1912 E adbd    : failed to connect to socket 'tcp:6790': Connection refused"}
{'timestamp': 1702276322379, 'level': 'ALL', 'message': '12-11 08:28:41.768   653 10470 I HotwordService: (REDACTED) isOpaEligibleAndUserEnabled: %b'}
{'timestamp': 1702276322379, 'level': 'ALL', 'message': '12-11 08:28:41.772   517 11280 I gqhi    : HotwordInformation fetch will try to save hotword model.'}
{'timestamp': 1702276322379, 'level': 'ALL', 'message': '12-11 08:28:41.776   517 11280 I gqhi    : onSuccess getHotwordInformation'}
{'timestamp': 1702276322379, 'level': 'ALL', 'message': '12-11 08:28:41.776   653  1036 W apln    : (REDACTED) Client : %s has no associated SessionController'}
{'timestamp': 1702276322379, 'level': 'ALL', 'message': '12-11 08:28:41.780   517  1099 I gqhi    : Save the hotword model in the HotwordInformation.'}
{'timestamp': 1702276322379, 'level': 'ALL', 'message': '12-11 08:28:41.780   517  1099 I gqel    : getHotwordInformationWithRetry returned.'}
{'timestamp': 1702276322379, 'level': 'ALL', 'message': '12-11 08:28:41.788   517  1099 I gqel    : getHotwordConfig and getHotwordSettingState returned.'}
{'timestamp': 1702276322379, 'level': 'ALL', 'message': "12-11 08:28:41.788   517   979 W KeyphraseEnrollmentInfo: No enrollment application supports the given keyphrase/locale: 'X Google'/ru_RU"}
{'timestamp': 1702276322379, 'level': 'ALL', 'message': "12-11 08:28:41.788   517   979 W KeyphraseEnrollmentInfo: No enrollment application supports the given keyphrase/locale: 'X Google'/ru_RU"}
{'timestamp': 1702276322379, 'level': 'ALL', 'message': "12-11 08:28:41.788   517   979 W KeyphraseEnrollmentInfo: No enrollment application supports the given keyphrase/locale: 'X Google'/ar_EG"}
{'timestamp': 1702276322379, 'level': 'ALL', 'message': "12-11 08:28:41.788   517   979 W KeyphraseEnrollmentInfo: No enrollment application supports the given keyphrase/locale: 'X Google'/en_US"}
{'timestamp': 1702276322379, 'level': 'ALL', 'message': '12-11 08:28:41.789   517   979 W gqat    : (REDACTED) #getDspEnrollmentFallbackLocale cannot find a fallback locale for %s.'}
{'timestamp': 1702276322379, 'level': 'ALL', 'message': "12-11 08:28:41.789   517   979 W KeyphraseEnrollmentInfo: No enrollment application supports the given keyphrase/locale: 'Ok Google'/ru_RU"}
{'timestamp': 1702276322379, 'level': 'ALL', 'message': "12-11 08:28:41.789   517   979 W KeyphraseEnrollmentInfo: No enrollment application supports the given keyphrase/locale: 'Ok Google'/ar_EG"}
{'timestamp': 1702276322379, 'level': 'ALL', 'message': "12-11 08:28:41.789   517   979 W KeyphraseEnrollmentInfo: No enrollment application supports the given keyphrase/locale: 'Ok Google'/en_US"}
{'timestamp': 1702276322379, 'level': 'ALL', 'message': '12-11 08:28:41.789   517   979 W gqat    : (REDACTED) #getDspEnrollmentFallbackLocale cannot find a fallback locale for %s.'}
{'timestamp': 1702276322379, 'level': 'ALL', 'message': '12-11 08:28:41.789   517   979 I gqel    : (REDACTED) #getAllConfigAndTakeAction KeyphraseAndLocaleSupportResult. locale : %s, dsp locale : %s, keyphrase : %s, DSP keyphrase : %s, isKeyphraseAndLocaleSupported : %b.'}
{'timestamp': 1702276322379, 'level': 'ALL', 'message': '12-11 08:28:41.789   517   979 I gqat    : #canUseDownloadDspModel: no DspModelInformationAvailable'}
{'timestamp': 1702276322379, 'level': 'ALL', 'message': '12-11 08:28:41.789   517   979 I gqel    : (REDACTED) isDspHotwordSupportedByPlatform = %b, isDspHotwordModelAvailable = %b'}
{'timestamp': 1702276322379, 'level': 'ALL', 'message': '12-11 08:28:41.790   517   979 I gqay    : (REDACTED) Voice Match (Speaker-id) supported : %b'}
{'timestamp': 1702276322379, 'level': 'ALL', 'message': '12-11 08:28:41.790   517   979 I gqay    : (REDACTED) hotword enrollment state is enrolled:  %b, speakerId model exist: %b. Voice Match supported : %b'}
{'timestamp': 1702276322379, 'level': 'ALL', 'message': '12-11 08:28:41.790   517   979 I gqay    : (REDACTED) isHotwordAvailable():  %b, isHotwordEnabled() %b'}
{'timestamp': 1702276322379, 'level': 'ALL', 'message': '12-11 08:28:41.790   517   979 I gqay    : (REDACTED) Hotword enrollment state : %s.'}
{'timestamp': 1702276322380, 'level': 'ALL', 'message': '12-11 08:28:41.790   517   979 I gqay    : (REDACTED) Voice Match (Speaker-id) supported : %b'}
{'timestamp': 1702276322380, 'level': 'ALL', 'message': '12-11 08:28:41.790   517   979 I gqay    : (REDACTED) Hotword enrollment state : %s.'}
{'timestamp': 1702276322380, 'level': 'ALL', 'message': '12-11 08:28:41.791   517   979 I gqfh    : (REDACTED) Operational mode passed in HotwordConfig is %s'}
{'timestamp': 1702276322380, 'level': 'ALL', 'message': '12-11 08:28:41.791   517   979 I gqay    : (REDACTED) Voice Match (Speaker-id) supported : %b'}
{'timestamp': 1702276322380, 'level': 'ALL', 'message': '12-11 08:28:41.791   517   979 I gqay    : (REDACTED) Voice Match (Speaker-id) supported : %b'}
{'timestamp': 1702276322380, 'level': 'ALL', 'message': '12-11 08:28:41.792   517   979 I gqay    : (REDACTED) hotword enrollment state is enrolled:  %b, speakerId model exist: %b, voice match supported : %b'}
{'timestamp': 1702276322380, 'level': 'ALL', 'message': '12-11 08:28:41.792   517   979 I gqay    : (REDACTED) Hotword enrollment state : %s.'}
{'timestamp': 1702276322380, 'level': 'ALL', 'message': '12-11 08:28:41.792   517   979 I gqay    : (REDACTED) Hotword isNonVoiceMatchHotwordEnabled: %b, isHotwordAvailable: %b, isHotwordEnabled: %b, isVoiceMatchSupported: %b, isHotwordEnrolled: %b,'}
{'timestamp': 1702276322380, 'level': 'ALL', 'message': '12-11 08:28:41.792   517   979 I gqay    : (REDACTED) Hotword enrollment state : %s.'}
{'timestamp': 1702276322380, 'level': 'ALL', 'message': '12-11 08:28:41.792   517   979 I gqez    : (REDACTED) #getNextAction. Voice match enabled: %b. Hotword (non-Voice Match) enabled: %b, incomplete enrollment state: %b, screen on: %b, screen locked: %b dsp available: %b'}
{'timestamp': 1702276322380, 'level': 'ALL', 'message': '12-11 08:28:41.792   517   979 I gqez    : (REDACTED) No operation needed since hotword detection is not running. Voice match enabled : %b. Hotword (non-Voice Match) enabled : %b, Is screen on : %b.'}
{'timestamp': 1702276322380, 'level': 'ALL', 'message': '12-11 08:28:41.792   517   979 I gqel    : No detectors created before, no need to reconfig.'}
{'timestamp': 1702276322380, 'level': 'ALL', 'message': '12-11 08:28:41.792   517   979 I gqel    : (REDACTED) Get the next action %s for requester %s.'}
{'timestamp': 1702276322380, 'level': 'ALL', 'message': '12-11 08:28:41.792   517   979 I gqel    : (REDACTED) Hotword detection is running : %b, no further operation required.'}
{'timestamp': 1702276322380, 'level': 'ALL', 'message': '12-11 08:28:41.793   517   979 I gqay    : (REDACTED) isHotwordAvailable():  %b, isHotwordEnabled() %b'}
{'timestamp': 1702276322380, 'level': 'ALL', 'message': '12-11 08:28:41.793   517   979 I gqel    : #logRequestHandlingNonErrorEndEvent. Reset requestIdOfFirstError, firstStartErrorCausesRetry and numOfRetriesDoneForDspStartErrors!'}
{'timestamp': 1702276322380, 'level': 'ALL', 'message': '12-11 08:28:41.793   653   944 I gqii    : (REDACTED) Calling setIsModelTypeDspSupported %s'}
{'timestamp': 1702276322380, 'level': 'ALL', 'message': '12-11 08:28:41.849 11293 11293 D AndroidRuntime: >>>>>> START com.android.internal.os.RuntimeInit uid 2000 <<<<<<'}
{'timestamp': 1702276322380, 'level': 'ALL', 'message': '12-11 08:28:41.846 11293 11293 W app_process: type=1400 audit(0.0:4419): avc: denied { read } for name="u:object_r:device_config_runtime_native_boot_prop:s0" dev="tmpfs" ino=10387 scontext=u:r:shell:s0 tcontext=u:object_r:device_config_runtime_native_boot_prop:s0 tclass=file permissive=0'}
{'timestamp': 1702276322380, 'level': 'ALL', 'message': '12-11 08:28:41.856 11293 11293 E libc    : Access denied finding property "persist.device_config.runtime_native_boot.profilebootclasspath"'}
{'timestamp': 1702276322380, 'level': 'ALL', 'message': '12-11 08:28:41.856 11293 11293 E libc    : Access denied finding property "persist.device_config.runtime_native_boot.enable_apex_image"'}
{'timestamp': 1702276322380, 'level': 'ALL', 'message': '12-11 08:28:41.856 11293 11293 I AndroidRuntime: Using default boot image'}
{'timestamp': 1702276322380, 'level': 'ALL', 'message': '12-11 08:28:41.856 11293 11293 E libc    : Access denied finding property "persist.device_config.runtime_native_boot.disable_lock_profiling"'}
{'timestamp': 1702276322380, 'level': 'ALL', 'message': '12-11 08:28:41.856 11293 11293 I AndroidRuntime: Leaving lock profiling enabled'}
{'timestamp': 1702276322380, 'level': 'ALL', 'message': '12-11 08:28:41.856 11293 11293 E libc    : Access denied finding property "persist.device_config.runtime_native_boot.enable_generational_cc"'}
{'timestamp': 1702276322380, 'level': 'ALL', 'message': '12-11 08:28:41.854 11293 11293 W app_process: type=1400 audit(0.0:4420): avc: denied { read } for name="u:object_r:device_config_runtime_native_boot_prop:s0" dev="tmpfs" ino=10387 scontext=u:r:shell:s0 tcontext=u:object_r:device_config_runtime_native_boot_prop:s0 tclass=file permissive=0'}
{'timestamp': 1702276322380, 'level': 'ALL', 'message': '12-11 08:28:41.854 11293 11293 I chatty  : uid=2000(shell) main identical 1 line'}
{'timestamp': 1702276322380, 'level': 'ALL', 'message': '12-11 08:28:41.854 11293 11293 W app_process: type=1400 audit(0.0:4422): avc: denied { read } for name="u:object_r:device_config_runtime_native_boot_prop:s0" dev="tmpfs" ino=10387 scontext=u:r:shell:s0 tcontext=u:object_r:device_config_runtime_native_boot_prop:s0 tclass=file permissive=0'}
{'timestamp': 1702276322380, 'level': 'ALL', 'message': '12-11 08:28:41.909 11293 11293 D app_process: Time zone APEX ICU file found: /apex/com.android.tzdata/etc/icu/icu_tzdata.dat'}
{'timestamp': 1702276322380, 'level': 'ALL', 'message': '12-11 08:28:41.909 11293 11293 D app_process: I18n APEX ICU file found: /apex/com.android.i18n/etc/icu/icudt66l.dat'}
{'timestamp': 1702276322380, 'level': 'ALL', 'message': '12-11 08:28:41.913 11293 11293 W app_process: Unexpected CPU variant for X86 using defaults: x86'}
{'timestamp': 1702276322380, 'level': 'ALL', 'message': '12-11 08:28:41.915 11293 11293 I app_process: The ClassLoaderContext is a special shared library.'}
{'timestamp': 1702276322380, 'level': 'ALL', 'message': '12-11 08:28:41.933 11293 11293 W app_process: JNI RegisterNativeMethods: attempt to register 0 native methods for android.media.AudioAttributes'}
{'timestamp': 1702276322380, 'level': 'ALL', 'message': '12-11 08:28:41.938 11293 11293 D AndroidRuntime: Calling main entry com.android.commands.am.Am'}
{'timestamp': 1702276322380, 'level': 'ALL', 'message': '12-11 08:28:41.947 31652 32599 I ActivityManager: Force stopping io.appium.uiautomator2.server appid=10157 user=0: start instr'}
{'timestamp': 1702276322380, 'level': 'ALL', 'message': '12-11 08:28:41.950 31652 32599 D CompatibilityChangeReporter: Compat change id reported: 135634846; UID 10157; state: DISABLED'}
{'timestamp': 1702276322380, 'level': 'ALL', 'message': '12-11 08:28:41.951 31652 31745 D CompatibilityChangeReporter: Compat change id reported: 143937733; UID 10157; state: ENABLED'}
{'timestamp': 1702276322380, 'level': 'ALL', 'message': '12-11 08:28:41.961 31506 31506 D Zygote  : Forked child process 11308'}
{'timestamp': 1702276322380, 'level': 'ALL', 'message': '12-11 08:28:41.964 31652 31745 I ActivityManager: Start proc 11308:io.appium.uiautomator2.server/u0a157 for added application io.appium.uiautomator2.server'}
{'timestamp': 1702276322380, 'level': 'ALL', 'message': '12-11 08:28:41.968 11308 11308 I tomator2.serve: Late-enabling -Xcheck:jni'}
{'timestamp': 1702276322380, 'level': 'ALL', 'message': '12-11 08:28:41.978 11308 11308 I tomator2.serve: Unquickening 12 vdex files!'}
{'timestamp': 1702276322380, 'level': 'ALL', 'message': '12-11 08:28:41.978 11308 11308 W tomator2.serve: Unexpected CPU variant for X86 using defaults: x86'}
{'timestamp': 1702276322380, 'level': 'ALL', 'message': '12-11 08:28:41.994  1912  1939 I adbd    : jdwp connection from 11308'}
{'timestamp': 1702276322380, 'level': 'ALL', 'message': '12-11 08:28:42.031 11308 11308 I tomator2.serve: The ClassLoaderContext is a special shared library.'}
{'timestamp': 1702276322380, 'level': 'ALL', 'message': '12-11 08:28:42.032 11308 11308 I chatty  : uid=10157(io.appium.uiautomator2.server) identical 1 line'}
{'timestamp': 1702276322380, 'level': 'ALL', 'message': '12-11 08:28:42.033 11308 11308 I tomator2.serve: The ClassLoaderContext is a special shared library.'}
{'timestamp': 1702276322380, 'level': 'ALL', 'message': '12-11 08:28:42.036 11308 11308 W tomator2.serve: ClassLoaderContext classpath size mismatch. expected=0, found=3 (PCL[]{PCL[/system/framework/android.test.base.jar*315452938]#PCL[/system/framework/android.test.mock.jar*239297726]{PCL[/system/framework/android.test.base.jar*315452938]}#PCL[/system/framework/android.test.runner.jar*2931394026]{PCL[/system/framework/android.test.base.jar*315452938]#PCL[/system/framework/android.test.mock.jar*239297726]{PCL[/system/framework/android.test.base.jar*315452938]}}} | PCL[/system/framework/android.test.runner.jar*2931394026:/system/framework/android.test.mock.jar*239297726:/system/framework/android.test.base.jar*315452938])'}
{'timestamp': 1702276322380, 'level': 'ALL', 'message': '12-11 08:28:42.039 11308 11308 W tomator2.serve: ClassLoaderContext classpath size mismatch. expected=0, found=7 (PCL[] | PCL[/system/framework/android.test.runner.jar*2931394026:/system/framework/android.test.mock.jar*239297726:/system/framework/android.test.base.jar*315452938:/data/app/~~H-ZZcCtrcyZ8YvQ8dbNL0w==/io.appium.uiautomator2.server.test-HtlBHOEB9spqg6V8nxbMvA==/base.apk*687247646:/data/app/~~H-ZZcCtrcyZ8YvQ8dbNL0w==/io.appium.uiautomator2.server.test-HtlBHOEB9spqg6V8nxbMvA==/base.apk!classes2.dex*4100630800:/data/app/~~H-ZZcCtrcyZ8YvQ8dbNL0w==/io.appium.uiautomator2.server.test-HtlBHOEB9spqg6V8nxbMvA==/base.apk!classes3.dex*453249084:/data/app/~~H-ZZcCtrcyZ8YvQ8dbNL0w==/io.appium.uiautomator2.server.test-HtlBHOEB9spqg6V8nxbMvA==/base.apk!classes4.dex*3854027553])'}
{'timestamp': 1702276322380, 'level': 'ALL', 'message': '12-11 08:28:42.040 11308 11308 W tomator2.serve: Found duplicate classes, falling back to extracting from APK : /data/app/~~hXRTy2FDcTfFwNIuEDVqvA==/io.appium.uiautomator2.server-0sYJHyDtLwZBVo4NIPDNQg==/base.apk'}
{'timestamp': 1702276322380, 'level': 'ALL', 'message': '12-11 08:28:42.040 11308 11308 W tomator2.serve: NOTE: This wastes RAM and hurts startup performance.'}
{'timestamp': 1702276322380, 'level': 'ALL', 'message': "12-11 08:28:42.040 11308 11308 W tomator2.serve: Found duplicated class when checking oat files: 'Ljunit/framework/Assert;' in /data/app/~~hXRTy2FDcTfFwNIuEDVqvA==/io.appium.uiautomator2.server-0sYJHyDtLwZBVo4NIPDNQg==/base.apk and /system/framework/android.test.base.jar"}
{'timestamp': 1702276322380, 'level': 'ALL', 'message': '12-11 08:28:42.162 11308 11308 D ApplicationLoaders: Returning zygote-cached class loader: /system/framework/android.test.base.jar'}
{'timestamp': 1702276322381, 'level': 'ALL', 'message': '12-11 08:28:42.162 11308 11308 D ApplicationLoaders: Returning zygote-cached class loader: /system/framework/android.test.base.jar'}
{'timestamp': 1702276322381, 'level': 'ALL', 'message': '12-11 08:28:42.165 11308 11308 I tomator2.serve: The ClassLoaderContext is a special shared library.'}
{'timestamp': 1702276322381, 'level': 'ALL', 'message': '12-11 08:28:42.167 11308 11308 D ApplicationLoaders: Returning zygote-cached class loader: /system/framework/android.test.base.jar'}
{'timestamp': 1702276322381, 'level': 'ALL', 'message': '12-11 08:28:42.167 11308 11308 D ApplicationLoaders: Returning zygote-cached class loader: /system/framework/android.test.base.jar'}
{'timestamp': 1702276322381, 'level': 'ALL', 'message': '12-11 08:28:42.168 11308 11308 I tomator2.serve: The ClassLoaderContext is a special shared library.'}
{'timestamp': 1702276322381, 'level': 'ALL', 'message': '12-11 08:28:42.172 11308 11308 I chatty  : uid=10157(io.appium.uiautomator2.server) identical 2 lines'}
{'timestamp': 1702276322381, 'level': 'ALL', 'message': '12-11 08:28:42.173 11308 11308 I tomator2.serve: The ClassLoaderContext is a special shared library.'}
{'timestamp': 1702276322381, 'level': 'ALL', 'message': '12-11 08:28:42.174 11308 11308 W tomator2.serve: ClassLoaderContext classpath size mismatch. expected=0, found=3 (PCL[]{PCL[/system/framework/android.test.base.jar*315452938]#PCL[/system/framework/android.test.mock.jar*239297726]{PCL[/system/framework/android.test.base.jar*315452938]}#PCL[/system/framework/android.test.runner.jar*2931394026]{PCL[/system/framework/android.test.base.jar*315452938]#PCL[/system/framework/android.test.mock.jar*239297726]{PCL[/system/framework/android.test.base.jar*315452938]}}} | PCL[/system/framework/android.test.runner.jar*2931394026:/system/framework/android.test.mock.jar*239297726:/system/framework/android.test.base.jar*315452938]{PCL[/system/framework/android.test.base.jar*315452938]#PCL[/system/framework/android.test.mock.jar*239297726]{PCL[/system/framework/android.test.base.jar*315452938]}#PCL[/system/framework/android.test.runner.jar*2931394026]{PCL[/system/framework/android.test.base.jar*315452938]#PCL[/system/framework/android.test.mock.jar*239297726]{PCL[/system/framework/android.test.base.jar*315452938]}}};PCL[/system/framework/android.test.runner.jar*2931394026:/system/framework/android.test.mock.jar*239297726:/system/framework/android.test.base.jar*315452938:/data/app/~~H-ZZcCtrcyZ8YvQ8dbNL0w==/io.appium.uiautomator2.server.test-HtlBHOEB9spqg6V8nxbMvA==/base.apk*687247646:/data/app/~~H-ZZcCtrcyZ8YvQ8dbNL0w==/io.appium.uiautomator2.server.test-HtlBHOEB9spqg6V8nxbMvA==/base.apk!classes2.dex*4100630800:/data/app/~~H-ZZcCtrcyZ8YvQ8dbNL0w==/io.appium.uiautomator2.server.test-HtlBHOEB9spqg6V8nxbMvA==/base.apk!classes3.dex*453249084:/data/app/~~H-ZZcCtrcyZ8YvQ8dbNL0w==/io.appium.uiautomator2.server.test-HtlBHOEB9spqg6V8nxbMvA==/base.apk!classes4.dex*3854027553:/data/app/~~hXRTy2FDcTfFwNIuEDVqvA==/io.appium.uiautomator2.server-0sYJHyDtLwZBVo4NIPDNQg==/base.apk*1922397569:/data/app/~~hXRTy2FDcTfFwNIuEDVqvA==/io.appium.uiautomator2.server-0sYJHyDtLwZBVo4NIPDNQg==/base.apk!classes2.dex*3876754:/data/app/~~hXRTy2FDcTfFwNIuEDVqvA==/io.appium.uiautomator2.server-0sYJHyDtLwZBVo4NIPDNQg==/base.apk!classes3.dex*2970867877:/data/app/~~hXRTy2FDcTfFwNIuEDVqvA==/io.appium.uiautomator2.server-0sYJHyDtLwZBVo4NIPDNQg==/base.apk!classes4.dex*2531160953:/data/app/~~hXRTy2FDcTfFwNIuEDVqvA==/io.appium.uiautomator2.server-0sYJHyDtLwZBVo4NIPDNQg==/base.apk!classes5.dex*2767942814:/data/app/~~hXRTy2FDcTfFwNIuEDVqvA==/io.appium.uiautomator2.server-0sYJHyDtLwZBVo4NIPDNQg==/base.apk!classes6.dex*186635361:/data/app/~~hXRTy2FDcTfFwNIuEDVqvA==/io.appium.uiautomator2.server-0sYJHyDtLwZBVo4NIPDNQg==/base.apk!classes7.dex*2618031622:/data/app/~~hXRTy2FDcTfFwNIuEDVqvA==/io.appium.uiautomator2.server-0sYJHyDtLwZBVo4NIPDNQg==/base.apk!classes8.dex*360180399:/data/app/~~hXRTy2FDcTfFwNIuEDVqvA==/io.appium.uiautomator2.server-0sYJHyDtLwZBVo4NIPDNQg==/base.apk!classes9.dex*2382545440:/data/app/~~hXRTy2FDcTfFwNIuEDVqvA==/io.appium.uiautomator2.server-0sYJHyDtLwZBVo4NIPDNQg==/base.apk!classes10.dex*3493382844:/data/app/~~hXRTy2FDcTfFwNIuEDVqvA==/io.appium.uiautomator2.server-0sYJHyDtLwZBVo4NIPDNQg==/base.apk!classes11.dex*2965076158:/data/app/~~hXRTy2FDcTfFwNIuEDVqvA==/io.appium.uiautomator2.server-0sYJHyDtLwZBVo4NIPDNQg==/base.apk!classes12.dex*1142898992:/data/app/~~hXRTy2FDcTfFwNIuEDVqvA==/io.appium.uiautomator2.server-0sYJHyDtLwZBVo4NIPDNQg==/base.apk!classes13.dex*2435156123:/data/app/~~hXRTy2FDcTfFwNIuEDVqvA==/io.appium.uiautomator2.server-0sYJHyDtLwZBVo4NIPDNQg==/base.apk!classes14.dex*4011978266:/data/app/~~hXRTy2FDcTfFwNIuEDVqvA==/io.appium.uiautomator2.server-0sYJHyDtLwZBVo4NIPDNQg==/base.apk!classes15.dex*4162793483:/data/app/~~hXRTy2FDcTfFwNIuEDVqvA==/io.appium.uiautomator2.server-0sYJHyDtLwZBVo4NIPDNQg==/base.apk!classes16.dex*2209479777])'}
{'timestamp': 1702276322381, 'level': 'ALL', 'message': '12-11 08:28:42.174 11308 11308 W tomator2.serve: Found duplicate classes, falling back to extracting from APK : /data/app/~~H-ZZcCtrcyZ8YvQ8dbNL0w==/io.appium.uiautomator2.server.test-HtlBHOEB9spqg6V8nxbMvA==/base.apk'}
{'timestamp': 1702276322381, 'level': 'ALL', 'message': '12-11 08:28:42.174 11308 11308 W tomator2.serve: NOTE: This wastes RAM and hurts startup performance.'}
{'timestamp': 1702276322381, 'level': 'ALL', 'message': "12-11 08:28:42.174 11308 11308 W tomator2.serve: Found duplicated class when checking oat files: 'Landroidx/test/ext/junit/R$style;' in /data/app/~~H-ZZcCtrcyZ8YvQ8dbNL0w==/io.appium.uiautomator2.server.test-HtlBHOEB9spqg6V8nxbMvA==/base.apk!classes2.dex and /data/app/~~H-ZZcCtrcyZ8YvQ8dbNL0w==/io.appium.uiautomator2.server.test-HtlBHOEB9spqg6V8nxbMvA==/base.apk!classes2.dex"}
{'timestamp': 1702276322381, 'level': 'ALL', 'message': '12-11 08:28:42.181 11308 11308 W tomator2.serve: ClassLoaderContext classpath size mismatch. expected=0, found=7 (PCL[] | PCL[/system/framework/android.test.runner.jar*2931394026:/system/framework/android.test.mock.jar*239297726:/system/framework/android.test.base.jar*315452938:/data/app/~~H-ZZcCtrcyZ8YvQ8dbNL0w==/io.appium.uiautomator2.server.test-HtlBHOEB9spqg6V8nxbMvA==/base.apk*687247646:/data/app/~~H-ZZcCtrcyZ8YvQ8dbNL0w==/io.appium.uiautomator2.server.test-HtlBHOEB9spqg6V8nxbMvA==/base.apk!classes2.dex*4100630800:/data/app/~~H-ZZcCtrcyZ8YvQ8dbNL0w==/io.appium.uiautomator2.server.test-HtlBHOEB9spqg6V8nxbMvA==/base.apk!classes3.dex*453249084:/data/app/~~H-ZZcCtrcyZ8YvQ8dbNL0w==/io.appium.uiautomator2.server.test-HtlBHOEB9spqg6V8nxbMvA==/base.apk!classes4.dex*3854027553]{PCL[/system/framework/android.test.base.jar*315452938]#PCL[/system/framework/android.test.mock.jar*239297726]{PCL[/system/framework/android.test.base.jar*315452938]}#PCL[/system/framework/android.test.runner.jar*2931394026]{PCL[/system/framework/android.test.base.jar*315452938]#PCL[/system/framework/android.test.mock.jar*239297726]{PCL[/system/framework/android.test.base.jar*315452938]}}};PCL[/system/framework/android.test.runner.jar*2931394026:/system/framework/android.test.mock.jar*239297726:/system/framework/android.test.base.jar*315452938:/data/app/~~H-ZZcCtrcyZ8YvQ8dbNL0w==/io.appium.uiautomator2.server.test-HtlBHOEB9spqg6V8nxbMvA==/base.apk*687247646:/data/app/~~H-ZZcCtrcyZ8YvQ8dbNL0w==/io.appium.uiautomator2.server.test-HtlBHOEB9spqg6V8nxbMvA==/base.apk!classes2.dex*4100630800:/data/app/~~H-ZZcCtrcyZ8YvQ8dbNL0w==/io.appium.uiautomator2.server.test-HtlBHOEB9spqg6V8nxbMvA==/base.apk!classes3.dex*453249084:/data/app/~~H-ZZcCtrcyZ8YvQ8dbNL0w==/io.appium.uiautomator2.server.test-HtlBHOEB9spqg6V8nxbMvA==/base.apk!classes4.dex*3854027553:/data/app/~~hXRTy2FDcTfFwNIuEDVqvA==/io.appium.uiautomator2.server-0sYJHyDtLwZBVo4NIPDNQg==/base.apk*1922397569:/data/app/~~hXRTy2FDcTfFwNIuEDVqvA==/io.appium.uiautomator2.server-0sYJHyDtLwZBVo4NIPDNQg==/base.apk!classes2.dex*3876754:/data/app/~~hXRTy2FDcTfFwNIuEDVqvA==/io.appium.uiautomator2.server-0sYJHyDtLwZBVo4NIPDNQg==/base.apk!classes3.dex*2970867877:/data/app/~~hXRTy2FDcTfFwNIuEDVqvA==/io.appium.uiautomator2.server-0sYJHyDtLwZBVo4NIPDNQg==/base.apk!classes4.dex*2531160953:/data/app/~~hXRTy2FDcTfFwNIuEDVqvA==/io.appium.uiautomator2.server-0sYJHyDtLwZBVo4NIPDNQg==/base.apk!classes5.dex*2767942814:/data/app/~~hXRTy2FDcTfFwNIuEDVqvA==/io.appium.uiautomator2.server-0sYJHyDtLwZBVo4NIPDNQg==/base.apk!classes6.dex*186635361:/data/app/~~hXRTy2FDcTfFwNIuEDVqvA==/io.appium.uiautomator2.server-0sYJHyDtLwZBVo4NIPDNQg==/base.apk!classes7.dex*2618031622:/data/app/~~hXRTy2FDcTfFwNIuEDVqvA==/io.appium.uiautomator2.server-0sYJHyDtLwZBVo4NIPDNQg==/base.apk!classes8.dex*360180399:/data/app/~~hXRTy2FDcTfFwNIuEDVqvA==/io.appium.uiautomator2.server-0sYJHyDtLwZBVo4NIPDNQg==/base.apk!classes9.dex*2382545440:/data/app/~~hXRTy2FDcTfFwNIuEDVqvA==/io.appium.uiautomator2.server-0sYJHyDtLwZBVo4NIPDNQg==/base.apk!classes10.dex*3493382844:/data/app/~~hXRTy2FDcTfFwNIuEDVqvA==/io.appium.uiautomator2.server-0sYJHyDtLwZBVo4NIPDNQg==/base.apk!classes11.dex*2965076158:/data/app/~~hXRTy2FDcTfFwNIuEDVqvA==/io.appium.uiautomator2.server-0sYJHyDtLwZBVo4NIPDNQg==/base.apk!classes12.dex*1142898992:/data/app/~~hXRTy2FDcTfFwNIuEDVqvA==/io.appium.uiautomator2.server-0sYJHyDtLwZBVo4NIPDNQg==/base.apk!classes13.dex*2435156123:/data/app/~~hXRTy2FDcTfFwNIuEDVqvA==/io.appium.uiautomator2.server-0sYJHyDtLwZBVo4NIPDNQg==/base.apk!classes14.dex*4011978266:/data/app/~~hXRTy2FDcTfFwNIuEDVqvA==/io.appium.uiautomator2.server-0sYJHyDtLwZBVo4NIPDNQg==/base.apk!classes15.dex*4162793483:/data/app/~~hXRTy2FDcTfFwNIuEDVqvA==/io.appium.uiautomator2.server-0sYJHyDtLwZBVo4NIPDNQg==/base.apk!classes16.dex*2209479777])'}
{'timestamp': 1702276322381, 'level': 'ALL', 'message': '12-11 08:28:42.181 11308 11308 W tomator2.serve: Found duplicate classes, falling back to extracting from APK : /data/app/~~hXRTy2FDcTfFwNIuEDVqvA==/io.appium.uiautomator2.server-0sYJHyDtLwZBVo4NIPDNQg==/base.apk'}
{'timestamp': 1702276322381, 'level': 'ALL', 'message': '12-11 08:28:42.181 11308 11308 W tomator2.serve: NOTE: This wastes RAM and hurts startup performance.'}
{'timestamp': 1702276322381, 'level': 'ALL', 'message': "12-11 08:28:42.181 11308 11308 W tomator2.serve: Found duplicated class when checking oat files: 'Landroid_libs/ub_uiautomator/R;' in /data/app/~~hXRTy2FDcTfFwNIuEDVqvA==/io.appium.uiautomator2.server-0sYJHyDtLwZBVo4NIPDNQg==/base.apk!classes2.dex and /data/app/~~hXRTy2FDcTfFwNIuEDVqvA==/io.appium.uiautomator2.server-0sYJHyDtLwZBVo4NIPDNQg==/base.apk!classes2.dex"}
{'timestamp': 1702276322381, 'level': 'ALL', 'message': '12-11 08:28:42.304 11308 11308 W tomator2.serve: Accessing hidden method Landroid/app/Instrumentation;->execStartActivity(Landroid/content/Context;Landroid/os/IBinder;Landroid/os/IBinder;Landroid/app/Activity;Landroid/content/Intent;ILandroid/os/Bundle;)Landroid/app/Instrumentation$ActivityResult; (greylist, linking, allowed)'}
{'timestamp': 1702276322381, 'level': 'ALL', 'message': '12-11 08:28:42.304 11308 11308 W tomator2.serve: Accessing hidden method Landroid/app/Instrumentation;->execStartActivity(Landroid/content/Context;Landroid/os/IBinder;Landroid/os/IBinder;Ljava/lang/String;Landroid/content/Intent;ILandroid/os/Bundle;)Landroid/app/Instrumentation$ActivityResult; (greylist, linking, allowed)'}
{'timestamp': 1702276322381, 'level': 'ALL', 'message': '12-11 08:28:42.316 11308 11308 D NetworkSecurityConfig: No Network Security Config specified, using platform default'}
{'timestamp': 1702276322381, 'level': 'ALL', 'message': '12-11 08:28:42.316 11308 11308 D NetworkSecurityConfig: No Network Security Config specified, using platform default'}
{'timestamp': 1702276322381, 'level': 'ALL', 'message': '12-11 08:28:42.316 11308 11308 I MonitoringInstr: newApplication called!'}
{'timestamp': 1702276322381, 'level': 'ALL', 'message': '12-11 08:28:42.319 11308 11308 I MonitoringInstr: Instrumentation started!'}
{'timestamp': 1702276322381, 'level': 'ALL', 'message': '12-11 08:28:42.336 11308 11308 I AndroidJUnitRunner: onCreate Bundle[{disableAnalytics=true}]'}
{'timestamp': 1702276322381, 'level': 'ALL', 'message': '12-11 08:28:42.341 11308 11308 V TestEventClient: No service name argument was given (testDiscoveryService, testRunEventService or orchestratorService)'}
{'timestamp': 1702276322381, 'level': 'ALL', 'message': '12-11 08:28:42.345 11308 11330 D AndroidJUnitRunner: onStart is called.'}
{'timestamp': 1702276322381, 'level': 'ALL', 'message': '12-11 08:28:42.347 11308 11308 I MonitoringInstr: No JSBridge.'}
{'timestamp': 1702276322381, 'level': 'ALL', 'message': '12-11 08:28:42.373 11308 11330 D TestRequestBuilder: Using class path scanning to discover tests'}
{'timestamp': 1702276322381, 'level': 'ALL', 'message': '12-11 08:28:42.373 11308 11330 I TestRequestBuilder: Scanning classpath to find tests in paths [/data/app/~~H-ZZcCtrcyZ8YvQ8dbNL0w==/io.appium.uiautomator2.server.test-HtlBHOEB9spqg6V8nxbMvA==/base.apk]'}
{'timestamp': 1702276322381, 'level': 'ALL', 'message': '12-11 08:28:42.376 11308 11330 W tomator2.serve: Opening an oat file without a class loader. Are you using the deprecated DexFile APIs?'}
{'timestamp': 1702276322381, 'level': 'ALL', 'message': '12-11 08:28:42.441 11308 11330 D AndroidJUnitRunner: Use the raw file system for managing file I/O.'}
{'timestamp': 1702276322381, 'level': 'ALL', 'message': '12-11 08:28:42.453 11308 11330 D TestExecutor: Adding listener androidx.test.internal.runner.listener.LogRunListener'}
{'timestamp': 1702276322381, 'level': 'ALL', 'message': '12-11 08:28:42.454 11308 11330 D TestExecutor: Adding listener androidx.test.internal.runner.listener.InstrumentationResultPrinter'}
{'timestamp': 1702276322381, 'level': 'ALL', 'message': '12-11 08:28:42.454 11308 11330 D TestExecutor: Adding listener androidx.test.internal.runner.listener.ActivityFinisherRunListener'}
{'timestamp': 1702276322381, 'level': 'ALL', 'message': '12-11 08:28:42.454 11308 11330 D TestExecutor: Adding listener androidx.test.internal.runner.listener.TraceRunListener'}
{'timestamp': 1702276322381, 'level': 'ALL', 'message': '12-11 08:28:42.464 11308 11330 I TestRunner: run started: 1 tests'}
{'timestamp': 1702276322381, 'level': 'ALL', 'message': '12-11 08:28:42.470 11308 11330 I TestRunner: started: startServer(io.appium.uiautomator2.server.test.AppiumUiAutomator2Server)'}
{'timestamp': 1702276322381, 'level': 'ALL', 'message': '12-11 08:28:42.482 11308 11330 I appium  : [AppiumUiAutomator2Server] Starting Server'}
{'timestamp': 1702276322381, 'level': 'ALL', 'message': "12-11 08:28:42.786  1912  1912 E adbd    : failed to connect to socket 'tcp:6790': Connection refused"}
{'timestamp': 1702276322381, 'level': 'ALL', 'message': '12-11 08:28:43.298 31652 31662 W JavaBinder: BinderProxy is being destroyed but the application did not call unlinkToDeath to unlink all of its death recipients beforehand.  Releasing leaked death recipient: com.android.server.AlarmManagerService$2'}
{'timestamp': 1702276322381, 'level': 'ALL', 'message': '12-11 08:28:43.298 31652 31662 I BpBinder: onLastStrongRef automatically unlinking death recipients: <uncached descriptor>'}
{'timestamp': 1702276322381, 'level': 'ALL', 'message': '12-11 08:28:43.303 31652 31662 W JavaBinder: BinderProxy is being destroyed but the application did not call unlinkToDeath to unlink all of its death recipients beforehand.  Releasing leaked death recipient: com.android.server.AlarmManagerService$2'}
{'timestamp': 1702276322381, 'level': 'ALL', 'message': '12-11 08:28:43.303 31652 31662 I BpBinder: onLastStrongRef automatically unlinking death recipients: <uncached descriptor>'}
{'timestamp': 1702276322381, 'level': 'ALL', 'message': '12-11 08:28:43.305 31652 31662 W JavaBinder: BinderProxy is being destroyed but the application did not call unlinkToDeath to unlink all of its death recipients beforehand.  Releasing leaked death recipient: com.android.server.AlarmManagerService$2'}
{'timestamp': 1702276322381, 'level': 'ALL', 'message': '12-11 08:28:43.305 31652 31662 I BpBinder: onLastStrongRef automatically unlinking death recipients: <uncached descriptor>'}
{'timestamp': 1702276322381, 'level': 'ALL', 'message': '12-11 08:28:43.308 31652 31662 W JavaBinder: BinderProxy is being destroyed but the application did not call unlinkToDeath to unlink all of its death recipients beforehand.  Releasing leaked death recipient: com.android.server.AlarmManagerService$2'}
{'timestamp': 1702276322381, 'level': 'ALL', 'message': '12-11 08:28:43.310 31652 31662 I BpBinder: onLastStrongRef automatically unlinking death recipients: <uncached descriptor>'}
{'timestamp': 1702276322381, 'level': 'ALL', 'message': '12-11 08:28:43.321 31652 31662 W JavaBinder: BinderProxy is being destroyed but the application did not call unlinkToDeath to unlink all of its death recipients beforehand.  Releasing leaked death recipient: com.android.server.AlarmManagerService$2'}
{'timestamp': 1702276322381, 'level': 'ALL', 'message': '12-11 08:28:43.321 31652 31662 I BpBinder: onLastStrongRef automatically unlinking death recipients: <uncached descriptor>'}
{'timestamp': 1702276322381, 'level': 'ALL', 'message': '12-11 08:28:43.327 31652 31663 W System  : A resource failed to call close.'}
{'timestamp': 1702276322381, 'level': 'ALL', 'message': '12-11 08:28:43.328 31652 31663 W System  : A resource failed to call dispose.'}
{'timestamp': 1702276322381, 'level': 'ALL', 'message': '12-11 08:28:43.329 31652 31663 W System  : A resource failed to call release.'}
{'timestamp': 1702276322381, 'level': 'ALL', 'message': '12-11 08:28:43.334 31652 31663 I chatty  : uid=1000(system) FinalizerDaemon identical 2 lines'}
{'timestamp': 1702276322381, 'level': 'ALL', 'message': '12-11 08:28:43.335 31652 31663 W System  : A resource failed to call release.'}
{'timestamp': 1702276322381, 'level': 'ALL', 'message': '12-11 08:28:43.352 31652 31663 W System  : A resource failed to call dispose.'}
{'timestamp': 1702276322381, 'level': 'ALL', 'message': '12-11 08:28:43.353 31652 31663 W System  : A resource failed to call dispose.'}
{'timestamp': 1702276322381, 'level': 'ALL', 'message': '12-11 08:28:43.484 11308 11330 I appium  : Starting MJPEG Server'}
{'timestamp': 1702276322381, 'level': 'ALL', 'message': '12-11 08:28:43.487 11308 11330 I appium  : MJPEG Server started'}
{'timestamp': 1702276322381, 'level': 'ALL', 'message': '12-11 08:28:43.491 11308 11333 I appium  : ServerSocket created on port 7810'}
{'timestamp': 1702276322381, 'level': 'ALL', 'message': '12-11 08:28:43.513 11308 11330 I appium  : AndroidServer created on port 6790'}
{'timestamp': 1702276322381, 'level': 'ALL', 'message': '12-11 08:28:43.514 11308 11330 I appium  : io.appium.uiautomator2.server started:'}
{'timestamp': 1702276322381, 'level': 'ALL', 'message': '12-11 08:28:43.534   517   929 I fvbt    : (REDACTED) #onAccessibilityStateChanged enabled: %s'}
{'timestamp': 1702276322381, 'level': 'ALL', 'message': '12-11 08:28:43.535   517  1099 I fvbt    : #onChange'}
{'timestamp': 1702276322381, 'level': 'ALL', 'message': '12-11 08:28:43.536   517  1099 I cmrs    : #FCF: onChange'}
{'timestamp': 1702276322381, 'level': 'ALL', 'message': '12-11 08:28:43.536   517  1099 I cmrw    : (REDACTED) FCF System FeatureName to check: %s'}
{'timestamp': 1702276322381, 'level': 'ALL', 'message': '12-11 08:28:43.536   517  1099 I cmrw    : (REDACTED) FCF: Device model check status : %s'}
{'timestamp': 1702276322381, 'level': 'ALL', 'message': '12-11 08:28:43.536   517   979 I cmrt    : FCF A11y Checker - readyForTngMa'}
{'timestamp': 1702276322381, 'level': 'ALL', 'message': '12-11 08:28:43.540   517   979 I cmrc    : (REDACTED) #FCF: Assistant primary locale : %s'}
{'timestamp': 1702276322381, 'level': 'ALL', 'message': '12-11 08:28:43.540   517   979 I cmrc    : (REDACTED) #FCF: Assistant Primary locale check status : %s'}
{'timestamp': 1702276322381, 'level': 'ALL', 'message': '12-11 08:28:43.541   517   979 I cmug    : (REDACTED) #FCF: Demo mode check status : %s'}
{'timestamp': 1702276322381, 'level': 'ALL', 'message': '12-11 08:28:43.542   517  1099 I cmuh    : (REDACTED) #FCF: Managed profile check status : %s'}
{'timestamp': 1702276322381, 'level': 'ALL', 'message': '12-11 08:28:43.545   517  1099 I cmuj    : (REDACTED) [%d] productivity accounts setup for current account.'}
{'timestamp': 1702276322381, 'level': 'ALL', 'message': "12-11 08:28:43.550   653   834 I bfxf    : NGA disabled since it's running Panthera and at least one a11y feature is on."}
{'timestamp': 1702276322381, 'level': 'ALL', 'message': '12-11 08:28:43.550   653   834 I bfxf    : (REDACTED) Nga state changed to %s'}
{'timestamp': 1702276322381, 'level': 'ALL', 'message': '12-11 08:28:43.550   653   834 I bfxf    : (REDACTED) isTngActive=%s'}
{'timestamp': 1702276322381, 'level': 'ALL', 'message': '12-11 08:28:43.555   653 10737 I aoso    : (REDACTED) Successfully received auth token for scope: %s in time %d ms'}
{'timestamp': 1702276322381, 'level': 'ALL', 'message': '12-11 08:28:43.569   517   979 I cmya    : (REDACTED) #FCF evaluate: %s'}
{'timestamp': 1702276322381, 'level': 'ALL', 'message': '12-11 08:28:43.569   517   979 I cmya    : (REDACTED) TngMaStatusChecker#evaluateInternal completed in %s millis'}
{'timestamp': 1702276322381, 'level': 'ALL', 'message': '12-11 08:28:43.570   517   979 I cmcg    : (REDACTED) TNG:MA status updated: %s'}
{'timestamp': 1702276322381, 'level': 'ALL', 'message': '12-11 08:28:43.570   517   979 I cmcg    : TNG:MA became ineligible, client should disconnect'}
{'timestamp': 1702276322381, 'level': 'ALL', 'message': '12-11 08:28:43.570   517   979 I cmcg    : (REDACTED) Disconnecting: %s'}
{'timestamp': 1702276322381, 'level': 'ALL', 'message': '12-11 08:28:43.571   517   979 I cmhx    : #unregisterBluetoothDevicesAvailabilityListener'}
{'timestamp': 1702276322381, 'level': 'ALL', 'message': '12-11 08:28:43.571   517   979 I cmya    : #invalidationSource: adding saa update checker'}
{'timestamp': 1702276322381, 'level': 'ALL', 'message': '12-11 08:28:43.571   517   979 I cmhx    : #unregisterBistoDevicesAvailabilityListener'}
{'timestamp': 1702276322381, 'level': 'ALL', 'message': '12-11 08:28:43.571   517   979 I cmhx    : enableBistoRouteIntegration disabled'}
{'timestamp': 1702276322381, 'level': 'ALL', 'message': '12-11 08:28:43.571   517   979 I cmhx    : #unregisterActivityTransitions'}
{'timestamp': 1702276322381, 'level': 'ALL', 'message': '12-11 08:28:43.572   517   979 I cmhx    : #unsubscribeFromHeadsetEventsForEarcons'}
{'timestamp': 1702276322381, 'level': 'ALL', 'message': '12-11 08:28:43.572   517   979 I cmhx    : #enableGmmTravelModeLogging flag disabled.'}
{'timestamp': 1702276322381, 'level': 'ALL', 'message': '12-11 08:28:43.572   517   979 I cqpb    : #unregisterShellAppInstallationReceiver'}
{'timestamp': 1702276322381, 'level': 'ALL', 'message': '12-11 08:28:43.575   517   979 I cmhx    : (REDACTED) Disconnect Reasons: %s'}
{'timestamp': 1702276322381, 'level': 'ALL', 'message': '12-11 08:28:43.575   517   979 I cmhx    : Client successfully disconnected'}
{'timestamp': 1702276322381, 'level': 'ALL', 'message': '12-11 08:28:43.575   517   979 I cmib    : (REDACTED) Updated TngActivationStateResult %s'}
{'timestamp': 1702276322381, 'level': 'ALL', 'message': '12-11 08:28:43.575   517   979 I cmib    : (REDACTED) Emit result=%s'}
{'timestamp': 1702276322381, 'level': 'ALL', 'message': '12-11 08:28:43.575   517   979 I cmgb    : Scheduling removing Phenotype experience experiments id'}
{'timestamp': 1702276322381, 'level': 'ALL', 'message': '12-11 08:28:43.577   517   979 I cmcg    : Disconnected'}
{'timestamp': 1702276322381, 'level': 'ALL', 'message': '12-11 08:28:43.579   517   979 I cmhx    : Subscription was cancelled.'}
{'timestamp': 1702276322381, 'level': 'ALL', 'message': '12-11 08:28:43.579   517  1065 I ckxv    : Disconnecting'}
{'timestamp': 1702276322381, 'level': 'ALL', 'message': '12-11 08:28:43.579   517   979 I gcsr    : (REDACTED) Connection(%s) completed.'}
{'timestamp': 1702276322381, 'level': 'ALL', 'message': '12-11 08:28:43.580   517   979 I gcss    : (REDACTED) Connection(%s) removed, total(%d).'}
{'timestamp': 1702276322381, 'level': 'ALL', 'message': '12-11 08:28:43.580   517   979 I gckv    : (REDACTED) Client connections changed: %s.'}
{'timestamp': 1702276322381, 'level': 'ALL', 'message': '12-11 08:28:43.580   517   979 I gcur    : (REDACTED) Shutdown triggering managed lifecycle(%s)'}
{'timestamp': 1702276322382, 'level': 'ALL', 'message': '12-11 08:28:43.581   517   979 I chatty  : uid=10109(com.google.android.googlequicksearchbox) Lite Thread #0 identical 7 lines'}
{'timestamp': 1702276322382, 'level': 'ALL', 'message': '12-11 08:28:43.581   517   979 I gcur    : (REDACTED) Shutdown triggering managed lifecycle(%s)'}
{'timestamp': 1702276322382, 'level': 'ALL', 'message': '12-11 08:28:43.582   517   979 I gckv    : (REDACTED) Invocations routing has changed'}
{'timestamp': 1702276322382, 'level': 'ALL', 'message': '12-11 08:28:43.582   517   979 I gckv    : %s'}
{'timestamp': 1702276322382, 'level': 'ALL', 'message': '12-11 08:28:43.588   517   979 I zvn     : (REDACTED) Nga on-device enabled based on TNG:MA active state: %b'}
{'timestamp': 1702276322382, 'level': 'ALL', 'message': '12-11 08:28:43.589   517   979 I zvn     : (REDACTED) Nga on-device enabled based on TNG:MA active state: %b'}
{'timestamp': 1702276322382, 'level': 'ALL', 'message': '12-11 08:28:43.589   517   979 I zvn     : Unsubscribed to apa or classic variant change.'}
{'timestamp': 1702276322382, 'level': 'ALL', 'message': '12-11 08:28:43.593   517   979 I gdbo    : (REDACTED) On hotword consumer changed: %s.'}
{'timestamp': 1702276322382, 'level': 'ALL', 'message': '12-11 08:28:43.595   517  1067 I gcyb    : (REDACTED) Hotword consumer configuration has changed: %s.'}
{'timestamp': 1702276322382, 'level': 'ALL', 'message': '12-11 08:28:43.595   517  1067 I gczx    : (REDACTED) Updating HDM frontend with configuration=@%s.'}
{'timestamp': 1702276322382, 'level': 'ALL', 'message': '12-11 08:28:43.595   517  1067 I gqel    : (REDACTED) #update. Operational mode passed in HotwordConfig is %s'}
{'timestamp': 1702276322382, 'level': 'ALL', 'message': '12-11 08:28:43.596   517   979 I gqel    : (REDACTED) Receive Accountid: %s'}
{'timestamp': 1702276322382, 'level': 'ALL', 'message': '12-11 08:28:43.597   517  1099 I gqel    : #update inside sequencer'}
{'timestamp': 1702276322382, 'level': 'ALL', 'message': '12-11 08:28:43.597   517  1099 I gqel    : #update inside sequencer after logAppFlowAfterAccountHandled finished.'}
{'timestamp': 1702276322382, 'level': 'ALL', 'message': '12-11 08:28:43.597   517  1099 I gqel    : (REDACTED) needRefetchHotwordConfig: %b, accountChanged: %b, currentLocale: %s, newLocale: %s'}
{'timestamp': 1702276322382, 'level': 'ALL', 'message': '12-11 08:28:43.597   517  1099 I gqel    : (REDACTED) getAllConfigAndTakeAction called because of %s'}
{'timestamp': 1702276322382, 'level': 'ALL', 'message': "12-11 08:28:43.598   517  1099 W KeyphraseEnrollmentInfo: No enrollment application supports the given keyphrase/locale: 'X Google'/ru_RU"}
{'timestamp': 1702276322382, 'level': 'ALL', 'message': "12-11 08:28:43.598   517  1099 W KeyphraseEnrollmentInfo: No enrollment application supports the given keyphrase/locale: 'X Google'/ru_RU"}
{'timestamp': 1702276322382, 'level': 'ALL', 'message': "12-11 08:28:43.598   517  1099 W KeyphraseEnrollmentInfo: No enrollment application supports the given keyphrase/locale: 'X Google'/ar_EG"}
{'timestamp': 1702276322382, 'level': 'ALL', 'message': "12-11 08:28:43.598   517  1099 W KeyphraseEnrollmentInfo: No enrollment application supports the given keyphrase/locale: 'X Google'/en_US"}
{'timestamp': 1702276322382, 'level': 'ALL', 'message': '12-11 08:28:43.598   517  1099 W gqat    : (REDACTED) #getDspEnrollmentFallbackLocale cannot find a fallback locale for %s.'}
{'timestamp': 1702276322382, 'level': 'ALL', 'message': "12-11 08:28:43.598   517  1099 W KeyphraseEnrollmentInfo: No enrollment application supports the given keyphrase/locale: 'Ok Google'/ru_RU"}
{'timestamp': 1702276322382, 'level': 'ALL', 'message': "12-11 08:28:43.598   517  1099 W KeyphraseEnrollmentInfo: No enrollment application supports the given keyphrase/locale: 'Ok Google'/ar_EG"}
{'timestamp': 1702276322382, 'level': 'ALL', 'message': "12-11 08:28:43.598   517  1099 W KeyphraseEnrollmentInfo: No enrollment application supports the given keyphrase/locale: 'Ok Google'/en_US"}
{'timestamp': 1702276322382, 'level': 'ALL', 'message': '12-11 08:28:43.598   517  1099 W gqat    : (REDACTED) #getDspEnrollmentFallbackLocale cannot find a fallback locale for %s.'}
{'timestamp': 1702276322382, 'level': 'ALL', 'message': '12-11 08:28:43.598   517  1099 I gqel    : (REDACTED) #getAllConfigAndTakeAction KeyphraseAndLocaleSupportResult. locale : %s, dsp locale : %s, keyphrase : %s, DSP keyphrase : %s, isKeyphraseAndLocaleSupported : %b.'}
{'timestamp': 1702276322382, 'level': 'ALL', 'message': '12-11 08:28:43.599   517   979 I gqat    : #canUseDownloadDspModel: no DspModelInformationAvailable'}
{'timestamp': 1702276322382, 'level': 'ALL', 'message': '12-11 08:28:43.599   517   979 I gqel    : (REDACTED) isDspHotwordSupportedByPlatform = %b, isDspHotwordModelAvailable = %b'}
{'timestamp': 1702276322382, 'level': 'ALL', 'message': '12-11 08:28:43.599   517   979 I gqay    : (REDACTED) Voice Match (Speaker-id) supported : %b'}
{'timestamp': 1702276322382, 'level': 'ALL', 'message': '12-11 08:28:43.599   517   979 I gqay    : (REDACTED) hotword enrollment state is enrolled:  %b, speakerId model exist: %b. Voice Match supported : %b'}
{'timestamp': 1702276322382, 'level': 'ALL', 'message': '12-11 08:28:43.599   517   979 I gqay    : (REDACTED) isHotwordAvailable():  %b, isHotwordEnabled() %b'}
{'timestamp': 1702276322382, 'level': 'ALL', 'message': '12-11 08:28:43.599   517   979 I gqay    : (REDACTED) Hotword enrollment state : %s.'}
{'timestamp': 1702276322382, 'level': 'ALL', 'message': '12-11 08:28:43.599   517   979 I gqay    : (REDACTED) Voice Match (Speaker-id) supported : %b'}
{'timestamp': 1702276322382, 'level': 'ALL', 'message': '12-11 08:28:43.599   517   979 I gqay    : (REDACTED) Hotword enrollment state : %s.'}
{'timestamp': 1702276322382, 'level': 'ALL', 'message': '12-11 08:28:43.612 11308 11335 I appium  : Started UiAutomator2 io.appium.uiautomator2.http io.appium.uiautomator2.server on port 6790'}
{'timestamp': 1702276322382, 'level': 'ALL', 'message': '12-11 08:28:43.615   517   979 I gqfh    : (REDACTED) Operational mode passed in HotwordConfig is %s'}
{'timestamp': 1702276322382, 'level': 'ALL', 'message': '12-11 08:28:43.615   517   979 I gqay    : (REDACTED) Voice Match (Speaker-id) supported : %b'}
{'timestamp': 1702276322382, 'level': 'ALL', 'message': '12-11 08:28:43.615   517   979 I gqay    : (REDACTED) Voice Match (Speaker-id) supported : %b'}
{'timestamp': 1702276322382, 'level': 'ALL', 'message': '12-11 08:28:43.615   517   979 I gqay    : (REDACTED) hotword enrollment state is enrolled:  %b, speakerId model exist: %b, voice match supported : %b'}
{'timestamp': 1702276322382, 'level': 'ALL', 'message': '12-11 08:28:43.615   517   979 I gqay    : (REDACTED) Hotword enrollment state : %s.'}
{'timestamp': 1702276322382, 'level': 'ALL', 'message': '12-11 08:28:43.615   517   979 I gqay    : (REDACTED) Hotword isNonVoiceMatchHotwordEnabled: %b, isHotwordAvailable: %b, isHotwordEnabled: %b, isVoiceMatchSupported: %b, isHotwordEnrolled: %b,'}
{'timestamp': 1702276322382, 'level': 'ALL', 'message': '12-11 08:28:43.615   517   979 I gqay    : (REDACTED) Hotword enrollment state : %s.'}
{'timestamp': 1702276322382, 'level': 'ALL', 'message': '12-11 08:28:43.615   517   979 I gqez    : (REDACTED) #getNextAction. Voice match enabled: %b. Hotword (non-Voice Match) enabled: %b, incomplete enrollment state: %b, screen on: %b, screen locked: %b dsp available: %b'}
{'timestamp': 1702276322382, 'level': 'ALL', 'message': '12-11 08:28:43.615   517   979 I gqez    : (REDACTED) No operation needed since hotword detection is not running. Voice match enabled : %b. Hotword (non-Voice Match) enabled : %b, Is screen on : %b.'}
{'timestamp': 1702276322382, 'level': 'ALL', 'message': '12-11 08:28:43.615   517   979 I gqel    : No detectors created before, no need to reconfig.'}
{'timestamp': 1702276322382, 'level': 'ALL', 'message': '12-11 08:28:43.615   517   979 I gqel    : (REDACTED) Get the next action %s for requester %s.'}
{'timestamp': 1702276322382, 'level': 'ALL', 'message': '12-11 08:28:43.615   517   979 I gqel    : (REDACTED) Hotword detection is running : %b, no further operation required.'}
{'timestamp': 1702276322382, 'level': 'ALL', 'message': '12-11 08:28:43.615   517   979 I gqay    : (REDACTED) isHotwordAvailable():  %b, isHotwordEnabled() %b'}
{'timestamp': 1702276322382, 'level': 'ALL', 'message': '12-11 08:28:43.616   517   979 I gqel    : #logRequestHandlingNonErrorEndEvent. Reset requestIdOfFirstError, firstStartErrorCausesRetry and numOfRetriesDoneForDspStartErrors!'}
{'timestamp': 1702276322382, 'level': 'ALL', 'message': '12-11 08:28:43.618   517  1067 I gczx    : (REDACTED) Frontend=%s has been updated to configuration=%s.'}
{'timestamp': 1702276322382, 'level': 'ALL', 'message': '12-11 08:28:43.619   653   944 I gqii    : (REDACTED) Calling setIsModelTypeDspSupported %s'}
{'timestamp': 1702276322382, 'level': 'ALL', 'message': '12-11 08:28:43.677 11308 11337 W tomator2.serve: Accessing hidden method Lsun/misc/VM;->maxDirectMemory()J (greylist, reflection, allowed)'}
{'timestamp': 1702276322382, 'level': 'ALL', 'message': '12-11 08:28:43.730 11308 11337 W tomator2.serve: Accessing hidden field Lsun/nio/ch/SelectorImpl;->selectedKeys:Ljava/util/Set; (greylist, reflection, allowed)'}
{'timestamp': 1702276322382, 'level': 'ALL', 'message': '12-11 08:28:43.730 11308 11337 W tomator2.serve: Accessing hidden field Lsun/nio/ch/SelectorImpl;->publicSelectedKeys:Ljava/util/Set; (greylist, reflection, allowed)'}
{'timestamp': 1702276322382, 'level': 'ALL', 'message': "12-11 08:28:43.802  1912  1912 E adbd    : failed to connect to socket 'tcp:6790': Connection refused"}
{'timestamp': 1702276322382, 'level': 'ALL', 'message': '12-11 08:28:43.806 11308 11308 W Thread-5: type=1400 audit(0.0:4423): avc: denied { read } for name="somaxconn" dev="proc" ino=1621418 scontext=u:r:untrusted_app:s0:c157,c256,c512,c768 tcontext=u:object_r:proc_net:s0 tclass=file permissive=0 app=io.appium.uiautomator2.server'}
{'timestamp': 1702276322382, 'level': 'ALL', 'message': '12-11 08:28:44.553   178   178 I servicemanager: Notifying apexservice they have clients: 0'}
{'timestamp': 1702276322382, 'level': 'ALL', 'message': '12-11 08:28:44.562   178   178 I BpBinder: onLastStrongRef automatically unlinking death recipients: <uncached descriptor>'}
{'timestamp': 1702276322382, 'level': 'ALL', 'message': '12-11 08:28:44.940 11308 11340 I appium  : channel read: GET /status'}
{'timestamp': 1702276322382, 'level': 'ALL', 'message': '12-11 08:28:44.945 11308 11340 I appium  : Status command'}
{'timestamp': 1702276322382, 'level': 'ALL', 'message': '12-11 08:28:45.011 11308 11340 I appium  : AppiumResponse: {"sessionId":"None","value":{"message":"UiAutomator2 Server is ready to accept commands","ready":true}}'}
{'timestamp': 1702276322382, 'level': 'ALL', 'message': '12-11 08:28:45.032 11308 11340 I appium  : channel read: POST /session'}
{'timestamp': 1702276322382, 'level': 'ALL', 'message': '12-11 08:28:45.033 11308 11340 I appium  : NewSession command'}
{'timestamp': 1702276322382, 'level': 'ALL', 'message': '12-11 08:28:45.068 11308 11340 W tomator2.serve: Accessing hidden field Landroid/app/UiAutomation;->mOnAccessibilityEventListener:Landroid/app/UiAutomation$OnAccessibilityEventListener; (greylist-max-o, reflection, allowed)'}
{'timestamp': 1702276322382, 'level': 'ALL', 'message': '12-11 08:28:45.079 11308 11340 I appium  : Created the new session with id 69d1edb8-19e4-42c3-bf70-07365e76368e and capabilities {appPackage=com.ajaxsystems, networkConnectionEnabled=true, noSign=true, warnings={}, databaseEnabled=false, deviceName=emulator-5554, platform=LINUX, deviceUDID=emulator-5554, appActivity=com.ajaxsystems.ui.activity.LauncherActivity, desired={platformName=Android, automationName=uiautomator2, autoGrantPermissions=true, newCommandTimeout=500.0, noSign=true, platformVersion=11, resetKeyboard=true, systemPort=8379.0, takesScreenshot=true, udid=emulator-5554, appPackage=com.ajaxsystems, appActivity=com.ajaxsystems.ui.activity.LauncherActivity}, newCommandTimeout=500.0, platformVersion=11, automationName=uiautomator2, webStorageEnabled=false, locationContextEnabled=false, autoGrantPermissions=true, takesScreenshot=true, javascriptEnabled=true, platformName=Android, udid=emulator-5554, resetKeyboard=true, systemPort=8379.0}'}
{'timestamp': 1702276322382, 'level': 'ALL', 'message': '12-11 08:28:45.090 11308 11340 I appium  : AppiumResponse: {"sessionId":"69d1edb8-19e4-42c3-bf70-07365e76368e","value":{"capabilities":{"firstMatch":[{"platformName":"Android","automationName":"uiautomator2","autoGrantPermissions":true,"newCommandTimeout":500.0,"noSign":true,"platformVersion":"11","resetKeyboard":true,"systemPort":8379.0,"takesScreenshot":t…'}
{'timestamp': 1702276322382, 'level': 'ALL', 'message': '12-11 08:28:45.135 11308 11340 I appium  : channel read: GET /session/69d1edb8-19e4-42c3-bf70-07365e76368e/appium/device/pixel_ratio'}
{'timestamp': 1702276322382, 'level': 'ALL', 'message': '12-11 08:28:45.136 11308 11340 I appium  : GetDevicePixelRatio command'}
{'timestamp': 1702276322382, 'level': 'ALL', 'message': '12-11 08:28:45.141 11308 11340 I appium  : AppiumResponse: {"sessionId":"69d1edb8-19e4-42c3-bf70-07365e76368e","value":2.625}'}
{'timestamp': 1702276322382, 'level': 'ALL', 'message': '12-11 08:28:45.176 11308 11341 I appium  : channel read: GET /session/69d1edb8-19e4-42c3-bf70-07365e76368e/appium/device/system_bars'}
{'timestamp': 1702276322382, 'level': 'ALL', 'message': '12-11 08:28:45.177 11308 11342 I appium  : channel read: GET /session/69d1edb8-19e4-42c3-bf70-07365e76368e/window/current/size'}
{'timestamp': 1702276322382, 'level': 'ALL', 'message': '12-11 08:28:45.178 11308 11342 I appium  : GetDeviceSize command'}
{'timestamp': 1702276322382, 'level': 'ALL', 'message': '12-11 08:28:45.178 11308 11342 I appium  : Get window size of the device'}
{'timestamp': 1702276322382, 'level': 'ALL', 'message': '12-11 08:28:45.181 11308 11341 I appium  : GetSystemBars command'}
{'timestamp': 1702276322382, 'level': 'ALL', 'message': '12-11 08:28:45.185 11308 11342 I appium  : AppiumResponse: {"sessionId":"69d1edb8-19e4-42c3-bf70-07365e76368e","value":{"height":2138,"width":1080}}'}
{'timestamp': 1702276322382, 'level': 'ALL', 'message': '12-11 08:28:45.188 11308 11341 I appium  : AppiumResponse: {"sessionId":"69d1edb8-19e4-42c3-bf70-07365e76368e","value":{"statusBar":136}}'}
{'timestamp': 1702276322382, 'level': 'ALL', 'message': '12-11 08:28:45.195 11308 11344 I appium  : channel read: GET /session/69d1edb8-19e4-42c3-bf70-07365e76368e/appium/device/info'}
{'timestamp': 1702276322382, 'level': 'ALL', 'message': '12-11 08:28:45.196 11308 11344 I appium  : GetDeviceInfo command'}
{'timestamp': 1702276322382, 'level': 'ALL', 'message': '12-11 08:28:45.204 11308 11344 I TetheringManager: registerTetheringEventCallback:io.appium.uiautomator2.server'}
{'timestamp': 1702276322382, 'level': 'ALL', 'message': '12-11 08:28:45.261 11308 11344 W tomator2.serve: Accessing hidden field Landroid/net/NetworkCapabilities;->mSignalStrength:I (greylist-max-p, reflection, allowed)'}
{'timestamp': 1702276322382, 'level': 'ALL', 'message': '12-11 08:28:45.262 11308 11344 W tomator2.serve: Accessing hidden field Landroid/net/NetworkCapabilities;->mSSID:Ljava/lang/String; (greylist-max-o, reflection, allowed)'}
{'timestamp': 1702276322382, 'level': 'ALL', 'message': '12-11 08:28:45.282 11308 11344 I appium  : AppiumResponse: {"sessionId":"69d1edb8-19e4-42c3-bf70-07365e76368e","value":{"androidId":"5d496a92f3e8c1c9","apiVersion":"30","bluetooth":{"state":"ON"},"brand":"google","carrierName":"Android","displayDensity":420,"locale":"en_US","manufacturer":"Google","model":"sdk_gphone_x86","networks":[{"capabilities":{"SSID"…'}
{'timestamp': 1702276322382, 'level': 'ALL', 'message': '12-11 08:28:45.318 31652   991 I ActivityManager: Force stopping com.ajaxsystems appid=10158 user=0: from pid 11349'}
{'timestamp': 1702276322382, 'level': 'ALL', 'message': '12-11 08:28:45.331 32351 32351 D CarrierSvcBindHelper: No carrier app for: 0'}
{'timestamp': 1702276322382, 'level': 'ALL', 'message': '12-11 08:28:45.577 31652 31712 D EventSequenceValidator: Transition from ACTIVITY_FINISHED to INTENT_STARTED'}
{'timestamp': 1702276322382, 'level': 'ALL', 'message': '12-11 08:28:45.579 31652   991 I ActivityTaskManager: START u0 {act=android.intent.action.MAIN cat=[android.intent.category.LAUNCHER] flg=0x10200000 cmp=com.ajaxsystems/.ui.activity.LauncherActivity} from uid 2000'}
{'timestamp': 1702276322382, 'level': 'ALL', 'message': '12-11 08:28:45.584   421   421 I perfetto: ing_service_impl.cc:758 Configured tracing session 497, #sources:1, duration:5000 ms, #buffers:1, total buffer size:4096 KB, total sessions:1, uid:1071 session name: ""'}
{'timestamp': 1702276322382, 'level': 'ALL', 'message': '12-11 08:28:45.585   410   410 I perfetto: probes_producer.cc:230  Ftrace setup (target_buf=497)'}
{'timestamp': 1702276322382, 'level': 'ALL', 'message': '12-11 08:28:45.619 31652 31712 D CompatibilityChangeReporter: Compat change id reported: 135634846; UID 10158; state: DISABLED'}
{'timestamp': 1702276322382, 'level': 'ALL', 'message': '12-11 08:28:45.621 31652 31712 D EventSequenceValidator: Transition from INTENT_STARTED to ACTIVITY_LAUNCHED'}
{'timestamp': 1702276322382, 'level': 'ALL', 'message': '12-11 08:28:45.624 31652 31745 D CompatibilityChangeReporter: Compat change id reported: 143937733; UID 10158; state: ENABLED'}
{'timestamp': 1702276322382, 'level': 'ALL', 'message': '12-11 08:28:45.644   410   410 I perfetto: ftrace_procfs.cc:176    enabled ftrace'}
{'timestamp': 1702276322382, 'level': 'ALL', 'message': '12-11 08:28:45.662   320   320 D goldfish-address-space: claimShared: Ask to claim region [0x3f0000000 0x3f09e4000]'}
{'timestamp': 1702276322382, 'level': 'ALL', 'message': '12-11 08:28:45.671 31506 31506 D Zygote  : Forked child process 11357'}
{'timestamp': 1702276322382, 'level': 'ALL', 'message': '12-11 08:28:45.682 11357 11357 W com.ajaxsystem: Unexpected CPU variant for X86 using defaults: x86'}
{'timestamp': 1702276322382, 'level': 'ALL', 'message': '12-11 08:28:45.689 31652 31745 W ActivityManager: Slow operation: 71ms so far, now at startProcess: returned from zygote!'}
{'timestamp': 1702276322382, 'level': 'ALL', 'message': '12-11 08:28:45.690 31652 31745 W ActivityManager: Slow operation: 71ms so far, now at startProcess: done updating battery stats'}
{'timestamp': 1702276322382, 'level': 'ALL', 'message': '12-11 08:28:45.690 31652 31745 W ActivityManager: Slow operation: 72ms so far, now at startProcess: building log message'}
{'timestamp': 1702276322382, 'level': 'ALL', 'message': '12-11 08:28:45.690 31652 31745 I ActivityManager: Start proc 11357:com.ajaxsystems/u0a158 for pre-top-activity {com.ajaxsystems/com.ajaxsystems.ui.activity.LauncherActivity}'}
{'timestamp': 1702276322382, 'level': 'ALL', 'message': '12-11 08:28:45.690 31652 31745 W ActivityManager: Slow operation: 72ms so far, now at startProcess: starting to update pids map'}
{'timestamp': 1702276322382, 'level': 'ALL', 'message': '12-11 08:28:45.690 31652 31745 W ActivityManager: Slow operation: 72ms so far, now at startProcess: done updating pids map'}
{'timestamp': 1702276322382, 'level': 'ALL', 'message': '12-11 08:28:45.702 11357 11357 E com.ajaxsystem: Not starting debugger since process cannot load the jdwp agent.'}
{'timestamp': 1702276322382, 'level': 'ALL', 'message': '12-11 08:28:45.718   653   653 I dnpg    : onPause'}
{'timestamp': 1702276322382, 'level': 'ALL', 'message': '12-11 08:28:45.735 31652 32346 W InputReader: Device virtio_input_multi_touch_10 is associated with display ADISPLAY_ID_NONE.'}
{'timestamp': 1702276322382, 'level': 'ALL', 'message': '12-11 08:28:45.735 31652 32346 W InputReader: Device virtio_input_multi_touch_4 is associated with display ADISPLAY_ID_NONE.'}
{'timestamp': 1702276322382, 'level': 'ALL', 'message': '12-11 08:28:45.735 31652 32346 W InputReader: Device virtio_input_multi_touch_11 is associated with display ADISPLAY_ID_NONE.'}
{'timestamp': 1702276322382, 'level': 'ALL', 'message': '12-11 08:28:45.735 31652 32346 W InputReader: Device virtio_input_multi_touch_5 is associated with display ADISPLAY_ID_NONE.'}
{'timestamp': 1702276322382, 'level': 'ALL', 'message': '12-11 08:28:45.735 31652 32346 W InputReader: Device virtio_input_multi_touch_2 is associated with display ADISPLAY_ID_NONE.'}
{'timestamp': 1702276322382, 'level': 'ALL', 'message': '12-11 08:28:45.735 31652 32346 W InputReader: Device virtio_input_multi_touch_9 is associated with display ADISPLAY_ID_NONE.'}
{'timestamp': 1702276322382, 'level': 'ALL', 'message': '12-11 08:28:45.735 31652 32346 W InputReader: Device virtio_input_multi_touch_6 is associated with display ADISPLAY_ID_NONE.'}
{'timestamp': 1702276322382, 'level': 'ALL', 'message': '12-11 08:28:45.735 31652 32346 W InputReader: Device virtio_input_multi_touch_7 is associated with display ADISPLAY_ID_NONE.'}
{'timestamp': 1702276322382, 'level': 'ALL', 'message': '12-11 08:28:45.735 31652 32346 W InputReader: Device virtio_input_multi_touch_3 is associated with display ADISPLAY_ID_NONE.'}
{'timestamp': 1702276322382, 'level': 'ALL', 'message': '12-11 08:28:45.735 31652 32346 W InputReader: Device virtio_input_multi_touch_8 is associated with display ADISPLAY_ID_NONE.'}
{'timestamp': 1702276322382, 'level': 'ALL', 'message': '12-11 08:28:45.735 31652 32346 W InputReader: Device virtio_input_multi_touch_10 is associated with display ADISPLAY_ID_NONE.'}
{'timestamp': 1702276322382, 'level': 'ALL', 'message': '12-11 08:28:45.736 31652 32346 W InputReader: Device virtio_input_multi_touch_4 is associated with display ADISPLAY_ID_NONE.'}
{'timestamp': 1702276322382, 'level': 'ALL', 'message': '12-11 08:28:45.736 31652 32346 W InputReader: Device virtio_input_multi_touch_11 is associated with display ADISPLAY_ID_NONE.'}
{'timestamp': 1702276322382, 'level': 'ALL', 'message': '12-11 08:28:45.736 31652 32346 W InputReader: Device virtio_input_multi_touch_5 is associated with display ADISPLAY_ID_NONE.'}
{'timestamp': 1702276322382, 'level': 'ALL', 'message': '12-11 08:28:45.736 31652 32346 W InputReader: Device virtio_input_multi_touch_2 is associated with display ADISPLAY_ID_NONE.'}
{'timestamp': 1702276322382, 'level': 'ALL', 'message': '12-11 08:28:45.736 31652 32346 W InputReader: Device virtio_input_multi_touch_9 is associated with display ADISPLAY_ID_NONE.'}
{'timestamp': 1702276322382, 'level': 'ALL', 'message': '12-11 08:28:45.736 31652 32346 W InputReader: Device virtio_input_multi_touch_6 is associated with display ADISPLAY_ID_NONE.'}
{'timestamp': 1702276322382, 'level': 'ALL', 'message': '12-11 08:28:45.736 31652 32346 W InputReader: Device virtio_input_multi_touch_7 is associated with display ADISPLAY_ID_NONE.'}
{'timestamp': 1702276322382, 'level': 'ALL', 'message': '12-11 08:28:45.736 31652 32346 W InputReader: Device virtio_input_multi_touch_3 is associated with display ADISPLAY_ID_NONE.'}
{'timestamp': 1702276322382, 'level': 'ALL', 'message': '12-11 08:28:45.736 31652 32346 W InputReader: Device virtio_input_multi_touch_8 is associated with display ADISPLAY_ID_NONE.'}
{'timestamp': 1702276322382, 'level': 'ALL', 'message': '12-11 08:28:45.759 11357 11357 I com.ajaxsystem: The ClassLoaderContext is a special shared library.'}
{'timestamp': 1702276322382, 'level': 'ALL', 'message': '12-11 08:28:45.762 11357 11357 I com.ajaxsystem: The ClassLoaderContext is a special shared library.'}
{'timestamp': 1702276322382, 'level': 'ALL', 'message': '12-11 08:28:45.783 11357 11357 W com.ajaxsystem: JIT profile information will not be recorded: profile file does not exist.'}
{'timestamp': 1702276322382, 'level': 'ALL', 'message': '12-11 08:28:45.783 11357 11357 W com.ajaxsystem: JIT profile information will not be recorded: profile file does not exist.'}
{'timestamp': 1702276322382, 'level': 'ALL', 'message': '12-11 08:28:45.792 11357 11357 D NetworkSecurityConfig: No Network Security Config specified, using platform default'}
{'timestamp': 1702276322382, 'level': 'ALL', 'message': '12-11 08:28:45.793 11357 11357 D NetworkSecurityConfig: No Network Security Config specified, using platform default'}
{'timestamp': 1702276322382, 'level': 'ALL', 'message': '12-11 08:28:45.821 11357 11357 I FirebaseApp: Device unlocked: initializing all Firebase APIs for app [DEFAULT]'}
{'timestamp': 1702276322382, 'level': 'ALL', 'message': '12-11 08:28:45.843 11357 11357 I FirebaseCrashlytics: Initializing Firebase Crashlytics 18.3.6 for com.ajaxsystems'}
{'timestamp': 1702276322382, 'level': 'ALL', 'message': '12-11 08:28:45.985 11357 11357 I FirebaseInitProvider: FirebaseApp initialization successful'}
{'timestamp': 1702276322382, 'level': 'ALL', 'message': '12-11 08:28:46.011 11357 11381 D libcrashlytics: Initializing libcrashlytics version 3.2.0'}
{'timestamp': 1702276322382, 'level': 'ALL', 'message': '12-11 08:28:46.024 11357 11379 I DynamiteModule: Considering local module com.google.android.gms.measurement.dynamite:89 and remote module com.google.android.gms.measurement.dynamite:97'}
{'timestamp': 1702276322382, 'level': 'ALL', 'message': '12-11 08:28:46.025 11357 11379 I DynamiteModule: Selected remote version of com.google.android.gms.measurement.dynamite, version >= 97'}
{'timestamp': 1702276322382, 'level': 'ALL', 'message': '12-11 08:28:46.025 11357 11379 V DynamiteModule: Dynamite loader version >= 2, using loadModule2NoCrashUtils'}
{'timestamp': 1702276322382, 'level': 'ALL', 'message': '12-11 08:28:46.042 11357 11381 D libcrashlytics: Initializing native crash handling successful.'}
{'timestamp': 1702276322382, 'level': 'ALL', 'message': '12-11 08:28:46.132 31652 32346 D CompatibilityChangeReporter: Compat change id reported: 149924527; UID 10158; state: ENABLED'}
{'timestamp': 1702276322382, 'level': 'ALL', 'message': '12-11 08:28:46.136 31652 32346 D CompatibilityChangeReporter: Compat change id reported: 132649864; UID 10158; state: DISABLED'}
{'timestamp': 1702276322382, 'level': 'ALL', 'message': "12-11 08:28:46.218 11357 11357 V NativeCrypto: Registering org/conscrypt/NativeCrypto's 288 native methods..."}
{'timestamp': 1702276322382, 'level': 'ALL', 'message': '12-11 08:28:46.386 11357 11402 I FA      : App measurement initialized, version: 82020'}
{'timestamp': 1702276322382, 'level': 'ALL', 'message': '12-11 08:28:46.386 11357 11402 I FA      : To enable debug logging run: adb shell setprop log.tag.FA VERBOSE'}
{'timestamp': 1702276322382, 'level': 'ALL', 'message': '12-11 08:28:46.386 11357 11402 I FA      : To enable faster debug mode event logging run:'}
{'timestamp': 1702276322382, 'level': 'ALL', 'message': '12-11 08:28:46.386 11357 11402 I FA      :   adb shell setprop debug.firebase.analytics.app com.ajaxsystems'}
{'timestamp': 1702276322382, 'level': 'ALL', 'message': '12-11 08:28:46.428 11357 11357 I TetheringManager: registerTetheringEventCallback:com.ajaxsystems'}
{'timestamp': 1702276322382, 'level': 'ALL', 'message': '12-11 08:28:46.568 31652 32485 D CompatibilityChangeReporter: Compat change id reported: 136274596; UID 10158; state: ENABLED'}
{'timestamp': 1702276322382, 'level': 'ALL', 'message': '12-11 08:28:46.573   396   396 D BoundBrokerSvc: onBind: Intent { act=com.google.android.gms.measurement.START pkg=com.google.android.gms }'}
{'timestamp': 1702276322382, 'level': 'ALL', 'message': '12-11 08:28:46.573   396   396 D BoundBrokerSvc: Loading bound service for intent: Intent { act=com.google.android.gms.measurement.START pkg=com.google.android.gms }'}
{'timestamp': 1702276322382, 'level': 'ALL', 'message': '12-11 08:28:46.639 11357 11402 I FA      : Tag Manager is not found and thus will not be used'}
{'timestamp': 1702276322382, 'level': 'ALL', 'message': '12-11 08:28:46.960 11357 11357 I org.webrtc.Logging: NativeLibrary: Loading native library: jingle_peerconnection_so'}
{'timestamp': 1702276322382, 'level': 'ALL', 'message': '12-11 08:28:46.961 11357 11357 I org.webrtc.Logging: NativeLibrary: Loading library: jingle_peerconnection_so'}
{'timestamp': 1702276322382, 'level': 'ALL', 'message': '12-11 08:28:46.963 11357 11357 I org.webrtc.Logging: PeerConnectionFactory: PeerConnectionFactory was initialized without an injected Loggable. Any existing Loggable will be deleted.'}
{'timestamp': 1702276322382, 'level': 'ALL', 'message': '12-11 08:28:46.965 11357 11357 I org.webrtc.Logging: EglBase14Impl: SDK version: 30. isEGL14Supported: true'}
{'timestamp': 1702276322382, 'level': 'ALL', 'message': '12-11 08:28:46.966 11357 11357 D libEGL  : loaded /vendor/lib/egl/libEGL_emulation.so'}
{'timestamp': 1702276322382, 'level': 'ALL', 'message': '12-11 08:28:46.968 11357 11357 D libEGL  : loaded /vendor/lib/egl/libGLESv1_CM_emulation.so'}
{'timestamp': 1702276322382, 'level': 'ALL', 'message': '12-11 08:28:46.971 11357 11357 D libEGL  : loaded /vendor/lib/egl/libGLESv2_emulation.so'}
{'timestamp': 1702276322382, 'level': 'ALL', 'message': '12-11 08:28:46.992 11357 11357 D HostConnection: HostConnection::get() New Host Connection established 0xed8ae5a0, tid 11357'}
{'timestamp': 1702276322382, 'level': 'ALL', 'message': '12-11 08:28:46.997 11357 11357 D HostConnection: HostComposition ext ANDROID_EMU_CHECKSUM_HELPER_v1 ANDROID_EMU_native_sync_v2 ANDROID_EMU_native_sync_v3 ANDROID_EMU_native_sync_v4 ANDROID_EMU_dma_v1 ANDROID_EMU_direct_mem ANDROID_EMU_vulkan ANDROID_EMU_deferred_vulkan_commands ANDROID_EMU_vulkan_null_optional_strings ANDROID_EMU_vulkan_create_resources_with_requirements ANDROID_EMU_YUV_Cache ANDROID_EMU_vulkan_ignored_handles ANDROID_EMU_has_shared_slots_host_memory_allocator ANDROID_EMU_vulkan_free_memory_sync ANDROID_EMU_vulkan_shader_float16_int8 ANDROID_EMU_vulkan_async_queue_submit ANDROID_EMU_sync_buffer_data ANDROID_EMU_vulkan_async_qsri ANDROID_EMU_read_color_buffer_dma GL_OES_vertex_array_object GL_KHR_texture_compression_astc_ldr ANDROID_EMU_host_side_tracing ANDROID_EMU_gles_max_version_2'}
{'timestamp': 1702276322382, 'level': 'ALL', 'message': '12-11 08:28:47.000   179   179 I hwservicemanager: getTransport: Cannot find entry android.hardware.configstore@1.0::ISurfaceFlingerConfigs/default in either framework or device manifest.'}
{'timestamp': 1702276322382, 'level': 'ALL', 'message': '12-11 08:28:47.001 11357 11357 I org.webrtc.Logging: EglBase14Impl: Using OpenGL ES version 2'}
{'timestamp': 1702276322382, 'level': 'ALL', 'message': '12-11 08:28:47.027 11357 11357 D EGL_emulation: eglCreateContext: 0xed8af5d0: maj 2 min 0 rcv 2'}
{'timestamp': 1702276322382, 'level': 'ALL', 'message': '12-11 08:28:47.039 11357 11357 I VideoCapabilities: Unsupported profile 4 for video/mp4v-es'}
{'timestamp': 1702276322382, 'level': 'ALL', 'message': '12-11 08:28:47.046 31652 32485 I system_server: oneway function results will be dropped but finished with status OK and parcel size 4'}
{'timestamp': 1702276322382, 'level': 'ALL', 'message': '12-11 08:28:47.051 31652 32485 I system_server: oneway function results will be dropped but finished with status OK and parcel size 4'}
{'timestamp': 1702276322382, 'level': 'ALL', 'message': '12-11 08:28:47.052 31652 32599 I system_server: oneway function results will be dropped but finished with status OK and parcel size 4'}
{'timestamp': 1702276322382, 'level': 'ALL', 'message': '12-11 08:28:47.054 31652 32599 I system_server: oneway function results will be dropped but finished with status OK and parcel size 4'}
{'timestamp': 1702276322382, 'level': 'ALL', 'message': '12-11 08:28:47.054 11357 11357 I org.webrtc.Logging: WebRtcAudioManagerExternal: Sample rate is set to 44100 Hz'}
{'timestamp': 1702276322382, 'level': 'ALL', 'message': '12-11 08:28:47.055 11357 11357 I org.webrtc.Logging: WebRtcAudioManagerExternal: Sample rate is set to 44100 Hz'}
{'timestamp': 1702276322382, 'level': 'ALL', 'message': '12-11 08:28:47.055 11357 11357 I org.webrtc.Logging: JavaAudioDeviceModule: createAudioDeviceModule'}
{'timestamp': 1702276322382, 'level': 'ALL', 'message': '12-11 08:28:47.056 11357 11357 I org.webrtc.Logging: JavaAudioDeviceModule: HW NS will not be used.'}
{'timestamp': 1702276322382, 'level': 'ALL', 'message': '12-11 08:28:47.056 11357 11357 I org.webrtc.Logging: JavaAudioDeviceModule: HW AEC will not be used.'}
{'timestamp': 1702276322382, 'level': 'ALL', 'message': '12-11 08:28:47.057 11357 11357 I org.webrtc.Logging: WebRtcAudioEffectsExternal: ctor@[name=main, id=2]'}
{'timestamp': 1702276322382, 'level': 'ALL', 'message': '12-11 08:28:47.057 11357 11357 I org.webrtc.Logging: WebRtcAudioRecordExternal: ctor@[name=main, id=2]'}
{'timestamp': 1702276322382, 'level': 'ALL', 'message': '12-11 08:28:47.058 11357 11357 I org.webrtc.Logging: WebRtcAudioTrackExternal: ctor@[name=main, id=2]'}
{'timestamp': 1702276322382, 'level': 'ALL', 'message': '12-11 08:28:47.078 11357 11435 I org.webrtc.Logging: PeerConnectionFactory: onWorkerThreadReady'}
{'timestamp': 1702276322382, 'level': 'ALL', 'message': '12-11 08:28:47.079 11357 11434 I org.webrtc.Logging: PeerConnectionFactory: onNetworkThreadReady'}
{'timestamp': 1702276322382, 'level': 'ALL', 'message': '12-11 08:28:47.079 11357 11436 I org.webrtc.Logging: PeerConnectionFactory: onSignalingThreadReady'}
{'timestamp': 1702276322382, 'level': 'ALL', 'message': '12-11 08:28:47.245 11357 11357 D AppCompatDelegate: Checking for metadata for AppLocalesMetadataHolderService : Service not found'}
{'timestamp': 1702276322382, 'level': 'ALL', 'message': '12-11 08:28:47.259 11357 11399 I ins     : ---- SNTP successful response from time.google.com'}
{'timestamp': 1702276322382, 'level': 'ALL', 'message': '12-11 08:28:47.259 11357 11399 D trb     : Caching true time info to disk sntp [1702276126498] device [27994535] boot [1702248131963]'}
{'timestamp': 1702276322382, 'level': 'ALL', 'message': '12-11 08:28:47.330 11357 11357 I Choreographer: Skipped 77 frames!  The application may be doing too much work on its main thread.'}
{'timestamp': 1702276322382, 'level': 'ALL', 'message': '12-11 08:28:47.352 11357 11455 D HostConnection: HostConnection::get() New Host Connection established 0xed8b3c40, tid 11455'}
{'timestamp': 1702276322383, 'level': 'ALL', 'message': '12-11 08:28:47.358 11357 11455 D HostConnection: HostComposition ext ANDROID_EMU_CHECKSUM_HELPER_v1 ANDROID_EMU_native_sync_v2 ANDROID_EMU_native_sync_v3 ANDROID_EMU_native_sync_v4 ANDROID_EMU_dma_v1 ANDROID_EMU_direct_mem ANDROID_EMU_vulkan ANDROID_EMU_deferred_vulkan_commands ANDROID_EMU_vulkan_null_optional_strings ANDROID_EMU_vulkan_create_resources_with_requirements ANDROID_EMU_YUV_Cache ANDROID_EMU_vulkan_ignored_handles ANDROID_EMU_has_shared_slots_host_memory_allocator ANDROID_EMU_vulkan_free_memory_sync ANDROID_EMU_vulkan_shader_float16_int8 ANDROID_EMU_vulkan_async_queue_submit ANDROID_EMU_sync_buffer_data ANDROID_EMU_vulkan_async_qsri ANDROID_EMU_read_color_buffer_dma GL_OES_vertex_array_object GL_KHR_texture_compression_astc_ldr ANDROID_EMU_host_side_tracing ANDROID_EMU_gles_max_version_2'}
{'timestamp': 1702276322383, 'level': 'ALL', 'message': '12-11 08:28:47.381 11357 11455 W OpenGLRenderer: Failed to choose config with EGL_SWAP_BEHAVIOR_PRESERVED, retrying without...'}
{'timestamp': 1702276322383, 'level': 'ALL', 'message': '12-11 08:28:47.409 11357 11455 D EGL_emulation: eglCreateContext: 0xed8b3850: maj 2 min 0 rcv 2'}
{'timestamp': 1702276322383, 'level': 'ALL', 'message': '12-11 08:28:47.416 11357 11455 D EGL_emulation: eglMakeCurrent: 0xed8b3850: ver 2 0 (tinfo 0xb4ff41d0) (first time)'}
{'timestamp': 1702276322383, 'level': 'ALL', 'message': '12-11 08:28:47.429   320   320 D goldfish-address-space: claimShared: Ask to claim region [0x3f09e4000 0x3f13c8000]'}
{'timestamp': 1702276322383, 'level': 'ALL', 'message': '12-11 08:28:47.432   179   179 I hwservicemanager: getTransport: Cannot find entry android.hardware.graphics.mapper@4.0::IMapper/default in either framework or device manifest.'}
{'timestamp': 1702276322383, 'level': 'ALL', 'message': '12-11 08:28:47.432 11357 11455 I Gralloc4: mapper 4.x is not supported'}
{'timestamp': 1702276322383, 'level': 'ALL', 'message': '12-11 08:28:47.434 11357 11455 D HostConnection: createUnique: call'}
{'timestamp': 1702276322383, 'level': 'ALL', 'message': '12-11 08:28:47.435 11357 11455 D HostConnection: HostConnection::get() New Host Connection established 0xed8b1780, tid 11455'}
{'timestamp': 1702276322383, 'level': 'ALL', 'message': '12-11 08:28:47.435 11357 11455 D goldfish-address-space: allocate: Ask for block of size 0x100'}
{'timestamp': 1702276322383, 'level': 'ALL', 'message': '12-11 08:28:47.437 11357 11455 D goldfish-address-space: allocate: ioctl allocate returned offset 0x3efffe000 size 0x2000'}
{'timestamp': 1702276322383, 'level': 'ALL', 'message': '12-11 08:28:47.444 11357 11455 D HostConnection: HostComposition ext ANDROID_EMU_CHECKSUM_HELPER_v1 ANDROID_EMU_native_sync_v2 ANDROID_EMU_native_sync_v3 ANDROID_EMU_native_sync_v4 ANDROID_EMU_dma_v1 ANDROID_EMU_direct_mem ANDROID_EMU_vulkan ANDROID_EMU_deferred_vulkan_commands ANDROID_EMU_vulkan_null_optional_strings ANDROID_EMU_vulkan_create_resources_with_requirements ANDROID_EMU_YUV_Cache ANDROID_EMU_vulkan_ignored_handles ANDROID_EMU_has_shared_slots_host_memory_allocator ANDROID_EMU_vulkan_free_memory_sync ANDROID_EMU_vulkan_shader_float16_int8 ANDROID_EMU_vulkan_async_queue_submit ANDROID_EMU_sync_buffer_data ANDROID_EMU_vulkan_async_qsri ANDROID_EMU_read_color_buffer_dma GL_OES_vertex_array_object GL_KHR_texture_compression_astc_ldr ANDROID_EMU_host_side_tracing ANDROID_EMU_gles_max_version_2'}
{'timestamp': 1702276322383, 'level': 'ALL', 'message': '12-11 08:28:47.453   320   320 D goldfish-address-space: claimShared: Ask to claim region [0x3f13c8000 0x3f1dac000]'}
{'timestamp': 1702276322383, 'level': 'ALL', 'message': '12-11 08:28:47.457   320   320 D goldfish-address-space: claimShared: Ask to claim region [0x3f1dac000 0x3f2790000]'}
{'timestamp': 1702276322383, 'level': 'ALL', 'message': '12-11 08:28:47.503 11357 11455 I OpenGLRenderer: Davey! duration=1462ms; Flags=1, IntendedVsync=27993311727870, Vsync=27994595061152, OldestInputEvent=9223372036854775807, NewestInputEvent=0, HandleInputStart=27994606260360, AnimationStart=27994606299060, PerformTraversalsStart=27994606650560, DrawStart=27994727571960, SyncQueued=27994727818960, SyncStart=27994733545160, IssueDrawCommandsStart=27994733693260, SwapBuffers=27994751648160, FrameCompleted=27994779541860, DequeueBufferDuration=213600, QueueBufferDuration=1343600, GpuCompleted=7541613333287341615,'}
{'timestamp': 1702276322383, 'level': 'ALL', 'message': '12-11 08:28:47.516 11357 11357 E LOCK_APP: Cannot find account'}
{'timestamp': 1702276322383, 'level': 'ALL', 'message': '12-11 08:28:47.527 31652 31712 D EventSequenceValidator: Transition from ACTIVITY_LAUNCHED to ACTIVITY_FINISHED'}
{'timestamp': 1702276322383, 'level': 'ALL', 'message': "12-11 08:28:47.533 31652 31742 D ArtManagerInternalImpl: /data/misc/iorapd/com.ajaxsystems/2334272/com.ajaxsystems.ui.activity.LauncherActivity/compiled_traces/compiled_trace.pb doesn't exist"}
{'timestamp': 1702276322383, 'level': 'ALL', 'message': '12-11 08:28:47.590 31652 31742 I ActivityTaskManager: Displayed com.ajaxsystems/.ui.activity.LauncherActivity: +1s942ms'}
{'timestamp': 1702276322383, 'level': 'ALL', 'message': '12-11 08:28:47.691 31652 32485 I ActivityTaskManager: START u0 {flg=0x10000000 cmp=com.ajaxsystems/.bootstrap.presentation.splash.SplashActivity} from uid 10158'}
{'timestamp': 1702276322383, 'level': 'ALL', 'message': '12-11 08:28:47.693 31652 31712 D EventSequenceValidator: Transition from ACTIVITY_FINISHED to INTENT_STARTED'}
{'timestamp': 1702276322383, 'level': 'ALL', 'message': '12-11 08:28:47.707 31652 31712 D EventSequenceValidator: Transition from INTENT_STARTED to INTENT_FAILED'}
{'timestamp': 1702276322383, 'level': 'ALL', 'message': '12-11 08:28:47.713   421   421 I perfetto: ing_service_impl.cc:758 Configured tracing session 498, #sources:1, duration:5000 ms, #buffers:1, total buffer size:4096 KB, total sessions:2, uid:1071 session name: ""'}
{'timestamp': 1702276322383, 'level': 'ALL', 'message': '12-11 08:28:47.714   410   410 I perfetto: probes_producer.cc:230  Ftrace setup (target_buf=498)'}
{'timestamp': 1702276322383, 'level': 'ALL', 'message': '12-11 08:28:47.767 11308 11344 I appium  : channel read: POST /session/69d1edb8-19e4-42c3-bf70-07365e76368e/element'}
{'timestamp': 1702276322383, 'level': 'ALL', 'message': '12-11 08:28:47.768 11308 11344 I appium  : FindElement command'}
{'timestamp': 1702276322383, 'level': 'ALL', 'message': '12-11 08:28:47.773 31652 32485 W ActivityTaskManager: Tried to set launchTime (0) < mLastActivityLaunchTime (27993012)'}
{'timestamp': 1702276322383, 'level': 'ALL', 'message': '12-11 08:28:47.774 31652 32485 W InputReader: Device virtio_input_multi_touch_10 is associated with display ADISPLAY_ID_NONE.'}
{'timestamp': 1702276322383, 'level': 'ALL', 'message': '12-11 08:28:47.774 31652 32485 W InputReader: Device virtio_input_multi_touch_4 is associated with display ADISPLAY_ID_NONE.'}
{'timestamp': 1702276322383, 'level': 'ALL', 'message': '12-11 08:28:47.774 31652 32485 W InputReader: Device virtio_input_multi_touch_11 is associated with display ADISPLAY_ID_NONE.'}
{'timestamp': 1702276322383, 'level': 'ALL', 'message': '12-11 08:28:47.774 31652 32485 W InputReader: Device virtio_input_multi_touch_5 is associated with display ADISPLAY_ID_NONE.'}
{'timestamp': 1702276322383, 'level': 'ALL', 'message': '12-11 08:28:47.774 31652 32485 W InputReader: Device virtio_input_multi_touch_2 is associated with display ADISPLAY_ID_NONE.'}
{'timestamp': 1702276322383, 'level': 'ALL', 'message': '12-11 08:28:47.774 31652 32485 W InputReader: Device virtio_input_multi_touch_9 is associated with display ADISPLAY_ID_NONE.'}
{'timestamp': 1702276322383, 'level': 'ALL', 'message': '12-11 08:28:47.774 31652 32485 W InputReader: Device virtio_input_multi_touch_6 is associated with display ADISPLAY_ID_NONE.'}
{'timestamp': 1702276322383, 'level': 'ALL', 'message': '12-11 08:28:47.774 31652 32485 W InputReader: Device virtio_input_multi_touch_7 is associated with display ADISPLAY_ID_NONE.'}
{'timestamp': 1702276322383, 'level': 'ALL', 'message': '12-11 08:28:47.774 31652 32485 W InputReader: Device virtio_input_multi_touch_3 is associated with display ADISPLAY_ID_NONE.'}
{'timestamp': 1702276322383, 'level': 'ALL', 'message': '12-11 08:28:47.774 31652 32485 W InputReader: Device virtio_input_multi_touch_8 is associated with display ADISPLAY_ID_NONE.'}
{'timestamp': 1702276322383, 'level': 'ALL', 'message': '12-11 08:28:47.775 31652 32485 W InputReader: Device virtio_input_multi_touch_10 is associated with display ADISPLAY_ID_NONE.'}
{'timestamp': 1702276322383, 'level': 'ALL', 'message': '12-11 08:28:47.775 31652 32485 W InputReader: Device virtio_input_multi_touch_4 is associated with display ADISPLAY_ID_NONE.'}
{'timestamp': 1702276322383, 'level': 'ALL', 'message': '12-11 08:28:47.775 31652 32485 W InputReader: Device virtio_input_multi_touch_11 is associated with display ADISPLAY_ID_NONE.'}
{'timestamp': 1702276322383, 'level': 'ALL', 'message': '12-11 08:28:47.775 31652 32485 W InputReader: Device virtio_input_multi_touch_5 is associated with display ADISPLAY_ID_NONE.'}
{'timestamp': 1702276322383, 'level': 'ALL', 'message': '12-11 08:28:47.775 31652 32485 W InputReader: Device virtio_input_multi_touch_2 is associated with display ADISPLAY_ID_NONE.'}
{'timestamp': 1702276322383, 'level': 'ALL', 'message': '12-11 08:28:47.775 31652 32485 W InputReader: Device virtio_input_multi_touch_9 is associated with display ADISPLAY_ID_NONE.'}
{'timestamp': 1702276322383, 'level': 'ALL', 'message': '12-11 08:28:47.775 31652 32485 W InputReader: Device virtio_input_multi_touch_6 is associated with display ADISPLAY_ID_NONE.'}
{'timestamp': 1702276322383, 'level': 'ALL', 'message': '12-11 08:28:47.775 31652 32485 W InputReader: Device virtio_input_multi_touch_7 is associated with display ADISPLAY_ID_NONE.'}
{'timestamp': 1702276322383, 'level': 'ALL', 'message': '12-11 08:28:47.775 31652 32485 W InputReader: Device virtio_input_multi_touch_3 is associated with display ADISPLAY_ID_NONE.'}
{'timestamp': 1702276322383, 'level': 'ALL', 'message': '12-11 08:28:47.775 31652 32485 W InputReader: Device virtio_input_multi_touch_8 is associated with display ADISPLAY_ID_NONE.'}
{'timestamp': 1702276322383, 'level': 'ALL', 'message': '12-11 08:28:47.787 11308 11344 I appium  : method: \'xpath\', selector: \'//android.widget.TextView[@resource-id="com.ajaxsystems:id/text" and @text="Log In"]\''}
{'timestamp': 1702276322383, 'level': 'ALL', 'message': '12-11 08:28:47.798 11308 11344 I appium  : Waiting up to 10000ms for the device to idle'}
{'timestamp': 1702276322383, 'level': 'ALL', 'message': '12-11 08:28:47.858 11357 11431 I WM-WorkerWrapper: Worker result SUCCESS for Work [ id=17c41303-0f07-47a6-b3bb-35f23e011c1f, tags={ systems.ajax.logger.job.LoggerJob } ]'}
{'timestamp': 1702276322383, 'level': 'ALL', 'message': '12-11 08:28:48.049 11357 11369 I com.ajaxsystem: Background young concurrent copying GC freed 125246(7996KB) AllocSpace objects, 43(1628KB) LOS objects, 75% free, 8011KB/31MB, paused 2.230ms total 362.789ms'}
{'timestamp': 1702276322383, 'level': 'ALL', 'message': '12-11 08:28:48.128 11308 11344 I appium  : The following attributes will be included to the page source: [resource-id, text]'}
{'timestamp': 1702276322383, 'level': 'ALL', 'message': "12-11 08:28:48.245   178   178 I servicemanager: Since 'apexservice' could not be found, trying to start it as a lazy AIDL service"}
{'timestamp': 1702276322384, 'level': 'ALL', 'message': '12-11 08:28:48.272 32604  1319 I FontLog : (REDACTED) Received query %s, URI %s'}
{'timestamp': 1702276322384, 'level': 'ALL', 'message': '12-11 08:28:48.273 32604  1319 I FontLog : (REDACTED) Query [%s] resolved to %s'}
{'timestamp': 1702276322384, 'level': 'ALL', 'message': '12-11 08:28:48.289 32604  1319 I FontLog : (REDACTED) Fetch %s end status %s'}
{'timestamp': 1702276322384, 'level': 'ALL', 'message': '12-11 08:28:48.310 32604  1319 I FontLog : (REDACTED) Pulling font file for id = %d, cache size = %d'}
{'timestamp': 1702276322384, 'level': 'ALL', 'message': '12-11 08:28:48.322 32604  1319 I FontLog : (REDACTED) Pulling font file for id = %d, cache size = %d'}
{'timestamp': 1702276322384, 'level': 'ALL', 'message': '12-11 08:28:48.358 11357 11357 W com.ajaxsystem: Class androidx.compose.runtime.snapshots.SnapshotStateMap failed lock verification and will run slower.'}
{'timestamp': 1702276322384, 'level': 'ALL', 'message': '12-11 08:28:48.358 11357 11357 W com.ajaxsystem: Common causes for lock verification issues are non-optimized dex code'}
{'timestamp': 1702276322384, 'level': 'ALL', 'message': '12-11 08:28:48.358 11357 11357 W com.ajaxsystem: and incorrect proguard optimizations.'}
{'timestamp': 1702276322384, 'level': 'ALL', 'message': '12-11 08:28:48.434 11357 11357 W com.ajaxsystem: Class androidx.compose.runtime.snapshots.SnapshotStateList failed lock verification and will run slower.'}
{'timestamp': 1702276322384, 'level': 'ALL', 'message': '12-11 08:28:48.453   178   178 I BpBinder: onLastStrongRef automatically unlinking death recipients: <uncached descriptor>'}
{'timestamp': 1702276322384, 'level': 'ALL', 'message': '12-11 08:28:48.459   178   178 I servicemanager: Tried to unregister apexservice, but there is about to be a client.'}
{'timestamp': 1702276322384, 'level': 'ALL', 'message': '12-11 08:28:48.668   320   320 D goldfish-address-space: claimShared: Ask to claim region [0x3f0000000 0x3f09e4000]'}
{'timestamp': 1702276322384, 'level': 'ALL', 'message': '12-11 08:28:48.678   320   320 D goldfish-address-space: claimShared: Ask to claim region [0x3f4000000 0x3f49e4000]'}
{'timestamp': 1702276322384, 'level': 'ALL', 'message': '12-11 08:28:48.685   320   320 D goldfish-address-space: claimShared: Ask to claim region [0x3f53c8000 0x3f5dac000]'}
{'timestamp': 1702276322384, 'level': 'ALL', 'message': '12-11 08:28:48.756 31652 31742 I ActivityTaskManager: Displayed com.ajaxsystems/.bootstrap.presentation.splash.SplashActivity: +1s62ms'}
{'timestamp': 1702276322385, 'level': 'ALL', 'message': '12-11 08:28:48.838   653   653 I dnpg    : onStop'}
{'timestamp': 1702276322385, 'level': 'ALL', 'message': '12-11 08:28:49.003 11357 11415 E Volley  : [710] NetworkUtility.shouldRetryException: Unexpected response code 403 for https://in-app-message.prod.ajax.systems/v1/prod/main/en/plashka.json'}
{'timestamp': 1702276322385, 'level': 'ALL', 'message': '12-11 08:28:49.163 11308 11344 I appium  : Took 0ms to retrieve 1 matches for \'//android.widget.TextView[@resource-id="com.ajaxsystems:id/text" and @text="Log In"]\' XPath2 query'}
{'timestamp': 1702276322385, 'level': 'ALL', 'message': '12-11 08:28:49.207 11308 11344 W tomator2.serve: Accessing hidden field Landroid/view/accessibility/AccessibilityNodeInfo;->mSourceNodeId:J (greylist, reflection, allowed)'}
{'timestamp': 1702276322385, 'level': 'ALL', 'message': '12-11 08:28:49.218 11308 11344 I appium  : AppiumResponse: {"sessionId":"69d1edb8-19e4-42c3-bf70-07365e76368e","value":{"ELEMENT":"00000000-0000-0060-0000-00060000001b","element-6066-11e4-a52e-4f735466cecf":"00000000-0000-0060-0000-00060000001b"}}'}
{'timestamp': 1702276322385, 'level': 'ALL', 'message': '12-11 08:28:49.230 11357 11415 E Volley  : [710] NetworkUtility.shouldRetryException: Unexpected response code 403 for https://in-app-message.prod.ajax.systems/v1/prod/main/en/plashka.json'}
{'timestamp': 1702276322385, 'level': 'ALL', 'message': '12-11 08:28:49.234 11357 11357 E MaintenanceMessagesApi: Cannot get maintenance messages'}
{'timestamp': 1702276322385, 'level': 'ALL', 'message': '12-11 08:28:49.234 11357 11357 E MaintenanceMessagesApi: com.android.volley.AuthFailureError'}
{'timestamp': 1702276322385, 'level': 'ALL', 'message': '12-11 08:28:49.234 11357 11357 E MaintenanceMessagesApi: \tat com.android.volley.toolbox.NetworkUtility.shouldRetryException(Unknown Source:134)'}
{'timestamp': 1702276322385, 'level': 'ALL', 'message': '12-11 08:28:49.234 11357 11357 E MaintenanceMessagesApi: \tat com.android.volley.toolbox.BasicNetwork.performRequest(Unknown Source:119)'}
{'timestamp': 1702276322385, 'level': 'ALL', 'message': '12-11 08:28:49.234 11357 11357 E MaintenanceMessagesApi: \tat com.android.volley.NetworkDispatcher.processRequest(Unknown Source:39)'}
{'timestamp': 1702276322385, 'level': 'ALL', 'message': '12-11 08:28:49.234 11357 11357 E MaintenanceMessagesApi: \tat com.android.volley.NetworkDispatcher.processRequest(Unknown Source:8)'}
{'timestamp': 1702276322385, 'level': 'ALL', 'message': '12-11 08:28:49.234 11357 11357 E MaintenanceMessagesApi: \tat com.android.volley.NetworkDispatcher.run(Unknown Source:5)'}
{'timestamp': 1702276322385, 'level': 'ALL', 'message': '12-11 08:28:49.248 11308 11344 I appium  : channel read: POST /session/69d1edb8-19e4-42c3-bf70-07365e76368e/element/00000000-0000-0060-0000-00060000001b/click'}
{'timestamp': 1702276322385, 'level': 'ALL', 'message': '12-11 08:28:49.248 11308 11344 I appium  : Click command'}
{'timestamp': 1702276322385, 'level': 'ALL', 'message': '12-11 08:28:49.579   178   178 I servicemanager: Notifying apexservice they have clients: 1'}
{'timestamp': 1702276322385, 'level': 'ALL', 'message': '12-11 08:28:49.591 31652 32346 I ActivityTaskManager: START u0 {cmp=com.ajaxsystems/.bootstrap.presentation.auth.AuthFlowActivity (has extras)} from uid 10158'}
{'timestamp': 1702276322385, 'level': 'ALL', 'message': '12-11 08:28:49.591 31652 31712 D EventSequenceValidator: Transition from INTENT_FAILED to INTENT_STARTED'}
{'timestamp': 1702276322385, 'level': 'ALL', 'message': '12-11 08:28:49.603   421   421 I perfetto: ing_service_impl.cc:758 Configured tracing session 499, #sources:1, duration:5000 ms, #buffers:1, total buffer size:4096 KB, total sessions:3, uid:1071 session name: ""'}
{'timestamp': 1702276322385, 'level': 'ALL', 'message': '12-11 08:28:49.607   410   410 I perfetto: probes_producer.cc:230  Ftrace setup (target_buf=499)'}
{'timestamp': 1702276322385, 'level': 'ALL', 'message': '12-11 08:28:49.622 31652 31712 D EventSequenceValidator: Transition from INTENT_STARTED to INTENT_FAILED'}
{'timestamp': 1702276322385, 'level': 'ALL', 'message': '12-11 08:28:49.632 31652 32346 W ActivityTaskManager: Tried to set launchTime (0) < mLastActivityLaunchTime (27995055)'}
{'timestamp': 1702276322385, 'level': 'ALL', 'message': '12-11 08:28:49.632 31652 32346 W InputReader: Device virtio_input_multi_touch_10 is associated with display ADISPLAY_ID_NONE.'}
{'timestamp': 1702276322385, 'level': 'ALL', 'message': '12-11 08:28:49.632 31652 32346 W InputReader: Device virtio_input_multi_touch_4 is associated with display ADISPLAY_ID_NONE.'}
{'timestamp': 1702276322385, 'level': 'ALL', 'message': '12-11 08:28:49.632 31652 32346 W InputReader: Device virtio_input_multi_touch_11 is associated with display ADISPLAY_ID_NONE.'}
{'timestamp': 1702276322385, 'level': 'ALL', 'message': '12-11 08:28:49.632 31652 32346 W InputReader: Device virtio_input_multi_touch_5 is associated with display ADISPLAY_ID_NONE.'}
{'timestamp': 1702276322385, 'level': 'ALL', 'message': '12-11 08:28:49.632 31652 32346 W InputReader: Device virtio_input_multi_touch_2 is associated with display ADISPLAY_ID_NONE.'}
{'timestamp': 1702276322385, 'level': 'ALL', 'message': '12-11 08:28:49.632 31652 32346 W InputReader: Device virtio_input_multi_touch_9 is associated with display ADISPLAY_ID_NONE.'}
{'timestamp': 1702276322385, 'level': 'ALL', 'message': '12-11 08:28:49.632 31652 32346 W InputReader: Device virtio_input_multi_touch_6 is associated with display ADISPLAY_ID_NONE.'}
{'timestamp': 1702276322385, 'level': 'ALL', 'message': '12-11 08:28:49.633 31652 32346 W InputReader: Device virtio_input_multi_touch_7 is associated with display ADISPLAY_ID_NONE.'}
{'timestamp': 1702276322385, 'level': 'ALL', 'message': '12-11 08:28:49.633 31652 32346 W InputReader: Device virtio_input_multi_touch_3 is associated with display ADISPLAY_ID_NONE.'}
{'timestamp': 1702276322385, 'level': 'ALL', 'message': '12-11 08:28:49.633 31652 32346 W InputReader: Device virtio_input_multi_touch_8 is associated with display ADISPLAY_ID_NONE.'}
{'timestamp': 1702276322385, 'level': 'ALL', 'message': '12-11 08:28:49.633 31652 32346 W InputReader: Device virtio_input_multi_touch_10 is associated with display ADISPLAY_ID_NONE.'}
{'timestamp': 1702276322385, 'level': 'ALL', 'message': '12-11 08:28:49.633 31652 32346 W InputReader: Device virtio_input_multi_touch_4 is associated with display ADISPLAY_ID_NONE.'}
{'timestamp': 1702276322385, 'level': 'ALL', 'message': '12-11 08:28:49.633 31652 32346 W InputReader: Device virtio_input_multi_touch_11 is associated with display ADISPLAY_ID_NONE.'}
{'timestamp': 1702276322385, 'level': 'ALL', 'message': '12-11 08:28:49.633 31652 32346 W InputReader: Device virtio_input_multi_touch_5 is associated with display ADISPLAY_ID_NONE.'}
{'timestamp': 1702276322385, 'level': 'ALL', 'message': '12-11 08:28:49.633 31652 32346 W InputReader: Device virtio_input_multi_touch_2 is associated with display ADISPLAY_ID_NONE.'}
{'timestamp': 1702276322385, 'level': 'ALL', 'message': '12-11 08:28:49.633 31652 32346 W InputReader: Device virtio_input_multi_touch_9 is associated with display ADISPLAY_ID_NONE.'}
{'timestamp': 1702276322385, 'level': 'ALL', 'message': '12-11 08:28:49.633 31652 32346 W InputReader: Device virtio_input_multi_touch_6 is associated with display ADISPLAY_ID_NONE.'}
{'timestamp': 1702276322385, 'level': 'ALL', 'message': '12-11 08:28:49.633 31652 32346 W InputReader: Device virtio_input_multi_touch_7 is associated with display ADISPLAY_ID_NONE.'}
{'timestamp': 1702276322385, 'level': 'ALL', 'message': '12-11 08:28:49.633 31652 32346 W InputReader: Device virtio_input_multi_touch_3 is associated with display ADISPLAY_ID_NONE.'}
{'timestamp': 1702276322385, 'level': 'ALL', 'message': '12-11 08:28:49.634 31652 32346 W InputReader: Device virtio_input_multi_touch_8 is associated with display ADISPLAY_ID_NONE.'}
{'timestamp': 1702276322385, 'level': 'ALL', 'message': '12-11 08:28:49.643 11308 11344 I appium  : Waiting up to 10000ms for the device to idle'}
{'timestamp': 1702276322385, 'level': 'ALL', 'message': '12-11 08:28:49.946   320   320 D goldfish-address-space: claimShared: Ask to claim region [0x3f09e4000 0x3f13c8000]'}
{'timestamp': 1702276322385, 'level': 'ALL', 'message': '12-11 08:28:49.958   320   320 D goldfish-address-space: claimShared: Ask to claim region [0x3f13c8000 0x3f1dac000]'}
{'timestamp': 1702276322385, 'level': 'ALL', 'message': '12-11 08:28:49.971   320   320 D goldfish-address-space: claimShared: Ask to claim region [0x3f1dac000 0x3f2790000]'}
{'timestamp': 1702276322385, 'level': 'ALL', 'message': '12-11 08:28:50.051 31652 32346 I system_server: oneway function results will be dropped but finished with status OK and parcel size 4'}
{'timestamp': 1702276322385, 'level': 'ALL', 'message': '12-11 08:28:50.051 31652 32346 I system_server: oneway function results will be dropped but finished with status OK and parcel size 4'}
{'timestamp': 1702276322385, 'level': 'ALL', 'message': '12-11 08:28:50.145 31652 31742 I ActivityTaskManager: Displayed com.ajaxsystems/.bootstrap.presentation.auth.AuthFlowActivity: +553ms'}
{'timestamp': 1702276322385, 'level': 'ALL', 'message': '12-11 08:28:50.589   410   410 I perfetto: probes_producer.cc:329  Producer stop (id=497)'}
{'timestamp': 1702276322385, 'level': 'ALL', 'message': '12-11 08:28:50.591   421   421 I perfetto: ng_service_impl.cc:1948 Tracing session 497 ended, total sessions:2'}
{'timestamp': 1702276322385, 'level': 'ALL', 'message': '12-11 08:28:50.627   433 11353 I iorapd  : Perfetto TraceBuffer saved to file: /data/misc/iorapd/com.ajaxsystems/2334272/com.ajaxsystems.ui.activity.LauncherActivity/raw_traces/1702276130625871900.perfetto_trace.pb'}
{'timestamp': 1702276322385, 'level': 'ALL', 'message': '12-11 08:28:50.697 11308 11344 I appium  : AppiumResponse: {"sessionId":"69d1edb8-19e4-42c3-bf70-07365e76368e","value":null}'}
{'timestamp': 1702276322385, 'level': 'ALL', 'message': '12-11 08:28:50.793 11357 11369 I com.ajaxsystem: WaitForGcToComplete blocked RunEmptyCheckpoint on ProfileSaver for 6.510ms'}
{'timestamp': 1702276322385, 'level': 'ALL', 'message': "12-11 08:28:50.854   469   469 E netmgr  : qemu_pipe_open_ns:62: Could not connect to the 'pipe:qemud:network' service: Invalid argument"}
{'timestamp': 1702276322385, 'level': 'ALL', 'message': "12-11 08:28:50.854   469   469 E netmgr  : Failed to open QEMU pipe 'qemud:network': Invalid argument"}
{'timestamp': 1702276322385, 'level': 'ALL', 'message': '12-11 08:28:51.712 11308 11344 I appium  : channel read: POST /session/69d1edb8-19e4-42c3-bf70-07365e76368e/element'}
{'timestamp': 1702276322385, 'level': 'ALL', 'message': '12-11 08:28:51.713 11308 11344 I appium  : FindElement command'}
{'timestamp': 1702276322385, 'level': 'ALL', 'message': '12-11 08:28:51.714 11308 11344 I appium  : method: \'xpath\', selector: \'//android.widget.EditText[@resource-id="defaultAutomationId"][1]\''}
{'timestamp': 1702276322385, 'level': 'ALL', 'message': '12-11 08:28:51.714 11308 11344 I appium  : Waiting up to 10000ms for the device to idle'}
{'timestamp': 1702276322385, 'level': 'ALL', 'message': '12-11 08:28:51.716 11308 11344 I appium  : The following attributes will be included to the page source: [resource-id]'}
{'timestamp': 1702276322385, 'level': 'ALL', 'message': '12-11 08:28:51.850 11308 11344 I appium  : Took 0ms to retrieve 1 matches for \'//android.widget.EditText[@resource-id="defaultAutomationId"][1]\' XPath2 query'}
{'timestamp': 1702276322385, 'level': 'ALL', 'message': '12-11 08:28:51.853 11308 11344 I appium  : AppiumResponse: {"sessionId":"69d1edb8-19e4-42c3-bf70-07365e76368e","value":{"ELEMENT":"00000000-0000-0061-0000-001500000046","element-6066-11e4-a52e-4f735466cecf":"00000000-0000-0061-0000-001500000046"}}'}
{'timestamp': 1702276322385, 'level': 'ALL', 'message': '12-11 08:28:51.868 11308 11344 I appium  : channel read: POST /session/69d1edb8-19e4-42c3-bf70-07365e76368e/element/00000000-0000-0061-0000-001500000046/value'}
{'timestamp': 1702276322385, 'level': 'ALL', 'message': '12-11 08:28:51.868 11308 11344 I appium  : SendKeysToElement command'}
{'timestamp': 1702276322385, 'level': 'ALL', 'message': '12-11 08:28:52.382 11308 11344 I appium  : AppiumResponse: {"sessionId":"69d1edb8-19e4-42c3-bf70-07365e76368e","value":null}'}
{'timestamp': 1702276322385, 'level': 'ALL', 'message': "12-11 08:28:52.625   477   477 E wifi_forwarder: qemu_pipe_open_ns:62: Could not connect to the 'pipe:qemud:wififorward' service: Invalid argument"}
{'timestamp': 1702276322385, 'level': 'ALL', 'message': '12-11 08:28:52.626   477   477 E wifi_forwarder: RemoteConnection failed to initialize: RemoteConnection failed to open pipe'}
{'timestamp': 1702276322385, 'level': 'ALL', 'message': '12-11 08:28:52.721   410   410 I perfetto: probes_producer.cc:329  Producer stop (id=498)'}
{'timestamp': 1702276322385, 'level': 'ALL', 'message': '12-11 08:28:52.724   421   421 I perfetto: ng_service_impl.cc:1948 Tracing session 498 ended, total sessions:1'}
{'timestamp': 1702276322385, 'level': 'ALL', 'message': '12-11 08:28:52.850 32722 32763 I PeriodicStatsRunner: PeriodicStatsRunner.call():180 call()'}
{'timestamp': 1702276322385, 'level': 'ALL', 'message': '12-11 08:28:52.850 32722 32763 I PeriodicStatsRunner: PeriodicStatsRunner.call():184 No submit PeriodicStats since input started.'}
{'timestamp': 1702276322385, 'level': 'ALL', 'message': '12-11 08:28:53.036 11357 11494 D ProfileInstaller: Installing profile for com.ajaxsystems'}
{'timestamp': 1702276322385, 'level': 'ALL', 'message': '12-11 08:28:53.399 11308 11344 I appium  : channel read: POST /session/69d1edb8-19e4-42c3-bf70-07365e76368e/element'}
{'timestamp': 1702276322385, 'level': 'ALL', 'message': '12-11 08:28:53.399 11308 11344 I appium  : FindElement command'}
{'timestamp': 1702276322385, 'level': 'ALL', 'message': '12-11 08:28:53.401 11308 11344 I appium  : method: \'xpath\', selector: \'(//android.widget.EditText[@resource-id="defaultAutomationId"])[2]\''}
{'timestamp': 1702276322385, 'level': 'ALL', 'message': '12-11 08:28:53.402 11308 11344 I appium  : Waiting up to 10000ms for the device to idle'}
{'timestamp': 1702276322385, 'level': 'ALL', 'message': '12-11 08:28:53.405 11308 11344 I appium  : The following attributes will be included to the page source: [resource-id]'}
{'timestamp': 1702276322385, 'level': 'ALL', 'message': '12-11 08:28:53.480 11308 11344 I appium  : Took 0ms to retrieve 1 matches for \'(//android.widget.EditText[@resource-id="defaultAutomationId"])[2]\' XPath2 query'}
{'timestamp': 1702276322385, 'level': 'ALL', 'message': '12-11 08:28:53.485 11308 11344 I appium  : AppiumResponse: {"sessionId":"69d1edb8-19e4-42c3-bf70-07365e76368e","value":{"ELEMENT":"00000000-0000-0061-0000-00210000004a","element-6066-11e4-a52e-4f735466cecf":"00000000-0000-0061-0000-00210000004a"}}'}
{'timestamp': 1702276322385, 'level': 'ALL', 'message': '12-11 08:28:53.503 11308 11344 I appium  : channel read: POST /session/69d1edb8-19e4-42c3-bf70-07365e76368e/element/00000000-0000-0061-0000-00210000004a/value'}
{'timestamp': 1702276322385, 'level': 'ALL', 'message': '12-11 08:28:53.503 11308 11344 I appium  : SendKeysToElement command'}
{'timestamp': 1702276322385, 'level': 'ALL', 'message': '12-11 08:28:53.531 11308 11344 I appium  : AppiumResponse: {"sessionId":"69d1edb8-19e4-42c3-bf70-07365e76368e","value":null}'}
{'timestamp': 1702276322385, 'level': 'ALL', 'message': '12-11 08:28:53.833 32722 32763 I PeriodicStatsRunner: PeriodicStatsRunner.call():180 call()'}
{'timestamp': 1702276322385, 'level': 'ALL', 'message': '12-11 08:28:53.833 32722 32763 I PeriodicStatsRunner: PeriodicStatsRunner.call():184 No submit PeriodicStats since input started.'}
{'timestamp': 1702276322385, 'level': 'ALL', 'message': '12-11 08:28:54.547 11308 11344 I appium  : channel read: POST /session/69d1edb8-19e4-42c3-bf70-07365e76368e/element'}
{'timestamp': 1702276322385, 'level': 'ALL', 'message': '12-11 08:28:54.547 11308 11344 I appium  : FindElement command'}
{'timestamp': 1702276322385, 'level': 'ALL', 'message': '12-11 08:28:54.550 11308 11344 I appium  : method: \'xpath\', selector: \'(//androidx.compose.ui.platform.ComposeView[@resource-id="com.ajaxsystems:id/compose_view"])[4]/android.view.View/android.view.View/android.widget.Button\''}
{'timestamp': 1702276322385, 'level': 'ALL', 'message': '12-11 08:28:54.552 11308 11344 I appium  : Waiting up to 10000ms for the device to idle'}
{'timestamp': 1702276322385, 'level': 'ALL', 'message': '12-11 08:28:54.557 11308 11344 I appium  : The following attributes will be included to the page source: [resource-id]'}
{'timestamp': 1702276322385, 'level': 'ALL', 'message': '12-11 08:28:54.613   410   410 I perfetto: probes_producer.cc:329  Producer stop (id=499)'}
{'timestamp': 1702276322385, 'level': 'ALL', 'message': '12-11 08:28:54.617   421   421 I perfetto: ng_service_impl.cc:1948 Tracing session 499 ended, total sessions:0'}
{'timestamp': 1702276322385, 'level': 'ALL', 'message': '12-11 08:28:54.618   410   410 I perfetto: ftrace_procfs.cc:183    disabled ftrace'}
{'timestamp': 1702276322385, 'level': 'ALL', 'message': '12-11 08:28:54.643 11308 11344 I appium  : Took 0ms to retrieve 1 matches for \'(//androidx.compose.ui.platform.ComposeView[@resource-id="com.ajaxsystems:id/compose_view"])[4]/android.view.View/android.view.View/android.widget.Button\' XPath2 query'}
{'timestamp': 1702276322385, 'level': 'ALL', 'message': '12-11 08:28:54.649 11308 11344 I appium  : AppiumResponse: {"sessionId":"69d1edb8-19e4-42c3-bf70-07365e76368e","value":{"ELEMENT":"00000000-0000-0061-3b9a-ca0f0000003f","element-6066-11e4-a52e-4f735466cecf":"00000000-0000-0061-3b9a-ca0f0000003f"}}'}
{'timestamp': 1702276322385, 'level': 'ALL', 'message': '12-11 08:28:54.664 11308 11344 I appium  : channel read: POST /session/69d1edb8-19e4-42c3-bf70-07365e76368e/element/00000000-0000-0061-3b9a-ca0f0000003f/click'}
{'timestamp': 1702276322385, 'level': 'ALL', 'message': '12-11 08:28:54.664 11308 11344 I appium  : Click command'}
{'timestamp': 1702276322385, 'level': 'ALL', 'message': '12-11 08:28:54.745 11308 11344 I appium  : Waiting up to 10000ms for the device to idle'}
{'timestamp': 1702276322385, 'level': 'ALL', 'message': '12-11 08:28:54.881 32604 10471 E GmsConnectionFactory: UID for network attribution might be misset for tag 536871943 [CONTEXT service_id=39 ]'}
{'timestamp': 1702276322385, 'level': 'ALL', 'message': '12-11 08:28:54.881 32604 10471 E GmsConnectionFactory: diig: FULL'}
{'timestamp': 1702276322385, 'level': 'ALL', 'message': '12-11 08:28:54.881 32604 10471 E GmsConnectionFactory: \tat a.P(:com.google.android.gms@234523034@23.45.23 (150700-587848529):9)'}
{'timestamp': 1702276322385, 'level': 'ALL', 'message': '12-11 08:28:54.881 32604 10471 E GmsConnectionFactory: \tat avfc.a(:com.google.android.gms@234523034@23.45.23 (150700-587848529):148)'}
{'timestamp': 1702276322385, 'level': 'ALL', 'message': '12-11 08:28:54.881 32604 10471 E GmsConnectionFactory: \tat ayfv.c(:com.google.android.gms@234523034@23.45.23 (150700-587848529):119)'}
{'timestamp': 1702276322385, 'level': 'ALL', 'message': '12-11 08:28:54.881 32604 10471 E GmsConnectionFactory: \tat ayfm.d(:com.google.android.gms@234523034@23.45.23 (150700-587848529):11)'}
{'timestamp': 1702276322385, 'level': 'ALL', 'message': '12-11 08:28:54.881 32604 10471 E GmsConnectionFactory: \tat ayfr.a(:com.google.android.gms@234523034@23.45.23 (150700-587848529):4)'}
{'timestamp': 1702276322385, 'level': 'ALL', 'message': '12-11 08:28:54.881 32604 10471 E GmsConnectionFactory: \tat ayfm.b(:com.google.android.gms@234523034@23.45.23 (150700-587848529):86)'}
{'timestamp': 1702276322385, 'level': 'ALL', 'message': '12-11 08:28:54.881 32604 10471 E GmsConnectionFactory: \tat ayfm.execute(:com.google.android.gms@234523034@23.45.23 (150700-587848529):8)'}
{'timestamp': 1702276322385, 'level': 'ALL', 'message': '12-11 08:28:54.881 32604 10471 E GmsConnectionFactory: \tat ayfm.execute(:com.google.android.gms@234523034@23.45.23 (150700-587848529):5)'}
{'timestamp': 1702276322385, 'level': 'ALL', 'message': '12-11 08:28:54.881 32604 10471 E GmsConnectionFactory: \tat awky.h(:com.google.android.gms@234523034@23.45.23 (150700-587848529):516)'}
{'timestamp': 1702276322385, 'level': 'ALL', 'message': '12-11 08:28:54.881 32604 10471 E GmsConnectionFactory: \tat awks.run(:com.google.android.gms@234523034@23.45.23 (150700-587848529):13)'}
{'timestamp': 1702276322385, 'level': 'ALL', 'message': '12-11 08:28:54.881 32604 10471 E GmsConnectionFactory: \tat aiwb.c(:com.google.android.gms@234523034@23.45.23 (150700-587848529):50)'}
{'timestamp': 1702276322385, 'level': 'ALL', 'message': '12-11 08:28:54.881 32604 10471 E GmsConnectionFactory: \tat aiwb.run(:com.google.android.gms@234523034@23.45.23 (150700-587848529):76)'}
{'timestamp': 1702276322385, 'level': 'ALL', 'message': '12-11 08:28:54.881 32604 10471 E GmsConnectionFactory: \tat java.util.concurrent.ThreadPoolExecutor.runWorker(ThreadPoolExecutor.java:1167)'}
{'timestamp': 1702276322385, 'level': 'ALL', 'message': '12-11 08:28:54.881 32604 10471 E GmsConnectionFactory: \tat java.util.concurrent.ThreadPoolExecutor$Worker.run(ThreadPoolExecutor.java:641)'}
{'timestamp': 1702276322385, 'level': 'ALL', 'message': '12-11 08:28:54.881 32604 10471 E GmsConnectionFactory: \tat ajbh.run(:com.google.android.gms@234523034@23.45.23 (150700-587848529):8)'}
{'timestamp': 1702276322385, 'level': 'ALL', 'message': '12-11 08:28:54.881 32604 10471 E GmsConnectionFactory: \tat java.lang.Thread.run(Thread.java:923)'}
{'timestamp': 1702276322385, 'level': 'ALL', 'message': '12-11 08:28:55.269 32722 32763 I PeriodicStatsRunner: PeriodicStatsRunner.call():180 call()'}
{'timestamp': 1702276322385, 'level': 'ALL', 'message': '12-11 08:28:55.269 32722 32763 I PeriodicStatsRunner: PeriodicStatsRunner.call():184 No submit PeriodicStats since input started.'}
{'timestamp': 1702276322385, 'level': 'ALL', 'message': '12-11 08:28:55.375 11308 11344 I appium  : AppiumResponse: {"sessionId":"69d1edb8-19e4-42c3-bf70-07365e76368e","value":null}'}
{'timestamp': 1702276322385, 'level': 'ALL', 'message': '12-11 08:28:55.959 31652 32346 D ConnectivityService: requestNetwork for uid/pid:10158/11357 NetworkRequest [ TRACK_DEFAULT id=105, [ Capabilities: INTERNET&NOT_RESTRICTED&TRUSTED Uid: 10158 AdministratorUids: [] RequestorUid: 10158 RequestorPackageName: com.ajaxsystems] ]'}
{'timestamp': 1702276322385, 'level': 'ALL', 'message': '12-11 08:28:55.960 31652 31995 D ConnectivityService: NetReassign [105 : null → 100]'}
{'timestamp': 1702276322385, 'level': 'ALL', 'message': '12-11 08:28:55.966 32351 32351 D PhoneSwitcherNetworkRequstListener: got request NetworkRequest [ TRACK_DEFAULT id=105, [ Capabilities: INTERNET&NOT_RESTRICTED&TRUSTED Uid: 10158 AdministratorUids: [] RequestorUid: 10158 RequestorPackageName: com.ajaxsystems] ] with score 50 and providerId 2'}
{'timestamp': 1702276322385, 'level': 'ALL', 'message': '12-11 08:28:56.018 32351 32351 D Telephony: isEmergencyPreferredAccount: subId=1, activeData=1'}
{'timestamp': 1702276322385, 'level': 'ALL', 'message': '12-11 08:28:56.018 32351 32351 D Telephony: isEmergencyPreferredAccount: Device does not require preference.'}
{'timestamp': 1702276322385, 'level': 'ALL', 'message': '12-11 08:28:56.031 11357 11505 E PushTokenRegistrationJob: Cannot update token, login not found'}
{'timestamp': 1702276322385, 'level': 'ALL', 'message': '12-11 08:28:56.033 11357 11428 I WM-WorkerWrapper: Worker result FAILURE for Work [ id=5876c2e3-17cf-441f-bb2e-010149bc6ab5, tags={ com.ajaxsystems.notifications.PushTokenRegistrationJob } ]'}
{'timestamp': 1702276322385, 'level': 'ALL', 'message': '12-11 08:28:56.064 31652 31995 D ConnectivityService: releasing NetworkRequest [ TRACK_DEFAULT id=105, [ Capabilities: INTERNET&NOT_RESTRICTED&TRUSTED Uid: 10158 AdministratorUids: [] RequestorUid: 10158 RequestorPackageName: com.ajaxsystems] ] (release request)'}
{'timestamp': 1702276322385, 'level': 'ALL', 'message': '12-11 08:28:56.081 32351 32351 D Telephony: isEmergencyPreferredAccount: subId=1, activeData=1'}
{'timestamp': 1702276322385, 'level': 'ALL', 'message': '12-11 08:28:56.081 32351 32351 D Telephony: isEmergencyPreferredAccount: Device does not require preference.'}
{'timestamp': 1702276322385, 'level': 'ALL', 'message': '12-11 08:28:56.950 31652 31742 W NotificationHistory: Attempted to remove conversation for locked/gone/disabled user 0'}
{'timestamp': 1702276322385, 'level': 'ALL', 'message': '12-11 08:28:57.064 11357 11511 W DELETE  : 0 hubs will be deleted'}
{'timestamp': 1702276322385, 'level': 'ALL', 'message': '12-11 08:29:00.031   396   396 D BoundBrokerSvc: onUnbind: Intent { act=com.google.android.gms.measurement.START pkg=com.google.android.gms }'}
{'timestamp': 1702276322385, 'level': 'ALL', 'message': '12-11 08:29:00.403 11308 11344 I appium  : channel read: POST /session/69d1edb8-19e4-42c3-bf70-07365e76368e/element'}
{'timestamp': 1702276322385, 'level': 'ALL', 'message': '12-11 08:29:00.404 11308 11344 I appium  : FindElement command'}
{'timestamp': 1702276322385, 'level': 'ALL', 'message': '12-11 08:29:00.406 11308 11344 I appium  : method: \'xpath\', selector: \'//android.widget.TextView[@resource-id="com.ajaxsystems:id/snackbar_text"]\''}
{'timestamp': 1702276322385, 'level': 'ALL', 'message': '12-11 08:29:00.406 11308 11344 I appium  : Waiting up to 10000ms for the device to idle'}
{'timestamp': 1702276322385, 'level': 'ALL', 'message': '12-11 08:29:00.409 11308 11344 I appium  : The following attributes will be included to the page source: [resource-id]'}
{'timestamp': 1702276322385, 'level': 'ALL', 'message': '12-11 08:29:00.583 11308 11344 I appium  : Took 0ms to retrieve 0 matches for \'//android.widget.TextView[@resource-id="com.ajaxsystems:id/snackbar_text"]\' XPath2 query'}
{'timestamp': 1702276322385, 'level': 'ALL', 'message': '12-11 08:29:00.590 11308 11344 I appium  : AppiumResponse: {"sessionId":"69d1edb8-19e4-42c3-bf70-07365e76368e","value":{"error":"no such element","message":"An element could not be located on the page using the given search parameters","stacktrace":"io.appium.uiautomator2.common.exceptions.ElementNotFoundException: An element could not be located on the page using the given search parameters\\n\\tat io.appium.uiautomator2.utils.ElementLocationHelpers.findElement(ElementLocationHelpers.java:156)\\n\\tat io.appium.uiautomator2.handler.FindElement.safeHandle(FindElement.java:60)\\n\\tat io.appium.uiautomator2.handler.request.SafeRequestHandler.handle(SafeRequestHandler.java:59)\\n\\tat io.appium.uiautomator2.server.AppiumServlet.handleRequest(AppiumServlet.java:277)\\n\\tat io.appium.uiautomator2.server.AppiumServlet.handleHttpRequest(AppiumServlet.java:271)\\n\\tat io.appium.uiautomator2.http.ServerHandler.channelRead(ServerHandler.java:77)\\n\\tat io.netty.channel.AbstractChannelHandlerContext.invokeChannelRead(AbstractChannelHandlerContext.java:366)\\n\\tat io.netty.channel.AbstractChannelHandlerContext.invokeChannelRead(AbstractChannelHandlerContext.java:352)\\n\\tat io.netty.channel.AbstractChannelHandlerContext.fireChannelRead(AbstractChannelHandlerContext.java:345)\\n\\tat io.netty.handler.codec.MessageToMessageDecoder.channelRead(MessageToMessageDecoder.java:102)\\n\\tat io.netty.channel.AbstractChannelHandlerContext.invokeChannelRead(AbstractChannelHandlerContext.java:366)\\n\\tat io.netty.channel.AbstractChannelHandlerContext.invokeChannelRead(AbstractChannelHandlerContext.java:352)\\n\\tat io.netty.channel.AbstractChannelHandlerContext.fireChannelRead(AbstractChannelHandlerContext.java:345)\\n\\tat io.netty.channel.CombinedChannelDuplexHandler$DelegatingChannelHandlerContext.fireChannelRead(CombinedChannelDuplexHandler.java:435)\\n\\tat io.netty.handler.codec.ByteToMessageDecoder.fireChannelRead(ByteToMessageDecoder.java:293)\\n\\tat io.netty.handler.codec.ByteToMessageDecoder.channelRead(ByteToMessageDecoder.java:267)\\n\\tat io.netty.channel.CombinedChannelDuplexHandler.channelRead(CombinedChannelDuplexHandler.java:250)\\n\\tat io.netty.channel.AbstractChannelHandlerContext.invokeChannelRead(AbstractChannelHandlerContext.java:366)\\n\\tat io.netty.channel.AbstractChannelHandlerContext.invokeChannelRead(AbstractChannelHandlerContext.java:352)\\n\\tat io.netty.channel.AbstractChannelHandlerContext.fireChannelRead(AbstractChannelHandlerContext.java:345)\\n\\tat io.netty.handler.timeout.IdleStateHandler.channelRead(IdleStateHandler.java:266)\\n\\tat io.netty.channel.AbstractChannelHandlerContext.invokeChannelRead(AbstractChannelHandlerContext.java:366)\\n\\tat io.netty.channel.AbstractChannelHandlerContext.invokeChannelRead(AbstractChannelHandlerContext.java:352)\\n\\tat io.netty.channel.AbstractChannelHandlerContext.fireChannelRead(AbstractChannelHandlerContext.java:345)\\n\\tat io.netty.channel.DefaultChannelPipeline$HeadContext.channelRead(DefaultChannelPipeline.java:1294)\\n\\tat io.netty.channel.AbstractChannelHandlerContext.invokeChannelRead(AbstractChannelHandlerContext.java:366)\\n\\tat io.netty.channel.AbstractChannelHandlerContext.invokeChannelRead(AbstractChannelHandlerContext.java:352)\\n\\tat io.netty.channel.DefaultChannelPipeline.fireChannelRead(DefaultChannelPipeline.java:911)\\n\\tat io.netty.channel.nio.AbstractNioByteChannel$NioByteUnsafe.read(AbstractNioByteChannel.java:131)\\n\\tat io.netty.channel.nio.NioEventLoop.processSelectedKey(NioEventLoop.java:611)\\n\\tat io.netty.channel.nio.NioEventLoop.processSelectedKeysOptimized(NioEventLoop.java:552)\\n\\tat io.netty.channel.nio.NioEventLoop.processSelectedKeys(NioEventLoop.java:466)\\n\\tat io.netty.channel.nio.NioEventLoop.run(NioEventLoop.java:438)\\n\\tat io.netty.util.concurrent.SingleThreadEventExecutor$2.run(SingleThreadEventExecutor.java:140)\\n\\tat io.netty.util.concurrent.DefaultThreadFactory$DefaultRunnableDecorator.run(DefaultThreadFactory.java:144)\\n\\tat java.lang.Thread.run(Thread.java:923)\\n"}}'}
{'timestamp': 1702276322385, 'level': 'ALL', 'message': '12-11 08:29:00.615 11308 11344 I appium  : channel read: POST /session/69d1edb8-19e4-42c3-bf70-07365e76368e/element'}
{'timestamp': 1702276322385, 'level': 'ALL', 'message': '12-11 08:29:00.616 11308 11344 I appium  : FindElement command'}
{'timestamp': 1702276322385, 'level': 'ALL', 'message': '12-11 08:29:00.617 11308 11344 I appium  : method: \'xpath\', selector: \'//android.widget.ImageView[@resource-id="com.ajaxsystems:id/menuDrawer"]\''}
{'timestamp': 1702276322385, 'level': 'ALL', 'message': '12-11 08:29:00.617 11308 11344 I appium  : Waiting up to 10000ms for the device to idle'}
{'timestamp': 1702276322385, 'level': 'ALL', 'message': '12-11 08:29:00.618 11308 11344 I appium  : The following attributes will be included to the page source: [resource-id]'}
{'timestamp': 1702276322385, 'level': 'ALL', 'message': '12-11 08:29:00.746 11308 11344 I appium  : Took 0ms to retrieve 0 matches for \'//android.widget.ImageView[@resource-id="com.ajaxsystems:id/menuDrawer"]\' XPath2 query'}
{'timestamp': 1702276322385, 'level': 'ALL', 'message': '12-11 08:29:00.767 11308 11344 I appium  : AppiumResponse: {"sessionId":"69d1edb8-19e4-42c3-bf70-07365e76368e","value":{"error":"no such element","message":"An element could not be located on the page using the given search parameters","stacktrace":"io.appium.uiautomator2.common.exceptions.ElementNotFoundException: An element could not be located on the page using the given search parameters\\n\\tat io.appium.uiautomator2.utils.ElementLocationHelpers.findElement(ElementLocationHelpers.java:156)\\n\\tat io.appium.uiautomator2.handler.FindElement.safeHandle(FindElement.java:60)\\n\\tat io.appium.uiautomator2.handler.request.SafeRequestHandler.handle(SafeRequestHandler.java:59)\\n\\tat io.appium.uiautomator2.server.AppiumServlet.handleRequest(AppiumServlet.java:277)\\n\\tat io.appium.uiautomator2.server.AppiumServlet.handleHttpRequest(AppiumServlet.java:271)\\n\\tat io.appium.uiautomator2.http.ServerHandler.channelRead(ServerHandler.java:77)\\n\\tat io.netty.channel.AbstractChannelHandlerContext.invokeChannelRead(AbstractChannelHandlerContext.java:366)\\n\\tat io.netty.channel.AbstractChannelHandlerContext.invokeChannelRead(AbstractChannelHandlerContext.java:352)\\n\\tat io.netty.channel.AbstractChannelHandlerContext.fireChannelRead(AbstractChannelHandlerContext.java:345)\\n\\tat io.netty.handler.codec.MessageToMessageDecoder.channelRead(MessageToMessageDecoder.java:102)\\n\\tat io.netty.channel.AbstractChannelHandlerContext.invokeChannelRead(AbstractChannelHandlerContext.java:366)\\n\\tat io.netty.channel.AbstractChannelHandlerContext.invokeChannelRead(AbstractChannelHandlerContext.java:352)\\n\\tat io.netty.channel.AbstractChannelHandlerContext.fireChannelRead(AbstractChannelHandlerContext.java:345)\\n\\tat io.netty.channel.CombinedChannelDuplexHandler$DelegatingChannelHandlerContext.fireChannelRead(CombinedChannelDuplexHandler.java:435)\\n\\tat io.netty.handler.codec.ByteToMessageDecoder.fireChannelRead(ByteToMessageDecoder.java:293)\\n\\tat io.netty.handler.codec.ByteToMessageDecoder.channelRead(ByteToMessageDecoder.java:267)\\n\\tat io.netty.channel.CombinedChannelDuplexHandler.channelRead(CombinedChannelDuplexHandler.java:250)\\n\\tat io.netty.channel.AbstractChannelHandlerContext.invokeChannelRead(AbstractChannelHandlerContext.java:366)\\n\\tat io.netty.channel.AbstractChannelHandlerContext.invokeChannelRead(AbstractChannelHandlerContext.java:352)\\n\\tat io.netty.channel.AbstractChannelHandlerContext.fireChannelRead(AbstractChannelHandlerContext.java:345)\\n\\tat io.netty.handler.timeout.IdleStateHandler.channelRead(IdleStateHandler.java:266)\\n\\tat io.netty.channel.AbstractChannelHandlerContext.invokeChannelRead(AbstractChannelHandlerContext.java:366)\\n\\tat io.netty.channel.AbstractChannelHandlerContext.invokeChannelRead(AbstractChannelHandlerContext.java:352)\\n\\tat io.netty.channel.AbstractChannelHandlerContext.fireChannelRead(AbstractChannelHandlerContext.java:345)\\n\\tat io.netty.channel.DefaultChannelPipeline$HeadContext.channelRead(DefaultChannelPipeline.java:1294)\\n\\tat io.netty.channel.AbstractChannelHandlerContext.invokeChannelRead(AbstractChannelHandlerContext.java:366)\\n\\tat io.netty.channel.AbstractChannelHandlerContext.invokeChannelRead(AbstractChannelHandlerContext.java:352)\\n\\tat io.netty.channel.DefaultChannelPipeline.fireChannelRead(DefaultChannelPipeline.java:911)\\n\\tat io.netty.channel.nio.AbstractNioByteChannel$NioByteUnsafe.read(AbstractNioByteChannel.java:131)\\n\\tat io.netty.channel.nio.NioEventLoop.processSelectedKey(NioEventLoop.java:611)\\n\\tat io.netty.channel.nio.NioEventLoop.processSelectedKeysOptimized(NioEventLoop.java:552)\\n\\tat io.netty.channel.nio.NioEventLoop.processSelectedKeys(NioEventLoop.java:466)\\n\\tat io.netty.channel.nio.NioEventLoop.run(NioEventLoop.java:438)\\n\\tat io.netty.util.concurrent.SingleThreadEventExecutor$2.run(SingleThreadEventExecutor.java:140)\\n\\tat io.netty.util.concurrent.DefaultThreadFactory$DefaultRunnableDecorator.run(DefaultThreadFactory.java:144)\\n\\tat java.lang.Thread.run(Thread.java:923)\\n"}}'}
{'timestamp': 1702276322385, 'level': 'ALL', 'message': '12-11 08:29:01.066 11357 11399 W DELETE  : 0 hubs will be deleted'}
{'timestamp': 1702276322385, 'level': 'ALL', 'message': '12-11 08:29:01.138 11357 11357 W hb4     : set ConnectionBackground 663548140 true'}
{'timestamp': 1702276322385, 'level': 'ALL', 'message': '12-11 08:29:01.182 11357 11357 W hb4     : set KeepAlive 663548140 true'}
{'timestamp': 1702276322385, 'level': 'ALL', 'message': '12-11 08:28:56.950 31652 31742 I chatty  : uid=1000(system) android.bg identical 2 lines'}
{'timestamp': 1702276322385, 'level': 'ALL', 'message': '12-11 08:28:56.950 31652 31742 W NotificationHistory: Attempted to remove conversation for locked/gone/disabled user 0'}
{'timestamp': 1702276322385, 'level': 'ALL', 'message': '12-11 08:29:01.232 31652 32570 I ActivityTaskManager: START u0 {flg=0x10008000 cmp=com.ajaxsystems/.ui.activity.DashboardActivity (has extras)} from uid 10158'}
{'timestamp': 1702276322385, 'level': 'ALL', 'message': '12-11 08:29:01.232 31652 31712 D EventSequenceValidator: Transition from INTENT_FAILED to INTENT_STARTED'}
{'timestamp': 1702276322385, 'level': 'ALL', 'message': '12-11 08:29:01.238   421   421 I perfetto: ing_service_impl.cc:758 Configured tracing session 500, #sources:1, duration:5000 ms, #buffers:1, total buffer size:4096 KB, total sessions:1, uid:1071 session name: ""'}
{'timestamp': 1702276322385, 'level': 'ALL', 'message': '12-11 08:29:01.244   410   410 I perfetto: probes_producer.cc:230  Ftrace setup (target_buf=500)'}
{'timestamp': 1702276322385, 'level': 'ALL', 'message': '12-11 08:29:01.251 31652  2862 D HostConnection: HostConnection::get() New Host Connection established 0xb26659a0, tid 2862'}
{'timestamp': 1702276322385, 'level': 'ALL', 'message': '12-11 08:29:01.269 31652  2862 D HostConnection: HostComposition ext ANDROID_EMU_CHECKSUM_HELPER_v1 ANDROID_EMU_native_sync_v2 ANDROID_EMU_native_sync_v3 ANDROID_EMU_native_sync_v4 ANDROID_EMU_dma_v1 ANDROID_EMU_direct_mem ANDROID_EMU_vulkan ANDROID_EMU_deferred_vulkan_commands ANDROID_EMU_vulkan_null_optional_strings ANDROID_EMU_vulkan_create_resources_with_requirements ANDROID_EMU_YUV_Cache ANDROID_EMU_vulkan_ignored_handles ANDROID_EMU_has_shared_slots_host_memory_allocator ANDROID_EMU_vulkan_free_memory_sync ANDROID_EMU_vulkan_shader_float16_int8 ANDROID_EMU_vulkan_async_queue_submit ANDROID_EMU_sync_buffer_data ANDROID_EMU_vulkan_async_qsri ANDROID_EMU_read_color_buffer_dma GL_OES_vertex_array_object GL_KHR_texture_compression_astc_ldr ANDROID_EMU_host_side_tracing ANDROID_EMU_gles_max_version_2'}
{'timestamp': 1702276322385, 'level': 'ALL', 'message': '12-11 08:29:01.271 31652  2862 W OpenGLRenderer: Failed to choose config with EGL_SWAP_BEHAVIOR_PRESERVED, retrying without...'}
{'timestamp': 1702276322385, 'level': 'ALL', 'message': '12-11 08:29:01.277   410   410 I perfetto: ftrace_procfs.cc:176    enabled ftrace'}
{'timestamp': 1702276322385, 'level': 'ALL', 'message': '12-11 08:29:01.299 31652  2862 D EGL_emulation: eglCreateContext: 0xb264f890: maj 2 min 0 rcv 2'}
{'timestamp': 1702276322385, 'level': 'ALL', 'message': '12-11 08:29:01.305 31652  2862 D EGL_emulation: eglMakeCurrent: 0xb264f890: ver 2 0 (tinfo 0xaf947b50) (first time)'}
{'timestamp': 1702276322385, 'level': 'ALL', 'message': '12-11 08:29:01.313   320   320 D goldfish-address-space: claimShared: Ask to claim region [0x3f2eb9000 0x3f350d000]'}
{'timestamp': 1702276322385, 'level': 'ALL', 'message': '12-11 08:29:01.342 31652  2862 E FrameEvents: updateAcquireFence: Did not find frame.'}
{'timestamp': 1702276322385, 'level': 'ALL', 'message': '12-11 08:29:01.343   320   320 D goldfish-address-space: claimShared: Ask to claim region [0x3f0000000 0x3f0654000]'}
{'timestamp': 1702276322385, 'level': 'ALL', 'message': '12-11 08:29:01.365 31652 31712 D EventSequenceValidator: Transition from INTENT_STARTED to INTENT_FAILED'}
{'timestamp': 1702276322385, 'level': 'ALL', 'message': "12-11 08:29:01.378 11357 11357 D skia    : --- Failed to create image decoder with message 'unimplemented'"}
{'timestamp': 1702276322385, 'level': 'ALL', 'message': '12-11 08:29:01.416 31652 32485 W ActivityTaskManager: Tried to set launchTime (0) < mLastActivityLaunchTime (27996910)'}
{'timestamp': 1702276322385, 'level': 'ALL', 'message': '12-11 08:29:01.416 31652 32485 W InputReader: Device virtio_input_multi_touch_10 is associated with display ADISPLAY_ID_NONE.'}
{'timestamp': 1702276322385, 'level': 'ALL', 'message': '12-11 08:29:01.416 31652 32485 W InputReader: Device virtio_input_multi_touch_4 is associated with display ADISPLAY_ID_NONE.'}
{'timestamp': 1702276322385, 'level': 'ALL', 'message': '12-11 08:29:01.416 31652 32485 W InputReader: Device virtio_input_multi_touch_11 is associated with display ADISPLAY_ID_NONE.'}
{'timestamp': 1702276322385, 'level': 'ALL', 'message': '12-11 08:29:01.416 31652 32485 W InputReader: Device virtio_input_multi_touch_5 is associated with display ADISPLAY_ID_NONE.'}
{'timestamp': 1702276322385, 'level': 'ALL', 'message': '12-11 08:29:01.416 31652 32485 W InputReader: Device virtio_input_multi_touch_2 is associated with display ADISPLAY_ID_NONE.'}
{'timestamp': 1702276322385, 'level': 'ALL', 'message': '12-11 08:29:01.416 31652 32485 W InputReader: Device virtio_input_multi_touch_9 is associated with display ADISPLAY_ID_NONE.'}
{'timestamp': 1702276322385, 'level': 'ALL', 'message': '12-11 08:29:01.416 31652 32485 W InputReader: Device virtio_input_multi_touch_6 is associated with display ADISPLAY_ID_NONE.'}
{'timestamp': 1702276322385, 'level': 'ALL', 'message': '12-11 08:29:01.417 31652 32485 W InputReader: Device virtio_input_multi_touch_7 is associated with display ADISPLAY_ID_NONE.'}
{'timestamp': 1702276322385, 'level': 'ALL', 'message': '12-11 08:29:01.417 31652 32485 W InputReader: Device virtio_input_multi_touch_3 is associated with display ADISPLAY_ID_NONE.'}
{'timestamp': 1702276322385, 'level': 'ALL', 'message': '12-11 08:29:01.417 31652 32485 W InputReader: Device virtio_input_multi_touch_8 is associated with display ADISPLAY_ID_NONE.'}
{'timestamp': 1702276322385, 'level': 'ALL', 'message': '12-11 08:29:01.417 31652 32485 W InputReader: Device virtio_input_multi_touch_10 is associated with display ADISPLAY_ID_NONE.'}
{'timestamp': 1702276322385, 'level': 'ALL', 'message': '12-11 08:29:01.417 31652 32485 W InputReader: Device virtio_input_multi_touch_4 is associated with display ADISPLAY_ID_NONE.'}
{'timestamp': 1702276322385, 'level': 'ALL', 'message': '12-11 08:29:01.417 31652 32485 W InputReader: Device virtio_input_multi_touch_11 is associated with display ADISPLAY_ID_NONE.'}
{'timestamp': 1702276322385, 'level': 'ALL', 'message': '12-11 08:29:01.417 31652 32485 W InputReader: Device virtio_input_multi_touch_5 is associated with display ADISPLAY_ID_NONE.'}
{'timestamp': 1702276322385, 'level': 'ALL', 'message': '12-11 08:29:01.417 31652 32485 W InputReader: Device virtio_input_multi_touch_2 is associated with display ADISPLAY_ID_NONE.'}
{'timestamp': 1702276322385, 'level': 'ALL', 'message': '12-11 08:29:01.417 31652 32485 W InputReader: Device virtio_input_multi_touch_9 is associated with display ADISPLAY_ID_NONE.'}
{'timestamp': 1702276322385, 'level': 'ALL', 'message': '12-11 08:29:01.417 31652 32485 W InputReader: Device virtio_input_multi_touch_6 is associated with display ADISPLAY_ID_NONE.'}
{'timestamp': 1702276322385, 'level': 'ALL', 'message': '12-11 08:29:01.417 31652 32485 W InputReader: Device virtio_input_multi_touch_7 is associated with display ADISPLAY_ID_NONE.'}
{'timestamp': 1702276322385, 'level': 'ALL', 'message': '12-11 08:29:01.417 31652 32485 W InputReader: Device virtio_input_multi_touch_3 is associated with display ADISPLAY_ID_NONE.'}
{'timestamp': 1702276322385, 'level': 'ALL', 'message': '12-11 08:29:01.417 31652 32485 W InputReader: Device virtio_input_multi_touch_8 is associated with display ADISPLAY_ID_NONE.'}
{'timestamp': 1702276322385, 'level': 'ALL', 'message': '12-11 08:29:01.448   320   320 D goldfish-address-space: claimShared: Ask to claim region [0x3f0000000 0x3f09e4000]'}
{'timestamp': 1702276322385, 'level': 'ALL', 'message': '12-11 08:29:01.465 32473 32489 W System  : A resource failed to call release.'}
{'timestamp': 1702276322386, 'level': 'ALL', 'message': '12-11 08:29:01.465 32473 32489 I chatty  : uid=10138(com.google.android.apps.nexuslauncher) FinalizerDaemon identical 1 line'}
{'timestamp': 1702276322386, 'level': 'ALL', 'message': '12-11 08:29:01.465 32473 32489 W System  : A resource failed to call release.'}
{'timestamp': 1702276322386, 'level': 'ALL', 'message': '12-11 08:29:01.522   396   396 D BoundBrokerSvc: onBind: Intent { act=com.google.android.gms.measurement.START pkg=com.google.android.gms }'}
{'timestamp': 1702276322386, 'level': 'ALL', 'message': '12-11 08:29:01.522   396   396 D BoundBrokerSvc: Loading bound service for intent: Intent { act=com.google.android.gms.measurement.START pkg=com.google.android.gms }'}
{'timestamp': 1702276322386, 'level': 'ALL', 'message': '12-11 08:29:01.579   653  1036 I appm    : dispose()'}
{'timestamp': 1702276322386, 'level': 'ALL', 'message': '12-11 08:29:01.581   653  1036 W avsu    : (REDACTED) Queue length for executor %s is now %d. Perhaps some tasks are too long, or the pool is too small.'}
{'timestamp': 1702276322386, 'level': 'ALL', 'message': '12-11 08:29:01.607 31652 31652 D NotificationService: 0|com.ajaxsystems|1|null|10158: granting content://settings/system/notification_sound'}
{'timestamp': 1702276322386, 'level': 'ALL', 'message': '12-11 08:29:01.608 31652 31652 I chatty  : uid=1000(system) Binder:31652_3 identical 3 lines'}
{'timestamp': 1702276322386, 'level': 'ALL', 'message': '12-11 08:29:01.608 31652 31652 D NotificationService: 0|com.ajaxsystems|1|null|10158: granting content://settings/system/notification_sound'}
{'timestamp': 1702276322386, 'level': 'ALL', 'message': '12-11 08:29:01.611 31652 31652 W NotificationHistory: Attempted to add notif for locked/gone/disabled user 0'}
{'timestamp': 1702276322386, 'level': 'ALL', 'message': '12-11 08:29:01.623   320   320 D goldfish-address-space: claimShared: Ask to claim region [0x3f4000000 0x3f49e4000]'}
{'timestamp': 1702276322386, 'level': 'ALL', 'message': '12-11 08:29:01.649   517  1067 I azpt    : (REDACTED) getHotwordActive::active query: %s, watch: %s, devices connected: %s'}
{'timestamp': 1702276322386, 'level': 'ALL', 'message': '12-11 08:29:01.652   685   685 D NLService: Successfully stored the newly arrived notification identified by 1'}
{'timestamp': 1702276322386, 'level': 'ALL', 'message': '12-11 08:29:01.726 11357 11357 D RenderScript HIDL Adaptation: IRenderScriptDevice::getService()'}
{'timestamp': 1702276322386, 'level': 'ALL', 'message': '12-11 08:29:01.729   179   179 I hwservicemanager: getTransport: Cannot find entry android.hardware.renderscript@1.0::IDevice/default in either framework or device manifest.'}
{'timestamp': 1702276322386, 'level': 'ALL', 'message': '12-11 08:29:01.730 11357 11357 D RenderScript HIDL Adaptation: IRenderScriptDevice::getService() returned 0x0'}
{'timestamp': 1702276322386, 'level': 'ALL', 'message': '12-11 08:29:01.730 11357 11357 D RenderScript HIDL Adaptation: Using Fallback Path.'}
{'timestamp': 1702276322386, 'level': 'ALL', 'message': '12-11 08:29:01.765 11357 11357 D com.ajaxsystem: Successfully queried cache dir: /data/user_de/0/com.ajaxsystems/code_cache'}
{'timestamp': 1702276322386, 'level': 'ALL', 'message': '12-11 08:29:01.765 11357 11357 D RenderScript: Setting cache dir: /data/user_de/0/com.ajaxsystems/code_cache'}
{'timestamp': 1702276322386, 'level': 'ALL', 'message': '12-11 08:29:01.779 11357 11357 W Resources: Drawable com.ajaxsystems:drawable/line_divider has unresolved theme attributes! Consider using Resources.getDrawable(int, Theme) or Context.getDrawable(int).'}
{'timestamp': 1702276322386, 'level': 'ALL', 'message': '12-11 08:29:01.779 11357 11357 W Resources: java.lang.RuntimeException'}
{'timestamp': 1702276322386, 'level': 'ALL', 'message': '12-11 08:29:01.779 11357 11357 W Resources: \tat android.content.res.Resources.getDrawable(Resources.java:899)'}
{'timestamp': 1702276322386, 'level': 'ALL', 'message': '12-11 08:29:01.779 11357 11357 W Resources: \tat af0.<init>(Unknown Source:17)'}
{'timestamp': 1702276322386, 'level': 'ALL', 'message': '12-11 08:29:01.779 11357 11357 W Resources: \tat com.ajaxsystems.ui.view.widget.AjaxHubs.c(Unknown Source:46)'}
{'timestamp': 1702276322386, 'level': 'ALL', 'message': '12-11 08:29:01.779 11357 11357 W Resources: \tat com.ajaxsystems.ui.view.widget.AjaxHubs.<init>(Unknown Source:10)'}
{'timestamp': 1702276322386, 'level': 'ALL', 'message': '12-11 08:29:01.779 11357 11357 W Resources: \tat java.lang.reflect.Constructor.newInstance0(Native Method)'}
{'timestamp': 1702276322386, 'level': 'ALL', 'message': '12-11 08:29:01.779 11357 11357 W Resources: \tat java.lang.reflect.Constructor.newInstance(Constructor.java:343)'}
{'timestamp': 1702276322386, 'level': 'ALL', 'message': '12-11 08:29:01.779 11357 11357 W Resources: \tat android.view.LayoutInflater.createView(LayoutInflater.java:852)'}
{'timestamp': 1702276322386, 'level': 'ALL', 'message': '12-11 08:29:01.779 11357 11357 W Resources: \tat android.view.LayoutInflater.createViewFromTag(LayoutInflater.java:1004)'}
{'timestamp': 1702276322386, 'level': 'ALL', 'message': '12-11 08:29:01.779 11357 11357 W Resources: \tat android.view.LayoutInflater.createViewFromTag(LayoutInflater.java:959)'}
{'timestamp': 1702276322386, 'level': 'ALL', 'message': '12-11 08:29:01.779 11357 11357 W Resources: \tat android.view.LayoutInflater.rInflate(LayoutInflater.java:1121)'}
{'timestamp': 1702276322386, 'level': 'ALL', 'message': '12-11 08:29:01.779 11357 11357 W Resources: \tat android.view.LayoutInflater.rInflateChildren(LayoutInflater.java:1082)'}
{'timestamp': 1702276322386, 'level': 'ALL', 'message': '12-11 08:29:01.779 11357 11357 W Resources: \tat android.view.LayoutInflater.rInflate(LayoutInflater.java:1124)'}
{'timestamp': 1702276322386, 'level': 'ALL', 'message': '12-11 08:29:01.779 11357 11357 W Resources: \tat android.view.LayoutInflater.rInflateChildren(LayoutInflater.java:1082)'}
{'timestamp': 1702276322386, 'level': 'ALL', 'message': '12-11 08:29:01.779 11357 11357 W Resources: \tat android.view.LayoutInflater.rInflate(LayoutInflater.java:1124)'}
{'timestamp': 1702276322386, 'level': 'ALL', 'message': '12-11 08:29:01.779 11357 11357 W Resources: \tat android.view.LayoutInflater.rInflateChildren(LayoutInflater.java:1082)'}
{'timestamp': 1702276322386, 'level': 'ALL', 'message': '12-11 08:29:01.779 11357 11357 W Resources: \tat android.view.LayoutInflater.parseInclude(LayoutInflater.java:1261)'}
{'timestamp': 1702276322386, 'level': 'ALL', 'message': '12-11 08:29:01.779 11357 11357 W Resources: \tat android.view.LayoutInflater.rInflate(LayoutInflater.java:1117)'}
{'timestamp': 1702276322386, 'level': 'ALL', 'message': '12-11 08:29:01.779 11357 11357 W Resources: \tat android.view.LayoutInflater.rInflateChildren(LayoutInflater.java:1082)'}
{'timestamp': 1702276322386, 'level': 'ALL', 'message': '12-11 08:29:01.779 11357 11357 W Resources: \tat android.view.LayoutInflater.parseInclude(LayoutInflater.java:1261)'}
{'timestamp': 1702276322386, 'level': 'ALL', 'message': '12-11 08:29:01.779 11357 11357 W Resources: \tat android.view.LayoutInflater.rInflate(LayoutInflater.java:1117)'}
{'timestamp': 1702276322386, 'level': 'ALL', 'message': '12-11 08:29:01.779 11357 11357 W Resources: \tat android.view.LayoutInflater.rInflateChildren(LayoutInflater.java:1082)'}
{'timestamp': 1702276322386, 'level': 'ALL', 'message': '12-11 08:29:01.779 11357 11357 W Resources: \tat android.view.LayoutInflater.inflate(LayoutInflater.java:680)'}
{'timestamp': 1702276322386, 'level': 'ALL', 'message': '12-11 08:29:01.779 11357 11357 W Resources: \tat android.view.LayoutInflater.inflate(LayoutInflater.java:532)'}
{'timestamp': 1702276322386, 'level': 'ALL', 'message': '12-11 08:29:01.779 11357 11357 W Resources: \tat android.view.LayoutInflater.inflate(LayoutInflater.java:479)'}
{'timestamp': 1702276322386, 'level': 'ALL', 'message': '12-11 08:29:01.779 11357 11357 W Resources: \tat androidx.appcompat.app.AppCompatDelegateImpl.setContentView(Unknown Source:23)'}
{'timestamp': 1702276322386, 'level': 'ALL', 'message': '12-11 08:29:01.779 11357 11357 W Resources: \tat androidx.appcompat.app.AppCompatActivity.setContentView(Unknown Source:7)'}
{'timestamp': 1702276322386, 'level': 'ALL', 'message': '12-11 08:29:01.779 11357 11357 W Resources: \tat com.ajaxsystems.ui.activity.BaseDashboardActivity.onCreate(Unknown Source:49)'}
{'timestamp': 1702276322386, 'level': 'ALL', 'message': '12-11 08:29:01.779 11357 11357 W Resources: \tat com.ajaxsystems.ui.activity.DashboardActivity.onCreate(Unknown Source:0)'}
{'timestamp': 1702276322386, 'level': 'ALL', 'message': '12-11 08:29:01.779 11357 11357 W Resources: \tat android.app.Activity.performCreate(Activity.java:8000)'}
{'timestamp': 1702276322386, 'level': 'ALL', 'message': '12-11 08:29:01.779 11357 11357 W Resources: \tat android.app.Activity.performCreate(Activity.java:7984)'}
{'timestamp': 1702276322386, 'level': 'ALL', 'message': '12-11 08:29:01.779 11357 11357 W Resources: \tat android.app.Instrumentation.callActivityOnCreate(Instrumentation.java:1309)'}
{'timestamp': 1702276322386, 'level': 'ALL', 'message': '12-11 08:29:01.779 11357 11357 W Resources: \tat android.app.ActivityThread.performLaunchActivity(ActivityThread.java:3422)'}
{'timestamp': 1702276322386, 'level': 'ALL', 'message': '12-11 08:29:01.779 11357 11357 W Resources: \tat android.app.ActivityThread.handleLaunchActivity(ActivityThread.java:3601)'}
{'timestamp': 1702276322386, 'level': 'ALL', 'message': '12-11 08:29:01.779 11357 11357 W Resources: \tat android.app.servertransaction.LaunchActivityItem.execute(LaunchActivityItem.java:85)'}
{'timestamp': 1702276322386, 'level': 'ALL', 'message': '12-11 08:29:01.779 11357 11357 W Resources: \tat android.app.servertransaction.TransactionExecutor.executeCallbacks(TransactionExecutor.java:135)'}
{'timestamp': 1702276322386, 'level': 'ALL', 'message': '12-11 08:29:01.779 11357 11357 W Resources: \tat android.app.servertransaction.TransactionExecutor.execute(TransactionExecutor.java:95)'}
{'timestamp': 1702276322386, 'level': 'ALL', 'message': '12-11 08:29:01.779 11357 11357 W Resources: \tat android.app.ActivityThread$H.handleMessage(ActivityThread.java:2066)'}
{'timestamp': 1702276322386, 'level': 'ALL', 'message': '12-11 08:29:01.779 11357 11357 W Resources: \tat android.os.Handler.dispatchMessage(Handler.java:106)'}
{'timestamp': 1702276322386, 'level': 'ALL', 'message': '12-11 08:29:01.779 11357 11357 W Resources: \tat android.os.Looper.loop(Looper.java:223)'}
{'timestamp': 1702276322386, 'level': 'ALL', 'message': '12-11 08:29:01.779 11357 11357 W Resources: \tat android.app.ActivityThread.main(ActivityThread.java:7656)'}
{'timestamp': 1702276322386, 'level': 'ALL', 'message': '12-11 08:29:01.779 11357 11357 W Resources: \tat java.lang.reflect.Method.invoke(Native Method)'}
{'timestamp': 1702276322386, 'level': 'ALL', 'message': '12-11 08:29:01.779 11357 11357 W Resources: \tat com.android.internal.os.RuntimeInit$MethodAndArgsCaller.run(RuntimeInit.java:592)'}
{'timestamp': 1702276322386, 'level': 'ALL', 'message': '12-11 08:29:01.779 11357 11357 W Resources: \tat com.android.internal.os.ZygoteInit.main(ZygoteInit.java:947)'}
{'timestamp': 1702276322386, 'level': 'ALL', 'message': '12-11 08:29:01.934 31652 32346 D ConnectivityService: requestNetwork for uid/pid:10158/11357 NetworkRequest [ TRACK_DEFAULT id=106, [ Capabilities: INTERNET&NOT_RESTRICTED&TRUSTED Uid: 10158 AdministratorUids: [] RequestorUid: 10158 RequestorPackageName: com.ajaxsystems] ]'}
{'timestamp': 1702276322386, 'level': 'ALL', 'message': '12-11 08:29:01.934 31652 31995 D ConnectivityService: NetReassign [106 : null → 100]'}
{'timestamp': 1702276322386, 'level': 'ALL', 'message': '12-11 08:29:01.935 32351 32351 D PhoneSwitcherNetworkRequstListener: got request NetworkRequest [ TRACK_DEFAULT id=106, [ Capabilities: INTERNET&NOT_RESTRICTED&TRUSTED Uid: 10158 AdministratorUids: [] RequestorUid: 10158 RequestorPackageName: com.ajaxsystems] ] with score 50 and providerId 2'}
{'timestamp': 1702276322386, 'level': 'ALL', 'message': '12-11 08:29:01.990 32351 32351 D Telephony: isEmergencyPreferredAccount: subId=1, activeData=1'}
{'timestamp': 1702276322386, 'level': 'ALL', 'message': '12-11 08:29:01.993 32351 32351 D Telephony: isEmergencyPreferredAccount: Device does not require preference.'}
{'timestamp': 1702276322386, 'level': 'ALL', 'message': '12-11 08:29:02.176 11357 11357 E AjaxActionBar$a: Cannot update UI, active hub not found'}
{'timestamp': 1702276322386, 'level': 'ALL', 'message': '12-11 08:29:02.182 11357 11357 E AjaxActionBar$a: Cannot update UI, active hub not found'}
{'timestamp': 1702276322386, 'level': 'ALL', 'message': '12-11 08:29:02.183 11357 11357 I Choreographer: Skipped 42 frames!  The application may be doing too much work on its main thread.'}
{'timestamp': 1702276322386, 'level': 'ALL', 'message': '12-11 08:29:02.192 11357 11455 I OpenGLRenderer: Davey! duration=720ms; Flags=0, IntendedVsync=28008745168271, Vsync=28009445168243, OldestInputEvent=9223372036854775807, NewestInputEvent=0, HandleInputStart=28009459609760, AnimationStart=28009459648760, PerformTraversalsStart=28009459923060, DrawStart=28009460030060, SyncQueued=28009460330960, SyncStart=28009462701160, IssueDrawCommandsStart=28009463176660, SwapBuffers=28009465699360, FrameCompleted=28009468129860, DequeueBufferDuration=864200, QueueBufferDuration=518300, GpuCompleted=28006510336460,'}
{'timestamp': 1702276322386, 'level': 'ALL', 'message': '12-11 08:29:02.257   320   320 D goldfish-address-space: claimShared: Ask to claim region [0x3f49e4000 0x3f53c8000]'}
{'timestamp': 1702276322386, 'level': 'ALL', 'message': '12-11 08:29:02.267   320   320 D goldfish-address-space: claimShared: Ask to claim region [0x3f53c8000 0x3f5dac000]'}
{'timestamp': 1702276322386, 'level': 'ALL', 'message': '12-11 08:29:02.271   320   320 D goldfish-address-space: claimShared: Ask to claim region [0x3f5dac000 0x3f6790000]'}
{'timestamp': 1702276322386, 'level': 'ALL', 'message': '12-11 08:29:02.371 11357 11455 I OpenGLRenderer: Davey! duration=897ms; Flags=1, IntendedVsync=28008745168271, Vsync=28009445168243, OldestInputEvent=9223372036854775807, NewestInputEvent=0, HandleInputStart=28009459609760, AnimationStart=28009459648760, PerformTraversalsStart=28009459923060, DrawStart=28009615771660, SyncQueued=28009624709060, SyncStart=28009628542860, IssueDrawCommandsStart=28009629028960, SwapBuffers=28009642355860, FrameCompleted=28009646958060, DequeueBufferDuration=436600, QueueBufferDuration=1056200, GpuCompleted=-2581866603613571438,'}
{'timestamp': 1702276322386, 'level': 'ALL', 'message': '12-11 08:29:02.383 31652 31742 I ActivityTaskManager: Displayed com.ajaxsystems/.ui.activity.DashboardActivity: +1s150ms'}
{'timestamp': 1702276322386, 'level': 'ALL', 'message': '12-11 08:29:02.406 11357 11357 E LOCK_APP: Cannot find lock for account 663548140'}
{'timestamp': 1702276322386, 'level': 'ALL', 'message': '12-11 08:29:02.511 32604 32647 I FusedLocation: stationary throttling disengaged [CONTEXT service_id=6 ]'}
{'timestamp': 1702276322386, 'level': 'ALL', 'message': '12-11 08:29:02.664 32604  1334 W Settings: Setting airplane_mode_on has moved from android.provider.Settings.System to android.provider.Settings.Global, returning read-only value.'}
{'timestamp': 1702276322386, 'level': 'ALL', 'message': '12-11 08:29:02.676 11357 11419 I WM-WorkerWrapper: Worker result SUCCESS for Work [ id=5876c2e3-17cf-441f-bb2e-010149bc6ab5, tags={ com.ajaxsystems.notifications.PushTokenRegistrationJob } ]'}
{'timestamp': 1702276322386, 'level': 'ALL', 'message': '12-11 08:29:02.694 31652 32485 W AlarmManager: Alarms must either supply a PendingIntent or an AlarmReceiver'}
{'timestamp': 1702276322386, 'level': 'ALL', 'message': '12-11 08:29:02.695 31652 31995 D ConnectivityService: releasing NetworkRequest [ TRACK_DEFAULT id=106, [ Capabilities: INTERNET&NOT_RESTRICTED&TRUSTED Uid: 10158 AdministratorUids: [] RequestorUid: 10158 RequestorPackageName: com.ajaxsystems] ] (release request)'}
{'timestamp': 1702276322386, 'level': 'ALL', 'message': '12-11 08:29:02.709 32351 32351 D Telephony: isEmergencyPreferredAccount: subId=1, activeData=1'}
{'timestamp': 1702276322386, 'level': 'ALL', 'message': '12-11 08:29:02.709 32351 32351 D Telephony: isEmergencyPreferredAccount: Device does not require preference.'}
{'timestamp': 1702276322386, 'level': 'ALL', 'message': '12-11 08:29:02.748 11357 11369 I com.ajaxsystem: Background concurrent copying GC freed 419699(14MB) AllocSpace objects, 92(4100KB) LOS objects, 49% free, 13MB/26MB, paused 1.063ms total 436.856ms'}
{'timestamp': 1702276322386, 'level': 'ALL', 'message': '12-11 08:29:02.836 32604  1059 I FusedLocation: (REDACTED) location delivery to %s blocked - too close'}
{'timestamp': 1702276322386, 'level': 'ALL', 'message': '12-11 08:29:02.836 31652   991 W AlarmManager: Alarms must either supply a PendingIntent or an AlarmReceiver'}
{'timestamp': 1702276322386, 'level': 'ALL', 'message': '12-11 08:29:02.839 32604  1059 I FusedLocation: (REDACTED) location delivery to %s blocked - too inaccurate'}
{'timestamp': 1702276322386, 'level': 'ALL', 'message': '12-11 08:29:02.840 32604  1059 I FusedLocation: (REDACTED) location delivery to %s blocked - too close'}
{'timestamp': 1702276322386, 'level': 'ALL', 'message': '12-11 08:29:02.885 31652   991 E AppOps  : noteOperation'}
{'timestamp': 1702276322386, 'level': 'ALL', 'message': '12-11 08:29:02.885 31652   991 E AppOps  : java.lang.SecurityException: Specified package com.google.android.gms.location.history under uid 10108 but it is really -1'}
{'timestamp': 1702276322386, 'level': 'ALL', 'message': '12-11 08:29:02.885 31652   991 E AppOps  : \tat com.android.server.appop.AppOpsService.verifyAndGetBypass(AppOpsService.java:3874)'}
{'timestamp': 1702276322386, 'level': 'ALL', 'message': '12-11 08:29:02.885 31652   991 E AppOps  : \tat com.android.server.appop.AppOpsService.noteOperationUnchecked(AppOpsService.java:3030)'}
{'timestamp': 1702276322386, 'level': 'ALL', 'message': '12-11 08:29:02.885 31652   991 E AppOps  : \tat com.android.server.appop.AppOpsService.noteOperationImpl(AppOpsService.java:3018)'}
{'timestamp': 1702276322386, 'level': 'ALL', 'message': '12-11 08:29:02.885 31652   991 E AppOps  : \tat com.android.server.appop.AppOpsService.noteOperation(AppOpsService.java:3001)'}
{'timestamp': 1702276322386, 'level': 'ALL', 'message': '12-11 08:29:02.885 31652   991 E AppOps  : \tat com.android.internal.app.IAppOpsService$Stub.onTransact(IAppOpsService.java:447)'}
{'timestamp': 1702276322386, 'level': 'ALL', 'message': '12-11 08:29:02.885 31652   991 E AppOps  : \tat android.os.Binder.execTransactInternal(Binder.java:1154)'}
{'timestamp': 1702276322386, 'level': 'ALL', 'message': '12-11 08:29:02.885 31652   991 E AppOps  : \tat android.os.Binder.execTransact(Binder.java:1123)'}
{'timestamp': 1702276322386, 'level': 'ALL', 'message': '12-11 08:29:02.896 32604 10471 I GCoreUlr: Successfully inserted 1 locations'}
{'timestamp': 1702276322386, 'level': 'ALL', 'message': '12-11 08:29:03.023 32604 11552 I SemanticLocation: (REDACTED) [Inferrer] %s%s'}
{'timestamp': 1702276322386, 'level': 'ALL', 'message': '12-11 08:29:03.068   396   396 D BoundBrokerSvc: onRebind: Intent { act=com.google.android.gms.semanticlocationhistory.zeroparty.service.START dat=chimera-action: cmp=com.google.android.gms/.chimera.GmsApiService }'}
{'timestamp': 1702276322386, 'level': 'ALL', 'message': '12-11 08:29:03.441 31652 32485 W AppOps  : Noting op not finished: uid 10108 pkg com.google.android.gms code 79 startTime of in progress event=1702251083572'}
{'timestamp': 1702276322386, 'level': 'ALL', 'message': '12-11 08:29:03.451 31652   991 W AppOps  : Noting op not finished: uid 10108 pkg com.google.android.gms code 79 startTime of in progress event=1702251191900'}
{'timestamp': 1702276322386, 'level': 'ALL', 'message': '12-11 08:29:03.462 31652 32485 W AppOps  : Noting op not finished: uid 10108 pkg com.google.android.gms code 79 startTime of in progress event=1702251084174'}
{'timestamp': 1702276322386, 'level': 'ALL', 'message': '12-11 08:29:03.476 31652 32570 W AppOps  : Noting op not finished: uid 10108 pkg com.google.android.gms code 79 startTime of in progress event=1702251072261'}
{'timestamp': 1702276322386, 'level': 'ALL', 'message': '12-11 08:29:06.112 32604  1059 I FusedLocation: (REDACTED) location delivery to %s blocked - too close'}
{'timestamp': 1702276322386, 'level': 'ALL', 'message': '12-11 08:29:06.112 32604  1059 I FusedLocation: (REDACTED) location delivery to %s blocked - too fast'}
{'timestamp': 1702276322386, 'level': 'ALL', 'message': '12-11 08:29:06.116 32604  1059 I FusedLocation: (REDACTED) location delivery to %s blocked - too close'}
{'timestamp': 1702276322386, 'level': 'ALL', 'message': '12-11 08:29:06.116 32604  1059 I FusedLocation: (REDACTED) location delivery to %s blocked - too fast'}
{'timestamp': 1702276322386, 'level': 'ALL', 'message': '12-11 08:29:06.133 32604 32647 I FusedLocation: stationary throttling engaged [CONTEXT service_id=6 ]'}
{'timestamp': 1702276322386, 'level': 'ALL', 'message': '12-11 08:29:06.247   410   410 I perfetto: probes_producer.cc:329  Producer stop (id=500)'}
{'timestamp': 1702276322386, 'level': 'ALL', 'message': '12-11 08:29:06.251   421   421 I perfetto: ng_service_impl.cc:1948 Tracing session 500 ended, total sessions:0'}
{'timestamp': 1702276322386, 'level': 'ALL', 'message': '12-11 08:29:06.251   410   410 I perfetto: ftrace_procfs.cc:183    disabled ftrace'}
{'timestamp': 1702276322386, 'level': 'ALL', 'message': '12-11 08:29:07.571 32722 32763 I PeriodicStatsRunner: PeriodicStatsRunner.call():180 call()'}
{'timestamp': 1702276322386, 'level': 'ALL', 'message': '12-11 08:29:07.571 32722 32763 I PeriodicStatsRunner: PeriodicStatsRunner.call():184 No submit PeriodicStats since input started.'}
{'timestamp': 1702276322386, 'level': 'ALL', 'message': '12-11 08:29:08.190 31652 31662 W JavaBinder: BinderProxy is being destroyed but the application did not call unlinkToDeath to unlink all of its death recipients beforehand.  Releasing leaked death recipient: com.android.server.AlarmManagerService$2'}
{'timestamp': 1702276322386, 'level': 'ALL', 'message': '12-11 08:29:08.190 31652 31662 I BpBinder: onLastStrongRef automatically unlinking death recipients: <uncached descriptor>'}
{'timestamp': 1702276322386, 'level': 'ALL', 'message': '12-11 08:29:08.227 31652 31663 W System  : A resource failed to call release.'}
{'timestamp': 1702276322386, 'level': 'ALL', 'message': '12-11 08:29:08.227 31652 31663 W System  : A resource failed to call dispose.'}
{'timestamp': 1702276322386, 'level': 'ALL', 'message': '12-11 08:29:08.232 31652 31663 W System  : A resource failed to call close.'}
{'timestamp': 1702276322386, 'level': 'ALL', 'message': '12-11 08:29:08.238 31652 31663 W System  : A resource failed to call release.'}
{'timestamp': 1702276322386, 'level': 'ALL', 'message': '12-11 08:29:08.238 31652 31663 W System  : A resource failed to call dispose.'}
{'timestamp': 1702276322386, 'level': 'ALL', 'message': '12-11 08:29:11.420   653   653 I blvr    : (REDACTED) disposing SearchServiceClient after timeout %s'}
{'timestamp': 1702276322386, 'level': 'ALL', 'message': '12-11 08:29:12.687 32604  1334 W Settings: Setting airplane_mode_on has moved from android.provider.Settings.System to android.provider.Settings.Global, returning read-only value.'}
{'timestamp': 1702276322386, 'level': 'ALL', 'message': '12-11 08:29:03.485 31652 32570 W AppOps  : Noting op not finished: uid 10108 pkg com.google.android.gms code 79 startTime of in progress event=1702251072261'}
{'timestamp': 1702276322386, 'level': 'ALL', 'message': '12-11 08:29:12.698 31652 32485 W AlarmManager: Alarms must either supply a PendingIntent or an AlarmReceiver'}
{'timestamp': 1702276322386, 'level': 'ALL', 'message': '12-11 08:29:12.743   396   396 D BoundBrokerSvc: onUnbind: Intent { act=com.google.android.gms.measurement.START pkg=com.google.android.gms }'}
{'timestamp': 1702276322386, 'level': 'ALL', 'message': '12-11 08:29:12.770 31652 32485 W AlarmManager: Window length 1383505805523986432ms suspiciously long; limiting to 1 hour'}
{'timestamp': 1702276322386, 'level': 'ALL', 'message': '12-11 08:29:18.095   396   396 D BoundBrokerSvc: onUnbind: Intent { act=com.google.android.gms.semanticlocationhistory.zeroparty.service.START dat=chimera-action: cmp=com.google.android.gms/.chimera.GmsApiService }'}
{'timestamp': 1702276322386, 'level': 'ALL', 'message': '12-11 08:29:20.028 11357 11418 E Volley  : [713] NetworkUtility.shouldRetryException: Unexpected response code 403 for https://in-app-message.prod.ajax.systems/v1/prod/main/en/plashka.json'}
{'timestamp': 1702276322386, 'level': 'ALL', 'message': '12-11 08:29:22.079 11357 11418 E Volley  : [713] NetworkUtility.shouldRetryException: Unexpected response code 403 for https://in-app-message.prod.ajax.systems/v1/prod/main/en/plashka.json'}
{'timestamp': 1702276322386, 'level': 'ALL', 'message': '12-11 08:29:22.080 11357 11357 E MaintenanceMessagesApi: Cannot get maintenance messages'}
{'timestamp': 1702276322386, 'level': 'ALL', 'message': '12-11 08:29:22.080 11357 11357 E MaintenanceMessagesApi: com.android.volley.AuthFailureError'}
{'timestamp': 1702276322386, 'level': 'ALL', 'message': '12-11 08:29:22.080 11357 11357 E MaintenanceMessagesApi: \tat com.android.volley.toolbox.NetworkUtility.shouldRetryException(Unknown Source:134)'}
{'timestamp': 1702276322386, 'level': 'ALL', 'message': '12-11 08:29:22.080 11357 11357 E MaintenanceMessagesApi: \tat com.android.volley.toolbox.BasicNetwork.performRequest(Unknown Source:119)'}
{'timestamp': 1702276322386, 'level': 'ALL', 'message': '12-11 08:29:22.080 11357 11357 E MaintenanceMessagesApi: \tat com.android.volley.NetworkDispatcher.processRequest(Unknown Source:39)'}
{'timestamp': 1702276322386, 'level': 'ALL', 'message': '12-11 08:29:22.080 11357 11357 E MaintenanceMessagesApi: \tat com.android.volley.NetworkDispatcher.processRequest(Unknown Source:8)'}
{'timestamp': 1702276322386, 'level': 'ALL', 'message': '12-11 08:29:22.080 11357 11357 E MaintenanceMessagesApi: \tat com.android.volley.NetworkDispatcher.run(Unknown Source:5)'}
{'timestamp': 1702276322386, 'level': 'ALL', 'message': '12-11 08:29:30.829 11357 11376 W com.ajaxsystem: Checksum mismatch for dex base.apk!classes11.dex'}
{'timestamp': 1702276322386, 'level': 'ALL', 'message': '12-11 08:29:30.829 11357 11376 W com.ajaxsystem: Could not add methods to the existing profiler. Clearing the profile data.'}
{'timestamp': 1702276322386, 'level': 'ALL', 'message': '12-11 08:29:38.487 32604 32647 D BluetoothAdapter: isLeEnabled(): ON'}
{'timestamp': 1702276322386, 'level': 'ALL', 'message': '12-11 08:29:38.487 32604 32647 D BluetoothAdapter: isLeEnabled(): ON'}
{'timestamp': 1702276322386, 'level': 'ALL', 'message': '12-11 08:29:38.499 32106   467 D BluetoothAdapterService: getAdapterService() - returning com.android.bluetooth.btservice.AdapterService@17fa1b5'}
{'timestamp': 1702276322386, 'level': 'ALL', 'message': '12-11 08:29:41.257 11357 11472 W DELETE  : 0 hubs will be deleted'}
{'timestamp': 1702276322386, 'level': 'ALL', 'message': '12-11 08:29:41.503 32604 32647 E NearbyMediums: MEDIUM_ERROR [SYSTEM][BLE][START_ADVERTISING][START_LEGACY_ADVERTISING_FAILED][TIMEOUT], service-id=NearbySharing'}
{'timestamp': 1702276322386, 'level': 'ALL', 'message': '12-11 08:29:45.146 11308 11340 I appium  : READER_IDLE: closing the channel'}
{'timestamp': 1702276322386, 'level': 'ALL', 'message': '12-11 08:29:45.198 11308 11341 I appium  : READER_IDLE: closing the channel'}
{'timestamp': 1702276322386, 'level': 'ALL', 'message': '12-11 08:29:45.230 11308 11342 I appium  : READER_IDLE: closing the channel'}
{'timestamp': 1702276322386, 'level': 'ALL', 'message': '12-11 08:29:46.593   653 10470 I earchbox:searc: oneway function results will be dropped but finished with status UNKNOWN_TRANSACTION and parcel size 0'}
{'timestamp': 1702276322386, 'level': 'ALL', 'message': '12-11 08:29:48.635   517  9111 I hbox:interacto: oneway function results will be dropped but finished with status UNKNOWN_TRANSACTION and parcel size 0'}
{'timestamp': 1702276322386, 'level': 'ALL', 'message': "12-11 08:29:50.858   469   469 E netmgr  : qemu_pipe_open_ns:62: Could not connect to the 'pipe:qemud:network' service: Invalid argument"}
{'timestamp': 1702276322386, 'level': 'ALL', 'message': "12-11 08:29:50.858   469   469 E netmgr  : Failed to open QEMU pipe 'qemud:network': Invalid argument"}
{'timestamp': 1702276322386, 'level': 'ALL', 'message': '12-11 08:29:52.406 11357 11415 E Volley  : [710] NetworkUtility.shouldRetryException: Unexpected response code 403 for https://in-app-message.prod.ajax.systems/v1/prod/main/en/plashka.json'}
{'timestamp': 1702276322386, 'level': 'ALL', 'message': "12-11 08:29:52.649   477   477 E wifi_forwarder: qemu_pipe_open_ns:62: Could not connect to the 'pipe:qemud:wififorward' service: Invalid argument"}
{'timestamp': 1702276322386, 'level': 'ALL', 'message': '12-11 08:29:52.649   477   477 E wifi_forwarder: RemoteConnection failed to initialize: RemoteConnection failed to open pipe'}
{'timestamp': 1702276322386, 'level': 'ALL', 'message': '12-11 08:29:53.512 11357 11415 E Volley  : [710] NetworkUtility.shouldRetryException: Unexpected response code 403 for https://in-app-message.prod.ajax.systems/v1/prod/main/en/plashka.json'}
{'timestamp': 1702276322386, 'level': 'ALL', 'message': '12-11 08:29:53.513 11357 11357 E MaintenanceMessagesApi: Cannot get maintenance messages'}
{'timestamp': 1702276322386, 'level': 'ALL', 'message': '12-11 08:29:53.513 11357 11357 E MaintenanceMessagesApi: com.android.volley.AuthFailureError'}
{'timestamp': 1702276322386, 'level': 'ALL', 'message': '12-11 08:29:53.513 11357 11357 E MaintenanceMessagesApi: \tat com.android.volley.toolbox.NetworkUtility.shouldRetryException(Unknown Source:134)'}
{'timestamp': 1702276322386, 'level': 'ALL', 'message': '12-11 08:29:53.513 11357 11357 E MaintenanceMessagesApi: \tat com.android.volley.toolbox.BasicNetwork.performRequest(Unknown Source:119)'}
{'timestamp': 1702276322386, 'level': 'ALL', 'message': '12-11 08:29:53.513 11357 11357 E MaintenanceMessagesApi: \tat com.android.volley.NetworkDispatcher.processRequest(Unknown Source:39)'}
{'timestamp': 1702276322386, 'level': 'ALL', 'message': '12-11 08:29:53.513 11357 11357 E MaintenanceMessagesApi: \tat com.android.volley.NetworkDispatcher.processRequest(Unknown Source:8)'}
{'timestamp': 1702276322386, 'level': 'ALL', 'message': '12-11 08:29:53.513 11357 11357 E MaintenanceMessagesApi: \tat com.android.volley.NetworkDispatcher.run(Unknown Source:5)'}
{'timestamp': 1702276322386, 'level': 'ALL', 'message': '12-11 08:30:00.793 11308 11344 I appium  : READER_IDLE: closing the channel'}
{'timestamp': 1702276322386, 'level': 'ALL', 'message': '12-11 08:30:01.641   517  1066 I azpt    : (REDACTED) getHotwordActive::active query: %s, watch: %s, devices connected: %s'}
{'timestamp': 1702276322386, 'level': 'ALL', 'message': '12-11 08:30:02.199   396   396 D BoundBrokerSvc: onUnbind: Intent { act=com.google.android.gms.feedback.internal.IFeedbackService dat=chimera-action: cmp=com.google.android.gms/.chimera.GmsBoundBrokerService }'}
{'timestamp': 1702276322386, 'level': 'ALL', 'message': '12-11 08:30:08.243 31652 31662 W JavaBinder: BinderProxy is being destroyed but the application did not call unlinkToDeath to unlink all of its death recipients beforehand.  Releasing leaked death recipient: com.android.server.AlarmManagerService$2'}
{'timestamp': 1702276322386, 'level': 'ALL', 'message': '12-11 08:30:08.243 31652 31662 I BpBinder: onLastStrongRef automatically unlinking death recipients: <uncached descriptor>'}
{'timestamp': 1702276322386, 'level': 'ALL', 'message': '12-11 08:30:23.827 11357 11416 E Volley  : [711] NetworkUtility.shouldRetryException: Unexpected response code 403 for https://in-app-message.prod.ajax.systems/v1/prod/main/en/plashka.json'}
{'timestamp': 1702276322386, 'level': 'ALL', 'message': '12-11 08:30:24.059 11357 11416 E Volley  : [711] NetworkUtility.shouldRetryException: Unexpected response code 403 for https://in-app-message.prod.ajax.systems/v1/prod/main/en/plashka.json'}
{'timestamp': 1702276322386, 'level': 'ALL', 'message': '12-11 08:30:24.061 11357 11357 E MaintenanceMessagesApi: Cannot get maintenance messages'}
{'timestamp': 1702276322386, 'level': 'ALL', 'message': '12-11 08:30:24.061 11357 11357 E MaintenanceMessagesApi: com.android.volley.AuthFailureError'}
{'timestamp': 1702276322386, 'level': 'ALL', 'message': '12-11 08:30:24.061 11357 11357 E MaintenanceMessagesApi: \tat com.android.volley.toolbox.NetworkUtility.shouldRetryException(Unknown Source:134)'}
{'timestamp': 1702276322386, 'level': 'ALL', 'message': '12-11 08:30:24.061 11357 11357 E MaintenanceMessagesApi: \tat com.android.volley.toolbox.BasicNetwork.performRequest(Unknown Source:119)'}
{'timestamp': 1702276322386, 'level': 'ALL', 'message': '12-11 08:30:24.061 11357 11357 E MaintenanceMessagesApi: \tat com.android.volley.NetworkDispatcher.processRequest(Unknown Source:39)'}
{'timestamp': 1702276322386, 'level': 'ALL', 'message': '12-11 08:30:24.061 11357 11357 E MaintenanceMessagesApi: \tat com.android.volley.NetworkDispatcher.processRequest(Unknown Source:8)'}
{'timestamp': 1702276322386, 'level': 'ALL', 'message': '12-11 08:30:24.061 11357 11357 E MaintenanceMessagesApi: \tat com.android.volley.NetworkDispatcher.run(Unknown Source:5)'}
{'timestamp': 1702276322386, 'level': 'ALL', 'message': '12-11 08:30:24.873 11357 11452 W DELETE  : 0 hubs will be deleted'}
{'timestamp': 1702276322386, 'level': 'ALL', 'message': '12-11 08:30:45.836  9680  9770 I id.gms.unstabl: Explicit concurrent copying GC freed 2206(198KB) AllocSpace objects, 0(0B) LOS objects, 24% free, 2758KB/3677KB, paused 906us total 14.525ms'}
{'timestamp': 1702276322386, 'level': 'ALL', 'message': "12-11 08:30:50.878   469   469 E netmgr  : qemu_pipe_open_ns:62: Could not connect to the 'pipe:qemud:network' service: Invalid argument"}
{'timestamp': 1702276322386, 'level': 'ALL', 'message': "12-11 08:30:50.878   469   469 E netmgr  : Failed to open QEMU pipe 'qemud:network': Invalid argument"}
{'timestamp': 1702276322386, 'level': 'ALL', 'message': "12-11 08:30:52.704   477   477 E wifi_forwarder: qemu_pipe_open_ns:62: Could not connect to the 'pipe:qemud:wififorward' service: Invalid argument"}
{'timestamp': 1702276322386, 'level': 'ALL', 'message': '12-11 08:30:52.704   477   477 E wifi_forwarder: RemoteConnection failed to initialize: RemoteConnection failed to open pipe'}
{'timestamp': 1702276322386, 'level': 'ALL', 'message': '12-11 08:30:54.387 11357 11417 E Volley  : [712] NetworkUtility.shouldRetryException: Unexpected response code 403 for https://in-app-message.prod.ajax.systems/v1/prod/main/en/plashka.json'}
{'timestamp': 1702276322386, 'level': 'ALL', 'message': '12-11 08:30:54.603 11357 11417 E Volley  : [712] NetworkUtility.shouldRetryException: Unexpected response code 403 for https://in-app-message.prod.ajax.systems/v1/prod/main/en/plashka.json'}
{'timestamp': 1702276322386, 'level': 'ALL', 'message': '12-11 08:30:54.604 11357 11357 E MaintenanceMessagesApi: Cannot get maintenance messages'}
{'timestamp': 1702276322386, 'level': 'ALL', 'message': '12-11 08:30:54.604 11357 11357 E MaintenanceMessagesApi: com.android.volley.AuthFailureError'}
{'timestamp': 1702276322386, 'level': 'ALL', 'message': '12-11 08:30:54.604 11357 11357 E MaintenanceMessagesApi: \tat com.android.volley.toolbox.NetworkUtility.shouldRetryException(Unknown Source:134)'}
{'timestamp': 1702276322386, 'level': 'ALL', 'message': '12-11 08:30:54.604 11357 11357 E MaintenanceMessagesApi: \tat com.android.volley.toolbox.BasicNetwork.performRequest(Unknown Source:119)'}
{'timestamp': 1702276322386, 'level': 'ALL', 'message': '12-11 08:30:54.604 11357 11357 E MaintenanceMessagesApi: \tat com.android.volley.NetworkDispatcher.processRequest(Unknown Source:39)'}
{'timestamp': 1702276322386, 'level': 'ALL', 'message': '12-11 08:30:54.604 11357 11357 E MaintenanceMessagesApi: \tat com.android.volley.NetworkDispatcher.processRequest(Unknown Source:8)'}
{'timestamp': 1702276322386, 'level': 'ALL', 'message': '12-11 08:30:54.604 11357 11357 E MaintenanceMessagesApi: \tat com.android.volley.NetworkDispatcher.run(Unknown Source:5)'}
{'timestamp': 1702276322386, 'level': 'ALL', 'message': '12-11 08:31:01.641   517   938 I azpt    : (REDACTED) getHotwordActive::active query: %s, watch: %s, devices connected: %s'}
{'timestamp': 1702276322386, 'level': 'ALL', 'message': '12-11 08:31:06.934 32604  5319 D BluetoothAdapter: isLeEnabled(): ON'}
{'timestamp': 1702276322386, 'level': 'ALL', 'message': '12-11 08:31:06.934 32604  5319 D BluetoothAdapter: isLeEnabled(): ON'}
{'timestamp': 1702276322386, 'level': 'ALL', 'message': '12-11 08:31:06.946 32106   467 D BluetoothAdapterService: getAdapterService() - returning com.android.bluetooth.btservice.AdapterService@17fa1b5'}
{'timestamp': 1702276322386, 'level': 'ALL', 'message': '12-11 08:31:07.695 11357 11400 W DELETE  : 0 hubs will be deleted'}
{'timestamp': 1702276322386, 'level': 'ALL', 'message': '12-11 08:31:09.948 32604  5319 E NearbyMediums: MEDIUM_ERROR [SYSTEM][BLE][START_ADVERTISING][START_LEGACY_ADVERTISING_FAILED][TIMEOUT], service-id=NearbySharing'}
{'timestamp': 1702276322386, 'level': 'ALL', 'message': '12-11 08:31:20.487 31702 31727 D AudioFlinger: mixer(0xeed1c030) throttle end: throttle time(35)'}
{'timestamp': 1702276322386, 'level': 'ALL', 'message': '12-11 08:31:20.501 31652 32485 I system_server: oneway function results will be dropped but finished with status OK and parcel size 4'}
{'timestamp': 1702276322386, 'level': 'ALL', 'message': '12-11 08:31:20.509 31652 32485 I chatty  : uid=1000(system) Binder:31652_A identical 1 line'}
{'timestamp': 1702276322386, 'level': 'ALL', 'message': '12-11 08:31:20.554 31652 32485 I system_server: oneway function results will be dropped but finished with status OK and parcel size 4'}
{'timestamp': 1702276322386, 'level': 'ALL', 'message': '12-11 08:31:21.116 31703  3386 W android.hardware.audio.service.ranchu: TinyalsaSink::write:125 pcm_write was late reading frames, dropping 22131 us of audio'}
{'timestamp': 1702276322386, 'level': 'ALL', 'message': '12-11 08:31:22.035 31652 32485 I ActivityTaskManager: START u0 {flg=0x10000000 cmp=com.ajaxsystems/.account.presentation.root.AccountActivity} from uid 10158'}
{'timestamp': 1702276322386, 'level': 'ALL', 'message': '12-11 08:31:21.998 31703  3386 I chatty  : uid=1041(audioserver) audio.service.r identical 22 lines'}
{'timestamp': 1702276322386, 'level': 'ALL', 'message': '12-11 08:31:22.028 31703  3386 W android.hardware.audio.service.ranchu: TinyalsaSink::write:125 pcm_write was late reading frames, dropping 22131 us of audio'}
{'timestamp': 1702276322386, 'level': 'ALL', 'message': '12-11 08:31:22.035 31652 31712 D EventSequenceValidator: Transition from INTENT_FAILED to INTENT_STARTED'}
{'timestamp': 1702276322386, 'level': 'ALL', 'message': '12-11 08:31:22.042   421   421 I perfetto: ing_service_impl.cc:758 Configured tracing session 501, #sources:1, duration:5000 ms, #buffers:1, total buffer size:4096 KB, total sessions:1, uid:1071 session name: ""'}
{'timestamp': 1702276322386, 'level': 'ALL', 'message': '12-11 08:31:22.046   410   410 I perfetto: probes_producer.cc:230  Ftrace setup (target_buf=501)'}
{'timestamp': 1702276322386, 'level': 'ALL', 'message': '12-11 08:31:22.051 31652 31712 D EventSequenceValidator: Transition from INTENT_STARTED to INTENT_FAILED'}
{'timestamp': 1702276322386, 'level': 'ALL', 'message': '12-11 08:31:22.095 31703  3386 W android.hardware.audio.service.ranchu: TinyalsaSink::write:125 pcm_write was late reading frames, dropping 22131 us of audio'}
{'timestamp': 1702276322386, 'level': 'ALL', 'message': '12-11 08:31:22.111   410   410 I perfetto: ftrace_procfs.cc:176    enabled ftrace'}
{'timestamp': 1702276322386, 'level': 'ALL', 'message': '12-11 08:31:22.111 31652 32485 W ActivityTaskManager: Tried to set launchTime (0) < mLastActivityLaunchTime (28008694)'}
{'timestamp': 1702276322386, 'level': 'ALL', 'message': '12-11 08:31:22.112 31652 32485 W InputReader: Device virtio_input_multi_touch_10 is associated with display ADISPLAY_ID_NONE.'}
{'timestamp': 1702276322387, 'level': 'ALL', 'message': '12-11 08:31:22.113 31652 32485 W InputReader: Device virtio_input_multi_touch_4 is associated with display ADISPLAY_ID_NONE.'}
{'timestamp': 1702276322387, 'level': 'ALL', 'message': '12-11 08:31:22.113 31652 32485 W InputReader: Device virtio_input_multi_touch_11 is associated with display ADISPLAY_ID_NONE.'}
{'timestamp': 1702276322387, 'level': 'ALL', 'message': '12-11 08:31:22.113 31652 32485 W InputReader: Device virtio_input_multi_touch_5 is associated with display ADISPLAY_ID_NONE.'}
{'timestamp': 1702276322387, 'level': 'ALL', 'message': '12-11 08:31:22.113 31652 32485 W InputReader: Device virtio_input_multi_touch_2 is associated with display ADISPLAY_ID_NONE.'}
{'timestamp': 1702276322387, 'level': 'ALL', 'message': '12-11 08:31:22.113 31652 32485 W InputReader: Device virtio_input_multi_touch_9 is associated with display ADISPLAY_ID_NONE.'}
{'timestamp': 1702276322387, 'level': 'ALL', 'message': '12-11 08:31:22.113 31652 32485 W InputReader: Device virtio_input_multi_touch_6 is associated with display ADISPLAY_ID_NONE.'}
{'timestamp': 1702276322387, 'level': 'ALL', 'message': '12-11 08:31:22.113 31652 32485 W InputReader: Device virtio_input_multi_touch_7 is associated with display ADISPLAY_ID_NONE.'}
{'timestamp': 1702276322387, 'level': 'ALL', 'message': '12-11 08:31:22.114 31652 32485 W InputReader: Device virtio_input_multi_touch_3 is associated with display ADISPLAY_ID_NONE.'}
{'timestamp': 1702276322387, 'level': 'ALL', 'message': '12-11 08:31:22.114 31652 32485 W InputReader: Device virtio_input_multi_touch_8 is associated with display ADISPLAY_ID_NONE.'}
{'timestamp': 1702276322387, 'level': 'ALL', 'message': '12-11 08:31:22.114 31652 32485 W InputReader: Device virtio_input_multi_touch_10 is associated with display ADISPLAY_ID_NONE.'}
{'timestamp': 1702276322387, 'level': 'ALL', 'message': '12-11 08:31:22.114 31652 32485 W InputReader: Device virtio_input_multi_touch_4 is associated with display ADISPLAY_ID_NONE.'}
{'timestamp': 1702276322387, 'level': 'ALL', 'message': '12-11 08:31:22.114 31652 32485 W InputReader: Device virtio_input_multi_touch_11 is associated with display ADISPLAY_ID_NONE.'}
{'timestamp': 1702276322387, 'level': 'ALL', 'message': '12-11 08:31:22.114 31652 32485 W InputReader: Device virtio_input_multi_touch_5 is associated with display ADISPLAY_ID_NONE.'}
{'timestamp': 1702276322387, 'level': 'ALL', 'message': '12-11 08:31:22.114 31652 32485 W InputReader: Device virtio_input_multi_touch_2 is associated with display ADISPLAY_ID_NONE.'}
{'timestamp': 1702276322387, 'level': 'ALL', 'message': '12-11 08:31:22.114 31652 32485 W InputReader: Device virtio_input_multi_touch_9 is associated with display ADISPLAY_ID_NONE.'}
{'timestamp': 1702276322387, 'level': 'ALL', 'message': '12-11 08:31:22.114 31652 32485 W InputReader: Device virtio_input_multi_touch_6 is associated with display ADISPLAY_ID_NONE.'}
{'timestamp': 1702276322387, 'level': 'ALL', 'message': '12-11 08:31:22.114 31652 32485 W InputReader: Device virtio_input_multi_touch_7 is associated with display ADISPLAY_ID_NONE.'}
{'timestamp': 1702276322387, 'level': 'ALL', 'message': '12-11 08:31:22.114 31652 32485 W InputReader: Device virtio_input_multi_touch_3 is associated with display ADISPLAY_ID_NONE.'}
{'timestamp': 1702276322387, 'level': 'ALL', 'message': '12-11 08:31:22.115 31652 32485 W InputReader: Device virtio_input_multi_touch_8 is associated with display ADISPLAY_ID_NONE.'}
{'timestamp': 1702276322387, 'level': 'ALL', 'message': '12-11 08:31:22.128 31703  3386 W android.hardware.audio.service.ranchu: TinyalsaSink::write:125 pcm_write was late reading frames, dropping 22131 us of audio'}
{'timestamp': 1702276322387, 'level': 'ALL', 'message': '12-11 08:31:22.147 31703  3386 I chatty  : uid=1041(audioserver) audio.service.r identical 1 line'}
{'timestamp': 1702276322387, 'level': 'ALL', 'message': '12-11 08:31:22.165 31703  3386 W android.hardware.audio.service.ranchu: TinyalsaSink::write:125 pcm_write was late reading frames, dropping 22131 us of audio'}
{'timestamp': 1702276322387, 'level': 'ALL', 'message': '12-11 08:31:22.208   396   396 D BoundBrokerSvc: onBind: Intent { act=com.google.android.gms.measurement.START pkg=com.google.android.gms }'}
{'timestamp': 1702276322387, 'level': 'ALL', 'message': '12-11 08:31:22.208   396   396 D BoundBrokerSvc: Loading bound service for intent: Intent { act=com.google.android.gms.measurement.START pkg=com.google.android.gms }'}
{'timestamp': 1702276322387, 'level': 'ALL', 'message': '12-11 08:31:22.254 31703  3386 W android.hardware.audio.service.ranchu: TinyalsaSink::write:125 pcm_write was late reading frames, dropping 22131 us of audio'}
{'timestamp': 1702276322387, 'level': 'ALL', 'message': '12-11 08:31:22.302 31703  3386 I chatty  : uid=1041(audioserver) audio.service.r identical 2 lines'}
{'timestamp': 1702276322387, 'level': 'ALL', 'message': '12-11 08:31:22.333 31703  3386 W android.hardware.audio.service.ranchu: TinyalsaSink::write:125 pcm_write was late reading frames, dropping 22131 us of audio'}
{'timestamp': 1702276322387, 'level': 'ALL', 'message': '12-11 08:31:22.334 11357 11357 E LOCK_APP: Cannot find lock for account 663548140'}
{'timestamp': 1702276322387, 'level': 'ALL', 'message': '12-11 08:31:22.349 31703  3386 W android.hardware.audio.service.ranchu: TinyalsaSink::write:125 pcm_write was late reading frames, dropping 22131 us of audio'}
{'timestamp': 1702276322387, 'level': 'ALL', 'message': '12-11 08:31:22.390 31703  3386 W android.hardware.audio.service.ranchu: TinyalsaSink::write:125 pcm_write was late reading frames, dropping 22131 us of audio'}
{'timestamp': 1702276322387, 'level': 'ALL', 'message': '12-11 08:31:22.433   320   320 D goldfish-address-space: claimShared: Ask to claim region [0x3f0000000 0x3f09e4000]'}
{'timestamp': 1702276322387, 'level': 'ALL', 'message': '12-11 08:31:22.441 31703  3386 W android.hardware.audio.service.ranchu: TinyalsaSink::write:125 pcm_write was late reading frames, dropping 22131 us of audio'}
{'timestamp': 1702276322387, 'level': 'ALL', 'message': '12-11 08:31:22.444   320   320 D goldfish-address-space: claimShared: Ask to claim region [0x3f09e4000 0x3f13c8000]'}
{'timestamp': 1702276322387, 'level': 'ALL', 'message': '12-11 08:31:22.448   320   320 D goldfish-address-space: claimShared: Ask to claim region [0x3f13c8000 0x3f1dac000]'}
{'timestamp': 1702276322387, 'level': 'ALL', 'message': '12-11 08:31:22.509 31703  3386 W android.hardware.audio.service.ranchu: TinyalsaSink::write:125 pcm_write was late reading frames, dropping 22131 us of audio'}
{'timestamp': 1702276322387, 'level': 'ALL', 'message': '12-11 08:31:22.527 31703  3386 W android.hardware.audio.service.ranchu: TinyalsaSink::write:125 pcm_write was late reading frames, dropping 22131 us of audio'}
{'timestamp': 1702276322387, 'level': 'ALL', 'message': '12-11 08:31:22.545 31652 31742 I ActivityTaskManager: Displayed com.ajaxsystems/.account.presentation.root.AccountActivity: +500ms'}
{'timestamp': 1702276322387, 'level': 'ALL', 'message': '12-11 08:31:22.560 31703  3386 W android.hardware.audio.service.ranchu: TinyalsaSink::write:125 pcm_write was late reading frames, dropping 22131 us of audio'}
{'timestamp': 1702276322387, 'level': 'ALL', 'message': '12-11 08:31:22.612 11357 11357 W Glide   : Failed to find GeneratedAppGlideModule. You should include an annotationProcessor compile dependency on com.github.bumptech.glide:compiler in your application and a @GlideModule annotated AppGlideModule implementation or LibraryGlideModules will be silently ignored'}
{'timestamp': 1702276322387, 'level': 'ALL', 'message': '12-11 08:31:22.622 31703  3386 W android.hardware.audio.service.ranchu: TinyalsaSink::write:125 pcm_write was late reading frames, dropping 22131 us of audio'}
{'timestamp': 1702276322387, 'level': 'ALL', 'message': '12-11 08:31:22.653 31652 32485 D ConnectivityService: requestNetwork for uid/pid:10158/11357 NetworkRequest [ TRACK_DEFAULT id=107, [ Capabilities: INTERNET&NOT_RESTRICTED&TRUSTED Uid: 10158 AdministratorUids: [] RequestorUid: 10158 RequestorPackageName: com.ajaxsystems] ]'}
{'timestamp': 1702276322387, 'level': 'ALL', 'message': '12-11 08:31:22.655 31652 31995 D ConnectivityService: NetReassign [107 : null → 100]'}
{'timestamp': 1702276322387, 'level': 'ALL', 'message': '12-11 08:31:22.657 32351 32351 D PhoneSwitcherNetworkRequstListener: got request NetworkRequest [ TRACK_DEFAULT id=107, [ Capabilities: INTERNET&NOT_RESTRICTED&TRUSTED Uid: 10158 AdministratorUids: [] RequestorUid: 10158 RequestorPackageName: com.ajaxsystems] ] with score 50 and providerId 2'}
{'timestamp': 1702276322387, 'level': 'ALL', 'message': '12-11 08:31:22.684 32351 32351 D Telephony: isEmergencyPreferredAccount: subId=1, activeData=1'}
{'timestamp': 1702276322387, 'level': 'ALL', 'message': '12-11 08:31:22.684 32351 32351 D Telephony: isEmergencyPreferredAccount: Device does not require preference.'}
{'timestamp': 1702276322387, 'level': 'ALL', 'message': '12-11 08:31:22.698 31703  3386 W android.hardware.audio.service.ranchu: TinyalsaSink::write:125 pcm_write was late reading frames, dropping 22131 us of audio'}
{'timestamp': 1702276322387, 'level': 'ALL', 'message': '12-11 08:31:22.818 31703  3386 I chatty  : uid=1041(audioserver) audio.service.r identical 2 lines'}
{'timestamp': 1702276322387, 'level': 'ALL', 'message': '12-11 08:31:22.894 31703  3386 W android.hardware.audio.service.ranchu: TinyalsaSink::write:125 pcm_write was late reading frames, dropping 22131 us of audio'}
{'timestamp': 1702276322387, 'level': 'ALL', 'message': '12-11 08:31:22.901 32106 32117 I droid.bluetoot: Background young concurrent copying GC freed 40006(1532KB) AllocSpace objects, 0(0B) LOS objects, 38% free, 2579KB/4225KB, paused 6.115ms total 48.522ms'}
{'timestamp': 1702276322387, 'level': 'ALL', 'message': '12-11 08:31:22.923 11357 11357 W Glide   : Load failed for [] with dimensions [357x357]'}
{'timestamp': 1702276322387, 'level': 'ALL', 'message': '12-11 08:31:22.923 11357 11357 W Glide   : class com.bumptech.glide.load.engine.GlideException: Failed to load resource'}
{'timestamp': 1702276322387, 'level': 'ALL', 'message': '12-11 08:31:22.923 11357 11357 W Glide   :   Cause (1 of 1): class com.bumptech.glide.load.engine.GlideException: Failed LoadPath{StringUri->Bitmap->Bitmap}, LOCAL'}
{'timestamp': 1702276322387, 'level': 'ALL', 'message': '12-11 08:31:22.923 11357 11357 W Glide   :     Cause (1 of 1): class com.bumptech.glide.load.engine.GlideException: Failed DecodePath{StringUri->Bitmap->Bitmap}'}
{'timestamp': 1702276322387, 'level': 'ALL', 'message': '12-11 08:31:22.925 31703  3386 W android.hardware.audio.service.ranchu: TinyalsaSink::write:125 pcm_write was late reading frames, dropping 22131 us of audio'}
{'timestamp': 1702276322387, 'level': 'ALL', 'message': '12-11 08:31:22.944 31703  3386 I chatty  : uid=1041(audioserver) audio.service.r identical 1 line'}
{'timestamp': 1702276322387, 'level': 'ALL', 'message': '12-11 08:31:22.977 31703  3386 W android.hardware.audio.service.ranchu: TinyalsaSink::write:125 pcm_write was late reading frames, dropping 22131 us of audio'}
{'timestamp': 1702276322387, 'level': 'ALL', 'message': '12-11 08:31:22.980 32604 32604 D BoundBrokerSvc: onBind: Intent { act=com.google.android.gms.presencemanager.service.START dat=chimera-action: cmp=com.google.android.gms/.chimera.PersistentApiService }'}
{'timestamp': 1702276322387, 'level': 'ALL', 'message': '12-11 08:31:22.981 32604 32604 D BoundBrokerSvc: Loading bound service for intent: Intent { act=com.google.android.gms.presencemanager.service.START dat=chimera-action: cmp=com.google.android.gms/.chimera.PersistentApiService }'}
{'timestamp': 1702276322387, 'level': 'ALL', 'message': '12-11 08:31:22.991 32604 32604 D BoundBrokerSvc: onBind: Intent { act=com.google.android.gms.presencemanager.service.INTERNAL_IDENTITY dat=chimera-action: cmp=com.google.android.gms/.chimera.PersistentApiService }'}
{'timestamp': 1702276322387, 'level': 'ALL', 'message': '12-11 08:31:22.992 32604 32604 D BoundBrokerSvc: Loading bound service for intent: Intent { act=com.google.android.gms.presencemanager.service.INTERNAL_IDENTITY dat=chimera-action: cmp=com.google.android.gms/.chimera.PersistentApiService }'}
{'timestamp': 1702276322387, 'level': 'ALL', 'message': '12-11 08:31:23.060 31703  3386 W android.hardware.audio.service.ranchu: TinyalsaSink::write:125 pcm_write was late reading frames, dropping 22131 us of audio'}
{'timestamp': 1702276322387, 'level': 'ALL', 'message': '12-11 08:31:23.467 31703  3386 I chatty  : uid=1041(audioserver) audio.service.r identical 10 lines'}
{'timestamp': 1702276322387, 'level': 'ALL', 'message': '12-11 08:31:23.523 31703  3386 W android.hardware.audio.service.ranchu: TinyalsaSink::write:125 pcm_write was late reading frames, dropping 22131 us of audio'}
{'timestamp': 1702276322387, 'level': 'ALL', 'message': '12-11 08:31:23.539 31652 32346 I system_server: oneway function results will be dropped but finished with status OK and parcel size 4'}
{'timestamp': 1702276322387, 'level': 'ALL', 'message': '12-11 08:31:24.862 11357 11418 E Volley  : [713] NetworkUtility.shouldRetryException: Unexpected response code 403 for https://in-app-message.prod.ajax.systems/v1/prod/main/en/plashka.json'}
{'timestamp': 1702276322387, 'level': 'ALL', 'message': '12-11 08:31:25.137 11357 11357 D k2s     : Finding badger'}
{'timestamp': 1702276322387, 'level': 'ALL', 'message': '12-11 08:31:25.144 11357 11357 D k2s     : Current badger:oqa'}
{'timestamp': 1702276322387, 'level': 'ALL', 'message': '12-11 08:31:25.172 11357 11418 E Volley  : [713] NetworkUtility.shouldRetryException: Unexpected response code 403 for https://in-app-message.prod.ajax.systems/v1/prod/main/en/plashka.json'}
{'timestamp': 1702276322387, 'level': 'ALL', 'message': '12-11 08:31:25.175 31652  2862 D HostConnection: HostConnection::get() New Host Connection established 0xed8bbd50, tid 2862'}
{'timestamp': 1702276322387, 'level': 'ALL', 'message': '12-11 08:31:25.190 31652  2862 D HostConnection: HostComposition ext ANDROID_EMU_CHECKSUM_HELPER_v1 ANDROID_EMU_native_sync_v2 ANDROID_EMU_native_sync_v3 ANDROID_EMU_native_sync_v4 ANDROID_EMU_dma_v1 ANDROID_EMU_direct_mem ANDROID_EMU_vulkan ANDROID_EMU_deferred_vulkan_commands ANDROID_EMU_vulkan_null_optional_strings ANDROID_EMU_vulkan_create_resources_with_requirements ANDROID_EMU_YUV_Cache ANDROID_EMU_vulkan_ignored_handles ANDROID_EMU_has_shared_slots_host_memory_allocator ANDROID_EMU_vulkan_free_memory_sync ANDROID_EMU_vulkan_shader_float16_int8 ANDROID_EMU_vulkan_async_queue_submit ANDROID_EMU_sync_buffer_data ANDROID_EMU_vulkan_async_qsri ANDROID_EMU_read_color_buffer_dma GL_OES_vertex_array_object GL_KHR_texture_compression_astc_ldr ANDROID_EMU_host_side_tracing ANDROID_EMU_gles_max_version_2'}
{'timestamp': 1702276322388, 'level': 'ALL', 'message': '12-11 08:31:25.191 31652  2862 W OpenGLRenderer: Failed to choose config with EGL_SWAP_BEHAVIOR_PRESERVED, retrying without...'}
{'timestamp': 1702276322388, 'level': 'ALL', 'message': '12-11 08:31:25.217 31652  2862 D EGL_emulation: eglCreateContext: 0xb265f110: maj 2 min 0 rcv 2'}
{'timestamp': 1702276322388, 'level': 'ALL', 'message': '12-11 08:31:25.223 31652  2862 D EGL_emulation: eglMakeCurrent: 0xb265f110: ver 2 0 (tinfo 0xaf947b50) (first time)'}
{'timestamp': 1702276322388, 'level': 'ALL', 'message': '12-11 08:31:25.233   320   320 D goldfish-address-space: claimShared: Ask to claim region [0x3f1dac000 0x3f2400000]'}
{'timestamp': 1702276322388, 'level': 'ALL', 'message': '12-11 08:31:25.255 31652  2862 E FrameEvents: updateAcquireFence: Did not find frame.'}
{'timestamp': 1702276322388, 'level': 'ALL', 'message': '12-11 08:31:25.255   320   320 D goldfish-address-space: claimShared: Ask to claim region [0x3f77c8000 0x3f7e1c000]'}
{'timestamp': 1702276322388, 'level': 'ALL', 'message': '12-11 08:31:25.268 31652 32570 I ActivityTaskManager: START u0 {flg=0x10008000 cmp=com.ajaxsystems/.bootstrap.presentation.splash.SplashActivity} from uid 10158'}
{'timestamp': 1702276322388, 'level': 'ALL', 'message': '12-11 08:31:25.295 31652 31712 D EventSequenceValidator: Transition from INTENT_FAILED to INTENT_STARTED'}
{'timestamp': 1702276322388, 'level': 'ALL', 'message': '12-11 08:31:25.301 31652 31712 D EventSequenceValidator: Transition from INTENT_STARTED to INTENT_FAILED'}
{'timestamp': 1702276322388, 'level': 'ALL', 'message': '12-11 08:31:25.362 11357 11357 E MaintenanceMessagesApi: Cannot get maintenance messages'}
{'timestamp': 1702276322388, 'level': 'ALL', 'message': '12-11 08:31:25.362 11357 11357 E MaintenanceMessagesApi: com.android.volley.AuthFailureError'}
{'timestamp': 1702276322388, 'level': 'ALL', 'message': '12-11 08:31:25.362 11357 11357 E MaintenanceMessagesApi: \tat com.android.volley.toolbox.NetworkUtility.shouldRetryException(Unknown Source:134)'}
{'timestamp': 1702276322388, 'level': 'ALL', 'message': '12-11 08:31:25.362 11357 11357 E MaintenanceMessagesApi: \tat com.android.volley.toolbox.BasicNetwork.performRequest(Unknown Source:119)'}
{'timestamp': 1702276322388, 'level': 'ALL', 'message': '12-11 08:31:25.362 11357 11357 E MaintenanceMessagesApi: \tat com.android.volley.NetworkDispatcher.processRequest(Unknown Source:39)'}
{'timestamp': 1702276322388, 'level': 'ALL', 'message': '12-11 08:31:25.362 11357 11357 E MaintenanceMessagesApi: \tat com.android.volley.NetworkDispatcher.processRequest(Unknown Source:8)'}
{'timestamp': 1702276322388, 'level': 'ALL', 'message': '12-11 08:31:25.362 11357 11357 E MaintenanceMessagesApi: \tat com.android.volley.NetworkDispatcher.run(Unknown Source:5)'}
{'timestamp': 1702276322388, 'level': 'ALL', 'message': '12-11 08:31:25.367   320   320 D goldfish-address-space: claimShared: Ask to claim region [0x3f4000000 0x3f49e4000]'}
{'timestamp': 1702276322388, 'level': 'ALL', 'message': '12-11 08:31:25.383 31652   991 D ConnectivityService: requestNetwork for uid/pid:10158/11357 NetworkRequest [ TRACK_DEFAULT id=108, [ Capabilities: INTERNET&NOT_RESTRICTED&TRUSTED Uid: 10158 AdministratorUids: [] RequestorUid: 10158 RequestorPackageName: com.ajaxsystems] ]'}
{'timestamp': 1702276322388, 'level': 'ALL', 'message': '12-11 08:31:25.385 31652 31995 D ConnectivityService: NetReassign [108 : null → 100]'}
{'timestamp': 1702276322388, 'level': 'ALL', 'message': '12-11 08:31:25.386 32351 32351 D PhoneSwitcherNetworkRequstListener: got request NetworkRequest [ TRACK_DEFAULT id=108, [ Capabilities: INTERNET&NOT_RESTRICTED&TRUSTED Uid: 10158 AdministratorUids: [] RequestorUid: 10158 RequestorPackageName: com.ajaxsystems] ] with score 50 and providerId 2'}
{'timestamp': 1702276322388, 'level': 'ALL', 'message': '12-11 08:31:25.394   685   685 D NLService: Successfully marked the removed notification identified by 1'}
{'timestamp': 1702276322388, 'level': 'ALL', 'message': '12-11 08:31:25.394 31652 32346 W ActivityTaskManager: Tried to set launchTime (0) < mLastActivityLaunchTime (28149391)'}
{'timestamp': 1702276322388, 'level': 'ALL', 'message': '12-11 08:31:25.395 31652 32346 W InputReader: Device virtio_input_multi_touch_10 is associated with display ADISPLAY_ID_NONE.'}
{'timestamp': 1702276322388, 'level': 'ALL', 'message': '12-11 08:31:25.395 31652 32346 W InputReader: Device virtio_input_multi_touch_4 is associated with display ADISPLAY_ID_NONE.'}
{'timestamp': 1702276322388, 'level': 'ALL', 'message': '12-11 08:31:25.395 31652 32346 W InputReader: Device virtio_input_multi_touch_11 is associated with display ADISPLAY_ID_NONE.'}
{'timestamp': 1702276322388, 'level': 'ALL', 'message': '12-11 08:31:25.395 31652 32346 W InputReader: Device virtio_input_multi_touch_5 is associated with display ADISPLAY_ID_NONE.'}
{'timestamp': 1702276322388, 'level': 'ALL', 'message': '12-11 08:31:25.395 31652 32346 W InputReader: Device virtio_input_multi_touch_2 is associated with display ADISPLAY_ID_NONE.'}
{'timestamp': 1702276322388, 'level': 'ALL', 'message': '12-11 08:31:25.395 31652 32346 W InputReader: Device virtio_input_multi_touch_9 is associated with display ADISPLAY_ID_NONE.'}
{'timestamp': 1702276322388, 'level': 'ALL', 'message': '12-11 08:31:25.395 31652 32346 W InputReader: Device virtio_input_multi_touch_6 is associated with display ADISPLAY_ID_NONE.'}
{'timestamp': 1702276322388, 'level': 'ALL', 'message': '12-11 08:31:25.395 31652 32346 W InputReader: Device virtio_input_multi_touch_7 is associated with display ADISPLAY_ID_NONE.'}
{'timestamp': 1702276322388, 'level': 'ALL', 'message': '12-11 08:31:25.395 31652 32346 W InputReader: Device virtio_input_multi_touch_3 is associated with display ADISPLAY_ID_NONE.'}
{'timestamp': 1702276322388, 'level': 'ALL', 'message': '12-11 08:31:25.395 31652 32346 W InputReader: Device virtio_input_multi_touch_8 is associated with display ADISPLAY_ID_NONE.'}
{'timestamp': 1702276322388, 'level': 'ALL', 'message': '12-11 08:31:25.395 31652 32346 W InputReader: Device virtio_input_multi_touch_10 is associated with display ADISPLAY_ID_NONE.'}
{'timestamp': 1702276322388, 'level': 'ALL', 'message': '12-11 08:31:25.395 31652 32346 W InputReader: Device virtio_input_multi_touch_4 is associated with display ADISPLAY_ID_NONE.'}
{'timestamp': 1702276322388, 'level': 'ALL', 'message': '12-11 08:31:25.395 31652 32346 W InputReader: Device virtio_input_multi_touch_11 is associated with display ADISPLAY_ID_NONE.'}
{'timestamp': 1702276322388, 'level': 'ALL', 'message': '12-11 08:31:25.395 31652 32346 W InputReader: Device virtio_input_multi_touch_5 is associated with display ADISPLAY_ID_NONE.'}
{'timestamp': 1702276322388, 'level': 'ALL', 'message': '12-11 08:31:25.395 31652 32346 W InputReader: Device virtio_input_multi_touch_2 is associated with display ADISPLAY_ID_NONE.'}
{'timestamp': 1702276322388, 'level': 'ALL', 'message': '12-11 08:31:25.395 31652 32346 W InputReader: Device virtio_input_multi_touch_9 is associated with display ADISPLAY_ID_NONE.'}
{'timestamp': 1702276322388, 'level': 'ALL', 'message': '12-11 08:31:25.395 31652 32346 W InputReader: Device virtio_input_multi_touch_6 is associated with display ADISPLAY_ID_NONE.'}
{'timestamp': 1702276322388, 'level': 'ALL', 'message': '12-11 08:31:25.395 31652 32346 W InputReader: Device virtio_input_multi_touch_7 is associated with display ADISPLAY_ID_NONE.'}
{'timestamp': 1702276322388, 'level': 'ALL', 'message': '12-11 08:31:25.395 31652 32346 W InputReader: Device virtio_input_multi_touch_3 is associated with display ADISPLAY_ID_NONE.'}
{'timestamp': 1702276322388, 'level': 'ALL', 'message': '12-11 08:31:25.395 31652 32346 W InputReader: Device virtio_input_multi_touch_8 is associated with display ADISPLAY_ID_NONE.'}
{'timestamp': 1702276322388, 'level': 'ALL', 'message': '12-11 08:31:25.411 32351 32351 D Telephony: isEmergencyPreferredAccount: subId=1, activeData=1'}
{'timestamp': 1702276322388, 'level': 'ALL', 'message': '12-11 08:31:25.411 32351 32351 D Telephony: isEmergencyPreferredAccount: Device does not require preference.'}
{'timestamp': 1702276322388, 'level': 'ALL', 'message': '12-11 08:31:25.437 11357 11357 W BaseDashboardActivity: UnBind from HubContextService'}
{'timestamp': 1702276322388, 'level': 'ALL', 'message': '12-11 08:31:25.534 32604 11666 E GmsConnectionFactory: UID for network attribution might be misset for tag 536871943 [CONTEXT service_id=39 ]'}
{'timestamp': 1702276322388, 'level': 'ALL', 'message': '12-11 08:31:25.534 32604 11666 E GmsConnectionFactory: diig: FULL'}
{'timestamp': 1702276322388, 'level': 'ALL', 'message': '12-11 08:31:25.534 32604 11666 E GmsConnectionFactory: \tat a.P(:com.google.android.gms@234523034@23.45.23 (150700-587848529):9)'}
{'timestamp': 1702276322388, 'level': 'ALL', 'message': '12-11 08:31:25.534 32604 11666 E GmsConnectionFactory: \tat avfc.a(:com.google.android.gms@234523034@23.45.23 (150700-587848529):148)'}
{'timestamp': 1702276322388, 'level': 'ALL', 'message': '12-11 08:31:25.534 32604 11666 E GmsConnectionFactory: \tat ayfv.c(:com.google.android.gms@234523034@23.45.23 (150700-587848529):119)'}
{'timestamp': 1702276322388, 'level': 'ALL', 'message': '12-11 08:31:25.534 32604 11666 E GmsConnectionFactory: \tat ayfm.d(:com.google.android.gms@234523034@23.45.23 (150700-587848529):11)'}
{'timestamp': 1702276322388, 'level': 'ALL', 'message': '12-11 08:31:25.534 32604 11666 E GmsConnectionFactory: \tat ayfr.a(:com.google.android.gms@234523034@23.45.23 (150700-587848529):4)'}
{'timestamp': 1702276322388, 'level': 'ALL', 'message': '12-11 08:31:25.534 32604 11666 E GmsConnectionFactory: \tat ayfm.b(:com.google.android.gms@234523034@23.45.23 (150700-587848529):86)'}
{'timestamp': 1702276322388, 'level': 'ALL', 'message': '12-11 08:31:25.534 32604 11666 E GmsConnectionFactory: \tat ayfm.execute(:com.google.android.gms@234523034@23.45.23 (150700-587848529):8)'}
{'timestamp': 1702276322388, 'level': 'ALL', 'message': '12-11 08:31:25.534 32604 11666 E GmsConnectionFactory: \tat ayfm.execute(:com.google.android.gms@234523034@23.45.23 (150700-587848529):5)'}
{'timestamp': 1702276322388, 'level': 'ALL', 'message': '12-11 08:31:25.534 32604 11666 E GmsConnectionFactory: \tat awky.h(:com.google.android.gms@234523034@23.45.23 (150700-587848529):516)'}
{'timestamp': 1702276322388, 'level': 'ALL', 'message': '12-11 08:31:25.534 32604 11666 E GmsConnectionFactory: \tat awks.run(:com.google.android.gms@234523034@23.45.23 (150700-587848529):13)'}
{'timestamp': 1702276322388, 'level': 'ALL', 'message': '12-11 08:31:25.534 32604 11666 E GmsConnectionFactory: \tat aiwb.c(:com.google.android.gms@234523034@23.45.23 (150700-587848529):50)'}
{'timestamp': 1702276322388, 'level': 'ALL', 'message': '12-11 08:31:25.534 32604 11666 E GmsConnectionFactory: \tat aiwb.run(:com.google.android.gms@234523034@23.45.23 (150700-587848529):76)'}
{'timestamp': 1702276322388, 'level': 'ALL', 'message': '12-11 08:31:25.534 32604 11666 E GmsConnectionFactory: \tat java.util.concurrent.ThreadPoolExecutor.runWorker(ThreadPoolExecutor.java:1167)'}
{'timestamp': 1702276322388, 'level': 'ALL', 'message': '12-11 08:31:25.534 32604 11666 E GmsConnectionFactory: \tat java.util.concurrent.ThreadPoolExecutor$Worker.run(ThreadPoolExecutor.java:641)'}
{'timestamp': 1702276322388, 'level': 'ALL', 'message': '12-11 08:31:25.534 32604 11666 E GmsConnectionFactory: \tat ajbh.run(:com.google.android.gms@234523034@23.45.23 (150700-587848529):8)'}
{'timestamp': 1702276322388, 'level': 'ALL', 'message': '12-11 08:31:25.534 32604 11666 E GmsConnectionFactory: \tat java.lang.Thread.run(Thread.java:923)'}
{'timestamp': 1702276322388, 'level': 'ALL', 'message': '12-11 08:31:25.737   320   320 D goldfish-address-space: claimShared: Ask to claim region [0x3f49e4000 0x3f53c8000]'}
{'timestamp': 1702276322388, 'level': 'ALL', 'message': '12-11 08:31:25.752   320   320 D goldfish-address-space: claimShared: Ask to claim region [0x3f53c8000 0x3f5dac000]'}
{'timestamp': 1702276322388, 'level': 'ALL', 'message': '12-11 08:31:25.759   320   320 D goldfish-address-space: claimShared: Ask to claim region [0x3f5dac000 0x3f6790000]'}
{'timestamp': 1702276322388, 'level': 'ALL', 'message': '12-11 08:31:25.791 31652 31742 I ActivityTaskManager: Displayed com.ajaxsystems/.bootstrap.presentation.splash.SplashActivity: +522ms'}
{'timestamp': 1702276322389, 'level': 'ALL', 'message': '12-11 08:31:25.794 11357 11431 I WM-WorkerWrapper: Worker result SUCCESS for Work [ id=81bfb61e-db9f-4891-9fa5-fbfc4431e934, tags={ com.ajaxsystems.geofence.GeofenceUnregisterWorker } ]'}
{'timestamp': 1702276322389, 'level': 'ALL', 'message': '12-11 08:31:25.810 11357 11369 I com.ajaxsystem: Background young concurrent copying GC freed 130493(6750KB) AllocSpace objects, 89(3760KB) LOS objects, 37% free, 16MB/26MB, paused 2.832ms total 185.262ms'}
{'timestamp': 1702276322389, 'level': 'ALL', 'message': '12-11 08:31:25.947 31652 31995 D ConnectivityService: releasing NetworkRequest [ TRACK_DEFAULT id=108, [ Capabilities: INTERNET&NOT_RESTRICTED&TRUSTED Uid: 10158 AdministratorUids: [] RequestorUid: 10158 RequestorPackageName: com.ajaxsystems] ] (release request)'}
{'timestamp': 1702276322389, 'level': 'ALL', 'message': '12-11 08:31:25.960 31652 31995 D ConnectivityService: releasing NetworkRequest [ TRACK_DEFAULT id=107, [ Capabilities: INTERNET&NOT_RESTRICTED&TRUSTED Uid: 10158 AdministratorUids: [] RequestorUid: 10158 RequestorPackageName: com.ajaxsystems] ] (release request)'}
{'timestamp': 1702276322389, 'level': 'ALL', 'message': '12-11 08:31:25.981 32351 32351 D Telephony: isEmergencyPreferredAccount: subId=1, activeData=1'}
{'timestamp': 1702276322389, 'level': 'ALL', 'message': '12-11 08:31:25.981 32351 32351 D Telephony: isEmergencyPreferredAccount: Device does not require preference.'}
{'timestamp': 1702276322389, 'level': 'ALL', 'message': '12-11 08:31:25.995 32351 32351 D Telephony: isEmergencyPreferredAccount: subId=1, activeData=1'}
{'timestamp': 1702276322389, 'level': 'ALL', 'message': '12-11 08:31:25.996 32351 32351 D Telephony: isEmergencyPreferredAccount: Device does not require preference.'}
{'timestamp': 1702276322389, 'level': 'ALL', 'message': '12-11 08:31:27.048   410   410 I perfetto: probes_producer.cc:329  Producer stop (id=501)'}
{'timestamp': 1702276322389, 'level': 'ALL', 'message': '12-11 08:31:27.051   410   410 I perfetto: ftrace_procfs.cc:183    disabled ftrace'}
{'timestamp': 1702276322389, 'level': 'ALL', 'message': '12-11 08:31:27.051   421   421 I perfetto: ng_service_impl.cc:1948 Tracing session 501 ended, total sessions:0'}
{'timestamp': 1702276322389, 'level': 'ALL', 'message': '12-11 08:31:27.283 31652 31709 I ActivityTaskManager: START u0 {act=android.intent.action.MAIN cat=[android.intent.category.HOME] flg=0x10000100 cmp=com.google.android.apps.nexuslauncher/.NexusLauncherActivity (has extras)} from uid 0'}
{'timestamp': 1702276322389, 'level': 'ALL', 'message': '12-11 08:31:27.285 31652 31712 D EventSequenceValidator: Transition from INTENT_FAILED to INTENT_STARTED'}
{'timestamp': 1702276322389, 'level': 'ALL', 'message': '12-11 08:31:27.294   421   421 I perfetto: ing_service_impl.cc:758 Configured tracing session 502, #sources:1, duration:5000 ms, #buffers:1, total buffer size:4096 KB, total sessions:1, uid:1071 session name: ""'}
{'timestamp': 1702276322389, 'level': 'ALL', 'message': '12-11 08:31:27.297 31652 31709 W InputReader: Device virtio_input_multi_touch_10 is associated with display ADISPLAY_ID_NONE.'}
{'timestamp': 1702276322389, 'level': 'ALL', 'message': '12-11 08:31:27.298 31652 31709 W InputReader: Device virtio_input_multi_touch_4 is associated with display ADISPLAY_ID_NONE.'}
{'timestamp': 1702276322389, 'level': 'ALL', 'message': '12-11 08:31:27.298 31652 31709 W InputReader: Device virtio_input_multi_touch_11 is associated with display ADISPLAY_ID_NONE.'}
{'timestamp': 1702276322389, 'level': 'ALL', 'message': '12-11 08:31:27.298 31652 31709 W InputReader: Device virtio_input_multi_touch_5 is associated with display ADISPLAY_ID_NONE.'}
{'timestamp': 1702276322389, 'level': 'ALL', 'message': '12-11 08:31:27.298 31652 31709 W InputReader: Device virtio_input_multi_touch_2 is associated with display ADISPLAY_ID_NONE.'}
{'timestamp': 1702276322389, 'level': 'ALL', 'message': '12-11 08:31:27.298 31652 31709 W InputReader: Device virtio_input_multi_touch_9 is associated with display ADISPLAY_ID_NONE.'}
{'timestamp': 1702276322389, 'level': 'ALL', 'message': '12-11 08:31:27.298 31652 31709 W InputReader: Device virtio_input_multi_touch_6 is associated with display ADISPLAY_ID_NONE.'}
{'timestamp': 1702276322389, 'level': 'ALL', 'message': '12-11 08:31:27.298 31652 31709 W InputReader: Device virtio_input_multi_touch_7 is associated with display ADISPLAY_ID_NONE.'}
{'timestamp': 1702276322389, 'level': 'ALL', 'message': '12-11 08:31:27.298 31652 31709 W InputReader: Device virtio_input_multi_touch_3 is associated with display ADISPLAY_ID_NONE.'}
{'timestamp': 1702276322389, 'level': 'ALL', 'message': '12-11 08:31:27.298 31652 31709 W InputReader: Device virtio_input_multi_touch_8 is associated with display ADISPLAY_ID_NONE.'}
{'timestamp': 1702276322389, 'level': 'ALL', 'message': '12-11 08:31:27.299 31652 31709 W InputReader: Device virtio_input_multi_touch_10 is associated with display ADISPLAY_ID_NONE.'}
{'timestamp': 1702276322389, 'level': 'ALL', 'message': '12-11 08:31:27.299 31652 31709 W InputReader: Device virtio_input_multi_touch_4 is associated with display ADISPLAY_ID_NONE.'}
{'timestamp': 1702276322389, 'level': 'ALL', 'message': '12-11 08:31:27.299 31652 31709 W InputReader: Device virtio_input_multi_touch_11 is associated with display ADISPLAY_ID_NONE.'}
{'timestamp': 1702276322389, 'level': 'ALL', 'message': '12-11 08:31:27.299 31652 31709 W InputReader: Device virtio_input_multi_touch_5 is associated with display ADISPLAY_ID_NONE.'}
{'timestamp': 1702276322389, 'level': 'ALL', 'message': '12-11 08:31:27.299 31652 31709 W InputReader: Device virtio_input_multi_touch_2 is associated with display ADISPLAY_ID_NONE.'}
{'timestamp': 1702276322389, 'level': 'ALL', 'message': '12-11 08:31:27.299 31652 31709 W InputReader: Device virtio_input_multi_touch_9 is associated with display ADISPLAY_ID_NONE.'}
{'timestamp': 1702276322389, 'level': 'ALL', 'message': '12-11 08:31:27.299 31652 31709 W InputReader: Device virtio_input_multi_touch_6 is associated with display ADISPLAY_ID_NONE.'}
{'timestamp': 1702276322389, 'level': 'ALL', 'message': '12-11 08:31:27.299 31652 31709 W InputReader: Device virtio_input_multi_touch_7 is associated with display ADISPLAY_ID_NONE.'}
{'timestamp': 1702276322389, 'level': 'ALL', 'message': '12-11 08:31:27.299 31652 31709 W InputReader: Device virtio_input_multi_touch_3 is associated with display ADISPLAY_ID_NONE.'}
{'timestamp': 1702276322389, 'level': 'ALL', 'message': '12-11 08:31:27.299 31652 31709 W InputReader: Device virtio_input_multi_touch_8 is associated with display ADISPLAY_ID_NONE.'}
{'timestamp': 1702276322389, 'level': 'ALL', 'message': '12-11 08:31:27.331   320   320 D goldfish-address-space: claimShared: Ask to claim region [0x3f0000000 0x3f09e4000]'}
{'timestamp': 1702276322389, 'level': 'ALL', 'message': '12-11 08:31:27.378   320   320 D goldfish-address-space: claimShared: Ask to claim region [0x3f09e4000 0x3f13c8000]'}
{'timestamp': 1702276322389, 'level': 'ALL', 'message': '12-11 08:31:27.382   320   320 D goldfish-address-space: claimShared: Ask to claim region [0x3f13c8000 0x3f1dac000]'}
{'timestamp': 1702276322389, 'level': 'ALL', 'message': '12-11 08:31:27.385 31652 31712 D EventSequenceValidator: Transition from INTENT_STARTED to ACTIVITY_LAUNCHED'}
{'timestamp': 1702276322389, 'level': 'ALL', 'message': '12-11 08:31:27.418   320   320 D goldfish-address-space: claimShared: Ask to claim region [0x3f4000000 0x3f49e4000]'}
{'timestamp': 1702276322389, 'level': 'ALL', 'message': '12-11 08:31:27.441   410   410 I perfetto: probes_producer.cc:230  Ftrace setup (target_buf=502)'}
{'timestamp': 1702276322389, 'level': 'ALL', 'message': '12-11 08:31:27.461   653   653 I dnpg    : onStart'}
{'timestamp': 1702276322389, 'level': 'ALL', 'message': '12-11 08:31:27.467   653   653 I dnpg    : onResume'}
{'timestamp': 1702276322389, 'level': 'ALL', 'message': '12-11 08:31:27.469   320   320 D goldfish-address-space: claimShared: Ask to claim region [0x3f6790000 0x3f7174000]'}
{'timestamp': 1702276322389, 'level': 'ALL', 'message': '12-11 08:31:27.474   320   320 D goldfish-address-space: claimShared: Ask to claim region [0x3f8000000 0x3f89e4000]'}
{'timestamp': 1702276322389, 'level': 'ALL', 'message': '12-11 08:31:27.479   410   410 I perfetto: ftrace_procfs.cc:176    enabled ftrace'}
{'timestamp': 1702276322389, 'level': 'ALL', 'message': '12-11 08:31:27.519 31652 32570 W ActivityManager: Unable to start service Intent { act=android.service.appprediction.AppPredictionService cmp=com.google.android.as/com.google.android.apps.miphone.aiai.app.AiAiPredictionService } U=0: not found'}
{'timestamp': 1702276322389, 'level': 'ALL', 'message': '12-11 08:31:27.519 31652 32570 W RemoteAppPredictionService: could not bind to Intent { act=android.service.appprediction.AppPredictionService cmp=com.google.android.as/com.google.android.apps.miphone.aiai.app.AiAiPredictionService } using flags 67108865'}
{'timestamp': 1702276322389, 'level': 'ALL', 'message': '12-11 08:31:27.539 31652  2862 D HostConnection: HostConnection::get() New Host Connection established 0xb2667290, tid 2862'}
{'timestamp': 1702276322389, 'level': 'ALL', 'message': '12-11 08:31:27.546 31652  2862 D HostConnection: HostComposition ext ANDROID_EMU_CHECKSUM_HELPER_v1 ANDROID_EMU_native_sync_v2 ANDROID_EMU_native_sync_v3 ANDROID_EMU_native_sync_v4 ANDROID_EMU_dma_v1 ANDROID_EMU_direct_mem ANDROID_EMU_vulkan ANDROID_EMU_deferred_vulkan_commands ANDROID_EMU_vulkan_null_optional_strings ANDROID_EMU_vulkan_create_resources_with_requirements ANDROID_EMU_YUV_Cache ANDROID_EMU_vulkan_ignored_handles ANDROID_EMU_has_shared_slots_host_memory_allocator ANDROID_EMU_vulkan_free_memory_sync ANDROID_EMU_vulkan_shader_float16_int8 ANDROID_EMU_vulkan_async_queue_submit ANDROID_EMU_sync_buffer_data ANDROID_EMU_vulkan_async_qsri ANDROID_EMU_read_color_buffer_dma GL_OES_vertex_array_object GL_KHR_texture_compression_astc_ldr ANDROID_EMU_host_side_tracing ANDROID_EMU_gles_max_version_2'}
{'timestamp': 1702276322389, 'level': 'ALL', 'message': '12-11 08:31:27.548 31652  2862 W OpenGLRenderer: Failed to choose config with EGL_SWAP_BEHAVIOR_PRESERVED, retrying without...'}
{'timestamp': 1702276322389, 'level': 'ALL', 'message': '12-11 08:31:27.582 31652  2862 D EGL_emulation: eglCreateContext: 0xb26666c0: maj 2 min 0 rcv 2'}
{'timestamp': 1702276322389, 'level': 'ALL', 'message': '12-11 08:31:27.587 31652  2862 D EGL_emulation: eglMakeCurrent: 0xb26666c0: ver 2 0 (tinfo 0xaf947b50) (first time)'}
{'timestamp': 1702276322389, 'level': 'ALL', 'message': '12-11 08:31:27.596   320   320 D goldfish-address-space: claimShared: Ask to claim region [0x3f77c8000 0x3f7e1c000]'}
{'timestamp': 1702276322389, 'level': 'ALL', 'message': '12-11 08:31:27.618 31652  2862 E FrameEvents: updateAcquireFence: Did not find frame.'}
{'timestamp': 1702276322389, 'level': 'ALL', 'message': '12-11 08:31:27.619   320   320 D goldfish-address-space: claimShared: Ask to claim region [0x3f89e4000 0x3f9038000]'}
{'timestamp': 1702276322389, 'level': 'ALL', 'message': "12-11 08:31:27.631 31652 31742 D ArtManagerInternalImpl: /data/misc/iorapd/com.google.android.apps.nexuslauncher/821/com.google.android.apps.nexuslauncher.NexusLauncherActivity/compiled_traces/compiled_trace.pb doesn't exist"}
{'timestamp': 1702276322389, 'level': 'ALL', 'message': '12-11 08:31:27.634 31652 31712 D EventSequenceValidator: Transition from ACTIVITY_LAUNCHED to ACTIVITY_FINISHED'}
{'timestamp': 1702276322389, 'level': 'ALL', 'message': '12-11 08:31:27.763 32473 32489 W System  : A resource failed to call release.'}
{'timestamp': 1702276322389, 'level': 'ALL', 'message': '12-11 08:31:27.971 32722 32763 I PeriodicStatsRunner: PeriodicStatsRunner.call():180 call()'}
{'timestamp': 1702276322389, 'level': 'ALL', 'message': '12-11 08:31:27.971 32722 32763 I PeriodicStatsRunner: PeriodicStatsRunner.call():184 No submit PeriodicStats since input started.'}
{'timestamp': 1702276322389, 'level': 'ALL', 'message': '12-11 08:31:28.398 11357 11357 E LOCK_APP: Cannot find account'}
{'timestamp': 1702276322389, 'level': 'ALL', 'message': '12-11 08:31:29.459 11357 11659 I FA      : Application backgrounded at: timestamp_millis: 1702276287427'}
{'timestamp': 1702276322389, 'level': 'ALL', 'message': '12-11 08:31:31.060 32722 32763 I PeriodicStatsRunner: PeriodicStatsRunner.call():180 call()'}
{'timestamp': 1702276322389, 'level': 'ALL', 'message': '12-11 08:31:31.060 32722 32763 I PeriodicStatsRunner: PeriodicStatsRunner.call():184 No submit PeriodicStats since input started.'}
{'timestamp': 1702276322389, 'level': 'ALL', 'message': '12-11 08:31:32.299   410   410 I perfetto: probes_producer.cc:329  Producer stop (id=502)'}
{'timestamp': 1702276322389, 'level': 'ALL', 'message': '12-11 08:31:32.303   410   410 I perfetto: ftrace_procfs.cc:183    disabled ftrace'}
{'timestamp': 1702276322389, 'level': 'ALL', 'message': '12-11 08:31:32.306   421   421 I perfetto: ng_service_impl.cc:1948 Tracing session 502 ended, total sessions:0'}
{'timestamp': 1702276322389, 'level': 'ALL', 'message': '12-11 08:31:32.692 32722 32763 I PeriodicStatsRunner: PeriodicStatsRunner.call():180 call()'}
{'timestamp': 1702276322389, 'level': 'ALL', 'message': '12-11 08:31:32.692 32722 32763 I PeriodicStatsRunner: PeriodicStatsRunner.call():184 No submit PeriodicStats since input started.'}
{'timestamp': 1702276322389, 'level': 'ALL', 'message': '12-11 08:31:33.582 11357 11371 W System  : A resource failed to call release.'}
{'timestamp': 1702276322389, 'level': 'ALL', 'message': '12-11 08:31:37.075 11707 11709 I cmd     : oneway function results will be dropped but finished with status OK and parcel size 4'}
{'timestamp': 1702276322389, 'level': 'ALL', 'message': '12-11 08:31:37.095 11711 11713 I cmd     : oneway function results will be dropped but finished with status OK and parcel size 4'}
{'timestamp': 1702276322389, 'level': 'ALL', 'message': '12-11 08:31:37.115 11715 11717 I cmd     : oneway function results will be dropped but finished with status OK and parcel size 4'}
{'timestamp': 1702276322389, 'level': 'ALL', 'message': '12-11 08:31:37.490   396   396 D BoundBrokerSvc: onUnbind: Intent { act=com.google.android.gms.measurement.START pkg=com.google.android.gms }'}
{'timestamp': 1702276322389, 'level': 'ALL', 'message': '12-11 08:31:37.545 31652   991 I ActivityManager: Force stopping com.ajaxsystems appid=10158 user=0: from pid 11738'}
{'timestamp': 1702276322389, 'level': 'ALL', 'message': '12-11 08:31:37.547 31652   991 I ActivityManager: Killing 11357:com.ajaxsystems/u0a158 (adj 700): stop com.ajaxsystems due to from pid 11738'}
{'timestamp': 1702276322389, 'level': 'ALL', 'message': '12-11 08:31:37.550 31652   991 W ActivityTaskManager: Force removing ActivityRecord{152721e u0 com.ajaxsystems/.bootstrap.presentation.splash.SplashActivity t202 f}}: app died, no saved state'}
{'timestamp': 1702276322389, 'level': 'ALL', 'message': '12-11 08:31:37.570 11738 11740 I cmd     : oneway function results will be dropped but finished with status OK and parcel size 4'}
{'timestamp': 1702276322389, 'level': 'ALL', 'message': '12-11 08:31:37.578 32351 32351 D CarrierSvcBindHelper: No carrier app for: 0'}
{'timestamp': 1702276322389, 'level': 'ALL', 'message': '12-11 08:31:37.618 31506 31506 I Zygote  : Process 11357 exited due to signal 9 (Killed)'}
{'timestamp': 1702276322389, 'level': 'ALL', 'message': '12-11 08:31:37.623 31652   826 W WindowManager: Cannot find window which accessibility connection is added to'}
{'timestamp': 1702276322389, 'level': 'ALL', 'message': '12-11 08:31:37.625 31652 31712 W ActivityManager: setHasOverlayUi called on unknown pid: 11357'}
{'timestamp': 1702276322389, 'level': 'ALL', 'message': '12-11 08:31:37.639 31652 31748 I libprocessgroup: Successfully killed process cgroup uid 10158 pid 11357 in 89ms'}
{'timestamp': 1702276322389, 'level': 'ALL', 'message': '12-11 08:31:37.703 11749 11751 I cmd     : oneway function results will be dropped but finished with status OK and parcel size 4'}
{'timestamp': 1702276322389, 'level': 'ALL', 'message': '12-11 08:31:37.726 11754 11756 I cmd     : oneway function results will be dropped but finished with status OK and parcel size 4'}
{'timestamp': 1702276322389, 'level': 'ALL', 'message': '12-11 08:31:40.579 31652 31742 I UsageStatsService: User[0] Flushing usage stats to disk'}
{'timestamp': 1702276322389, 'level': 'ALL', 'message': '12-11 08:31:47.614 31652 31743 W ActivityManager: Timeout executing service: ServiceRecord{326c007 u0 com.android.systemui/.dump.SystemUIAuxiliaryDumpService}'}
{'timestamp': 1702276322389, 'level': 'ALL', 'message': '12-11 08:31:47.615 31652 31743 W ActivityManager: Timeout executing service: ServiceRecord{326c007 u0 com.android.systemui/.dump.SystemUIAuxiliaryDumpService}'}
{'timestamp': 1702276322389, 'level': 'ALL', 'message': '12-11 08:31:47.641 31652 11762 I ActivityManager: dumpStackTraces pids={327=true, 396=true, 445=true, 517=true, 653=true, 685=true, 872=true, 1356=true, 5859=true, 5910=true, 6852=true, 7279=true, 7395=true, 7432=true, 7550=true, 7798=true, 7873=true, 7929=true, 8283=true, 8436=true, 9680=true, 11308=true, 32106=true, 32421=true, 32473=true, 32604=true, 32722=true} nativepids=[187, 299, 388, 427, 440, 442, 451, 456, 31508, 31509, 31510, 31702, 32106]'}
{'timestamp': 1702276322389, 'level': 'ALL', 'message': '12-11 08:31:48.003 31652 11762 I ActivityManager: Skipping next CPU consuming process, not a java proc: 31652'}
{'timestamp': 1702276322389, 'level': 'ALL', 'message': '12-11 08:31:48.003 31652 11762 I ActivityManager: Skipping next CPU consuming process, not a java proc: 16'}
{'timestamp': 1702276322389, 'level': 'ALL', 'message': '12-11 08:31:48.003 31652 11762 I ActivityManager: Skipping next CPU consuming process, not a java proc: 308'}
{'timestamp': 1702276322389, 'level': 'ALL', 'message': '12-11 08:31:48.003 31652 11762 I ActivityManager: Skipping next CPU consuming process, not a java proc: 358'}
{'timestamp': 1702276322389, 'level': 'ALL', 'message': '12-11 08:31:48.008 31652 11762 I ActivityManager: Dumping to /data/anr/anr_2023-12-11-08-31-48-007'}
{'timestamp': 1702276322389, 'level': 'ALL', 'message': '12-11 08:31:48.008 31652 11762 I ActivityManager: Collecting stacks for pid 11030'}
{'timestamp': 1702276322389, 'level': 'ALL', 'message': '12-11 08:31:48.010 31652 11762 I system_server: libdebuggerd_client: started dumping process 11030'}
{'timestamp': 1702276322389, 'level': 'ALL', 'message': '12-11 08:31:48.025   294   294 I tombstoned: registered intercept for pid 11030 and type kDebuggerdJavaBacktrace'}
{'timestamp': 1702276322389, 'level': 'ALL', 'message': '12-11 08:31:48.027 11030 11040 I ndroid.systemu: Thread[6,tid=11040,WaitingInMainSignalCatcherLoop,Thread*=0xdfc8c410,peer=0x137c2938,"Signal Catcher"]: reacting to signal 3'}
{'timestamp': 1702276322389, 'level': 'ALL', 'message': '12-11 08:31:48.027 11030 11040 I ndroid.systemu:'}
{'timestamp': 1702276322389, 'level': 'ALL', 'message': '12-11 08:31:48.192 31652 31661 I system_server: Background young concurrent copying GC freed 192288(13MB) AllocSpace objects, 107(4848KB) LOS objects, 45% free, 19MB/36MB, paused 4.758ms total 108.904ms'}
{'timestamp': 1702276322389, 'level': 'ALL', 'message': '12-11 08:31:48.221 31652 31663 W System  : A resource failed to call close.'}
{'timestamp': 1702276322389, 'level': 'ALL', 'message': '12-11 08:31:48.222 31652 31663 W System  : A resource failed to call dispose.'}
{'timestamp': 1702276322389, 'level': 'ALL', 'message': '12-11 08:31:48.228 31652 31663 W System  : A resource failed to call close.'}
{'timestamp': 1702276322389, 'level': 'ALL', 'message': '12-11 08:31:48.239   294   294 I tombstoned: received crash request for pid 11030'}
{'timestamp': 1702276322389, 'level': 'ALL', 'message': '12-11 08:31:48.239   294   294 I tombstoned: found intercept fd 512 for pid 11030 and type kDebuggerdJavaBacktrace'}
{'timestamp': 1702276322389, 'level': 'ALL', 'message': '12-11 08:31:48.239 11030 11040 I ndroid.systemu: Wrote stack traces to tombstoned'}
{'timestamp': 1702276322389, 'level': 'ALL', 'message': '12-11 08:31:48.250 31652 11762 I system_server: libdebuggerd_client: done dumping process 11030'}
{'timestamp': 1702276322389, 'level': 'ALL', 'message': '12-11 08:31:48.258 31652 11762 I ActivityManager: Collecting stacks for pid 31652'}
{'timestamp': 1702276322389, 'level': 'ALL', 'message': '12-11 08:31:48.262 31652 11762 I system_server: libdebuggerd_client: started dumping process 31652'}
{'timestamp': 1702276322389, 'level': 'ALL', 'message': '12-11 08:31:48.263   294   294 I tombstoned: registered intercept for pid 31652 and type kDebuggerdJavaBacktrace'}
{'timestamp': 1702276322389, 'level': 'ALL', 'message': '12-11 08:31:48.265 31652 31658 I system_server: Thread[2,tid=31658,WaitingInMainSignalCatcherLoop,Thread*=0xdfc85410,peer=0x13600150,"Signal Catcher"]: reacting to signal 3'}
{'timestamp': 1702276322389, 'level': 'ALL', 'message': '12-11 08:31:48.265 31652 31658 I system_server:'}
{'timestamp': 1702276322389, 'level': 'ALL', 'message': '12-11 08:31:48.617   294   294 I tombstoned: received crash request for pid 31652'}
{'timestamp': 1702276322389, 'level': 'ALL', 'message': '12-11 08:31:48.617   294   294 I tombstoned: found intercept fd 512 for pid 31652 and type kDebuggerdJavaBacktrace'}
{'timestamp': 1702276322389, 'level': 'ALL', 'message': '12-11 08:31:48.618 31652 31658 I system_server: Wrote stack traces to tombstoned'}
{'timestamp': 1702276322389, 'level': 'ALL', 'message': '12-11 08:31:48.637 31652 11762 I system_server: libdebuggerd_client: done dumping process 31652'}
{'timestamp': 1702276322389, 'level': 'ALL', 'message': '12-11 08:31:48.644 31652 11762 I ActivityManager: Collecting stacks for pid 565'}
{'timestamp': 1702276322389, 'level': 'ALL', 'message': '12-11 08:31:48.645 31652 11762 I system_server: libdebuggerd_client: started dumping process 565'}
{'timestamp': 1702276322389, 'level': 'ALL', 'message': '12-11 08:31:48.646   294   294 I tombstoned: registered intercept for pid 565 and type kDebuggerdJavaBacktrace'}
{'timestamp': 1702276322389, 'level': 'ALL', 'message': '12-11 08:31:48.647   565   585 I or.multidispla: Thread[3,tid=585,WaitingInMainSignalCatcherLoop,Thread*=0xdfc82a10,peer=0x12c801b0,"Signal Catcher"]: reacting to signal 3'}
{'timestamp': 1702276322389, 'level': 'ALL', 'message': '12-11 08:31:48.647   565   585 I or.multidispla:'}
{'timestamp': 1702276322389, 'level': 'ALL', 'message': '12-11 08:31:48.679   294   294 I tombstoned: received crash request for pid 565'}
{'timestamp': 1702276322389, 'level': 'ALL', 'message': '12-11 08:31:48.679   294   294 I tombstoned: found intercept fd 512 for pid 565 and type kDebuggerdJavaBacktrace'}
{'timestamp': 1702276322389, 'level': 'ALL', 'message': '12-11 08:31:48.680   565   585 I or.multidispla: Wrote stack traces to tombstoned'}
{'timestamp': 1702276322389, 'level': 'ALL', 'message': '12-11 08:31:48.685 31652 11762 I system_server: libdebuggerd_client: done dumping process 565'}
{'timestamp': 1702276322389, 'level': 'ALL', 'message': '12-11 08:31:48.693 31652 11762 I ActivityManager: Collecting stacks for pid 546'}
{'timestamp': 1702276322389, 'level': 'ALL', 'message': '12-11 08:31:48.694 31652 11762 I system_server: libdebuggerd_client: started dumping process 546'}
{'timestamp': 1702276322389, 'level': 'ALL', 'message': '12-11 08:31:48.694   294   294 I tombstoned: registered intercept for pid 546 and type kDebuggerdJavaBacktrace'}
{'timestamp': 1702276322389, 'level': 'ALL', 'message': '12-11 08:31:48.695   546   566 I .ims.rcsservic: Thread[6,tid=566,WaitingInMainSignalCatcherLoop,Thread*=0xdfc8c410,peer=0x12cc01b0,"Signal Catcher"]: reacting to signal 3'}
{'timestamp': 1702276322389, 'level': 'ALL', 'message': '12-11 08:31:48.696   546   566 I .ims.rcsservic:'}
{'timestamp': 1702276322389, 'level': 'ALL', 'message': '12-11 08:31:48.734   294   294 I tombstoned: received crash request for pid 546'}
{'timestamp': 1702276322389, 'level': 'ALL', 'message': '12-11 08:31:48.735   294   294 I tombstoned: found intercept fd 512 for pid 546 and type kDebuggerdJavaBacktrace'}
{'timestamp': 1702276322389, 'level': 'ALL', 'message': '12-11 08:31:48.735   546   566 I .ims.rcsservic: Wrote stack traces to tombstoned'}
{'timestamp': 1702276322389, 'level': 'ALL', 'message': '12-11 08:31:48.741 31652 11762 I system_server: libdebuggerd_client: done dumping process 546'}
{'timestamp': 1702276322389, 'level': 'ALL', 'message': '12-11 08:31:48.748 31652 11762 I ActivityManager: Collecting stacks for pid 32351'}
{'timestamp': 1702276322389, 'level': 'ALL', 'message': '12-11 08:31:48.750 31652 11762 I system_server: libdebuggerd_client: started dumping process 32351'}
{'timestamp': 1702276322389, 'level': 'ALL', 'message': '12-11 08:31:48.753   294   294 I tombstoned: registered intercept for pid 32351 and type kDebuggerdJavaBacktrace'}
{'timestamp': 1702276322389, 'level': 'ALL', 'message': '12-11 08:31:48.755 32351 32361 I m.android.phon: Thread[5,tid=32361,WaitingInMainSignalCatcherLoop,Thread*=0xdfc83810,peer=0x12ec01b0,"Signal Catcher"]: reacting to signal 3'}
{'timestamp': 1702276322389, 'level': 'ALL', 'message': '12-11 08:31:48.755 32351 32361 I m.android.phon:'}
{'timestamp': 1702276322389, 'level': 'ALL', 'message': '12-11 08:31:48.821   294   294 I tombstoned: received crash request for pid 32351'}
{'timestamp': 1702276322389, 'level': 'ALL', 'message': '12-11 08:31:48.821   294   294 I tombstoned: found intercept fd 512 for pid 32351 and type kDebuggerdJavaBacktrace'}
{'timestamp': 1702276322389, 'level': 'ALL', 'message': '12-11 08:31:48.822 32351 32361 I m.android.phon: Wrote stack traces to tombstoned'}
{'timestamp': 1702276322389, 'level': 'ALL', 'message': '12-11 08:31:48.831 31652 11762 I system_server: libdebuggerd_client: done dumping process 32351'}
{'timestamp': 1702276322389, 'level': 'ALL', 'message': '12-11 08:31:48.864 31652 11762 I ActivityManager: Collecting stacks for pid 32276'}
{'timestamp': 1702276322389, 'level': 'ALL', 'message': '12-11 08:31:48.864 31652 11762 I system_server: libdebuggerd_client: started dumping process 32276'}
{'timestamp': 1702276322389, 'level': 'ALL', 'message': '12-11 08:31:48.866   294   294 I tombstoned: registered intercept for pid 32276 and type kDebuggerdJavaBacktrace'}
{'timestamp': 1702276322389, 'level': 'ALL', 'message': '12-11 08:31:48.867 32276 32293 I com.android.se: Thread[6,tid=32293,WaitingInMainSignalCatcherLoop,Thread*=0xdfc87010,peer=0x12cc01b0,"Signal Catcher"]: reacting to signal 3'}
{'timestamp': 1702276322389, 'level': 'ALL', 'message': '12-11 08:31:48.867 32276 32293 I com.android.se:'}
{'timestamp': 1702276322389, 'level': 'ALL', 'message': '12-11 08:31:48.904   294   294 I tombstoned: received crash request for pid 32276'}
{'timestamp': 1702276322389, 'level': 'ALL', 'message': '12-11 08:31:48.904   294   294 I tombstoned: found intercept fd 512 for pid 32276 and type kDebuggerdJavaBacktrace'}
{'timestamp': 1702276322389, 'level': 'ALL', 'message': '12-11 08:31:48.905 32276 32293 I com.android.se: Wrote stack traces to tombstoned'}
{'timestamp': 1702276322389, 'level': 'ALL', 'message': '12-11 08:31:48.907 31652 11762 I system_server: libdebuggerd_client: done dumping process 32276'}
{'timestamp': 1702276322389, 'level': 'ALL', 'message': '12-11 08:31:48.914 31652 11762 I ActivityManager: Collecting stacks for pid 32243'}
{'timestamp': 1702276322389, 'level': 'ALL', 'message': '12-11 08:31:48.915 31652 11762 I system_server: libdebuggerd_client: started dumping process 32243'}
{'timestamp': 1702276322389, 'level': 'ALL', 'message': '12-11 08:31:48.917   294   294 I tombstoned: registered intercept for pid 32243 and type kDebuggerdJavaBacktrace'}
{'timestamp': 1702276322389, 'level': 'ALL', 'message': '12-11 08:31:48.918 32243 32254 I rkstack.proces: Thread[5,tid=32254,WaitingInMainSignalCatcherLoop,Thread*=0xdfc88c10,peer=0x12f401b0,"Signal Catcher"]: reacting to signal 3'}
{'timestamp': 1702276322389, 'level': 'ALL', 'message': '12-11 08:31:48.918 32243 32254 I rkstack.proces:'}
{'timestamp': 1702276322389, 'level': 'ALL', 'message': '12-11 08:31:48.964   294   294 I tombstoned: received crash request for pid 32243'}
{'timestamp': 1702276322389, 'level': 'ALL', 'message': '12-11 08:31:48.964   294   294 I tombstoned: found intercept fd 512 for pid 32243 and type kDebuggerdJavaBacktrace'}
{'timestamp': 1702276322389, 'level': 'ALL', 'message': '12-11 08:31:48.965 32243 32254 I rkstack.proces: Wrote stack traces to tombstoned'}
{'timestamp': 1702276322389, 'level': 'ALL', 'message': '12-11 08:31:48.973 31652 11762 I system_server: libdebuggerd_client: done dumping process 32243'}
{'timestamp': 1702276322389, 'level': 'ALL', 'message': '12-11 08:31:48.981 31652 11762 I ActivityManager: Collecting stacks for native pid 187'}
{'timestamp': 1702276322389, 'level': 'ALL', 'message': '12-11 08:31:48.982 31652 11762 I system_server: libdebuggerd_client: started dumping process 187'}
{'timestamp': 1702276322389, 'level': 'ALL', 'message': '12-11 08:31:48.982   294   294 I tombstoned: registered intercept for pid 187 and type kDebuggerdNativeBacktrace'}
{'timestamp': 1702276322389, 'level': 'ALL', 'message': '12-11 08:31:48.983   187   187 I libc    : Requested dump for tid 187 (Binder:187_2)'}
{'timestamp': 1702276322389, 'level': 'ALL', 'message': '12-11 08:31:48.994 11768 11768 F crash_dump32: crash_dump.cpp:474] failed to attach to thread 187: Permission denied'}
{'timestamp': 1702276322389, 'level': 'ALL', 'message': '12-11 08:31:48.995   294   294 I tombstoned: received crash request for pid 187'}
{'timestamp': 1702276322389, 'level': 'ALL', 'message': '12-11 08:31:48.995   294   294 I tombstoned: found registered intercept of type kDebuggerdNativeBacktrace for requested type kDebuggerdAnyIntercept'}
{'timestamp': 1702276322389, 'level': 'ALL', 'message': '12-11 08:31:48.995   294   294 I tombstoned: found intercept fd 512 for pid 187 and type kDebuggerdNativeBacktrace'}
{'timestamp': 1702276322389, 'level': 'ALL', 'message': '12-11 08:31:48.997   294   294 W tombstoned: crash socket received short read of length 0 (expected 12)'}
{'timestamp': 1702276322389, 'level': 'ALL', 'message': '12-11 08:31:48.997 31652 11762 I system_server: libdebuggerd_client: done dumping process 187'}
{'timestamp': 1702276322389, 'level': 'ALL', 'message': '12-11 08:31:48.997   187   187 F libc    : crash_dump helper failed to exec'}
{'timestamp': 1702276322389, 'level': 'ALL', 'message': '12-11 08:31:49.004 31652 11762 I ActivityManager: Collecting stacks for native pid 299'}
{'timestamp': 1702276322389, 'level': 'ALL', 'message': '12-11 08:31:49.005 31652 11762 I system_server: libdebuggerd_client: started dumping process 299'}
{'timestamp': 1702276322389, 'level': 'ALL', 'message': '12-11 08:31:48.990 11768 11768 W crash_dump32: type=1400 audit(0.0:4424): avc: denied { ptrace } for scontext=u:r:crash_dump:s0 tcontext=u:r:vold:s0 tclass=process permissive=0'}
{'timestamp': 1702276322389, 'level': 'ALL', 'message': '12-11 08:31:49.006   294   294 I tombstoned: registered intercept for pid 299 and type kDebuggerdNativeBacktrace'}
{'timestamp': 1702276322389, 'level': 'ALL', 'message': '12-11 08:31:49.007   299   299 I libc    : Requested dump for tid 299 (Binder:299_2)'}
{'timestamp': 1702276322389, 'level': 'ALL', 'message': '12-11 08:31:49.027 11771 11771 I crash_dump32: obtaining output fd from tombstoned, type: kDebuggerdNativeBacktrace'}
{'timestamp': 1702276322389, 'level': 'ALL', 'message': '12-11 08:31:49.028   294   294 I tombstoned: received crash request for pid 299'}
{'timestamp': 1702276322389, 'level': 'ALL', 'message': '12-11 08:31:49.028   294   294 I tombstoned: found intercept fd 512 for pid 299 and type kDebuggerdNativeBacktrace'}
{'timestamp': 1702276322389, 'level': 'ALL', 'message': '12-11 08:31:49.029 11771 11771 I crash_dump32: performing dump of process 299 (target tid = 299)'}
{'timestamp': 1702276322389, 'level': 'ALL', 'message': '12-11 08:31:49.046 31652 11762 I system_server: libdebuggerd_client: done dumping process 299'}
{'timestamp': 1702276322389, 'level': 'ALL', 'message': '12-11 08:31:49.050 31652 11762 I ActivityManager: Collecting stacks for native pid 388'}
{'timestamp': 1702276322389, 'level': 'ALL', 'message': '12-11 08:31:49.051 31652 11762 I system_server: libdebuggerd_client: started dumping process 388'}
{'timestamp': 1702276322389, 'level': 'ALL', 'message': '12-11 08:31:49.052   294   294 I tombstoned: registered intercept for pid 388 and type kDebuggerdNativeBacktrace'}
{'timestamp': 1702276322389, 'level': 'ALL', 'message': '12-11 08:31:49.054   388   388 I libc    : Requested dump for tid 388 (surfaceflinger)'}
{'timestamp': 1702276322389, 'level': 'ALL', 'message': '12-11 08:31:49.080 11776 11776 I crash_dump32: obtaining output fd from tombstoned, type: kDebuggerdNativeBacktrace'}
{'timestamp': 1702276322389, 'level': 'ALL', 'message': '12-11 08:31:49.080   294   294 I tombstoned: received crash request for pid 388'}
{'timestamp': 1702276322389, 'level': 'ALL', 'message': '12-11 08:31:49.080   294   294 I tombstoned: found intercept fd 512 for pid 388 and type kDebuggerdNativeBacktrace'}
{'timestamp': 1702276322389, 'level': 'ALL', 'message': '12-11 08:31:49.081 11776 11776 I crash_dump32: performing dump of process 388 (target tid = 388)'}
{'timestamp': 1702276322389, 'level': 'ALL', 'message': '12-11 08:31:49.102 31652 11762 I system_server: libdebuggerd_client: done dumping process 388'}
{'timestamp': 1702276322389, 'level': 'ALL', 'message': '12-11 08:31:49.108 31652 11762 I ActivityManager: Collecting stacks for native pid 427'}
{'timestamp': 1702276322389, 'level': 'ALL', 'message': '12-11 08:31:49.109 31652 11762 I system_server: libdebuggerd_client: started dumping process 427'}
{'timestamp': 1702276322389, 'level': 'ALL', 'message': '12-11 08:31:49.110   294   294 I tombstoned: registered intercept for pid 427 and type kDebuggerdNativeBacktrace'}
{'timestamp': 1702276322389, 'level': 'ALL', 'message': '12-11 08:31:49.110   427   427 I libc    : Requested dump for tid 427 (drmserver)'}
{'timestamp': 1702276322389, 'level': 'ALL', 'message': '12-11 08:31:49.129 11781 11781 I crash_dump32: obtaining output fd from tombstoned, type: kDebuggerdNativeBacktrace'}
{'timestamp': 1702276322389, 'level': 'ALL', 'message': '12-11 08:31:49.130   294   294 I tombstoned: received crash request for pid 427'}
{'timestamp': 1702276322389, 'level': 'ALL', 'message': '12-11 08:31:49.130   294   294 I tombstoned: found intercept fd 512 for pid 427 and type kDebuggerdNativeBacktrace'}
{'timestamp': 1702276322389, 'level': 'ALL', 'message': '12-11 08:31:49.130 11781 11781 I crash_dump32: performing dump of process 427 (target tid = 427)'}
{'timestamp': 1702276322389, 'level': 'ALL', 'message': '12-11 08:31:49.138 31652 11762 I system_server: libdebuggerd_client: done dumping process 427'}
{'timestamp': 1702276322389, 'level': 'ALL', 'message': '12-11 08:31:49.144 31652 11762 I ActivityManager: Collecting stacks for native pid 440'}
{'timestamp': 1702276322389, 'level': 'ALL', 'message': '12-11 08:31:49.144 31652 11762 I system_server: libdebuggerd_client: started dumping process 440'}
{'timestamp': 1702276322389, 'level': 'ALL', 'message': '12-11 08:31:49.146   294   294 I tombstoned: registered intercept for pid 440 and type kDebuggerdNativeBacktrace'}
{'timestamp': 1702276322389, 'level': 'ALL', 'message': '12-11 08:31:49.148   294   294 I tombstoned: received crash request for pid 440'}
{'timestamp': 1702276322389, 'level': 'ALL', 'message': '12-11 08:31:49.148   294   294 I tombstoned: found intercept fd 512 for pid 440 and type kDebuggerdNativeBacktrace'}
{'timestamp': 1702276322389, 'level': 'ALL', 'message': '12-11 08:31:49.189 31652 11762 I system_server: libdebuggerd_client: done dumping process 440'}
{'timestamp': 1702276322389, 'level': 'ALL', 'message': '12-11 08:31:49.194 31652 11762 I ActivityManager: Collecting stacks for native pid 442'}
{'timestamp': 1702276322389, 'level': 'ALL', 'message': '12-11 08:31:49.194 31652 11762 I system_server: libdebuggerd_client: started dumping process 442'}
{'timestamp': 1702276322389, 'level': 'ALL', 'message': '12-11 08:31:49.194   294   294 I tombstoned: registered intercept for pid 442 and type kDebuggerdNativeBacktrace'}
{'timestamp': 1702276322389, 'level': 'ALL', 'message': '12-11 08:31:49.195   442   442 I libc    : Requested dump for tid 442 (mediametrics)'}
{'timestamp': 1702276322389, 'level': 'ALL', 'message': '12-11 08:31:49.214 11786 11786 I crash_dump32: obtaining output fd from tombstoned, type: kDebuggerdNativeBacktrace'}
{'timestamp': 1702276322389, 'level': 'ALL', 'message': '12-11 08:31:49.215   294   294 I tombstoned: received crash request for pid 442'}
{'timestamp': 1702276322389, 'level': 'ALL', 'message': '12-11 08:31:49.215   294   294 I tombstoned: found intercept fd 512 for pid 442 and type kDebuggerdNativeBacktrace'}
{'timestamp': 1702276322389, 'level': 'ALL', 'message': '12-11 08:31:49.215 11786 11786 I crash_dump32: performing dump of process 442 (target tid = 442)'}
{'timestamp': 1702276322389, 'level': 'ALL', 'message': '12-11 08:31:49.232 31652 11762 I system_server: libdebuggerd_client: done dumping process 442'}
{'timestamp': 1702276322389, 'level': 'ALL', 'message': '12-11 08:31:49.237 31652 11762 I ActivityManager: Collecting stacks for native pid 451'}
{'timestamp': 1702276322389, 'level': 'ALL', 'message': '12-11 08:31:49.238 31652 11762 I system_server: libdebuggerd_client: started dumping process 451'}
{'timestamp': 1702276322389, 'level': 'ALL', 'message': '12-11 08:31:49.238   294   294 I tombstoned: registered intercept for pid 451 and type kDebuggerdNativeBacktrace'}
{'timestamp': 1702276322389, 'level': 'ALL', 'message': '12-11 08:31:49.240   294   294 I tombstoned: received crash request for pid 451'}
{'timestamp': 1702276322390, 'level': 'ALL', 'message': '12-11 08:31:49.240   294   294 I tombstoned: found intercept fd 512 for pid 451 and type kDebuggerdNativeBacktrace'}
{'timestamp': 1702276322390, 'level': 'ALL', 'message': '12-11 08:31:49.286 31652 11762 I system_server: libdebuggerd_client: done dumping process 451'}
{'timestamp': 1702276322390, 'level': 'ALL', 'message': '12-11 08:31:49.290 31652 11762 I ActivityManager: Collecting stacks for native pid 456'}
{'timestamp': 1702276322390, 'level': 'ALL', 'message': '12-11 08:31:49.290 31652 11762 I system_server: libdebuggerd_client: started dumping process 456'}
{'timestamp': 1702276322390, 'level': 'ALL', 'message': '12-11 08:31:49.293   294   294 I tombstoned: registered intercept for pid 456 and type kDebuggerdNativeBacktrace'}
{'timestamp': 1702276322390, 'level': 'ALL', 'message': '12-11 08:31:49.296   294   294 I tombstoned: received crash request for pid 456'}
{'timestamp': 1702276322390, 'level': 'ALL', 'message': '12-11 08:31:49.296   294   294 I tombstoned: found intercept fd 512 for pid 456 and type kDebuggerdNativeBacktrace'}
{'timestamp': 1702276322390, 'level': 'ALL', 'message': '12-11 08:31:49.391 31652 11762 I system_server: libdebuggerd_client: done dumping process 456'}
{'timestamp': 1702276322390, 'level': 'ALL', 'message': '12-11 08:31:49.398 31652 11762 I ActivityManager: Collecting stacks for native pid 31508'}
{'timestamp': 1702276322390, 'level': 'ALL', 'message': '12-11 08:31:49.398 31652 11762 I system_server: libdebuggerd_client: started dumping process 31508'}
{'timestamp': 1702276322390, 'level': 'ALL', 'message': '12-11 08:31:49.400   294   294 I tombstoned: registered intercept for pid 31508 and type kDebuggerdNativeBacktrace'}
{'timestamp': 1702276322390, 'level': 'ALL', 'message': '12-11 08:31:49.401 31508 31508 I libc    : Requested dump for tid 31508 (cameraserver)'}
{'timestamp': 1702276322390, 'level': 'ALL', 'message': '12-11 08:31:49.426 11791 11791 I crash_dump32: obtaining output fd from tombstoned, type: kDebuggerdNativeBacktrace'}
{'timestamp': 1702276322390, 'level': 'ALL', 'message': '12-11 08:31:49.426   294   294 I tombstoned: received crash request for pid 31508'}
{'timestamp': 1702276322390, 'level': 'ALL', 'message': '12-11 08:31:49.426   294   294 I tombstoned: found intercept fd 512 for pid 31508 and type kDebuggerdNativeBacktrace'}
{'timestamp': 1702276322390, 'level': 'ALL', 'message': '12-11 08:31:49.427 11791 11791 I crash_dump32: performing dump of process 31508 (target tid = 31508)'}
{'timestamp': 1702276322390, 'level': 'ALL', 'message': '12-11 08:31:49.440 31652 11762 I system_server: libdebuggerd_client: done dumping process 31508'}
{'timestamp': 1702276322390, 'level': 'ALL', 'message': '12-11 08:31:49.445 31652 11762 I ActivityManager: Collecting stacks for native pid 31509'}
{'timestamp': 1702276322390, 'level': 'ALL', 'message': '12-11 08:31:49.446 31652 11762 I system_server: libdebuggerd_client: started dumping process 31509'}
{'timestamp': 1702276322390, 'level': 'ALL', 'message': '12-11 08:31:49.448   294   294 I tombstoned: registered intercept for pid 31509 and type kDebuggerdNativeBacktrace'}
{'timestamp': 1702276322390, 'level': 'ALL', 'message': '12-11 08:31:49.453 31509 31509 I libc    : Requested dump for tid 31509 (mediaserver)'}
{'timestamp': 1702276322390, 'level': 'ALL', 'message': '12-11 08:31:49.479 11796 11796 I crash_dump32: obtaining output fd from tombstoned, type: kDebuggerdNativeBacktrace'}
{'timestamp': 1702276322390, 'level': 'ALL', 'message': '12-11 08:31:49.480   294   294 I tombstoned: received crash request for pid 31509'}
{'timestamp': 1702276322390, 'level': 'ALL', 'message': '12-11 08:31:49.480   294   294 I tombstoned: found intercept fd 512 for pid 31509 and type kDebuggerdNativeBacktrace'}
{'timestamp': 1702276322390, 'level': 'ALL', 'message': '12-11 08:31:49.481 11796 11796 I crash_dump32: performing dump of process 31509 (target tid = 31509)'}
{'timestamp': 1702276322390, 'level': 'ALL', 'message': '12-11 08:31:49.504 31652 11762 I system_server: libdebuggerd_client: done dumping process 31509'}
{'timestamp': 1702276322390, 'level': 'ALL', 'message': '12-11 08:31:49.512 31652 11762 I ActivityManager: Collecting stacks for native pid 31510'}
{'timestamp': 1702276322390, 'level': 'ALL', 'message': '12-11 08:31:49.513 31652 11762 I system_server: libdebuggerd_client: started dumping process 31510'}
{'timestamp': 1702276322390, 'level': 'ALL', 'message': '12-11 08:31:49.514   294   294 I tombstoned: registered intercept for pid 31510 and type kDebuggerdNativeBacktrace'}
{'timestamp': 1702276322390, 'level': 'ALL', 'message': '12-11 08:31:49.525 31510 31510 I libc    : Requested dump for tid 31510 (Binder:31510_3)'}
{'timestamp': 1702276322390, 'level': 'ALL', 'message': '12-11 08:31:49.550 11801 11801 I crash_dump32: obtaining output fd from tombstoned, type: kDebuggerdNativeBacktrace'}
{'timestamp': 1702276322390, 'level': 'ALL', 'message': '12-11 08:31:49.551   294   294 I tombstoned: received crash request for pid 31510'}
{'timestamp': 1702276322390, 'level': 'ALL', 'message': '12-11 08:31:49.551   294   294 I tombstoned: found intercept fd 512 for pid 31510 and type kDebuggerdNativeBacktrace'}
{'timestamp': 1702276322390, 'level': 'ALL', 'message': '12-11 08:31:49.552 11801 11801 I crash_dump32: performing dump of process 31510 (target tid = 31510)'}
{'timestamp': 1702276322390, 'level': 'ALL', 'message': '12-11 08:31:49.576 31652 11762 I system_server: libdebuggerd_client: done dumping process 31510'}
{'timestamp': 1702276322390, 'level': 'ALL', 'message': '12-11 08:31:49.581 31652 11762 I ActivityManager: Collecting stacks for native pid 31702'}
{'timestamp': 1702276322390, 'level': 'ALL', 'message': '12-11 08:31:49.582 31652 11762 I system_server: libdebuggerd_client: started dumping process 31702'}
{'timestamp': 1702276322390, 'level': 'ALL', 'message': '12-11 08:31:49.583   294   294 I tombstoned: registered intercept for pid 31702 and type kDebuggerdNativeBacktrace'}
{'timestamp': 1702276322390, 'level': 'ALL', 'message': '12-11 08:31:49.583 31702 31702 I libc    : Requested dump for tid 31702 (audioserver)'}
{'timestamp': 1702276322390, 'level': 'ALL', 'message': '12-11 08:31:49.606 11806 11806 I crash_dump32: obtaining output fd from tombstoned, type: kDebuggerdNativeBacktrace'}
{'timestamp': 1702276322390, 'level': 'ALL', 'message': '12-11 08:31:49.608   294   294 I tombstoned: received crash request for pid 31702'}
{'timestamp': 1702276322390, 'level': 'ALL', 'message': '12-11 08:31:49.608   294   294 I tombstoned: found intercept fd 512 for pid 31702 and type kDebuggerdNativeBacktrace'}
{'timestamp': 1702276322390, 'level': 'ALL', 'message': '12-11 08:31:49.608 11806 11806 I crash_dump32: performing dump of process 31702 (target tid = 31702)'}
{'timestamp': 1702276322390, 'level': 'ALL', 'message': '12-11 08:31:49.625 31652 11762 I system_server: libdebuggerd_client: done dumping process 31702'}
{'timestamp': 1702276322390, 'level': 'ALL', 'message': '12-11 08:31:49.632 31652 11762 I ActivityManager: Collecting stacks for native pid 32106'}
{'timestamp': 1702276322390, 'level': 'ALL', 'message': '12-11 08:31:49.634 31652 11762 I system_server: libdebuggerd_client: started dumping process 32106'}
{'timestamp': 1702276322390, 'level': 'ALL', 'message': '12-11 08:31:49.635   294   294 I tombstoned: registered intercept for pid 32106 and type kDebuggerdNativeBacktrace'}
{'timestamp': 1702276322390, 'level': 'ALL', 'message': '12-11 08:31:49.638 32106 32106 I libc    : Requested dump for tid 32106 (droid.bluetooth)'}
{'timestamp': 1702276322390, 'level': 'ALL', 'message': '12-11 08:31:49.695 11811 11811 I crash_dump32: obtaining output fd from tombstoned, type: kDebuggerdNativeBacktrace'}
{'timestamp': 1702276322390, 'level': 'ALL', 'message': '12-11 08:31:49.696   294   294 I tombstoned: received crash request for pid 32106'}
{'timestamp': 1702276322390, 'level': 'ALL', 'message': '12-11 08:31:49.696   294   294 I tombstoned: found intercept fd 512 for pid 32106 and type kDebuggerdNativeBacktrace'}
{'timestamp': 1702276322390, 'level': 'ALL', 'message': '12-11 08:31:49.699 11811 11811 I crash_dump32: performing dump of process 32106 (target tid = 32106)'}
{'timestamp': 1702276322390, 'level': 'ALL', 'message': '12-11 08:31:49.929 31652 11762 I system_server: libdebuggerd_client: done dumping process 32106'}
{'timestamp': 1702276322390, 'level': 'ALL', 'message': '12-11 08:31:49.936 31652 11762 I ActivityManager: Done dumping'}
{'timestamp': 1702276322390, 'level': 'ALL', 'message': '12-11 08:31:49.939 31652 11762 E ActivityManager: ANR in com.android.systemui'}
{'timestamp': 1702276322390, 'level': 'ALL', 'message': '12-11 08:31:49.939 31652 11762 E ActivityManager: PID: 11030'}
{'timestamp': 1702276322390, 'level': 'ALL', 'message': '12-11 08:31:49.939 31652 11762 E ActivityManager: Reason: executing service com.android.systemui/.dump.SystemUIAuxiliaryDumpService'}
{'timestamp': 1702276322390, 'level': 'ALL', 'message': '12-11 08:31:49.939 31652 11762 E ActivityManager: Load: 0.39 / 0.8 / 1.31'}
{'timestamp': 1702276322390, 'level': 'ALL', 'message': '12-11 08:31:49.939 31652 11762 E ActivityManager: ----- Output from /proc/pressure/memory -----'}
{'timestamp': 1702276322390, 'level': 'ALL', 'message': '12-11 08:31:49.939 31652 11762 E ActivityManager: some avg10=0.00 avg60=0.02 avg300=0.17 total=88514371'}
{'timestamp': 1702276322390, 'level': 'ALL', 'message': '12-11 08:31:49.939 31652 11762 E ActivityManager: full avg10=0.00 avg60=0.02 avg300=0.02 total=20852087'}
{'timestamp': 1702276322390, 'level': 'ALL', 'message': '12-11 08:31:49.939 31652 11762 E ActivityManager: ----- End output from /proc/pressure/memory -----'}
{'timestamp': 1702276322390, 'level': 'ALL', 'message': '12-11 08:31:49.939 31652 11762 E ActivityManager:'}
{'timestamp': 1702276322390, 'level': 'ALL', 'message': '12-11 08:31:49.939 31652 11762 E ActivityManager: CPU usage from 215065ms to 0ms ago (2023-12-11 08:28:12.550 to 2023-12-11 08:31:47.616):'}
{'timestamp': 1702276322390, 'level': 'ALL', 'message': '12-11 08:31:49.939 31652 11762 E ActivityManager:   6.5% 388/surfaceflinger: 0.2% user + 6.3% kernel / faults: 1080 minor 6 major'}
{'timestamp': 1702276322390, 'level': 'ALL', 'message': '12-11 08:31:49.939 31652 11762 E ActivityManager:   5.7% 31652/system_server: 1.7% user + 4% kernel / faults: 83668 minor 8 major'}
{'timestamp': 1702276322390, 'level': 'ALL', 'message': '12-11 08:31:49.939 31652 11762 E ActivityManager:   5.4% 308/android.hardware.bluetooth@1.1-service.sim: 0.2% user + 5.1% kernel'}
{'timestamp': 1702276322390, 'level': 'ALL', 'message': '12-11 08:31:49.939 31652 11762 E ActivityManager:   2.9% 1912/adbd: 0% user + 2.9% kernel / faults: 6138 minor 3 major'}
{'timestamp': 1702276322390, 'level': 'ALL', 'message': '12-11 08:31:49.939 31652 11762 E ActivityManager:   1.6% 326/android.hardware.graphics.composer@2.3-service: 0.1% user + 1.4% kernel'}
{'timestamp': 1702276322390, 'level': 'ALL', 'message': '12-11 08:31:49.939 31652 11762 E ActivityManager:   1.3% 32604/com.google.android.gms.persistent: 0.3% user + 0.9% kernel / faults: 8312 minor 4 major'}
{'timestamp': 1702276322390, 'level': 'ALL', 'message': '12-11 08:31:49.939 31652 11762 E ActivityManager:   0.9% 358/android.hardware.sensors@2.1-service.multihal: 0% user + 0.9% kernel'}
{'timestamp': 1702276322390, 'level': 'ALL', 'message': '12-11 08:31:49.939 31652 11762 E ActivityManager:   0.5% 176/logd: 0.1% user + 0.4% kernel / faults: 19 minor 6 major'}
{'timestamp': 1702276322390, 'level': 'ALL', 'message': '12-11 08:31:49.939 31652 11762 E ActivityManager:   0.4% 396/com.google.android.gms: 0.1% user + 0.3% kernel / faults: 6319 minor 6 major'}
{'timestamp': 1702276322390, 'level': 'ALL', 'message': '12-11 08:31:49.939 31652 11762 E ActivityManager:   0.4% 653/com.google.android.googlequicksearchbox:search: 0.1% user + 0.2% kernel / faults: 11951 minor 1 major'}
{'timestamp': 1702276322390, 'level': 'ALL', 'message': '12-11 08:31:49.939 31652 11762 E ActivityManager:   0.4% 32473/com.google.android.apps.nexuslauncher: 0% user + 0.3% kernel / faults: 1452 minor'}
{'timestamp': 1702276322390, 'level': 'ALL', 'message': '12-11 08:31:49.939 31652 11762 E ActivityManager:   0.4% 31703/android.hardware.audio.service.ranchu: 0% user + 0.4% kernel / faults: 3 minor'}
{'timestamp': 1702276322390, 'level': 'ALL', 'message': '12-11 08:31:49.939 31652 11762 E ActivityManager:   0.4% 32106/com.android.bluetooth: 0.1% user + 0.2% kernel / faults: 1544 minor 1 major'}
{'timestamp': 1702276322390, 'level': 'ALL', 'message': '12-11 08:31:49.939 31652 11762 E ActivityManager:   0.3% 32351/com.android.phone: 0% user + 0.2% kernel / faults: 2361 minor 2 major'}
{'timestamp': 1702276322390, 'level': 'ALL', 'message': '12-11 08:31:49.939 31652 11762 E ActivityManager:   0.2% 517/com.google.android.googlequicksearchbox:interactor: 0% user + 0.1% kernel / faults: 2319 minor 6 major'}
{'timestamp': 1702276322390, 'level': 'ALL', 'message': '12-11 08:31:49.939 31652 11762 E ActivityManager:   0.1% 456/media.swcodec: 0% user + 0.1% kernel / faults: 5701 minor 7 major'}
{'timestamp': 1702276322390, 'level': 'ALL', 'message': '12-11 08:31:49.939 31652 11762 E ActivityManager:   0.1% 6852/com.google.android.youtube: 0% user + 0.1% kernel / faults: 77 minor 95 major'}
{'timestamp': 1702276322390, 'level': 'ALL', 'message': '12-11 08:31:49.939 31652 11762 E ActivityManager:   0.1% 217/jbd2/dm-5-8: 0% user + 0.1% kernel'}
{'timestamp': 1702276322390, 'level': 'ALL', 'message': '12-11 08:31:49.939 31652 11762 E ActivityManager:   0.1% 31702/audioserver: 0% user + 0.1% kernel / faults: 192 minor'}
{'timestamp': 1702276322390, 'level': 'ALL', 'message': '12-11 08:31:49.939 31652 11762 E ActivityManager:   0.1% 26/ksoftirqd/3: 0% user + 0.1% kernel'}
{'timestamp': 1702276322390, 'level': 'ALL', 'message': '12-11 08:31:49.939 31652 11762 E ActivityManager:   0.1% 410/traced_probes: 0% user + 0.1% kernel / faults: 11 minor'}
{'timestamp': 1702276322390, 'level': 'ALL', 'message': '12-11 08:31:49.939 31652 11762 E ActivityManager:   0.1% 10/rcu_preempt: 0% user + 0.1% kernel'}
{'timestamp': 1702276322390, 'level': 'ALL', 'message': '12-11 08:31:49.939 31652 11762 E ActivityManager:   0.1% 30738/kworker/u8:1-kverityd: 0% user + 0.1% kernel'}
{'timestamp': 1702276322390, 'level': 'ALL', 'message': '12-11 08:31:49.939 31652 11762 E ActivityManager:   0.1% 320/android.hardware.graphics.allocator@3.0-service: 0% user + 0% kernel'}
{'timestamp': 1702276322390, 'level': 'ALL', 'message': '12-11 08:31:49.939 31652 11762 E ActivityManager:   0% 16/ksoftirqd/1: 0% user + 0% kernel'}
{'timestamp': 1702276322390, 'level': 'ALL', 'message': '12-11 08:31:49.939 31652 11762 E ActivityManager:   0% 9/ksoftirqd/0: 0% user + 0% kernel'}
{'timestamp': 1702276322390, 'level': 'ALL', 'message': '12-11 08:31:49.939 31652 11762 E ActivityManager:   0% 21/ksoftirqd/2: 0% user + 0% kernel'}
{'timestamp': 1702276322390, 'level': 'ALL', 'message': '12-11 08:31:49.939 31652 11762 E ActivityManager:   0% 392/logcat: 0% user + 0% kernel'}
{'timestamp': 1702276322390, 'level': 'ALL', 'message': '12-11 08:31:49.939 31652 11762 E ActivityManager:   0% 31510/netd: 0% user + 0% kernel / faults: 260 minor'}
{'timestamp': 1702276322390, 'level': 'ALL', 'message': '12-11 08:31:49.939 31652 11762 E ActivityManager:   0% 32243/com.android.networkstack.process: 0% user + 0% kernel / faults: 1417 minor 5 major'}
{'timestamp': 1702276322390, 'level': 'ALL', 'message': '12-11 08:31:49.939 31652 11762 E ActivityManager:   0% 10070/kworker/0:0-events: 0% user + 0% kernel'}
{'timestamp': 1702276322390, 'level': 'ALL', 'message': '12-11 08:31:49.939 31652 11762 E ActivityManager:   0% 299/statsd: 0% user + 0% kernel / faults: 142 minor'}
{'timestamp': 1702276322390, 'level': 'ALL', 'message': '12-11 08:31:49.939 31652 11762 E ActivityManager:   0% 433/iorapd: 0% user + 0% kernel / faults: 314 minor 4 major'}
{'timestamp': 1702276322390, 'level': 'ALL', 'message': '12-11 08:31:49.939 31652 11762 E ActivityManager:   0% 178/servicemanager: 0% user + 0% kernel / faults: 3 minor'}
{'timestamp': 1702276322390, 'level': 'ALL', 'message': '12-11 08:31:49.939 31652 11762 E ActivityManager:   0% 1/init: 0% user + 0% kernel / faults: 56 minor'}
{'timestamp': 1702276322390, 'level': 'ALL', 'message': '12-11 08:31:49.939 31652 11762 E ActivityManager:   0% 32722/com.google.android.inputmethod.latin: 0% user + 0% kernel / faults: 126 minor 5 major'}
{'timestamp': 1702276322390, 'level': 'ALL', 'message': '12-11 08:31:49.939 31652 11762 E ActivityManager:   0% 440/media.extractor: 0% user + 0% kernel / faults: 2132 minor'}
{'timestamp': 1702276322390, 'level': 'ALL', 'message': '12-11 08:31:49.939 31652 11762 E ActivityManager:   0% 8249/logcat: 0% user + 0% kernel'}
{'timestamp': 1702276322390, 'level': 'ALL', 'message': '12-11 08:31:49.939 31652 11762 E ActivityManager:   0% 10588/logcat: 0% user + 0% kernel'}
{'timestamp': 1702276322390, 'level': 'ALL', 'message': '12-11 08:31:49.939 31652 11762 E ActivityManager:   0% 148/kworker/2:1H-kblockd: 0% user + 0% kernel'}
{'timestamp': 1702276322390, 'level': 'ALL', 'message': '12-11 08:31:49.939 31652 11762 E ActivityManager:   0% 177/lmkd: 0% user + 0% kernel'}
{'timestamp': 1702276322390, 'level': 'ALL', 'message': '12-11 08:31:49.939 31652 11762 E ActivityManager:   0% 7758/logcat: 0% user + 0% kernel'}
{'timestamp': 1702276322390, 'level': 'ALL', 'message': '12-11 08:31:49.939 31652 11762 E ActivityManager:   0% 483/dhcpclient: 0% user + 0% kernel'}
{'timestamp': 1702276322390, 'level': 'ALL', 'message': '12-11 08:31:49.939 31652 11762 E ActivityManager:   0% 8818/logcat: 0% user + 0% kernel'}
{'timestamp': 1702276322390, 'level': 'ALL', 'message': '12-11 08:31:49.939 31652 11762 E ActivityManager:   0% 9264/logcat: 0% user + 0% kernel'}
{'timestamp': 1702276322390, 'level': 'ALL', 'message': '12-11 08:31:49.939 31652 11762 E ActivityManager:   0% 10031/logcat: 0% user + 0% kernel'}
{'timestamp': 1702276322390, 'level': 'ALL', 'message': '12-11 08:31:49.939 31652 11762 E ActivityManager:   0% 32191/android.hardware.gnss@2.0-service.ranchu: 0% user + 0% kernel'}
{'timestamp': 1702276322390, 'level': 'ALL', 'message': '12-11 08:31:49.939 31652 11762 E ActivityManager:   0% 421/traced: 0% user + 0% kernel / faults: 97 minor 1 major'}
{'timestamp': 1702276322390, 'level': 'ALL', 'message': '12-11 08:31:49.939 31652 11762 E ActivityManager:   0% 31114/kworker/u8:2-phy0: 0% user + 0% kernel'}
{'timestamp': 1702276322390, 'level': 'ALL', 'message': '12-11 08:31:49.939 31652 11762 E ActivityManager:   0% 451/media.codec: 0% user + 0% kernel / faults: 2918 minor'}
{'timestamp': 1702276322390, 'level': 'ALL', 'message': '12-11 08:31:49.939 31652 11762 E ActivityManager:   0% 142/kworker/1:1H-kblockd: 0% user + 0% kernel'}
{'timestamp': 1702276322390, 'level': 'ALL', 'message': '12-11 08:31:49.939 31652 11762 E ActivityManager:   0% 546/com.android.ims.rcsservice: 0% user + 0% kernel / faults: 906 minor'}
{'timestamp': 1702276322390, 'level': 'ALL', 'message': '12-11 08:31:49.939 31652 11762 E ActivityManager:   0% 565/com.android.emulator.multidisplay: 0% user + 0% kernel / faults: 844 minor'}
{'timestamp': 1702276322390, 'level': 'ALL', 'message': '12-11 08:31:49.939 31652 11762 E ActivityManager:   0% 872/android.process.acore: 0% user + 0% kernel / faults: 19 minor'}
{'timestamp': 1702276322390, 'level': 'ALL', 'message': '12-11 08:31:49.939 31652 11762 E ActivityManager:   0% 1356/com.google.android.ims: 0% user + 0% kernel / faults: 13 minor 1 major'}
{'timestamp': 1702276322390, 'level': 'ALL', 'message': '12-11 08:31:49.939 31652 11762 E ActivityManager:   0% 9928/kworker/1:1-mm_percpu_wq: 0% user + 0% kernel'}
{'timestamp': 1702276322390, 'level': 'ALL', 'message': '12-11 08:31:49.939 31652 11762 E ActivityManager:   0% 31506/zygote: 0% user + 0% kernel / faults: 493 minor'}
{'timestamp': 1702276322390, 'level': 'ALL', 'message': '12-11 08:31:49.939 31652 11762 E ActivityManager:   0% 32276/com.android.se: 0% user + 0% kernel / faults: 884 minor'}
{'timestamp': 1702276322390, 'level': 'ALL', 'message': '12-11 08:31:49.939 31652 11762 E ActivityManager:   0% 445/com.google.android.providers.media.module: 0% user + 0% kernel / faults: 7 minor'}
{'timestamp': 1702276322390, 'level': 'ALL', 'message': '12-11 08:31:49.939 31652 11762 E ActivityManager:   0% 8698/kworker/3:2-mm_percpu_wq: 0% user + 0% kernel'}
{'timestamp': 1702276322390, 'level': 'ALL', 'message': '12-11 08:31:49.939 31652 11762 E ActivityManager:   0% 11/migration/0: 0% user + 0% kernel'}
{'timestamp': 1702276322390, 'level': 'ALL', 'message': '12-11 08:31:49.939 31652 11762 E ActivityManager:   0% 20/migration/2: 0% user + 0% kernel'}
{'timestamp': 1702276322390, 'level': 'ALL', 'message': '12-11 08:31:49.939 31652 11762 E ActivityManager:   0% 102/ion_system_heap: 0% user + 0% kernel'}
{'timestamp': 1702276322390, 'level': 'ALL', 'message': '12-11 08:31:49.939 31652 11762 E ActivityManager:   0% 128/kworker/3:1H-kblockd: 0% user + 0% kernel'}
{'timestamp': 1702276322390, 'level': 'ALL', 'message': '12-11 08:31:49.939 31652 11762 E ActivityManager:   0% 141/kworker/0:1H-kblockd: 0% user + 0% kernel'}
{'timestamp': 1702276322390, 'level': 'ALL', 'message': '12-11 08:31:49.939 31652 11762 E ActivityManager:   0% 179/hwservicemanager: 0% user + 0% kernel / faults: 1 minor 1 major'}
{'timestamp': 1702276322390, 'level': 'ALL', 'message': '12-11 08:31:49.939 31652 11762 E ActivityManager:   0% 294/tombstoned: 0% user + 0% kernel'}
{'timestamp': 1702276322390, 'level': 'ALL', 'message': '12-11 08:31:49.939 31652 11762 E ActivityManager:   0% 453/libgoldfish-rild: 0% user + 0% kernel / faults: 28 minor'}
{'timestamp': 1702276322390, 'level': 'ALL', 'message': '12-11 08:31:49.939 31652 11762 E ActivityManager:   0% 466/android.hardware.biometrics.fingerprint@2.1-service: 0% user + 0% kernel'}
{'timestamp': 1702276322390, 'level': 'ALL', 'message': '12-11 08:31:49.939 31652 11762 E ActivityManager:   0% 8436/com.google.android.apps.tachyon: 0% user + 0% kernel / faults: 612 minor'}
{'timestamp': 1702276322390, 'level': 'ALL', 'message': '12-11 08:31:49.939 31652 11762 E ActivityManager:   0% 9680/com.google.android.gms.unstable: 0% user + 0% kernel / faults: 405 minor'}
{'timestamp': 1702276322390, 'level': 'ALL', 'message': '12-11 08:31:49.939 31652 11762 E ActivityManager:   0% 30234/kworker/u9:1-blk_crypto_wq: 0% user + 0% kernel'}
{'timestamp': 1702276322390, 'level': 'ALL', 'message': '12-11 08:31:49.939 31652 11762 E ActivityManager:   0% 31508/cameraserver: 0% user + 0% kernel / faults: 83 minor'}
{'timestamp': 1702276322390, 'level': 'ALL', 'message': '12-11 08:31:49.939 31652 11762 E ActivityManager:   0% 31509/mediaserver: 0% user + 0% kernel / faults: 99 minor'}
{'timestamp': 1702276322390, 'level': 'ALL', 'message': '12-11 08:31:49.939 31652 11762 E ActivityManager:   0% 15/migration/1: 0% user + 0% kernel'}
{'timestamp': 1702276322390, 'level': 'ALL', 'message': '12-11 08:31:49.939 31652 11762 E ActivityManager:   0% 25/migration/3: 0% user + 0% kernel'}
{'timestamp': 1702276322390, 'level': 'ALL', 'message': '12-11 08:31:49.939 31652 11762 E ActivityManager:   0% 152/ueventd: 0% user + 0% kernel'}
{'timestamp': 1702276322390, 'level': 'ALL', 'message': '12-11 08:31:49.939 31652 11762 E ActivityManager:   0% 182/qemu-props: 0% user + 0% kernel'}
{'timestamp': 1702276322390, 'level': 'ALL', 'message': '12-11 08:31:49.939 31652 11762 E ActivityManager:   0% 328/android.hardware.health@2.1-service: 0% user + 0% kernel'}
{'timestamp': 1702276322390, 'level': 'ALL', 'message': '12-11 08:31:49.939 31652 11762 E ActivityManager:   0% 427/drmserver: 0% user + 0% kernel / faults: 58 minor'}
{'timestamp': 1702276322390, 'level': 'ALL', 'message': '12-11 08:31:49.939 31652 11762 E ActivityManager:   0% 431/installd: 0% user + 0% kernel / faults: 1 minor'}
{'timestamp': 1702276322390, 'level': 'ALL', 'message': '12-11 08:31:49.939 31652 11762 E ActivityManager:   0% 442/media.metrics: 0% user + 0% kernel / faults: 90 minor'}
{'timestamp': 1702276322390, 'level': 'ALL', 'message': '12-11 08:31:49.939 31652 11762 E ActivityManager:   0% 493/hostapd_nohidl: 0% user + 0% kernel'}
{'timestamp': 1702276322390, 'level': 'ALL', 'message': '12-11 08:31:49.939 31652 11762 E ActivityManager:   0% 685/io.appium.settings: 0% user + 0% kernel / faults: 24 minor 1 major'}
{'timestamp': 1702276322390, 'level': 'ALL', 'message': '12-11 08:31:49.939 31652 11762 E ActivityManager:   0% 724/wpa_supplicant: 0% user + 0% kernel'}
{'timestamp': 1702276322390, 'level': 'ALL', 'message': '12-11 08:31:49.939 31652 11762 E ActivityManager:   0% 4202/kworker/u9:4-blk_crypto_wq: 0% user + 0% kernel'}
{'timestamp': 1702276322390, 'level': 'ALL', 'message': '12-11 08:31:49.939 31652 11762 E ActivityManager:   0% 5859/com.android.dialer: 0% user + 0% kernel'}
{'timestamp': 1702276322390, 'level': 'ALL', 'message': '12-11 08:31:49.939 31652 11762 E ActivityManager:   0% 7798/com.android.chrome: 0% user + 0% kernel / faults: 36 minor'}
{'timestamp': 1702276322390, 'level': 'ALL', 'message': '12-11 08:31:49.939 31652 11762 E ActivityManager:   0% 7929/com.google.android.permissioncontroller: 0% user + 0% kernel / faults: 106 minor'}
{'timestamp': 1702276322390, 'level': 'ALL', 'message': '12-11 08:31:49.939 31652 11762 E ActivityManager:   0% 9539/kworker/2:0-events_power_efficient: 0% user + 0% kernel'}
{'timestamp': 1702276322390, 'level': 'ALL', 'message': '12-11 08:31:49.939 31652 11762 E ActivityManager:  +0% 10965/crash_dump32: 0% user + 0% kernel'}
{'timestamp': 1702276322390, 'level': 'ALL', 'message': '12-11 08:31:49.939 31652 11762 E ActivityManager:  +0% 11030/com.android.systemui: 0% user + 0% kernel'}
{'timestamp': 1702276322390, 'level': 'ALL', 'message': '12-11 08:31:49.939 31652 11762 E ActivityManager:  +0% 11143/logcat: 0% user + 0% kernel'}
{'timestamp': 1702276322390, 'level': 'ALL', 'message': '12-11 08:31:49.939 31652 11762 E ActivityManager:  +0% 11293/app_process: 0% user + 0% kernel'}
{'timestamp': 1702276322390, 'level': 'ALL', 'message': '12-11 08:31:49.939 31652 11762 E ActivityManager:  +0% 11308/io.appium.uiautomator2.server: 0% user + 0% kernel'}
{'timestamp': 1702276322390, 'level': 'ALL', 'message': '12-11 08:31:49.939 31652 11762 E ActivityManager:  +0% 11339/kworker/2:2-events_power_efficient: 0% user + 0% kernel'}
{'timestamp': 1702276322390, 'level': 'ALL', 'message': '12-11 08:31:49.939 31652 11762 E ActivityManager:  +0% 11483/apexd: 0% user + 0% kernel'}
{'timestamp': 1702276322390, 'level': 'ALL', 'message': '12-11 08:31:49.939 31652 11762 E ActivityManager:  +0% 11619/kworker/u9:0-fscrypt_read_queue: 0% user + 0% kernel'}
{'timestamp': 1702276322390, 'level': 'ALL', 'message': '12-11 08:31:49.939 31652 11762 E ActivityManager:  +0% 11620/kworker/u9:2-blk_crypto_wq: 0% user + 0% kernel'}
{'timestamp': 1702276322390, 'level': 'ALL', 'message': '12-11 08:31:49.939 31652 11762 E ActivityManager:  +0% 11648/kworker/u8:0-kverityd: 0% user + 0% kernel'}
{'timestamp': 1702276322390, 'level': 'ALL', 'message': '12-11 08:31:49.939 31652 11762 E ActivityManager:  +0% 11758/kworker/0:1-events: 0% user + 0% kernel'}
{'timestamp': 1702276322390, 'level': 'ALL', 'message': '12-11 08:31:49.939 31652 11762 E ActivityManager: 8% TOTAL: 1.7% user + 6.1% kernel + 0.1% iowait + 0% softirq'}
{'timestamp': 1702276322390, 'level': 'ALL', 'message': '12-11 08:31:49.939 31652 11762 E ActivityManager: CPU usage from 26ms to 362ms later (2023-12-11 08:31:47.641 to 2023-12-11 08:31:47.978):'}
{'timestamp': 1702276322390, 'level': 'ALL', 'message': '12-11 08:31:49.939 31652 11762 E ActivityManager:   16% 31652/system_server: 0% user + 16% kernel / faults: 100 minor'}
{'timestamp': 1702276322390, 'level': 'ALL', 'message': '12-11 08:31:49.939 31652 11762 E ActivityManager:     16% 11762/AnrConsumer: 0% user + 16% kernel'}
{'timestamp': 1702276322390, 'level': 'ALL', 'message': '12-11 08:31:49.939 31652 11762 E ActivityManager:     4.1% 31953/SensorService: 0% user + 4.1% kernel'}
{'timestamp': 1702276322390, 'level': 'ALL', 'message': '12-11 08:31:49.939 31652 11762 E ActivityManager:   3% 16/ksoftirqd/1: 0% user + 3% kernel'}
{'timestamp': 1702276322390, 'level': 'ALL', 'message': '12-11 08:31:49.939 31652 11762 E ActivityManager:   3.2% 308/android.hardware.bluetooth@1.1-service.sim: 0% user + 3.2% kernel'}
{'timestamp': 1702276322390, 'level': 'ALL', 'message': '12-11 08:31:49.939 31652 11762 E ActivityManager:     3.2% 1221/bluetooth@1.1-s: 0% user + 3.2% kernel'}
{'timestamp': 1702276322390, 'level': 'ALL', 'message': '12-11 08:31:49.939 31652 11762 E ActivityManager:   3.2% 358/android.hardware.sensors@2.1-service.multihal: 0% user + 3.2% kernel'}
{'timestamp': 1702276322390, 'level': 'ALL', 'message': '12-11 08:31:49.939 31652 11762 E ActivityManager:     3.2% 372/sensors@2.1-ser: 0% user + 3.2% kernel'}
{'timestamp': 1702276322390, 'level': 'ALL', 'message': '12-11 08:31:49.939 31652 11762 E ActivityManager: 10% TOTAL: 0.7% user + 9.3% kernel'}
{'timestamp': 1702276322390, 'level': 'ALL', 'message': '12-11 08:31:49.946 31652 11762 D ActivityManager: Completed ANR of com.android.systemui in 2331ms, latency 1ms'}
{'timestamp': 1702276322390, 'level': 'ALL', 'message': '12-11 08:31:49.963 31652 11814 I DropBoxManagerService: add tag=system_app_anr isTagEnabled=true flags=0x2'}
{'timestamp': 1702276322390, 'level': 'ALL', 'message': '12-11 08:31:49.969 31652 11762 I ActivityManager: Skipping duplicate ANR: ProcessRecord{2b4b2c8 11030:com.android.systemui/u0a144} executing service com.android.systemui/.dump.SystemUIAuxiliaryDumpService'}
{'timestamp': 1702276322390, 'level': 'ALL', 'message': '12-11 08:31:49.969 31652 11762 D ActivityManager: Completed ANR of com.android.systemui in 23ms, latency 2331ms'}
{'timestamp': 1702276322390, 'level': 'ALL', 'message': '12-11 08:31:49.996 31652 31743 W BroadcastQueue: Background execution not allowed: receiving Intent { act=android.intent.action.DROPBOX_ENTRY_ADDED flg=0x10 (has extras) } to com.google.android.gms/.stats.service.DropBoxEntryAddedReceiver'}
{'timestamp': 1702276322390, 'level': 'ALL', 'message': '12-11 08:31:49.996 31652 31743 W BroadcastQueue: Background execution not allowed: receiving Intent { act=android.intent.action.DROPBOX_ENTRY_ADDED flg=0x10 (has extras) } to com.google.android.gms/.chimera.GmsIntentOperationService$PersistentTrustedReceiver'}
{'timestamp': 1702276322390, 'level': 'ALL', 'message': '12-11 08:31:50.079   320   320 D goldfish-address-space: claimShared: Ask to claim region [0x3f3895000 0x3f3baf000]'}
{'timestamp': 1702276322390, 'level': 'ALL', 'message': '12-11 08:31:50.123   320   320 D goldfish-address-space: claimShared: Ask to claim region [0x3f2400000 0x3f271a000]'}
{'timestamp': 1702276322390, 'level': 'ALL', 'message': '12-11 08:31:50.128   320   320 D goldfish-address-space: claimShared: Ask to claim region [0x3f49e4000 0x3f4cfe000]'}
{'timestamp': 1702276322390, 'level': 'ALL', 'message': '12-11 08:31:50.174 31652 31709 W Looper  : Slow dispatch took 154ms android.ui h=android.view.Choreographer$FrameHandler c=android.view.Choreographer$FrameDisplayEventReceiver@3044f7 m=0'}
{'timestamp': 1702276322390, 'level': 'ALL', 'message': "12-11 08:31:50.897   469   469 E netmgr  : qemu_pipe_open_ns:62: Could not connect to the 'pipe:qemud:network' service: Invalid argument"}
{'timestamp': 1702276322390, 'level': 'ALL', 'message': "12-11 08:31:50.897   469   469 E netmgr  : Failed to open QEMU pipe 'qemud:network': Invalid argument"}
{'timestamp': 1702276322390, 'level': 'ALL', 'message': "12-11 08:31:52.763   477   477 E wifi_forwarder: qemu_pipe_open_ns:62: Could not connect to the 'pipe:qemud:wififorward' service: Invalid argument"}
{'timestamp': 1702276322390, 'level': 'ALL', 'message': '12-11 08:31:52.764   477   477 E wifi_forwarder: RemoteConnection failed to initialize: RemoteConnection failed to open pipe'}
{'timestamp': 1702276322390, 'level': 'ALL', 'message': '12-11 08:31:54.075 31652  1224 I system_server: oneway function results will be dropped but finished with status OK and parcel size 4'}
{'timestamp': 1702276322390, 'level': 'ALL', 'message': '12-11 08:31:54.075 31652  1224 I chatty  : uid=1000(system) Binder:31652_1A identical 1 line'}
{'timestamp': 1702276322390, 'level': 'ALL', 'message': '12-11 08:31:54.083 31652  1224 I system_server: oneway function results will be dropped but finished with status OK and parcel size 4'}
{'timestamp': 1702276322390, 'level': 'ALL', 'message': '12-11 08:31:54.090 31652  2862 D OpenGLRenderer: endAllActiveAnimators on 0xe7695fb0 (RippleDrawable) with handle 0xaff0d2b0'}
{'timestamp': 1702276322390, 'level': 'ALL', 'message': '12-11 08:31:54.100 31702 31727 D AudioFlinger: mixer(0xeed1c030) throttle end: throttle time(36)'}
{'timestamp': 1702276322390, 'level': 'ALL', 'message': '12-11 08:31:54.113 31652 31709 I ActivityManager: Killing 11030:com.android.systemui/u0a144 (adj -800): user request after error'}
{'timestamp': 1702276322390, 'level': 'ALL', 'message': "12-11 08:31:54.191 31652 31963 W InputDispatcher: channel 'ff0aa83 com.android.systemui.ImageWallpaper (server)' ~ Consumer closed input channel or an error occurred.  events=0x9"}
{'timestamp': 1702276322390, 'level': 'ALL', 'message': "12-11 08:31:54.191 31652 31963 E InputDispatcher: channel 'ff0aa83 com.android.systemui.ImageWallpaper (server)' ~ Channel is unrecoverably broken and will be disposed!"}
{'timestamp': 1702276322390, 'level': 'ALL', 'message': "12-11 08:31:54.191 31652 31963 W InputDispatcher: channel '430c8b8 ScreenDecorOverlay (server)' ~ Consumer closed input channel or an error occurred.  events=0x9"}
{'timestamp': 1702276322390, 'level': 'ALL', 'message': "12-11 08:31:54.191 31652 31963 E InputDispatcher: channel '430c8b8 ScreenDecorOverlay (server)' ~ Channel is unrecoverably broken and will be disposed!"}
{'timestamp': 1702276322390, 'level': 'ALL', 'message': '12-11 08:31:54.191   456   456 D BufferPoolAccessor2.0: bufferpool2 0xf2742668 : 0(0 size) total buffers - 0(0 size) used buffers - 5/7 (recycle/alloc) - 2/6 (fetch/transfer)'}
{'timestamp': 1702276322390, 'level': 'ALL', 'message': '12-11 08:31:54.192   456   456 D BufferPoolAccessor2.0: Destruction - bufferpool2 0xf2742668 cached: 0/0M, 0/0% in use; allocs: 7, 71% recycled; transfers: 6, 67% unfetched'}
{'timestamp': 1702276322390, 'level': 'ALL', 'message': '12-11 08:31:54.192   456  3009 D BufferPoolAccessor2.0: bufferpool2 0xf2742008 : 0(0 size) total buffers - 0(0 size) used buffers - 14/17 (recycle/alloc) - 4/16 (fetch/transfer)'}
{'timestamp': 1702276322390, 'level': 'ALL', 'message': '12-11 08:31:54.196   456  3009 D BufferPoolAccessor2.0: Destruction - bufferpool2 0xf2742008 cached: 0/0M, 0/0% in use; allocs: 17, 82% recycled; transfers: 16, 75% unfetched'}
{'timestamp': 1702276322390, 'level': 'ALL', 'message': '12-11 08:31:54.196   456  3009 D BufferPoolAccessor2.0: bufferpool2 0xf2744868 : 0(0 size) total buffers - 0(0 size) used buffers - 14/16 (recycle/alloc) - 2/15 (fetch/transfer)'}
{'timestamp': 1702276322390, 'level': 'ALL', 'message': '12-11 08:31:54.197   456  3009 D BufferPoolAccessor2.0: Destruction - bufferpool2 0xf2744868 cached: 0/0M, 0/0% in use; allocs: 16, 88% recycled; transfers: 15, 87% unfetched'}
{'timestamp': 1702276322390, 'level': 'ALL', 'message': '12-11 08:31:54.207 31506 31506 I Zygote  : Process 11030 exited due to signal 9 (Killed)'}
{'timestamp': 1702276322390, 'level': 'ALL', 'message': '12-11 08:31:54.209 31652 31748 I libprocessgroup: Successfully killed process cgroup uid 10144 pid 11030 in 92ms'}
{'timestamp': 1702276322390, 'level': 'ALL', 'message': '12-11 08:31:54.216 31652  1230 I system_server: oneway function results will be dropped but finished with status OK and parcel size 4'}
{'timestamp': 1702276322390, 'level': 'ALL', 'message': '12-11 08:31:54.229 31652  1226 I WindowManager: WIN DEATH: Window{8ed4a5e u0 AssistPreviewPanel}'}
{'timestamp': 1702276322390, 'level': 'ALL', 'message': "12-11 08:31:54.229 31652  1226 W InputDispatcher: Attempted to unregister already unregistered input channel '8ed4a5e AssistPreviewPanel (server)'"}
{'timestamp': 1702276322390, 'level': 'ALL', 'message': '12-11 08:31:54.246 31652  1229 W WindowManager: Cannot find window which accessibility connection is added to'}
{'timestamp': 1702276322390, 'level': 'ALL', 'message': '12-11 08:31:54.247 31652  1230 I WindowManager: WIN DEATH: Window{9e250d1 u0 NavigationBar0}'}
{'timestamp': 1702276322390, 'level': 'ALL', 'message': "12-11 08:31:54.247 31652  1230 W InputDispatcher: Attempted to unregister already unregistered input channel '9e250d1 NavigationBar0 (server)'"}
{'timestamp': 1702276322390, 'level': 'ALL', 'message': '12-11 08:31:54.247 31652  1224 E BiometricService: Enabled callback binder died'}
{'timestamp': 1702276322390, 'level': 'ALL', 'message': '12-11 08:31:54.256 31652 32570 E FingerprintService: Lockout reset callback binder died'}
{'timestamp': 1702276322390, 'level': 'ALL', 'message': "12-11 08:31:54.260 31652  1230 W WindowManager: Failed to report 'resized' to Window{ff0aa83 u0 com.android.systemui.ImageWallpaper} due to android.os.DeadObjectException"}
{'timestamp': 1702276322390, 'level': 'ALL', 'message': '12-11 08:31:54.262 31652  1218 I ActivityManager: Process com.android.systemui (pid 11030) has died: pers PER'}
{'timestamp': 1702276322390, 'level': 'ALL', 'message': '12-11 08:31:54.264 31652 31748 I libprocessgroup: Successfully killed process cgroup uid 10144 pid 11030 in 0ms'}
{'timestamp': 1702276322390, 'level': 'ALL', 'message': '12-11 08:31:54.272 31652 31652 W WallpaperManagerService: Wallpaper service gone: ComponentInfo{com.android.systemui/com.android.systemui.ImageWallpaper}'}
{'timestamp': 1702276322390, 'level': 'ALL', 'message': '12-11 08:31:54.273 31652 31652 W WallpaperManagerService: Wallpaper service gone: ComponentInfo{com.android.systemui/com.android.systemui.ImageWallpaper}'}
{'timestamp': 1702276322390, 'level': 'ALL', 'message': '12-11 08:31:54.275 31652 32570 I StatusBarManagerService: binder died for pkg=com.android.systemui'}
{'timestamp': 1702276322390, 'level': 'ALL', 'message': '12-11 08:31:54.278 31652  1230 D ConnectivityService: ConnectivityService NetworkRequestInfo binderDied(NetworkRequest [ TRACK_DEFAULT id=103, [ Capabilities: INTERNET&NOT_RESTRICTED&TRUSTED Uid: 10144 AdministratorUids: [] RequestorUid: 10144 RequestorPackageName: com.android.systemui] ], android.os.BinderProxy@4a5c540)'}
{'timestamp': 1702276322390, 'level': 'ALL', 'message': '12-11 08:31:54.279 31652  1230 D ConnectivityService: ConnectivityService NetworkRequestInfo binderDied(NetworkRequest [ LISTEN id=101, [ Transports: WIFI Capabilities: NOT_VPN AdministratorUids: [] RequestorUid: 10144 RequestorPackageName: com.android.systemui] ], android.os.BinderProxy@c2eac79)'}
{'timestamp': 1702276322390, 'level': 'ALL', 'message': '12-11 08:31:54.279 31652  1229 I WindowManager: WIN DEATH: Window{430c8b8 u0 ScreenDecorOverlay}'}
{'timestamp': 1702276322390, 'level': 'ALL', 'message': "12-11 08:31:54.279 31652  1229 W InputDispatcher: Attempted to unregister already unregistered input channel '430c8b8 ScreenDecorOverlay (server)'"}
{'timestamp': 1702276322390, 'level': 'ALL', 'message': '12-11 08:31:54.279 31652 31995 D ConnectivityService: releasing NetworkRequest [ TRACK_DEFAULT id=103, [ Capabilities: INTERNET&NOT_RESTRICTED&TRUSTED Uid: 10144 AdministratorUids: [] RequestorUid: 10144 RequestorPackageName: com.android.systemui] ] (release request)'}
{'timestamp': 1702276322390, 'level': 'ALL', 'message': '12-11 08:31:54.283 31652 31667 D ConnectivityService: ConnectivityService NetworkRequestInfo binderDied(NetworkRequest [ LISTEN id=104, [ AdministratorUids: [] RequestorUid: 10144 RequestorPackageName: com.android.systemui] ], android.os.BinderProxy@5e49735)'}
{'timestamp': 1702276322390, 'level': 'ALL', 'message': '12-11 08:31:54.292 31652  1224 W WindowManager: Cannot find window which accessibility connection is added to'}
{'timestamp': 1702276322390, 'level': 'ALL', 'message': '12-11 08:31:54.292 31652   995 I WindowManager: WIN DEATH: Window{ff0aa83 u0 com.android.systemui.ImageWallpaper}'}
{'timestamp': 1702276322390, 'level': 'ALL', 'message': "12-11 08:31:54.293 31652   995 W InputDispatcher: Attempted to unregister already unregistered input channel 'ff0aa83 com.android.systemui.ImageWallpaper (server)'"}
{'timestamp': 1702276322390, 'level': 'ALL', 'message': '12-11 08:31:54.307 31652  1224 D NotificationListeners: Removing active service ComponentInfo{com.android.systemui/com.android.systemui.statusbar.NotificationListener}'}
{'timestamp': 1702276322390, 'level': 'ALL', 'message': '12-11 08:31:54.308 31652  1229 W AS.AudioService: Current remote volume controller died, unregistering'}
{'timestamp': 1702276322390, 'level': 'ALL', 'message': '12-11 08:31:54.309 31652  1229 W VolumeController: Error calling dismiss'}
{'timestamp': 1702276322390, 'level': 'ALL', 'message': '12-11 08:31:54.309 31652  1229 W VolumeController: android.os.DeadObjectException'}
{'timestamp': 1702276322390, 'level': 'ALL', 'message': '12-11 08:31:54.309 31652  1229 W VolumeController: \tat android.os.BinderProxy.transactNative(Native Method)'}
{'timestamp': 1702276322390, 'level': 'ALL', 'message': '12-11 08:31:54.309 31652  1229 W VolumeController: \tat android.os.BinderProxy.transact(BinderProxy.java:540)'}
{'timestamp': 1702276322390, 'level': 'ALL', 'message': '12-11 08:31:54.309 31652  1229 W VolumeController: \tat android.media.IVolumeController$Stub$Proxy.dismiss(IVolumeController.java:260)'}
{'timestamp': 1702276322390, 'level': 'ALL', 'message': '12-11 08:31:54.309 31652  1229 W VolumeController: \tat com.android.server.audio.AudioService$VolumeController.postDismiss(AudioService.java:7743)'}
{'timestamp': 1702276322390, 'level': 'ALL', 'message': '12-11 08:31:54.309 31652  1229 W VolumeController: \tat com.android.server.audio.AudioService.setVolumeController(AudioService.java:7569)'}
{'timestamp': 1702276322390, 'level': 'ALL', 'message': '12-11 08:31:54.309 31652  1229 W VolumeController: \tat com.android.server.audio.AudioService$4.binderDied(AudioService.java:7578)'}
{'timestamp': 1702276322390, 'level': 'ALL', 'message': '12-11 08:31:54.309 31652  1229 W VolumeController: \tat android.os.IBinder$DeathRecipient.binderDied(IBinder.java:305)'}
{'timestamp': 1702276322390, 'level': 'ALL', 'message': '12-11 08:31:54.309 31652  1229 W VolumeController: \tat android.os.BinderProxy.sendDeathNotice(BinderProxy.java:654)'}
{'timestamp': 1702276322390, 'level': 'ALL', 'message': '12-11 08:31:54.309 31652 31709 D ActivityTaskManager: Top Process State changed to PROCESS_STATE_TOP_SLEEPING'}
{'timestamp': 1702276322390, 'level': 'ALL', 'message': '12-11 08:31:54.310 31652  1229 D ConnectivityService: ConnectivityService NetworkRequestInfo binderDied(NetworkRequest [ TRACK_DEFAULT id=102, [ Capabilities: INTERNET&NOT_RESTRICTED&TRUSTED Uid: 10144 AdministratorUids: [] RequestorUid: 10144 RequestorPackageName: com.android.systemui] ], android.os.BinderProxy@e238604)'}
{'timestamp': 1702276322390, 'level': 'ALL', 'message': '12-11 08:31:54.315 31652 31995 D ConnectivityService: releasing NetworkRequest [ TRACK_DEFAULT id=102, [ Capabilities: INTERNET&NOT_RESTRICTED&TRUSTED Uid: 10144 AdministratorUids: [] RequestorUid: 10144 RequestorPackageName: com.android.systemui] ] (release request)'}
{'timestamp': 1702276322390, 'level': 'ALL', 'message': '12-11 08:31:54.339 31652 31992 I WindowManager: WIN DEATH: Window{daf070e u0 NotificationShade}'}
{'timestamp': 1702276322390, 'level': 'ALL', 'message': "12-11 08:31:54.339 31652 31992 W InputDispatcher: Attempted to unregister already unregistered input channel 'daf070e NotificationShade (server)'"}
{'timestamp': 1702276322390, 'level': 'ALL', 'message': '12-11 08:31:54.345 31652 32346 I WindowManager: WIN DEATH: Window{429354b u0 StatusBar}'}
{'timestamp': 1702276322390, 'level': 'ALL', 'message': "12-11 08:31:54.345 31652 32346 W InputDispatcher: Attempted to unregister already unregistered input channel '429354b StatusBar (server)'"}
{'timestamp': 1702276322390, 'level': 'ALL', 'message': '12-11 08:31:54.356 31652  1226 W WindowManager: Cannot find window which accessibility connection is added to'}
{'timestamp': 1702276322390, 'level': 'ALL', 'message': '12-11 08:31:54.372 31652 32570 W WindowManager: Cannot find window which accessibility connection is added to'}
{'timestamp': 1702276322390, 'level': 'ALL', 'message': '12-11 08:31:54.374 32351 32351 D Telephony: isEmergencyPreferredAccount: subId=1, activeData=1'}
{'timestamp': 1702276322390, 'level': 'ALL', 'message': '12-11 08:31:54.374 32351 32351 D Telephony: isEmergencyPreferredAccount: Device does not require preference.'}
{'timestamp': 1702276322390, 'level': 'ALL', 'message': '12-11 08:31:54.385 31652  1218 W ActivityManager: Scheduling restart of crashed service com.android.systemui/.ImageWallpaper in 0ms for persistent'}
{'timestamp': 1702276322390, 'level': 'ALL', 'message': '12-11 08:31:54.392 31652  1218 W ActivityManager: Scheduling restart of crashed service com.android.systemui/.SystemUIService in 0ms for persistent'}
{'timestamp': 1702276322390, 'level': 'ALL', 'message': '12-11 08:31:54.393 31652  1218 W ActivityManager: Scheduling restart of crashed service com.android.systemui/.keyguard.KeyguardService in 0ms for persistent'}
{'timestamp': 1702276322390, 'level': 'ALL', 'message': '12-11 08:31:54.393 31652  1218 W ActivityManager: Scheduling restart of crashed service com.android.systemui/.dump.SystemUIAuxiliaryDumpService in 0ms for persistent'}
{'timestamp': 1702276322390, 'level': 'ALL', 'message': '12-11 08:31:54.395 31652  1218 W ActivityManager: Re-adding persistent process ProcessRecord{2b4b2c8 11030:com.android.systemui/u0a144}'}
{'timestamp': 1702276322390, 'level': 'ALL', 'message': '12-11 08:31:54.397 31652  1218 D CompatibilityChangeReporter: Compat change id reported: 135634846; UID 10144; state: DISABLED'}
{'timestamp': 1702276322390, 'level': 'ALL', 'message': '12-11 08:31:54.397 32351 32351 D Telephony: isEmergencyPreferredAccount: subId=1, activeData=1'}
{'timestamp': 1702276322390, 'level': 'ALL', 'message': '12-11 08:31:54.397 32351 32351 D Telephony: isEmergencyPreferredAccount: Device does not require preference.'}
{'timestamp': 1702276322390, 'level': 'ALL', 'message': '12-11 08:31:54.403 31652 31745 D CompatibilityChangeReporter: Compat change id reported: 143937733; UID 10144; state: ENABLED'}
{'timestamp': 1702276322390, 'level': 'ALL', 'message': '12-11 08:31:54.438 31506 31506 D Zygote  : Forked child process 11826'}
{'timestamp': 1702276322390, 'level': 'ALL', 'message': '12-11 08:31:54.440 31652 31745 I ActivityManager: Start proc 11826:com.android.systemui/u0a144 for restart com.android.systemui'}
{'timestamp': 1702276322390, 'level': 'ALL', 'message': '12-11 08:31:54.454 11826 11826 W ndroid.systemu: Unexpected CPU variant for X86 using defaults: x86'}
{'timestamp': 1702276322390, 'level': 'ALL', 'message': '12-11 08:31:54.470 11826 11826 E ndroid.systemu: Not starting debugger since process cannot load the jdwp agent.'}
{'timestamp': 1702276322390, 'level': 'ALL', 'message': '12-11 08:31:54.539   653   653 I dnpg    : onPause'}
{'timestamp': 1702276322390, 'level': 'ALL', 'message': '12-11 08:31:54.571 11826 11826 I ndroid.systemu: The ClassLoaderContext is a special shared library.'}
{'timestamp': 1702276322390, 'level': 'ALL', 'message': '12-11 08:31:54.575   653   653 I dnpg    : onStop'}
{'timestamp': 1702276322390, 'level': 'ALL', 'message': '12-11 08:31:54.601 11826 11826 D NetworkSecurityConfig: No Network Security Config specified, using platform default'}
{'timestamp': 1702276322390, 'level': 'ALL', 'message': '12-11 08:31:54.602 11826 11826 D NetworkSecurityConfig: No Network Security Config specified, using platform default'}
{'timestamp': 1702276322390, 'level': 'ALL', 'message': '12-11 08:31:54.602 11826 11826 V SystemUIService: SystemUIApplication constructed.'}
{'timestamp': 1702276322390, 'level': 'ALL', 'message': '12-11 08:31:54.612   320   320 D goldfish-address-space: claimShared: Ask to claim region [0x3f3d77000 0x3f3ff0000]'}
{'timestamp': 1702276322390, 'level': 'ALL', 'message': '12-11 08:31:54.629 31652 11848 D HostConnection: HostConnection::get() New Host Connection established 0xb2645e90, tid 11848'}
{'timestamp': 1702276322390, 'level': 'ALL', 'message': '12-11 08:31:54.637 31652 11848 D HostConnection: HostComposition ext ANDROID_EMU_CHECKSUM_HELPER_v1 ANDROID_EMU_native_sync_v2 ANDROID_EMU_native_sync_v3 ANDROID_EMU_native_sync_v4 ANDROID_EMU_dma_v1 ANDROID_EMU_direct_mem ANDROID_EMU_vulkan ANDROID_EMU_deferred_vulkan_commands ANDROID_EMU_vulkan_null_optional_strings ANDROID_EMU_vulkan_create_resources_with_requirements ANDROID_EMU_YUV_Cache ANDROID_EMU_vulkan_ignored_handles ANDROID_EMU_has_shared_slots_host_memory_allocator ANDROID_EMU_vulkan_free_memory_sync ANDROID_EMU_vulkan_shader_float16_int8 ANDROID_EMU_vulkan_async_queue_submit ANDROID_EMU_sync_buffer_data ANDROID_EMU_vulkan_async_qsri ANDROID_EMU_read_color_buffer_dma GL_OES_vertex_array_object GL_KHR_texture_compression_astc_ldr ANDROID_EMU_host_side_tracing ANDROID_EMU_gles_max_version_2'}
{'timestamp': 1702276322390, 'level': 'ALL', 'message': '12-11 08:31:54.639 31652 11848 W OpenGLRenderer: Failed to choose config with EGL_SWAP_BEHAVIOR_PRESERVED, retrying without...'}
{'timestamp': 1702276322390, 'level': 'ALL', 'message': '12-11 08:31:54.675 31652 11848 D EGL_emulation: eglCreateContext: 0xb2644a00: maj 2 min 0 rcv 2'}
{'timestamp': 1702276322390, 'level': 'ALL', 'message': '12-11 08:31:54.683 31652 11848 D EGL_emulation: eglMakeCurrent: 0xb2644a00: ver 2 0 (tinfo 0xaff1b310) (first time)'}
{'timestamp': 1702276322390, 'level': 'ALL', 'message': '12-11 08:31:54.686 31652 31666 D HostConnection: HostConnection::get() New Host Connection established 0xed8ba9a0, tid 31666'}
{'timestamp': 1702276322390, 'level': 'ALL', 'message': '12-11 08:31:54.693 31652 31666 D HostConnection: HostComposition ext ANDROID_EMU_CHECKSUM_HELPER_v1 ANDROID_EMU_native_sync_v2 ANDROID_EMU_native_sync_v3 ANDROID_EMU_native_sync_v4 ANDROID_EMU_dma_v1 ANDROID_EMU_direct_mem ANDROID_EMU_vulkan ANDROID_EMU_deferred_vulkan_commands ANDROID_EMU_vulkan_null_optional_strings ANDROID_EMU_vulkan_create_resources_with_requirements ANDROID_EMU_YUV_Cache ANDROID_EMU_vulkan_ignored_handles ANDROID_EMU_has_shared_slots_host_memory_allocator ANDROID_EMU_vulkan_free_memory_sync ANDROID_EMU_vulkan_shader_float16_int8 ANDROID_EMU_vulkan_async_queue_submit ANDROID_EMU_sync_buffer_data ANDROID_EMU_vulkan_async_qsri ANDROID_EMU_read_color_buffer_dma GL_OES_vertex_array_object GL_KHR_texture_compression_astc_ldr ANDROID_EMU_host_side_tracing ANDROID_EMU_gles_max_version_2'}
{'timestamp': 1702276322390, 'level': 'ALL', 'message': '12-11 08:31:54.764 11826 11845 D TelephonyRegistryManager: onSubscriptionsChangedListener callback received.'}
{'timestamp': 1702276322390, 'level': 'ALL', 'message': '12-11 08:31:54.771 31652 31652 D TrustManagerService: Removing dead TrustListener.'}
{'timestamp': 1702276322390, 'level': 'ALL', 'message': '12-11 08:31:54.810 11826 11826 D CompatibilityChangeReporter: Compat change id reported: 147600208; UID 10144; state: ENABLED'}
{'timestamp': 1702276322390, 'level': 'ALL', 'message': "12-11 08:31:54.825 11826 11826 D skia    : --- Failed to create image decoder with message 'unimplemented'"}
{'timestamp': 1702276322390, 'level': 'ALL', 'message': '12-11 08:31:54.868 11826 11826 D MediaResumeListener: loaded resume components []'}
{'timestamp': 1702276322390, 'level': 'ALL', 'message': '12-11 08:31:54.893 11826 11826 W AlarmManager: Unrecognized alarm listener com.android.systemui.keyguard.-$$Lambda$KeyguardSliceProvider$IhzByd8TsqFuOrSyuGurVskyPLo@f69d648'}
{'timestamp': 1702276322390, 'level': 'ALL', 'message': '12-11 08:31:54.908 11826 11826 V SystemUIService: SystemUIApplication created.'}
{'timestamp': 1702276322390, 'level': 'ALL', 'message': '12-11 08:31:54.915 31652 31652 W WindowManager: addWindowToken: Attempted to add binder token: android.os.Binder@177703c for already created window token: WallpaperWindowToken{555371a token=android.os.Binder@177703c} displayId=0'}
{'timestamp': 1702276322390, 'level': 'ALL', 'message': '12-11 08:31:54.922 11826 11826 V SystemUIService: Starting SystemUI services for user 0.'}
{'timestamp': 1702276322390, 'level': 'ALL', 'message': '12-11 08:31:54.946 11826 11826 E ActivityThread: Failed to find provider info for com.google.android.apps.turbo.estimated_time_remaining'}
{'timestamp': 1702276322390, 'level': 'ALL', 'message': '12-11 08:31:54.955 11826 11826 D InterruptionStateProvider: heads up is enabled'}
{'timestamp': 1702276322390, 'level': 'ALL', 'message': '12-11 08:31:54.962 11826 11826 I FalsingManager: xdpi, ydpi: 420.0, 420.0'}
{'timestamp': 1702276322390, 'level': 'ALL', 'message': '12-11 08:31:54.962 11826 11826 I FalsingManager: width, height: 1080, 2138'}
{'timestamp': 1702276322390, 'level': 'ALL', 'message': '12-11 08:31:54.971 11826 11826 D NavigationModeController: getCurrentUserContext: contextUser=0 currentUser=0'}
{'timestamp': 1702276322390, 'level': 'ALL', 'message': '12-11 08:31:54.973 11826 11826 D NavigationModeController: getCurrentInteractionMode: mode=0 contextUser=0'}
{'timestamp': 1702276322390, 'level': 'ALL', 'message': '12-11 08:31:54.976 11826 11826 E NavigationModeController: updateCurrentInteractionMode: mode=0'}
{'timestamp': 1702276322390, 'level': 'ALL', 'message': '12-11 08:31:54.977 11826 11826 D NavigationModeController:   contextUser=0'}
{'timestamp': 1702276322390, 'level': 'ALL', 'message': '12-11 08:31:54.977 11826 11826 D NavigationModeController:   assetPaths='}
{'timestamp': 1702276322390, 'level': 'ALL', 'message': '12-11 08:31:54.977 11826 11826 D NavigationModeController:     /system/framework/framework-res.apk'}
{'timestamp': 1702276322390, 'level': 'ALL', 'message': '12-11 08:31:54.977 11826 11826 D NavigationModeController:     /product/overlay/GoogleConfigOverlay.apk'}
{'timestamp': 1702276322390, 'level': 'ALL', 'message': '12-11 08:31:54.977 11826 11826 D NavigationModeController:     /product/overlay/GoogleWebViewOverlay.apk'}
{'timestamp': 1702276322390, 'level': 'ALL', 'message': '12-11 08:31:54.977 11826 11826 D NavigationModeController:     /product/overlay/PixelConfigOverlayCommon.apk'}
{'timestamp': 1702276322390, 'level': 'ALL', 'message': '12-11 08:31:54.977 11826 11826 D NavigationModeController:     /product/overlay/framework-res__auto_generated_rro_product.apk'}
{'timestamp': 1702276322390, 'level': 'ALL', 'message': '12-11 08:31:54.977 11826 11826 D NavigationModeController:     /product/overlay/EmulatorConfigOverlay.apk'}
{'timestamp': 1702276322390, 'level': 'ALL', 'message': '12-11 08:31:54.977 11826 11826 D NavigationModeController:     /system_ext/priv-app/SystemUIGoogle/SystemUIGoogle.apk'}
{'timestamp': 1702276322390, 'level': 'ALL', 'message': '12-11 08:31:54.977 11826 11826 D NavigationModeController:     /product/overlay/DisplayCutoutEmulationHole/DisplayCutoutEmulationHoleOverlay.apk'}
{'timestamp': 1702276322390, 'level': 'ALL', 'message': '12-11 08:31:54.978 11826 11826 D NavigationModeController:     /product/overlay/SystemUIGoogle__auto_generated_rro_product.apk'}
{'timestamp': 1702276322390, 'level': 'ALL', 'message': '12-11 08:31:54.979 11826 11826 D NavigationModeController: getCurrentInteractionMode: mode=0 contextUser=0'}
{'timestamp': 1702276322390, 'level': 'ALL', 'message': '12-11 08:31:55.006 11826 11826 V MediaRouter: Selecting route: RouteInfo{ name=Phone, description=null, status=null, category=RouteCategory{ name=System types=ROUTE_TYPE_LIVE_AUDIO ROUTE_TYPE_LIVE_VIDEO  groupable=false }, supportedTypes=ROUTE_TYPE_LIVE_AUDIO ROUTE_TYPE_LIVE_VIDEO , presentationDisplay=null }'}
{'timestamp': 1702276322390, 'level': 'ALL', 'message': '12-11 08:31:55.019 11826 11859 D KeyguardViewMediator: updateActivityLockScreenState(false, false)'}
{'timestamp': 1702276322390, 'level': 'ALL', 'message': '12-11 08:31:55.028 31652 31666 D ActivityTaskManager: Top Process State changed to PROCESS_STATE_TOP'}
{'timestamp': 1702276322390, 'level': 'ALL', 'message': '12-11 08:31:55.033 31652 31666 W InputReader: Device virtio_input_multi_touch_10 is associated with display ADISPLAY_ID_NONE.'}
{'timestamp': 1702276322390, 'level': 'ALL', 'message': '12-11 08:31:55.033 31652 31666 W InputReader: Device virtio_input_multi_touch_4 is associated with display ADISPLAY_ID_NONE.'}
{'timestamp': 1702276322390, 'level': 'ALL', 'message': '12-11 08:31:55.033 31652 31666 W InputReader: Device virtio_input_multi_touch_11 is associated with display ADISPLAY_ID_NONE.'}
{'timestamp': 1702276322390, 'level': 'ALL', 'message': '12-11 08:31:55.033 31652 31666 W InputReader: Device virtio_input_multi_touch_5 is associated with display ADISPLAY_ID_NONE.'}
{'timestamp': 1702276322390, 'level': 'ALL', 'message': '12-11 08:31:55.033 31652 31666 W InputReader: Device virtio_input_multi_touch_2 is associated with display ADISPLAY_ID_NONE.'}
{'timestamp': 1702276322390, 'level': 'ALL', 'message': '12-11 08:31:55.033 31652 31666 W InputReader: Device virtio_input_multi_touch_9 is associated with display ADISPLAY_ID_NONE.'}
{'timestamp': 1702276322390, 'level': 'ALL', 'message': '12-11 08:31:55.033 31652 31666 W InputReader: Device virtio_input_multi_touch_6 is associated with display ADISPLAY_ID_NONE.'}
{'timestamp': 1702276322390, 'level': 'ALL', 'message': '12-11 08:31:55.033 31652 31666 W InputReader: Device virtio_input_multi_touch_7 is associated with display ADISPLAY_ID_NONE.'}
{'timestamp': 1702276322390, 'level': 'ALL', 'message': '12-11 08:31:55.033 31652 31666 W InputReader: Device virtio_input_multi_touch_3 is associated with display ADISPLAY_ID_NONE.'}
{'timestamp': 1702276322390, 'level': 'ALL', 'message': '12-11 08:31:55.033 31652 31666 W InputReader: Device virtio_input_multi_touch_8 is associated with display ADISPLAY_ID_NONE.'}
{'timestamp': 1702276322390, 'level': 'ALL', 'message': '12-11 08:31:55.035 31652 31666 W InputReader: Device virtio_input_multi_touch_10 is associated with display ADISPLAY_ID_NONE.'}
{'timestamp': 1702276322390, 'level': 'ALL', 'message': '12-11 08:31:55.035 31652 31666 W InputReader: Device virtio_input_multi_touch_4 is associated with display ADISPLAY_ID_NONE.'}
{'timestamp': 1702276322390, 'level': 'ALL', 'message': '12-11 08:31:55.035 31652 31666 W InputReader: Device virtio_input_multi_touch_11 is associated with display ADISPLAY_ID_NONE.'}
{'timestamp': 1702276322390, 'level': 'ALL', 'message': '12-11 08:31:55.035 31652 31666 W InputReader: Device virtio_input_multi_touch_5 is associated with display ADISPLAY_ID_NONE.'}
{'timestamp': 1702276322390, 'level': 'ALL', 'message': '12-11 08:31:55.035 31652 31666 W InputReader: Device virtio_input_multi_touch_2 is associated with display ADISPLAY_ID_NONE.'}
{'timestamp': 1702276322390, 'level': 'ALL', 'message': '12-11 08:31:55.035 31652 31666 W InputReader: Device virtio_input_multi_touch_9 is associated with display ADISPLAY_ID_NONE.'}
{'timestamp': 1702276322390, 'level': 'ALL', 'message': '12-11 08:31:55.035 31652 31666 W InputReader: Device virtio_input_multi_touch_6 is associated with display ADISPLAY_ID_NONE.'}
{'timestamp': 1702276322390, 'level': 'ALL', 'message': '12-11 08:31:55.035 31652 31666 W InputReader: Device virtio_input_multi_touch_7 is associated with display ADISPLAY_ID_NONE.'}
{'timestamp': 1702276322390, 'level': 'ALL', 'message': '12-11 08:31:55.035 31652 31666 W InputReader: Device virtio_input_multi_touch_3 is associated with display ADISPLAY_ID_NONE.'}
{'timestamp': 1702276322390, 'level': 'ALL', 'message': '12-11 08:31:55.040 31652 31666 W InputReader: Device virtio_input_multi_touch_8 is associated with display ADISPLAY_ID_NONE.'}
{'timestamp': 1702276322390, 'level': 'ALL', 'message': '12-11 08:31:55.075   320   320 D goldfish-address-space: claimShared: Ask to claim region [0x3f0000000 0x3f09e4000]'}
{'timestamp': 1702276322390, 'level': 'ALL', 'message': '12-11 08:31:55.095 11826 11826 D KeyguardViewMediator: adjustStatusBarLocked: mShowing=false mOccluded=false isSecure=false force=false --> flags=0x0'}
{'timestamp': 1702276322390, 'level': 'ALL', 'message': '12-11 08:31:55.101 11826 11862 D CCodec  : allocate(c2.android.vorbis.decoder)'}
{'timestamp': 1702276322390, 'level': 'ALL', 'message': '12-11 08:31:55.113 11826 11862 I Codec2Client: Available Codec2 services: "software"'}
{'timestamp': 1702276322390, 'level': 'ALL', 'message': '12-11 08:31:55.120   456  3009 V C2Store : in init'}
{'timestamp': 1702276322390, 'level': 'ALL', 'message': '12-11 08:31:55.121   456  3009 V C2Store : loading dll'}
{'timestamp': 1702276322390, 'level': 'ALL', 'message': '12-11 08:31:55.124 31652 31712 W ActivityManager: setHasOverlayUi called on unknown pid: 11030'}
{'timestamp': 1702276322390, 'level': 'ALL', 'message': '12-11 08:31:55.138 11826 11862 I CCodec  : Created component [c2.android.vorbis.decoder]'}
{'timestamp': 1702276322390, 'level': 'ALL', 'message': '12-11 08:31:55.139 11826 11862 D CCodecConfig: read media type: audio/vorbis'}
{'timestamp': 1702276322390, 'level': 'ALL', 'message': '12-11 08:31:55.141 11826 11862 D ReflectedParamUpdater: extent() != 1 for single value type: algo.buffers.max-count.values'}
{'timestamp': 1702276322390, 'level': 'ALL', 'message': '12-11 08:31:55.141 11826 11862 D ReflectedParamUpdater: extent() != 1 for single value type: output.subscribed-indices.values'}
{'timestamp': 1702276322390, 'level': 'ALL', 'message': '12-11 08:31:55.142 11826 11862 D ReflectedParamUpdater: extent() != 1 for single value type: input.buffers.allocator-ids.values'}
{'timestamp': 1702276322390, 'level': 'ALL', 'message': '12-11 08:31:55.142 11826 11862 D ReflectedParamUpdater: extent() != 1 for single value type: output.buffers.allocator-ids.values'}
{'timestamp': 1702276322390, 'level': 'ALL', 'message': '12-11 08:31:55.143 11826 11862 D ReflectedParamUpdater: extent() != 1 for single value type: algo.buffers.allocator-ids.values'}
{'timestamp': 1702276322390, 'level': 'ALL', 'message': '12-11 08:31:55.143 11826 11862 D ReflectedParamUpdater: extent() != 1 for single value type: output.buffers.pool-ids.values'}
{'timestamp': 1702276322390, 'level': 'ALL', 'message': '12-11 08:31:55.143 11826 11862 D ReflectedParamUpdater: extent() != 1 for single value type: algo.buffers.pool-ids.values'}
{'timestamp': 1702276322390, 'level': 'ALL', 'message': '12-11 08:31:55.148 11826 11862 I CCodecConfig: query failed after returning 7 values (BAD_INDEX)'}
{'timestamp': 1702276322390, 'level': 'ALL', 'message': '12-11 08:31:55.148 11826 11862 D CCodecConfig: c2 config diff is Dict {'}
{'timestamp': 1702276322390, 'level': 'ALL', 'message': '12-11 08:31:55.148 11826 11862 D CCodecConfig:   c2::u32 coded.bitrate.value = 64000'}
{'timestamp': 1702276322390, 'level': 'ALL', 'message': '12-11 08:31:55.148 11826 11862 D CCodecConfig:   c2::u32 input.buffers.max-size.value = 32768'}
{'timestamp': 1702276322390, 'level': 'ALL', 'message': '12-11 08:31:55.148 11826 11862 D CCodecConfig:   c2::u32 input.delay.value = 0'}
{'timestamp': 1702276322390, 'level': 'ALL', 'message': '12-11 08:31:55.148 11826 11862 D CCodecConfig:   string input.media-type.value = "audio/vorbis"'}
{'timestamp': 1702276322390, 'level': 'ALL', 'message': '12-11 08:31:55.148 11826 11862 D CCodecConfig:   string output.media-type.value = "audio/raw"'}
{'timestamp': 1702276322390, 'level': 'ALL', 'message': '12-11 08:31:55.148 11826 11862 D CCodecConfig:   c2::u32 raw.channel-count.value = 1'}
{'timestamp': 1702276322390, 'level': 'ALL', 'message': '12-11 08:31:55.148 11826 11862 D CCodecConfig:   c2::u32 raw.sample-rate.value = 48000'}
{'timestamp': 1702276322390, 'level': 'ALL', 'message': '12-11 08:31:55.148 11826 11862 D CCodecConfig: }'}
{'timestamp': 1702276322390, 'level': 'ALL', 'message': '12-11 08:31:55.151   320   320 D goldfish-address-space: claimShared: Ask to claim region [0x3f09e4000 0x3f13c8000]'}
{'timestamp': 1702276322390, 'level': 'ALL', 'message': '12-11 08:31:55.152 11826 11862 D CCodec  : [c2.android.vorbis.decoder] buffers are bound to CCodec for this session'}
{'timestamp': 1702276322390, 'level': 'ALL', 'message': '12-11 08:31:55.152 11826 11862 D CCodecConfig: no c2 equivalents for durationUs'}
{'timestamp': 1702276322390, 'level': 'ALL', 'message': '12-11 08:31:55.152 11826 11862 D CCodecConfig: no c2 equivalents for track-id'}
{'timestamp': 1702276322390, 'level': 'ALL', 'message': '12-11 08:31:55.152 11826 11862 D CCodecConfig: no c2 equivalents for csd-1'}
{'timestamp': 1702276322390, 'level': 'ALL', 'message': '12-11 08:31:55.152 11826 11862 D CCodecConfig: no c2 equivalents for channel-mask'}
{'timestamp': 1702276322390, 'level': 'ALL', 'message': '12-11 08:31:55.153 11826 11862 D CCodecConfig: no c2 equivalents for flags'}
{'timestamp': 1702276322390, 'level': 'ALL', 'message': '12-11 08:31:55.157 11826 11862 D CCodecConfig: c2 config diff is   c2::u32 raw.channel-count.value = 2'}
{'timestamp': 1702276322390, 'level': 'ALL', 'message': '12-11 08:31:55.157 11826 11862 D CCodecConfig:   c2::u32 raw.sample-rate.value = 44100'}
{'timestamp': 1702276322390, 'level': 'ALL', 'message': '12-11 08:31:55.159 11826 11862 W Codec2Client: query -- param skipped: index = 1107298332.'}
{'timestamp': 1702276322390, 'level': 'ALL', 'message': '12-11 08:31:55.159 11826 11862 D CCodec  : setup formats input: AMessage(what = 0x00000000) = {'}
{'timestamp': 1702276322390, 'level': 'ALL', 'message': '12-11 08:31:55.159 11826 11862 D CCodec  :   int32_t channel-count = 2'}
{'timestamp': 1702276322390, 'level': 'ALL', 'message': '12-11 08:31:55.159 11826 11862 D CCodec  :   int32_t max-input-size = 32768'}
{'timestamp': 1702276322390, 'level': 'ALL', 'message': '12-11 08:31:55.159 11826 11862 D CCodec  :   string mime = "audio/vorbis"'}
{'timestamp': 1702276322390, 'level': 'ALL', 'message': '12-11 08:31:55.159 11826 11862 D CCodec  :   int32_t sample-rate = 44100'}
{'timestamp': 1702276322390, 'level': 'ALL', 'message': '12-11 08:31:55.159 11826 11862 D CCodec  : } and output: AMessage(what = 0x00000000) = {'}
{'timestamp': 1702276322390, 'level': 'ALL', 'message': '12-11 08:31:55.159 11826 11862 D CCodec  :   int32_t channel-count = 2'}
{'timestamp': 1702276322390, 'level': 'ALL', 'message': '12-11 08:31:55.159 11826 11862 D CCodec  :   string mime = "audio/raw"'}
{'timestamp': 1702276322390, 'level': 'ALL', 'message': '12-11 08:31:55.159 11826 11862 D CCodec  :   int32_t sample-rate = 44100'}
{'timestamp': 1702276322390, 'level': 'ALL', 'message': '12-11 08:31:55.159 11826 11862 D CCodec  :   int32_t channel-mask = 3'}
{'timestamp': 1702276322390, 'level': 'ALL', 'message': '12-11 08:31:55.159 11826 11862 D CCodec  : }'}
{'timestamp': 1702276322390, 'level': 'ALL', 'message': '12-11 08:31:55.162 11826 11862 W Codec2Client: query -- param skipped: index = 1342179345.'}
{'timestamp': 1702276322390, 'level': 'ALL', 'message': '12-11 08:31:55.162 11826 11862 W Codec2Client: query -- param skipped: index = 2415921170.'}
{'timestamp': 1702276322390, 'level': 'ALL', 'message': '12-11 08:31:55.163 11826 11862 E FMQ     : grantorIdx must be less than 3'}
{'timestamp': 1702276322390, 'level': 'ALL', 'message': '12-11 08:31:55.163 11826 11862 E FMQ     : grantorIdx must be less than 3'}
{'timestamp': 1702276322390, 'level': 'ALL', 'message': '12-11 08:31:55.163 11826 11862 D CCodecBufferChannel: [c2.android.vorbis.decoder#288] Created input block pool with allocatorID 16 => poolID 17 - OK (0)'}
{'timestamp': 1702276322390, 'level': 'ALL', 'message': '12-11 08:31:55.164   456   981 E FMQ     : grantorIdx must be less than 3'}
{'timestamp': 1702276322390, 'level': 'ALL', 'message': '12-11 08:31:55.164   456   981 E FMQ     : grantorIdx must be less than 3'}
{'timestamp': 1702276322390, 'level': 'ALL', 'message': '12-11 08:31:55.164 11826 11862 I CCodecBufferChannel: [c2.android.vorbis.decoder#288] Created output block pool with allocatorID 16 => poolID 130 - OK'}
{'timestamp': 1702276322390, 'level': 'ALL', 'message': '12-11 08:31:55.164 11826 11862 D CCodecBufferChannel: [c2.android.vorbis.decoder#288] Configured output block pool ids 130 => OK'}
{'timestamp': 1702276322390, 'level': 'ALL', 'message': '12-11 08:31:55.166 11826 11862 E ion     : ioctl c0044901 failed with code -1: Inappropriate ioctl for device'}
{'timestamp': 1702276322390, 'level': 'ALL', 'message': '12-11 08:31:55.169   456 11867 D SimpleC2Component: Using output block pool with poolID 130 => got 130 - 0'}
{'timestamp': 1702276322390, 'level': 'ALL', 'message': '12-11 08:31:55.174   320   320 D goldfish-address-space: claimShared: Ask to claim region [0x3f13c8000 0x3f1dac000]'}
{'timestamp': 1702276322390, 'level': 'ALL', 'message': '12-11 08:31:55.176   320   354 D goldfish-address-space: claimShared: Ask to claim region [0x3f1dac000 0x3f2790000]'}
{'timestamp': 1702276322391, 'level': 'ALL', 'message': '12-11 08:31:55.178   653   653 I dnpg    : onStart'}
{'timestamp': 1702276322391, 'level': 'ALL', 'message': '12-11 08:31:55.181 11826 11862 E FMQ     : grantorIdx must be less than 3'}
{'timestamp': 1702276322391, 'level': 'ALL', 'message': '12-11 08:31:55.181   456   981 E FMQ     : grantorIdx must be less than 3'}
{'timestamp': 1702276322391, 'level': 'ALL', 'message': '12-11 08:31:55.182   653   653 I dnpg    : onResume'}
{'timestamp': 1702276322391, 'level': 'ALL', 'message': '12-11 08:31:55.207 11826 11870 D CCodec  : allocate(c2.android.vorbis.decoder)'}
{'timestamp': 1702276322391, 'level': 'ALL', 'message': '12-11 08:31:55.209 11826 11870 I CCodec  : Created component [c2.android.vorbis.decoder]'}
{'timestamp': 1702276322391, 'level': 'ALL', 'message': '12-11 08:31:55.210 11826 11870 D CCodecConfig: read media type: audio/vorbis'}
{'timestamp': 1702276322391, 'level': 'ALL', 'message': '12-11 08:31:55.214 11826 11870 D ReflectedParamUpdater: extent() != 1 for single value type: algo.buffers.max-count.values'}
{'timestamp': 1702276322391, 'level': 'ALL', 'message': '12-11 08:31:55.216 11826 11870 D ReflectedParamUpdater: extent() != 1 for single value type: output.subscribed-indices.values'}
{'timestamp': 1702276322391, 'level': 'ALL', 'message': '12-11 08:31:55.218 11826 11870 D ReflectedParamUpdater: extent() != 1 for single value type: input.buffers.allocator-ids.values'}
{'timestamp': 1702276322391, 'level': 'ALL', 'message': '12-11 08:31:55.219 11826 11870 D ReflectedParamUpdater: extent() != 1 for single value type: output.buffers.allocator-ids.values'}
{'timestamp': 1702276322391, 'level': 'ALL', 'message': '12-11 08:31:55.220 11826 11870 D ReflectedParamUpdater: extent() != 1 for single value type: algo.buffers.allocator-ids.values'}
{'timestamp': 1702276322391, 'level': 'ALL', 'message': '12-11 08:31:55.222 11826 11870 D ReflectedParamUpdater: extent() != 1 for single value type: output.buffers.pool-ids.values'}
{'timestamp': 1702276322391, 'level': 'ALL', 'message': '12-11 08:31:55.222 11826 11870 D ReflectedParamUpdater: extent() != 1 for single value type: algo.buffers.pool-ids.values'}
{'timestamp': 1702276322391, 'level': 'ALL', 'message': '12-11 08:31:55.226 11826 11870 I CCodecConfig: query failed after returning 7 values (BAD_INDEX)'}
{'timestamp': 1702276322391, 'level': 'ALL', 'message': '12-11 08:31:55.226 11826 11870 D CCodecConfig: c2 config diff is Dict {'}
{'timestamp': 1702276322391, 'level': 'ALL', 'message': '12-11 08:31:55.226 11826 11870 D CCodecConfig:   c2::u32 coded.bitrate.value = 64000'}
{'timestamp': 1702276322391, 'level': 'ALL', 'message': '12-11 08:31:55.226 11826 11870 D CCodecConfig:   c2::u32 input.buffers.max-size.value = 32768'}
{'timestamp': 1702276322391, 'level': 'ALL', 'message': '12-11 08:31:55.226 11826 11870 D CCodecConfig:   c2::u32 input.delay.value = 0'}
{'timestamp': 1702276322391, 'level': 'ALL', 'message': '12-11 08:31:55.226 11826 11870 D CCodecConfig:   string input.media-type.value = "audio/vorbis"'}
{'timestamp': 1702276322391, 'level': 'ALL', 'message': '12-11 08:31:55.226 11826 11870 D CCodecConfig:   string output.media-type.value = "audio/raw"'}
{'timestamp': 1702276322391, 'level': 'ALL', 'message': '12-11 08:31:55.226 11826 11870 D CCodecConfig:   c2::u32 raw.channel-count.value = 1'}
{'timestamp': 1702276322391, 'level': 'ALL', 'message': '12-11 08:31:55.226 11826 11870 D CCodecConfig:   c2::u32 raw.sample-rate.value = 48000'}
{'timestamp': 1702276322391, 'level': 'ALL', 'message': '12-11 08:31:55.226 11826 11870 D CCodecConfig: }'}
{'timestamp': 1702276322391, 'level': 'ALL', 'message': '12-11 08:31:55.227   320   354 D goldfish-address-space: claimShared: Ask to claim region [0x3f2790000 0x3f3174000]'}
{'timestamp': 1702276322391, 'level': 'ALL', 'message': '12-11 08:31:55.230   320   320 D goldfish-address-space: claimShared: Ask to claim region [0x3f4000000 0x3f49e4000]'}
{'timestamp': 1702276322391, 'level': 'ALL', 'message': '12-11 08:31:55.237 11826 11870 D CCodec  : [c2.android.vorbis.decoder] buffers are bound to CCodec for this session'}
{'timestamp': 1702276322391, 'level': 'ALL', 'message': '12-11 08:31:55.237 11826 11870 D CCodecConfig: no c2 equivalents for durationUs'}
{'timestamp': 1702276322391, 'level': 'ALL', 'message': '12-11 08:31:55.237 11826 11870 D CCodecConfig: no c2 equivalents for track-id'}
{'timestamp': 1702276322391, 'level': 'ALL', 'message': '12-11 08:31:55.237 11826 11870 D CCodecConfig: no c2 equivalents for csd-1'}
{'timestamp': 1702276322391, 'level': 'ALL', 'message': '12-11 08:31:55.237 11826 11870 D CCodecConfig: no c2 equivalents for channel-mask'}
{'timestamp': 1702276322391, 'level': 'ALL', 'message': '12-11 08:31:55.237 11826 11870 D CCodecConfig: no c2 equivalents for flags'}
{'timestamp': 1702276322391, 'level': 'ALL', 'message': '12-11 08:31:55.241 11826 11870 D CCodecConfig: c2 config diff is   c2::u32 raw.channel-count.value = 2'}
{'timestamp': 1702276322391, 'level': 'ALL', 'message': '12-11 08:31:55.241 11826 11870 D CCodecConfig:   c2::u32 raw.sample-rate.value = 44100'}
{'timestamp': 1702276322391, 'level': 'ALL', 'message': '12-11 08:31:55.243 11826 11870 W Codec2Client: query -- param skipped: index = 1107298332.'}
{'timestamp': 1702276322391, 'level': 'ALL', 'message': '12-11 08:31:55.243 11826 11870 D CCodec  : setup formats input: AMessage(what = 0x00000000) = {'}
{'timestamp': 1702276322391, 'level': 'ALL', 'message': '12-11 08:31:55.243 11826 11870 D CCodec  :   int32_t channel-count = 2'}
{'timestamp': 1702276322391, 'level': 'ALL', 'message': '12-11 08:31:55.243 11826 11870 D CCodec  :   int32_t max-input-size = 32768'}
{'timestamp': 1702276322391, 'level': 'ALL', 'message': '12-11 08:31:55.243 11826 11870 D CCodec  :   string mime = "audio/vorbis"'}
{'timestamp': 1702276322391, 'level': 'ALL', 'message': '12-11 08:31:55.243 11826 11870 D CCodec  :   int32_t sample-rate = 44100'}
{'timestamp': 1702276322391, 'level': 'ALL', 'message': '12-11 08:31:55.243 11826 11870 D CCodec  : } and output: AMessage(what = 0x00000000) = {'}
{'timestamp': 1702276322391, 'level': 'ALL', 'message': '12-11 08:31:55.243 11826 11870 D CCodec  :   int32_t channel-count = 2'}
{'timestamp': 1702276322391, 'level': 'ALL', 'message': '12-11 08:31:55.243 11826 11870 D CCodec  :   string mime = "audio/raw"'}
{'timestamp': 1702276322391, 'level': 'ALL', 'message': '12-11 08:31:55.243 11826 11870 D CCodec  :   int32_t sample-rate = 44100'}
{'timestamp': 1702276322391, 'level': 'ALL', 'message': '12-11 08:31:55.243 11826 11870 D CCodec  :   int32_t channel-mask = 3'}
{'timestamp': 1702276322391, 'level': 'ALL', 'message': '12-11 08:31:55.243 11826 11870 D CCodec  : }'}
{'timestamp': 1702276322391, 'level': 'ALL', 'message': '12-11 08:31:55.247 11826 11870 W Codec2Client: query -- param skipped: index = 1342179345.'}
{'timestamp': 1702276322391, 'level': 'ALL', 'message': '12-11 08:31:55.247 11826 11870 W Codec2Client: query -- param skipped: index = 2415921170.'}
{'timestamp': 1702276322391, 'level': 'ALL', 'message': '12-11 08:31:55.247 11826 11870 E FMQ     : grantorIdx must be less than 3'}
{'timestamp': 1702276322391, 'level': 'ALL', 'message': '12-11 08:31:55.248 11826 11870 E FMQ     : grantorIdx must be less than 3'}
{'timestamp': 1702276322391, 'level': 'ALL', 'message': '12-11 08:31:55.248 11826 11870 D CCodecBufferChannel: [c2.android.vorbis.decoder#457] Created input block pool with allocatorID 16 => poolID 18 - OK (0)'}
{'timestamp': 1702276322391, 'level': 'ALL', 'message': '12-11 08:31:55.254   456   981 E FMQ     : grantorIdx must be less than 3'}
{'timestamp': 1702276322391, 'level': 'ALL', 'message': '12-11 08:31:55.255   456   981 E FMQ     : grantorIdx must be less than 3'}
{'timestamp': 1702276322391, 'level': 'ALL', 'message': '12-11 08:31:55.255   456 11867 E FMQ     : grantorIdx must be less than 3'}
{'timestamp': 1702276322391, 'level': 'ALL', 'message': '12-11 08:31:55.255 11826 11866 E FMQ     : grantorIdx must be less than 3'}
{'timestamp': 1702276322391, 'level': 'ALL', 'message': '12-11 08:31:55.257 11826 11870 I CCodecBufferChannel: [c2.android.vorbis.decoder#457] Created output block pool with allocatorID 16 => poolID 131 - OK'}
{'timestamp': 1702276322391, 'level': 'ALL', 'message': '12-11 08:31:55.257 11826 11870 D CCodecBufferChannel: [c2.android.vorbis.decoder#457] Configured output block pool ids 131 => OK'}
{'timestamp': 1702276322391, 'level': 'ALL', 'message': '12-11 08:31:55.277   456 11871 D SimpleC2Component: Using output block pool with poolID 131 => got 131 - 0'}
{'timestamp': 1702276322391, 'level': 'ALL', 'message': '12-11 08:31:55.283 11826 11870 E FMQ     : grantorIdx must be less than 3'}
{'timestamp': 1702276322391, 'level': 'ALL', 'message': '12-11 08:31:55.283   456   981 E FMQ     : grantorIdx must be less than 3'}
{'timestamp': 1702276322391, 'level': 'ALL', 'message': '12-11 08:31:55.299 31652  1218 W ActivityManager: Unable to start service Intent { act=android.service.appprediction.AppPredictionService cmp=com.google.android.as/com.google.android.apps.miphone.aiai.app.AiAiPredictionService } U=0: not found'}
{'timestamp': 1702276322391, 'level': 'ALL', 'message': '12-11 08:31:55.299 31652  1218 W RemoteAppPredictionService: could not bind to Intent { act=android.service.appprediction.AppPredictionService cmp=com.google.android.as/com.google.android.apps.miphone.aiai.app.AiAiPredictionService } using flags 67108865'}
{'timestamp': 1702276322391, 'level': 'ALL', 'message': '12-11 08:31:55.347   456 11871 E FMQ     : grantorIdx must be less than 3'}
{'timestamp': 1702276322391, 'level': 'ALL', 'message': '12-11 08:31:55.347 11826 11866 E FMQ     : grantorIdx must be less than 3'}
{'timestamp': 1702276322391, 'level': 'ALL', 'message': '12-11 08:31:55.425 11826 11826 D NavigationModeController: getCurrentInteractionMode: mode=0 contextUser=0'}
{'timestamp': 1702276322391, 'level': 'ALL', 'message': '12-11 08:31:55.476 11826 11826 I vol.Events: writeEvent collection_started'}
{'timestamp': 1702276322391, 'level': 'ALL', 'message': '12-11 08:31:55.511 32473 32473 D TouchInteractionService: Touch service connected'}
{'timestamp': 1702276322391, 'level': 'ALL', 'message': '12-11 08:31:55.516   381   381 I android.hardware.vibrator-service.example: Vibrator reporting capabilities'}
{'timestamp': 1702276322391, 'level': 'ALL', 'message': '12-11 08:31:55.563 11826 11862 D CCodecBufferChannel: [c2.android.vorbis.decoder#288] MediaCodec discarded an unknown buffer'}
{'timestamp': 1702276322391, 'level': 'ALL', 'message': '12-11 08:31:55.566 11826 11862 I chatty  : uid=10144(com.android.systemui) identical 1 line'}
{'timestamp': 1702276322391, 'level': 'ALL', 'message': '12-11 08:31:55.568 11826 11862 D CCodecBufferChannel: [c2.android.vorbis.decoder#288] MediaCodec discarded an unknown buffer'}
{'timestamp': 1702276322391, 'level': 'ALL', 'message': '12-11 08:31:55.595 11826 11874 I hw-BpHwBinder: onLastStrongRef automatically unlinking death recipients'}
{'timestamp': 1702276322391, 'level': 'ALL', 'message': '12-11 08:31:55.620 11826 11870 D CCodecBufferChannel: [c2.android.vorbis.decoder#457] MediaCodec discarded an unknown buffer'}
{'timestamp': 1702276322392, 'level': 'ALL', 'message': '12-11 08:31:55.620 11826 11870 I chatty  : uid=10144(com.android.systemui) identical 1 line'}
{'timestamp': 1702276322392, 'level': 'ALL', 'message': '12-11 08:31:55.621 11826 11870 D CCodecBufferChannel: [c2.android.vorbis.decoder#457] MediaCodec discarded an unknown buffer'}
{'timestamp': 1702276322392, 'level': 'ALL', 'message': '12-11 08:31:55.626 11826 11870 I hw-BpHwBinder: onLastStrongRef automatically unlinking death recipients'}
{'timestamp': 1702276322392, 'level': 'ALL', 'message': '12-11 08:31:55.628   456   981 I hw-BpHwBinder: onLastStrongRef automatically unlinking death recipients'}
{'timestamp': 1702276322392, 'level': 'ALL', 'message': '12-11 08:31:55.649   456   981 V C2Store : in ~ComponentModule'}
{'timestamp': 1702276322392, 'level': 'ALL', 'message': '12-11 08:31:55.650   456   981 V C2Store : unloading dll'}
{'timestamp': 1702276322392, 'level': 'ALL', 'message': '12-11 08:31:55.673 11826 11872 E vol.VolumeDialogControl: isCaptionsServiceEnabled failed to check for captions component'}
{'timestamp': 1702276322392, 'level': 'ALL', 'message': '12-11 08:31:55.673 11826 11872 E vol.VolumeDialogControl: java.lang.IllegalArgumentException: Unknown component: ComponentInfo{com.google.android.as/com.google.android.apps.miphone.aiai.captions.CaptionsService}'}
{'timestamp': 1702276322392, 'level': 'ALL', 'message': '12-11 08:31:55.673 11826 11872 E vol.VolumeDialogControl: \tat android.os.Parcel.createExceptionOrNull(Parcel.java:2377)'}
{'timestamp': 1702276322392, 'level': 'ALL', 'message': '12-11 08:31:55.673 11826 11872 E vol.VolumeDialogControl: \tat android.os.Parcel.createException(Parcel.java:2357)'}
{'timestamp': 1702276322392, 'level': 'ALL', 'message': '12-11 08:31:55.673 11826 11872 E vol.VolumeDialogControl: \tat android.os.Parcel.readException(Parcel.java:2340)'}
{'timestamp': 1702276322392, 'level': 'ALL', 'message': '12-11 08:31:55.673 11826 11872 E vol.VolumeDialogControl: \tat android.os.Parcel.readException(Parcel.java:2282)'}
{'timestamp': 1702276322392, 'level': 'ALL', 'message': '12-11 08:31:55.673 11826 11872 E vol.VolumeDialogControl: \tat android.content.pm.IPackageManager$Stub$Proxy.getComponentEnabledSetting(IPackageManager.java:6804)'}
{'timestamp': 1702276322392, 'level': 'ALL', 'message': '12-11 08:31:55.673 11826 11872 E vol.VolumeDialogControl: \tat android.app.ApplicationPackageManager.getComponentEnabledSetting(ApplicationPackageManager.java:2723)'}
{'timestamp': 1702276322392, 'level': 'ALL', 'message': '12-11 08:31:55.673 11826 11872 E vol.VolumeDialogControl: \tat com.android.systemui.volume.VolumeDialogControllerImpl.onGetCaptionsComponentStateW(VolumeDialogControllerImpl.java:441)'}
{'timestamp': 1702276322392, 'level': 'ALL', 'message': '12-11 08:31:55.673 11826 11872 E vol.VolumeDialogControl: \tat com.android.systemui.volume.VolumeDialogControllerImpl.access$2000(VolumeDialogControllerImpl.java:92)'}
{'timestamp': 1702276322392, 'level': 'ALL', 'message': '12-11 08:31:55.673 11826 11872 E vol.VolumeDialogControl: \tat com.android.systemui.volume.VolumeDialogControllerImpl$W.handleMessage(VolumeDialogControllerImpl.java:825)'}
{'timestamp': 1702276322392, 'level': 'ALL', 'message': '12-11 08:31:55.673 11826 11872 E vol.VolumeDialogControl: \tat android.os.Handler.dispatchMessage(Handler.java:106)'}
{'timestamp': 1702276322392, 'level': 'ALL', 'message': '12-11 08:31:55.673 11826 11872 E vol.VolumeDialogControl: \tat android.os.Looper.loop(Looper.java:223)'}
{'timestamp': 1702276322392, 'level': 'ALL', 'message': '12-11 08:31:55.673 11826 11872 E vol.VolumeDialogControl: \tat android.os.HandlerThread.run(HandlerThread.java:67)'}
{'timestamp': 1702276322392, 'level': 'ALL', 'message': '12-11 08:31:55.673 11826 11872 E vol.VolumeDialogControl: Caused by: android.os.RemoteException: Remote stack trace:'}
{'timestamp': 1702276322392, 'level': 'ALL', 'message': '12-11 08:31:55.673 11826 11872 E vol.VolumeDialogControl: \tat com.android.server.pm.PackageManagerService.getComponentEnabledSetting(PackageManagerService.java:21394)'}
{'timestamp': 1702276322392, 'level': 'ALL', 'message': '12-11 08:31:55.673 11826 11872 E vol.VolumeDialogControl: \tat android.content.pm.IPackageManager$Stub.onTransact(IPackageManager.java:3216)'}
{'timestamp': 1702276322392, 'level': 'ALL', 'message': '12-11 08:31:55.673 11826 11872 E vol.VolumeDialogControl: \tat com.android.server.pm.PackageManagerService.onTransact(PackageManagerService.java:4302)'}
{'timestamp': 1702276322392, 'level': 'ALL', 'message': '12-11 08:31:55.673 11826 11872 E vol.VolumeDialogControl: \tat android.os.Binder.execTransactInternal(Binder.java:1159)'}
{'timestamp': 1702276322392, 'level': 'ALL', 'message': '12-11 08:31:55.673 11826 11872 E vol.VolumeDialogControl: \tat android.os.Binder.execTransact(Binder.java:1123)'}
{'timestamp': 1702276322392, 'level': 'ALL', 'message': '12-11 08:31:55.673 11826 11872 E vol.VolumeDialogControl:'}
{'timestamp': 1702276322392, 'level': 'ALL', 'message': '12-11 08:31:55.676 11826 11876 D CCodec  : allocate(c2.android.vorbis.decoder)'}
{'timestamp': 1702276322392, 'level': 'ALL', 'message': '12-11 08:31:55.677   456   981 V C2Store : in init'}
{'timestamp': 1702276322392, 'level': 'ALL', 'message': '12-11 08:31:55.677   456   981 V C2Store : loading dll'}
{'timestamp': 1702276322392, 'level': 'ALL', 'message': '12-11 08:31:55.677 11826 11872 I vol.Events: writeEvent level_changed STREAM_VOICE_CALL 3'}
{'timestamp': 1702276322392, 'level': 'ALL', 'message': '12-11 08:31:55.680 11826 11876 I CCodec  : Created component [c2.android.vorbis.decoder]'}
{'timestamp': 1702276322392, 'level': 'ALL', 'message': '12-11 08:31:55.683 11826 11876 D CCodecConfig: read media type: audio/vorbis'}
{'timestamp': 1702276322392, 'level': 'ALL', 'message': '12-11 08:31:55.688 11826 11872 I vol.Events: writeEvent level_changed STREAM_SYSTEM 5'}
{'timestamp': 1702276322392, 'level': 'ALL', 'message': '12-11 08:31:55.697 11826 11872 I vol.Events: writeEvent level_changed STREAM_RING 5'}
{'timestamp': 1702276322392, 'level': 'ALL', 'message': '12-11 08:31:55.698 11826 11876 D ReflectedParamUpdater: extent() != 1 for single value type: algo.buffers.max-count.values'}
{'timestamp': 1702276322392, 'level': 'ALL', 'message': '12-11 08:31:55.701 11826 11876 D ReflectedParamUpdater: extent() != 1 for single value type: output.subscribed-indices.values'}
{'timestamp': 1702276322392, 'level': 'ALL', 'message': '12-11 08:31:55.701 11826 11876 D ReflectedParamUpdater: extent() != 1 for single value type: input.buffers.allocator-ids.values'}
{'timestamp': 1702276322392, 'level': 'ALL', 'message': '12-11 08:31:55.702 11826 11876 D ReflectedParamUpdater: extent() != 1 for single value type: output.buffers.allocator-ids.values'}
{'timestamp': 1702276322392, 'level': 'ALL', 'message': '12-11 08:31:55.702 11826 11876 D ReflectedParamUpdater: extent() != 1 for single value type: algo.buffers.allocator-ids.values'}
{'timestamp': 1702276322392, 'level': 'ALL', 'message': '12-11 08:31:55.703 11826 11876 D ReflectedParamUpdater: extent() != 1 for single value type: output.buffers.pool-ids.values'}
{'timestamp': 1702276322392, 'level': 'ALL', 'message': '12-11 08:31:55.704 11826 11876 D ReflectedParamUpdater: extent() != 1 for single value type: algo.buffers.pool-ids.values'}
{'timestamp': 1702276322392, 'level': 'ALL', 'message': '12-11 08:31:55.706 11826 11872 I vol.Events: writeEvent level_changed STREAM_MUSIC 5'}
{'timestamp': 1702276322392, 'level': 'ALL', 'message': '12-11 08:31:55.710 11826 11876 I CCodecConfig: query failed after returning 7 values (BAD_INDEX)'}
{'timestamp': 1702276322392, 'level': 'ALL', 'message': '12-11 08:31:55.710 11826 11876 D CCodecConfig: c2 config diff is Dict {'}
{'timestamp': 1702276322392, 'level': 'ALL', 'message': '12-11 08:31:55.710 11826 11876 D CCodecConfig:   c2::u32 coded.bitrate.value = 64000'}
{'timestamp': 1702276322392, 'level': 'ALL', 'message': '12-11 08:31:55.710 11826 11876 D CCodecConfig:   c2::u32 input.buffers.max-size.value = 32768'}
{'timestamp': 1702276322392, 'level': 'ALL', 'message': '12-11 08:31:55.710 11826 11876 D CCodecConfig:   c2::u32 input.delay.value = 0'}
{'timestamp': 1702276322392, 'level': 'ALL', 'message': '12-11 08:31:55.710 11826 11876 D CCodecConfig:   string input.media-type.value = "audio/vorbis"'}
{'timestamp': 1702276322392, 'level': 'ALL', 'message': '12-11 08:31:55.710 11826 11876 D CCodecConfig:   string output.media-type.value = "audio/raw"'}
{'timestamp': 1702276322392, 'level': 'ALL', 'message': '12-11 08:31:55.710 11826 11876 D CCodecConfig:   c2::u32 raw.channel-count.value = 1'}
{'timestamp': 1702276322392, 'level': 'ALL', 'message': '12-11 08:31:55.710 11826 11876 D CCodecConfig:   c2::u32 raw.sample-rate.value = 48000'}
{'timestamp': 1702276322392, 'level': 'ALL', 'message': '12-11 08:31:55.710 11826 11876 D CCodecConfig: }'}
{'timestamp': 1702276322392, 'level': 'ALL', 'message': '12-11 08:31:55.711 11826 11876 D CCodec  : [c2.android.vorbis.decoder] buffers are bound to CCodec for this session'}
{'timestamp': 1702276322392, 'level': 'ALL', 'message': '12-11 08:31:55.711 11826 11876 D CCodecConfig: no c2 equivalents for durationUs'}
{'timestamp': 1702276322392, 'level': 'ALL', 'message': '12-11 08:31:55.711 11826 11876 D CCodecConfig: no c2 equivalents for track-id'}
{'timestamp': 1702276322392, 'level': 'ALL', 'message': '12-11 08:31:55.711 11826 11876 D CCodecConfig: no c2 equivalents for csd-1'}
{'timestamp': 1702276322392, 'level': 'ALL', 'message': '12-11 08:31:55.711 11826 11876 D CCodecConfig: no c2 equivalents for channel-mask'}
{'timestamp': 1702276322392, 'level': 'ALL', 'message': '12-11 08:31:55.712 11826 11876 D CCodecConfig: no c2 equivalents for flags'}
{'timestamp': 1702276322392, 'level': 'ALL', 'message': '12-11 08:31:55.714 11826 11876 D CCodecConfig: c2 config diff is   c2::u32 raw.channel-count.value = 2'}
{'timestamp': 1702276322392, 'level': 'ALL', 'message': '12-11 08:31:55.714 11826 11876 W Codec2Client: query -- param skipped: index = 1107298332.'}
{'timestamp': 1702276322392, 'level': 'ALL', 'message': '12-11 08:31:55.715 11826 11876 D CCodec  : setup formats input: AMessage(what = 0x00000000) = {'}
{'timestamp': 1702276322392, 'level': 'ALL', 'message': '12-11 08:31:55.715 11826 11876 D CCodec  :   int32_t channel-count = 2'}
{'timestamp': 1702276322392, 'level': 'ALL', 'message': '12-11 08:31:55.715 11826 11876 D CCodec  :   int32_t max-input-size = 32768'}
{'timestamp': 1702276322392, 'level': 'ALL', 'message': '12-11 08:31:55.715 11826 11876 D CCodec  :   string mime = "audio/vorbis"'}
{'timestamp': 1702276322392, 'level': 'ALL', 'message': '12-11 08:31:55.715 11826 11876 D CCodec  :   int32_t sample-rate = 48000'}
{'timestamp': 1702276322392, 'level': 'ALL', 'message': '12-11 08:31:55.715 11826 11876 D CCodec  : } and output: AMessage(what = 0x00000000) = {'}
{'timestamp': 1702276322392, 'level': 'ALL', 'message': '12-11 08:31:55.715 11826 11876 D CCodec  :   int32_t channel-count = 2'}
{'timestamp': 1702276322392, 'level': 'ALL', 'message': '12-11 08:31:55.715 11826 11876 D CCodec  :   string mime = "audio/raw"'}
{'timestamp': 1702276322392, 'level': 'ALL', 'message': '12-11 08:31:55.715 11826 11876 D CCodec  :   int32_t sample-rate = 48000'}
{'timestamp': 1702276322392, 'level': 'ALL', 'message': '12-11 08:31:55.715 11826 11876 D CCodec  :   int32_t channel-mask = 3'}
{'timestamp': 1702276322392, 'level': 'ALL', 'message': '12-11 08:31:55.715 11826 11876 D CCodec  : }'}
{'timestamp': 1702276322392, 'level': 'ALL', 'message': '12-11 08:31:55.717 11826 11876 W Codec2Client: query -- param skipped: index = 1342179345.'}
{'timestamp': 1702276322392, 'level': 'ALL', 'message': '12-11 08:31:55.717 11826 11876 W Codec2Client: query -- param skipped: index = 2415921170.'}
{'timestamp': 1702276322392, 'level': 'ALL', 'message': '12-11 08:31:55.718 11826 11876 E FMQ     : grantorIdx must be less than 3'}
{'timestamp': 1702276322392, 'level': 'ALL', 'message': '12-11 08:31:55.718 11826 11876 E FMQ     : grantorIdx must be less than 3'}
{'timestamp': 1702276322392, 'level': 'ALL', 'message': '12-11 08:31:55.719 11826 11876 D CCodecBufferChannel: [c2.android.vorbis.decoder#60] Created input block pool with allocatorID 16 => poolID 19 - OK (0)'}
{'timestamp': 1702276322392, 'level': 'ALL', 'message': '12-11 08:31:55.721   456   981 E FMQ     : grantorIdx must be less than 3'}
{'timestamp': 1702276322392, 'level': 'ALL', 'message': '12-11 08:31:55.721   456   981 E FMQ     : grantorIdx must be less than 3'}
{'timestamp': 1702276322392, 'level': 'ALL', 'message': '12-11 08:31:55.722 11826 11876 I CCodecBufferChannel: [c2.android.vorbis.decoder#60] Created output block pool with allocatorID 16 => poolID 132 - OK'}
{'timestamp': 1702276322392, 'level': 'ALL', 'message': '12-11 08:31:55.722 11826 11876 D CCodecBufferChannel: [c2.android.vorbis.decoder#60] Configured output block pool ids 132 => OK'}
{'timestamp': 1702276322392, 'level': 'ALL', 'message': '12-11 08:31:55.723 11826 11872 I vol.Events: writeEvent level_changed STREAM_ALARM 6'}
{'timestamp': 1702276322392, 'level': 'ALL', 'message': '12-11 08:31:55.726   456 11877 D SimpleC2Component: Using output block pool with poolID 132 => got 132 - 0'}
{'timestamp': 1702276322392, 'level': 'ALL', 'message': '12-11 08:31:55.727 11826 11876 E FMQ     : grantorIdx must be less than 3'}
{'timestamp': 1702276322392, 'level': 'ALL', 'message': '12-11 08:31:55.728   456   983 E FMQ     : grantorIdx must be less than 3'}
{'timestamp': 1702276322392, 'level': 'ALL', 'message': '12-11 08:31:55.730 11826 11872 I vol.Events: writeEvent level_changed STREAM_BLUETOOTH_SCO 7'}
{'timestamp': 1702276322392, 'level': 'ALL', 'message': '12-11 08:31:55.750   456 11877 E FMQ     : grantorIdx must be less than 3'}
{'timestamp': 1702276322392, 'level': 'ALL', 'message': '12-11 08:31:55.751 11826 11866 E FMQ     : grantorIdx must be less than 3'}
{'timestamp': 1702276322392, 'level': 'ALL', 'message': '12-11 08:31:55.781 11826 11872 I vol.Events: writeEvent external_ringer_mode_changed unknown'}
{'timestamp': 1702276322392, 'level': 'ALL', 'message': '12-11 08:31:55.784 11826 11872 I vol.Events: writeEvent zen_mode_config_changed [disallowAlarms=false disallowMedia=false disallowSystem=true disallowRinger=false]'}
{'timestamp': 1702276322392, 'level': 'ALL', 'message': '12-11 08:31:55.809 11826 11876 D CCodecBufferChannel: [c2.android.vorbis.decoder#60] MediaCodec discarded an unknown buffer'}
{'timestamp': 1702276322392, 'level': 'ALL', 'message': '12-11 08:31:55.809 11826 11876 D CCodecBufferChannel: [c2.android.vorbis.decoder#60] MediaCodec discarded an unknown buffer'}
{'timestamp': 1702276322392, 'level': 'ALL', 'message': '12-11 08:31:55.818 11826 11876 I hw-BpHwBinder: onLastStrongRef automatically unlinking death recipients'}
{'timestamp': 1702276322392, 'level': 'ALL', 'message': '12-11 08:31:55.818   456   981 I hw-BpHwBinder: onLastStrongRef automatically unlinking death recipients'}
{'timestamp': 1702276322392, 'level': 'ALL', 'message': '12-11 08:31:55.819   456   981 V C2Store : in ~ComponentModule'}
{'timestamp': 1702276322392, 'level': 'ALL', 'message': '12-11 08:31:55.819   456   981 V C2Store : unloading dll'}
{'timestamp': 1702276322392, 'level': 'ALL', 'message': '12-11 08:31:55.824 11826 11826 D NavigationModeController: getCurrentInteractionMode: mode=0 contextUser=0'}
{'timestamp': 1702276322392, 'level': 'ALL', 'message': '12-11 08:31:55.875 11826 11826 I TetheringManager: registerTetheringEventCallback:com.android.systemui'}
{'timestamp': 1702276322392, 'level': 'ALL', 'message': '12-11 08:31:55.917 31652 31995 D ConnectivityService: NetReassign [no changes]'}
{'timestamp': 1702276322392, 'level': 'ALL', 'message': '12-11 08:31:55.921 31652 31666 D ConnectivityService: requestNetwork for uid/pid:10144/11826 NetworkRequest [ TRACK_DEFAULT id=110, [ Capabilities: INTERNET&NOT_RESTRICTED&TRUSTED Uid: 10144 AdministratorUids: [] RequestorUid: 10144 RequestorPackageName: com.android.systemui] ]'}
{'timestamp': 1702276322392, 'level': 'ALL', 'message': '12-11 08:31:55.922 31652 31995 D ConnectivityService: NetReassign [110 : null → 100]'}
{'timestamp': 1702276322392, 'level': 'ALL', 'message': '12-11 08:31:55.924 32351 32351 D PhoneSwitcherNetworkRequstListener: got request NetworkRequest [ TRACK_DEFAULT id=110, [ Capabilities: INTERNET&NOT_RESTRICTED&TRUSTED Uid: 10144 AdministratorUids: [] RequestorUid: 10144 RequestorPackageName: com.android.systemui] ] with score 50 and providerId 2'}
{'timestamp': 1702276322392, 'level': 'ALL', 'message': '12-11 08:31:55.929 11826 11826 V WifiManager: registerTrafficStateCallback: callback=com.android.systemui.statusbar.policy.WifiSignalController$WifiTrafficStateCallback@f4f246, executor=android.os.HandlerExecutor@4aae746'}
{'timestamp': 1702276322392, 'level': 'ALL', 'message': '12-11 08:31:55.934 32351 32351 D Telephony: isEmergencyPreferredAccount: subId=1, activeData=1'}
{'timestamp': 1702276322392, 'level': 'ALL', 'message': '12-11 08:31:55.934 32351 32351 D Telephony: isEmergencyPreferredAccount: Device does not require preference.'}
{'timestamp': 1702276322392, 'level': 'ALL', 'message': '12-11 08:31:55.936 31652 31992 D ConnectivityService: requestNetwork for uid/pid:10144/11826 NetworkRequest [ TRACK_DEFAULT id=111, [ Capabilities: INTERNET&NOT_RESTRICTED&TRUSTED Uid: 10144 AdministratorUids: [] RequestorUid: 10144 RequestorPackageName: com.android.systemui] ]'}
{'timestamp': 1702276322392, 'level': 'ALL', 'message': '12-11 08:31:55.937 31652 31995 D ConnectivityService: NetReassign [111 : null → 100]'}
{'timestamp': 1702276322392, 'level': 'ALL', 'message': '12-11 08:31:55.939 32351 32351 D PhoneSwitcherNetworkRequstListener: got request NetworkRequest [ TRACK_DEFAULT id=111, [ Capabilities: INTERNET&NOT_RESTRICTED&TRUSTED Uid: 10144 AdministratorUids: [] RequestorUid: 10144 RequestorPackageName: com.android.systemui] ] with score 50 and providerId 2'}
{'timestamp': 1702276322392, 'level': 'ALL', 'message': '12-11 08:31:55.945 11826 11843 D TelephonyRegistryManager: onSubscriptionsChangedListener callback received.'}
{'timestamp': 1702276322392, 'level': 'ALL', 'message': '12-11 08:31:55.955 32351 32351 D Telephony: isEmergencyPreferredAccount: subId=1, activeData=1'}
{'timestamp': 1702276322392, 'level': 'ALL', 'message': '12-11 08:31:55.955 32351 32351 D Telephony: isEmergencyPreferredAccount: Device does not require preference.'}
{'timestamp': 1702276322392, 'level': 'ALL', 'message': '12-11 08:31:55.974 11826 11826 D NavigationModeController: getCurrentInteractionMode: mode=0 contextUser=0'}
{'timestamp': 1702276322392, 'level': 'ALL', 'message': '12-11 08:31:55.992 11826 11826 I TetheringManager: registerTetheringEventCallback caller:com.android.systemui'}
{'timestamp': 1702276322392, 'level': 'ALL', 'message': '12-11 08:31:56.001 11826 11826 D LocalBluetoothProfileManager: LocalBluetoothProfileManager construction complete'}
{'timestamp': 1702276322392, 'level': 'ALL', 'message': '12-11 08:31:56.004 11826 11826 D LocalBluetoothProfileManager: Adding local A2DP profile'}
{'timestamp': 1702276322392, 'level': 'ALL', 'message': '12-11 08:31:56.009 11826 11826 D BluetoothA2dp: Binding service...'}
{'timestamp': 1702276322392, 'level': 'ALL', 'message': '12-11 08:31:56.015 11826 11826 D LocalBluetoothProfileManager: Adding local HEADSET profile'}
{'timestamp': 1702276322393, 'level': 'ALL', 'message': '12-11 08:31:56.020 11826 11826 D LocalBluetoothProfileManager: Adding local MAP profile'}
{'timestamp': 1702276322393, 'level': 'ALL', 'message': '12-11 08:31:56.021 11826 11826 D BluetoothMap: Create BluetoothMap proxy object'}
{'timestamp': 1702276322393, 'level': 'ALL', 'message': '12-11 08:31:56.023 11826 11826 D BluetoothMap: Binding service...'}
{'timestamp': 1702276322393, 'level': 'ALL', 'message': '12-11 08:31:56.027 11826 11826 D LocalBluetoothProfileManager: Adding local OPP profile'}
{'timestamp': 1702276322393, 'level': 'ALL', 'message': '12-11 08:31:56.027 11826 11826 D LocalBluetoothProfileManager: Adding local HID_HOST profile'}
{'timestamp': 1702276322393, 'level': 'ALL', 'message': '12-11 08:31:56.030 11826 11826 D BluetoothHidHost: Binding service...'}
{'timestamp': 1702276322393, 'level': 'ALL', 'message': '12-11 08:31:56.035 11826 11826 D LocalBluetoothProfileManager: Adding local HID_DEVICE profile'}
{'timestamp': 1702276322393, 'level': 'ALL', 'message': '12-11 08:31:56.038 11826 11826 D BluetoothHidDevice: Binding service...'}
{'timestamp': 1702276322393, 'level': 'ALL', 'message': '12-11 08:31:56.045 11826 11826 D LocalBluetoothProfileManager: Adding local PAN profile'}
{'timestamp': 1702276322393, 'level': 'ALL', 'message': '12-11 08:31:56.049 11826 11826 D BluetoothPan: Binding service...'}
{'timestamp': 1702276322393, 'level': 'ALL', 'message': '12-11 08:31:56.055 11826 11826 D LocalBluetoothProfileManager: Adding local PBAP profile'}
{'timestamp': 1702276322393, 'level': 'ALL', 'message': '12-11 08:31:56.069 31652 31666 W ActivityManager: Receiver with filter android.content.IntentFilter@f7860ad already registered for pid 11826, callerPackage is com.android.systemui'}
{'timestamp': 1702276322393, 'level': 'ALL', 'message': '12-11 08:31:56.092 11826 11826 D StatusBar: disable<e i a s b h r c s > disable2<q i n >'}
{'timestamp': 1702276322393, 'level': 'ALL', 'message': '12-11 08:31:56.094 31652 31666 I StatusBarManagerService: registerStatusBar bar=com.android.internal.statusbar.IStatusBar$Stub$Proxy@2bbefcf'}
{'timestamp': 1702276322393, 'level': 'ALL', 'message': '12-11 08:31:56.121 11826 11844 D BluetoothHeadset: Proxy object connected'}
{'timestamp': 1702276322393, 'level': 'ALL', 'message': '12-11 08:31:56.208 11826 11826 I CameraManagerGlobal: Connecting to camera service'}
{'timestamp': 1702276322393, 'level': 'ALL', 'message': '12-11 08:31:56.232 11826 11826 W System  : ClassLoader referenced unknown path:'}
{'timestamp': 1702276322393, 'level': 'ALL', 'message': '12-11 08:31:56.287 11826 11826 D NavigationModeController: getCurrentInteractionMode: mode=0 contextUser=0'}
{'timestamp': 1702276322393, 'level': 'ALL', 'message': '12-11 08:31:56.302 11826 11826 D NavigationModeController: getCurrentInteractionMode: mode=0 contextUser=0'}
{'timestamp': 1702276322393, 'level': 'ALL', 'message': '12-11 08:31:56.308 11826 11826 D RenderScript HIDL Adaptation: IRenderScriptDevice::getService()'}
{'timestamp': 1702276322393, 'level': 'ALL', 'message': '12-11 08:31:56.309   179   179 I hwservicemanager: getTransport: Cannot find entry android.hardware.renderscript@1.0::IDevice/default in either framework or device manifest.'}
{'timestamp': 1702276322393, 'level': 'ALL', 'message': '12-11 08:31:56.310 11826 11826 D RenderScript HIDL Adaptation: IRenderScriptDevice::getService() returned 0x0'}
{'timestamp': 1702276322393, 'level': 'ALL', 'message': '12-11 08:31:56.310 11826 11826 D RenderScript HIDL Adaptation: Using Fallback Path.'}
{'timestamp': 1702276322393, 'level': 'ALL', 'message': '12-11 08:31:56.345 11826 11826 D ndroid.systemu: Successfully queried cache dir: /data/user_de/0/com.android.systemui/code_cache'}
{'timestamp': 1702276322393, 'level': 'ALL', 'message': '12-11 08:31:56.345 11826 11826 D RenderScript: Setting cache dir: /data/user_de/0/com.android.systemui/code_cache'}
{'timestamp': 1702276322393, 'level': 'ALL', 'message': '12-11 08:31:56.367 11826 11826 D NavigationModeController: getCurrentInteractionMode: mode=0 contextUser=0'}
{'timestamp': 1702276322394, 'level': 'ALL', 'message': '12-11 08:31:56.417 11826 11826 I chatty  : uid=10144(com.android.systemui) identical 1 line'}
{'timestamp': 1702276322394, 'level': 'ALL', 'message': '12-11 08:31:56.419 11826 11826 D NavigationModeController: getCurrentInteractionMode: mode=0 contextUser=0'}
{'timestamp': 1702276322394, 'level': 'ALL', 'message': '12-11 08:31:56.447 11826 11826 D StatusBar: mUserSetupObserver - DeviceProvisionedListener called for user 0'}
{'timestamp': 1702276322394, 'level': 'ALL', 'message': '12-11 08:31:56.448 11826 11826 D StatusBar: updateQsExpansionEnabled - QS Expand enabled: true'}
{'timestamp': 1702276322394, 'level': 'ALL', 'message': '12-11 08:31:56.450 11826 11826 D StatusBar: mUserSetupObserver - DeviceProvisionedListener called for user 0'}
{'timestamp': 1702276322394, 'level': 'ALL', 'message': '12-11 08:31:56.451 11826 11891 D OpenGLRenderer: profile bars disabled'}
{'timestamp': 1702276322394, 'level': 'ALL', 'message': '12-11 08:31:56.452 11826 11891 D OpenGLRenderer: ambientRatio = 1.50'}
{'timestamp': 1702276322394, 'level': 'ALL', 'message': '12-11 08:31:56.499 11826 11839 I ndroid.systemu: Background young concurrent copying GC freed 55328(3988KB) AllocSpace objects, 9(180KB) LOS objects, 86% free, 3772KB/27MB, paused 6.972ms total 44.597ms'}
{'timestamp': 1702276322394, 'level': 'ALL', 'message': '12-11 08:31:56.520 11826 11826 D NotifPipeline: Notif pipeline initialized'}
{'timestamp': 1702276322394, 'level': 'ALL', 'message': '12-11 08:31:56.539 11826 11826 V WifiManager: registerSoftApCallback: callback=com.android.systemui.statusbar.policy.HotspotControllerImpl@3752140, executor=android.os.HandlerExecutor@80d879'}
{'timestamp': 1702276322394, 'level': 'ALL', 'message': '12-11 08:31:56.550 31652 31995 D ConnectivityService: NetReassign [no changes]'}
{'timestamp': 1702276322394, 'level': 'ALL', 'message': '12-11 08:31:56.557 11826 11826 D KeyguardViewMediator: adjustStatusBarLocked: mShowing=false mOccluded=false isSecure=false force=false --> flags=0x0'}
{'timestamp': 1702276322394, 'level': 'ALL', 'message': '12-11 08:31:56.559 11826 11826 D NavigationModeController: getCurrentInteractionMode: mode=0 contextUser=0'}
{'timestamp': 1702276322394, 'level': 'ALL', 'message': '12-11 08:31:56.572 11826 11826 W DockAlignmentController: wirelessCharger is null'}
{'timestamp': 1702276322394, 'level': 'ALL', 'message': '12-11 08:31:56.585 11826 11826 D StorageNotification: Notifying about private volume: VolumeInfo{private}:'}
{'timestamp': 1702276322394, 'level': 'ALL', 'message': '12-11 08:31:56.585 11826 11826 D StorageNotification:     type=PRIVATE diskId=null partGuid=null mountFlags=0 mountUserId=-10000'}
{'timestamp': 1702276322394, 'level': 'ALL', 'message': '12-11 08:31:56.585 11826 11826 D StorageNotification:     state=MOUNTED'}
{'timestamp': 1702276322394, 'level': 'ALL', 'message': '12-11 08:31:56.585 11826 11826 D StorageNotification:     fsType=null fsUuid=null fsLabel=null'}
{'timestamp': 1702276322394, 'level': 'ALL', 'message': '12-11 08:31:56.585 11826 11826 D StorageNotification:     path=/data internalPath=null'}
{'timestamp': 1702276322394, 'level': 'ALL', 'message': '12-11 08:31:56.588 11826 11826 D StorageNotification: Notifying about public volume: VolumeInfo{public:251,80}:'}
{'timestamp': 1702276322394, 'level': 'ALL', 'message': '12-11 08:31:56.588 11826 11826 D StorageNotification:     type=PUBLIC diskId=disk:251,80 partGuid= mountFlags=VISIBLE mountUserId=0'}
{'timestamp': 1702276322394, 'level': 'ALL', 'message': '12-11 08:31:56.588 11826 11826 D StorageNotification:     state=MOUNTED'}
{'timestamp': 1702276322394, 'level': 'ALL', 'message': '12-11 08:31:56.588 11826 11826 D StorageNotification:     fsType=vfat fsUuid=141C-470A fsLabel=SDCARD'}
{'timestamp': 1702276322394, 'level': 'ALL', 'message': '12-11 08:31:56.588 11826 11826 D StorageNotification:     path=/storage/141C-470A internalPath=/mnt/media_rw/141C-470A'}
{'timestamp': 1702276322394, 'level': 'ALL', 'message': '12-11 08:31:56.708 11826 11891 D libEGL  : loaded /vendor/lib/egl/libEGL_emulation.so'}
{'timestamp': 1702276322394, 'level': 'ALL', 'message': '12-11 08:31:56.718 11826 11891 D libEGL  : loaded /vendor/lib/egl/libGLESv1_CM_emulation.so'}
{'timestamp': 1702276322394, 'level': 'ALL', 'message': '12-11 08:31:56.723 11826 11891 D libEGL  : loaded /vendor/lib/egl/libGLESv2_emulation.so'}
{'timestamp': 1702276322394, 'level': 'ALL', 'message': "12-11 08:31:56.742 11826 11826 D skia    : --- Failed to create image decoder with message 'unimplemented'"}
{'timestamp': 1702276322394, 'level': 'ALL', 'message': '12-11 08:31:56.752 11826 11826 D StatusBar: disable<e i a s b h r c s > disable2<q i n >'}
{'timestamp': 1702276322394, 'level': 'ALL', 'message': '12-11 08:31:56.766 11826 11843 D KeyguardViewMediator: onStartedWakingUp, seq = 1'}
{'timestamp': 1702276322394, 'level': 'ALL', 'message': '12-11 08:31:56.766 11826 11843 D KeyguardViewMediator: notifyStartedWakingUp'}
{'timestamp': 1702276322394, 'level': 'ALL', 'message': '12-11 08:31:56.767 11826 11843 D KeyguardViewMediator: notifyScreenOn'}
{'timestamp': 1702276322394, 'level': 'ALL', 'message': '12-11 08:31:56.767 11826 11869 D KeyguardViewMediator: notifyScreenTurnedOn'}
{'timestamp': 1702276322394, 'level': 'ALL', 'message': '12-11 08:31:56.771 11826 11869 D KeyguardViewMediator: adjustStatusBarLocked: mShowing=false mOccluded=false isSecure=false force=false --> flags=0x0'}
{'timestamp': 1702276322394, 'level': 'ALL', 'message': '12-11 08:31:56.789 11826 11891 D HostConnection: HostConnection::get() New Host Connection established 0xed884220, tid 11891'}
{'timestamp': 1702276322394, 'level': 'ALL', 'message': '12-11 08:31:56.793 11826 11891 D HostConnection: HostComposition ext ANDROID_EMU_CHECKSUM_HELPER_v1 ANDROID_EMU_native_sync_v2 ANDROID_EMU_native_sync_v3 ANDROID_EMU_native_sync_v4 ANDROID_EMU_dma_v1 ANDROID_EMU_direct_mem ANDROID_EMU_vulkan ANDROID_EMU_deferred_vulkan_commands ANDROID_EMU_vulkan_null_optional_strings ANDROID_EMU_vulkan_create_resources_with_requirements ANDROID_EMU_YUV_Cache ANDROID_EMU_vulkan_ignored_handles ANDROID_EMU_has_shared_slots_host_memory_allocator ANDROID_EMU_vulkan_free_memory_sync ANDROID_EMU_vulkan_shader_float16_int8 ANDROID_EMU_vulkan_async_queue_submit ANDROID_EMU_sync_buffer_data ANDROID_EMU_vulkan_async_qsri ANDROID_EMU_read_color_buffer_dma GL_OES_vertex_array_object GL_KHR_texture_compression_astc_ldr ANDROID_EMU_host_side_tracing ANDROID_EMU_gles_max_version_2'}
{'timestamp': 1702276322394, 'level': 'ALL', 'message': '12-11 08:31:56.794   179   179 I hwservicemanager: getTransport: Cannot find entry android.hardware.configstore@1.0::ISurfaceFlingerConfigs/default in either framework or device manifest.'}
{'timestamp': 1702276322394, 'level': 'ALL', 'message': '12-11 08:31:56.795 11826 11891 W OpenGLRenderer: Failed to choose config with EGL_SWAP_BEHAVIOR_PRESERVED, retrying without...'}
{'timestamp': 1702276322394, 'level': 'ALL', 'message': '12-11 08:31:56.800 11826 11826 D KeyguardUpdateMonitor: handleSimStateChange(subId=1, slotId=0, state=5)'}
{'timestamp': 1702276322394, 'level': 'ALL', 'message': '12-11 08:31:56.801 11826 11826 D Tonal   : Tonal Palette - index: 10. Main color: ffe590b7'}
{'timestamp': 1702276322394, 'level': 'ALL', 'message': '12-11 08:31:56.801 11826 11826 D Tonal   : Colors: ff060104, ff1b0613, ff2f0b23, ff481135, ff671850, ff861f5d, ffa42773, ffbe4d91, ffd85a9e, ffde73aa, ffe590b7, ffefb9d1, fff5d6e5'}
{'timestamp': 1702276322394, 'level': 'ALL', 'message': '12-11 08:31:56.801 11826 11826 D Tonal   : Gradients:'}
{'timestamp': 1702276322394, 'level': 'ALL', 'message': '12-11 08:31:56.801 11826 11826 D Tonal   : \tNormal GradientColors(ffe590b7, ffe590b7)'}
{'timestamp': 1702276322394, 'level': 'ALL', 'message': '12-11 08:31:56.801 11826 11826 D Tonal   : \tDark GradientColors(ff481135, ff481135)'}
{'timestamp': 1702276322394, 'level': 'ALL', 'message': '12-11 08:31:56.801 11826 11826 D Tonal   : \tExtra dark: GradientColors(ff2f0b23, ff2f0b23)'}
{'timestamp': 1702276322394, 'level': 'ALL', 'message': '12-11 08:31:56.801 11826 11826 D Tonal   : Tonal Palette - index: 10. Main color: ffe590b7'}
{'timestamp': 1702276322394, 'level': 'ALL', 'message': '12-11 08:31:56.801 11826 11826 D Tonal   : Colors: ff060104, ff1b0613, ff2f0b23, ff481135, ff671850, ff861f5d, ffa42773, ffbe4d91, ffd85a9e, ffde73aa, ffe590b7, ffefb9d1, fff5d6e5'}
{'timestamp': 1702276322394, 'level': 'ALL', 'message': '12-11 08:31:56.801 11826 11826 D Tonal   : Gradients:'}
{'timestamp': 1702276322394, 'level': 'ALL', 'message': '12-11 08:31:56.801 11826 11826 D Tonal   : \tNormal GradientColors(ffe590b7, ffe590b7)'}
{'timestamp': 1702276322394, 'level': 'ALL', 'message': '12-11 08:31:56.801 11826 11826 D Tonal   : \tDark GradientColors(ff481135, ff481135)'}
{'timestamp': 1702276322394, 'level': 'ALL', 'message': '12-11 08:31:56.801 11826 11826 D Tonal   : \tExtra dark: GradientColors(ff2f0b23, ff2f0b23)'}
{'timestamp': 1702276322394, 'level': 'ALL', 'message': '12-11 08:31:56.830 11826 11891 D EGL_emulation: eglCreateContext: 0xed886130: maj 2 min 0 rcv 2'}
{'timestamp': 1702276322394, 'level': 'ALL', 'message': '12-11 08:31:56.837 11826 11891 D EGL_emulation: eglMakeCurrent: 0xed886130: ver 2 0 (tinfo 0xedbdcd10) (first time)'}
{'timestamp': 1702276322394, 'level': 'ALL', 'message': '12-11 08:31:56.851   320   320 D goldfish-address-space: claimShared: Ask to claim region [0x3f3895000 0x3f3925000]'}
{'timestamp': 1702276322394, 'level': 'ALL', 'message': '12-11 08:31:56.857   179   179 I hwservicemanager: getTransport: Cannot find entry android.hardware.graphics.mapper@4.0::IMapper/default in either framework or device manifest.'}
{'timestamp': 1702276322394, 'level': 'ALL', 'message': '12-11 08:31:56.858 11826 11891 I Gralloc4: mapper 4.x is not supported'}
{'timestamp': 1702276322394, 'level': 'ALL', 'message': '12-11 08:31:56.860 11826 11891 D HostConnection: createUnique: call'}
{'timestamp': 1702276322394, 'level': 'ALL', 'message': '12-11 08:31:56.862 11826 11891 D HostConnection: HostConnection::get() New Host Connection established 0xed8851e0, tid 11891'}
{'timestamp': 1702276322394, 'level': 'ALL', 'message': '12-11 08:31:56.863 11826 11891 D goldfish-address-space: allocate: Ask for block of size 0x100'}
{'timestamp': 1702276322394, 'level': 'ALL', 'message': '12-11 08:31:56.863 11826 11891 D goldfish-address-space: allocate: ioctl allocate returned offset 0x3efffe000 size 0x2000'}
{'timestamp': 1702276322394, 'level': 'ALL', 'message': '12-11 08:31:56.872 11826 11891 D HostConnection: HostComposition ext ANDROID_EMU_CHECKSUM_HELPER_v1 ANDROID_EMU_native_sync_v2 ANDROID_EMU_native_sync_v3 ANDROID_EMU_native_sync_v4 ANDROID_EMU_dma_v1 ANDROID_EMU_direct_mem ANDROID_EMU_vulkan ANDROID_EMU_deferred_vulkan_commands ANDROID_EMU_vulkan_null_optional_strings ANDROID_EMU_vulkan_create_resources_with_requirements ANDROID_EMU_YUV_Cache ANDROID_EMU_vulkan_ignored_handles ANDROID_EMU_has_shared_slots_host_memory_allocator ANDROID_EMU_vulkan_free_memory_sync ANDROID_EMU_vulkan_shader_float16_int8 ANDROID_EMU_vulkan_async_queue_submit ANDROID_EMU_sync_buffer_data ANDROID_EMU_vulkan_async_qsri ANDROID_EMU_read_color_buffer_dma GL_OES_vertex_array_object GL_KHR_texture_compression_astc_ldr ANDROID_EMU_host_side_tracing ANDROID_EMU_gles_max_version_2'}
{'timestamp': 1702276322394, 'level': 'ALL', 'message': '12-11 08:31:56.874   320   320 D goldfish-address-space: claimShared: Ask to claim region [0x3f3925000 0x3f39b5000]'}
{'timestamp': 1702276322394, 'level': 'ALL', 'message': '12-11 08:31:56.876   320   320 D goldfish-address-space: claimShared: Ask to claim region [0x3f39b5000 0x3f3a45000]'}
{'timestamp': 1702276322394, 'level': 'ALL', 'message': '12-11 08:31:56.904 11826 11855 D HostConnection: HostConnection::get() New Host Connection established 0xed8b0c90, tid 11855'}
{'timestamp': 1702276322394, 'level': 'ALL', 'message': '12-11 08:31:56.911 11826 11855 D HostConnection: HostComposition ext ANDROID_EMU_CHECKSUM_HELPER_v1 ANDROID_EMU_native_sync_v2 ANDROID_EMU_native_sync_v3 ANDROID_EMU_native_sync_v4 ANDROID_EMU_dma_v1 ANDROID_EMU_direct_mem ANDROID_EMU_vulkan ANDROID_EMU_deferred_vulkan_commands ANDROID_EMU_vulkan_null_optional_strings ANDROID_EMU_vulkan_create_resources_with_requirements ANDROID_EMU_YUV_Cache ANDROID_EMU_vulkan_ignored_handles ANDROID_EMU_has_shared_slots_host_memory_allocator ANDROID_EMU_vulkan_free_memory_sync ANDROID_EMU_vulkan_shader_float16_int8 ANDROID_EMU_vulkan_async_queue_submit ANDROID_EMU_sync_buffer_data ANDROID_EMU_vulkan_async_qsri ANDROID_EMU_read_color_buffer_dma GL_OES_vertex_array_object GL_KHR_texture_compression_astc_ldr ANDROID_EMU_host_side_tracing ANDROID_EMU_gles_max_version_2'}
{'timestamp': 1702276322394, 'level': 'ALL', 'message': '12-11 08:31:56.911 11826 11855 D EglHelper: createEglContext start'}
{'timestamp': 1702276322394, 'level': 'ALL', 'message': '12-11 08:31:56.970 11826 11855 D EGL_emulation: eglCreateContext: 0xed885790: maj 2 min 0 rcv 2'}
{'timestamp': 1702276322394, 'level': 'ALL', 'message': '12-11 08:31:56.971 11826 11855 D EglHelper: createEglContext done'}
{'timestamp': 1702276322395, 'level': 'ALL', 'message': '12-11 08:31:56.971 11826 11855 D EglHelper: createEglSurface start'}
{'timestamp': 1702276322395, 'level': 'ALL', 'message': '12-11 08:31:56.976   320   320 D goldfish-address-space: claimShared: Ask to claim region [0x3f3174000 0x3f364f000]'}
{'timestamp': 1702276322395, 'level': 'ALL', 'message': '12-11 08:31:56.984 11826 11855 D EGL_emulation: eglMakeCurrent: 0xed885790: ver 2 0 (tinfo 0xedbe3410) (first time)'}
{'timestamp': 1702276322395, 'level': 'ALL', 'message': '12-11 08:31:56.989 11826 11855 D EglHelper: createEglSurface done'}
{'timestamp': 1702276322395, 'level': 'ALL', 'message': '12-11 08:31:57.092   320   320 D goldfish-address-space: claimShared: Ask to claim region [0x3f49e4000 0x3f4ebf000]'}
{'timestamp': 1702276322395, 'level': 'ALL', 'message': '12-11 08:31:57.168 31652 31666 I system_server: oneway function results will be dropped but finished with status OK and parcel size 4'}
{'timestamp': 1702276322395, 'level': 'ALL', 'message': '12-11 08:31:59.187 32722 32763 I PeriodicStatsRunner: PeriodicStatsRunner.call():180 call()'}
{'timestamp': 1702276322395, 'level': 'ALL', 'message': '12-11 08:31:59.187 32722 32763 I PeriodicStatsRunner: PeriodicStatsRunner.call():184 No submit PeriodicStats since input started.'}
{'timestamp': 1702276322395, 'level': 'ALL', 'message': '12-11 08:31:59.248   456   889 D BufferPoolAccessor2.0: evictor expired: 3, evicted: 0'}
{'timestamp': 1702276322395, 'level': 'ALL', 'message': '12-11 08:32:00.171 11826 11865 D BufferPoolAccessor2.0: bufferpool2 0xed5ca918 : 0(0 size) total buffers - 0(0 size) used buffers - 3/9 (recycle/alloc) - 9/36 (fetch/transfer)'}
{'timestamp': 1702276322395, 'level': 'ALL', 'message': '12-11 08:32:00.171 11826 11865 D BufferPoolAccessor2.0: evictor expired: 1, evicted: 1'}
{'timestamp': 1702276322395, 'level': 'ALL', 'message': '12-11 08:32:00.249   456   889 D BufferPoolAccessor2.0: bufferpool2 0xf2742008 : 0(0 size) total buffers - 0(0 size) used buffers - 13/16 (recycle/alloc) - 3/15 (fetch/transfer)'}
{'timestamp': 1702276322395, 'level': 'ALL', 'message': '12-11 08:32:00.249   456   889 D BufferPoolAccessor2.0: evictor expired: 1, evicted: 1'}
{'timestamp': 1702276322395, 'level': 'ALL', 'message': '12-11 08:32:00.305 32722 32763 I PeriodicStatsRunner: PeriodicStatsRunner.call():180 call()'}
{'timestamp': 1702276322395, 'level': 'ALL', 'message': '12-11 08:32:00.305 32722 32763 I PeriodicStatsRunner: PeriodicStatsRunner.call():184 No submit PeriodicStats since input started.'}
{'timestamp': 1702276322395, 'level': 'ALL', 'message': '12-11 08:32:01.173 11826 11865 D BufferPoolAccessor2.0: bufferpool2 0xed5c9c58 : 0(0 size) total buffers - 0(0 size) used buffers - 3/9 (recycle/alloc) - 6/38 (fetch/transfer)'}
{'timestamp': 1702276322395, 'level': 'ALL', 'message': '12-11 08:32:01.173 11826 11865 D BufferPoolAccessor2.0: bufferpool2 0xed5c83e8 : 0(0 size) total buffers - 0(0 size) used buffers - 1/9 (recycle/alloc) - 8/18 (fetch/transfer)'}
{'timestamp': 1702276322395, 'level': 'ALL', 'message': '12-11 08:32:01.173 11826 11865 D BufferPoolAccessor2.0: evictor expired: 2, evicted: 2'}
{'timestamp': 1702276322395, 'level': 'ALL', 'message': '12-11 08:32:01.250   456   889 D BufferPoolAccessor2.0: bufferpool2 0xf2740bd8 : 0(0 size) total buffers - 0(0 size) used buffers - 5/7 (recycle/alloc) - 2/6 (fetch/transfer)'}
{'timestamp': 1702276322395, 'level': 'ALL', 'message': '12-11 08:32:01.250   456   889 D BufferPoolAccessor2.0: bufferpool2 0xf2746408 : 0(0 size) total buffers - 0(0 size) used buffers - 14/17 (recycle/alloc) - 3/16 (fetch/transfer)'}
{'timestamp': 1702276322395, 'level': 'ALL', 'message': '12-11 08:32:01.251   456   889 D BufferPoolAccessor2.0: evictor expired: 2, evicted: 2'}
{'timestamp': 1702276322395, 'level': 'ALL', 'message': '12-11 08:32:01.576 11910 11912 I cmd     : oneway function results will be dropped but finished with status OK and parcel size 4'}
{'timestamp': 1702276322395, 'level': 'ALL', 'message': '12-11 08:32:01.614 11920 11922 I cmd     : oneway function results will be dropped but finished with status OK and parcel size 4'}
{'timestamp': 1702276322395, 'level': 'ALL', 'message': '12-11 08:32:01.641   517  1067 I azpt    : (REDACTED) getHotwordActive::active query: %s, watch: %s, devices connected: %s'}
{'timestamp': 1702276322854, 'level': 'ALL', 'message': '12-11 08:32:02.768 11948 11950 I cmd     : oneway function results will be dropped but finished with status OK and parcel size 4'}
{'timestamp': 1702276322995, 'level': 'ALL', 'message': '12-11 08:32:02.910 31652 32570 I ActivityManager: Force stopping com.ajaxsystems appid=10158 user=0: from pid 11966'}
{'timestamp': 1702276323002, 'level': 'ALL', 'message': '12-11 08:32:02.914 11966 11968 I cmd     : oneway function results will be dropped but finished with status OK and parcel size 4'}
{'timestamp': 1702276323011, 'level': 'ALL', 'message': '12-11 08:32:02.922 32351 32351 D CarrierSvcBindHelper: No carrier app for: 0'}
{'timestamp': 1702276323048, 'level': 'ALL', 'message': '12-11 08:32:02.961 31652 32570 I ActivityManager: Force stopping com.ajaxsystems appid=10158 user=0: clear data'}
{'timestamp': 1702276323052, 'level': 'ALL', 'message': '12-11 08:32:02.967 31652 31743 I ActivityManager: Force stopping com.ajaxsystems appid=10158 user=-1: clearApplicationUserData'}
{'timestamp': 1702276323061, 'level': 'ALL', 'message': '12-11 08:32:02.969   445  6549 I MediaProvider: Invalidating LocalCallingIdentity cache for package com.ajaxsystems. Reason: op android:read_external_storage'}
{'timestamp': 1702276323121, 'level': 'ALL', 'message': '12-11 08:32:03.036   436   436 I keystore: clear_uid 10158'}
{'timestamp': 1702276323145, 'level': 'ALL', 'message': '12-11 08:32:03.052 32351 32351 D CarrierSvcBindHelper: No carrier app for: 0'}
{'timestamp': 1702276323145, 'level': 'ALL', 'message': '12-11 08:32:03.056 32106 32106 V AvrcpMediaPlayerList: mPackageChangedBroadcastReceiver: action: android.intent.action.PACKAGE_DATA_CLEARED'}
{'timestamp': 1702276323150, 'level': 'ALL', 'message': '12-11 08:32:03.062  1356  1356 I CarrierServices: [2] RcsAutoStartReceiver.a: enableRcs changed from true to true'}
{'timestamp': 1702276323219, 'level': 'ALL', 'message': '12-11 08:32:03.131   445  5935 I MediaProvider: Begin Intent { act=android.intent.action.PACKAGE_DATA_CLEARED dat=package:com.ajaxsystems flg=0x1000010 cmp=com.google.android.providers.media.module/com.android.providers.media.MediaService (has extras) }'}
{'timestamp': 1702276323222, 'level': 'ALL', 'message': '12-11 08:32:03.135   445  5935 I MediaProvider: End Intent { act=android.intent.action.PACKAGE_DATA_CLEARED dat=package:com.ajaxsystems flg=0x1000010 cmp=com.google.android.providers.media.module/com.android.providers.media.MediaService (has extras) }'}
{'timestamp': 1702276323227, 'level': 'ALL', 'message': '12-11 08:32:03.140   396  7353 I Icing   : doRemovePackageData com.ajaxsystems'}
{'timestamp': 1702276323253, 'level': 'ALL', 'message': '12-11 08:32:03.166 32604 11987 I Fitness : (REDACTED) FitCleanupIntentOperation received Intent %s'}
{'timestamp': 1702276323258, 'level': 'ALL', 'message': '12-11 08:32:03.173 31652 31652 D CompatibilityChangeReporter: Compat change id reported: 135634846; UID 10098; state: DISABLED'}
{'timestamp': 1702276323258, 'level': 'ALL', 'message': '12-11 08:32:03.173 31652 31745 D CompatibilityChangeReporter: Compat change id reported: 143937733; UID 10098; state: ENABLED'}
{'timestamp': 1702276323271, 'level': 'ALL', 'message': '12-11 08:32:03.182 31506 31506 D Zygote  : Forked child process 11997'}
{'timestamp': 1702276323277, 'level': 'ALL', 'message': '12-11 08:32:03.187 11994 11996 I cmd     : oneway function results will be dropped but finished with status OK and parcel size 4'}
{'timestamp': 1702276323277, 'level': 'ALL', 'message': '12-11 08:32:03.190 11997 11997 W oid.setupwizar: Unexpected CPU variant for X86 using defaults: x86'}
{'timestamp': 1702276323282, 'level': 'ALL', 'message': '12-11 08:32:03.195 31652 31745 I ActivityManager: Start proc 11997:com.google.android.setupwizard/u0a98 for service {com.google.android.setupwizard/com.google.android.setupwizard.deferred.DeferredSetupScheduler}'}
{'timestamp': 1702276323287, 'level': 'ALL', 'message': '12-11 08:32:03.198 11997 11997 E oid.setupwizar: Not starting debugger since process cannot load the jdwp agent.'}
{'timestamp': 1702276323307, 'level': 'ALL', 'message': '12-11 08:32:03.216 12014 12018 I cmd     : oneway function results will be dropped but finished with status OK and parcel size 4'}
{'timestamp': 1702276323317, 'level': 'ALL', 'message': '12-11 08:32:03.230 11997 11997 I oid.setupwizar: The ClassLoaderContext is a special shared library.'}
{'timestamp': 1702276323325, 'level': 'ALL', 'message': '12-11 08:32:03.235 11997 11997 I oid.setupwizar: The ClassLoaderContext is a special shared library.'}
{'timestamp': 1702276323325, 'level': 'ALL', 'message': '12-11 08:32:03.236 11997 11997 D nativeloader: classloader namespace configured for unbundled product apk. library_path=/product/priv-app/SetupWizardPrebuilt/lib/x86:/product/priv-app/SetupWizardPrebuilt/SetupWizardPrebuilt.apk!/lib/x86:/product/lib:/system/product/lib'}
{'timestamp': 1702276323325, 'level': 'ALL', 'message': '12-11 08:32:03.239   445  6549 I MediaProvider: Invalidating LocalCallingIdentity cache for package com.ajaxsystems. Reason: op android:read_external_storage'}
{'timestamp': 1702276323328, 'level': 'ALL', 'message': '12-11 08:32:03.240 12022 12024 I cmd     : oneway function results will be dropped but finished with status OK and parcel size 4'}
{'timestamp': 1702276323338, 'level': 'ALL', 'message': '12-11 08:32:03.248 11997 11997 D NetworkSecurityConfig: No Network Security Config specified, using platform default'}
{'timestamp': 1702276323365, 'level': 'ALL', 'message': '12-11 08:32:03.249 11997 11997 D NetworkSecurityConfig: No Network Security Config specified, using platform default'}
{'timestamp': 1702276323367, 'level': 'ALL', 'message': '12-11 08:32:03.279 12032 12033 I cmd     : oneway function results will be dropped but finished with status OK and parcel size 4'}
{'timestamp': 1702276323371, 'level': 'ALL', 'message': '12-11 08:32:03.285 11997 11997 I SetupWizard: [bea] Start loading FRP status'}
{'timestamp': 1702276323380, 'level': 'ALL', 'message': '12-11 08:32:03.294 11997 11997 I SetupWizard: [amd] Enabling all components'}
{'timestamp': 1702276323388, 'level': 'ALL', 'message': '12-11 08:32:03.302 12037 12041 I cmd     : oneway function results will be dropped but finished with status OK and parcel size 4'}
{'timestamp': 1702276323430, 'level': 'ALL', 'message': '12-11 08:32:03.345 12043 12046 I cmd     : oneway function results will be dropped but finished with status OK and parcel size 4'}
{'timestamp': 1702276323446, 'level': 'ALL', 'message': '12-11 08:32:03.360 12048 12050 I cmd     : oneway function results will be dropped but finished with status OK and parcel size 4'}
{'timestamp': 1702276323458, 'level': 'ALL', 'message': '12-11 08:32:03.374 12052 12054 I cmd     : oneway function results will be dropped but finished with status OK and parcel size 4'}
{'timestamp': 1702276323475, 'level': 'ALL', 'message': '12-11 08:32:03.390 12056 12058 I cmd     : oneway function results will be dropped but finished with status OK and parcel size 4'}
{'timestamp': 1702276323491, 'level': 'ALL', 'message': '12-11 08:32:03.405 12060 12062 I cmd     : oneway function results will be dropped but finished with status OK and parcel size 4'}
{'timestamp': 1702276323511, 'level': 'ALL', 'message': '12-11 08:32:03.423 12064 12066 I cmd     : oneway function results will be dropped but finished with status OK and parcel size 4'}
{'timestamp': 1702276323516, 'level': 'ALL', 'message': '12-11 08:32:03.430 11997 11997 I TetheringManager: registerTetheringEventCallback:com.google.android.setupwizard'}
{'timestamp': 1702276323537, 'level': 'ALL', 'message': '12-11 08:32:03.448   685   685 D NLService: Successfully marked the removed notification identified by 5'}
{'timestamp': 1702276323550, 'level': 'ALL', 'message': '12-11 08:32:03.465 12068 12070 I cmd     : oneway function results will be dropped but finished with status OK and parcel size 4'}
{'timestamp': 1702276323555, 'level': 'ALL', 'message': '12-11 08:32:03.470 11997 11997 I SetupWizard: [PreDeferredServiceScheduler] Scheduled job#2651 to run'}
{'timestamp': 1702276323559, 'level': 'ALL', 'message': '12-11 08:32:03.473 11997 12020 D TelephonyRegistryManager: onSubscriptionsChangedListener callback received.'}
{'timestamp': 1702276323568, 'level': 'ALL', 'message': '12-11 08:32:03.481 11997 11997 D CompatibilityChangeReporter: Compat change id reported: 147600208; UID 10098; state: ENABLED'}
{'timestamp': 1702276323593, 'level': 'ALL', 'message': '12-11 08:32:03.507 12077 12080 I cmd     : oneway function results will be dropped but finished with status OK and parcel size 4'}
{'timestamp': 1702276323623, 'level': 'ALL', 'message': '12-11 08:32:03.538   396   396 D BoundBrokerSvc: onBind: Intent { act=com.google.android.gms.checkin.START pkg=com.google.android.gms }'}
{'timestamp': 1702276323623, 'level': 'ALL', 'message': '12-11 08:32:03.538   396   396 D BoundBrokerSvc: Loading bound service for intent: Intent { act=com.google.android.gms.checkin.START pkg=com.google.android.gms }'}
{'timestamp': 1702276323658, 'level': 'ALL', 'message': '12-11 08:32:03.573 12092 12094 I cmd     : oneway function results will be dropped but finished with status OK and parcel size 4'}
{'timestamp': 1702276323675, 'level': 'ALL', 'message': '12-11 08:32:03.591 12096 12098 I cmd     : oneway function results will be dropped but finished with status OK and parcel size 4'}
{'timestamp': 1702276323697, 'level': 'ALL', 'message': '12-11 08:32:03.608 11308 12099 I appium  : channel read: GET /sessions'}
{'timestamp': 1702276323697, 'level': 'ALL', 'message': '12-11 08:32:03.608 11308 12099 I appium  : GetSessions command'}
{'timestamp': 1702276323705, 'level': 'ALL', 'message': '12-11 08:32:03.615 11308 12099 I appium  : AppiumResponse: {"sessionId":"None","value":[{"id":"69d1edb8-19e4-42c3-bf70-07365e76368e","capabilities":{"appPackage":"com.ajaxsystems","networkConnectionEnabled":true,"noSign":true,"warnings":{},"databaseEnabled":false,"deviceName":"emulator-5554","platform":"LINUX","deviceUDID":"emulator-5554","appActivity":"com…'}
{'timestamp': 1702276323712, 'level': 'ALL', 'message': '12-11 08:32:03.627 11308 12100 I appium  : channel read: DELETE /session/69d1edb8-19e4-42c3-bf70-07365e76368e'}
{'timestamp': 1702276323712, 'level': 'ALL', 'message': '12-11 08:32:03.628 11308 12100 I appium  : DeleteSession command'}
{'timestamp': 1702276323714, 'level': 'ALL', 'message': '12-11 08:32:03.630 11308 12100 I appium  : Stopping uiautomator2 io.appium.uiautomator2.http io.appium.uiautomator2.server'}
{'timestamp': 1702276323722, 'level': 'ALL', 'message': '12-11 08:32:03.636 11308 12100 I appium  : AppiumResponse: {"sessionId":"69d1edb8-19e4-42c3-bf70-07365e76368e","value":null}'}
{'timestamp': 1702276323746, 'level': 'ALL', 'message': '12-11 08:32:03.653 31652 31652 W NotificationHistory: Attempted to add notif for locked/gone/disabled user 0'}
{'timestamp': 1702276323751, 'level': 'ALL', 'message': '12-11 08:32:03.666   685   685 D NLService: Successfully stored the newly arrived notification identified by 5'}
{'timestamp': 1702276324037, 'level': 'ALL', 'message': '12-11 08:32:03.952 11308 11330 I TestRunner: finished: startServer(io.appium.uiautomator2.server.test.AppiumUiAutomator2Server)'}
{'timestamp': 1702276324046, 'level': 'ALL', 'message': '12-11 08:32:03.959 11308 11330 I TestRunner: run finished: 1 tests, 0 failed, 0 ignored'}
{'timestamp': 1702276324055, 'level': 'ALL', 'message': '12-11 08:32:03.965 31652  1226 W WindowManager: removeWindowToken: Attempted to remove non-existing token: android.os.Binder@ba89f8'}
{'timestamp': 1702276324141, 'level': 'ALL', 'message': '12-11 08:32:03.976   517   929 I fvbt    : (REDACTED) #onAccessibilityStateChanged enabled: %s'}
{'timestamp': 1702276324141, 'level': 'ALL', 'message': '12-11 08:32:03.977   517  1099 I fvbt    : #onChange'}
{'timestamp': 1702276324141, 'level': 'ALL', 'message': '12-11 08:32:03.977   517  1099 I cmrs    : #FCF: onChange'}
{'timestamp': 1702276324141, 'level': 'ALL', 'message': '12-11 08:32:03.978 31652 32570 I ActivityManager: Force stopping io.appium.uiautomator2.server appid=10157 user=0: finished inst'}
{'timestamp': 1702276324141, 'level': 'ALL', 'message': '12-11 08:32:03.978   517  1099 I cmrw    : (REDACTED) FCF System FeatureName to check: %s'}
{'timestamp': 1702276324141, 'level': 'ALL', 'message': '12-11 08:32:03.978   517  1099 I cmrw    : (REDACTED) FCF: Device model check status : %s'}
{'timestamp': 1702276324141, 'level': 'ALL', 'message': '12-11 08:32:03.978   517  1099 I cmrt    : FCF A11y Checker - readyForTngMa'}
{'timestamp': 1702276324141, 'level': 'ALL', 'message': '12-11 08:32:03.980 11293 11293 D AndroidRuntime: Shutting down VM'}
{'timestamp': 1702276324141, 'level': 'ALL', 'message': '12-11 08:32:03.981 31652 32570 I ActivityManager: Killing 11308:io.appium.uiautomator2.server/u0a157 (adj 0): stop io.appium.uiautomator2.server due to finished inst'}
{'timestamp': 1702276324141, 'level': 'ALL', 'message': '12-11 08:32:03.983   517   979 I cmuh    : (REDACTED) #FCF: Managed profile check status : %s'}
{'timestamp': 1702276324141, 'level': 'ALL', 'message': '12-11 08:32:03.984   517  1099 I cmug    : (REDACTED) #FCF: Demo mode check status : %s'}
{'timestamp': 1702276324141, 'level': 'ALL', 'message': '12-11 08:32:03.984   517  1099 I cmrc    : (REDACTED) #FCF: Assistant primary locale : %s'}
{'timestamp': 1702276324141, 'level': 'ALL', 'message': '12-11 08:32:03.984   517  1099 I cmrc    : (REDACTED) #FCF: Assistant Primary locale check status : %s'}
{'timestamp': 1702276324141, 'level': 'ALL', 'message': '12-11 08:32:03.984   517  1099 I cmuj    : (REDACTED) [%d] productivity accounts setup for current account.'}
{'timestamp': 1702276324141, 'level': 'ALL', 'message': '12-11 08:32:03.996   653   833 I bfxf    : NGA enabled in interactor.'}
{'timestamp': 1702276324141, 'level': 'ALL', 'message': '12-11 08:32:03.997   653   833 I bfxf    : (REDACTED) Nga state changed to %s'}
{'timestamp': 1702276324141, 'level': 'ALL', 'message': '12-11 08:32:03.997   653   833 I bfxf    : (REDACTED) isTngActive=%s'}
{'timestamp': 1702276324141, 'level': 'ALL', 'message': '12-11 08:32:04.009   517 10798 I yvl     : Initializing all components'}
{'timestamp': 1702276324141, 'level': 'ALL', 'message': '12-11 08:32:04.012   517  1099 I afzp    : (REDACTED) onIsEnabledChanged, isEnabled: %s'}
{'timestamp': 1702276324141, 'level': 'ALL', 'message': '12-11 08:32:04.013   517  1099 W akjq    : Disposing empty manager. Did you forgot to subscribe observables?'}
{'timestamp': 1702276324141, 'level': 'ALL', 'message': '12-11 08:32:04.014   517  1099 I chatty  : uid=10109(com.google.android.googlequicksearchbox) Lite Thread #1 identical 9 lines'}
{'timestamp': 1702276324141, 'level': 'ALL', 'message': '12-11 08:32:04.014   517  1099 W akjq    : Disposing empty manager. Did you forgot to subscribe observables?'}
{'timestamp': 1702276324141, 'level': 'ALL', 'message': '12-11 08:32:04.014   517  1099 I agvp    : (REDACTED) Setting session to type: %s'}
{'timestamp': 1702276324141, 'level': 'ALL', 'message': '12-11 08:32:04.014   517  1099 W akjq    : Disposing empty manager. Did you forgot to subscribe observables?'}
{'timestamp': 1702276324141, 'level': 'ALL', 'message': '12-11 08:32:04.015   517  1099 I chatty  : uid=10109(com.google.android.googlequicksearchbox) Lite Thread #1 identical 10 lines'}
{'timestamp': 1702276324141, 'level': 'ALL', 'message': '12-11 08:32:04.015   517  1099 W akjq    : Disposing empty manager. Did you forgot to subscribe observables?'}
{'timestamp': 1702276324141, 'level': 'ALL', 'message': '12-11 08:32:04.015   517  1099 I aajs    : (REDACTED) on opa visibility changed %s'}
{'timestamp': 1702276324141, 'level': 'ALL', 'message': '12-11 08:32:04.016   517  1099 I zvn     : (REDACTED) Nga on-device enabled based on TNG:MA active state: %b'}
{'timestamp': 1702276324141, 'level': 'ALL', 'message': '12-11 08:32:04.016   517  1099 I adnn    : (REDACTED) State changed: %s => %s by %s and %s with %s'}
{'timestamp': 1702276324141, 'level': 'ALL', 'message': '12-11 08:32:04.020   517  1099 I adwu    : (REDACTED) Recognizer choice: (recognizer_type: %s, recognizer_mode: %s, choice_reason: %s)'}
{'timestamp': 1702276324141, 'level': 'ALL', 'message': '12-11 08:32:04.021   517  1099 I agqa    : (REDACTED) onActiveStateChangeEvent: %s => %s'}
{'timestamp': 1702276324141, 'level': 'ALL', 'message': '12-11 08:32:04.021   517  1099 I adgh    : (REDACTED) #onActiveStateChangeEvent, newState: %s, previousState: %s.'}
{'timestamp': 1702276324141, 'level': 'ALL', 'message': '12-11 08:32:04.051 31506 31506 I Zygote  : Process 11308 exited due to signal 9 (Killed)'}
{'timestamp': 1702276324141, 'level': 'ALL', 'message': '12-11 08:32:04.056   517  1099 I bltl    : setupConnection'}
{'timestamp': 1702276324167, 'level': 'ALL', 'message': '12-11 08:32:04.073   517  1099 I bltl    : (REDACTED) State changed: %s => %s'}
{'timestamp': 1702276324171, 'level': 'ALL', 'message': '12-11 08:32:04.074   517  1099 I zvn     : (REDACTED) Nga on-device enabled based on TNG:MA active state: %b'}
{'timestamp': 1702276324171, 'level': 'ALL', 'message': '12-11 08:32:04.077 31652 31748 I libprocessgroup: Successfully killed process cgroup uid 10157 pid 11308 in 93ms'}
{'timestamp': 1702276324180, 'level': 'ALL', 'message': '12-11 08:32:04.089   517  1099 I zps     : Initialize'}
{'timestamp': 1702276324180, 'level': 'ALL', 'message': '12-11 08:32:04.092   517  1099 I afnp    : (REDACTED) stopListening(%s, %s)'}
{'timestamp': 1702276324180, 'level': 'ALL', 'message': '12-11 08:32:04.092   517  1099 I aajs    : (REDACTED) on opa visibility changed %s'}
{'timestamp': 1702276324188, 'level': 'ALL', 'message': '12-11 08:32:04.097   517  1099 I bltl    : onServiceConnected'}
{'timestamp': 1702276324188, 'level': 'ALL', 'message': '12-11 08:32:04.098   653   684 I A       : Calling beginBinderSession().'}
{'timestamp': 1702276324208, 'level': 'ALL', 'message': '12-11 08:32:04.102   653   684 I A       : beginBinderSession(): calling binder'}
{'timestamp': 1702276324208, 'level': 'ALL', 'message': '12-11 08:32:04.103   517  1099 I bltl    : (REDACTED) State changed: %s => %s'}
{'timestamp': 1702276324208, 'level': 'ALL', 'message': '12-11 08:32:04.103   517  1099 I cmya    : (REDACTED) #FCF evaluate: %s'}
{'timestamp': 1702276324208, 'level': 'ALL', 'message': '12-11 08:32:04.104   517   979 I zvn     : (REDACTED) Nga on-device enabled based on TNG:MA active state: %b'}
{'timestamp': 1702276324208, 'level': 'ALL', 'message': '12-11 08:32:04.104   517  1099 I cmya    : (REDACTED) TngMaStatusChecker#evaluateInternal completed in %s millis'}
{'timestamp': 1702276324208, 'level': 'ALL', 'message': '12-11 08:32:04.104   517  1099 I cmcg    : (REDACTED) TNG:MA status updated: %s'}
{'timestamp': 1702276324208, 'level': 'ALL', 'message': '12-11 08:32:04.105   517  1099 I cmcg    : TNG:MA became eligible, Calling connect'}
{'timestamp': 1702276324208, 'level': 'ALL', 'message': '12-11 08:32:04.106   517  1099 I cmcg    : (REDACTED) Connecting: %s'}
{'timestamp': 1702276324211, 'level': 'ALL', 'message': '12-11 08:32:04.113   517  1099 I cmhx    : #unregisterBluetoothDevicesAvailabilityListener'}
{'timestamp': 1702276324211, 'level': 'ALL', 'message': '12-11 08:32:04.114   517  1099 I cmya    : #invalidationSource: adding saa update checker'}
{'timestamp': 1702276324211, 'level': 'ALL', 'message': '12-11 08:32:04.116   517  1099 I cmhx    : #unregisterBistoDevicesAvailabilityListener'}
{'timestamp': 1702276324211, 'level': 'ALL', 'message': '12-11 08:32:04.120   517   979 I yvl     : Successfully initialized all components'}
{'timestamp': 1702276324211, 'level': 'ALL', 'message': '12-11 08:32:04.120   517  1099 I cmhx    : enableBistoRouteIntegration disabled'}
{'timestamp': 1702276324211, 'level': 'ALL', 'message': '12-11 08:32:04.120   517  1099 I cmhx    : #unregisterActivityTransitions'}
{'timestamp': 1702276324211, 'level': 'ALL', 'message': '12-11 08:32:04.121   517  1099 I cmhx    : #unsubscribeFromHeadsetEventsForEarcons'}
{'timestamp': 1702276324211, 'level': 'ALL', 'message': '12-11 08:32:04.121   517  1099 I cmhx    : #enableGmmTravelModeLogging flag disabled.'}
{'timestamp': 1702276324211, 'level': 'ALL', 'message': '12-11 08:32:04.121   517  1099 I cqpb    : #unregisterShellAppInstallationReceiver'}
{'timestamp': 1702276324211, 'level': 'ALL', 'message': '12-11 08:32:04.121   517  1099 I cmhx    : (REDACTED) Disconnect Reasons: %s'}
{'timestamp': 1702276324214, 'level': 'ALL', 'message': '12-11 08:32:04.121   517  1099 I cmhx    : Client Already disconnected'}
{'timestamp': 1702276324214, 'level': 'ALL', 'message': '12-11 08:32:04.121   517  1099 I cmib    : (REDACTED) Updated TngActivationStateResult %s'}
{'timestamp': 1702276324214, 'level': 'ALL', 'message': '12-11 08:32:04.121   517  1099 I cmib    : (REDACTED) Emit result=%s'}
{'timestamp': 1702276324214, 'level': 'ALL', 'message': '12-11 08:32:04.121   517  1099 I cmgb    : Scheduling removing Phenotype experience experiments id'}
{'timestamp': 1702276324214, 'level': 'ALL', 'message': '12-11 08:32:04.122   517  1099 I cmhx    : #registerBluetoothDevicesAvailabilityListener'}
{'timestamp': 1702276324214, 'level': 'ALL', 'message': '12-11 08:32:04.122   517  1099 I cmhx    : Listening for setting changes changes'}
{'timestamp': 1702276324214, 'level': 'ALL', 'message': '12-11 08:32:04.123   517   979 I cmhx    : #registerBistoDevicesAvailabilityListener'}
{'timestamp': 1702276324214, 'level': 'ALL', 'message': '12-11 08:32:04.123   517   979 I cmhx    : enableBistoRouteIntegration disabled'}
{'timestamp': 1702276324214, 'level': 'ALL', 'message': '12-11 08:32:04.123   517   979 I cmhx    : #subscribeToHeadsetEventsForEarcons subscribing for headset events'}
{'timestamp': 1702276324214, 'level': 'ALL', 'message': '12-11 08:32:04.123   517  1099 I cmhx    : #onBluetoothAudioInputDevicesChanged'}
{'timestamp': 1702276324214, 'level': 'ALL', 'message': '12-11 08:32:04.123   517   929 I cntb    : (REDACTED) #onAudioDevicesAdded count: %s'}
{'timestamp': 1702276324233, 'level': 'ALL', 'message': '12-11 08:32:04.123   517  1099 I cmhx    : (REDACTED) starting updateConfig, reason: %s'}
{'timestamp': 1702276324233, 'level': 'ALL', 'message': '12-11 08:32:04.124   517  1099 I cmqy    : #getEarcons'}
{'timestamp': 1702276324233, 'level': 'ALL', 'message': '12-11 08:32:04.124   517  1099 I cnsv    : (REDACTED) #isBluetoothOrWiredHeadsetConnected Number of connected audio devices: %s'}
{'timestamp': 1702276324233, 'level': 'ALL', 'message': '12-11 08:32:04.126   517   979 I cmhx    : #registerActivityTransitions'}
{'timestamp': 1702276324233, 'level': 'ALL', 'message': '12-11 08:32:04.126   517   979 I cmhx    : #enableGmmTravelModeLogging flag disabled.'}
{'timestamp': 1702276324233, 'level': 'ALL', 'message': '12-11 08:32:04.126   517   979 I cqpb    : #registerShellAppInstallationReceiver'}
{'timestamp': 1702276324233, 'level': 'ALL', 'message': '12-11 08:32:04.128   517   938 I ugl     : no assistant invocation found, returning 0.'}
{'timestamp': 1702276324233, 'level': 'ALL', 'message': '12-11 08:32:04.132   517  1099 I cmzy    : (REDACTED) Robin eligibility : forceEnableRobinForSuwOptin %b'}
{'timestamp': 1702276324233, 'level': 'ALL', 'message': '12-11 08:32:04.133   517  1099 I cmzy    : Robin eligibility: Robin experiment flag is disabled.'}
{'timestamp': 1702276324233, 'level': 'ALL', 'message': '12-11 08:32:04.133   517  1099 I cmzy    : (REDACTED) Robin eligibility #evaluate: isEnabled = %s failure reasons: %s'}
{'timestamp': 1702276324233, 'level': 'ALL', 'message': '12-11 08:32:04.133 32604 32604 D BoundBrokerSvc: onBind: Intent { act=com.google.android.gms.phenotype.service.START pkg=com.google.android.gms }'}
{'timestamp': 1702276324233, 'level': 'ALL', 'message': '12-11 08:32:04.133 32604 32604 D BoundBrokerSvc: Loading bound service for intent: Intent { act=com.google.android.gms.phenotype.service.START pkg=com.google.android.gms }'}
{'timestamp': 1702276324233, 'level': 'ALL', 'message': '12-11 08:32:04.136   517   979 I cmhx    : (REDACTED) Connect Reason: %s'}
{'timestamp': 1702276324233, 'level': 'ALL', 'message': '12-11 08:32:04.136   517  1099 I cmzy    : (REDACTED) Robin eligibility : forceEnableRobinForSuwOptin %b'}
{'timestamp': 1702276324233, 'level': 'ALL', 'message': '12-11 08:32:04.136   517   979 I cmhx    : Connecting to Triggering Service.'}
{'timestamp': 1702276324233, 'level': 'ALL', 'message': '12-11 08:32:04.136   517  1099 I cmzy    : Robin eligibility: Robin experiment flag is disabled.'}
{'timestamp': 1702276324233, 'level': 'ALL', 'message': '12-11 08:32:04.136   517  1099 I cmzy    : (REDACTED) Robin eligibility #evaluate: isEnabled = %s failure reasons: %s'}
{'timestamp': 1702276324233, 'level': 'ALL', 'message': '12-11 08:32:04.136   517  1099 I cmrc    : (REDACTED) #FCF: Preferred assistant locale set %s'}
{'timestamp': 1702276324233, 'level': 'ALL', 'message': '12-11 08:32:04.136   517   979 I cmqy    : #getEarcons'}
{'timestamp': 1702276324233, 'level': 'ALL', 'message': '12-11 08:32:04.137   517   979 I cnsv    : (REDACTED) #isBluetoothOrWiredHeadsetConnected Number of connected audio devices: %s'}
{'timestamp': 1702276324233, 'level': 'ALL', 'message': '12-11 08:32:04.137   517  1099 I gcss    : (REDACTED) New connection(%s) added, total(%d).'}
{'timestamp': 1702276324233, 'level': 'ALL', 'message': '12-11 08:32:04.137   517   979 I cmrc    : (REDACTED) #FCF: Assistant primary locale : %s'}
{'timestamp': 1702276324233, 'level': 'ALL', 'message': '12-11 08:32:04.137   517   979 I cmrc    : (REDACTED) #FCF: Assistant Primary locale check status : %s'}
{'timestamp': 1702276324233, 'level': 'ALL', 'message': '12-11 08:32:04.137   517   979 I cmrw    : (REDACTED) FCF System FeatureName to check: %s'}
{'timestamp': 1702276324233, 'level': 'ALL', 'message': '12-11 08:32:04.137   517   979 I cmrw    : (REDACTED) FCF: Device model check status : %s'}
{'timestamp': 1702276324233, 'level': 'ALL', 'message': '12-11 08:32:04.138   517   979 I gcur    : (REDACTED) Initialize triggering managed lifecycle(%s)'}
{'timestamp': 1702276324233, 'level': 'ALL', 'message': '12-11 08:32:04.138   517   979 I chatty  : uid=10109(com.google.android.googlequicksearchbox) Lite Thread #0 identical 3 lines'}
{'timestamp': 1702276324233, 'level': 'ALL', 'message': '12-11 08:32:04.138   517   979 I gcur    : (REDACTED) Initialize triggering managed lifecycle(%s)'}
{'timestamp': 1702276324233, 'level': 'ALL', 'message': '12-11 08:32:04.138   517  1099 I gckv    : (REDACTED) Client connections changed: %s.'}
{'timestamp': 1702276324233, 'level': 'ALL', 'message': '12-11 08:32:04.138   517   979 I gcur    : (REDACTED) Initialize triggering managed lifecycle(%s)'}
{'timestamp': 1702276324233, 'level': 'ALL', 'message': '12-11 08:32:04.138   517   979 I gcur    : (REDACTED) Initialize triggering managed lifecycle(%s)'}
{'timestamp': 1702276324233, 'level': 'ALL', 'message': "12-11 08:32:04.139   517   979 I gcrs    : (REDACTED) Using '%s' policy for same client allowance check."}
{'timestamp': 1702276324233, 'level': 'ALL', 'message': '12-11 08:32:04.139   517   979 I gcur    : (REDACTED) Initialize triggering managed lifecycle(%s)'}
{'timestamp': 1702276324233, 'level': 'ALL', 'message': '12-11 08:32:04.139   517  1099 I gcur    : (REDACTED) Initialize triggering managed lifecycle(%s)'}
{'timestamp': 1702276324233, 'level': 'ALL', 'message': '12-11 08:32:04.139   517   979 I gckv    : (REDACTED) Connection state changed: %s.'}
{'timestamp': 1702276324233, 'level': 'ALL', 'message': '12-11 08:32:04.141   517   979 I gckv    : (REDACTED) Invocations routing has changed'}
{'timestamp': 1702276324233, 'level': 'ALL', 'message': '12-11 08:32:04.141   517   979 I gckv    : %s'}
{'timestamp': 1702276324233, 'level': 'ALL', 'message': '12-11 08:32:04.141   517  1099 I cmzy    : (REDACTED) Robin eligibility : forceEnableRobinForSuwOptin %b'}
{'timestamp': 1702276324233, 'level': 'ALL', 'message': '12-11 08:32:04.142   517  1099 I cmzy    : Robin eligibility: Robin experiment flag is disabled.'}
{'timestamp': 1702276324233, 'level': 'ALL', 'message': '12-11 08:32:04.142   517  1099 I cmzy    : (REDACTED) Robin eligibility #evaluate: isEnabled = %s failure reasons: %s'}
{'timestamp': 1702276324233, 'level': 'ALL', 'message': '12-11 08:32:04.142   517  1099 I cmzy    : (REDACTED) Robin eligibility : forceEnableRobinForSuwOptin %b'}
{'timestamp': 1702276324233, 'level': 'ALL', 'message': '12-11 08:32:04.143   517   979 I gcvj    : (REDACTED) Platform configuration for connection(%s) has changed(@%s):%s'}
{'timestamp': 1702276324233, 'level': 'ALL', 'message': '12-11 08:32:04.143   517   938 I ugl     : no assistant invocation found, returning 0.'}
{'timestamp': 1702276324233, 'level': 'ALL', 'message': '12-11 08:32:04.143   517   979 I gcsi    : (REDACTED) On platform configuration update(@%s) in connection(%s).'}
{'timestamp': 1702276324233, 'level': 'ALL', 'message': '12-11 08:32:04.143   517   979 I cmzy    : (REDACTED) Robin eligibility : forceEnableRobinForSuwOptin %b'}
{'timestamp': 1702276324233, 'level': 'ALL', 'message': '12-11 08:32:04.143   517   979 I cmzy    : Robin eligibility: Robin experiment flag is disabled.'}
{'timestamp': 1702276324233, 'level': 'ALL', 'message': '12-11 08:32:04.143   517   979 I cmzy    : (REDACTED) Robin eligibility #evaluate: isEnabled = %s failure reasons: %s'}
{'timestamp': 1702276324248, 'level': 'ALL', 'message': '12-11 08:32:04.144   517  1099 I cmzy    : Robin eligibility: Robin experiment flag is disabled.'}
{'timestamp': 1702276324249, 'level': 'ALL', 'message': '12-11 08:32:04.144   517  1099 I cmzy    : (REDACTED) Robin eligibility #evaluate: isEnabled = %s failure reasons: %s'}
{'timestamp': 1702276324249, 'level': 'ALL', 'message': '12-11 08:32:04.145   517  1099 I cmhx    : (REDACTED) On platform configuration update(%s).'}
{'timestamp': 1702276324249, 'level': 'ALL', 'message': '12-11 08:32:04.147   517   979 I cmrw    : (REDACTED) FCF System FeatureName to check: %s'}
{'timestamp': 1702276324249, 'level': 'ALL', 'message': '12-11 08:32:04.147   517   979 I cmrw    : (REDACTED) FCF: Device model check status : %s'}
{'timestamp': 1702276324249, 'level': 'ALL', 'message': '12-11 08:32:04.146 32604 32604 D BoundBrokerSvc: onBind: Intent { act=com.google.android.gms.auth.account.workaccount.START dat=chimera-action: cmp=com.google.android.gms/.chimera.PersistentApiService }'}
{'timestamp': 1702276324249, 'level': 'ALL', 'message': '12-11 08:32:04.147 32604 32604 D BoundBrokerSvc: Loading bound service for intent: Intent { act=com.google.android.gms.auth.account.workaccount.START dat=chimera-action: cmp=com.google.android.gms/.chimera.PersistentApiService }'}
{'timestamp': 1702276324249, 'level': 'ALL', 'message': '12-11 08:32:04.149   517   979 I cmyg    : (REDACTED) #evaluate: isEnabled = %s failure reasons: %s'}
{'timestamp': 1702276324249, 'level': 'ALL', 'message': '12-11 08:32:04.152   517  1099 I cmhx    : Received ConfigurationUpdate from Triggering API'}
{'timestamp': 1702276324249, 'level': 'ALL', 'message': '12-11 08:32:04.152   517   979 I cmfn    : (REDACTED) #initialConfig Current Locale set to: %s'}
{'timestamp': 1702276324249, 'level': 'ALL', 'message': '12-11 08:32:04.152   517   979 I cmfn    : (REDACTED) #initialConfig Assistant is currently enabled: %s'}
{'timestamp': 1702276324249, 'level': 'ALL', 'message': '12-11 08:32:04.152   517   979 I cmfn    : (REDACTED) #initialConfig InputModality is currently: %s'}
{'timestamp': 1702276324249, 'level': 'ALL', 'message': '12-11 08:32:04.152   517  1099 I cmrc    : (REDACTED) #FCF: Preferred assistant locale set %s'}
{'timestamp': 1702276324249, 'level': 'ALL', 'message': '12-11 08:32:04.153   517   979 I cmfn    : (REDACTED) #initialConfig Speed Bump entry points: %s'}
{'timestamp': 1702276324249, 'level': 'ALL', 'message': '12-11 08:32:04.153   517   979 I cmfn    : (REDACTED) #initialConfig Blocking oobe entrypoints: %s'}
{'timestamp': 1702276324249, 'level': 'ALL', 'message': '12-11 08:32:04.153   517   979 I cmfn    : (REDACTED) #initialConfig Long Press Power Education entrypoints: %s'}
{'timestamp': 1702276324249, 'level': 'ALL', 'message': '12-11 08:32:04.153   517   979 I cmfn    : (REDACTED) #initialConfig Robin entrypoints: %s'}
{'timestamp': 1702276324249, 'level': 'ALL', 'message': '12-11 08:32:04.153   517   979 I cmfn    : (REDACTED) #initialConfig Preferred audio route type: %s'}
{'timestamp': 1702276324249, 'level': 'ALL', 'message': '12-11 08:32:04.153   517   979 I cmfn    : (REDACTED) #initialConfig Earcons to be added: %s'}
{'timestamp': 1702276324249, 'level': 'ALL', 'message': '12-11 08:32:04.154   517   979 I cmfn    : (REDACTED) #initialConfig Mic occupied behavior: %s'}
{'timestamp': 1702276324249, 'level': 'ALL', 'message': '12-11 08:32:04.154   517  1099 I cmrc    : (REDACTED) #FCF: Assistant primary locale : %s'}
{'timestamp': 1702276324249, 'level': 'ALL', 'message': '12-11 08:32:04.154   517  1099 I cmrc    : (REDACTED) #FCF: Assistant Primary locale check status : %s'}
{'timestamp': 1702276324249, 'level': 'ALL', 'message': '12-11 08:32:04.154   517   979 I cmfn    : (REDACTED) #initialConfig Headphone voice queries and spoken notifications status: %s'}
{'timestamp': 1702276324249, 'level': 'ALL', 'message': '12-11 08:32:04.154   517  1099 I cmrw    : (REDACTED) FCF System FeatureName to check: %s'}
{'timestamp': 1702276324249, 'level': 'ALL', 'message': '12-11 08:32:04.154   517  1099 I cmrw    : (REDACTED) FCF: Device model check status : %s'}
{'timestamp': 1702276324249, 'level': 'ALL', 'message': '12-11 08:32:04.155   517  1099 I cmrw    : (REDACTED) FCF System FeatureName to check: %s'}
{'timestamp': 1702276324249, 'level': 'ALL', 'message': '12-11 08:32:04.155   517  1099 I cmrw    : (REDACTED) FCF: Device model check status : %s'}
{'timestamp': 1702276324249, 'level': 'ALL', 'message': '12-11 08:32:04.156   517  1099 I cmyg    : (REDACTED) #evaluate: isEnabled = %s failure reasons: %s'}
{'timestamp': 1702276324249, 'level': 'ALL', 'message': '12-11 08:32:04.157   517  1099 I cmfn    : (REDACTED) #initialConfig Current Locale set to: %s'}
{'timestamp': 1702276324249, 'level': 'ALL', 'message': '12-11 08:32:04.157   517  1099 I cmfn    : (REDACTED) #initialConfig Assistant is currently enabled: %s'}
{'timestamp': 1702276324249, 'level': 'ALL', 'message': '12-11 08:32:04.157   517   979 I cmrw    : (REDACTED) FCF System FeatureName to check: %s'}
{'timestamp': 1702276324249, 'level': 'ALL', 'message': '12-11 08:32:04.158   517  1099 I cmfn    : (REDACTED) #initialConfig InputModality is currently: %s'}
{'timestamp': 1702276324249, 'level': 'ALL', 'message': '12-11 08:32:04.158   517   979 I cmrw    : (REDACTED) FCF: Device model check status : %s'}
{'timestamp': 1702276324249, 'level': 'ALL', 'message': '12-11 08:32:04.158   517   979 I cmyg    : (REDACTED) #evaluate: isEnabled = %s failure reasons: %s'}
{'timestamp': 1702276324261, 'level': 'ALL', 'message': '12-11 08:32:04.159   517  1099 I cmfn    : (REDACTED) #initialConfig Speed Bump entry points: %s'}
{'timestamp': 1702276324261, 'level': 'ALL', 'message': '12-11 08:32:04.159   517  1099 I cmfn    : (REDACTED) #initialConfig Blocking oobe entrypoints: %s'}
{'timestamp': 1702276324261, 'level': 'ALL', 'message': '12-11 08:32:04.159   517  1099 I cmfn    : (REDACTED) #initialConfig Long Press Power Education entrypoints: %s'}
{'timestamp': 1702276324261, 'level': 'ALL', 'message': '12-11 08:32:04.159   517  1099 I cmfn    : (REDACTED) #initialConfig Robin entrypoints: %s'}
{'timestamp': 1702276324261, 'level': 'ALL', 'message': '12-11 08:32:04.160   517   979 I cmrw    : (REDACTED) FCF System FeatureName to check: %s'}
{'timestamp': 1702276324261, 'level': 'ALL', 'message': '12-11 08:32:04.160   517  1099 I cmfn    : (REDACTED) #initialConfig Preferred audio route type: %s'}
{'timestamp': 1702276324261, 'level': 'ALL', 'message': '12-11 08:32:04.160   517  1099 I cmfn    : (REDACTED) #initialConfig Earcons to be added: %s'}
{'timestamp': 1702276324261, 'level': 'ALL', 'message': '12-11 08:32:04.161   517   979 I cmrw    : (REDACTED) FCF: Device model check status : %s'}
{'timestamp': 1702276324261, 'level': 'ALL', 'message': '12-11 08:32:04.161   517  1099 I cmfn    : (REDACTED) #initialConfig Mic occupied behavior: %s'}
{'timestamp': 1702276324261, 'level': 'ALL', 'message': '12-11 08:32:04.161   517  1099 I cmfn    : (REDACTED) #initialConfig Headphone voice queries and spoken notifications status: %s'}
{'timestamp': 1702276324261, 'level': 'ALL', 'message': '12-11 08:32:04.161   517   979 I cmyg    : (REDACTED) #evaluate: isEnabled = %s failure reasons: %s'}
{'timestamp': 1702276324261, 'level': 'ALL', 'message': '12-11 08:32:04.162   517  1099 I cmib    : (REDACTED) Updated TngActivationStateResult %s'}
{'timestamp': 1702276324261, 'level': 'ALL', 'message': '12-11 08:32:04.162   517  1099 I cmib    : (REDACTED) Emit result=%s'}
{'timestamp': 1702276324261, 'level': 'ALL', 'message': '12-11 08:32:04.162   517   979 I cqpb    : (REDACTED) isRobinEligible:%s, isRobinOptIn:%s, isRobinIconEnabled:%s, isImageComponentEnabled:%s'}
{'timestamp': 1702276324261, 'level': 'ALL', 'message': '12-11 08:32:04.162   517  1099 I cmgb    : Scheduling setting Phenotype experience experiments id'}
{'timestamp': 1702276324261, 'level': 'ALL', 'message': '12-11 08:32:04.164   517  1099 I cmhx    : Client successfully connected!'}
{'timestamp': 1702276324261, 'level': 'ALL', 'message': '12-11 08:32:04.165   517  1099 I cmcg    : Calling speech biasing context session'}
{'timestamp': 1702276324261, 'level': 'ALL', 'message': '12-11 08:32:04.166   517  1099 I cmhx    : (REDACTED) starting updateConfig, reason: %s'}
{'timestamp': 1702276324261, 'level': 'ALL', 'message': '12-11 08:32:04.168   517   979 I cqpb    : (REDACTED) %s was not found: %s'}
{'timestamp': 1702276324261, 'level': 'ALL', 'message': '12-11 08:32:04.168   517   979 I cmrc    : (REDACTED) #FCF: Preferred assistant locale set %s'}
{'timestamp': 1702276324267, 'level': 'ALL', 'message': '12-11 08:32:04.168   517  1099 I gcsi    : (REDACTED) New message(%s, @%s) received at connection(%s).'}
{'timestamp': 1702276324267, 'level': 'ALL', 'message': '12-11 08:32:04.171   517   979 I cmrw    : (REDACTED) FCF System FeatureName to check: %s'}
{'timestamp': 1702276324267, 'level': 'ALL', 'message': '12-11 08:32:04.171   517  1099 I gcsi    : (REDACTED) Setting client id(%s) at connection(%s).'}
{'timestamp': 1702276324267, 'level': 'ALL', 'message': '12-11 08:32:04.171   517   979 I cmrw    : (REDACTED) FCF: Device model check status : %s'}
{'timestamp': 1702276324267, 'level': 'ALL', 'message': '12-11 08:32:04.171   517   979 I cmrw    : (REDACTED) FCF System FeatureName to check: %s'}
{'timestamp': 1702276324267, 'level': 'ALL', 'message': '12-11 08:32:04.171   517   979 I cmrw    : (REDACTED) FCF: Device model check status : %s'}
{'timestamp': 1702276324267, 'level': 'ALL', 'message': '12-11 08:32:04.171   517   979 I cmyg    : (REDACTED) #evaluate: isEnabled = %s failure reasons: %s'}
{'timestamp': 1702276324267, 'level': 'ALL', 'message': '12-11 08:32:04.171   517   979 I cmyi    : (REDACTED) #evaluate: isEnabled = %s failure reasons: %s'}
{'timestamp': 1702276324267, 'level': 'ALL', 'message': '12-11 08:32:04.172   517   979 I cmyn    : (REDACTED) #evaluate: isEnabled = %s failure reasons: %s'}
{'timestamp': 1702276324267, 'level': 'ALL', 'message': '12-11 08:32:04.172   517  1099 I gcsi    : (REDACTED) Message(%s, @%s) has been successfully processed at connection(%s).'}
{'timestamp': 1702276324267, 'level': 'ALL', 'message': '12-11 08:32:04.172   517   979 I cmrc    : (REDACTED) #FCF: Preferred assistant locale set %s'}
{'timestamp': 1702276324267, 'level': 'ALL', 'message': '12-11 08:32:04.172   517   979 I cmqy    : #getEarcons'}
{'timestamp': 1702276324267, 'level': 'ALL', 'message': '12-11 08:32:04.172   517  1099 I cmrw    : (REDACTED) FCF System FeatureName to check: %s'}
{'timestamp': 1702276324267, 'level': 'ALL', 'message': '12-11 08:32:04.172   517  1099 I cmrw    : (REDACTED) FCF: Device model check status : %s'}
{'timestamp': 1702276324267, 'level': 'ALL', 'message': '12-11 08:32:04.173   517  1099 I gckv    : (REDACTED) Connection state changed: %s.'}
{'timestamp': 1702276324267, 'level': 'ALL', 'message': '12-11 08:32:04.174   517  1099 I cmrw    : (REDACTED) FCF System FeatureName to check: %s'}
{'timestamp': 1702276324267, 'level': 'ALL', 'message': '12-11 08:32:04.174   517  1099 I cmrw    : (REDACTED) FCF: Device model check status : %s'}
{'timestamp': 1702276324267, 'level': 'ALL', 'message': '12-11 08:32:04.174   517   979 I cnsv    : (REDACTED) #isBluetoothOrWiredHeadsetConnected Number of connected audio devices: %s'}
{'timestamp': 1702276324267, 'level': 'ALL', 'message': '12-11 08:32:04.175   517   938 I cmrw    : (REDACTED) FCF System FeatureName to check: %s'}
{'timestamp': 1702276324267, 'level': 'ALL', 'message': '12-11 08:32:04.175   517   938 I cmrw    : (REDACTED) FCF: Device model check status : %s'}
{'timestamp': 1702276324267, 'level': 'ALL', 'message': '12-11 08:32:04.176   517   979 I cmrc    : (REDACTED) #FCF: Assistant primary locale : %s'}
{'timestamp': 1702276324267, 'level': 'ALL', 'message': '12-11 08:32:04.177   517   979 I cmrc    : (REDACTED) #FCF: Assistant Primary locale check status : %s'}
{'timestamp': 1702276324267, 'level': 'ALL', 'message': '12-11 08:32:04.178   517  1099 I cmyt    : (REDACTED) #evaluate: isEnabled[ = %s failure reasons: %s'}
{'timestamp': 1702276324267, 'level': 'ALL', 'message': '12-11 08:32:04.179   517   979 I cmwf    : (REDACTED) #evaluate: isEnabled = %s failure reasons: %s'}
{'timestamp': 1702276324267, 'level': 'ALL', 'message': '12-11 08:32:04.179   517  1099 I cmys    : (REDACTED) #evaluate: isEnabled = %s failure reasons: %s'}
{'timestamp': 1702276324267, 'level': 'ALL', 'message': '12-11 08:32:04.179   517  1099 I cmrw    : (REDACTED) FCF System FeatureName to check: %s'}
{'timestamp': 1702276324267, 'level': 'ALL', 'message': '12-11 08:32:04.179   517  1099 I cmrw    : (REDACTED) FCF: Device model check status : %s'}
{'timestamp': 1702276324267, 'level': 'ALL', 'message': '12-11 08:32:04.179   517  1099 I cmrw    : (REDACTED) FCF System FeatureName to check: %s'}
{'timestamp': 1702276324267, 'level': 'ALL', 'message': '12-11 08:32:04.179   517  1099 I cmrw    : (REDACTED) FCF: Device model check status : %s'}
{'timestamp': 1702276324267, 'level': 'ALL', 'message': '12-11 08:32:04.179   517  1099 I cmrw    : (REDACTED) FCF System FeatureName to check: %s'}
{'timestamp': 1702276324267, 'level': 'ALL', 'message': '12-11 08:32:04.179   517  1099 I cmrw    : (REDACTED) FCF: Device model check status : %s'}
{'timestamp': 1702276324275, 'level': 'ALL', 'message': '12-11 08:32:04.181   517   979 I cmfn    : (REDACTED) Needs to download files: %s'}
{'timestamp': 1702276324275, 'level': 'ALL', 'message': '12-11 08:32:04.181   517  1099 I gckv    : (REDACTED) Invocations routing has changed'}
{'timestamp': 1702276324275, 'level': 'ALL', 'message': '12-11 08:32:04.181   517  1099 I gckv    : %s'}
{'timestamp': 1702276324275, 'level': 'ALL', 'message': '12-11 08:32:04.183   517   979 I cmhx    : No changes in config detected'}
{'timestamp': 1702276324275, 'level': 'ALL', 'message': '12-11 08:32:04.185   517   979 I gcvj    : (REDACTED) Platform configuration for connection(%s) has changed(@%s):%s'}
{'timestamp': 1702276324275, 'level': 'ALL', 'message': '12-11 08:32:04.185   517   979 I gcsi    : (REDACTED) On platform configuration update(@%s) in connection(%s).'}
{'timestamp': 1702276324275, 'level': 'ALL', 'message': '12-11 08:32:04.185   653 10737 I aoso    : (REDACTED) Successfully received auth token for scope: %s in time %d ms'}
{'timestamp': 1702276324283, 'level': 'ALL', 'message': '12-11 08:32:04.186   517   979 I cmhx    : (REDACTED) On platform configuration update(%s).'}
{'timestamp': 1702276324283, 'level': 'ALL', 'message': '12-11 08:32:04.187   517   979 I cmhx    : Received ConfigurationUpdate from Triggering API'}
{'timestamp': 1702276324283, 'level': 'ALL', 'message': '12-11 08:32:04.187   517  1067 I ugl     : no assistant invocation found, returning 0.'}
{'timestamp': 1702276324283, 'level': 'ALL', 'message': '12-11 08:32:04.191   653   959 W avsu    : (REDACTED) Queue length for executor %s is now %d. Perhaps some tasks are too long, or the pool is too small.'}
{'timestamp': 1702276324283, 'level': 'ALL', 'message': '12-11 08:32:04.191   517   979 I cmzy    : (REDACTED) Robin eligibility : forceEnableRobinForSuwOptin %b'}
{'timestamp': 1702276324283, 'level': 'ALL', 'message': '12-11 08:32:04.192   517   979 I cmzy    : Robin eligibility: Robin experiment flag is disabled.'}
{'timestamp': 1702276324283, 'level': 'ALL', 'message': '12-11 08:32:04.192   517   979 I cmzy    : (REDACTED) Robin eligibility #evaluate: isEnabled = %s failure reasons: %s'}
{'timestamp': 1702276324283, 'level': 'ALL', 'message': '12-11 08:32:04.192   517   979 I cmzy    : (REDACTED) Robin eligibility : forceEnableRobinForSuwOptin %b'}
{'timestamp': 1702276324283, 'level': 'ALL', 'message': '12-11 08:32:04.193   517   979 I cmzy    : Robin eligibility: Robin experiment flag is disabled.'}
{'timestamp': 1702276324283, 'level': 'ALL', 'message': '12-11 08:32:04.193   517   979 I cmzy    : (REDACTED) Robin eligibility #evaluate: isEnabled = %s failure reasons: %s'}
{'timestamp': 1702276324283, 'level': 'ALL', 'message': '12-11 08:32:04.194   653   944 W atdn    : Invalid input from icing corpus JSON flag.'}
{'timestamp': 1702276324283, 'level': 'ALL', 'message': '12-11 08:32:04.194   653   944 W atdn    : android.util.MalformedJsonException: Use JsonReader.setLenient(true) to accept malformed JSON at line 123 column 2'}
{'timestamp': 1702276324283, 'level': 'ALL', 'message': '12-11 08:32:04.194   653   944 W atdn    : \tat android.util.JsonReader.syntaxError(JsonReader.java:1162)'}
{'timestamp': 1702276324283, 'level': 'ALL', 'message': '12-11 08:32:04.194   653   944 W atdn    : \tat android.util.JsonReader.checkLenient(JsonReader.java:840)'}
{'timestamp': 1702276324283, 'level': 'ALL', 'message': '12-11 08:32:04.194   653   944 W atdn    : \tat android.util.JsonReader.nextInArray(JsonReader.java:615)'}
{'timestamp': 1702276324283, 'level': 'ALL', 'message': '12-11 08:32:04.194   653   944 W atdn    : \tat android.util.JsonReader.peek(JsonReader.java:345)'}
{'timestamp': 1702276324283, 'level': 'ALL', 'message': '12-11 08:32:04.194   653   944 W atdn    : \tat android.util.JsonReader.hasNext(JsonReader.java:321)'}
{'timestamp': 1702276324283, 'level': 'ALL', 'message': '12-11 08:32:04.194   653   944 W atdn    : \tat atdn.c(PG:7)'}
{'timestamp': 1702276324283, 'level': 'ALL', 'message': '12-11 08:32:04.194   653   944 W atdn    : \tat atdn.<init>(PG:5)'}
{'timestamp': 1702276324283, 'level': 'ALL', 'message': '12-11 08:32:04.194   653   944 W atdn    : \tat bxey.<init>(PG:16)'}
{'timestamp': 1702276324283, 'level': 'ALL', 'message': '12-11 08:32:04.194   653   944 W atdn    : \tat bwzu.a(PG:14)'}
{'timestamp': 1702276324283, 'level': 'ALL', 'message': '12-11 08:32:04.194   653   944 W atdn    : \tat bxap.<init>(PG:7)'}
{'timestamp': 1702276324283, 'level': 'ALL', 'message': '12-11 08:32:04.194   653   944 W atdn    : \tat wju.b(PG:11)'}
{'timestamp': 1702276324283, 'level': 'ALL', 'message': '12-11 08:32:04.194   653   944 W atdn    : \tat iofm.b(PG:1)'}
{'timestamp': 1702276324283, 'level': 'ALL', 'message': '12-11 08:32:04.194   653   944 W atdn    : \tat bxfn.a(PG:3)'}
{'timestamp': 1702276324283, 'level': 'ALL', 'message': '12-11 08:32:04.194   653   944 W atdn    : \tat vwj.a(Unknown Source:3021)'}
{'timestamp': 1702276324283, 'level': 'ALL', 'message': '12-11 08:32:04.194   653   944 W atdn    : \tat vwj.b(PG:4)'}
{'timestamp': 1702276324283, 'level': 'ALL', 'message': '12-11 08:32:04.194   653   944 W atdn    : \tat appc.a(PG:2)'}
{'timestamp': 1702276324283, 'level': 'ALL', 'message': '12-11 08:32:04.194   653   944 W atdn    : \tat fcvo.a(PG:2)'}
{'timestamp': 1702276324283, 'level': 'ALL', 'message': '12-11 08:32:04.194   653   944 W atdn    : \tat htad.a(PG:1)'}
{'timestamp': 1702276324283, 'level': 'ALL', 'message': '12-11 08:32:04.194   653   944 W atdn    : \tat hsza.run(PG:4)'}
{'timestamp': 1702276324283, 'level': 'ALL', 'message': '12-11 08:32:04.194   653   944 W atdn    : \tat htaf.run(PG:1)'}
{'timestamp': 1702276324283, 'level': 'ALL', 'message': '12-11 08:32:04.194   653   944 W atdn    : \tat exhk.run(PG:1)'}
{'timestamp': 1702276324283, 'level': 'ALL', 'message': '12-11 08:32:04.194   653   944 W atdn    : \tat java.util.concurrent.ThreadPoolExecutor.runWorker(ThreadPoolExecutor.java:1167)'}
{'timestamp': 1702276324283, 'level': 'ALL', 'message': '12-11 08:32:04.194   653   944 W atdn    : \tat java.util.concurrent.ThreadPoolExecutor$Worker.run(ThreadPoolExecutor.java:641)'}
{'timestamp': 1702276324283, 'level': 'ALL', 'message': '12-11 08:32:04.194   653   944 W atdn    : \tat exgp.run(PG:2)'}
{'timestamp': 1702276324283, 'level': 'ALL', 'message': '12-11 08:32:04.194   653   944 W atdn    : \tat java.lang.Thread.run(Thread.java:923)'}
{'timestamp': 1702276324283, 'level': 'ALL', 'message': '12-11 08:32:04.194   653   944 W atdn    : \tat exhp.run(PG:5)'}
{'timestamp': 1702276324306, 'level': 'ALL', 'message': '12-11 08:32:04.194   517   979 I cmzy    : (REDACTED) Robin eligibility : forceEnableRobinForSuwOptin %b'}
{'timestamp': 1702276324306, 'level': 'ALL', 'message': '12-11 08:32:04.195   517   979 I cmzy    : Robin eligibility: Robin experiment flag is disabled.'}
{'timestamp': 1702276324306, 'level': 'ALL', 'message': '12-11 08:32:04.195   517   979 I cmzy    : (REDACTED) Robin eligibility #evaluate: isEnabled = %s failure reasons: %s'}
{'timestamp': 1702276324306, 'level': 'ALL', 'message': '12-11 08:32:04.197   517   979 I cmrc    : (REDACTED) #FCF: Preferred assistant locale set %s'}
{'timestamp': 1702276324306, 'level': 'ALL', 'message': '12-11 08:32:04.198   517   979 I cmrc    : (REDACTED) #FCF: Assistant primary locale : %s'}
{'timestamp': 1702276324306, 'level': 'ALL', 'message': '12-11 08:32:04.198   653  1036 I axcj    : (REDACTED) isOpaHotwordEnabled: %b'}
{'timestamp': 1702276324306, 'level': 'ALL', 'message': '12-11 08:32:04.199   653  1036 I axcj    : Disabling the hotword detector.'}
{'timestamp': 1702276324306, 'level': 'ALL', 'message': '12-11 08:32:04.198   517   979 I cmrc    : (REDACTED) #FCF: Assistant Primary locale check status : %s'}
{'timestamp': 1702276324306, 'level': 'ALL', 'message': '12-11 08:32:04.199   517   979 I cmrw    : (REDACTED) FCF System FeatureName to check: %s'}
{'timestamp': 1702276324306, 'level': 'ALL', 'message': '12-11 08:32:04.200   517   979 I cmrw    : (REDACTED) FCF: Device model check status : %s'}
{'timestamp': 1702276324306, 'level': 'ALL', 'message': '12-11 08:32:04.200   653  1036 I aqdh    : (REDACTED) Updating hotword opa ineligibility to %b'}
{'timestamp': 1702276324310, 'level': 'ALL', 'message': '12-11 08:32:04.203   517   979 I cmrw    : (REDACTED) FCF System FeatureName to check: %s'}
{'timestamp': 1702276324310, 'level': 'ALL', 'message': '12-11 08:32:04.203   517   979 I cmrw    : (REDACTED) FCF: Device model check status : %s'}
{'timestamp': 1702276324310, 'level': 'ALL', 'message': '12-11 08:32:04.203   517   979 I cmyg    : (REDACTED) #evaluate: isEnabled = %s failure reasons: %s'}
{'timestamp': 1702276324310, 'level': 'ALL', 'message': '12-11 08:32:04.203   517   979 I cmfn    : (REDACTED) #initialConfig Current Locale set to: %s'}
{'timestamp': 1702276324310, 'level': 'ALL', 'message': '12-11 08:32:04.204   517   979 I cmfn    : (REDACTED) #initialConfig Assistant is currently enabled: %s'}
{'timestamp': 1702276324310, 'level': 'ALL', 'message': '12-11 08:32:04.204   517   979 I cmfn    : (REDACTED) #initialConfig InputModality is currently: %s'}
{'timestamp': 1702276324310, 'level': 'ALL', 'message': '12-11 08:32:04.204   517   979 I cmfn    : (REDACTED) #initialConfig Speed Bump entry points: %s'}
{'timestamp': 1702276324310, 'level': 'ALL', 'message': '12-11 08:32:04.204   517   979 I cmfn    : (REDACTED) #initialConfig Blocking oobe entrypoints: %s'}
{'timestamp': 1702276324310, 'level': 'ALL', 'message': '12-11 08:32:04.204   517   979 I cmfn    : (REDACTED) #initialConfig Long Press Power Education entrypoints: %s'}
{'timestamp': 1702276324310, 'level': 'ALL', 'message': '12-11 08:32:04.205   517   979 I cmfn    : (REDACTED) #initialConfig Robin entrypoints: %s'}
{'timestamp': 1702276324310, 'level': 'ALL', 'message': '12-11 08:32:04.205   517   979 I cmfn    : (REDACTED) #initialConfig Preferred audio route type: %s'}
{'timestamp': 1702276324310, 'level': 'ALL', 'message': '12-11 08:32:04.205   517   979 I cmfn    : (REDACTED) #initialConfig Earcons to be added: %s'}
{'timestamp': 1702276324310, 'level': 'ALL', 'message': '12-11 08:32:04.205   517   979 I cmfn    : (REDACTED) #initialConfig Mic occupied behavior: %s'}
{'timestamp': 1702276324310, 'level': 'ALL', 'message': '12-11 08:32:04.205   653  1036 I awzr    : getLocaleToModelSpecsMap'}
{'timestamp': 1702276324310, 'level': 'ALL', 'message': '12-11 08:32:04.205   517   517 I hvbt    : (REDACTED) Created gRPC endpoint for service %s'}
{'timestamp': 1702276324310, 'level': 'ALL', 'message': '12-11 08:32:04.205   653  1036 I awzr    : Fetching latest config from MDD...'}
{'timestamp': 1702276324310, 'level': 'ALL', 'message': '12-11 08:32:04.205   653  1036 I awzr    : (REDACTED) Found map of size: %d'}
{'timestamp': 1702276324310, 'level': 'ALL', 'message': '12-11 08:32:04.207   517   979 I cmfn    : (REDACTED) #initialConfig Headphone voice queries and spoken notifications status: %s'}
{'timestamp': 1702276324310, 'level': 'ALL', 'message': '12-11 08:32:04.210   517   979 I cmrw    : (REDACTED) FCF System FeatureName to check: %s'}
{'timestamp': 1702276324310, 'level': 'ALL', 'message': '12-11 08:32:04.210   517   979 I cmrw    : (REDACTED) FCF: Device model check status : %s'}
{'timestamp': 1702276324310, 'level': 'ALL', 'message': '12-11 08:32:04.210   517   979 I cmyg    : (REDACTED) #evaluate: isEnabled = %s failure reasons: %s'}
{'timestamp': 1702276324310, 'level': 'ALL', 'message': '12-11 08:32:04.211   517   979 I cmrw    : (REDACTED) FCF System FeatureName to check: %s'}
{'timestamp': 1702276324310, 'level': 'ALL', 'message': '12-11 08:32:04.211   517   979 I cmrw    : (REDACTED) FCF: Device model check status : %s'}
{'timestamp': 1702276324310, 'level': 'ALL', 'message': '12-11 08:32:04.211   517   979 I cmyg    : (REDACTED) #evaluate: isEnabled = %s failure reasons: %s'}
{'timestamp': 1702276324310, 'level': 'ALL', 'message': '12-11 08:32:04.211   517  1099 I cmrc    : (REDACTED) #FCF: Preferred assistant locale set %s'}
{'timestamp': 1702276324310, 'level': 'ALL', 'message': '12-11 08:32:04.212   517  1099 I cmrw    : (REDACTED) FCF System FeatureName to check: %s'}
{'timestamp': 1702276324310, 'level': 'ALL', 'message': '12-11 08:32:04.212   517  1099 I cmrw    : (REDACTED) FCF: Device model check status : %s'}
{'timestamp': 1702276324310, 'level': 'ALL', 'message': '12-11 08:32:04.212   517  1099 I cmrw    : (REDACTED) FCF System FeatureName to check: %s'}
{'timestamp': 1702276324310, 'level': 'ALL', 'message': '12-11 08:32:04.212   517  1099 I cmrw    : (REDACTED) FCF: Device model check status : %s'}
{'timestamp': 1702276324310, 'level': 'ALL', 'message': '12-11 08:32:04.212   517  1099 I cmyg    : (REDACTED) #evaluate: isEnabled = %s failure reasons: %s'}
{'timestamp': 1702276324310, 'level': 'ALL', 'message': '12-11 08:32:04.212   517  1099 I cmyi    : (REDACTED) #evaluate: isEnabled = %s failure reasons: %s'}
{'timestamp': 1702276324310, 'level': 'ALL', 'message': '12-11 08:32:04.212   517  1099 I cmyn    : (REDACTED) #evaluate: isEnabled = %s failure reasons: %s'}
{'timestamp': 1702276324310, 'level': 'ALL', 'message': '12-11 08:32:04.213   517  1099 I cmrc    : (REDACTED) #FCF: Preferred assistant locale set %s'}
{'timestamp': 1702276324310, 'level': 'ALL', 'message': '12-11 08:32:04.214   517  1099 I cmrw    : (REDACTED) FCF System FeatureName to check: %s'}
{'timestamp': 1702276324310, 'level': 'ALL', 'message': '12-11 08:32:04.214   517  1099 I cmrw    : (REDACTED) FCF: Device model check status : %s'}
{'timestamp': 1702276324310, 'level': 'ALL', 'message': '12-11 08:32:04.214   517  1099 I cmyt    : (REDACTED) #evaluate: isEnabled[ = %s failure reasons: %s'}
{'timestamp': 1702276324310, 'level': 'ALL', 'message': '12-11 08:32:04.214   517  1099 I cmys    : (REDACTED) #evaluate: isEnabled = %s failure reasons: %s'}
{'timestamp': 1702276324310, 'level': 'ALL', 'message': '12-11 08:32:04.215   517  1099 I gqel    : (REDACTED) #onConfigUpdate. requester: %s'}
{'timestamp': 1702276324327, 'level': 'ALL', 'message': '12-11 08:32:04.218   517   979 I bltl    : (REDACTED) State changed: %s => %s (%s)'}
{'timestamp': 1702276324327, 'level': 'ALL', 'message': '12-11 08:32:04.218   517  1099 I gqel    : #onConfigUpdate inside sequencer'}
{'timestamp': 1702276324327, 'level': 'ALL', 'message': '12-11 08:32:04.218   517  1099 I gqel    : (REDACTED) getAllConfigAndTakeAction called because of %s'}
{'timestamp': 1702276324327, 'level': 'ALL', 'message': '12-11 08:32:04.219   517   979 I cmfn    : (REDACTED) Needs to download files: %s'}
{'timestamp': 1702276324327, 'level': 'ALL', 'message': '12-11 08:32:04.219   517   979 I cmhx    : No changes in config detected'}
{'timestamp': 1702276324327, 'level': 'ALL', 'message': '12-11 08:32:04.219   517   979 I gdbo    : (REDACTED) On hotword consumer changed: %s.'}
{'timestamp': 1702276324327, 'level': 'ALL', 'message': '12-11 08:32:04.220   517   938 I cmrw    : (REDACTED) FCF System FeatureName to check: %s'}
{'timestamp': 1702276324327, 'level': 'ALL', 'message': '12-11 08:32:04.223   517  1066 I gcyb    : (REDACTED) Hotword consumer configuration has changed: %s.'}
{'timestamp': 1702276324327, 'level': 'ALL', 'message': '12-11 08:32:04.225   517   938 I cmrw    : (REDACTED) FCF: Device model check status : %s'}
{'timestamp': 1702276324333, 'level': 'ALL', 'message': '12-11 08:32:04.226   517   938 I cmyg    : (REDACTED) #evaluate: isEnabled = %s failure reasons: %s'}
{'timestamp': 1702276324333, 'level': 'ALL', 'message': '12-11 08:32:04.229   517  1099 I gqhi    : #getHotwordInformation'}
{'timestamp': 1702276324333, 'level': 'ALL', 'message': '12-11 08:32:04.231   653  1036 W aryj    : (REDACTED) %s task was not run. Callback from Service received after client was disposed.'}
{'timestamp': 1702276324333, 'level': 'ALL', 'message': '12-11 08:32:04.232   653  1036 W aryj    : (REDACTED) %s task was not run. Callback from Service received after client was disposed.'}
{'timestamp': 1702276324333, 'level': 'ALL', 'message': '12-11 08:32:04.233   517  1099 I gqhi    : #getHotwordInformation bindService'}
{'timestamp': 1702276324333, 'level': 'ALL', 'message': '12-11 08:32:04.233   517  1065 I gczx    : (REDACTED) Updating HDM frontend with configuration=@%s.'}
{'timestamp': 1702276324333, 'level': 'ALL', 'message': '12-11 08:32:04.234   653  1036 W aryj    : (REDACTED) %s task was not run. Callback from Service received after client was disposed.'}
{'timestamp': 1702276324333, 'level': 'ALL', 'message': '12-11 08:32:04.235   517   938 I cmyi    : (REDACTED) #evaluate: isEnabled = %s failure reasons: %s'}
{'timestamp': 1702276324333, 'level': 'ALL', 'message': '12-11 08:32:04.235   653  1036 W aryj    : (REDACTED) %s task was not run. Callback from Service received after client was disposed.'}
{'timestamp': 1702276324333, 'level': 'ALL', 'message': '12-11 08:32:04.235   653  1036 I chatty  : uid=10109(com.google.android.googlequicksearchbox) EventBus0 identical 1 line'}
{'timestamp': 1702276324333, 'level': 'ALL', 'message': '12-11 08:32:04.235   653  1036 W aryj    : (REDACTED) %s task was not run. Callback from Service received after client was disposed.'}
{'timestamp': 1702276324333, 'level': 'ALL', 'message': '12-11 08:32:04.235   517   938 I cmrw    : (REDACTED) FCF System FeatureName to check: %s'}
{'timestamp': 1702276324333, 'level': 'ALL', 'message': '12-11 08:32:04.235   517   938 I cmrw    : (REDACTED) FCF: Device model check status : %s'}
{'timestamp': 1702276324333, 'level': 'ALL', 'message': '12-11 08:32:04.235   653  1036 W aryj    : (REDACTED) %s task was not run. Callback from Service received after client was disposed.'}
{'timestamp': 1702276324333, 'level': 'ALL', 'message': '12-11 08:32:04.235   517   938 I cmyt    : (REDACTED) #evaluate: isEnabled[ = %s failure reasons: %s'}
{'timestamp': 1702276324333, 'level': 'ALL', 'message': '12-11 08:32:04.235   517   938 I ckxv    : Not connecting: not eligible for ondevice ASR and fulfillment'}
{'timestamp': 1702276324333, 'level': 'ALL', 'message': '12-11 08:32:04.235   653  1036 W aryj    : (REDACTED) %s task was not run. Callback from Service received after client was disposed.'}
{'timestamp': 1702276324333, 'level': 'ALL', 'message': '12-11 08:32:04.235   517  1065 I gqel    : (REDACTED) #update. Operational mode passed in HotwordConfig is %s'}
{'timestamp': 1702276324333, 'level': 'ALL', 'message': '12-11 08:32:04.236   517   979 I gqel    : (REDACTED) Receive Accountid: %s'}
{'timestamp': 1702276324333, 'level': 'ALL', 'message': '12-11 08:32:04.242   517   517 I gqhi    : (REDACTED) Connected to HotwordService. ComponentName %s, service %s'}
{'timestamp': 1702276324333, 'level': 'ALL', 'message': '12-11 08:32:04.245   517 12106 I gqhi    : Handing HotwordService connection in executor.'}
{'timestamp': 1702276324344, 'level': 'ALL', 'message': '12-11 08:32:04.251   396   871 I Icing   : IndexChimeraService.getServiceInterface callingPackage=com.google.android.googlequicksearchbox componentName=null serviceId=36'}
{'timestamp': 1702276324362, 'level': 'ALL', 'message': '12-11 08:32:04.271   653 10470 I awzr    : getLocaleToModelSpecsMap'}
{'timestamp': 1702276324362, 'level': 'ALL', 'message': '12-11 08:32:04.271   653 10470 I awzr    : Fetching latest config from MDD...'}
{'timestamp': 1702276324362, 'level': 'ALL', 'message': '12-11 08:32:04.271   653 10470 I awzr    : (REDACTED) Found map of size: %d'}
{'timestamp': 1702276324385, 'level': 'ALL', 'message': '12-11 08:32:04.272   653 10470 I axcj    : (REDACTED) hasHotwordEverywhere-%b'}
{'timestamp': 1702276324385, 'level': 'ALL', 'message': '12-11 08:32:04.273 32604 32604 D BoundBrokerSvc: onBind: Intent { act=com.google.android.gms.icing.LIGHTWEIGHT_INDEX_SERVICE dat=chimera-action: cmp=com.google.android.gms/.chimera.PersistentApiService }'}
{'timestamp': 1702276324385, 'level': 'ALL', 'message': '12-11 08:32:04.273 32604 32604 D BoundBrokerSvc: Loading bound service for intent: Intent { act=com.google.android.gms.icing.LIGHTWEIGHT_INDEX_SERVICE dat=chimera-action: cmp=com.google.android.gms/.chimera.PersistentApiService }'}
{'timestamp': 1702276324385, 'level': 'ALL', 'message': '12-11 08:32:04.280   653 10470 I axed    : (REDACTED) #getHotwordModelFromMobstore [mobstoreUri: %s]'}
{'timestamp': 1702276324385, 'level': 'ALL', 'message': '12-11 08:32:04.293   653 10470 I HotwordService: (REDACTED) Model ID: %s'}
{'timestamp': 1702276324385, 'level': 'ALL', 'message': '12-11 08:32:04.293   653 10470 I HotwordService: (REDACTED) hotwordModelLocation is null %b, locale is %s, re-mapped Chinese locale %s'}
{'timestamp': 1702276324385, 'level': 'ALL', 'message': '12-11 08:32:04.294   653 10470 I HotwordService: (REDACTED) isOpaEligibleAndUserEnabled: %b'}
{'timestamp': 1702276324392, 'level': 'ALL', 'message': '12-11 08:32:04.303   517 12106 I gqhi    : HotwordInformation fetch will try to save hotword model.'}
{'timestamp': 1702276324400, 'level': 'ALL', 'message': '12-11 08:32:04.310   517 12106 I gqhi    : onSuccess getHotwordInformation'}
{'timestamp': 1702276324404, 'level': 'ALL', 'message': '12-11 08:32:04.314   517   979 I gqhi    : Save the hotword model in the HotwordInformation.'}
{'timestamp': 1702276324404, 'level': 'ALL', 'message': '12-11 08:32:04.314   517  1099 I gqel    : getHotwordInformationWithRetry returned.'}
{'timestamp': 1702276324408, 'level': 'ALL', 'message': '12-11 08:32:04.322   653   653 I hvbt    : (REDACTED) Created gRPC endpoint for service %s'}
{'timestamp': 1702276324420, 'level': 'ALL', 'message': '12-11 08:32:04.334   517   979 I gqel    : getHotwordConfig and getHotwordSettingState returned.'}
{'timestamp': 1702276324426, 'level': 'ALL', 'message': "12-11 08:32:04.334   517  1099 W KeyphraseEnrollmentInfo: No enrollment application supports the given keyphrase/locale: 'X Google'/ru_RU"}
{'timestamp': 1702276324426, 'level': 'ALL', 'message': "12-11 08:32:04.334   517  1099 W KeyphraseEnrollmentInfo: No enrollment application supports the given keyphrase/locale: 'X Google'/ru_RU"}
{'timestamp': 1702276324426, 'level': 'ALL', 'message': "12-11 08:32:04.334   517  1099 W KeyphraseEnrollmentInfo: No enrollment application supports the given keyphrase/locale: 'X Google'/ar_EG"}
{'timestamp': 1702276324426, 'level': 'ALL', 'message': "12-11 08:32:04.335   517  1099 W KeyphraseEnrollmentInfo: No enrollment application supports the given keyphrase/locale: 'X Google'/en_US"}
{'timestamp': 1702276324426, 'level': 'ALL', 'message': '12-11 08:32:04.335   517  1099 W gqat    : (REDACTED) #getDspEnrollmentFallbackLocale cannot find a fallback locale for %s.'}
{'timestamp': 1702276324426, 'level': 'ALL', 'message': "12-11 08:32:04.335   517  1099 W KeyphraseEnrollmentInfo: No enrollment application supports the given keyphrase/locale: 'Ok Google'/ru_RU"}
{'timestamp': 1702276324426, 'level': 'ALL', 'message': "12-11 08:32:04.335   517  1099 W KeyphraseEnrollmentInfo: No enrollment application supports the given keyphrase/locale: 'Ok Google'/ar_EG"}
{'timestamp': 1702276324426, 'level': 'ALL', 'message': "12-11 08:32:04.335   517  1099 W KeyphraseEnrollmentInfo: No enrollment application supports the given keyphrase/locale: 'Ok Google'/en_US"}
{'timestamp': 1702276324426, 'level': 'ALL', 'message': '12-11 08:32:04.335   517  1099 W gqat    : (REDACTED) #getDspEnrollmentFallbackLocale cannot find a fallback locale for %s.'}
{'timestamp': 1702276324426, 'level': 'ALL', 'message': '12-11 08:32:04.335   517  1099 I gqel    : (REDACTED) #getAllConfigAndTakeAction KeyphraseAndLocaleSupportResult. locale : %s, dsp locale : %s, keyphrase : %s, DSP keyphrase : %s, isKeyphraseAndLocaleSupported : %b.'}
{'timestamp': 1702276324426, 'level': 'ALL', 'message': '12-11 08:32:04.335   517  1099 I gqat    : #canUseDownloadDspModel: no DspModelInformationAvailable'}
{'timestamp': 1702276324426, 'level': 'ALL', 'message': '12-11 08:32:04.335   517  1099 I gqel    : (REDACTED) isDspHotwordSupportedByPlatform = %b, isDspHotwordModelAvailable = %b'}
{'timestamp': 1702276324426, 'level': 'ALL', 'message': '12-11 08:32:04.335   517  1099 I gqay    : (REDACTED) Voice Match (Speaker-id) supported : %b'}
{'timestamp': 1702276324426, 'level': 'ALL', 'message': '12-11 08:32:04.335   517  1099 I gqay    : (REDACTED) hotword enrollment state is enrolled:  %b, speakerId model exist: %b. Voice Match supported : %b'}
{'timestamp': 1702276324426, 'level': 'ALL', 'message': '12-11 08:32:04.335   517  1099 I gqay    : (REDACTED) isHotwordAvailable():  %b, isHotwordEnabled() %b'}
{'timestamp': 1702276324426, 'level': 'ALL', 'message': '12-11 08:32:04.335   517  1099 I gqay    : (REDACTED) Hotword enrollment state : %s.'}
{'timestamp': 1702276324426, 'level': 'ALL', 'message': '12-11 08:32:04.336   517  1099 I gqay    : (REDACTED) Voice Match (Speaker-id) supported : %b'}
{'timestamp': 1702276324437, 'level': 'ALL', 'message': '12-11 08:32:04.338 32604 32604 D BoundBrokerSvc: onBind: Intent { act=com.google.android.contextmanager.service.ContextManagerService.START pkg=com.google.android.gms }'}
{'timestamp': 1702276324437, 'level': 'ALL', 'message': '12-11 08:32:04.338 32604 32604 D BoundBrokerSvc: Loading bound service for intent: Intent { act=com.google.android.contextmanager.service.ContextManagerService.START pkg=com.google.android.gms }'}
{'timestamp': 1702276324437, 'level': 'ALL', 'message': '12-11 08:32:04.339   517  1099 I gqay    : (REDACTED) Hotword enrollment state : %s.'}
{'timestamp': 1702276324437, 'level': 'ALL', 'message': '12-11 08:32:04.340   653  1036 W aryj    : (REDACTED) %s task was not run. Callback from Service received after client was disposed.'}
{'timestamp': 1702276324437, 'level': 'ALL', 'message': '12-11 08:32:04.341   517  1099 I gqfh    : (REDACTED) Operational mode passed in HotwordConfig is %s'}
{'timestamp': 1702276324437, 'level': 'ALL', 'message': '12-11 08:32:04.341   517  1099 I gqay    : (REDACTED) Voice Match (Speaker-id) supported : %b'}
{'timestamp': 1702276324437, 'level': 'ALL', 'message': '12-11 08:32:04.341   517  1099 I gqay    : (REDACTED) Voice Match (Speaker-id) supported : %b'}
{'timestamp': 1702276324437, 'level': 'ALL', 'message': '12-11 08:32:04.341   653  1036 I bfqg    : (REDACTED) Initializing MicroDataManager InitializeType-%d, isForced-%b, isActivePhoneEnrollment-%b isActiveGoogleHomeEnrollment-%b'}
{'timestamp': 1702276324437, 'level': 'ALL', 'message': '12-11 08:32:04.341   653  1036 I awzr    : getLocaleToModelSpecsMap'}
{'timestamp': 1702276324437, 'level': 'ALL', 'message': '12-11 08:32:04.342   653  1036 I awzr    : Fetching latest config from MDD...'}
{'timestamp': 1702276324437, 'level': 'ALL', 'message': '12-11 08:32:04.342   653  1036 I awzr    : (REDACTED) Found map of size: %d'}
{'timestamp': 1702276324437, 'level': 'ALL', 'message': '12-11 08:32:04.342   517  1099 I gqay    : (REDACTED) hotword enrollment state is enrolled:  %b, speakerId model exist: %b, voice match supported : %b'}
{'timestamp': 1702276324437, 'level': 'ALL', 'message': '12-11 08:32:04.342   653  1036 I axdu    : (REDACTED) Location for model with model type: %s and locale: %s, is : %s'}
{'timestamp': 1702276324437, 'level': 'ALL', 'message': '12-11 08:32:04.342   517  1099 I gqay    : (REDACTED) Hotword enrollment state : %s.'}
{'timestamp': 1702276324437, 'level': 'ALL', 'message': '12-11 08:32:04.342   517  1099 I gqay    : (REDACTED) Hotword isNonVoiceMatchHotwordEnabled: %b, isHotwordAvailable: %b, isHotwordEnabled: %b, isVoiceMatchSupported: %b, isHotwordEnrolled: %b,'}
{'timestamp': 1702276324437, 'level': 'ALL', 'message': '12-11 08:32:04.342   653   959 I gqii    : (REDACTED) Calling setIsModelTypeDspSupported %s'}
{'timestamp': 1702276324437, 'level': 'ALL', 'message': '12-11 08:32:04.342   517  1099 I gqay    : (REDACTED) Hotword enrollment state : %s.'}
{'timestamp': 1702276324437, 'level': 'ALL', 'message': '12-11 08:32:04.342   517  1099 I gqez    : (REDACTED) #getNextAction. Voice match enabled: %b. Hotword (non-Voice Match) enabled: %b, incomplete enrollment state: %b, screen on: %b, screen locked: %b dsp available: %b'}
{'timestamp': 1702276324437, 'level': 'ALL', 'message': '12-11 08:32:04.342   517  1099 I gqez    : (REDACTED) No operation needed since hotword detection is not running. Voice match enabled : %b. Hotword (non-Voice Match) enabled : %b, Is screen on : %b.'}
{'timestamp': 1702276324437, 'level': 'ALL', 'message': '12-11 08:32:04.342   517  1099 I gqel    : No detectors created before, no need to reconfig.'}
{'timestamp': 1702276324437, 'level': 'ALL', 'message': '12-11 08:32:04.342   653  1036 I axcj    : (REDACTED) isOpaHotwordEnabled: %b'}
{'timestamp': 1702276324437, 'level': 'ALL', 'message': '12-11 08:32:04.342   517  1099 I gqel    : (REDACTED) Get the next action %s for requester %s.'}
{'timestamp': 1702276324437, 'level': 'ALL', 'message': '12-11 08:32:04.342   653  1036 I axcj    : Disabling the hotword detector.'}
{'timestamp': 1702276324437, 'level': 'ALL', 'message': '12-11 08:32:04.343   653  1036 I aqdh    : (REDACTED) #takeChangeMicroDetectorMode [mIsBargeInEnabled: %b, mCurrentDetectionMode: %s]'}
{'timestamp': 1702276324437, 'level': 'ALL', 'message': '12-11 08:32:04.344   653  1036 I aqdh    : (REDACTED) Should stop hotword detection immediately - %b'}
{'timestamp': 1702276324452, 'level': 'ALL', 'message': '12-11 08:32:04.344   653  1036 I axcj    : (REDACTED) isOpaHotwordEnabled: %b'}
{'timestamp': 1702276324452, 'level': 'ALL', 'message': '12-11 08:32:04.345   653  1036 I axcj    : Disabling the hotword detector.'}
{'timestamp': 1702276324452, 'level': 'ALL', 'message': '12-11 08:32:04.346   517  1099 I gqel    : (REDACTED) Hotword detection is running : %b, no further operation required.'}
{'timestamp': 1702276324452, 'level': 'ALL', 'message': '12-11 08:32:04.346   517  1099 I gqay    : (REDACTED) isHotwordAvailable():  %b, isHotwordEnabled() %b'}
{'timestamp': 1702276324452, 'level': 'ALL', 'message': '12-11 08:32:04.346   653  1036 I aqdh    : (REDACTED) #takeChangeMicroDetectorMode [mIsBargeInEnabled: %b, mCurrentDetectionMode: %s]'}
{'timestamp': 1702276324452, 'level': 'ALL', 'message': '12-11 08:32:04.346   517  1099 I gqel    : #logRequestHandlingNonErrorEndEvent. Reset requestIdOfFirstError, firstStartErrorCausesRetry and numOfRetriesDoneForDspStartErrors!'}
{'timestamp': 1702276324452, 'level': 'ALL', 'message': '12-11 08:32:04.346   653  1036 I aqdh    : (REDACTED) Should stop hotword detection immediately - %b'}
{'timestamp': 1702276324452, 'level': 'ALL', 'message': '12-11 08:32:04.347   653  1036 W aryj    : (REDACTED) %s task was not run. Callback from Service received after client was disposed.'}
{'timestamp': 1702276324452, 'level': 'ALL', 'message': '12-11 08:32:04.347   517   979 I gqel    : (REDACTED) #onConfigUpdate. requester: %s'}
{'timestamp': 1702276324452, 'level': 'ALL', 'message': '12-11 08:32:04.347   653  1036 W aryj    : (REDACTED) %s task was not run. Callback from Service received after client was disposed.'}
{'timestamp': 1702276324454, 'level': 'ALL', 'message': '12-11 08:32:04.347   517  1099 I gqel    : #update inside sequencer'}
{'timestamp': 1702276324454, 'level': 'ALL', 'message': '12-11 08:32:04.347   517  1099 I gqel    : #update inside sequencer after logAppFlowAfterAccountHandled finished.'}
{'timestamp': 1702276324454, 'level': 'ALL', 'message': '12-11 08:32:04.348   517  1099 I gqel    : (REDACTED) needRefetchHotwordConfig: %b, accountChanged: %b, currentLocale: %s, newLocale: %s'}
{'timestamp': 1702276324454, 'level': 'ALL', 'message': '12-11 08:32:04.348   517  1099 I gqel    : (REDACTED) getAllConfigAndTakeAction called because of %s'}
{'timestamp': 1702276324454, 'level': 'ALL', 'message': "12-11 08:32:04.348   517   979 W KeyphraseEnrollmentInfo: No enrollment application supports the given keyphrase/locale: 'X Google'/ru_RU"}
{'timestamp': 1702276324454, 'level': 'ALL', 'message': "12-11 08:32:04.349   517   979 W KeyphraseEnrollmentInfo: No enrollment application supports the given keyphrase/locale: 'X Google'/ru_RU"}
{'timestamp': 1702276324454, 'level': 'ALL', 'message': "12-11 08:32:04.349   517   979 W KeyphraseEnrollmentInfo: No enrollment application supports the given keyphrase/locale: 'X Google'/ar_EG"}
{'timestamp': 1702276324454, 'level': 'ALL', 'message': "12-11 08:32:04.349   517   979 W KeyphraseEnrollmentInfo: No enrollment application supports the given keyphrase/locale: 'X Google'/en_US"}
{'timestamp': 1702276324464, 'level': 'ALL', 'message': '12-11 08:32:04.349   517   979 W gqat    : (REDACTED) #getDspEnrollmentFallbackLocale cannot find a fallback locale for %s.'}
{'timestamp': 1702276324464, 'level': 'ALL', 'message': "12-11 08:32:04.349   517   979 W KeyphraseEnrollmentInfo: No enrollment application supports the given keyphrase/locale: 'Ok Google'/ru_RU"}
{'timestamp': 1702276324464, 'level': 'ALL', 'message': "12-11 08:32:04.349   517   979 W KeyphraseEnrollmentInfo: No enrollment application supports the given keyphrase/locale: 'Ok Google'/ar_EG"}
{'timestamp': 1702276324464, 'level': 'ALL', 'message': "12-11 08:32:04.349   517   979 W KeyphraseEnrollmentInfo: No enrollment application supports the given keyphrase/locale: 'Ok Google'/en_US"}
{'timestamp': 1702276324464, 'level': 'ALL', 'message': '12-11 08:32:04.349   517   979 W gqat    : (REDACTED) #getDspEnrollmentFallbackLocale cannot find a fallback locale for %s.'}
{'timestamp': 1702276324464, 'level': 'ALL', 'message': '12-11 08:32:04.349   517   979 I gqel    : (REDACTED) #getAllConfigAndTakeAction KeyphraseAndLocaleSupportResult. locale : %s, dsp locale : %s, keyphrase : %s, DSP keyphrase : %s, isKeyphraseAndLocaleSupported : %b.'}
{'timestamp': 1702276324464, 'level': 'ALL', 'message': '12-11 08:32:04.350   517   979 I gqat    : #canUseDownloadDspModel: no DspModelInformationAvailable'}
{'timestamp': 1702276324464, 'level': 'ALL', 'message': '12-11 08:32:04.350   517   979 I gqel    : (REDACTED) isDspHotwordSupportedByPlatform = %b, isDspHotwordModelAvailable = %b'}
{'timestamp': 1702276324464, 'level': 'ALL', 'message': '12-11 08:32:04.351   517   979 I gqay    : (REDACTED) Voice Match (Speaker-id) supported : %b'}
{'timestamp': 1702276324464, 'level': 'ALL', 'message': '12-11 08:32:04.351   517   979 I gqay    : (REDACTED) hotword enrollment state is enrolled:  %b, speakerId model exist: %b. Voice Match supported : %b'}
{'timestamp': 1702276324464, 'level': 'ALL', 'message': '12-11 08:32:04.351   517   979 I gqay    : (REDACTED) isHotwordAvailable():  %b, isHotwordEnabled() %b'}
{'timestamp': 1702276324464, 'level': 'ALL', 'message': '12-11 08:32:04.351   517   979 I gqay    : (REDACTED) Hotword enrollment state : %s.'}
{'timestamp': 1702276324464, 'level': 'ALL', 'message': '12-11 08:32:04.351   517   979 I gqay    : (REDACTED) Voice Match (Speaker-id) supported : %b'}
{'timestamp': 1702276324464, 'level': 'ALL', 'message': '12-11 08:32:04.351   517  1099 I gqel    : (REDACTED) #onConfigUpdate. requester: %s'}
{'timestamp': 1702276324480, 'level': 'ALL', 'message': '12-11 08:32:04.351   653  1036 W aryj    : (REDACTED) %s task was not run. Callback from Service received after client was disposed.'}
{'timestamp': 1702276324480, 'level': 'ALL', 'message': '12-11 08:32:04.352   517   979 I gqay    : (REDACTED) Hotword enrollment state : %s.'}
{'timestamp': 1702276324480, 'level': 'ALL', 'message': '12-11 08:32:04.352   653 10737 I bxhq    : (REDACTED) Deleted sessionId[%d] from persistence.'}
{'timestamp': 1702276324480, 'level': 'ALL', 'message': '12-11 08:32:04.357   517   979 I gqfh    : (REDACTED) Operational mode passed in HotwordConfig is %s'}
{'timestamp': 1702276324480, 'level': 'ALL', 'message': '12-11 08:32:04.357   517   979 I gqay    : (REDACTED) Voice Match (Speaker-id) supported : %b'}
{'timestamp': 1702276324480, 'level': 'ALL', 'message': '12-11 08:32:04.357   517   979 I gqay    : (REDACTED) Voice Match (Speaker-id) supported : %b'}
{'timestamp': 1702276324480, 'level': 'ALL', 'message': '12-11 08:32:04.358   517   979 I gqay    : (REDACTED) hotword enrollment state is enrolled:  %b, speakerId model exist: %b, voice match supported : %b'}
{'timestamp': 1702276324480, 'level': 'ALL', 'message': '12-11 08:32:04.358   517   979 I gqay    : (REDACTED) Hotword enrollment state : %s.'}
{'timestamp': 1702276324480, 'level': 'ALL', 'message': '12-11 08:32:04.358   517   979 I gqay    : (REDACTED) Hotword isNonVoiceMatchHotwordEnabled: %b, isHotwordAvailable: %b, isHotwordEnabled: %b, isVoiceMatchSupported: %b, isHotwordEnrolled: %b,'}
{'timestamp': 1702276324480, 'level': 'ALL', 'message': '12-11 08:32:04.358   517   979 I gqay    : (REDACTED) Hotword enrollment state : %s.'}
{'timestamp': 1702276324480, 'level': 'ALL', 'message': '12-11 08:32:04.358   517   979 I gqez    : (REDACTED) #getNextAction. Voice match enabled: %b. Hotword (non-Voice Match) enabled: %b, incomplete enrollment state: %b, screen on: %b, screen locked: %b dsp available: %b'}
{'timestamp': 1702276324480, 'level': 'ALL', 'message': '12-11 08:32:04.358   517   979 I gqez    : (REDACTED) No operation needed since hotword detection is not running. Voice match enabled : %b. Hotword (non-Voice Match) enabled : %b, Is screen on : %b.'}
{'timestamp': 1702276324480, 'level': 'ALL', 'message': '12-11 08:32:04.358   517   979 I gqel    : No detectors created before, no need to reconfig.'}
{'timestamp': 1702276324480, 'level': 'ALL', 'message': '12-11 08:32:04.358   517   979 I gqel    : (REDACTED) Get the next action %s for requester %s.'}
{'timestamp': 1702276324480, 'level': 'ALL', 'message': '12-11 08:32:04.358   517   979 I gqel    : (REDACTED) Hotword detection is running : %b, no further operation required.'}
{'timestamp': 1702276324480, 'level': 'ALL', 'message': '12-11 08:32:04.358   517   979 I gqay    : (REDACTED) isHotwordAvailable():  %b, isHotwordEnabled() %b'}
{'timestamp': 1702276324480, 'level': 'ALL', 'message': '12-11 08:32:04.358   517   979 I gqel    : #logRequestHandlingNonErrorEndEvent. Reset requestIdOfFirstError, firstStartErrorCausesRetry and numOfRetriesDoneForDspStartErrors!'}
{'timestamp': 1702276324480, 'level': 'ALL', 'message': '12-11 08:32:04.361   517   979 I gqel    : #onConfigUpdate inside sequencer'}
{'timestamp': 1702276324480, 'level': 'ALL', 'message': '12-11 08:32:04.361   517   979 I gqel    : (REDACTED) getAllConfigAndTakeAction called because of %s'}
{'timestamp': 1702276324480, 'level': 'ALL', 'message': '12-11 08:32:04.361   653   944 I gqii    : (REDACTED) Calling setIsModelTypeDspSupported %s'}
{'timestamp': 1702276324480, 'level': 'ALL', 'message': '12-11 08:32:04.362   517   979 I gqhi    : #getHotwordInformation'}
{'timestamp': 1702276324480, 'level': 'ALL', 'message': '12-11 08:32:04.364   653  1036 W apkf    : Abort, client detached.'}
{'timestamp': 1702276324480, 'level': 'ALL', 'message': '12-11 08:32:04.365   653  1036 I bnpw    : (REDACTED) taskGraphFactory: %s#%d'}
{'timestamp': 1702276324480, 'level': 'ALL', 'message': '12-11 08:32:04.367   653  1036 I axcj    : (REDACTED) isOpaHotwordEnabled: %b'}
{'timestamp': 1702276324480, 'level': 'ALL', 'message': '12-11 08:32:04.368   517  1065 I gczx    : (REDACTED) Frontend=%s has been updated to configuration=%s.'}
{'timestamp': 1702276324480, 'level': 'ALL', 'message': '12-11 08:32:04.369   653  1036 I axcj    : Disabling the hotword detector.'}
{'timestamp': 1702276324480, 'level': 'ALL', 'message': '12-11 08:32:04.372   653  1036 I aqdh    : (REDACTED) #takeChangeMicroDetectorMode [mIsBargeInEnabled: %b, mCurrentDetectionMode: %s]'}
{'timestamp': 1702276324480, 'level': 'ALL', 'message': '12-11 08:32:04.373   653  1036 I aqdh    : (REDACTED) Should stop hotword detection immediately - %b'}
{'timestamp': 1702276324480, 'level': 'ALL', 'message': '12-11 08:32:04.373   517   979 I gqhi    : #getHotwordInformation bindService'}
{'timestamp': 1702276324480, 'level': 'ALL', 'message': '12-11 08:32:04.374   653  1036 W apln    : (REDACTED) Client : %s has no associated SessionController'}
{'timestamp': 1702276324480, 'level': 'ALL', 'message': '12-11 08:32:04.374   517   979 I gqel    : (REDACTED) #onConfigUpdate. requester: %s'}
{'timestamp': 1702276324480, 'level': 'ALL', 'message': '12-11 08:32:04.375   653  1036 I awzr    : getLocaleToModelSpecsMap'}
{'timestamp': 1702276324480, 'level': 'ALL', 'message': '12-11 08:32:04.375   653  1036 I awzr    : Fetching latest config from MDD...'}
{'timestamp': 1702276324480, 'level': 'ALL', 'message': '12-11 08:32:04.376   517   517 I gqhi    : (REDACTED) Connected to HotwordService. ComponentName %s, service %s'}
{'timestamp': 1702276324480, 'level': 'ALL', 'message': '12-11 08:32:04.377   653  1036 I awzr    : (REDACTED) Found map of size: %d'}
{'timestamp': 1702276324480, 'level': 'ALL', 'message': '12-11 08:32:04.379   517 12106 I gqhi    : Handing HotwordService connection in executor.'}
{'timestamp': 1702276324480, 'level': 'ALL', 'message': '12-11 08:32:04.381   653   683 I awzr    : getLocaleToModelSpecsMap'}
{'timestamp': 1702276324480, 'level': 'ALL', 'message': '12-11 08:32:04.381   653   683 I awzr    : Fetching latest config from MDD...'}
{'timestamp': 1702276324480, 'level': 'ALL', 'message': '12-11 08:32:04.381   653   683 I awzr    : (REDACTED) Found map of size: %d'}
{'timestamp': 1702276324480, 'level': 'ALL', 'message': '12-11 08:32:04.392   653   683 I axcj    : (REDACTED) hasHotwordEverywhere-%b'}
{'timestamp': 1702276324489, 'level': 'ALL', 'message': '12-11 08:32:04.398   653   683 I axed    : (REDACTED) #getHotwordModelFromMobstore [mobstoreUri: %s]'}
{'timestamp': 1702276324500, 'level': 'ALL', 'message': '12-11 08:32:04.412   396   396 D BoundBrokerSvc: onBind: Intent { act=com.google.android.gms.feedback.internal.IFeedbackService dat=chimera-action: cmp=com.google.android.gms/.chimera.GmsBoundBrokerService }'}
{'timestamp': 1702276324500, 'level': 'ALL', 'message': '12-11 08:32:04.412   396   396 D BoundBrokerSvc: Loading bound service for intent: Intent { act=com.google.android.gms.feedback.internal.IFeedbackService dat=chimera-action: cmp=com.google.android.gms/.chimera.GmsBoundBrokerService }'}
{'timestamp': 1702276324500, 'level': 'ALL', 'message': '12-11 08:32:04.413   653   683 I HotwordService: (REDACTED) Model ID: %s'}
{'timestamp': 1702276324500, 'level': 'ALL', 'message': '12-11 08:32:04.413   653   683 I HotwordService: (REDACTED) hotwordModelLocation is null %b, locale is %s, re-mapped Chinese locale %s'}
{'timestamp': 1702276324500, 'level': 'ALL', 'message': '12-11 08:32:04.413   653   683 I HotwordService: (REDACTED) isOpaEligibleAndUserEnabled: %b'}
{'timestamp': 1702276324506, 'level': 'ALL', 'message': '12-11 08:32:04.420   517 12106 I gqhi    : HotwordInformation fetch will try to save hotword model.'}
{'timestamp': 1702276324506, 'level': 'ALL', 'message': '12-11 08:32:04.421   396   871 I Icing   : IndexChimeraService.getServiceInterface callingPackage=com.google.android.gms componentName=null serviceId=30'}
{'timestamp': 1702276324513, 'level': 'ALL', 'message': '12-11 08:32:04.424   517 12106 I gqhi    : onSuccess getHotwordInformation'}
{'timestamp': 1702276324513, 'level': 'ALL', 'message': '12-11 08:32:04.426   653  1036 W apln    : (REDACTED) Client : %s has no associated SessionController'}
{'timestamp': 1702276324518, 'level': 'ALL', 'message': '12-11 08:32:04.427   396  7353 I Icing   : Usage reports ok 1, Failed Usage reports 0, indexed 0, rejected 0'}
{'timestamp': 1702276324518, 'level': 'ALL', 'message': '12-11 08:32:04.427   517   979 I gqhi    : Save the hotword model in the HotwordInformation.'}
{'timestamp': 1702276324518, 'level': 'ALL', 'message': '12-11 08:32:04.427   517  1099 I gqel    : getHotwordInformationWithRetry returned.'}
{'timestamp': 1702276324521, 'level': 'ALL', 'message': '12-11 08:32:04.433   517   979 I gqel    : getHotwordConfig and getHotwordSettingState returned.'}
{'timestamp': 1702276324521, 'level': 'ALL', 'message': "12-11 08:32:04.433   517  1099 W KeyphraseEnrollmentInfo: No enrollment application supports the given keyphrase/locale: 'X Google'/ru_RU"}
{'timestamp': 1702276324521, 'level': 'ALL', 'message': "12-11 08:32:04.434   517  1099 W KeyphraseEnrollmentInfo: No enrollment application supports the given keyphrase/locale: 'X Google'/ru_RU"}
{'timestamp': 1702276324521, 'level': 'ALL', 'message': "12-11 08:32:04.434   517  1099 W KeyphraseEnrollmentInfo: No enrollment application supports the given keyphrase/locale: 'X Google'/ar_EG"}
{'timestamp': 1702276324521, 'level': 'ALL', 'message': "12-11 08:32:04.434   517  1099 W KeyphraseEnrollmentInfo: No enrollment application supports the given keyphrase/locale: 'X Google'/en_US"}
{'timestamp': 1702276324521, 'level': 'ALL', 'message': '12-11 08:32:04.434   517  1099 W gqat    : (REDACTED) #getDspEnrollmentFallbackLocale cannot find a fallback locale for %s.'}
{'timestamp': 1702276324521, 'level': 'ALL', 'message': "12-11 08:32:04.434   517  1099 W KeyphraseEnrollmentInfo: No enrollment application supports the given keyphrase/locale: 'Ok Google'/ru_RU"}
{'timestamp': 1702276324521, 'level': 'ALL', 'message': "12-11 08:32:04.434   517  1099 W KeyphraseEnrollmentInfo: No enrollment application supports the given keyphrase/locale: 'Ok Google'/ar_EG"}
{'timestamp': 1702276324521, 'level': 'ALL', 'message': "12-11 08:32:04.434   517  1099 W KeyphraseEnrollmentInfo: No enrollment application supports the given keyphrase/locale: 'Ok Google'/en_US"}
{'timestamp': 1702276324521, 'level': 'ALL', 'message': '12-11 08:32:04.434   517  1099 W gqat    : (REDACTED) #getDspEnrollmentFallbackLocale cannot find a fallback locale for %s.'}
{'timestamp': 1702276324521, 'level': 'ALL', 'message': '12-11 08:32:04.434   517  1099 I gqel    : (REDACTED) #getAllConfigAndTakeAction KeyphraseAndLocaleSupportResult. locale : %s, dsp locale : %s, keyphrase : %s, DSP keyphrase : %s, isKeyphraseAndLocaleSupported : %b.'}
{'timestamp': 1702276324521, 'level': 'ALL', 'message': '12-11 08:32:04.435   517  1099 I gqat    : #canUseDownloadDspModel: no DspModelInformationAvailable'}
{'timestamp': 1702276324521, 'level': 'ALL', 'message': '12-11 08:32:04.435   517  1099 I gqel    : (REDACTED) isDspHotwordSupportedByPlatform = %b, isDspHotwordModelAvailable = %b'}
{'timestamp': 1702276324521, 'level': 'ALL', 'message': '12-11 08:32:04.435   517  1099 I gqay    : (REDACTED) Voice Match (Speaker-id) supported : %b'}
{'timestamp': 1702276324537, 'level': 'ALL', 'message': '12-11 08:32:04.435   517  1099 I gqay    : (REDACTED) hotword enrollment state is enrolled:  %b, speakerId model exist: %b. Voice Match supported : %b'}
{'timestamp': 1702276324537, 'level': 'ALL', 'message': '12-11 08:32:04.436   517  1099 I gqay    : (REDACTED) isHotwordAvailable():  %b, isHotwordEnabled() %b'}
{'timestamp': 1702276324537, 'level': 'ALL', 'message': '12-11 08:32:04.436   517  1099 I gqay    : (REDACTED) Hotword enrollment state : %s.'}
{'timestamp': 1702276324537, 'level': 'ALL', 'message': '12-11 08:32:04.436   517  1099 I gqay    : (REDACTED) Voice Match (Speaker-id) supported : %b'}
{'timestamp': 1702276324538, 'level': 'ALL', 'message': '12-11 08:32:04.436   517  1099 I gqay    : (REDACTED) Hotword enrollment state : %s.'}
{'timestamp': 1702276324538, 'level': 'ALL', 'message': '12-11 08:32:04.438   517  1099 I gqfh    : (REDACTED) Operational mode passed in HotwordConfig is %s'}
{'timestamp': 1702276324538, 'level': 'ALL', 'message': '12-11 08:32:04.438   517  1099 I gqay    : (REDACTED) Voice Match (Speaker-id) supported : %b'}
{'timestamp': 1702276324538, 'level': 'ALL', 'message': '12-11 08:32:04.440   517  1099 I gqay    : (REDACTED) Voice Match (Speaker-id) supported : %b'}
{'timestamp': 1702276324538, 'level': 'ALL', 'message': '12-11 08:32:04.440   653   944 I gqii    : (REDACTED) Calling setIsModelTypeDspSupported %s'}
{'timestamp': 1702276324538, 'level': 'ALL', 'message': '12-11 08:32:04.441   517  1099 I gqay    : (REDACTED) hotword enrollment state is enrolled:  %b, speakerId model exist: %b, voice match supported : %b'}
{'timestamp': 1702276324538, 'level': 'ALL', 'message': '12-11 08:32:04.442   517  1099 I gqay    : (REDACTED) Hotword enrollment state : %s.'}
{'timestamp': 1702276324538, 'level': 'ALL', 'message': '12-11 08:32:04.442   517  1099 I gqay    : (REDACTED) Hotword isNonVoiceMatchHotwordEnabled: %b, isHotwordAvailable: %b, isHotwordEnabled: %b, isVoiceMatchSupported: %b, isHotwordEnrolled: %b,'}
{'timestamp': 1702276324538, 'level': 'ALL', 'message': '12-11 08:32:04.442   517  1099 I gqay    : (REDACTED) Hotword enrollment state : %s.'}
{'timestamp': 1702276324538, 'level': 'ALL', 'message': '12-11 08:32:04.442   517  1099 I gqez    : (REDACTED) #getNextAction. Voice match enabled: %b. Hotword (non-Voice Match) enabled: %b, incomplete enrollment state: %b, screen on: %b, screen locked: %b dsp available: %b'}
{'timestamp': 1702276324538, 'level': 'ALL', 'message': '12-11 08:32:04.442   517  1099 I gqez    : (REDACTED) No operation needed since hotword detection is not running. Voice match enabled : %b. Hotword (non-Voice Match) enabled : %b, Is screen on : %b.'}
{'timestamp': 1702276324538, 'level': 'ALL', 'message': '12-11 08:32:04.443   517  1099 I gqel    : No detectors created before, no need to reconfig.'}
{'timestamp': 1702276324538, 'level': 'ALL', 'message': '12-11 08:32:04.443   517  1099 I gqel    : (REDACTED) Get the next action %s for requester %s.'}
{'timestamp': 1702276324538, 'level': 'ALL', 'message': '12-11 08:32:04.444   517  1099 I gqel    : (REDACTED) Hotword detection is running : %b, no further operation required.'}
{'timestamp': 1702276324538, 'level': 'ALL', 'message': '12-11 08:32:04.445   517  1099 I gqay    : (REDACTED) isHotwordAvailable():  %b, isHotwordEnabled() %b'}
{'timestamp': 1702276324538, 'level': 'ALL', 'message': '12-11 08:32:04.445   517  1099 I gqel    : #logRequestHandlingNonErrorEndEvent. Reset requestIdOfFirstError, firstStartErrorCausesRetry and numOfRetriesDoneForDspStartErrors!'}
{'timestamp': 1702276324538, 'level': 'ALL', 'message': '12-11 08:32:04.445   517  1099 I gqel    : #onConfigUpdate inside sequencer'}
{'timestamp': 1702276324538, 'level': 'ALL', 'message': '12-11 08:32:04.447   517  1099 I gqel    : (REDACTED) getAllConfigAndTakeAction called because of %s'}
{'timestamp': 1702276324538, 'level': 'ALL', 'message': '12-11 08:32:04.447   517  1099 I gqhi    : #getHotwordInformation'}
{'timestamp': 1702276324545, 'level': 'ALL', 'message': '12-11 08:32:04.455   517  1099 I gqhi    : #getHotwordInformation bindService'}
{'timestamp': 1702276324545, 'level': 'ALL', 'message': '12-11 08:32:04.456   517   517 I gqhi    : (REDACTED) Connected to HotwordService. ComponentName %s, service %s'}
{'timestamp': 1702276324545, 'level': 'ALL', 'message': '12-11 08:32:04.457   517 12106 I gqhi    : Handing HotwordService connection in executor.'}
{'timestamp': 1702276324548, 'level': 'ALL', 'message': '12-11 08:32:04.459   653  1856 I awzr    : getLocaleToModelSpecsMap'}
{'timestamp': 1702276324548, 'level': 'ALL', 'message': '12-11 08:32:04.459   653  1856 I awzr    : Fetching latest config from MDD...'}
{'timestamp': 1702276324548, 'level': 'ALL', 'message': '12-11 08:32:04.459   653  1856 I awzr    : (REDACTED) Found map of size: %d'}
{'timestamp': 1702276324548, 'level': 'ALL', 'message': '12-11 08:32:04.459   653  1856 I axcj    : (REDACTED) hasHotwordEverywhere-%b'}
{'timestamp': 1702276324563, 'level': 'ALL', 'message': '12-11 08:32:04.469   653  1856 I axed    : (REDACTED) #getHotwordModelFromMobstore [mobstoreUri: %s]'}
{'timestamp': 1702276324602, 'level': 'ALL', 'message': '12-11 08:32:04.486   653  1856 I HotwordService: (REDACTED) Model ID: %s'}
{'timestamp': 1702276324602, 'level': 'ALL', 'message': '12-11 08:32:04.486   653  1856 I HotwordService: (REDACTED) hotwordModelLocation is null %b, locale is %s, re-mapped Chinese locale %s'}
{'timestamp': 1702276324602, 'level': 'ALL', 'message': '12-11 08:32:04.486   653  1856 I HotwordService: (REDACTED) isOpaEligibleAndUserEnabled: %b'}
{'timestamp': 1702276324607, 'level': 'ALL', 'message': '12-11 08:32:04.519   517 12106 I gqhi    : HotwordInformation fetch will try to save hotword model.'}
{'timestamp': 1702276324613, 'level': 'ALL', 'message': '12-11 08:32:04.525   653  1036 W apln    : (REDACTED) Client : %s has no associated SessionController'}
{'timestamp': 1702276324613, 'level': 'ALL', 'message': '12-11 08:32:04.525   517 12106 I gqhi    : onSuccess getHotwordInformation'}
{'timestamp': 1702276324613, 'level': 'ALL', 'message': '12-11 08:32:04.526   396  7353 I Icing   : Usage reports ok 0, Failed Usage reports 0, indexed 0, rejected 0'}
{'timestamp': 1702276324613, 'level': 'ALL', 'message': '12-11 08:32:04.527   517   979 I gqhi    : Save the hotword model in the HotwordInformation.'}
{'timestamp': 1702276324613, 'level': 'ALL', 'message': '12-11 08:32:04.528   517   979 I gqel    : getHotwordInformationWithRetry returned.'}
{'timestamp': 1702276324625, 'level': 'ALL', 'message': '12-11 08:32:04.536   517   979 I gqel    : getHotwordConfig and getHotwordSettingState returned.'}
{'timestamp': 1702276324625, 'level': 'ALL', 'message': "12-11 08:32:04.537   517   979 W KeyphraseEnrollmentInfo: No enrollment application supports the given keyphrase/locale: 'X Google'/ru_RU"}
{'timestamp': 1702276324625, 'level': 'ALL', 'message': "12-11 08:32:04.537   517   979 W KeyphraseEnrollmentInfo: No enrollment application supports the given keyphrase/locale: 'X Google'/ru_RU"}
{'timestamp': 1702276324625, 'level': 'ALL', 'message': "12-11 08:32:04.537   517   979 W KeyphraseEnrollmentInfo: No enrollment application supports the given keyphrase/locale: 'X Google'/ar_EG"}
{'timestamp': 1702276324625, 'level': 'ALL', 'message': "12-11 08:32:04.537   517   979 W KeyphraseEnrollmentInfo: No enrollment application supports the given keyphrase/locale: 'X Google'/en_US"}
{'timestamp': 1702276324625, 'level': 'ALL', 'message': '12-11 08:32:04.537   517   979 W gqat    : (REDACTED) #getDspEnrollmentFallbackLocale cannot find a fallback locale for %s.'}
{'timestamp': 1702276324625, 'level': 'ALL', 'message': "12-11 08:32:04.538   517   979 W KeyphraseEnrollmentInfo: No enrollment application supports the given keyphrase/locale: 'Ok Google'/ru_RU"}
{'timestamp': 1702276324625, 'level': 'ALL', 'message': "12-11 08:32:04.538   517   979 W KeyphraseEnrollmentInfo: No enrollment application supports the given keyphrase/locale: 'Ok Google'/ar_EG"}
{'timestamp': 1702276324625, 'level': 'ALL', 'message': "12-11 08:32:04.538   517   979 W KeyphraseEnrollmentInfo: No enrollment application supports the given keyphrase/locale: 'Ok Google'/en_US"}
{'timestamp': 1702276324625, 'level': 'ALL', 'message': '12-11 08:32:04.538   517   979 W gqat    : (REDACTED) #getDspEnrollmentFallbackLocale cannot find a fallback locale for %s.'}
{'timestamp': 1702276324625, 'level': 'ALL', 'message': '12-11 08:32:04.538   517   979 I gqel    : (REDACTED) #getAllConfigAndTakeAction KeyphraseAndLocaleSupportResult. locale : %s, dsp locale : %s, keyphrase : %s, DSP keyphrase : %s, isKeyphraseAndLocaleSupported : %b.'}
{'timestamp': 1702276324625, 'level': 'ALL', 'message': '12-11 08:32:04.538   517   979 I gqat    : #canUseDownloadDspModel: no DspModelInformationAvailable'}
{'timestamp': 1702276324625, 'level': 'ALL', 'message': '12-11 08:32:04.538   517   979 I gqel    : (REDACTED) isDspHotwordSupportedByPlatform = %b, isDspHotwordModelAvailable = %b'}
{'timestamp': 1702276324625, 'level': 'ALL', 'message': '12-11 08:32:04.538   517   979 I gqay    : (REDACTED) Voice Match (Speaker-id) supported : %b'}
{'timestamp': 1702276324625, 'level': 'ALL', 'message': '12-11 08:32:04.538   517   979 I gqay    : (REDACTED) hotword enrollment state is enrolled:  %b, speakerId model exist: %b. Voice Match supported : %b'}
{'timestamp': 1702276324625, 'level': 'ALL', 'message': '12-11 08:32:04.538   517   979 I gqay    : (REDACTED) isHotwordAvailable():  %b, isHotwordEnabled() %b'}
{'timestamp': 1702276324625, 'level': 'ALL', 'message': '12-11 08:32:04.539   517   979 I gqay    : (REDACTED) Hotword enrollment state : %s.'}
{'timestamp': 1702276324625, 'level': 'ALL', 'message': '12-11 08:32:04.539   517   979 I gqay    : (REDACTED) Voice Match (Speaker-id) supported : %b'}
{'timestamp': 1702276324625, 'level': 'ALL', 'message': '12-11 08:32:04.539   517   979 I gqay    : (REDACTED) Hotword enrollment state : %s.'}
{'timestamp': 1702276324634, 'level': 'ALL', 'message': '12-11 08:32:04.541   517   979 I gqfh    : (REDACTED) Operational mode passed in HotwordConfig is %s'}
{'timestamp': 1702276324634, 'level': 'ALL', 'message': '12-11 08:32:04.542   517   979 I gqay    : (REDACTED) Voice Match (Speaker-id) supported : %b'}
{'timestamp': 1702276324634, 'level': 'ALL', 'message': '12-11 08:32:04.543   653   944 I gqii    : (REDACTED) Calling setIsModelTypeDspSupported %s'}
{'timestamp': 1702276324634, 'level': 'ALL', 'message': '12-11 08:32:04.544   517   979 I gqay    : (REDACTED) Voice Match (Speaker-id) supported : %b'}
{'timestamp': 1702276324634, 'level': 'ALL', 'message': '12-11 08:32:04.545   517   979 I gqay    : (REDACTED) hotword enrollment state is enrolled:  %b, speakerId model exist: %b, voice match supported : %b'}
{'timestamp': 1702276324634, 'level': 'ALL', 'message': '12-11 08:32:04.545   517   979 I gqay    : (REDACTED) Hotword enrollment state : %s.'}
{'timestamp': 1702276324634, 'level': 'ALL', 'message': '12-11 08:32:04.545   517   979 I gqay    : (REDACTED) Hotword isNonVoiceMatchHotwordEnabled: %b, isHotwordAvailable: %b, isHotwordEnabled: %b, isVoiceMatchSupported: %b, isHotwordEnrolled: %b,'}
{'timestamp': 1702276324634, 'level': 'ALL', 'message': '12-11 08:32:04.546   517   979 I gqay    : (REDACTED) Hotword enrollment state : %s.'}
{'timestamp': 1702276324634, 'level': 'ALL', 'message': '12-11 08:32:04.546   517   979 I gqez    : (REDACTED) #getNextAction. Voice match enabled: %b. Hotword (non-Voice Match) enabled: %b, incomplete enrollment state: %b, screen on: %b, screen locked: %b dsp available: %b'}
{'timestamp': 1702276324634, 'level': 'ALL', 'message': '12-11 08:32:04.546   517   979 I gqez    : (REDACTED) No operation needed since hotword detection is not running. Voice match enabled : %b. Hotword (non-Voice Match) enabled : %b, Is screen on : %b.'}
{'timestamp': 1702276324634, 'level': 'ALL', 'message': '12-11 08:32:04.546   517   979 I gqel    : No detectors created before, no need to reconfig.'}
{'timestamp': 1702276324634, 'level': 'ALL', 'message': '12-11 08:32:04.546   517   979 I gqel    : (REDACTED) Get the next action %s for requester %s.'}
{'timestamp': 1702276324634, 'level': 'ALL', 'message': '12-11 08:32:04.546   517   979 I gqel    : (REDACTED) Hotword detection is running : %b, no further operation required.'}
{'timestamp': 1702276324634, 'level': 'ALL', 'message': '12-11 08:32:04.547   517   979 I gqay    : (REDACTED) isHotwordAvailable():  %b, isHotwordEnabled() %b'}
{'timestamp': 1702276324634, 'level': 'ALL', 'message': '12-11 08:32:04.548   517   979 I gqel    : #logRequestHandlingNonErrorEndEvent. Reset requestIdOfFirstError, firstStartErrorCausesRetry and numOfRetriesDoneForDspStartErrors!'}
{'timestamp': 1702276324642, 'level': 'ALL', 'message': '12-11 08:32:04.548   517   979 I gqel    : #onConfigUpdate inside sequencer'}
{'timestamp': 1702276324642, 'level': 'ALL', 'message': '12-11 08:32:04.549   517   979 I gqel    : (REDACTED) getAllConfigAndTakeAction called because of %s'}
{'timestamp': 1702276324642, 'level': 'ALL', 'message': '12-11 08:32:04.552   517   979 I gqhi    : #getHotwordInformation'}
{'timestamp': 1702276324649, 'level': 'ALL', 'message': '12-11 08:32:04.563   517   517 I gqhi    : (REDACTED) Connected to HotwordService. ComponentName %s, service %s'}
{'timestamp': 1702276324649, 'level': 'ALL', 'message': '12-11 08:32:04.563   517 12106 I gqhi    : Handing HotwordService connection in executor.'}
{'timestamp': 1702276324651, 'level': 'ALL', 'message': '12-11 08:32:04.564   517   979 I gqhi    : #getHotwordInformation bindService'}
{'timestamp': 1702276324651, 'level': 'ALL', 'message': '12-11 08:32:04.565   653  1856 I awzr    : getLocaleToModelSpecsMap'}
{'timestamp': 1702276324651, 'level': 'ALL', 'message': '12-11 08:32:04.565   653  1856 I awzr    : Fetching latest config from MDD...'}
{'timestamp': 1702276324651, 'level': 'ALL', 'message': '12-11 08:32:04.565   653  1856 I awzr    : (REDACTED) Found map of size: %d'}
{'timestamp': 1702276324654, 'level': 'ALL', 'message': '12-11 08:32:04.568   653  1856 I axcj    : (REDACTED) hasHotwordEverywhere-%b'}
{'timestamp': 1702276324659, 'level': 'ALL', 'message': '12-11 08:32:04.573   653  1856 I axed    : (REDACTED) #getHotwordModelFromMobstore [mobstoreUri: %s]'}
{'timestamp': 1702276324666, 'level': 'ALL', 'message': '12-11 08:32:04.580   653  1856 I HotwordService: (REDACTED) Model ID: %s'}
{'timestamp': 1702276324666, 'level': 'ALL', 'message': '12-11 08:32:04.580   653  1856 I HotwordService: (REDACTED) hotwordModelLocation is null %b, locale is %s, re-mapped Chinese locale %s'}
{'timestamp': 1702276324666, 'level': 'ALL', 'message': '12-11 08:32:04.580   653  1856 I HotwordService: (REDACTED) isOpaEligibleAndUserEnabled: %b'}
{'timestamp': 1702276324674, 'level': 'ALL', 'message': '12-11 08:32:04.589   517 12106 I gqhi    : HotwordInformation fetch will try to save hotword model.'}
{'timestamp': 1702276324681, 'level': 'ALL', 'message': '12-11 08:32:04.592   653  1036 W apln    : (REDACTED) Client : %s has no associated SessionController'}
{'timestamp': 1702276324681, 'level': 'ALL', 'message': '12-11 08:32:04.593   517 12106 I gqhi    : onSuccess getHotwordInformation'}
{'timestamp': 1702276324681, 'level': 'ALL', 'message': '12-11 08:32:04.594   517   979 I gqhi    : Save the hotword model in the HotwordInformation.'}
{'timestamp': 1702276324681, 'level': 'ALL', 'message': '12-11 08:32:04.594   517   979 I gqel    : getHotwordInformationWithRetry returned.'}
{'timestamp': 1702276324689, 'level': 'ALL', 'message': '12-11 08:32:04.601   517  1099 I gqel    : getHotwordConfig and getHotwordSettingState returned.'}
{'timestamp': 1702276324690, 'level': 'ALL', 'message': "12-11 08:32:04.601   517  1099 W KeyphraseEnrollmentInfo: No enrollment application supports the given keyphrase/locale: 'X Google'/ru_RU"}
{'timestamp': 1702276324690, 'level': 'ALL', 'message': "12-11 08:32:04.601   517  1099 W KeyphraseEnrollmentInfo: No enrollment application supports the given keyphrase/locale: 'X Google'/ru_RU"}
{'timestamp': 1702276324690, 'level': 'ALL', 'message': "12-11 08:32:04.601   517  1099 W KeyphraseEnrollmentInfo: No enrollment application supports the given keyphrase/locale: 'X Google'/ar_EG"}
{'timestamp': 1702276324690, 'level': 'ALL', 'message': "12-11 08:32:04.601   517  1099 W KeyphraseEnrollmentInfo: No enrollment application supports the given keyphrase/locale: 'X Google'/en_US"}
{'timestamp': 1702276324690, 'level': 'ALL', 'message': '12-11 08:32:04.601   517  1099 W gqat    : (REDACTED) #getDspEnrollmentFallbackLocale cannot find a fallback locale for %s.'}
{'timestamp': 1702276324690, 'level': 'ALL', 'message': "12-11 08:32:04.601   517  1099 W KeyphraseEnrollmentInfo: No enrollment application supports the given keyphrase/locale: 'Ok Google'/ru_RU"}
{'timestamp': 1702276324690, 'level': 'ALL', 'message': "12-11 08:32:04.602   517  1099 W KeyphraseEnrollmentInfo: No enrollment application supports the given keyphrase/locale: 'Ok Google'/ar_EG"}
{'timestamp': 1702276324690, 'level': 'ALL', 'message': "12-11 08:32:04.602   517  1099 W KeyphraseEnrollmentInfo: No enrollment application supports the given keyphrase/locale: 'Ok Google'/en_US"}
{'timestamp': 1702276324690, 'level': 'ALL', 'message': '12-11 08:32:04.602   517  1099 W gqat    : (REDACTED) #getDspEnrollmentFallbackLocale cannot find a fallback locale for %s.'}
{'timestamp': 1702276324690, 'level': 'ALL', 'message': '12-11 08:32:04.602   517  1099 I gqel    : (REDACTED) #getAllConfigAndTakeAction KeyphraseAndLocaleSupportResult. locale : %s, dsp locale : %s, keyphrase : %s, DSP keyphrase : %s, isKeyphraseAndLocaleSupported : %b.'}
{'timestamp': 1702276324690, 'level': 'ALL', 'message': '12-11 08:32:04.602   517  1099 I gqat    : #canUseDownloadDspModel: no DspModelInformationAvailable'}
{'timestamp': 1702276324690, 'level': 'ALL', 'message': '12-11 08:32:04.602   517  1099 I gqel    : (REDACTED) isDspHotwordSupportedByPlatform = %b, isDspHotwordModelAvailable = %b'}
{'timestamp': 1702276324690, 'level': 'ALL', 'message': '12-11 08:32:04.602   517  1099 I gqay    : (REDACTED) Voice Match (Speaker-id) supported : %b'}
{'timestamp': 1702276324690, 'level': 'ALL', 'message': '12-11 08:32:04.602   517  1099 I gqay    : (REDACTED) hotword enrollment state is enrolled:  %b, speakerId model exist: %b. Voice Match supported : %b'}
{'timestamp': 1702276324690, 'level': 'ALL', 'message': '12-11 08:32:04.602   517  1099 I gqay    : (REDACTED) isHotwordAvailable():  %b, isHotwordEnabled() %b'}
{'timestamp': 1702276324690, 'level': 'ALL', 'message': '12-11 08:32:04.602   517  1099 I gqay    : (REDACTED) Hotword enrollment state : %s.'}
{'timestamp': 1702276324693, 'level': 'ALL', 'message': '12-11 08:32:04.602   517  1099 I gqay    : (REDACTED) Voice Match (Speaker-id) supported : %b'}
{'timestamp': 1702276324693, 'level': 'ALL', 'message': '12-11 08:32:04.602   517  1099 I gqay    : (REDACTED) Hotword enrollment state : %s.'}
{'timestamp': 1702276324693, 'level': 'ALL', 'message': '12-11 08:32:04.603   517  1099 I gqfh    : (REDACTED) Operational mode passed in HotwordConfig is %s'}
{'timestamp': 1702276324693, 'level': 'ALL', 'message': '12-11 08:32:04.603   517  1099 I gqay    : (REDACTED) Voice Match (Speaker-id) supported : %b'}
{'timestamp': 1702276324693, 'level': 'ALL', 'message': '12-11 08:32:04.603   517  1099 I gqay    : (REDACTED) Voice Match (Speaker-id) supported : %b'}
{'timestamp': 1702276324693, 'level': 'ALL', 'message': '12-11 08:32:04.603   517  1099 I gqay    : (REDACTED) hotword enrollment state is enrolled:  %b, speakerId model exist: %b, voice match supported : %b'}
{'timestamp': 1702276324693, 'level': 'ALL', 'message': '12-11 08:32:04.603   517  1099 I gqay    : (REDACTED) Hotword enrollment state : %s.'}
{'timestamp': 1702276324693, 'level': 'ALL', 'message': '12-11 08:32:04.603   517  1099 I gqay    : (REDACTED) Hotword isNonVoiceMatchHotwordEnabled: %b, isHotwordAvailable: %b, isHotwordEnabled: %b, isVoiceMatchSupported: %b, isHotwordEnrolled: %b,'}
{'timestamp': 1702276324695, 'level': 'ALL', 'message': '12-11 08:32:04.606   653   959 I gqii    : (REDACTED) Calling setIsModelTypeDspSupported %s'}
{'timestamp': 1702276324695, 'level': 'ALL', 'message': '12-11 08:32:04.607   517  1099 I gqay    : (REDACTED) Hotword enrollment state : %s.'}
{'timestamp': 1702276324695, 'level': 'ALL', 'message': '12-11 08:32:04.607   517  1099 I gqez    : (REDACTED) #getNextAction. Voice match enabled: %b. Hotword (non-Voice Match) enabled: %b, incomplete enrollment state: %b, screen on: %b, screen locked: %b dsp available: %b'}
{'timestamp': 1702276324695, 'level': 'ALL', 'message': '12-11 08:32:04.607   517  1099 I gqez    : (REDACTED) No operation needed since hotword detection is not running. Voice match enabled : %b. Hotword (non-Voice Match) enabled : %b, Is screen on : %b.'}
{'timestamp': 1702276324695, 'level': 'ALL', 'message': '12-11 08:32:04.607   517  1099 I gqel    : No detectors created before, no need to reconfig.'}
{'timestamp': 1702276324695, 'level': 'ALL', 'message': '12-11 08:32:04.607   517  1099 I gqel    : (REDACTED) Get the next action %s for requester %s.'}
{'timestamp': 1702276324695, 'level': 'ALL', 'message': '12-11 08:32:04.607   517  1099 I gqel    : (REDACTED) Hotword detection is running : %b, no further operation required.'}
{'timestamp': 1702276324695, 'level': 'ALL', 'message': '12-11 08:32:04.607   517  1099 I gqay    : (REDACTED) isHotwordAvailable():  %b, isHotwordEnabled() %b'}
{'timestamp': 1702276324695, 'level': 'ALL', 'message': '12-11 08:32:04.607   517  1099 I gqel    : #logRequestHandlingNonErrorEndEvent. Reset requestIdOfFirstError, firstStartErrorCausesRetry and numOfRetriesDoneForDspStartErrors!'}
{'timestamp': 1702276324775, 'level': 'ALL', 'message': '12-11 08:32:04.689 31652 32485 I ActivityManager: Force stopping io.appium.uiautomator2.server.test appid=10156 user=0: from pid 12114'}
{'timestamp': 1702276324785, 'level': 'ALL', 'message': '12-11 08:32:04.700 32351 32351 D CarrierSvcBindHelper: No carrier app for: 0'}
{'timestamp': 1702276324795, 'level': 'ALL', 'message': "12-11 08:32:04.705  1912  1912 E adbd    : failed to connect to socket 'tcp:6790': Connection refused"}
{'timestamp': 1702276324866, 'level': 'ALL', 'message': "12-11 08:32:04.720  1912  1912 E adbd    : failed to connect to socket 'tcp:6790': Connection refused"}
{'timestamp': 1702276324866, 'level': 'ALL', 'message': '12-11 08:32:04.780 12117 12117 D AndroidRuntime: >>>>>> START com.android.internal.os.RuntimeInit uid 2000 <<<<<<'}
{'timestamp': 1702276324875, 'level': 'ALL', 'message': '12-11 08:32:04.783 12117 12117 E libc    : Access denied finding property "persist.device_config.runtime_native_boot.profilebootclasspath"'}
{'timestamp': 1702276324875, 'level': 'ALL', 'message': '12-11 08:32:04.783 12117 12117 E libc    : Access denied finding property "persist.device_config.runtime_native_boot.enable_apex_image"'}
{'timestamp': 1702276324875, 'level': 'ALL', 'message': '12-11 08:32:04.783 12117 12117 I AndroidRuntime: Using default boot image'}
{'timestamp': 1702276324875, 'level': 'ALL', 'message': '12-11 08:32:04.784 12117 12117 E libc    : Access denied finding property "persist.device_config.runtime_native_boot.disable_lock_profiling"'}
{'timestamp': 1702276324875, 'level': 'ALL', 'message': '12-11 08:32:04.784 12117 12117 I AndroidRuntime: Leaving lock profiling enabled'}
{'timestamp': 1702276324875, 'level': 'ALL', 'message': '12-11 08:32:04.785 12117 12117 E libc    : Access denied finding property "persist.device_config.runtime_native_boot.enable_generational_cc"'}
{'timestamp': 1702276324882, 'level': 'ALL', 'message': '12-11 08:32:04.778 12117 12117 W app_process: type=1400 audit(0.0:4425): avc: denied { read } for name="u:object_r:device_config_runtime_native_boot_prop:s0" dev="tmpfs" ino=10387 scontext=u:r:shell:s0 tcontext=u:object_r:device_config_runtime_native_boot_prop:s0 tclass=file permissive=0'}
{'timestamp': 1702276324927, 'level': 'ALL', 'message': '12-11 08:32:04.782 12117 12117 W app_process: type=1400 audit(0.0:4428): avc: denied { read } for name="u:object_r:device_config_runtime_native_boot_prop:s0" dev="tmpfs" ino=10387 scontext=u:r:shell:s0 tcontext=u:object_r:device_config_runtime_native_boot_prop:s0 tclass=file permissive=0'}
{'timestamp': 1702276324927, 'level': 'ALL', 'message': '12-11 08:32:04.840 12117 12117 D app_process: Time zone APEX ICU file found: /apex/com.android.tzdata/etc/icu/icu_tzdata.dat'}
{'timestamp': 1702276324927, 'level': 'ALL', 'message': '12-11 08:32:04.840 12117 12117 D app_process: I18n APEX ICU file found: /apex/com.android.i18n/etc/icu/icudt66l.dat'}
{'timestamp': 1702276324931, 'level': 'ALL', 'message': '12-11 08:32:04.846 12117 12117 W app_process: Unexpected CPU variant for X86 using defaults: x86'}
{'timestamp': 1702276324934, 'level': 'ALL', 'message': '12-11 08:32:04.847 12117 12117 I app_process: The ClassLoaderContext is a special shared library.'}
{'timestamp': 1702276324951, 'level': 'ALL', 'message': '12-11 08:32:04.864 12117 12117 W app_process: JNI RegisterNativeMethods: attempt to register 0 native methods for android.media.AudioAttributes'}
{'timestamp': 1702276324957, 'level': 'ALL', 'message': '12-11 08:32:04.871 12117 12117 D AndroidRuntime: Calling main entry com.android.commands.am.Am'}
{'timestamp': 1702276324970, 'level': 'ALL', 'message': '12-11 08:32:04.883 31652 32485 I ActivityManager: Force stopping io.appium.uiautomator2.server appid=10157 user=0: start instr'}
{'timestamp': 1702276324975, 'level': 'ALL', 'message': '12-11 08:32:04.888 31652 32485 D CompatibilityChangeReporter: Compat change id reported: 135634846; UID 10157; state: DISABLED'}
{'timestamp': 1702276324975, 'level': 'ALL', 'message': '12-11 08:32:04.889 31652 31745 D CompatibilityChangeReporter: Compat change id reported: 143937733; UID 10157; state: ENABLED'}
{'timestamp': 1702276324990, 'level': 'ALL', 'message': '12-11 08:32:04.898 31506 31506 D Zygote  : Forked child process 12132'}
{'timestamp': 1702276325014, 'level': 'ALL', 'message': '12-11 08:32:04.909 31652 31745 I ActivityManager: Start proc 12132:io.appium.uiautomator2.server/u0a157 for added application io.appium.uiautomator2.server'}
{'timestamp': 1702276325017, 'level': 'ALL', 'message': '12-11 08:32:04.931 12132 12132 I tomator2.serve: Late-enabling -Xcheck:jni'}
{'timestamp': 1702276325029, 'level': 'ALL', 'message': '12-11 08:32:04.942 12132 12132 I tomator2.serve: Unquickening 12 vdex files!'}
{'timestamp': 1702276325030, 'level': 'ALL', 'message': '12-11 08:32:04.943 12132 12132 W tomator2.serve: Unexpected CPU variant for X86 using defaults: x86'}
{'timestamp': 1702276325040, 'level': 'ALL', 'message': '12-11 08:32:04.954  1912  1939 I adbd    : jdwp connection from 12132'}
{'timestamp': 1702276325084, 'level': 'ALL', 'message': '12-11 08:32:04.994 12132 12132 I tomator2.serve: The ClassLoaderContext is a special shared library.'}
{'timestamp': 1702276325090, 'level': 'ALL', 'message': '12-11 08:32:04.995 12132 12132 I chatty  : uid=10157(io.appium.uiautomator2.server) identical 1 line'}
{'timestamp': 1702276325090, 'level': 'ALL', 'message': '12-11 08:32:05.002 12132 12132 I tomator2.serve: The ClassLoaderContext is a special shared library.'}
{'timestamp': 1702276325090, 'level': 'ALL', 'message': '12-11 08:32:05.003 12132 12132 W tomator2.serve: ClassLoaderContext classpath size mismatch. expected=0, found=3 (PCL[]{PCL[/system/framework/android.test.base.jar*315452938]#PCL[/system/framework/android.test.mock.jar*239297726]{PCL[/system/framework/android.test.base.jar*315452938]}#PCL[/system/framework/android.test.runner.jar*2931394026]{PCL[/system/framework/android.test.base.jar*315452938]#PCL[/system/framework/android.test.mock.jar*239297726]{PCL[/system/framework/android.test.base.jar*315452938]}}} | PCL[/system/framework/android.test.runner.jar*2931394026:/system/framework/android.test.mock.jar*239297726:/system/framework/android.test.base.jar*315452938])'}
{'timestamp': 1702276325094, 'level': 'ALL', 'message': '12-11 08:32:05.005 12132 12132 W tomator2.serve: ClassLoaderContext classpath size mismatch. expected=0, found=7 (PCL[] | PCL[/system/framework/android.test.runner.jar*2931394026:/system/framework/android.test.mock.jar*239297726:/system/framework/android.test.base.jar*315452938:/data/app/~~H-ZZcCtrcyZ8YvQ8dbNL0w==/io.appium.uiautomator2.server.test-HtlBHOEB9spqg6V8nxbMvA==/base.apk*687247646:/data/app/~~H-ZZcCtrcyZ8YvQ8dbNL0w==/io.appium.uiautomator2.server.test-HtlBHOEB9spqg6V8nxbMvA==/base.apk!classes2.dex*4100630800:/data/app/~~H-ZZcCtrcyZ8YvQ8dbNL0w==/io.appium.uiautomator2.server.test-HtlBHOEB9spqg6V8nxbMvA==/base.apk!classes3.dex*453249084:/data/app/~~H-ZZcCtrcyZ8YvQ8dbNL0w==/io.appium.uiautomator2.server.test-HtlBHOEB9spqg6V8nxbMvA==/base.apk!classes4.dex*3854027553])'}
{'timestamp': 1702276325094, 'level': 'ALL', 'message': '12-11 08:32:05.007 12132 12132 W tomator2.serve: Found duplicate classes, falling back to extracting from APK : /data/app/~~hXRTy2FDcTfFwNIuEDVqvA==/io.appium.uiautomator2.server-0sYJHyDtLwZBVo4NIPDNQg==/base.apk'}
{'timestamp': 1702276325097, 'level': 'ALL', 'message': '12-11 08:32:05.011 12132 12132 W tomator2.serve: NOTE: This wastes RAM and hurts startup performance.'}
{'timestamp': 1702276325097, 'level': 'ALL', 'message': "12-11 08:32:05.011 12132 12132 W tomator2.serve: Found duplicated class when checking oat files: 'Ljunit/framework/Assert;' in /system/framework/android.test.base.jar and /data/app/~~hXRTy2FDcTfFwNIuEDVqvA==/io.appium.uiautomator2.server-0sYJHyDtLwZBVo4NIPDNQg==/base.apk"}
{'timestamp': 1702276325245, 'level': 'ALL', 'message': '12-11 08:32:05.158 12132 12132 D ApplicationLoaders: Returning zygote-cached class loader: /system/framework/android.test.base.jar'}
{'timestamp': 1702276325245, 'level': 'ALL', 'message': '12-11 08:32:05.158 12132 12132 D ApplicationLoaders: Returning zygote-cached class loader: /system/framework/android.test.base.jar'}
{'timestamp': 1702276325245, 'level': 'ALL', 'message': '12-11 08:32:05.159 12132 12132 I tomator2.serve: The ClassLoaderContext is a special shared library.'}
{'timestamp': 1702276325249, 'level': 'ALL', 'message': '12-11 08:32:05.163 12132 12132 D ApplicationLoaders: Returning zygote-cached class loader: /system/framework/android.test.base.jar'}
{'timestamp': 1702276325252, 'level': 'ALL', 'message': '12-11 08:32:05.163 12132 12132 D ApplicationLoaders: Returning zygote-cached class loader: /system/framework/android.test.base.jar'}
{'timestamp': 1702276325252, 'level': 'ALL', 'message': '12-11 08:32:05.165 12132 12132 I tomator2.serve: The ClassLoaderContext is a special shared library.'}
{'timestamp': 1702276325260, 'level': 'ALL', 'message': '12-11 08:32:05.172 12132 12132 I chatty  : uid=10157(io.appium.uiautomator2.server) identical 2 lines'}
{'timestamp': 1702276325260, 'level': 'ALL', 'message': '12-11 08:32:05.173 12132 12132 I tomator2.serve: The ClassLoaderContext is a special shared library.'}
{'timestamp': 1702276325260, 'level': 'ALL', 'message': '12-11 08:32:05.174 12132 12132 W tomator2.serve: ClassLoaderContext classpath size mismatch. expected=0, found=3 (PCL[]{PCL[/system/framework/android.test.base.jar*315452938]#PCL[/system/framework/android.test.mock.jar*239297726]{PCL[/system/framework/android.test.base.jar*315452938]}#PCL[/system/framework/android.test.runner.jar*2931394026]{PCL[/system/framework/android.test.base.jar*315452938]#PCL[/system/framework/android.test.mock.jar*239297726]{PCL[/system/framework/android.test.base.jar*315452938]}}} | PCL[/system/framework/android.test.runner.jar*2931394026:/system/framework/android.test.mock.jar*239297726:/system/framework/android.test.base.jar*315452938]{PCL[/system/framework/android.test.base.jar*315452938]#PCL[/system/framework/android.test.mock.jar*239297726]{PCL[/system/framework/android.test.base.jar*315452938]}#PCL[/system/framework/android.test.runner.jar*2931394026]{PCL[/system/framework/android.test.base.jar*315452938]#PCL[/system/framework/android.test.mock.jar*239297726]{PCL[/system/framework/android.test.base.jar*315452938]}}};PCL[/system/framework/android.test.runner.jar*2931394026:/system/framework/android.test.mock.jar*239297726:/system/framework/android.test.base.jar*315452938:/data/app/~~H-ZZcCtrcyZ8YvQ8dbNL0w==/io.appium.uiautomator2.server.test-HtlBHOEB9spqg6V8nxbMvA==/base.apk*687247646:/data/app/~~H-ZZcCtrcyZ8YvQ8dbNL0w==/io.appium.uiautomator2.server.test-HtlBHOEB9spqg6V8nxbMvA==/base.apk!classes2.dex*4100630800:/data/app/~~H-ZZcCtrcyZ8YvQ8dbNL0w==/io.appium.uiautomator2.server.test-HtlBHOEB9spqg6V8nxbMvA==/base.apk!classes3.dex*453249084:/data/app/~~H-ZZcCtrcyZ8YvQ8dbNL0w==/io.appium.uiautomator2.server.test-HtlBHOEB9spqg6V8nxbMvA==/base.apk!classes4.dex*3854027553:/data/app/~~hXRTy2FDcTfFwNIuEDVqvA==/io.appium.uiautomator2.server-0sYJHyDtLwZBVo4NIPDNQg==/base.apk*1922397569:/data/app/~~hXRTy2FDcTfFwNIuEDVqvA==/io.appium.uiautomator2.server-0sYJHyDtLwZBVo4NIPDNQg==/base.apk!classes2.dex*3876754:/data/app/~~hXRTy2FDcTfFwNIuEDVqvA==/io.appium.uiautomator2.server-0sYJHyDtLwZBVo4NIPDNQg==/base.apk!classes3.dex*2970867877:/data/app/~~hXRTy2FDcTfFwNIuEDVqvA==/io.appium.uiautomator2.server-0sYJHyDtLwZBVo4NIPDNQg==/base.apk!classes4.dex*2531160953:/data/app/~~hXRTy2FDcTfFwNIuEDVqvA==/io.appium.uiautomator2.server-0sYJHyDtLwZBVo4NIPDNQg==/base.apk!classes5.dex*2767942814:/data/app/~~hXRTy2FDcTfFwNIuEDVqvA==/io.appium.uiautomator2.server-0sYJHyDtLwZBVo4NIPDNQg==/base.apk!classes6.dex*186635361:/data/app/~~hXRTy2FDcTfFwNIuEDVqvA==/io.appium.uiautomator2.server-0sYJHyDtLwZBVo4NIPDNQg==/base.apk!classes7.dex*2618031622:/data/app/~~hXRTy2FDcTfFwNIuEDVqvA==/io.appium.uiautomator2.server-0sYJHyDtLwZBVo4NIPDNQg==/base.apk!classes8.dex*360180399:/data/app/~~hXRTy2FDcTfFwNIuEDVqvA==/io.appium.uiautomator2.server-0sYJHyDtLwZBVo4NIPDNQg==/base.apk!classes9.dex*2382545440:/data/app/~~hXRTy2FDcTfFwNIuEDVqvA==/io.appium.uiautomator2.server-0sYJHyDtLwZBVo4NIPDNQg==/base.apk!classes10.dex*3493382844:/data/app/~~hXRTy2FDcTfFwNIuEDVqvA==/io.appium.uiautomator2.server-0sYJHyDtLwZBVo4NIPDNQg==/base.apk!classes11.dex*2965076158:/data/app/~~hXRTy2FDcTfFwNIuEDVqvA==/io.appium.uiautomator2.server-0sYJHyDtLwZBVo4NIPDNQg==/base.apk!classes12.dex*1142898992:/data/app/~~hXRTy2FDcTfFwNIuEDVqvA==/io.appium.uiautomator2.server-0sYJHyDtLwZBVo4NIPDNQg==/base.apk!classes13.dex*2435156123:/data/app/~~hXRTy2FDcTfFwNIuEDVqvA==/io.appium.uiautomator2.server-0sYJHyDtLwZBVo4NIPDNQg==/base.apk!classes14.dex*4011978266:/data/app/~~hXRTy2FDcTfFwNIuEDVqvA==/io.appium.uiautomator2.server-0sYJHyDtLwZBVo4NIPDNQg==/base.apk!classes15.dex*4162793483:/data/app/~~hXRTy2FDcTfFwNIuEDVqvA==/io.appium.uiautomator2.server-0sYJHyDtLwZBVo4NIPDNQg==/base.apk!classes16.dex*2209479777])'}
{'timestamp': 1702276325264, 'level': 'ALL', 'message': '12-11 08:32:05.174 12132 12132 W tomator2.serve: Found duplicate classes, falling back to extracting from APK : /data/app/~~H-ZZcCtrcyZ8YvQ8dbNL0w==/io.appium.uiautomator2.server.test-HtlBHOEB9spqg6V8nxbMvA==/base.apk'}
{'timestamp': 1702276325264, 'level': 'ALL', 'message': '12-11 08:32:05.174 12132 12132 W tomator2.serve: NOTE: This wastes RAM and hurts startup performance.'}
{'timestamp': 1702276325264, 'level': 'ALL', 'message': "12-11 08:32:05.174 12132 12132 W tomator2.serve: Found duplicated class when checking oat files: 'Landroidx/test/ext/junit/R$style;' in /data/app/~~H-ZZcCtrcyZ8YvQ8dbNL0w==/io.appium.uiautomator2.server.test-HtlBHOEB9spqg6V8nxbMvA==/base.apk!classes2.dex and /data/app/~~H-ZZcCtrcyZ8YvQ8dbNL0w==/io.appium.uiautomator2.server.test-HtlBHOEB9spqg6V8nxbMvA==/base.apk!classes2.dex"}
{'timestamp': 1702276325275, 'level': 'ALL', 'message': '12-11 08:32:05.184 12132 12132 W tomator2.serve: ClassLoaderContext classpath size mismatch. expected=0, found=7 (PCL[] | PCL[/system/framework/android.test.runner.jar*2931394026:/system/framework/android.test.mock.jar*239297726:/system/framework/android.test.base.jar*315452938:/data/app/~~H-ZZcCtrcyZ8YvQ8dbNL0w==/io.appium.uiautomator2.server.test-HtlBHOEB9spqg6V8nxbMvA==/base.apk*687247646:/data/app/~~H-ZZcCtrcyZ8YvQ8dbNL0w==/io.appium.uiautomator2.server.test-HtlBHOEB9spqg6V8nxbMvA==/base.apk!classes2.dex*4100630800:/data/app/~~H-ZZcCtrcyZ8YvQ8dbNL0w==/io.appium.uiautomator2.server.test-HtlBHOEB9spqg6V8nxbMvA==/base.apk!classes3.dex*453249084:/data/app/~~H-ZZcCtrcyZ8YvQ8dbNL0w==/io.appium.uiautomator2.server.test-HtlBHOEB9spqg6V8nxbMvA==/base.apk!classes4.dex*3854027553]{PCL[/system/framework/android.test.base.jar*315452938]#PCL[/system/framework/android.test.mock.jar*239297726]{PCL[/system/framework/android.test.base.jar*315452938]}#PCL[/system/framework/android.test.runner.jar*2931394026]{PCL[/system/framework/android.test.base.jar*315452938]#PCL[/system/framework/android.test.mock.jar*239297726]{PCL[/system/framework/android.test.base.jar*315452938]}}};PCL[/system/framework/android.test.runner.jar*2931394026:/system/framework/android.test.mock.jar*239297726:/system/framework/android.test.base.jar*315452938:/data/app/~~H-ZZcCtrcyZ8YvQ8dbNL0w==/io.appium.uiautomator2.server.test-HtlBHOEB9spqg6V8nxbMvA==/base.apk*687247646:/data/app/~~H-ZZcCtrcyZ8YvQ8dbNL0w==/io.appium.uiautomator2.server.test-HtlBHOEB9spqg6V8nxbMvA==/base.apk!classes2.dex*4100630800:/data/app/~~H-ZZcCtrcyZ8YvQ8dbNL0w==/io.appium.uiautomator2.server.test-HtlBHOEB9spqg6V8nxbMvA==/base.apk!classes3.dex*453249084:/data/app/~~H-ZZcCtrcyZ8YvQ8dbNL0w==/io.appium.uiautomator2.server.test-HtlBHOEB9spqg6V8nxbMvA==/base.apk!classes4.dex*3854027553:/data/app/~~hXRTy2FDcTfFwNIuEDVqvA==/io.appium.uiautomator2.server-0sYJHyDtLwZBVo4NIPDNQg==/base.apk*1922397569:/data/app/~~hXRTy2FDcTfFwNIuEDVqvA==/io.appium.uiautomator2.server-0sYJHyDtLwZBVo4NIPDNQg==/base.apk!classes2.dex*3876754:/data/app/~~hXRTy2FDcTfFwNIuEDVqvA==/io.appium.uiautomator2.server-0sYJHyDtLwZBVo4NIPDNQg==/base.apk!classes3.dex*2970867877:/data/app/~~hXRTy2FDcTfFwNIuEDVqvA==/io.appium.uiautomator2.server-0sYJHyDtLwZBVo4NIPDNQg==/base.apk!classes4.dex*2531160953:/data/app/~~hXRTy2FDcTfFwNIuEDVqvA==/io.appium.uiautomator2.server-0sYJHyDtLwZBVo4NIPDNQg==/base.apk!classes5.dex*2767942814:/data/app/~~hXRTy2FDcTfFwNIuEDVqvA==/io.appium.uiautomator2.server-0sYJHyDtLwZBVo4NIPDNQg==/base.apk!classes6.dex*186635361:/data/app/~~hXRTy2FDcTfFwNIuEDVqvA==/io.appium.uiautomator2.server-0sYJHyDtLwZBVo4NIPDNQg==/base.apk!classes7.dex*2618031622:/data/app/~~hXRTy2FDcTfFwNIuEDVqvA==/io.appium.uiautomator2.server-0sYJHyDtLwZBVo4NIPDNQg==/base.apk!classes8.dex*360180399:/data/app/~~hXRTy2FDcTfFwNIuEDVqvA==/io.appium.uiautomator2.server-0sYJHyDtLwZBVo4NIPDNQg==/base.apk!classes9.dex*2382545440:/data/app/~~hXRTy2FDcTfFwNIuEDVqvA==/io.appium.uiautomator2.server-0sYJHyDtLwZBVo4NIPDNQg==/base.apk!classes10.dex*3493382844:/data/app/~~hXRTy2FDcTfFwNIuEDVqvA==/io.appium.uiautomator2.server-0sYJHyDtLwZBVo4NIPDNQg==/base.apk!classes11.dex*2965076158:/data/app/~~hXRTy2FDcTfFwNIuEDVqvA==/io.appium.uiautomator2.server-0sYJHyDtLwZBVo4NIPDNQg==/base.apk!classes12.dex*1142898992:/data/app/~~hXRTy2FDcTfFwNIuEDVqvA==/io.appium.uiautomator2.server-0sYJHyDtLwZBVo4NIPDNQg==/base.apk!classes13.dex*2435156123:/data/app/~~hXRTy2FDcTfFwNIuEDVqvA==/io.appium.uiautomator2.server-0sYJHyDtLwZBVo4NIPDNQg==/base.apk!classes14.dex*4011978266:/data/app/~~hXRTy2FDcTfFwNIuEDVqvA==/io.appium.uiautomator2.server-0sYJHyDtLwZBVo4NIPDNQg==/base.apk!classes15.dex*4162793483:/data/app/~~hXRTy2FDcTfFwNIuEDVqvA==/io.appium.uiautomator2.server-0sYJHyDtLwZBVo4NIPDNQg==/base.apk!classes16.dex*2209479777])'}
{'timestamp': 1702276325277, 'level': 'ALL', 'message': '12-11 08:32:05.187 12132 12132 W tomator2.serve: Found duplicate classes, falling back to extracting from APK : /data/app/~~hXRTy2FDcTfFwNIuEDVqvA==/io.appium.uiautomator2.server-0sYJHyDtLwZBVo4NIPDNQg==/base.apk'}
{'timestamp': 1702276325277, 'level': 'ALL', 'message': '12-11 08:32:05.187 12132 12132 W tomator2.serve: NOTE: This wastes RAM and hurts startup performance.'}
{'timestamp': 1702276325277, 'level': 'ALL', 'message': "12-11 08:32:05.187 12132 12132 W tomator2.serve: Found duplicated class when checking oat files: 'Landroid_libs/ub_uiautomator/R;' in /data/app/~~hXRTy2FDcTfFwNIuEDVqvA==/io.appium.uiautomator2.server-0sYJHyDtLwZBVo4NIPDNQg==/base.apk!classes2.dex and /data/app/~~hXRTy2FDcTfFwNIuEDVqvA==/io.appium.uiautomator2.server-0sYJHyDtLwZBVo4NIPDNQg==/base.apk!classes2.dex"}
{'timestamp': 1702276325441, 'level': 'ALL', 'message': '12-11 08:32:05.352 12132 12132 W tomator2.serve: Accessing hidden method Landroid/app/Instrumentation;->execStartActivity(Landroid/content/Context;Landroid/os/IBinder;Landroid/os/IBinder;Landroid/app/Activity;Landroid/content/Intent;ILandroid/os/Bundle;)Landroid/app/Instrumentation$ActivityResult; (greylist, linking, allowed)'}
{'timestamp': 1702276325441, 'level': 'ALL', 'message': '12-11 08:32:05.353 12132 12132 W tomator2.serve: Accessing hidden method Landroid/app/Instrumentation;->execStartActivity(Landroid/content/Context;Landroid/os/IBinder;Landroid/os/IBinder;Ljava/lang/String;Landroid/content/Intent;ILandroid/os/Bundle;)Landroid/app/Instrumentation$ActivityResult; (greylist, linking, allowed)'}
{'timestamp': 1702276325459, 'level': 'ALL', 'message': '12-11 08:32:05.373 12132 12132 D NetworkSecurityConfig: No Network Security Config specified, using platform default'}
{'timestamp': 1702276325464, 'level': 'ALL', 'message': '12-11 08:32:05.373 12132 12132 D NetworkSecurityConfig: No Network Security Config specified, using platform default'}
{'timestamp': 1702276325464, 'level': 'ALL', 'message': '12-11 08:32:05.373 12132 12132 I MonitoringInstr: newApplication called!'}
{'timestamp': 1702276325467, 'level': 'ALL', 'message': '12-11 08:32:05.378 12132 12132 I MonitoringInstr: Instrumentation started!'}
{'timestamp': 1702276325492, 'level': 'ALL', 'message': '12-11 08:32:05.406 12132 12132 I AndroidJUnitRunner: onCreate Bundle[{disableAnalytics=true}]'}
{'timestamp': 1702276325500, 'level': 'ALL', 'message': '12-11 08:32:05.414 12132 12132 V TestEventClient: No service name argument was given (testDiscoveryService, testRunEventService or orchestratorService)'}
{'timestamp': 1702276325505, 'level': 'ALL', 'message': '12-11 08:32:05.419 12132 12154 D AndroidJUnitRunner: onStart is called.'}
{'timestamp': 1702276325509, 'level': 'ALL', 'message': '12-11 08:32:05.421 12132 12132 I MonitoringInstr: No JSBridge.'}
{'timestamp': 1702276325540, 'level': 'ALL', 'message': '12-11 08:32:05.451 12132 12154 D TestRequestBuilder: Using class path scanning to discover tests'}
{'timestamp': 1702276325542, 'level': 'ALL', 'message': '12-11 08:32:05.452 12132 12154 I TestRequestBuilder: Scanning classpath to find tests in paths [/data/app/~~H-ZZcCtrcyZ8YvQ8dbNL0w==/io.appium.uiautomator2.server.test-HtlBHOEB9spqg6V8nxbMvA==/base.apk]'}
{'timestamp': 1702276325544, 'level': 'ALL', 'message': '12-11 08:32:05.454 12132 12154 W tomator2.serve: Opening an oat file without a class loader. Are you using the deprecated DexFile APIs?'}
{'timestamp': 1702276325610, 'level': 'ALL', 'message': '12-11 08:32:05.523 12132 12154 D AndroidJUnitRunner: Use the raw file system for managing file I/O.'}
{'timestamp': 1702276325624, 'level': 'ALL', 'message': '12-11 08:32:05.534 12132 12154 D TestExecutor: Adding listener androidx.test.internal.runner.listener.LogRunListener'}
{'timestamp': 1702276325624, 'level': 'ALL', 'message': '12-11 08:32:05.535 12132 12154 D TestExecutor: Adding listener androidx.test.internal.runner.listener.InstrumentationResultPrinter'}
{'timestamp': 1702276325624, 'level': 'ALL', 'message': '12-11 08:32:05.535 12132 12154 D TestExecutor: Adding listener androidx.test.internal.runner.listener.ActivityFinisherRunListener'}
{'timestamp': 1702276325624, 'level': 'ALL', 'message': '12-11 08:32:05.535 12132 12154 D TestExecutor: Adding listener androidx.test.internal.runner.listener.TraceRunListener'}
{'timestamp': 1702276325628, 'level': 'ALL', 'message': '12-11 08:32:05.542 12132 12154 I TestRunner: run started: 1 tests'}
{'timestamp': 1702276325634, 'level': 'ALL', 'message': '12-11 08:32:05.547 12132 12154 I TestRunner: started: startServer(io.appium.uiautomator2.server.test.AppiumUiAutomator2Server)'}
{'timestamp': 1702276325644, 'level': 'ALL', 'message': '12-11 08:32:05.558 12132 12154 I appium  : [AppiumUiAutomator2Server] Starting Server'}
{'timestamp': 1702276325816, 'level': 'ALL', 'message': "12-11 08:32:05.730  1912  1912 E adbd    : failed to connect to socket 'tcp:6790': Connection refused"}
{'timestamp': 1702276326646, 'level': 'ALL', 'message': '12-11 08:32:06.559 12132 12154 I appium  : Starting MJPEG Server'}
{'timestamp': 1702276326653, 'level': 'ALL', 'message': '12-11 08:32:06.563 12132 12154 I appium  : MJPEG Server started'}
{'timestamp': 1702276326653, 'level': 'ALL', 'message': '12-11 08:32:06.566 12132 12156 I appium  : ServerSocket created on port 7810'}
{'timestamp': 1702276326679, 'level': 'ALL', 'message': '12-11 08:32:06.593 12132 12154 I appium  : AndroidServer created on port 6790'}
{'timestamp': 1702276326679, 'level': 'ALL', 'message': '12-11 08:32:06.593 12132 12154 I appium  : io.appium.uiautomator2.server started:'}
{'timestamp': 1702276326704, 'level': 'ALL', 'message': '12-11 08:32:06.615   517   929 I fvbt    : (REDACTED) #onAccessibilityStateChanged enabled: %s'}
{'timestamp': 1702276326704, 'level': 'ALL', 'message': '12-11 08:32:06.616   517  1099 I fvbt    : #onChange'}
{'timestamp': 1702276326704, 'level': 'ALL', 'message': '12-11 08:32:06.616   517  1099 I cmrs    : #FCF: onChange'}
{'timestamp': 1702276326750, 'level': 'ALL', 'message': '12-11 08:32:06.619   517  1099 I cmrw    : (REDACTED) FCF System FeatureName to check: %s'}
{'timestamp': 1702276326750, 'level': 'ALL', 'message': '12-11 08:32:06.619   517  1099 I cmrw    : (REDACTED) FCF: Device model check status : %s'}
{'timestamp': 1702276326750, 'level': 'ALL', 'message': '12-11 08:32:06.620   517  1099 I cmrt    : FCF A11y Checker - readyForTngMa'}
{'timestamp': 1702276326750, 'level': 'ALL', 'message': '12-11 08:32:06.622   517  1099 I cmug    : (REDACTED) #FCF: Demo mode check status : %s'}
{'timestamp': 1702276326750, 'level': 'ALL', 'message': '12-11 08:32:06.625   517   979 I cmuh    : (REDACTED) #FCF: Managed profile check status : %s'}
{'timestamp': 1702276326750, 'level': 'ALL', 'message': "12-11 08:32:06.642   653   833 I bfxf    : NGA disabled since it's running Panthera and at least one a11y feature is on."}
{'timestamp': 1702276326750, 'level': 'ALL', 'message': '12-11 08:32:06.642   653   833 I bfxf    : (REDACTED) Nga state changed to %s'}
{'timestamp': 1702276326750, 'level': 'ALL', 'message': '12-11 08:32:06.643   653   833 I bfxf    : (REDACTED) isTngActive=%s'}
{'timestamp': 1702276326750, 'level': 'ALL', 'message': '12-11 08:32:06.646   517   979 I cmrc    : (REDACTED) #FCF: Assistant primary locale : %s'}
{'timestamp': 1702276326750, 'level': 'ALL', 'message': '12-11 08:32:06.646   517   979 I cmrc    : (REDACTED) #FCF: Assistant Primary locale check status : %s'}
{'timestamp': 1702276326750, 'level': 'ALL', 'message': '12-11 08:32:06.646   517   979 I cmuj    : (REDACTED) [%d] productivity accounts setup for current account.'}
{'timestamp': 1702276326750, 'level': 'ALL', 'message': '12-11 08:32:06.651   653 10737 I aoso    : (REDACTED) Successfully received auth token for scope: %s in time %d ms'}
{'timestamp': 1702276326750, 'level': 'ALL', 'message': '12-11 08:32:06.656   517   979 I zvn     : (REDACTED) Nga on-device enabled based on TNG:MA active state: %b'}
{'timestamp': 1702276326750, 'level': 'ALL', 'message': '12-11 08:32:06.657   517   979 I zvn     : (REDACTED) Nga on-device enabled based on TNG:MA active state: %b'}
{'timestamp': 1702276326750, 'level': 'ALL', 'message': '12-11 08:32:06.657   517   979 I zvn     : Unsubscribed to apa or classic variant change.'}
{'timestamp': 1702276326782, 'level': 'ALL', 'message': '12-11 08:32:06.689 12132 12158 I appium  : Started UiAutomator2 io.appium.uiautomator2.http io.appium.uiautomator2.server on port 6790'}
{'timestamp': 1702276326789, 'level': 'ALL', 'message': '12-11 08:32:06.695   517  1099 I cmya    : (REDACTED) #FCF evaluate: %s'}
{'timestamp': 1702276326789, 'level': 'ALL', 'message': '12-11 08:32:06.695   517  1099 I cmya    : (REDACTED) TngMaStatusChecker#evaluateInternal completed in %s millis'}
{'timestamp': 1702276326789, 'level': 'ALL', 'message': '12-11 08:32:06.696   517  1099 I cmcg    : (REDACTED) TNG:MA status updated: %s'}
{'timestamp': 1702276326789, 'level': 'ALL', 'message': '12-11 08:32:06.696   517  1099 I cmcg    : TNG:MA became ineligible, client should disconnect'}
{'timestamp': 1702276326789, 'level': 'ALL', 'message': '12-11 08:32:06.697   517  1099 I cmcg    : (REDACTED) Disconnecting: %s'}
{'timestamp': 1702276326789, 'level': 'ALL', 'message': '12-11 08:32:06.698   517  1099 I cmhx    : #unregisterBluetoothDevicesAvailabilityListener'}
{'timestamp': 1702276326789, 'level': 'ALL', 'message': '12-11 08:32:06.699   517  1099 I cmya    : #invalidationSource: adding saa update checker'}
{'timestamp': 1702276326789, 'level': 'ALL', 'message': '12-11 08:32:06.699   517   979 I cmhx    : #unregisterBistoDevicesAvailabilityListener'}
{'timestamp': 1702276326789, 'level': 'ALL', 'message': '12-11 08:32:06.700   517   979 I cmhx    : enableBistoRouteIntegration disabled'}
{'timestamp': 1702276326789, 'level': 'ALL', 'message': '12-11 08:32:06.700   517   979 I cmhx    : #unregisterActivityTransitions'}
{'timestamp': 1702276326789, 'level': 'ALL', 'message': '12-11 08:32:06.700   517   979 I cmhx    : #unsubscribeFromHeadsetEventsForEarcons'}
{'timestamp': 1702276326811, 'level': 'ALL', 'message': '12-11 08:32:06.701   517   979 I cmhx    : #enableGmmTravelModeLogging flag disabled.'}
{'timestamp': 1702276326811, 'level': 'ALL', 'message': '12-11 08:32:06.701   517   979 I cqpb    : #unregisterShellAppInstallationReceiver'}
{'timestamp': 1702276326811, 'level': 'ALL', 'message': '12-11 08:32:06.703   517   979 I cmhx    : (REDACTED) Disconnect Reasons: %s'}
{'timestamp': 1702276326811, 'level': 'ALL', 'message': '12-11 08:32:06.704   517   979 I cmhx    : Client successfully disconnected'}
{'timestamp': 1702276326811, 'level': 'ALL', 'message': '12-11 08:32:06.704   517   979 I cmib    : (REDACTED) Updated TngActivationStateResult %s'}
{'timestamp': 1702276326811, 'level': 'ALL', 'message': '12-11 08:32:06.704   517  1099 I cmhx    : Subscription was cancelled.'}
{'timestamp': 1702276326811, 'level': 'ALL', 'message': '12-11 08:32:06.705   517   979 I cmib    : (REDACTED) Emit result=%s'}
{'timestamp': 1702276326811, 'level': 'ALL', 'message': '12-11 08:32:06.706   517   979 I cmgb    : Scheduling removing Phenotype experience experiments id'}
{'timestamp': 1702276326811, 'level': 'ALL', 'message': '12-11 08:32:06.707   517  1099 I gcsr    : (REDACTED) Connection(%s) completed.'}
{'timestamp': 1702276326811, 'level': 'ALL', 'message': '12-11 08:32:06.708   517   979 I cmcg    : Disconnected'}
{'timestamp': 1702276326811, 'level': 'ALL', 'message': '12-11 08:32:06.708   517  1099 I gcss    : (REDACTED) Connection(%s) removed, total(%d).'}
{'timestamp': 1702276326811, 'level': 'ALL', 'message': '12-11 08:32:06.710   517   938 I ckxv    : Disconnecting'}
{'timestamp': 1702276326811, 'level': 'ALL', 'message': '12-11 08:32:06.710   517  1099 I gckv    : (REDACTED) Client connections changed: %s.'}
{'timestamp': 1702276326811, 'level': 'ALL', 'message': '12-11 08:32:06.710   517   979 I gcur    : (REDACTED) Shutdown triggering managed lifecycle(%s)'}
{'timestamp': 1702276326811, 'level': 'ALL', 'message': '12-11 08:32:06.711   517  1099 I gcur    : (REDACTED) Shutdown triggering managed lifecycle(%s)'}
{'timestamp': 1702276326811, 'level': 'ALL', 'message': '12-11 08:32:06.711   517   979 I gcur    : (REDACTED) Shutdown triggering managed lifecycle(%s)'}
{'timestamp': 1702276326811, 'level': 'ALL', 'message': '12-11 08:32:06.711   517  1099 I gcur    : (REDACTED) Shutdown triggering managed lifecycle(%s)'}
{'timestamp': 1702276326811, 'level': 'ALL', 'message': '12-11 08:32:06.711   517  1099 I gcur    : (REDACTED) Shutdown triggering managed lifecycle(%s)'}
{'timestamp': 1702276326811, 'level': 'ALL', 'message': '12-11 08:32:06.711   517   979 I gcur    : (REDACTED) Shutdown triggering managed lifecycle(%s)'}
{'timestamp': 1702276326811, 'level': 'ALL', 'message': '12-11 08:32:06.711   517  1099 I gcur    : (REDACTED) Shutdown triggering managed lifecycle(%s)'}
{'timestamp': 1702276326811, 'level': 'ALL', 'message': '12-11 08:32:06.711   517   979 I gcur    : (REDACTED) Shutdown triggering managed lifecycle(%s)'}
{'timestamp': 1702276326811, 'level': 'ALL', 'message': '12-11 08:32:06.712   517  1099 I gcur    : (REDACTED) Shutdown triggering managed lifecycle(%s)'}
{'timestamp': 1702276326823, 'level': 'ALL', 'message': '12-11 08:32:06.714   517  1099 I gckv    : (REDACTED) Invocations routing has changed'}
{'timestamp': 1702276326823, 'level': 'ALL', 'message': '12-11 08:32:06.714   517  1099 I gckv    : %s'}
{'timestamp': 1702276326823, 'level': 'ALL', 'message': '12-11 08:32:06.718   517  1099 I gdbo    : (REDACTED) On hotword consumer changed: %s.'}
{'timestamp': 1702276326823, 'level': 'ALL', 'message': '12-11 08:32:06.720   517   938 I gcyb    : (REDACTED) Hotword consumer configuration has changed: %s.'}
{'timestamp': 1702276326823, 'level': 'ALL', 'message': '12-11 08:32:06.721   517   938 I gczx    : (REDACTED) Updating HDM frontend with configuration=@%s.'}
{'timestamp': 1702276326823, 'level': 'ALL', 'message': '12-11 08:32:06.721   517   938 I gqel    : (REDACTED) #update. Operational mode passed in HotwordConfig is %s'}
{'timestamp': 1702276326823, 'level': 'ALL', 'message': '12-11 08:32:06.722   517   979 I gqel    : (REDACTED) Receive Accountid: %s'}
{'timestamp': 1702276326823, 'level': 'ALL', 'message': '12-11 08:32:06.722   517  1099 I gqel    : #update inside sequencer'}
{'timestamp': 1702276326823, 'level': 'ALL', 'message': '12-11 08:32:06.722   517   979 I gqel    : #update inside sequencer after logAppFlowAfterAccountHandled finished.'}
{'timestamp': 1702276326823, 'level': 'ALL', 'message': '12-11 08:32:06.722   517   979 I gqel    : (REDACTED) needRefetchHotwordConfig: %b, accountChanged: %b, currentLocale: %s, newLocale: %s'}
{'timestamp': 1702276326823, 'level': 'ALL', 'message': '12-11 08:32:06.723   517   979 I gqel    : (REDACTED) getAllConfigAndTakeAction called because of %s'}
{'timestamp': 1702276326823, 'level': 'ALL', 'message': "12-11 08:32:06.723   517   979 W KeyphraseEnrollmentInfo: No enrollment application supports the given keyphrase/locale: 'X Google'/ru_RU"}
{'timestamp': 1702276326823, 'level': 'ALL', 'message': "12-11 08:32:06.723   517   979 W KeyphraseEnrollmentInfo: No enrollment application supports the given keyphrase/locale: 'X Google'/ru_RU"}
{'timestamp': 1702276326823, 'level': 'ALL', 'message': "12-11 08:32:06.723   517   979 W KeyphraseEnrollmentInfo: No enrollment application supports the given keyphrase/locale: 'X Google'/ar_EG"}
{'timestamp': 1702276326823, 'level': 'ALL', 'message': "12-11 08:32:06.723   517   979 W KeyphraseEnrollmentInfo: No enrollment application supports the given keyphrase/locale: 'X Google'/en_US"}
{'timestamp': 1702276326823, 'level': 'ALL', 'message': '12-11 08:32:06.723   517   979 W gqat    : (REDACTED) #getDspEnrollmentFallbackLocale cannot find a fallback locale for %s.'}
{'timestamp': 1702276326823, 'level': 'ALL', 'message': "12-11 08:32:06.723   517   979 W KeyphraseEnrollmentInfo: No enrollment application supports the given keyphrase/locale: 'Ok Google'/ru_RU"}
{'timestamp': 1702276326823, 'level': 'ALL', 'message': "12-11 08:32:06.724   517   979 W KeyphraseEnrollmentInfo: No enrollment application supports the given keyphrase/locale: 'Ok Google'/ar_EG"}
{'timestamp': 1702276326823, 'level': 'ALL', 'message': "12-11 08:32:06.724   517   979 W KeyphraseEnrollmentInfo: No enrollment application supports the given keyphrase/locale: 'Ok Google'/en_US"}
{'timestamp': 1702276326823, 'level': 'ALL', 'message': '12-11 08:32:06.724   517   979 W gqat    : (REDACTED) #getDspEnrollmentFallbackLocale cannot find a fallback locale for %s.'}
{'timestamp': 1702276326823, 'level': 'ALL', 'message': '12-11 08:32:06.724   517   979 I gqel    : (REDACTED) #getAllConfigAndTakeAction KeyphraseAndLocaleSupportResult. locale : %s, dsp locale : %s, keyphrase : %s, DSP keyphrase : %s, isKeyphraseAndLocaleSupported : %b.'}
{'timestamp': 1702276326823, 'level': 'ALL', 'message': '12-11 08:32:06.724   517   979 I gqat    : #canUseDownloadDspModel: no DspModelInformationAvailable'}
{'timestamp': 1702276326823, 'level': 'ALL', 'message': '12-11 08:32:06.724   517   979 I gqel    : (REDACTED) isDspHotwordSupportedByPlatform = %b, isDspHotwordModelAvailable = %b'}
{'timestamp': 1702276326830, 'level': 'ALL', 'message': '12-11 08:32:06.727   517   979 I gqay    : (REDACTED) Voice Match (Speaker-id) supported : %b'}
{'timestamp': 1702276326830, 'level': 'ALL', 'message': '12-11 08:32:06.728   517   979 I gqay    : (REDACTED) hotword enrollment state is enrolled:  %b, speakerId model exist: %b. Voice Match supported : %b'}
{'timestamp': 1702276326830, 'level': 'ALL', 'message': '12-11 08:32:06.728   517   979 I gqay    : (REDACTED) isHotwordAvailable():  %b, isHotwordEnabled() %b'}
{'timestamp': 1702276326830, 'level': 'ALL', 'message': '12-11 08:32:06.729   517   979 I gqay    : (REDACTED) Hotword enrollment state : %s.'}
{'timestamp': 1702276326830, 'level': 'ALL', 'message': '12-11 08:32:06.730   517   979 I gqay    : (REDACTED) Voice Match (Speaker-id) supported : %b'}
{'timestamp': 1702276326830, 'level': 'ALL', 'message': '12-11 08:32:06.731   517   979 I gqay    : (REDACTED) Hotword enrollment state : %s.'}
{'timestamp': 1702276326830, 'level': 'ALL', 'message': '12-11 08:32:06.739   653   944 I gqii    : (REDACTED) Calling setIsModelTypeDspSupported %s'}
{'timestamp': 1702276326842, 'level': 'ALL', 'message': "12-11 08:32:06.741  1912  1912 E adbd    : failed to connect to socket 'tcp:6790': Connection refused"}
{'timestamp': 1702276326848, 'level': 'ALL', 'message': '12-11 08:32:06.747   517   979 I gqfh    : (REDACTED) Operational mode passed in HotwordConfig is %s'}
{'timestamp': 1702276326848, 'level': 'ALL', 'message': '12-11 08:32:06.747   517   979 I gqay    : (REDACTED) Voice Match (Speaker-id) supported : %b'}
{'timestamp': 1702276326848, 'level': 'ALL', 'message': '12-11 08:32:06.747   517   979 I gqay    : (REDACTED) Voice Match (Speaker-id) supported : %b'}
{'timestamp': 1702276326848, 'level': 'ALL', 'message': '12-11 08:32:06.747   517   979 I gqay    : (REDACTED) hotword enrollment state is enrolled:  %b, speakerId model exist: %b, voice match supported : %b'}
{'timestamp': 1702276326848, 'level': 'ALL', 'message': '12-11 08:32:06.747   517   979 I gqay    : (REDACTED) Hotword enrollment state : %s.'}
{'timestamp': 1702276326848, 'level': 'ALL', 'message': '12-11 08:32:06.748   517   979 I gqay    : (REDACTED) Hotword isNonVoiceMatchHotwordEnabled: %b, isHotwordAvailable: %b, isHotwordEnabled: %b, isVoiceMatchSupported: %b, isHotwordEnrolled: %b,'}
{'timestamp': 1702276326848, 'level': 'ALL', 'message': '12-11 08:32:06.748   517   979 I gqay    : (REDACTED) Hotword enrollment state : %s.'}
{'timestamp': 1702276326848, 'level': 'ALL', 'message': '12-11 08:32:06.748   517   979 I gqez    : (REDACTED) #getNextAction. Voice match enabled: %b. Hotword (non-Voice Match) enabled: %b, incomplete enrollment state: %b, screen on: %b, screen locked: %b dsp available: %b'}
{'timestamp': 1702276326848, 'level': 'ALL', 'message': '12-11 08:32:06.748   517   979 I gqez    : (REDACTED) No operation needed since hotword detection is not running. Voice match enabled : %b. Hotword (non-Voice Match) enabled : %b, Is screen on : %b.'}
{'timestamp': 1702276326848, 'level': 'ALL', 'message': '12-11 08:32:06.748   517   979 I gqel    : No detectors created before, no need to reconfig.'}
{'timestamp': 1702276326848, 'level': 'ALL', 'message': '12-11 08:32:06.748   517   979 I gqel    : (REDACTED) Get the next action %s for requester %s.'}
{'timestamp': 1702276326848, 'level': 'ALL', 'message': '12-11 08:32:06.748   517   979 I gqel    : (REDACTED) Hotword detection is running : %b, no further operation required.'}
{'timestamp': 1702276326848, 'level': 'ALL', 'message': '12-11 08:32:06.749   517   979 I gqay    : (REDACTED) isHotwordAvailable():  %b, isHotwordEnabled() %b'}
{'timestamp': 1702276326848, 'level': 'ALL', 'message': '12-11 08:32:06.749   517   979 I gqel    : #logRequestHandlingNonErrorEndEvent. Reset requestIdOfFirstError, firstStartErrorCausesRetry and numOfRetriesDoneForDspStartErrors!'}
{'timestamp': 1702276326848, 'level': 'ALL', 'message': '12-11 08:32:06.751   517   938 I gczx    : (REDACTED) Frontend=%s has been updated to configuration=%s.'}
{'timestamp': 1702276326877, 'level': 'ALL', 'message': '12-11 08:32:06.792 12132 12160 W tomator2.serve: Accessing hidden method Lsun/misc/VM;->maxDirectMemory()J (greylist, reflection, allowed)'}
{'timestamp': 1702276326926, 'level': 'ALL', 'message': '12-11 08:32:06.839 12132 12160 W tomator2.serve: Accessing hidden field Lsun/nio/ch/SelectorImpl;->selectedKeys:Ljava/util/Set; (greylist, reflection, allowed)'}
{'timestamp': 1702276326926, 'level': 'ALL', 'message': '12-11 08:32:06.840 12132 12160 W tomator2.serve: Accessing hidden field Lsun/nio/ch/SelectorImpl;->publicSelectedKeys:Ljava/util/Set; (greylist, reflection, allowed)'}
{'timestamp': 1702276327033, 'level': 'ALL', 'message': '12-11 08:32:06.934 12132 12132 W Thread-5: type=1400 audit(0.0:4429): avc: denied { read } for name="somaxconn" dev="proc" ino=1621418 scontext=u:r:untrusted_app:s0:c157,c256,c512,c768 tcontext=u:object_r:proc_net:s0 tclass=file permissive=0 app=io.appium.uiautomator2.server'}
{'timestamp': 1702276327959, 'level': 'ALL', 'message': '12-11 08:32:07.871 12132 12162 I appium  : channel read: GET /status'}
{'timestamp': 1702276327963, 'level': 'ALL', 'message': '12-11 08:32:07.875 12132 12162 I appium  : Status command'}
{'timestamp': 1702276328022, 'level': 'ALL', 'message': '12-11 08:32:07.936 12132 12162 I appium  : AppiumResponse: {"sessionId":"None","value":{"message":"UiAutomator2 Server is ready to accept commands","ready":true}}'}
{'timestamp': 1702276328074, 'level': 'ALL', 'message': '12-11 08:32:07.989 12132 12162 I appium  : channel read: POST /session'}
{'timestamp': 1702276328079, 'level': 'ALL', 'message': '12-11 08:32:07.990 12132 12162 I appium  : NewSession command'}
{'timestamp': 1702276328116, 'level': 'ALL', 'message': '12-11 08:32:08.030 12132 12162 W tomator2.serve: Accessing hidden field Landroid/app/UiAutomation;->mOnAccessibilityEventListener:Landroid/app/UiAutomation$OnAccessibilityEventListener; (greylist-max-o, reflection, allowed)'}
{'timestamp': 1702276328127, 'level': 'ALL', 'message': '12-11 08:32:08.039 12132 12162 I appium  : Created the new session with id ba14a1db-7a77-4451-8452-f39dbc88429a and capabilities {appPackage=com.ajaxsystems, networkConnectionEnabled=true, noSign=true, warnings={}, databaseEnabled=false, deviceName=emulator-5554, platform=LINUX, deviceUDID=emulator-5554, appActivity=com.ajaxsystems.ui.activity.LauncherActivity, desired={platformName=Android, automationName=uiautomator2, autoGrantPermissions=true, newCommandTimeout=500.0, noSign=true, platformVersion=11, resetKeyboard=true, systemPort=8380.0, takesScreenshot=true, udid=emulator-5554, appPackage=com.ajaxsystems, appActivity=com.ajaxsystems.ui.activity.LauncherActivity}, newCommandTimeout=500.0, platformVersion=11, automationName=uiautomator2, webStorageEnabled=false, locationContextEnabled=false, autoGrantPermissions=true, takesScreenshot=true, javascriptEnabled=true, platformName=Android, udid=emulator-5554, resetKeyboard=true, systemPort=8380.0}'}
{'timestamp': 1702276328143, 'level': 'ALL', 'message': '12-11 08:32:08.056 12132 12162 I appium  : AppiumResponse: {"sessionId":"ba14a1db-7a77-4451-8452-f39dbc88429a","value":{"capabilities":{"firstMatch":[{"platformName":"Android","automationName":"uiautomator2","autoGrantPermissions":true,"newCommandTimeout":500.0,"noSign":true,"platformVersion":"11","resetKeyboard":true,"systemPort":8380.0,"takesScreenshot":t…'}
{'timestamp': 1702276328238, 'level': 'ALL', 'message': '12-11 08:32:08.114 12132 12162 I appium  : channel read: GET /session/ba14a1db-7a77-4451-8452-f39dbc88429a/appium/device/pixel_ratio'}
{'timestamp': 1702276328238, 'level': 'ALL', 'message': '12-11 08:32:08.115 12132 12162 I appium  : GetDevicePixelRatio command'}
{'timestamp': 1702276328238, 'level': 'ALL', 'message': '12-11 08:32:08.122 12132 12162 I appium  : AppiumResponse: {"sessionId":"ba14a1db-7a77-4451-8452-f39dbc88429a","value":2.625}'}
{'timestamp': 1702276328253, 'level': 'ALL', 'message': '12-11 08:32:08.144 12132 12166 I appium  : channel read: GET /session/ba14a1db-7a77-4451-8452-f39dbc88429a/appium/device/system_bars'}
{'timestamp': 1702276328253, 'level': 'ALL', 'message': '12-11 08:32:08.145 12132 12166 I appium  : GetSystemBars command'}
{'timestamp': 1702276328253, 'level': 'ALL', 'message': '12-11 08:32:08.147 12132 12166 I appium  : AppiumResponse: {"sessionId":"ba14a1db-7a77-4451-8452-f39dbc88429a","value":{"statusBar":136}}'}
{'timestamp': 1702276328253, 'level': 'ALL', 'message': '12-11 08:32:08.159 12132 12167 I appium  : channel read: GET /session/ba14a1db-7a77-4451-8452-f39dbc88429a/window/current/size'}
{'timestamp': 1702276328253, 'level': 'ALL', 'message': '12-11 08:32:08.160 12132 12167 I appium  : GetDeviceSize command'}
{'timestamp': 1702276328253, 'level': 'ALL', 'message': '12-11 08:32:08.161 12132 12167 I appium  : Get window size of the device'}
{'timestamp': 1702276328253, 'level': 'ALL', 'message': '12-11 08:32:08.164 12132 12169 I appium  : channel read: GET /session/ba14a1db-7a77-4451-8452-f39dbc88429a/appium/device/info'}
{'timestamp': 1702276328253, 'level': 'ALL', 'message': '12-11 08:32:08.165 12132 12169 I appium  : GetDeviceInfo command'}
{'timestamp': 1702276328253, 'level': 'ALL', 'message': '12-11 08:32:08.167 12132 12167 I appium  : AppiumResponse: {"sessionId":"ba14a1db-7a77-4451-8452-f39dbc88429a","value":{"height":2138,"width":1080}}'}
{'timestamp': 1702276328265, 'level': 'ALL', 'message': '12-11 08:32:08.176 12132 12169 I TetheringManager: registerTetheringEventCallback:io.appium.uiautomator2.server'}
{'timestamp': 1702276328324, 'level': 'ALL', 'message': '12-11 08:32:08.236 31652 31661 I system_server: Background young concurrent copying GC freed 169518(10MB) AllocSpace objects, 122(6656KB) LOS objects, 44% free, 20MB/36MB, paused 3.178ms total 131.404ms'}
{'timestamp': 1702276328344, 'level': 'ALL', 'message': '12-11 08:32:08.244 31652 31666 W ActivityManager: Slow operation: 64ms so far, now at getContentProviderImpl: before checkContentProviderPermission'}
{'timestamp': 1702276328344, 'level': 'ALL', 'message': '12-11 08:32:08.244 31652 31666 W ActivityManager: Slow operation: 64ms so far, now at getContentProviderImpl: after checkContentProviderPermission'}
{'timestamp': 1702276328344, 'level': 'ALL', 'message': '12-11 08:32:08.244 31652 31666 W ActivityManager: Slow operation: 64ms so far, now at getContentProviderImpl: incProviderCountLocked'}
{'timestamp': 1702276328344, 'level': 'ALL', 'message': '12-11 08:32:08.245 31652 31666 W ActivityManager: Slow operation: 64ms so far, now at getContentProviderImpl: before updateLruProcess'}
{'timestamp': 1702276328370, 'level': 'ALL', 'message': '12-11 08:32:08.278 31652 31663 W System  : A resource failed to call release.'}
{'timestamp': 1702276328370, 'level': 'ALL', 'message': '12-11 08:32:08.278 31652 31663 I chatty  : uid=1000(system) FinalizerDaemon identical 2 lines'}
{'timestamp': 1702276328370, 'level': 'ALL', 'message': '12-11 08:32:08.278 31652 31663 W System  : A resource failed to call release.'}
{'timestamp': 1702276328370, 'level': 'ALL', 'message': '12-11 08:32:08.278 31652 31663 W System  : A resource failed to call close.'}
{'timestamp': 1702276328373, 'level': 'ALL', 'message': '12-11 08:32:08.279 31652 31663 W System  : A resource failed to call release.'}
{'timestamp': 1702276328376, 'level': 'ALL', 'message': '12-11 08:32:08.287 31652 31663 W System  : A resource failed to call dispose.'}
{'timestamp': 1702276328383, 'level': 'ALL', 'message': '12-11 08:32:08.295 31652 31666 W ActivityManager: Slow operation: 114ms so far, now at getContentProviderImpl: after updateLruProcess'}
{'timestamp': 1702276328383, 'level': 'ALL', 'message': '12-11 08:32:08.295 31652 31666 W ActivityManager: Slow operation: 115ms so far, now at getContentProviderImpl: before updateOomAdj'}
{'timestamp': 1702276328383, 'level': 'ALL', 'message': '12-11 08:32:08.295 31652 31666 W ActivityManager: Slow operation: 115ms so far, now at getContentProviderImpl: after updateOomAdj'}
{'timestamp': 1702276328383, 'level': 'ALL', 'message': '12-11 08:32:08.295 31652 31666 W ActivityManager: Slow operation: 115ms so far, now at getContentProviderImpl: done!'}
{'timestamp': 1702276328400, 'level': 'ALL', 'message': '12-11 08:32:08.315 12132 12169 W tomator2.serve: Accessing hidden field Landroid/net/NetworkCapabilities;->mSignalStrength:I (greylist-max-p, reflection, allowed)'}
{'timestamp': 1702276328400, 'level': 'ALL', 'message': '12-11 08:32:08.315 12132 12169 W tomator2.serve: Accessing hidden field Landroid/net/NetworkCapabilities;->mSSID:Ljava/lang/String; (greylist-max-o, reflection, allowed)'}
{'timestamp': 1702276328426, 'level': 'ALL', 'message': '12-11 08:32:08.335 12132 12169 I appium  : AppiumResponse: {"sessionId":"ba14a1db-7a77-4451-8452-f39dbc88429a","value":{"androidId":"5d496a92f3e8c1c9","apiVersion":"30","bluetooth":{"state":"ON"},"brand":"google","carrierName":"Android","displayDensity":420,"locale":"en_US","manufacturer":"Google","model":"sdk_gphone_x86","networks":[{"capabilities":{"SSID"…'}
{'timestamp': 1702276328447, 'level': 'ALL', 'message': '12-11 08:32:08.361 31652  1226 I ActivityManager: Force stopping com.ajaxsystems appid=10158 user=0: from pid 12174'}
{'timestamp': 1702276328464, 'level': 'ALL', 'message': '12-11 08:32:08.377 32351 32351 D CarrierSvcBindHelper: No carrier app for: 0'}
{'timestamp': 1702276328707, 'level': 'ALL', 'message': '12-11 08:32:08.618 31652  1226 I ActivityTaskManager: START u0 {act=android.intent.action.MAIN cat=[android.intent.category.LAUNCHER] flg=0x10200000 cmp=com.ajaxsystems/.ui.activity.LauncherActivity} from uid 2000'}
{'timestamp': 1702276328707, 'level': 'ALL', 'message': '12-11 08:32:08.618 31652 31712 D EventSequenceValidator: Transition from ACTIVITY_FINISHED to INTENT_STARTED'}
{'timestamp': 1702276328724, 'level': 'ALL', 'message': '12-11 08:32:08.635   421   421 I perfetto: ing_service_impl.cc:758 Configured tracing session 503, #sources:1, duration:5000 ms, #buffers:1, total buffer size:4096 KB, total sessions:1, uid:1071 session name: ""'}
{'timestamp': 1702276328735, 'level': 'ALL', 'message': '12-11 08:32:08.638   410   410 I perfetto: probes_producer.cc:230  Ftrace setup (target_buf=503)'}
{'timestamp': 1702276328748, 'level': 'ALL', 'message': '12-11 08:32:08.655 31652 31712 D CompatibilityChangeReporter: Compat change id reported: 135634846; UID 10158; state: DISABLED'}
{'timestamp': 1702276328748, 'level': 'ALL', 'message': '12-11 08:32:08.656 31652 31712 D EventSequenceValidator: Transition from INTENT_STARTED to ACTIVITY_LAUNCHED'}
{'timestamp': 1702276328748, 'level': 'ALL', 'message': '12-11 08:32:08.658 31652 31745 D CompatibilityChangeReporter: Compat change id reported: 143937733; UID 10158; state: ENABLED'}
{'timestamp': 1702276328776, 'level': 'ALL', 'message': '12-11 08:32:08.681   410   410 I perfetto: ftrace_procfs.cc:176    enabled ftrace'}
{'timestamp': 1702276328800, 'level': 'ALL', 'message': '12-11 08:32:08.704 31506 31506 D Zygote  : Forked child process 12182'}
{'timestamp': 1702276328800, 'level': 'ALL', 'message': '12-11 08:32:08.705   320   320 D goldfish-address-space: claimShared: Ask to claim region [0x3f49e4000 0x3f53c8000]'}
{'timestamp': 1702276328808, 'level': 'ALL', 'message': '12-11 08:32:08.713 31652 31745 W ActivityManager: Slow operation: 59ms so far, now at startProcess: returned from zygote!'}
{'timestamp': 1702276328808, 'level': 'ALL', 'message': '12-11 08:32:08.714 31652 31745 W ActivityManager: Slow operation: 60ms so far, now at startProcess: done updating battery stats'}
{'timestamp': 1702276328808, 'level': 'ALL', 'message': '12-11 08:32:08.714 31652 31745 W ActivityManager: Slow operation: 60ms so far, now at startProcess: building log message'}
{'timestamp': 1702276328808, 'level': 'ALL', 'message': '12-11 08:32:08.714 31652 31745 I ActivityManager: Start proc 12182:com.ajaxsystems/u0a158 for pre-top-activity {com.ajaxsystems/com.ajaxsystems.ui.activity.LauncherActivity}'}
{'timestamp': 1702276328808, 'level': 'ALL', 'message': '12-11 08:32:08.714 31652 31745 W ActivityManager: Slow operation: 60ms so far, now at startProcess: starting to update pids map'}
{'timestamp': 1702276328808, 'level': 'ALL', 'message': '12-11 08:32:08.718 31652 31745 W ActivityManager: Slow operation: 63ms so far, now at startProcess: done updating pids map'}
{'timestamp': 1702276328817, 'level': 'ALL', 'message': '12-11 08:32:08.729 12182 12182 W com.ajaxsystem: Unexpected CPU variant for X86 using defaults: x86'}
{'timestamp': 1702276328827, 'level': 'ALL', 'message': '12-11 08:32:08.740 12182 12182 E com.ajaxsystem: Not starting debugger since process cannot load the jdwp agent.'}
{'timestamp': 1702276328860, 'level': 'ALL', 'message': '12-11 08:32:08.761   653   653 I dnpg    : onPause'}
{'timestamp': 1702276328860, 'level': 'ALL', 'message': '12-11 08:32:08.764 31652 31666 W InputReader: Device virtio_input_multi_touch_10 is associated with display ADISPLAY_ID_NONE.'}
{'timestamp': 1702276328864, 'level': 'ALL', 'message': '12-11 08:32:08.764 31652 31666 W InputReader: Device virtio_input_multi_touch_4 is associated with display ADISPLAY_ID_NONE.'}
{'timestamp': 1702276328864, 'level': 'ALL', 'message': '12-11 08:32:08.764 31652 31666 W InputReader: Device virtio_input_multi_touch_11 is associated with display ADISPLAY_ID_NONE.'}
{'timestamp': 1702276328864, 'level': 'ALL', 'message': '12-11 08:32:08.764 31652 31666 W InputReader: Device virtio_input_multi_touch_5 is associated with display ADISPLAY_ID_NONE.'}
{'timestamp': 1702276328864, 'level': 'ALL', 'message': '12-11 08:32:08.764 31652 31666 W InputReader: Device virtio_input_multi_touch_2 is associated with display ADISPLAY_ID_NONE.'}
{'timestamp': 1702276328864, 'level': 'ALL', 'message': '12-11 08:32:08.764 31652 31666 W InputReader: Device virtio_input_multi_touch_9 is associated with display ADISPLAY_ID_NONE.'}
{'timestamp': 1702276328864, 'level': 'ALL', 'message': '12-11 08:32:08.764 31652 31666 W InputReader: Device virtio_input_multi_touch_6 is associated with display ADISPLAY_ID_NONE.'}
{'timestamp': 1702276328864, 'level': 'ALL', 'message': '12-11 08:32:08.764 31652 31666 W InputReader: Device virtio_input_multi_touch_7 is associated with display ADISPLAY_ID_NONE.'}
{'timestamp': 1702276328864, 'level': 'ALL', 'message': '12-11 08:32:08.764 31652 31666 W InputReader: Device virtio_input_multi_touch_3 is associated with display ADISPLAY_ID_NONE.'}
{'timestamp': 1702276328864, 'level': 'ALL', 'message': '12-11 08:32:08.764 31652 31666 W InputReader: Device virtio_input_multi_touch_8 is associated with display ADISPLAY_ID_NONE.'}
{'timestamp': 1702276328864, 'level': 'ALL', 'message': '12-11 08:32:08.764 31652 31666 W InputReader: Device virtio_input_multi_touch_10 is associated with display ADISPLAY_ID_NONE.'}
{'timestamp': 1702276328864, 'level': 'ALL', 'message': '12-11 08:32:08.764 31652 31666 W InputReader: Device virtio_input_multi_touch_4 is associated with display ADISPLAY_ID_NONE.'}
{'timestamp': 1702276328864, 'level': 'ALL', 'message': '12-11 08:32:08.764 31652 31666 W InputReader: Device virtio_input_multi_touch_11 is associated with display ADISPLAY_ID_NONE.'}
{'timestamp': 1702276328864, 'level': 'ALL', 'message': '12-11 08:32:08.764 31652 31666 W InputReader: Device virtio_input_multi_touch_5 is associated with display ADISPLAY_ID_NONE.'}
{'timestamp': 1702276328864, 'level': 'ALL', 'message': '12-11 08:32:08.764 31652 31666 W InputReader: Device virtio_input_multi_touch_2 is associated with display ADISPLAY_ID_NONE.'}
{'timestamp': 1702276328864, 'level': 'ALL', 'message': '12-11 08:32:08.764 31652 31666 W InputReader: Device virtio_input_multi_touch_9 is associated with display ADISPLAY_ID_NONE.'}
{'timestamp': 1702276328864, 'level': 'ALL', 'message': '12-11 08:32:08.764 31652 31666 W InputReader: Device virtio_input_multi_touch_6 is associated with display ADISPLAY_ID_NONE.'}
{'timestamp': 1702276328864, 'level': 'ALL', 'message': '12-11 08:32:08.764 31652 31666 W InputReader: Device virtio_input_multi_touch_7 is associated with display ADISPLAY_ID_NONE.'}
{'timestamp': 1702276328864, 'level': 'ALL', 'message': '12-11 08:32:08.764 31652 31666 W InputReader: Device virtio_input_multi_touch_3 is associated with display ADISPLAY_ID_NONE.'}
{'timestamp': 1702276328864, 'level': 'ALL', 'message': '12-11 08:32:08.764 31652 31666 W InputReader: Device virtio_input_multi_touch_8 is associated with display ADISPLAY_ID_NONE.'}
{'timestamp': 1702276328910, 'level': 'ALL', 'message': '12-11 08:32:08.803 12182 12182 I com.ajaxsystem: The ClassLoaderContext is a special shared library.'}
{'timestamp': 1702276328921, 'level': 'ALL', 'message': '12-11 08:32:08.805 12182 12182 I com.ajaxsystem: The ClassLoaderContext is a special shared library.'}
{'timestamp': 1702276328926, 'level': 'ALL', 'message': '12-11 08:32:08.832 12182 12182 W com.ajaxsystem: JIT profile information will not be recorded: profile file does not exist.'}
{'timestamp': 1702276328968, 'level': 'ALL', 'message': '12-11 08:32:08.833 12182 12182 W com.ajaxsystem: JIT profile information will not be recorded: profile file does not exist.'}
{'timestamp': 1702276328968, 'level': 'ALL', 'message': '12-11 08:32:08.868 12182 12182 D NetworkSecurityConfig: No Network Security Config specified, using platform default'}
{'timestamp': 1702276329008, 'level': 'ALL', 'message': '12-11 08:32:08.868 12182 12182 D NetworkSecurityConfig: No Network Security Config specified, using platform default'}
{'timestamp': 1702276329009, 'level': 'ALL', 'message': '12-11 08:32:08.919 12182 12182 I FirebaseApp: Device unlocked: initializing all Firebase APIs for app [DEFAULT]'}
{'timestamp': 1702276329034, 'level': 'ALL', 'message': '12-11 08:32:08.936 12182 12182 I FirebaseCrashlytics: Initializing Firebase Crashlytics 18.3.6 for com.ajaxsystems'}
{'timestamp': 1702276329187, 'level': 'ALL', 'message': '12-11 08:32:09.080 12182 12206 I DynamiteModule: Considering local module com.google.android.gms.measurement.dynamite:89 and remote module com.google.android.gms.measurement.dynamite:97'}
{'timestamp': 1702276329187, 'level': 'ALL', 'message': '12-11 08:32:09.080 12182 12206 I DynamiteModule: Selected remote version of com.google.android.gms.measurement.dynamite, version >= 97'}
{'timestamp': 1702276329187, 'level': 'ALL', 'message': '12-11 08:32:09.080 12182 12206 V DynamiteModule: Dynamite loader version >= 2, using loadModule2NoCrashUtils'}
{'timestamp': 1702276329187, 'level': 'ALL', 'message': '12-11 08:32:09.084 12182 12182 I FirebaseInitProvider: FirebaseApp initialization successful'}
{'timestamp': 1702276329268, 'level': 'ALL', 'message': '12-11 08:32:09.181 12182 12207 D libcrashlytics: Initializing libcrashlytics version 3.2.0'}
{'timestamp': 1702276329296, 'level': 'ALL', 'message': '12-11 08:32:09.205 31652 31666 D CompatibilityChangeReporter: Compat change id reported: 149924527; UID 10158; state: ENABLED'}
{'timestamp': 1702276329309, 'level': 'ALL', 'message': '12-11 08:32:09.214 31652 31666 D CompatibilityChangeReporter: Compat change id reported: 132649864; UID 10158; state: DISABLED'}
{'timestamp': 1702276329372, 'level': 'ALL', 'message': '12-11 08:32:09.281 12182 12207 D libcrashlytics: Initializing native crash handling successful.'}
{'timestamp': 1702276329448, 'level': 'ALL', 'message': "12-11 08:32:09.358 12182 12182 V NativeCrypto: Registering org/conscrypt/NativeCrypto's 288 native methods..."}
{'timestamp': 1702276329675, 'level': 'ALL', 'message': '12-11 08:32:09.587 12182 12228 I FA      : App measurement initialized, version: 82020'}
{'timestamp': 1702276329675, 'level': 'ALL', 'message': '12-11 08:32:09.587 12182 12228 I FA      : To enable debug logging run: adb shell setprop log.tag.FA VERBOSE'}
{'timestamp': 1702276329675, 'level': 'ALL', 'message': '12-11 08:32:09.587 12182 12228 I FA      : To enable faster debug mode event logging run:'}
{'timestamp': 1702276329675, 'level': 'ALL', 'message': '12-11 08:32:09.587 12182 12228 I FA      :   adb shell setprop debug.firebase.analytics.app com.ajaxsystems'}
{'timestamp': 1702276329723, 'level': 'ALL', 'message': '12-11 08:32:09.636 12182 12182 I TetheringManager: registerTetheringEventCallback:com.ajaxsystems'}
{'timestamp': 1702276329845, 'level': 'ALL', 'message': '12-11 08:32:09.749 31652 31666 D CompatibilityChangeReporter: Compat change id reported: 136274596; UID 10158; state: ENABLED'}
{'timestamp': 1702276329845, 'level': 'ALL', 'message': '12-11 08:32:09.755   396   396 D BoundBrokerSvc: onBind: Intent { act=com.google.android.gms.measurement.START pkg=com.google.android.gms }'}
{'timestamp': 1702276329845, 'level': 'ALL', 'message': '12-11 08:32:09.755   396   396 D BoundBrokerSvc: Loading bound service for intent: Intent { act=com.google.android.gms.measurement.START pkg=com.google.android.gms }'}
{'timestamp': 1702276329912, 'level': 'ALL', 'message': '12-11 08:32:09.825 12182 12228 I FA      : Tag Manager is not found and thus will not be used'}
{'timestamp': 1702276330290, 'level': 'ALL', 'message': '12-11 08:32:10.203 12182 12182 I org.webrtc.Logging: NativeLibrary: Loading native library: jingle_peerconnection_so'}
{'timestamp': 1702276330292, 'level': 'ALL', 'message': '12-11 08:32:10.203 12182 12182 I org.webrtc.Logging: NativeLibrary: Loading library: jingle_peerconnection_so'}
{'timestamp': 1702276330297, 'level': 'ALL', 'message': '12-11 08:32:10.205 12182 12182 I org.webrtc.Logging: PeerConnectionFactory: PeerConnectionFactory was initialized without an injected Loggable. Any existing Loggable will be deleted.'}
{'timestamp': 1702276330297, 'level': 'ALL', 'message': '12-11 08:32:10.206 12182 12182 I org.webrtc.Logging: EglBase14Impl: SDK version: 30. isEGL14Supported: true'}
{'timestamp': 1702276330297, 'level': 'ALL', 'message': '12-11 08:32:10.208 12182 12182 D libEGL  : loaded /vendor/lib/egl/libEGL_emulation.so'}
{'timestamp': 1702276330297, 'level': 'ALL', 'message': '12-11 08:32:10.209 12182 12182 D libEGL  : loaded /vendor/lib/egl/libGLESv1_CM_emulation.so'}
{'timestamp': 1702276330300, 'level': 'ALL', 'message': '12-11 08:32:10.211 12182 12182 D libEGL  : loaded /vendor/lib/egl/libGLESv2_emulation.so'}
{'timestamp': 1702276330321, 'level': 'ALL', 'message': '12-11 08:32:10.233 12182 12182 D HostConnection: HostConnection::get() New Host Connection established 0xed8afc60, tid 12182'}
{'timestamp': 1702276330326, 'level': 'ALL', 'message': '12-11 08:32:10.236 12182 12182 D HostConnection: HostComposition ext ANDROID_EMU_CHECKSUM_HELPER_v1 ANDROID_EMU_native_sync_v2 ANDROID_EMU_native_sync_v3 ANDROID_EMU_native_sync_v4 ANDROID_EMU_dma_v1 ANDROID_EMU_direct_mem ANDROID_EMU_vulkan ANDROID_EMU_deferred_vulkan_commands ANDROID_EMU_vulkan_null_optional_strings ANDROID_EMU_vulkan_create_resources_with_requirements ANDROID_EMU_YUV_Cache ANDROID_EMU_vulkan_ignored_handles ANDROID_EMU_has_shared_slots_host_memory_allocator ANDROID_EMU_vulkan_free_memory_sync ANDROID_EMU_vulkan_shader_float16_int8 ANDROID_EMU_vulkan_async_queue_submit ANDROID_EMU_sync_buffer_data ANDROID_EMU_vulkan_async_qsri ANDROID_EMU_read_color_buffer_dma GL_OES_vertex_array_object GL_KHR_texture_compression_astc_ldr ANDROID_EMU_host_side_tracing ANDROID_EMU_gles_max_version_2'}
{'timestamp': 1702276330332, 'level': 'ALL', 'message': '12-11 08:32:10.239   179   179 I hwservicemanager: getTransport: Cannot find entry android.hardware.configstore@1.0::ISurfaceFlingerConfigs/default in either framework or device manifest.'}
{'timestamp': 1702276330332, 'level': 'ALL', 'message': '12-11 08:32:10.241 12182 12182 I org.webrtc.Logging: EglBase14Impl: Using OpenGL ES version 2'}
{'timestamp': 1702276330355, 'level': 'ALL', 'message': '12-11 08:32:10.269 12182 12182 D EGL_emulation: eglCreateContext: 0xed8afe20: maj 2 min 0 rcv 2'}
{'timestamp': 1702276330396, 'level': 'ALL', 'message': '12-11 08:32:10.307 12182 12182 I VideoCapabilities: Unsupported profile 4 for video/mp4v-es'}
{'timestamp': 1702276330406, 'level': 'ALL', 'message': '12-11 08:32:10.317 31652 32570 I system_server: oneway function results will be dropped but finished with status OK and parcel size 4'}
{'timestamp': 1702276330411, 'level': 'ALL', 'message': '12-11 08:32:10.318 31652 32570 I chatty  : uid=1000(system) Binder:31652_B identical 2 lines'}
{'timestamp': 1702276330411, 'level': 'ALL', 'message': '12-11 08:32:10.319 31652 32570 I system_server: oneway function results will be dropped but finished with status OK and parcel size 4'}
{'timestamp': 1702276330411, 'level': 'ALL', 'message': '12-11 08:32:10.321 12182 12182 I org.webrtc.Logging: WebRtcAudioManagerExternal: Sample rate is set to 44100 Hz'}
{'timestamp': 1702276330411, 'level': 'ALL', 'message': '12-11 08:32:10.321 12182 12182 I org.webrtc.Logging: WebRtcAudioManagerExternal: Sample rate is set to 44100 Hz'}
{'timestamp': 1702276330411, 'level': 'ALL', 'message': '12-11 08:32:10.322 12182 12182 I org.webrtc.Logging: JavaAudioDeviceModule: createAudioDeviceModule'}
{'timestamp': 1702276330411, 'level': 'ALL', 'message': '12-11 08:32:10.322 12182 12182 I org.webrtc.Logging: JavaAudioDeviceModule: HW NS will not be used.'}
{'timestamp': 1702276330411, 'level': 'ALL', 'message': '12-11 08:32:10.322 12182 12182 I org.webrtc.Logging: JavaAudioDeviceModule: HW AEC will not be used.'}
{'timestamp': 1702276330411, 'level': 'ALL', 'message': '12-11 08:32:10.323 12182 12182 I org.webrtc.Logging: WebRtcAudioEffectsExternal: ctor@[name=main, id=2]'}
{'timestamp': 1702276330411, 'level': 'ALL', 'message': '12-11 08:32:10.323 12182 12182 I org.webrtc.Logging: WebRtcAudioRecordExternal: ctor@[name=main, id=2]'}
{'timestamp': 1702276330425, 'level': 'ALL', 'message': '12-11 08:32:10.323 12182 12182 I org.webrtc.Logging: WebRtcAudioTrackExternal: ctor@[name=main, id=2]'}
{'timestamp': 1702276330458, 'level': 'ALL', 'message': '12-11 08:32:10.371 12182 12260 I org.webrtc.Logging: PeerConnectionFactory: onNetworkThreadReady'}
{'timestamp': 1702276330458, 'level': 'ALL', 'message': '12-11 08:32:10.371 12182 12262 I org.webrtc.Logging: PeerConnectionFactory: onSignalingThreadReady'}
{'timestamp': 1702276330468, 'level': 'ALL', 'message': '12-11 08:32:10.372 12182 12261 I org.webrtc.Logging: PeerConnectionFactory: onWorkerThreadReady'}
{'timestamp': 1702276330626, 'level': 'ALL', 'message': '12-11 08:32:10.529 12182 12234 I ins     : ---- SNTP successful response from time.google.com'}
{'timestamp': 1702276330626, 'level': 'ALL', 'message': '12-11 08:32:10.529 12182 12234 D trb     : Caching true time info to disk sntp [1702276329777] device [28197805] boot [1702248131972]'}
{'timestamp': 1702276330651, 'level': 'ALL', 'message': '12-11 08:32:10.565 12182 12182 D AppCompatDelegate: Checking for metadata for AppLocalesMetadataHolderService : Service not found'}
{'timestamp': 1702276330735, 'level': 'ALL', 'message': '12-11 08:32:10.647 12182 12182 I Choreographer: Skipped 91 frames!  The application may be doing too much work on its main thread.'}
{'timestamp': 1702276330792, 'level': 'ALL', 'message': '12-11 08:32:10.682 12182 12281 D HostConnection: HostConnection::get() New Host Connection established 0xed8b34d0, tid 12281'}
{'timestamp': 1702276330792, 'level': 'ALL', 'message': '12-11 08:32:10.685 12182 12281 D HostConnection: HostComposition ext ANDROID_EMU_CHECKSUM_HELPER_v1 ANDROID_EMU_native_sync_v2 ANDROID_EMU_native_sync_v3 ANDROID_EMU_native_sync_v4 ANDROID_EMU_dma_v1 ANDROID_EMU_direct_mem ANDROID_EMU_vulkan ANDROID_EMU_deferred_vulkan_commands ANDROID_EMU_vulkan_null_optional_strings ANDROID_EMU_vulkan_create_resources_with_requirements ANDROID_EMU_YUV_Cache ANDROID_EMU_vulkan_ignored_handles ANDROID_EMU_has_shared_slots_host_memory_allocator ANDROID_EMU_vulkan_free_memory_sync ANDROID_EMU_vulkan_shader_float16_int8 ANDROID_EMU_vulkan_async_queue_submit ANDROID_EMU_sync_buffer_data ANDROID_EMU_vulkan_async_qsri ANDROID_EMU_read_color_buffer_dma GL_OES_vertex_array_object GL_KHR_texture_compression_astc_ldr ANDROID_EMU_host_side_tracing ANDROID_EMU_gles_max_version_2'}
{'timestamp': 1702276330792, 'level': 'ALL', 'message': '12-11 08:32:10.685 12182 12281 W OpenGLRenderer: Failed to choose config with EGL_SWAP_BEHAVIOR_PRESERVED, retrying without...'}
{'timestamp': 1702276330801, 'level': 'ALL', 'message': '12-11 08:32:10.711 12182 12281 D EGL_emulation: eglCreateContext: 0xed8b3540: maj 2 min 0 rcv 2'}
{'timestamp': 1702276330813, 'level': 'ALL', 'message': '12-11 08:32:10.718 12182 12281 D EGL_emulation: eglMakeCurrent: 0xed8b3540: ver 2 0 (tinfo 0xb63f47b0) (first time)'}
{'timestamp': 1702276330831, 'level': 'ALL', 'message': '12-11 08:32:10.744   320   320 D goldfish-address-space: claimShared: Ask to claim region [0x3f09e4000 0x3f13c8000]'}
{'timestamp': 1702276330837, 'level': 'ALL', 'message': '12-11 08:32:10.751   179   179 I hwservicemanager: getTransport: Cannot find entry android.hardware.graphics.mapper@4.0::IMapper/default in either framework or device manifest.'}
{'timestamp': 1702276330841, 'level': 'ALL', 'message': '12-11 08:32:10.753 12182 12281 I Gralloc4: mapper 4.x is not supported'}
{'timestamp': 1702276330847, 'level': 'ALL', 'message': '12-11 08:32:10.756 12182 12281 D HostConnection: createUnique: call'}
{'timestamp': 1702276330851, 'level': 'ALL', 'message': '12-11 08:32:10.759 12182 12281 D HostConnection: HostConnection::get() New Host Connection established 0xed8b2a50, tid 12281'}
{'timestamp': 1702276330851, 'level': 'ALL', 'message': '12-11 08:32:10.759 12182 12281 D goldfish-address-space: allocate: Ask for block of size 0x100'}
{'timestamp': 1702276330851, 'level': 'ALL', 'message': '12-11 08:32:10.760 12182 12281 D goldfish-address-space: allocate: ioctl allocate returned offset 0x3efffe000 size 0x2000'}
{'timestamp': 1702276330866, 'level': 'ALL', 'message': '12-11 08:32:10.767 12182 12281 D HostConnection: HostComposition ext ANDROID_EMU_CHECKSUM_HELPER_v1 ANDROID_EMU_native_sync_v2 ANDROID_EMU_native_sync_v3 ANDROID_EMU_native_sync_v4 ANDROID_EMU_dma_v1 ANDROID_EMU_direct_mem ANDROID_EMU_vulkan ANDROID_EMU_deferred_vulkan_commands ANDROID_EMU_vulkan_null_optional_strings ANDROID_EMU_vulkan_create_resources_with_requirements ANDROID_EMU_YUV_Cache ANDROID_EMU_vulkan_ignored_handles ANDROID_EMU_has_shared_slots_host_memory_allocator ANDROID_EMU_vulkan_free_memory_sync ANDROID_EMU_vulkan_shader_float16_int8 ANDROID_EMU_vulkan_async_queue_submit ANDROID_EMU_sync_buffer_data ANDROID_EMU_vulkan_async_qsri ANDROID_EMU_read_color_buffer_dma GL_OES_vertex_array_object GL_KHR_texture_compression_astc_ldr ANDROID_EMU_host_side_tracing ANDROID_EMU_gles_max_version_2'}
{'timestamp': 1702276330873, 'level': 'ALL', 'message': '12-11 08:32:10.773   320   320 D goldfish-address-space: claimShared: Ask to claim region [0x3f13c8000 0x3f1dac000]'}
{'timestamp': 1702276330873, 'level': 'ALL', 'message': '12-11 08:32:10.776   320   320 D goldfish-address-space: claimShared: Ask to claim region [0x3f1dac000 0x3f2790000]'}
{'timestamp': 1702276330926, 'level': 'ALL', 'message': '12-11 08:32:10.839 12182 12281 I OpenGLRenderer: Davey! duration=1716ms; Flags=1, IntendedVsync=28196395012395, Vsync=28197911679001, OldestInputEvent=9223372036854775807, NewestInputEvent=0, HandleInputStart=28197923219460, AnimationStart=28197923268260, PerformTraversalsStart=28197924348160, DrawStart=28198049279960, SyncQueued=28198049946360, SyncStart=28198054007260, IssueDrawCommandsStart=28198054131560, SwapBuffers=28198078679460, FrameCompleted=28198115441560, DequeueBufferDuration=940400, QueueBufferDuration=1846400, GpuCompleted=-8103002703213498352,'}
{'timestamp': 1702276330937, 'level': 'ALL', 'message': "12-11 08:32:10.851 31652 31742 D ArtManagerInternalImpl: /data/misc/iorapd/com.ajaxsystems/2334272/com.ajaxsystems.ui.activity.LauncherActivity/compiled_traces/compiled_trace.pb doesn't exist"}
{'timestamp': 1702276330937, 'level': 'ALL', 'message': '12-11 08:32:10.852 31652 31712 D EventSequenceValidator: Transition from ACTIVITY_LAUNCHED to ACTIVITY_FINISHED'}
{'timestamp': 1702276330962, 'level': 'ALL', 'message': '12-11 08:32:10.860 31652 31742 I ActivityTaskManager: Displayed com.ajaxsystems/.ui.activity.LauncherActivity: +2s230ms'}
